[gates_bench] /ocean/projects/cis230065p/ashah12/parallel_benchmarks/miter-cc-benchmarks/hwmcc12/6s117-ands-opt.gates ...
  literals=1880359  NOT=831949  gates=1023568  total_classes=3735876  read=0.064s parse=0.053s build=0.385s
[pe] round=  0 work=  3711014 frontier=  2687255 next=     5626 consolidate=1311.053ms frontier=113.731ms semisort=654.408ms (keyed= 6.179ms group_by=111.843ms per_group=57.587ms)
[pe] round=  1 work=     5626 frontier=    20344 next=     7386 consolidate=  5.327ms frontier=  0.331ms semisort=  7.617ms (keyed= 0.042ms group_by=  1.207ms per_group= 2.711ms)
[pe] round=  2 work=     7386 frontier=    22542 next=     3875 consolidate=  6.504ms frontier=  0.382ms semisort=  6.821ms (keyed= 0.092ms group_by=  1.319ms per_group= 1.543ms)
[pe] round=  3 work=     3875 frontier=     9828 next=     2626 consolidate=  3.468ms frontier=  0.211ms semisort=  3.818ms (keyed= 0.076ms group_by=  0.949ms per_group= 1.044ms)
[pe] round=  4 work=     2626 frontier=     8528 next=     1571 consolidate=  2.200ms frontier=  0.153ms semisort=  2.995ms (keyed= 0.074ms group_by=  0.809ms per_group= 0.636ms)
[pe] round=  5 work=     1571 frontier=     6995 next=      883 consolidate=  1.376ms frontier=  0.092ms semisort=  2.262ms (keyed= 0.076ms group_by=  0.516ms per_group= 0.412ms)
[pe] round=  6 work=      883 frontier=     3242 next=      769 consolidate=  0.729ms frontier=  0.057ms semisort=  1.014ms (keyed= 0.022ms group_by=  0.189ms per_group= 0.320ms)
[pe] round=  7 work=      769 frontier=     2122 next=      294 consolidate=  0.646ms frontier=  0.057ms semisort=  0.719ms (keyed= 0.005ms group_by=  0.192ms per_group= 0.165ms)
[pe] round=  8 work=      294 frontier=      953 next=      178 consolidate=  0.292ms frontier=  0.023ms semisort=  0.319ms (keyed= 0.004ms group_by=  0.051ms per_group= 0.090ms)
[pe] round=  9 work=      178 frontier=      646 next=      128 consolidate=  0.165ms frontier=  0.016ms semisort=  0.260ms (keyed= 0.002ms group_by=  0.049ms per_group= 0.069ms)
[pe] round= 10 work=      128 frontier=      421 next=       84 consolidate=  0.137ms frontier=  0.011ms semisort=  0.155ms (keyed= 0.002ms group_by=  0.020ms per_group= 0.054ms)
[pe] round= 11 work=       84 frontier=      180 next=       83 consolidate=  0.079ms frontier=  0.008ms semisort=  0.098ms (keyed= 0.001ms group_by=  0.009ms per_group= 0.043ms)
[pe] round= 12 work=       83 frontier=      166 next=       15 consolidate=  0.085ms frontier=  0.007ms semisort=  0.043ms (keyed= 0.001ms group_by=  0.009ms per_group= 0.010ms)
[pe] round= 13 work=       15 frontier=       38 next=       16 consolidate=  0.016ms frontier=  0.002ms semisort=  0.020ms (keyed= 0.000ms group_by=  0.003ms per_group= 0.008ms)
[pe] round= 14 work=       16 frontier=       50 next=       17 consolidate=  0.021ms frontier=  0.002ms semisort=  0.024ms (keyed= 0.000ms group_by=  0.003ms per_group= 0.010ms)
[pe] round= 15 work=       17 frontier=       42 next=       15 consolidate=  0.022ms frontier=  0.002ms semisort=  0.021ms (keyed= 0.000ms group_by=  0.004ms per_group= 0.009ms)
[pe] round= 16 work=       15 frontier=       30 next=       13 consolidate=  0.015ms frontier=  0.002ms semisort=  0.014ms (keyed= 0.000ms group_by=  0.002ms per_group= 0.007ms)
[pe] round= 17 work=       13 frontier=       33 next=       12 consolidate=  0.015ms frontier=  0.002ms semisort=  0.017ms (keyed= 0.000ms group_by=  0.002ms per_group= 0.007ms)
[pe] round= 18 work=       12 frontier=       39 next=       13 consolidate=  0.014ms frontier=  0.002ms semisort=  0.019ms (keyed= 0.000ms group_by=  0.002ms per_group= 0.008ms)
[pe] round= 19 work=       13 frontier=       34 next=       14 consolidate=  0.016ms frontier=  0.002ms semisort=  0.016ms (keyed= 0.000ms group_by=  0.002ms per_group= 0.007ms)
[pe] round= 20 work=       14 frontier=       28 next=       10 consolidate=  0.015ms frontier=  0.002ms semisort=  0.016ms (keyed= 0.000ms group_by=  0.002ms per_group= 0.005ms)
[pe] round= 21 work=       10 frontier=       24 next=       10 consolidate=  0.012ms frontier=  0.001ms semisort=  0.012ms (keyed= 0.000ms group_by=  0.001ms per_group= 0.005ms)
[pe] round= 22 work=       10 frontier=       30 next=        9 consolidate=  0.012ms frontier=  0.001ms semisort=  0.013ms (keyed= 0.000ms group_by=  0.002ms per_group= 0.005ms)
[pe] round= 23 work=        9 frontier=       26 next=        7 consolidate=  0.011ms frontier=  0.001ms semisort=  0.011ms (keyed= 0.000ms group_by=  0.002ms per_group= 0.004ms)
[pe] round= 24 work=        7 frontier=       14 next=        5 consolidate=  0.009ms frontier=  0.001ms semisort=  0.008ms (keyed= 0.000ms group_by=  0.001ms per_group= 0.003ms)
[pe] round= 25 work=        5 frontier=       10 next=        4 consolidate=  0.006ms frontier=  0.001ms semisort=  0.006ms (keyed= 0.000ms group_by=  0.001ms per_group= 0.003ms)
[pe] round= 26 work=        4 frontier=       12 next=        4 consolidate=  0.006ms frontier=  0.001ms semisort=  0.007ms (keyed= 0.000ms group_by=  0.001ms per_group= 0.003ms)
[pe] round= 27 work=        4 frontier=       12 next=        2 consolidate=  0.005ms frontier=  0.001ms semisort=  0.006ms (keyed= 0.000ms group_by=  0.001ms per_group= 0.002ms)
[pe] round= 28 work=        2 frontier=        4 next=        1 consolidate=  0.003ms frontier=  0.001ms semisort=  0.003ms (keyed= 0.000ms group_by=  0.000ms per_group= 0.001ms)
[pe] round= 29 work=        1 frontier=        2 next=        0 consolidate=  0.002ms frontier=  0.001ms semisort=  0.002ms (keyed= 0.000ms group_by=  0.000ms per_group= 0.001ms)
[pe-async] round=  0 R=2 dirty=  1816698 runs=  1811072 filter= 36.012ms semisort= 76.271ms
[pe-async] round=  1 R=3 dirty=    20262 runs=    12876 filter= 41.206ms semisort=  3.874ms
[pe-async] round=  2 R=4 dirty=    20549 runs=    16674 filter= 42.004ms semisort=  3.612ms
[pe-async] round=  3 R=5 dirty=     8761 runs=     6135 filter= 40.383ms semisort=  1.777ms
[pe-async] round=  4 R=6 dirty=     8110 runs=     6539 filter= 40.678ms semisort=  1.633ms
[pe-async] round=  5 R=7 dirty=     6655 runs=     5772 filter= 40.207ms semisort=  1.208ms
[pe-async] round=  6 R=8 dirty=     3154 runs=     2381 filter= 40.323ms semisort=  0.631ms
[pe-async] round=  7 R=9 dirty=     1808 runs=     1510 filter= 40.337ms semisort=  0.390ms
[pe-async] round=  8 R=10 dirty=      938 runs=      756 filter= 40.862ms semisort=  0.214ms
[pe-async] round=  9 R=11 dirty=      631 runs=      503 filter= 40.316ms semisort=  0.173ms
[pe-async] round= 10 R=12 dirty=      419 runs=      335 filter= 40.447ms semisort=  0.138ms
[pe-async] round= 11 R=13 dirty=      180 runs=       97 filter= 39.865ms semisort=  0.066ms
[pe-async] round= 12 R=14 dirty=      102 runs=       87 filter= 40.283ms semisort=  0.054ms
[pe-async] round= 13 R=15 dirty=       38 runs=       22 filter= 40.568ms semisort=  0.035ms
[pe-async] round= 14 R=16 dirty=       50 runs=       33 filter= 39.902ms semisort=  0.034ms
[pe-async] round= 15 R=17 dirty=       42 runs=       27 filter= 40.348ms semisort=  0.031ms
[pe-async] round= 16 R=18 dirty=       30 runs=       17 filter= 41.058ms semisort=  0.024ms
[pe-async] round= 17 R=19 dirty=       33 runs=       21 filter= 40.561ms semisort=  0.027ms
[pe-async] round= 18 R=20 dirty=       39 runs=       26 filter= 40.252ms semisort=  0.028ms
[pe-async] round= 19 R=21 dirty=       34 runs=       20 filter= 40.640ms semisort=  0.027ms
[pe-async] round= 20 R=22 dirty=       28 runs=       18 filter= 39.955ms semisort=  0.022ms
[pe-async] round= 21 R=23 dirty=       24 runs=       14 filter= 40.672ms semisort=  0.024ms
[pe-async] round= 22 R=24 dirty=       30 runs=       21 filter= 40.366ms semisort=  0.023ms
[pe-async] round= 23 R=25 dirty=       26 runs=       19 filter= 40.080ms semisort=  0.022ms
[pe-async] round= 24 R=26 dirty=       14 runs=        9 filter= 40.706ms semisort=  0.019ms
[pe-async] round= 25 R=27 dirty=       10 runs=        6 filter= 39.918ms semisort=  0.015ms
[pe-async] round= 26 R=28 dirty=       12 runs=        8 filter= 40.332ms semisort=  0.017ms
[pe-async] round= 27 R=29 dirty=       12 runs=       10 filter= 40.908ms semisort=  0.017ms
[pe-async] round= 28 R=30 dirty=        4 runs=        3 filter= 40.677ms semisort=  0.014ms
[pe-async] round= 29 R=31 dirty=        2 runs=        2 filter= 40.777ms semisort=  0.011ms
[pe-async] round= 30 R=32 dirty=        0 filter= 40.159ms (clean break)
[pe-async-cont] scans=31 empty_scans=1 groups_pushed=1865013 groups_consumed=1865013 unions=23670  total=2397.890ms
