[gates_bench] /ocean/projects/cis230065p/ashah12/parallel_benchmarks/miter-cc-benchmarks/hwmcc12/6s100-ands-opt.gates ...
  literals=3020654  NOT=1304136  gates=1609256  total_classes=5934046  read=0.017s parse=0.044s build=0.393s
[pe] round=  0 work=  5826784 frontier=  4068409 next=    33820 consolidate=1111.777ms frontier= 84.340ms semisort=533.906ms (keyed= 5.788ms group_by= 92.294ms per_group=48.692ms)
[pe] round=  1 work=    33820 frontier=   142268 next=    35127 consolidate= 16.470ms frontier=  1.035ms semisort= 27.629ms (keyed= 0.158ms group_by=  5.598ms per_group= 8.683ms)
[pe] round=  2 work=    35127 frontier=   160306 next=    10264 consolidate= 17.751ms frontier=  1.178ms semisort= 26.377ms (keyed= 0.180ms group_by=  7.247ms per_group= 3.624ms)
[pe] round=  3 work=    10264 frontier=    78745 next=    12764 consolidate=  4.793ms frontier=  0.462ms semisort= 13.974ms (keyed= 0.126ms group_by=  3.538ms per_group= 3.313ms)
[pe] round=  4 work=    12764 frontier=    26479 next=     9486 consolidate=  5.606ms frontier=  0.675ms semisort=  6.808ms (keyed= 0.112ms group_by=  0.935ms per_group= 2.320ms)
[pe] round=  5 work=     9486 frontier=    22670 next=     1523 consolidate=  5.877ms frontier=  0.431ms semisort=  4.615ms (keyed= 0.051ms group_by=  0.994ms per_group= 0.691ms)
[pe] round=  6 work=     1523 frontier=     4832 next=      615 consolidate=  0.891ms frontier=  0.142ms semisort=  1.584ms (keyed= 0.014ms group_by=  0.755ms per_group= 0.245ms)
[pe] round=  7 work=      615 frontier=     1278 next=      150 consolidate=  0.389ms frontier=  0.063ms semisort=  0.462ms (keyed= 0.010ms group_by=  0.089ms per_group= 0.093ms)
[pe] round=  8 work=      150 frontier=      312 next=       95 consolidate=  0.135ms frontier=  0.018ms semisort=  0.162ms (keyed= 0.003ms group_by=  0.020ms per_group= 0.060ms)
[pe] round=  9 work=       95 frontier=      196 next=       86 consolidate=  0.088ms frontier=  0.012ms semisort=  0.136ms (keyed= 0.002ms group_by=  0.009ms per_group= 0.061ms)
[pe] round= 10 work=       86 frontier=      172 next=       67 consolidate=  0.084ms frontier=  0.009ms semisort=  0.108ms (keyed= 0.001ms group_by=  0.008ms per_group= 0.041ms)
[pe] round= 11 work=       67 frontier=      134 next=       64 consolidate=  0.054ms frontier=  0.008ms semisort=  0.081ms (keyed= 0.001ms group_by=  0.011ms per_group= 0.033ms)
[pe] round= 12 work=       64 frontier=      128 next=       64 consolidate=  0.062ms frontier=  0.007ms semisort=  0.076ms (keyed= 0.001ms group_by=  0.009ms per_group= 0.029ms)
[pe] round= 13 work=       64 frontier=      128 next=        0 consolidate=  0.071ms frontier=  0.006ms semisort=  0.057ms (keyed= 0.001ms group_by=  0.011ms per_group= 0.008ms)
[pe-async] round=  0 R=2 dirty=  2810810 runs=  2776990 filter= 22.565ms semisort= 58.346ms
[pe-async] round=  1 R=3 dirty=   139725 runs=   104580 filter= 24.532ms semisort= 11.432ms
[pe-async] round=  2 R=4 dirty=   152510 runs=   142228 filter= 24.281ms semisort= 10.282ms
[pe-async] round=  3 R=5 dirty=    78177 runs=    65413 filter= 25.274ms semisort=  9.472ms
[pe-async] round=  4 R=6 dirty=    25746 runs=    16260 filter= 26.014ms semisort=  3.837ms
[pe-async] round=  5 R=7 dirty=    22631 runs=    21108 filter= 24.605ms semisort=  2.703ms
[pe-async] round=  6 R=8 dirty=     4182 runs=     3567 filter= 25.354ms semisort=  0.638ms
[pe-async] round=  7 R=9 dirty=     1278 runs=     1128 filter= 25.542ms semisort=  0.212ms
[pe-async] round=  8 R=10 dirty=      263 runs=      168 filter= 24.939ms semisort=  0.120ms
[pe-async] round=  9 R=11 dirty=      196 runs=      110 filter= 24.477ms semisort=  0.085ms
[pe-async] round= 10 R=12 dirty=      164 runs=       97 filter= 24.200ms semisort=  0.085ms
[pe-async] round= 11 R=13 dirty=      134 runs=       70 filter= 24.099ms semisort=  0.087ms
[pe-async] round= 12 R=14 dirty=      128 runs=       64 filter= 25.403ms semisort=  0.085ms
[pe-async] round= 13 R=15 dirty=      128 runs=      128 filter= 25.626ms semisort=  0.042ms
[pe-async] round= 14 R=16 dirty=        0 filter= 25.300ms (clean break)
[pe-async-cont] scans=15 empty_scans=1 groups_pushed=3131911 groups_consumed=3131911 unions=104125  total=681.379ms
