[gates_bench] /ocean/projects/cis230065p/ashah12/parallel_benchmarks/miter-cc-benchmarks/hwmcc12/6s125-xits-opt.gates ...
  literals=10520827  NOT=3121730  gates=7799258  total_classes=21441815  read=0.084s parse=0.095s build=1.245s
[pe] round=  0 work= 21060095 frontier= 17188810 next=    66952 consolidate=312.566ms frontier= 68.319ms semisort=473.873ms (keyed= 6.034ms group_by=326.801ms per_group=21.801ms)
[pe] round=  1 work=    66952 frontier=   236713 next=    44745 consolidate=  2.675ms frontier=  0.613ms semisort= 23.014ms (keyed= 0.268ms group_by= 12.915ms per_group= 7.606ms)
[pe] round=  2 work=    44745 frontier=   164309 next=    21511 consolidate=  1.975ms frontier=  0.462ms semisort=  5.429ms (keyed= 0.306ms group_by=  3.010ms per_group= 0.591ms)
[pe] round=  3 work=    21511 frontier=    55292 next=     9070 consolidate=  0.955ms frontier=  0.331ms semisort=  2.404ms (keyed= 0.128ms group_by=  1.190ms per_group= 0.309ms)
[pe] round=  4 work=     9070 frontier=    26069 next=     5125 consolidate=  2.160ms frontier=  0.385ms semisort=  1.207ms (keyed= 0.046ms group_by=  0.442ms per_group= 0.258ms)
[pe] round=  5 work=     5125 frontier=    13654 next=     1635 consolidate=  1.389ms frontier=  0.253ms semisort=  0.827ms (keyed= 0.029ms group_by=  0.308ms per_group= 0.208ms)
[pe] round=  6 work=     1635 frontier=     4484 next=      658 consolidate=  0.541ms frontier=  0.110ms semisort=  1.182ms (keyed= 0.025ms group_by=  0.872ms per_group= 0.141ms)
[pe] round=  7 work=      658 frontier=     1085 next=      225 consolidate=  0.259ms frontier=  0.059ms semisort=  0.364ms (keyed= 0.021ms group_by=  0.189ms per_group= 0.065ms)
[pe] round=  8 work=      225 frontier=      487 next=       87 consolidate=  0.126ms frontier=  0.031ms semisort=  0.196ms (keyed= 0.009ms group_by=  0.086ms per_group= 0.046ms)
[pe] round=  9 work=       87 frontier=      455 next=       42 consolidate=  0.065ms frontier=  0.022ms semisort=  0.185ms (keyed= 0.002ms group_by=  0.071ms per_group= 0.058ms)
[pe] round= 10 work=       42 frontier=      241 next=       15 consolidate=  0.048ms frontier=  0.008ms semisort=  0.121ms (keyed= 0.004ms group_by=  0.029ms per_group= 0.030ms)
[pe] round= 11 work=       15 frontier=       22 next=        7 consolidate=  0.024ms frontier=  0.004ms semisort=  0.032ms (keyed= 0.001ms group_by=  0.002ms per_group= 0.009ms)
[pe] round= 12 work=        7 frontier=       14 next=        0 consolidate=  0.028ms frontier=  0.002ms semisort=  0.018ms (keyed= 0.001ms group_by=  0.001ms per_group= 0.001ms)
[pe-async] round=  0 R=2 dirty= 10440622 runs= 10373670 filter= 18.248ms semisort= 48.634ms
[pe-async] round=  1 R=3 dirty=   230909 runs=   180793 filter= 21.240ms semisort=  2.575ms
[pe-async] round=  2 R=4 dirty=   152316 runs=   124073 filter= 22.851ms semisort=  1.629ms
[pe-async] round=  3 R=5 dirty=    54233 runs=    44681 filter= 22.606ms semisort=  3.162ms
[pe-async] round=  4 R=6 dirty=    24057 runs=    17554 filter= 22.103ms semisort=  1.451ms
[pe-async] round=  5 R=7 dirty=    12955 runs=    11238 filter= 21.876ms semisort=  0.850ms
[pe-async] round=  6 R=8 dirty=     3871 runs=     3204 filter= 22.761ms semisort=  0.365ms
[pe-async] round=  7 R=9 dirty=     1085 runs=      860 filter= 21.886ms semisort=  0.130ms
[pe-async] round=  8 R=10 dirty=      479 runs=      376 filter= 22.233ms semisort=  0.111ms
[pe-async] round=  9 R=11 dirty=      455 runs=      405 filter= 21.619ms semisort=  0.084ms
[pe-async] round= 10 R=12 dirty=      241 runs=      226 filter= 22.113ms semisort=  0.077ms
[pe-async] round= 11 R=13 dirty=       22 runs=       15 filter= 21.821ms semisort=  0.039ms
[pe-async] round= 12 R=14 dirty=       14 runs=       14 filter= 21.761ms semisort=  0.031ms
[pe-async] round= 13 R=15 dirty=        0 filter= 21.998ms (clean break)
[pe-async-cont] scans=14 empty_scans=1 groups_pushed=10757109 groups_consumed=10757109 unions=133491  total=381.356ms
