[bench] running small ...
[pe] round=  0 work=     1720 frontier=    17118 next=     8263 consolidate=  1.615ms frontier=  0.504ms semisort=  7.968ms (keyed= 0.470ms group_by=  4.070ms per_group= 1.283ms)
[pe] round=  1 work=     8263 frontier=        0 next=        0 consolidate=  2.400ms frontier=  0.265ms semisort=  0.000ms (break)
[pe] round=  0 work=     1720 frontier=    17118 next=     8263 consolidate=  1.005ms frontier=  0.435ms semisort=  4.654ms (keyed= 0.028ms group_by=  2.739ms per_group= 0.547ms)
[pe] round=  1 work=     8263 frontier=        0 next=        0 consolidate=  1.914ms frontier=  0.230ms semisort=  0.000ms (break)
[pe] round=  0 work=     1720 frontier=    17118 next=     8263 consolidate=  0.658ms frontier=  0.143ms semisort=  3.474ms (keyed= 0.033ms group_by=  2.083ms per_group= 0.479ms)
[pe] round=  1 work=     8263 frontier=        0 next=        0 consolidate=  1.181ms frontier=  0.230ms semisort=  0.000ms (break)
[pe] round=  0 work=     1720 frontier=    17118 next=     8263 consolidate=  0.439ms frontier=  0.158ms semisort=  3.050ms (keyed= 0.034ms group_by=  1.684ms per_group= 0.474ms)
[pe] round=  1 work=     8263 frontier=        0 next=        0 consolidate=  1.346ms frontier=  0.227ms semisort=  0.000ms (break)
[pe] round=  0 work=     1720 frontier=    17118 next=     8263 consolidate=  0.337ms frontier=  0.115ms semisort=  3.271ms (keyed= 0.026ms group_by=  2.020ms per_group= 0.471ms)
[pe] round=  1 work=     8263 frontier=        0 next=        0 consolidate=  1.155ms frontier=  0.222ms semisort=  0.000ms (break)
[pe] round=  0 work=     1720 frontier=    17118 next=     8263 consolidate=  0.497ms frontier=  0.101ms semisort=  2.279ms (keyed= 0.029ms group_by=  0.928ms per_group= 0.445ms)
[pe] round=  1 work=     8263 frontier=        0 next=        0 consolidate=  1.151ms frontier=  0.233ms semisort=  0.000ms (break)
[bench] running medium ...
[pe] round=  0 work=    17367 frontier=   347448 next=   167261 consolidate=  1.758ms frontier=  1.620ms semisort= 14.068ms (keyed= 1.288ms group_by=  6.925ms per_group= 2.617ms)
[pe] round=  1 work=   167261 frontier=        0 next=        0 consolidate=  3.270ms frontier=  0.872ms semisort=  0.000ms (break)
[pe] round=  0 work=    17367 frontier=   347448 next=   167261 consolidate=  1.099ms frontier=  0.772ms semisort=  6.227ms (keyed= 0.200ms group_by=  3.070ms per_group= 0.931ms)
[pe] round=  1 work=   167261 frontier=        0 next=        0 consolidate=  2.800ms frontier=  0.818ms semisort=  0.000ms (break)
[pe] round=  0 work=    17367 frontier=   347448 next=   167261 consolidate=  1.158ms frontier=  0.368ms semisort=  7.630ms (keyed= 0.192ms group_by=  4.529ms per_group= 0.943ms)
[pe] round=  1 work=   167261 frontier=        0 next=        0 consolidate=  2.590ms frontier=  0.759ms semisort=  0.000ms (break)
[pe] round=  0 work=    17367 frontier=   347448 next=   167261 consolidate=  1.345ms frontier=  0.487ms semisort=  7.469ms (keyed= 0.220ms group_by=  4.342ms per_group= 0.880ms)
[pe] round=  1 work=   167261 frontier=        0 next=        0 consolidate=  2.448ms frontier=  0.694ms semisort=  0.000ms (break)
[pe] round=  0 work=    17367 frontier=   347448 next=   167261 consolidate=  0.947ms frontier=  0.361ms semisort=  5.991ms (keyed= 0.191ms group_by=  3.063ms per_group= 0.865ms)
[pe] round=  1 work=   167261 frontier=        0 next=        0 consolidate=  2.501ms frontier=  0.763ms semisort=  0.000ms (break)
[pe] round=  0 work=    17367 frontier=   347448 next=   167261 consolidate=  0.649ms frontier=  0.481ms semisort=  6.569ms (keyed= 0.193ms group_by=  3.271ms per_group= 1.139ms)
[pe] round=  1 work=   167261 frontier=        0 next=        0 consolidate=  2.487ms frontier=  0.665ms semisort=  0.000ms (break)
[bench] running large ...
[pe] round=  0 work=    86518 frontier=  1730227 next=   796076 consolidate=  1.490ms frontier=  2.556ms semisort= 38.429ms (keyed= 5.041ms group_by= 14.256ms per_group= 7.185ms)
[pe] round=  1 work=   796076 frontier=        0 next=        0 consolidate= 11.906ms frontier=  3.352ms semisort=  0.000ms (break)
[pe] round=  0 work=    86518 frontier=  1730227 next=   796076 consolidate=  1.416ms frontier=  0.600ms semisort= 28.206ms (keyed= 0.849ms group_by= 10.175ms per_group= 7.143ms)
[pe] round=  1 work=   796076 frontier=        0 next=        0 consolidate= 10.693ms frontier=  3.037ms semisort=  0.000ms (break)
[pe] round=  0 work=    86518 frontier=  1730227 next=   796076 consolidate=  2.776ms frontier=  0.625ms semisort= 23.100ms (keyed= 0.814ms group_by=  7.436ms per_group= 5.002ms)
[pe] round=  1 work=   796076 frontier=        0 next=        0 consolidate=  8.972ms frontier=  2.858ms semisort=  0.000ms (break)
[pe] round=  0 work=    86518 frontier=  1730227 next=   796076 consolidate=  1.440ms frontier=  0.584ms semisort= 21.678ms (keyed= 0.806ms group_by=  6.154ms per_group= 5.025ms)
[pe] round=  1 work=   796076 frontier=        0 next=        0 consolidate=  7.926ms frontier=  2.560ms semisort=  0.000ms (break)
[pe] round=  0 work=    86518 frontier=  1730227 next=   796076 consolidate=  1.449ms frontier=  0.558ms semisort= 23.377ms (keyed= 0.816ms group_by=  7.163ms per_group= 5.620ms)
[pe] round=  1 work=   796076 frontier=        0 next=        0 consolidate= 10.904ms frontier=  3.005ms semisort=  0.000ms (break)
[pe] round=  0 work=    86518 frontier=  1730227 next=   796076 consolidate=  1.421ms frontier=  1.838ms semisort= 24.399ms (keyed= 0.806ms group_by=  8.466ms per_group= 5.038ms)
[pe] round=  1 work=   796076 frontier=        0 next=        0 consolidate=  9.541ms frontier=  3.554ms semisort=  0.000ms (break)
[bench] running deep-s ...
[pe] round=  0 work=     1720 frontier=     5755 next=     2604 consolidate=  0.249ms frontier=  0.080ms semisort=  1.022ms (keyed= 0.018ms group_by=  0.587ms per_group= 0.123ms)
[pe] round=  1 work=     2604 frontier=     5230 next=     2069 consolidate=  0.271ms frontier=  0.097ms semisort=  1.391ms (keyed= 0.017ms group_by=  1.100ms per_group= 0.077ms)
[pe] round=  2 work=     2069 frontier=     4086 next=     1248 consolidate=  0.215ms frontier=  0.145ms semisort=  1.056ms (keyed= 0.023ms group_by=  0.806ms per_group= 0.088ms)
[pe] round=  3 work=     1248 frontier=        0 next=        0 consolidate=  0.020ms frontier=  0.093ms semisort=  0.000ms (break)
[pe] round=  0 work=     1720 frontier=     5755 next=     2604 consolidate=  0.215ms frontier=  0.064ms semisort=  0.959ms (keyed= 0.019ms group_by=  0.565ms per_group= 0.113ms)
[pe] round=  1 work=     2604 frontier=     5230 next=     2069 consolidate=  0.565ms frontier=  0.097ms semisort=  1.491ms (keyed= 0.017ms group_by=  1.196ms per_group= 0.077ms)
[pe] round=  2 work=     2069 frontier=     4086 next=     1248 consolidate=  0.217ms frontier=  0.138ms semisort=  1.055ms (keyed= 0.018ms group_by=  0.819ms per_group= 0.081ms)
[pe] round=  3 work=     1248 frontier=        0 next=        0 consolidate=  0.021ms frontier=  0.115ms semisort=  0.000ms (break)
[pe] round=  0 work=     1720 frontier=     5755 next=     2604 consolidate=  0.261ms frontier=  0.073ms semisort=  0.965ms (keyed= 0.016ms group_by=  0.542ms per_group= 0.134ms)
[pe] round=  1 work=     2604 frontier=     5230 next=     2069 consolidate=  0.293ms frontier=  0.099ms semisort=  1.494ms (keyed= 0.017ms group_by=  1.194ms per_group= 0.083ms)
[pe] round=  2 work=     2069 frontier=     4086 next=     1248 consolidate=  0.212ms frontier=  0.150ms semisort=  1.052ms (keyed= 0.018ms group_by=  0.800ms per_group= 0.095ms)
[pe] round=  3 work=     1248 frontier=        0 next=        0 consolidate=  0.021ms frontier=  0.117ms semisort=  0.000ms (break)
[pe] round=  0 work=     1720 frontier=     5755 next=     2604 consolidate=  0.286ms frontier=  0.082ms semisort=  0.949ms (keyed= 0.020ms group_by=  0.549ms per_group= 0.103ms)
[pe] round=  1 work=     2604 frontier=     5230 next=     2069 consolidate=  0.302ms frontier=  0.098ms semisort=  1.466ms (keyed= 0.019ms group_by=  1.172ms per_group= 0.078ms)
[pe] round=  2 work=     2069 frontier=     4086 next=     1248 consolidate=  0.223ms frontier=  0.148ms semisort=  1.058ms (keyed= 0.015ms group_by=  0.819ms per_group= 0.087ms)
[pe] round=  3 work=     1248 frontier=        0 next=        0 consolidate=  0.020ms frontier=  0.109ms semisort=  0.000ms (break)
[pe] round=  0 work=     1720 frontier=     5755 next=     2604 consolidate=  0.230ms frontier=  0.063ms semisort=  0.944ms (keyed= 0.017ms group_by=  0.522ms per_group= 0.133ms)
[pe] round=  1 work=     2604 frontier=     5230 next=     2069 consolidate=  0.524ms frontier=  0.103ms semisort=  1.561ms (keyed= 0.016ms group_by=  1.257ms per_group= 0.090ms)
[pe] round=  2 work=     2069 frontier=     4086 next=     1248 consolidate=  0.219ms frontier=  0.142ms semisort=  1.065ms (keyed= 0.017ms group_by=  0.837ms per_group= 0.069ms)
[pe] round=  3 work=     1248 frontier=        0 next=        0 consolidate=  0.023ms frontier=  0.109ms semisort=  0.000ms (break)
[pe] round=  0 work=     1720 frontier=     5755 next=     2604 consolidate=  0.223ms frontier=  0.091ms semisort=  0.974ms (keyed= 0.022ms group_by=  0.517ms per_group= 0.132ms)
[pe] round=  1 work=     2604 frontier=     5230 next=     2069 consolidate=  0.516ms frontier=  0.105ms semisort=  1.472ms (keyed= 0.016ms group_by=  1.173ms per_group= 0.087ms)
[pe] round=  2 work=     2069 frontier=     4086 next=     1248 consolidate=  0.224ms frontier=  0.148ms semisort=  1.094ms (keyed= 0.018ms group_by=  0.860ms per_group= 0.076ms)
[pe] round=  3 work=     1248 frontier=        0 next=        0 consolidate=  0.027ms frontier=  0.115ms semisort=  0.000ms (break)
[bench] running deep-m ...
[pe] round=  0 work=    17367 frontier=   115794 next=    52552 consolidate=  0.740ms frontier=  0.424ms semisort=  3.267ms (keyed= 0.113ms group_by=  1.963ms per_group= 0.451ms)
[pe] round=  1 work=    52552 frontier=   105185 next=    41527 consolidate=  1.149ms frontier=  0.457ms semisort=  2.982ms (keyed= 0.070ms group_by=  1.917ms per_group= 0.315ms)
[pe] round=  2 work=    41527 frontier=    83194 next=    25906 consolidate=  0.715ms frontier=  0.435ms semisort=  2.706ms (keyed= 0.060ms group_by=  1.799ms per_group= 0.273ms)
[pe] round=  3 work=    25906 frontier=        0 next=        0 consolidate=  0.062ms frontier=  0.398ms semisort=  0.000ms (break)
[pe] round=  0 work=    17367 frontier=   115794 next=    52552 consolidate=  1.046ms frontier=  0.342ms semisort=  3.672ms (keyed= 0.074ms group_by=  2.442ms per_group= 0.435ms)
[pe] round=  1 work=    52552 frontier=   105185 next=    41527 consolidate=  0.871ms frontier=  0.338ms semisort=  2.784ms (keyed= 0.070ms group_by=  1.729ms per_group= 0.304ms)
[pe] round=  2 work=    41527 frontier=    83194 next=    25906 consolidate=  0.711ms frontier=  0.430ms semisort=  2.676ms (keyed= 0.061ms group_by=  1.716ms per_group= 0.342ms)
[pe] round=  3 work=    25906 frontier=        0 next=        0 consolidate=  0.069ms frontier=  0.363ms semisort=  0.000ms (break)
[pe] round=  0 work=    17367 frontier=   115794 next=    52552 consolidate=  0.785ms frontier=  0.362ms semisort=  2.638ms (keyed= 0.078ms group_by=  1.477ms per_group= 0.404ms)
[pe] round=  1 work=    52552 frontier=   105185 next=    41527 consolidate=  0.975ms frontier=  0.354ms semisort=  2.784ms (keyed= 0.067ms group_by=  1.761ms per_group= 0.290ms)
[pe] round=  2 work=    41527 frontier=    83194 next=    25906 consolidate=  0.680ms frontier=  0.401ms semisort=  2.777ms (keyed= 0.058ms group_by=  1.892ms per_group= 0.271ms)
[pe] round=  3 work=    25906 frontier=        0 next=        0 consolidate=  0.067ms frontier=  0.383ms semisort=  0.000ms (break)
[pe] round=  0 work=    17367 frontier=   115794 next=    52552 consolidate=  0.641ms frontier=  0.387ms semisort=  2.752ms (keyed= 0.070ms group_by=  1.613ms per_group= 0.381ms)
[pe] round=  1 work=    52552 frontier=   105185 next=    41527 consolidate=  1.152ms frontier=  0.401ms semisort=  2.734ms (keyed= 0.068ms group_by=  1.732ms per_group= 0.279ms)
[pe] round=  2 work=    41527 frontier=    83194 next=    25906 consolidate=  0.778ms frontier=  0.411ms semisort=  2.733ms (keyed= 0.058ms group_by=  1.867ms per_group= 0.259ms)
[pe] round=  3 work=    25906 frontier=        0 next=        0 consolidate=  0.071ms frontier=  0.382ms semisort=  0.000ms (break)
[pe] round=  0 work=    17367 frontier=   115794 next=    52552 consolidate=  0.688ms frontier=  0.373ms semisort=  2.629ms (keyed= 0.074ms group_by=  1.486ms per_group= 0.374ms)
[pe] round=  1 work=    52552 frontier=   105185 next=    41527 consolidate=  1.113ms frontier=  0.378ms semisort=  3.931ms (keyed= 0.068ms group_by=  2.915ms per_group= 0.290ms)
[pe] round=  2 work=    41527 frontier=    83194 next=    25906 consolidate=  0.731ms frontier=  0.432ms semisort=  2.690ms (keyed= 0.056ms group_by=  1.775ms per_group= 0.271ms)
[pe] round=  3 work=    25906 frontier=        0 next=        0 consolidate=  0.059ms frontier=  0.388ms semisort=  0.000ms (break)
[pe] round=  0 work=    17367 frontier=   115794 next=    52552 consolidate=  0.816ms frontier=  0.345ms semisort=  2.741ms (keyed= 0.075ms group_by=  1.570ms per_group= 0.400ms)
[pe] round=  1 work=    52552 frontier=   105185 next=    41527 consolidate=  1.008ms frontier=  0.396ms semisort=  2.681ms (keyed= 0.066ms group_by=  1.679ms per_group= 0.297ms)
[pe] round=  2 work=    41527 frontier=    83194 next=    25906 consolidate=  0.697ms frontier=  0.421ms semisort=  2.694ms (keyed= 0.062ms group_by=  1.826ms per_group= 0.250ms)
[pe] round=  3 work=    25906 frontier=        0 next=        0 consolidate=  0.057ms frontier=  0.376ms semisort=  0.000ms (break)
[bench] running deep-l ...
[pe] round=  0 work=    86518 frontier=   576676 next=   255181 consolidate=  1.369ms frontier=  0.396ms semisort= 10.155ms (keyed= 0.336ms group_by=  5.309ms per_group= 1.177ms)
[pe] round=  1 work=   255181 frontier=   510231 next=   195268 consolidate=  3.414ms frontier=  1.101ms semisort= 10.009ms (keyed= 0.353ms group_by=  5.586ms per_group= 1.127ms)
[pe] round=  2 work=   195268 frontier=   390548 next=   114534 consolidate=  2.414ms frontier=  1.486ms semisort=  8.580ms (keyed= 0.234ms group_by=  4.845ms per_group= 0.949ms)
[pe] round=  3 work=   114534 frontier=        0 next=        0 consolidate=  0.092ms frontier=  1.169ms semisort=  0.000ms (break)
[pe] round=  0 work=    86518 frontier=   576676 next=   255181 consolidate=  1.329ms frontier=  0.405ms semisort=  8.393ms (keyed= 0.349ms group_by=  3.516ms per_group= 1.220ms)
[pe] round=  1 work=   255181 frontier=   510231 next=   195268 consolidate=  3.495ms frontier=  1.168ms semisort=  9.313ms (keyed= 0.331ms group_by=  4.947ms per_group= 1.165ms)
[pe] round=  2 work=   195268 frontier=   390548 next=   114534 consolidate=  2.565ms frontier=  1.509ms semisort=  8.972ms (keyed= 0.221ms group_by=  5.119ms per_group= 0.932ms)
[pe] round=  3 work=   114534 frontier=        0 next=        0 consolidate=  0.096ms frontier=  1.039ms semisort=  0.000ms (break)
[pe] round=  0 work=    86518 frontier=   576676 next=   255181 consolidate=  1.373ms frontier=  0.428ms semisort=  9.963ms (keyed= 0.352ms group_by=  3.937ms per_group= 1.280ms)
[pe] round=  1 work=   255181 frontier=   510231 next=   195268 consolidate=  3.053ms frontier=  1.144ms semisort=  7.489ms (keyed= 0.300ms group_by=  3.354ms per_group= 1.132ms)
[pe] round=  2 work=   195268 frontier=   390548 next=   114534 consolidate=  2.340ms frontier=  1.353ms semisort=  8.355ms (keyed= 0.236ms group_by=  4.855ms per_group= 0.867ms)
[pe] round=  3 work=   114534 frontier=        0 next=        0 consolidate=  0.084ms frontier=  1.115ms semisort=  0.000ms (break)
[pe] round=  0 work=    86518 frontier=   576676 next=   255181 consolidate=  1.316ms frontier=  0.383ms semisort=  7.737ms (keyed= 0.334ms group_by=  3.024ms per_group= 1.167ms)
[pe] round=  1 work=   255181 frontier=   510231 next=   195268 consolidate=  3.415ms frontier=  1.116ms semisort=  7.178ms (keyed= 0.285ms group_by=  3.153ms per_group= 1.055ms)
[pe] round=  2 work=   195268 frontier=   390548 next=   114534 consolidate=  2.295ms frontier=  1.386ms semisort=  8.345ms (keyed= 0.229ms group_by=  4.847ms per_group= 0.864ms)
[pe] round=  3 work=   114534 frontier=        0 next=        0 consolidate=  0.094ms frontier=  0.973ms semisort=  0.000ms (break)
[pe] round=  0 work=    86518 frontier=   576676 next=   255181 consolidate=  2.589ms frontier=  0.369ms semisort=  7.464ms (keyed= 0.348ms group_by=  2.727ms per_group= 1.173ms)
[pe] round=  1 work=   255181 frontier=   510231 next=   195268 consolidate=  3.140ms frontier=  1.222ms semisort=  7.242ms (keyed= 0.298ms group_by=  3.117ms per_group= 1.058ms)
[pe] round=  2 work=   195268 frontier=   390548 next=   114534 consolidate=  2.357ms frontier=  1.364ms semisort=  8.312ms (keyed= 0.228ms group_by=  4.875ms per_group= 0.871ms)
[pe] round=  3 work=   114534 frontier=        0 next=        0 consolidate=  0.083ms frontier=  0.950ms semisort=  0.000ms (break)
[pe] round=  0 work=    86518 frontier=   576676 next=   255181 consolidate=  1.275ms frontier=  0.382ms semisort=  8.545ms (keyed= 0.343ms group_by=  3.875ms per_group= 1.132ms)
[pe] round=  1 work=   255181 frontier=   510231 next=   195268 consolidate=  3.043ms frontier=  1.111ms semisort=  7.467ms (keyed= 0.293ms group_by=  3.422ms per_group= 1.047ms)
[pe] round=  2 work=   195268 frontier=   390548 next=   114534 consolidate=  2.314ms frontier=  1.389ms semisort=  8.252ms (keyed= 0.228ms group_by=  4.804ms per_group= 0.864ms)
[pe] round=  3 work=   114534 frontier=        0 next=        0 consolidate=  0.085ms frontier=  0.949ms semisort=  0.000ms (break)
