[synthetic_bench] cube n=55 d=2 classes=665608 merges=55 ...
[pe] round=  0 work=      110 frontier=   998250 next=   332750 consolidate=  1.622ms frontier=  1.258ms semisort= 24.311ms (keyed= 0.000ms group_by=  8.620ms per_group= 6.284ms)
[pe] round=  1 work=   332750 frontier=   332750 next=   131072 consolidate= 23.449ms frontier=  5.728ms semisort= 14.118ms (keyed= 0.000ms group_by=  3.960ms per_group= 2.430ms)
[pe] round=  2 work=   131072 frontier=   131072 next=    70606 consolidate=  9.318ms frontier=  2.375ms semisort=  6.224ms (keyed= 0.000ms group_by=  1.731ms per_group= 1.560ms)
[pe] round=  3 work=    70606 frontier=    70606 next=    65536 consolidate=  5.595ms frontier=  1.256ms semisort=  6.196ms (keyed= 0.000ms group_by=  3.341ms per_group= 1.274ms)
[pe] round=  4 work=    65536 frontier=    65536 next=    32768 consolidate=  5.184ms frontier=  1.144ms semisort=  5.186ms (keyed= 0.000ms group_by=  3.230ms per_group= 0.673ms)
[pe] round=  5 work=    32768 frontier=    32768 next=    16384 consolidate=  2.646ms frontier=  0.635ms semisort=  2.872ms (keyed= 0.000ms group_by=  1.744ms per_group= 0.392ms)
[pe] round=  6 work=    16384 frontier=    16384 next=     8192 consolidate=  2.867ms frontier=  0.393ms semisort=  1.571ms (keyed= 0.000ms group_by=  0.904ms per_group= 0.237ms)
[pe] round=  7 work=     8192 frontier=     8192 next=     4096 consolidate=  1.492ms frontier=  0.350ms semisort=  1.036ms (keyed= 0.000ms group_by=  0.537ms per_group= 0.133ms)
[pe] round=  8 work=     4096 frontier=     4096 next=     2048 consolidate=  0.947ms frontier=  0.189ms semisort=  0.531ms (keyed= 0.000ms group_by=  0.228ms per_group= 0.083ms)
[pe] round=  9 work=     2048 frontier=     2048 next=     1024 consolidate=  0.404ms frontier=  0.151ms semisort=  0.305ms (keyed= 0.000ms group_by=  0.120ms per_group= 0.056ms)
[pe] round= 10 work=     1024 frontier=     1024 next=      512 consolidate=  0.253ms frontier=  0.087ms semisort=  0.208ms (keyed= 0.000ms group_by=  0.069ms per_group= 0.047ms)
[pe] round= 11 work=      512 frontier=      512 next=      256 consolidate=  0.114ms frontier=  0.052ms semisort=  0.124ms (keyed= 0.000ms group_by=  0.038ms per_group= 0.031ms)
[pe] round= 12 work=      256 frontier=      256 next=      128 consolidate=  0.077ms frontier=  0.031ms semisort=  0.079ms (keyed= 0.000ms group_by=  0.024ms per_group= 0.020ms)
[pe] round= 13 work=      128 frontier=      128 next=       64 consolidate=  0.047ms frontier=  0.027ms semisort=  0.054ms (keyed= 0.000ms group_by=  0.015ms per_group= 0.015ms)
[pe] round= 14 work=       64 frontier=       64 next=       32 consolidate=  0.034ms frontier=  0.014ms semisort=  0.040ms (keyed= 0.000ms group_by=  0.009ms per_group= 0.011ms)
[pe] round= 15 work=       32 frontier=       32 next=       16 consolidate=  0.022ms frontier=  0.007ms semisort=  0.019ms (keyed= 0.000ms group_by=  0.006ms per_group= 0.004ms)
[pe] round= 16 work=       16 frontier=       16 next=        8 consolidate=  0.015ms frontier=  0.005ms semisort=  0.009ms (keyed= 0.000ms group_by=  0.004ms per_group= 0.002ms)
[pe] round= 17 work=        8 frontier=        8 next=        4 consolidate=  0.010ms frontier=  0.003ms semisort=  0.007ms (keyed= 0.000ms group_by=  0.004ms per_group= 0.001ms)
[pe] round= 18 work=        4 frontier=        4 next=        2 consolidate=  0.003ms frontier=  0.001ms semisort=  0.005ms (keyed= 0.000ms group_by=  0.003ms per_group= 0.001ms)
[pe] round= 19 work=        2 frontier=        0 next=        0 consolidate=  0.002ms frontier=  0.001ms semisort=  0.000ms (break)
[pe] round=  0 work=      110 frontier=   998250 next=   332750 consolidate=  0.207ms frontier=  0.285ms semisort= 24.242ms (keyed= 0.000ms group_by=  6.808ms per_group= 5.786ms)
[pe] round=  1 work=   332750 frontier=   332750 next=   131072 consolidate= 25.166ms frontier=  5.590ms semisort= 12.375ms (keyed= 0.000ms group_by=  3.050ms per_group= 2.421ms)
[pe] round=  2 work=   131072 frontier=   131072 next=    70606 consolidate=  9.696ms frontier=  2.305ms semisort=  6.529ms (keyed= 0.000ms group_by=  1.631ms per_group= 1.931ms)
[pe] round=  3 work=    70606 frontier=    70606 next=    65536 consolidate=  6.002ms frontier=  1.387ms semisort=  6.576ms (keyed= 0.000ms group_by=  3.470ms per_group= 1.363ms)
[pe] round=  4 work=    65536 frontier=    65536 next=    32768 consolidate=  5.543ms frontier=  1.697ms semisort=  5.432ms (keyed= 0.000ms group_by=  3.364ms per_group= 0.716ms)
[pe] round=  5 work=    32768 frontier=    32768 next=    16384 consolidate=  2.964ms frontier=  0.724ms semisort=  2.963ms (keyed= 0.000ms group_by=  1.760ms per_group= 0.425ms)
[pe] round=  6 work=    16384 frontier=    16384 next=     8192 consolidate=  2.830ms frontier=  0.434ms semisort=  1.654ms (keyed= 0.000ms group_by=  0.917ms per_group= 0.275ms)
[pe] round=  7 work=     8192 frontier=     8192 next=     4096 consolidate=  1.559ms frontier=  0.372ms semisort=  1.013ms (keyed= 0.000ms group_by=  0.484ms per_group= 0.142ms)
[pe] round=  8 work=     4096 frontier=     4096 next=     2048 consolidate=  1.020ms frontier=  0.217ms semisort=  0.587ms (keyed= 0.000ms group_by=  0.255ms per_group= 0.097ms)
[pe] round=  9 work=     2048 frontier=     2048 next=     1024 consolidate=  0.474ms frontier=  0.142ms semisort=  0.336ms (keyed= 0.000ms group_by=  0.125ms per_group= 0.061ms)
[pe] round= 10 work=     1024 frontier=     1024 next=      512 consolidate=  0.252ms frontier=  0.091ms semisort=  0.226ms (keyed= 0.000ms group_by=  0.070ms per_group= 0.053ms)
[pe] round= 11 work=      512 frontier=      512 next=      256 consolidate=  0.114ms frontier=  0.058ms semisort=  0.133ms (keyed= 0.000ms group_by=  0.041ms per_group= 0.035ms)
[pe] round= 12 work=      256 frontier=      256 next=      128 consolidate=  0.081ms frontier=  0.040ms semisort=  0.092ms (keyed= 0.000ms group_by=  0.027ms per_group= 0.026ms)
[pe] round= 13 work=      128 frontier=      128 next=       64 consolidate=  0.052ms frontier=  0.029ms semisort=  0.059ms (keyed= 0.000ms group_by=  0.016ms per_group= 0.017ms)
[pe] round= 14 work=       64 frontier=       64 next=       32 consolidate=  0.038ms frontier=  0.018ms semisort=  0.044ms (keyed= 0.000ms group_by=  0.008ms per_group= 0.016ms)
[pe] round= 15 work=       32 frontier=       32 next=       16 consolidate=  0.023ms frontier=  0.010ms semisort=  0.022ms (keyed= 0.000ms group_by=  0.005ms per_group= 0.005ms)
[pe] round= 16 work=       16 frontier=       16 next=        8 consolidate=  0.015ms frontier=  0.005ms semisort=  0.009ms (keyed= 0.000ms group_by=  0.004ms per_group= 0.002ms)
[pe] round= 17 work=        8 frontier=        8 next=        4 consolidate=  0.011ms frontier=  0.003ms semisort=  0.006ms (keyed= 0.000ms group_by=  0.003ms per_group= 0.001ms)
[pe] round= 18 work=        4 frontier=        4 next=        2 consolidate=  0.004ms frontier=  0.001ms semisort=  0.005ms (keyed= 0.000ms group_by=  0.003ms per_group= 0.001ms)
[pe] round= 19 work=        2 frontier=        0 next=        0 consolidate=  0.002ms frontier=  0.001ms semisort=  0.000ms (break)
[pe] round=  0 work=      110 frontier=   998250 next=   332750 consolidate=  0.227ms frontier=  0.290ms semisort= 24.269ms (keyed= 0.000ms group_by=  6.299ms per_group= 5.829ms)
[pe] round=  1 work=   332750 frontier=   332750 next=   131072 consolidate= 25.231ms frontier=  5.463ms semisort= 12.216ms (keyed= 0.000ms group_by=  3.007ms per_group= 2.489ms)
[pe] round=  2 work=   131072 frontier=   131072 next=    70606 consolidate=  9.566ms frontier=  2.215ms semisort=  6.547ms (keyed= 0.000ms group_by=  1.614ms per_group= 1.725ms)
[pe] round=  3 work=    70606 frontier=    70606 next=    65536 consolidate=  5.822ms frontier=  1.385ms semisort=  6.632ms (keyed= 0.000ms group_by=  3.608ms per_group= 1.334ms)
[pe] round=  4 work=    65536 frontier=    65536 next=    32768 consolidate=  5.713ms frontier=  1.489ms semisort=  5.427ms (keyed= 0.000ms group_by=  3.358ms per_group= 0.705ms)
[pe] round=  5 work=    32768 frontier=    32768 next=    16384 consolidate=  2.809ms frontier=  0.681ms semisort=  3.085ms (keyed= 0.000ms group_by=  1.861ms per_group= 0.429ms)
[pe] round=  6 work=    16384 frontier=    16384 next=     8192 consolidate=  2.833ms frontier=  0.438ms semisort=  1.691ms (keyed= 0.000ms group_by=  0.960ms per_group= 0.258ms)
[pe] round=  7 work=     8192 frontier=     8192 next=     4096 consolidate=  1.747ms frontier=  0.374ms semisort=  0.989ms (keyed= 0.000ms group_by=  0.444ms per_group= 0.151ms)
[pe] round=  8 work=     4096 frontier=     4096 next=     2048 consolidate=  0.878ms frontier=  0.193ms semisort=  0.567ms (keyed= 0.000ms group_by=  0.230ms per_group= 0.101ms)
[pe] round=  9 work=     2048 frontier=     2048 next=     1024 consolidate=  0.420ms frontier=  0.157ms semisort=  0.327ms (keyed= 0.000ms group_by=  0.121ms per_group= 0.069ms)
[pe] round= 10 work=     1024 frontier=     1024 next=      512 consolidate=  0.253ms frontier=  0.078ms semisort=  0.242ms (keyed= 0.000ms group_by=  0.102ms per_group= 0.047ms)
[pe] round= 11 work=      512 frontier=      512 next=      256 consolidate=  0.140ms frontier=  0.057ms semisort=  0.143ms (keyed= 0.000ms group_by=  0.047ms per_group= 0.031ms)
[pe] round= 12 work=      256 frontier=      256 next=      128 consolidate=  0.078ms frontier=  0.039ms semisort=  0.093ms (keyed= 0.000ms group_by=  0.027ms per_group= 0.025ms)
[pe] round= 13 work=      128 frontier=      128 next=       64 consolidate=  0.052ms frontier=  0.028ms semisort=  0.060ms (keyed= 0.000ms group_by=  0.016ms per_group= 0.016ms)
[pe] round= 14 work=       64 frontier=       64 next=       32 consolidate=  0.037ms frontier=  0.019ms semisort=  0.041ms (keyed= 0.000ms group_by=  0.008ms per_group= 0.015ms)
[pe] round= 15 work=       32 frontier=       32 next=       16 consolidate=  0.022ms frontier=  0.011ms semisort=  0.022ms (keyed= 0.000ms group_by=  0.006ms per_group= 0.005ms)
[pe] round= 16 work=       16 frontier=       16 next=        8 consolidate=  0.021ms frontier=  0.005ms semisort=  0.009ms (keyed= 0.000ms group_by=  0.004ms per_group= 0.002ms)
[pe] round= 17 work=        8 frontier=        8 next=        4 consolidate=  0.012ms frontier=  0.003ms semisort=  0.006ms (keyed= 0.000ms group_by=  0.003ms per_group= 0.001ms)
[pe] round= 18 work=        4 frontier=        4 next=        2 consolidate=  0.003ms frontier=  0.001ms semisort=  0.005ms (keyed= 0.000ms group_by=  0.003ms per_group= 0.001ms)
[pe] round= 19 work=        2 frontier=        0 next=        0 consolidate=  0.002ms frontier=  0.001ms semisort=  0.000ms (break)
[pe] round=  0 work=      110 frontier=   998250 next=   332750 consolidate=  0.206ms frontier=  0.404ms semisort= 24.816ms (keyed= 0.000ms group_by=  6.571ms per_group= 5.837ms)
[pe] round=  1 work=   332750 frontier=   332750 next=   131072 consolidate= 25.510ms frontier=  5.890ms semisort= 11.989ms (keyed= 0.000ms group_by=  3.056ms per_group= 2.479ms)
[pe] round=  2 work=   131072 frontier=   131072 next=    70606 consolidate=  9.649ms frontier=  2.377ms semisort=  6.525ms (keyed= 0.000ms group_by=  1.543ms per_group= 1.742ms)
[pe] round=  3 work=    70606 frontier=    70606 next=    65536 consolidate=  5.798ms frontier=  1.400ms semisort=  6.822ms (keyed= 0.000ms group_by=  3.576ms per_group= 1.342ms)
[pe] round=  4 work=    65536 frontier=    65536 next=    32768 consolidate=  5.644ms frontier=  1.278ms semisort=  5.489ms (keyed= 0.000ms group_by=  3.396ms per_group= 0.716ms)
[pe] round=  5 work=    32768 frontier=    32768 next=    16384 consolidate=  2.808ms frontier=  0.696ms semisort=  3.006ms (keyed= 0.000ms group_by=  1.795ms per_group= 0.427ms)
[pe] round=  6 work=    16384 frontier=    16384 next=     8192 consolidate=  2.994ms frontier=  0.440ms semisort=  1.583ms (keyed= 0.000ms group_by=  0.826ms per_group= 0.256ms)
[pe] round=  7 work=     8192 frontier=     8192 next=     4096 consolidate=  1.530ms frontier=  0.373ms semisort=  1.009ms (keyed= 0.000ms group_by=  0.454ms per_group= 0.152ms)
[pe] round=  8 work=     4096 frontier=     4096 next=     2048 consolidate=  0.829ms frontier=  0.203ms semisort=  0.559ms (keyed= 0.000ms group_by=  0.231ms per_group= 0.095ms)
[pe] round=  9 work=     2048 frontier=     2048 next=     1024 consolidate=  0.481ms frontier=  0.149ms semisort=  0.340ms (keyed= 0.000ms group_by=  0.122ms per_group= 0.063ms)
[pe] round= 10 work=     1024 frontier=     1024 next=      512 consolidate=  0.241ms frontier=  0.094ms semisort=  0.212ms (keyed= 0.000ms group_by=  0.071ms per_group= 0.052ms)
[pe] round= 11 work=      512 frontier=      512 next=      256 consolidate=  0.119ms frontier=  0.057ms semisort=  0.129ms (keyed= 0.000ms group_by=  0.041ms per_group= 0.028ms)
[pe] round= 12 work=      256 frontier=      256 next=      128 consolidate=  0.084ms frontier=  0.038ms semisort=  0.102ms (keyed= 0.000ms group_by=  0.027ms per_group= 0.027ms)
[pe] round= 13 work=      128 frontier=      128 next=       64 consolidate=  0.057ms frontier=  0.028ms semisort=  0.064ms (keyed= 0.000ms group_by=  0.020ms per_group= 0.017ms)
[pe] round= 14 work=       64 frontier=       64 next=       32 consolidate=  0.037ms frontier=  0.018ms semisort=  0.043ms (keyed= 0.000ms group_by=  0.009ms per_group= 0.015ms)
[pe] round= 15 work=       32 frontier=       32 next=       16 consolidate=  0.022ms frontier=  0.010ms semisort=  0.016ms (keyed= 0.000ms group_by=  0.005ms per_group= 0.004ms)
[pe] round= 16 work=       16 frontier=       16 next=        8 consolidate=  0.016ms frontier=  0.005ms semisort=  0.009ms (keyed= 0.000ms group_by=  0.004ms per_group= 0.002ms)
[pe] round= 17 work=        8 frontier=        8 next=        4 consolidate=  0.013ms frontier=  0.003ms semisort=  0.006ms (keyed= 0.000ms group_by=  0.003ms per_group= 0.001ms)
[pe] round= 18 work=        4 frontier=        4 next=        2 consolidate=  0.004ms frontier=  0.001ms semisort=  0.005ms (keyed= 0.000ms group_by=  0.003ms per_group= 0.001ms)
[pe] round= 19 work=        2 frontier=        0 next=        0 consolidate=  0.002ms frontier=  0.001ms semisort=  0.000ms (break)
[pe] round=  0 work=      110 frontier=   998250 next=   332750 consolidate=  0.212ms frontier=  0.281ms semisort= 24.496ms (keyed= 0.000ms group_by=  6.478ms per_group= 5.789ms)
[pe] round=  1 work=   332750 frontier=   332750 next=   131072 consolidate= 23.989ms frontier=  5.537ms semisort= 12.553ms (keyed= 0.000ms group_by=  2.905ms per_group= 2.497ms)
[pe] round=  2 work=   131072 frontier=   131072 next=    70606 consolidate=  9.537ms frontier=  2.340ms semisort=  6.499ms (keyed= 0.000ms group_by=  1.532ms per_group= 1.741ms)
[pe] round=  3 work=    70606 frontier=    70606 next=    65536 consolidate=  5.868ms frontier=  1.357ms semisort=  6.522ms (keyed= 0.000ms group_by=  3.476ms per_group= 1.327ms)
[pe] round=  4 work=    65536 frontier=    65536 next=    32768 consolidate=  5.704ms frontier=  1.490ms semisort=  5.388ms (keyed= 0.000ms group_by=  3.288ms per_group= 0.721ms)
[pe] round=  5 work=    32768 frontier=    32768 next=    16384 consolidate=  2.860ms frontier=  0.696ms semisort=  2.895ms (keyed= 0.000ms group_by=  1.667ms per_group= 0.432ms)
[pe] round=  6 work=    16384 frontier=    16384 next=     8192 consolidate=  2.916ms frontier=  0.418ms semisort=  1.795ms (keyed= 0.000ms group_by=  1.058ms per_group= 0.259ms)
[pe] round=  7 work=     8192 frontier=     8192 next=     4096 consolidate=  1.854ms frontier=  0.372ms semisort=  1.006ms (keyed= 0.000ms group_by=  0.455ms per_group= 0.151ms)
[pe] round=  8 work=     4096 frontier=     4096 next=     2048 consolidate=  0.823ms frontier=  0.184ms semisort=  0.569ms (keyed= 0.000ms group_by=  0.237ms per_group= 0.096ms)
[pe] round=  9 work=     2048 frontier=     2048 next=     1024 consolidate=  0.500ms frontier=  0.158ms semisort=  0.339ms (keyed= 0.000ms group_by=  0.125ms per_group= 0.064ms)
[pe] round= 10 work=     1024 frontier=     1024 next=      512 consolidate=  0.309ms frontier=  0.094ms semisort=  0.217ms (keyed= 0.000ms group_by=  0.070ms per_group= 0.054ms)
[pe] round= 11 work=      512 frontier=      512 next=      256 consolidate=  0.118ms frontier=  0.058ms semisort=  0.131ms (keyed= 0.000ms group_by=  0.038ms per_group= 0.034ms)
[pe] round= 12 work=      256 frontier=      256 next=      128 consolidate=  0.082ms frontier=  0.037ms semisort=  0.095ms (keyed= 0.000ms group_by=  0.032ms per_group= 0.023ms)
[pe] round= 13 work=      128 frontier=      128 next=       64 consolidate=  0.053ms frontier=  0.029ms semisort=  0.060ms (keyed= 0.000ms group_by=  0.016ms per_group= 0.016ms)
[pe] round= 14 work=       64 frontier=       64 next=       32 consolidate=  0.039ms frontier=  0.017ms semisort=  0.040ms (keyed= 0.000ms group_by=  0.009ms per_group= 0.012ms)
[pe] round= 15 work=       32 frontier=       32 next=       16 consolidate=  0.021ms frontier=  0.011ms semisort=  0.021ms (keyed= 0.000ms group_by=  0.006ms per_group= 0.004ms)
[pe] round= 16 work=       16 frontier=       16 next=        8 consolidate=  0.017ms frontier=  0.005ms semisort=  0.009ms (keyed= 0.000ms group_by=  0.004ms per_group= 0.002ms)
[pe] round= 17 work=        8 frontier=        8 next=        4 consolidate=  0.011ms frontier=  0.003ms semisort=  0.006ms (keyed= 0.000ms group_by=  0.003ms per_group= 0.001ms)
[pe] round= 18 work=        4 frontier=        4 next=        2 consolidate=  0.004ms frontier=  0.001ms semisort=  0.004ms (keyed= 0.000ms group_by=  0.003ms per_group= 0.001ms)
[pe] round= 19 work=        2 frontier=        0 next=        0 consolidate=  0.002ms frontier=  0.001ms semisort=  0.000ms (break)
[pe] round=  0 work=      110 frontier=   998250 next=   332750 consolidate=  0.222ms frontier=  0.285ms semisort= 25.088ms (keyed= 0.000ms group_by=  6.721ms per_group= 5.837ms)
[pe] round=  1 work=   332750 frontier=   332750 next=   131072 consolidate= 23.590ms frontier=  5.458ms semisort= 12.466ms (keyed= 0.000ms group_by=  3.064ms per_group= 2.498ms)
[pe] round=  2 work=   131072 frontier=   131072 next=    70606 consolidate=  9.553ms frontier=  2.401ms semisort=  6.311ms (keyed= 0.000ms group_by=  1.425ms per_group= 1.874ms)
[pe] round=  3 work=    70606 frontier=    70606 next=    65536 consolidate=  5.863ms frontier=  1.413ms semisort=  6.798ms (keyed= 0.000ms group_by=  3.516ms per_group= 1.580ms)
[pe] round=  4 work=    65536 frontier=    65536 next=    32768 consolidate=  5.357ms frontier=  1.699ms semisort=  5.662ms (keyed= 0.000ms group_by=  3.570ms per_group= 0.721ms)
[pe] round=  5 work=    32768 frontier=    32768 next=    16384 consolidate=  2.799ms frontier=  0.701ms semisort=  2.952ms (keyed= 0.000ms group_by=  1.738ms per_group= 0.439ms)
[pe] round=  6 work=    16384 frontier=    16384 next=     8192 consolidate=  2.957ms frontier=  0.436ms semisort=  1.615ms (keyed= 0.000ms group_by=  0.885ms per_group= 0.254ms)
[pe] round=  7 work=     8192 frontier=     8192 next=     4096 consolidate=  1.642ms frontier=  0.370ms semisort=  1.013ms (keyed= 0.000ms group_by=  0.450ms per_group= 0.157ms)
[pe] round=  8 work=     4096 frontier=     4096 next=     2048 consolidate=  0.819ms frontier=  0.198ms semisort=  0.576ms (keyed= 0.000ms group_by=  0.227ms per_group= 0.101ms)
[pe] round=  9 work=     2048 frontier=     2048 next=     1024 consolidate=  0.472ms frontier=  0.164ms semisort=  0.333ms (keyed= 0.000ms group_by=  0.120ms per_group= 0.065ms)
[pe] round= 10 work=     1024 frontier=     1024 next=      512 consolidate=  0.247ms frontier=  0.081ms semisort=  0.239ms (keyed= 0.000ms group_by=  0.108ms per_group= 0.041ms)
[pe] round= 11 work=      512 frontier=      512 next=      256 consolidate=  0.144ms frontier=  0.057ms semisort=  0.148ms (keyed= 0.000ms group_by=  0.041ms per_group= 0.040ms)
[pe] round= 12 work=      256 frontier=      256 next=      128 consolidate=  0.083ms frontier=  0.038ms semisort=  0.097ms (keyed= 0.000ms group_by=  0.027ms per_group= 0.024ms)
[pe] round= 13 work=      128 frontier=      128 next=       64 consolidate=  0.051ms frontier=  0.030ms semisort=  0.059ms (keyed= 0.000ms group_by=  0.017ms per_group= 0.016ms)
[pe] round= 14 work=       64 frontier=       64 next=       32 consolidate=  0.038ms frontier=  0.018ms semisort=  0.045ms (keyed= 0.000ms group_by=  0.009ms per_group= 0.017ms)
[pe] round= 15 work=       32 frontier=       32 next=       16 consolidate=  0.024ms frontier=  0.010ms semisort=  0.026ms (keyed= 0.000ms group_by=  0.006ms per_group= 0.009ms)
[pe] round= 16 work=       16 frontier=       16 next=        8 consolidate=  0.018ms frontier=  0.005ms semisort=  0.009ms (keyed= 0.000ms group_by=  0.004ms per_group= 0.002ms)
[pe] round= 17 work=        8 frontier=        8 next=        4 consolidate=  0.007ms frontier=  0.002ms semisort=  0.006ms (keyed= 0.000ms group_by=  0.004ms per_group= 0.001ms)
[pe] round= 18 work=        4 frontier=        4 next=        2 consolidate=  0.004ms frontier=  0.001ms semisort=  0.004ms (keyed= 0.000ms group_by=  0.003ms per_group= 0.001ms)
[pe] round= 19 work=        2 frontier=        0 next=        0 consolidate=  0.002ms frontier=  0.001ms semisort=  0.000ms (break)
