[synthetic_bench] cube n=5 d=2 classes=508 merges=5 ...
[pe] round=  0 work=       10 frontier=      750 next=      250 consolidate=  0.491ms frontier=  0.006ms semisort=  1.823ms (keyed= 0.000ms group_by=  1.695ms per_group= 0.058ms)
[pe] round=  1 work=      250 frontier=      250 next=      122 consolidate=  0.052ms frontier=  0.035ms semisort=  0.072ms (keyed= 0.000ms group_by=  0.026ms per_group= 0.018ms)
[pe] round=  2 work=      122 frontier=      122 next=       64 consolidate=  0.038ms frontier=  0.020ms semisort=  0.045ms (keyed= 0.000ms group_by=  0.012ms per_group= 0.014ms)
[pe] round=  3 work=       64 frontier=       64 next=       32 consolidate=  0.023ms frontier=  0.010ms semisort=  0.020ms (keyed= 0.000ms group_by=  0.008ms per_group= 0.006ms)
[pe] round=  4 work=       32 frontier=       32 next=       16 consolidate=  0.018ms frontier=  0.006ms semisort=  0.012ms (keyed= 0.000ms group_by=  0.006ms per_group= 0.003ms)
[pe] round=  5 work=       16 frontier=       16 next=        8 consolidate=  0.010ms frontier=  0.002ms semisort=  0.008ms (keyed= 0.000ms group_by=  0.004ms per_group= 0.002ms)
[pe] round=  6 work=        8 frontier=        8 next=        4 consolidate=  0.005ms frontier=  0.001ms semisort=  0.006ms (keyed= 0.000ms group_by=  0.003ms per_group= 0.001ms)
[pe] round=  7 work=        4 frontier=        4 next=        2 consolidate=  0.003ms frontier=  0.001ms semisort=  0.007ms (keyed= 0.000ms group_by=  0.003ms per_group= 0.001ms)
[pe] round=  8 work=        2 frontier=        0 next=        0 consolidate=  0.002ms frontier=  0.001ms semisort=  0.000ms (break)
[pe] round=  0 work=       10 frontier=      750 next=      250 consolidate=  0.005ms frontier=  0.003ms semisort=  0.131ms (keyed= 0.000ms group_by=  0.044ms per_group= 0.033ms)
[pe] round=  1 work=      250 frontier=      250 next=      122 consolidate=  0.057ms frontier=  0.033ms semisort=  0.073ms (keyed= 0.000ms group_by=  0.022ms per_group= 0.020ms)
[pe] round=  2 work=      122 frontier=      122 next=       64 consolidate=  0.038ms frontier=  0.023ms semisort=  0.044ms (keyed= 0.000ms group_by=  0.012ms per_group= 0.014ms)
[pe] round=  3 work=       64 frontier=       64 next=       32 consolidate=  0.022ms frontier=  0.013ms semisort=  0.019ms (keyed= 0.000ms group_by=  0.007ms per_group= 0.005ms)
[pe] round=  4 work=       32 frontier=       32 next=       16 consolidate=  0.016ms frontier=  0.006ms semisort=  0.013ms (keyed= 0.000ms group_by=  0.006ms per_group= 0.003ms)
[pe] round=  5 work=       16 frontier=       16 next=        8 consolidate=  0.010ms frontier=  0.003ms semisort=  0.008ms (keyed= 0.000ms group_by=  0.004ms per_group= 0.002ms)
[pe] round=  6 work=        8 frontier=        8 next=        4 consolidate=  0.006ms frontier=  0.002ms semisort=  0.006ms (keyed= 0.000ms group_by=  0.003ms per_group= 0.001ms)
[pe] round=  7 work=        4 frontier=        4 next=        2 consolidate=  0.003ms frontier=  0.001ms semisort=  0.004ms (keyed= 0.000ms group_by=  0.003ms per_group= 0.000ms)
[pe] round=  8 work=        2 frontier=        0 next=        0 consolidate=  0.002ms frontier=  0.001ms semisort=  0.000ms (break)
[pe] round=  0 work=       10 frontier=      750 next=      250 consolidate=  0.149ms frontier=  0.003ms semisort=  0.131ms (keyed= 0.000ms group_by=  0.046ms per_group= 0.034ms)
[pe] round=  1 work=      250 frontier=      250 next=      122 consolidate=  0.060ms frontier=  0.032ms semisort=  0.073ms (keyed= 0.000ms group_by=  0.027ms per_group= 0.017ms)
[pe] round=  2 work=      122 frontier=      122 next=       64 consolidate=  0.035ms frontier=  0.016ms semisort=  0.046ms (keyed= 0.000ms group_by=  0.013ms per_group= 0.013ms)
[pe] round=  3 work=       64 frontier=       64 next=       32 consolidate=  0.026ms frontier=  0.017ms semisort=  0.022ms (keyed= 0.000ms group_by=  0.008ms per_group= 0.006ms)
[pe] round=  4 work=       32 frontier=       32 next=       16 consolidate=  0.016ms frontier=  0.006ms semisort=  0.013ms (keyed= 0.000ms group_by=  0.006ms per_group= 0.003ms)
[pe] round=  5 work=       16 frontier=       16 next=        8 consolidate=  0.011ms frontier=  0.003ms semisort=  0.009ms (keyed= 0.000ms group_by=  0.004ms per_group= 0.002ms)
[pe] round=  6 work=        8 frontier=        8 next=        4 consolidate=  0.006ms frontier=  0.002ms semisort=  0.006ms (keyed= 0.000ms group_by=  0.003ms per_group= 0.001ms)
[pe] round=  7 work=        4 frontier=        4 next=        2 consolidate=  0.004ms frontier=  0.001ms semisort=  0.004ms (keyed= 0.000ms group_by=  0.003ms per_group= 0.000ms)
[pe] round=  8 work=        2 frontier=        0 next=        0 consolidate=  0.003ms frontier=  0.001ms semisort=  0.000ms (break)
[pe] round=  0 work=       10 frontier=      750 next=      250 consolidate=  0.006ms frontier=  0.003ms semisort=  0.125ms (keyed= 0.000ms group_by=  0.045ms per_group= 0.032ms)
[pe] round=  1 work=      250 frontier=      250 next=      122 consolidate=  0.054ms frontier=  0.035ms semisort=  0.070ms (keyed= 0.000ms group_by=  0.025ms per_group= 0.019ms)
[pe] round=  2 work=      122 frontier=      122 next=       64 consolidate=  0.039ms frontier=  0.020ms semisort=  0.040ms (keyed= 0.000ms group_by=  0.012ms per_group= 0.012ms)
[pe] round=  3 work=       64 frontier=       64 next=       32 consolidate=  0.030ms frontier=  0.009ms semisort=  0.019ms (keyed= 0.000ms group_by=  0.008ms per_group= 0.005ms)
[pe] round=  4 work=       32 frontier=       32 next=       16 consolidate=  0.015ms frontier=  0.005ms semisort=  0.012ms (keyed= 0.000ms group_by=  0.005ms per_group= 0.003ms)
[pe] round=  5 work=       16 frontier=       16 next=        8 consolidate=  0.015ms frontier=  0.004ms semisort=  0.008ms (keyed= 0.000ms group_by=  0.004ms per_group= 0.002ms)
[pe] round=  6 work=        8 frontier=        8 next=        4 consolidate=  0.006ms frontier=  0.002ms semisort=  0.006ms (keyed= 0.000ms group_by=  0.003ms per_group= 0.001ms)
[pe] round=  7 work=        4 frontier=        4 next=        2 consolidate=  0.003ms frontier=  0.001ms semisort=  0.004ms (keyed= 0.000ms group_by=  0.003ms per_group= 0.000ms)
[pe] round=  8 work=        2 frontier=        0 next=        0 consolidate=  0.002ms frontier=  0.001ms semisort=  0.000ms (break)
[pe] round=  0 work=       10 frontier=      750 next=      250 consolidate=  0.005ms frontier=  0.003ms semisort=  0.135ms (keyed= 0.000ms group_by=  0.044ms per_group= 0.034ms)
[pe] round=  1 work=      250 frontier=      250 next=      122 consolidate=  0.059ms frontier=  0.034ms semisort=  0.078ms (keyed= 0.000ms group_by=  0.025ms per_group= 0.018ms)
[pe] round=  2 work=      122 frontier=      122 next=       64 consolidate=  0.035ms frontier=  0.018ms semisort=  0.048ms (keyed= 0.000ms group_by=  0.012ms per_group= 0.016ms)
[pe] round=  3 work=       64 frontier=       64 next=       32 consolidate=  0.022ms frontier=  0.009ms semisort=  0.023ms (keyed= 0.000ms group_by=  0.007ms per_group= 0.008ms)
[pe] round=  4 work=       32 frontier=       32 next=       16 consolidate=  0.018ms frontier=  0.006ms semisort=  0.012ms (keyed= 0.000ms group_by=  0.005ms per_group= 0.003ms)
[pe] round=  5 work=       16 frontier=       16 next=        8 consolidate=  0.010ms frontier=  0.002ms semisort=  0.009ms (keyed= 0.000ms group_by=  0.004ms per_group= 0.002ms)
[pe] round=  6 work=        8 frontier=        8 next=        4 consolidate=  0.006ms frontier=  0.001ms semisort=  0.006ms (keyed= 0.000ms group_by=  0.003ms per_group= 0.001ms)
[pe] round=  7 work=        4 frontier=        4 next=        2 consolidate=  0.003ms frontier=  0.001ms semisort=  0.005ms (keyed= 0.000ms group_by=  0.003ms per_group= 0.000ms)
[pe] round=  8 work=        2 frontier=        0 next=        0 consolidate=  0.002ms frontier=  0.001ms semisort=  0.000ms (break)
[pe] round=  0 work=       10 frontier=      750 next=      250 consolidate=  0.005ms frontier=  0.002ms semisort=  0.121ms (keyed= 0.000ms group_by=  0.043ms per_group= 0.033ms)
[pe] round=  1 work=      250 frontier=      250 next=      122 consolidate=  0.054ms frontier=  0.036ms semisort=  0.073ms (keyed= 0.000ms group_by=  0.023ms per_group= 0.019ms)
[pe] round=  2 work=      122 frontier=      122 next=       64 consolidate=  0.036ms frontier=  0.019ms semisort=  0.051ms (keyed= 0.000ms group_by=  0.012ms per_group= 0.016ms)
[pe] round=  3 work=       64 frontier=       64 next=       32 consolidate=  0.024ms frontier=  0.009ms semisort=  0.022ms (keyed= 0.000ms group_by=  0.007ms per_group= 0.006ms)
[pe] round=  4 work=       32 frontier=       32 next=       16 consolidate=  0.014ms frontier=  0.004ms semisort=  0.013ms (keyed= 0.000ms group_by=  0.005ms per_group= 0.003ms)
[pe] round=  5 work=       16 frontier=       16 next=        8 consolidate=  0.010ms frontier=  0.002ms semisort=  0.008ms (keyed= 0.000ms group_by=  0.004ms per_group= 0.002ms)
[pe] round=  6 work=        8 frontier=        8 next=        4 consolidate=  0.005ms frontier=  0.001ms semisort=  0.006ms (keyed= 0.000ms group_by=  0.003ms per_group= 0.001ms)
[pe] round=  7 work=        4 frontier=        4 next=        2 consolidate=  0.004ms frontier=  0.001ms semisort=  0.004ms (keyed= 0.000ms group_by=  0.003ms per_group= 0.000ms)
[pe] round=  8 work=        2 frontier=        0 next=        0 consolidate=  0.002ms frontier=  0.001ms semisort=  0.000ms (break)
