[synthetic_bench] cube n=5 d=2 classes=508 merges=5 ...
[pe] round=  0 work=       10 frontier=      750 next=      250 consolidate=  2.106ms frontier=  0.006ms semisort=  9.125ms (keyed= 0.000ms group_by=  8.837ms per_group= 0.135ms)
[pe] round=  1 work=      250 frontier=      250 next=      122 consolidate=  3.921ms frontier=  0.046ms semisort=  2.749ms (keyed= 0.000ms group_by=  2.653ms per_group= 0.040ms)
[pe] round=  2 work=      122 frontier=      122 next=       64 consolidate=  4.205ms frontier=  0.023ms semisort=  0.174ms (keyed= 0.000ms group_by=  0.122ms per_group= 0.028ms)
[pe] round=  3 work=       64 frontier=       64 next=       32 consolidate=  1.350ms frontier=  0.020ms semisort=  0.029ms (keyed= 0.000ms group_by=  0.008ms per_group= 0.008ms)
[pe] round=  4 work=       32 frontier=       32 next=       16 consolidate=  0.120ms frontier=  0.009ms semisort=  0.013ms (keyed= 0.000ms group_by=  0.006ms per_group= 0.003ms)
[pe] round=  5 work=       16 frontier=       16 next=        8 consolidate=  0.016ms frontier=  0.004ms semisort=  0.008ms (keyed= 0.000ms group_by=  0.004ms per_group= 0.002ms)
[pe] round=  6 work=        8 frontier=        8 next=        4 consolidate=  0.011ms frontier=  0.003ms semisort=  0.005ms (keyed= 0.000ms group_by=  0.003ms per_group= 0.001ms)
[pe] round=  7 work=        4 frontier=        4 next=        2 consolidate=  0.003ms frontier=  0.001ms semisort=  0.007ms (keyed= 0.000ms group_by=  0.003ms per_group= 0.001ms)
[pe] round=  8 work=        2 frontier=        0 next=        0 consolidate=  0.002ms frontier=  0.001ms semisort=  0.000ms (break)
[pe] round=  0 work=       10 frontier=      750 next=      250 consolidate=  0.007ms frontier=  0.004ms semisort=  0.169ms (keyed= 0.000ms group_by=  0.049ms per_group= 0.052ms)
[pe] round=  1 work=      250 frontier=      250 next=      122 consolidate=  1.308ms frontier=  0.056ms semisort=  0.093ms (keyed= 0.000ms group_by=  0.029ms per_group= 0.024ms)
[pe] round=  2 work=      122 frontier=      122 next=       64 consolidate=  0.154ms frontier=  0.029ms semisort=  0.056ms (keyed= 0.000ms group_by=  0.015ms per_group= 0.018ms)
[pe] round=  3 work=       64 frontier=       64 next=       32 consolidate=  0.032ms frontier=  0.011ms semisort=  0.036ms (keyed= 0.000ms group_by=  0.008ms per_group= 0.010ms)
[pe] round=  4 work=       32 frontier=       32 next=       16 consolidate=  0.022ms frontier=  0.008ms semisort=  0.014ms (keyed= 0.000ms group_by=  0.006ms per_group= 0.004ms)
[pe] round=  5 work=       16 frontier=       16 next=        8 consolidate=  0.015ms frontier=  0.004ms semisort=  0.008ms (keyed= 0.000ms group_by=  0.004ms per_group= 0.002ms)
[pe] round=  6 work=        8 frontier=        8 next=        4 consolidate=  0.014ms frontier=  0.003ms semisort=  0.006ms (keyed= 0.000ms group_by=  0.003ms per_group= 0.001ms)
[pe] round=  7 work=        4 frontier=        4 next=        2 consolidate=  0.003ms frontier=  0.001ms semisort=  0.004ms (keyed= 0.000ms group_by=  0.003ms per_group= 0.000ms)
[pe] round=  8 work=        2 frontier=        0 next=        0 consolidate=  0.002ms frontier=  0.001ms semisort=  0.000ms (break)
[pe] round=  0 work=       10 frontier=      750 next=      250 consolidate=  0.005ms frontier=  0.003ms semisort=  0.251ms (keyed= 0.000ms group_by=  0.155ms per_group= 0.034ms)
[pe] round=  1 work=      250 frontier=      250 next=      122 consolidate=  7.518ms frontier=  0.043ms semisort=  0.092ms (keyed= 0.000ms group_by=  0.024ms per_group= 0.025ms)
[pe] round=  2 work=      122 frontier=      122 next=       64 consolidate=  0.162ms frontier=  0.030ms semisort=  0.060ms (keyed= 0.000ms group_by=  0.016ms per_group= 0.019ms)
[pe] round=  3 work=       64 frontier=       64 next=       32 consolidate=  0.035ms frontier=  0.017ms semisort=  0.032ms (keyed= 0.000ms group_by=  0.008ms per_group= 0.007ms)
[pe] round=  4 work=       32 frontier=       32 next=       16 consolidate=  0.021ms frontier=  0.006ms semisort=  0.020ms (keyed= 0.000ms group_by=  0.006ms per_group= 0.005ms)
[pe] round=  5 work=       16 frontier=       16 next=        8 consolidate=  0.018ms frontier=  0.004ms semisort=  0.009ms (keyed= 0.000ms group_by=  0.004ms per_group= 0.002ms)
[pe] round=  6 work=        8 frontier=        8 next=        4 consolidate=  0.016ms frontier=  0.002ms semisort=  0.006ms (keyed= 0.000ms group_by=  0.003ms per_group= 0.001ms)
[pe] round=  7 work=        4 frontier=        4 next=        2 consolidate=  0.003ms frontier=  0.001ms semisort=  0.004ms (keyed= 0.000ms group_by=  0.002ms per_group= 0.000ms)
[pe] round=  8 work=        2 frontier=        0 next=        0 consolidate=  0.002ms frontier=  0.001ms semisort=  0.000ms (break)
[pe] round=  0 work=       10 frontier=      750 next=      250 consolidate=  0.005ms frontier=  0.003ms semisort=  0.154ms (keyed= 0.000ms group_by=  0.053ms per_group= 0.032ms)
[pe] round=  1 work=      250 frontier=      250 next=      122 consolidate=  0.077ms frontier=  0.047ms semisort=  0.101ms (keyed= 0.000ms group_by=  0.025ms per_group= 0.031ms)
[pe] round=  2 work=      122 frontier=      122 next=       64 consolidate=  0.053ms frontier=  0.021ms semisort=  0.056ms (keyed= 0.000ms group_by=  0.013ms per_group= 0.018ms)
[pe] round=  3 work=       64 frontier=       64 next=       32 consolidate=  0.036ms frontier=  0.014ms semisort=  0.038ms (keyed= 0.000ms group_by=  0.008ms per_group= 0.013ms)
[pe] round=  4 work=       32 frontier=       32 next=       16 consolidate=  0.026ms frontier=  0.009ms semisort=  0.022ms (keyed= 0.000ms group_by=  0.007ms per_group= 0.005ms)
[pe] round=  5 work=       16 frontier=       16 next=        8 consolidate=  0.017ms frontier=  0.004ms semisort=  0.008ms (keyed= 0.000ms group_by=  0.004ms per_group= 0.002ms)
[pe] round=  6 work=        8 frontier=        8 next=        4 consolidate=  0.008ms frontier=  0.001ms semisort=  0.006ms (keyed= 0.000ms group_by=  0.003ms per_group= 0.001ms)
[pe] round=  7 work=        4 frontier=        4 next=        2 consolidate=  0.003ms frontier=  0.001ms semisort=  0.004ms (keyed= 0.000ms group_by=  0.003ms per_group= 0.000ms)
[pe] round=  8 work=        2 frontier=        0 next=        0 consolidate=  0.002ms frontier=  0.000ms semisort=  0.000ms (break)
[pe] round=  0 work=       10 frontier=      750 next=      250 consolidate=  0.006ms frontier=  0.003ms semisort=  0.258ms (keyed= 0.000ms group_by=  0.164ms per_group= 0.037ms)
[pe] round=  1 work=      250 frontier=      250 next=      122 consolidate=  0.083ms frontier=  0.041ms semisort=  0.104ms (keyed= 0.000ms group_by=  0.027ms per_group= 0.031ms)
[pe] round=  2 work=      122 frontier=      122 next=       64 consolidate=  0.053ms frontier=  0.020ms semisort=  0.063ms (keyed= 0.000ms group_by=  0.017ms per_group= 0.021ms)
[pe] round=  3 work=       64 frontier=       64 next=       32 consolidate=  0.038ms frontier=  0.019ms semisort=  0.039ms (keyed= 0.000ms group_by=  0.007ms per_group= 0.012ms)
[pe] round=  4 work=       32 frontier=       32 next=       16 consolidate=  0.025ms frontier=  0.012ms semisort=  0.013ms (keyed= 0.000ms group_by=  0.006ms per_group= 0.003ms)
[pe] round=  5 work=       16 frontier=       16 next=        8 consolidate=  0.017ms frontier=  0.004ms semisort=  0.009ms (keyed= 0.000ms group_by=  0.004ms per_group= 0.002ms)
[pe] round=  6 work=        8 frontier=        8 next=        4 consolidate=  0.013ms frontier=  0.002ms semisort=  0.006ms (keyed= 0.000ms group_by=  0.003ms per_group= 0.001ms)
[pe] round=  7 work=        4 frontier=        4 next=        2 consolidate=  0.003ms frontier=  0.001ms semisort=  0.004ms (keyed= 0.000ms group_by=  0.003ms per_group= 0.000ms)
[pe] round=  8 work=        2 frontier=        0 next=        0 consolidate=  0.002ms frontier=  0.000ms semisort=  0.000ms (break)
[pe] round=  0 work=       10 frontier=      750 next=      250 consolidate=  0.005ms frontier=  0.003ms semisort=  0.180ms (keyed= 0.000ms group_by=  0.058ms per_group= 0.054ms)
[pe] round=  1 work=      250 frontier=      250 next=      122 consolidate=  0.159ms frontier=  0.040ms semisort=  0.100ms (keyed= 0.000ms group_by=  0.030ms per_group= 0.024ms)
[pe] round=  2 work=      122 frontier=      122 next=       64 consolidate=  0.058ms frontier=  0.021ms semisort=  0.056ms (keyed= 0.000ms group_by=  0.013ms per_group= 0.018ms)
[pe] round=  3 work=       64 frontier=       64 next=       32 consolidate=  0.034ms frontier=  0.017ms semisort=  0.036ms (keyed= 0.000ms group_by=  0.008ms per_group= 0.012ms)
[pe] round=  4 work=       32 frontier=       32 next=       16 consolidate=  0.039ms frontier=  0.007ms semisort=  0.015ms (keyed= 0.000ms group_by=  0.006ms per_group= 0.004ms)
[pe] round=  5 work=       16 frontier=       16 next=        8 consolidate=  0.018ms frontier=  0.004ms semisort=  0.009ms (keyed= 0.000ms group_by=  0.004ms per_group= 0.002ms)
[pe] round=  6 work=        8 frontier=        8 next=        4 consolidate=  0.011ms frontier=  0.003ms semisort=  0.006ms (keyed= 0.000ms group_by=  0.003ms per_group= 0.001ms)
[pe] round=  7 work=        4 frontier=        4 next=        2 consolidate=  0.004ms frontier=  0.001ms semisort=  0.004ms (keyed= 0.000ms group_by=  0.002ms per_group= 0.000ms)
[pe] round=  8 work=        2 frontier=        0 next=        0 consolidate=  0.002ms frontier=  0.001ms semisort=  0.000ms (break)
