[synthetic_bench] cube n=105 d=3 classes=3654956 merges=105 ...
[pe] round=  0 work=      210 frontier=  6945750 next=  2315250 consolidate=  7.616ms frontier= 10.164ms semisort=853.556ms (keyed= 0.000ms group_by=265.860ms per_group=273.027ms)
[pe] round=  1 work=  2315250 frontier=  2315250 next=   808056 consolidate=954.890ms frontier=189.521ms semisort=636.823ms (keyed= 0.000ms group_by= 93.716ms per_group=92.486ms)
[pe] round=  2 work=   808056 frontier=   808056 next=   354294 consolidate=340.088ms frontier= 73.304ms semisort=215.580ms (keyed= 0.000ms group_by= 31.794ms per_group=37.706ms)
[pe] round=  3 work=   354294 frontier=   354294 next=   118098 consolidate=161.145ms frontier= 33.667ms semisort= 81.020ms (keyed= 0.000ms group_by= 12.220ms per_group=14.921ms)
[pe] round=  4 work=   118098 frontier=   118098 next=    39366 consolidate= 55.586ms frontier= 10.884ms semisort= 28.127ms (keyed= 0.000ms group_by=  7.022ms per_group= 5.402ms)
[pe] round=  5 work=    39366 frontier=    39366 next=    13122 consolidate= 18.683ms frontier=  2.607ms semisort=  9.160ms (keyed= 0.000ms group_by=  2.172ms per_group= 1.694ms)
[pe] round=  6 work=    13122 frontier=    13122 next=     4374 consolidate=  6.157ms frontier=  0.996ms semisort=  2.647ms (keyed= 0.000ms group_by=  0.693ms per_group= 0.551ms)
[pe] round=  7 work=     4374 frontier=     4374 next=     1458 consolidate=  1.949ms frontier=  0.407ms semisort=  0.956ms (keyed= 0.000ms group_by=  0.248ms per_group= 0.217ms)
[pe] round=  8 work=     1458 frontier=     1458 next=      486 consolidate=  0.612ms frontier=  0.170ms semisort=  0.336ms (keyed= 0.000ms group_by=  0.087ms per_group= 0.069ms)
[pe] round=  9 work=      486 frontier=      486 next=      162 consolidate=  0.229ms frontier=  0.056ms semisort=  0.147ms (keyed= 0.000ms group_by=  0.035ms per_group= 0.032ms)
[pe] round= 10 work=      162 frontier=      162 next=       54 consolidate=  0.079ms frontier=  0.017ms semisort=  0.039ms (keyed= 0.000ms group_by=  0.012ms per_group= 0.009ms)
[pe] round= 11 work=       54 frontier=       54 next=       18 consolidate=  0.028ms frontier=  0.004ms semisort=  0.016ms (keyed= 0.000ms group_by=  0.006ms per_group= 0.003ms)
[pe] round= 12 work=       18 frontier=       18 next=        6 consolidate=  0.012ms frontier=  0.003ms semisort=  0.008ms (keyed= 0.000ms group_by=  0.004ms per_group= 0.001ms)
[pe] round= 13 work=        6 frontier=        6 next=        2 consolidate=  0.009ms frontier=  0.001ms semisort=  0.005ms (keyed= 0.000ms group_by=  0.003ms per_group= 0.001ms)
[pe] round= 14 work=        2 frontier=        0 next=        0 consolidate=  0.002ms frontier=  0.001ms semisort=  0.000ms (break)
[pe] round=  0 work=      210 frontier=  6945750 next=  2315250 consolidate=  2.725ms frontier=  5.268ms semisort=957.240ms (keyed= 0.000ms group_by=250.374ms per_group=268.609ms)
[pe] round=  1 work=  2315250 frontier=  2315250 next=   808056 consolidate=1158.086ms frontier=256.335ms semisort=657.467ms (keyed= 0.000ms group_by=106.660ms per_group=91.429ms)
[pe] round=  2 work=   808056 frontier=   808056 next=   354294 consolidate=400.448ms frontier= 90.075ms semisort=215.208ms (keyed= 0.000ms group_by= 31.432ms per_group=37.967ms)
[pe] round=  3 work=   354294 frontier=   354294 next=   118098 consolidate=177.951ms frontier= 39.434ms semisort= 81.107ms (keyed= 0.000ms group_by= 12.239ms per_group=15.165ms)
[pe] round=  4 work=   118098 frontier=   118098 next=    39366 consolidate= 57.445ms frontier=  9.179ms semisort= 28.388ms (keyed= 0.000ms group_by=  7.161ms per_group= 5.411ms)
[pe] round=  5 work=    39366 frontier=    39366 next=    13122 consolidate= 18.498ms frontier=  2.044ms semisort=  9.310ms (keyed= 0.000ms group_by=  2.309ms per_group= 1.703ms)
[pe] round=  6 work=    13122 frontier=    13122 next=     4374 consolidate=  6.226ms frontier=  1.022ms semisort=  2.676ms (keyed= 0.000ms group_by=  0.676ms per_group= 0.547ms)
[pe] round=  7 work=     4374 frontier=     4374 next=     1458 consolidate=  1.944ms frontier=  0.415ms semisort=  0.945ms (keyed= 0.000ms group_by=  0.251ms per_group= 0.194ms)
[pe] round=  8 work=     1458 frontier=     1458 next=      486 consolidate=  0.653ms frontier=  0.174ms semisort=  0.327ms (keyed= 0.000ms group_by=  0.085ms per_group= 0.067ms)
[pe] round=  9 work=      486 frontier=      486 next=      162 consolidate=  0.245ms frontier=  0.059ms semisort=  0.149ms (keyed= 0.000ms group_by=  0.036ms per_group= 0.032ms)
[pe] round= 10 work=      162 frontier=      162 next=       54 consolidate=  0.087ms frontier=  0.018ms semisort=  0.039ms (keyed= 0.000ms group_by=  0.012ms per_group= 0.008ms)
[pe] round= 11 work=       54 frontier=       54 next=       18 consolidate=  0.035ms frontier=  0.005ms semisort=  0.017ms (keyed= 0.000ms group_by=  0.006ms per_group= 0.004ms)
[pe] round= 12 work=       18 frontier=       18 next=        6 consolidate=  0.013ms frontier=  0.002ms semisort=  0.008ms (keyed= 0.000ms group_by=  0.004ms per_group= 0.001ms)
[pe] round= 13 work=        6 frontier=        6 next=        2 consolidate=  0.005ms frontier=  0.001ms semisort=  0.005ms (keyed= 0.000ms group_by=  0.003ms per_group= 0.001ms)
[pe] round= 14 work=        2 frontier=        0 next=        0 consolidate=  0.002ms frontier=  0.001ms semisort=  0.000ms (break)
[pe] round=  0 work=      210 frontier=  6945750 next=  2315250 consolidate=  2.782ms frontier=  5.271ms semisort=879.475ms (keyed= 0.000ms group_by=250.740ms per_group=267.186ms)
[pe] round=  1 work=  2315250 frontier=  2315250 next=   808056 consolidate=1163.333ms frontier=267.058ms semisort=661.942ms (keyed= 0.000ms group_by=107.752ms per_group=91.033ms)
[pe] round=  2 work=   808056 frontier=   808056 next=   354294 consolidate=405.743ms frontier= 92.853ms semisort=214.787ms (keyed= 0.000ms group_by= 31.101ms per_group=37.860ms)
[pe] round=  3 work=   354294 frontier=   354294 next=   118098 consolidate=178.201ms frontier= 39.393ms semisort= 81.469ms (keyed= 0.000ms group_by= 12.393ms per_group=15.351ms)
[pe] round=  4 work=   118098 frontier=   118098 next=    39366 consolidate= 56.430ms frontier=  9.501ms semisort= 27.950ms (keyed= 0.000ms group_by=  7.352ms per_group= 5.222ms)
[pe] round=  5 work=    39366 frontier=    39366 next=    13122 consolidate= 18.795ms frontier=  2.040ms semisort=  9.505ms (keyed= 0.000ms group_by=  2.275ms per_group= 1.732ms)
[pe] round=  6 work=    13122 frontier=    13122 next=     4374 consolidate=  6.511ms frontier=  0.986ms semisort=  2.741ms (keyed= 0.000ms group_by=  0.749ms per_group= 0.588ms)
[pe] round=  7 work=     4374 frontier=     4374 next=     1458 consolidate=  1.950ms frontier=  0.417ms semisort=  0.931ms (keyed= 0.000ms group_by=  0.246ms per_group= 0.191ms)
[pe] round=  8 work=     1458 frontier=     1458 next=      486 consolidate=  0.675ms frontier=  0.172ms semisort=  0.347ms (keyed= 0.000ms group_by=  0.087ms per_group= 0.068ms)
[pe] round=  9 work=      486 frontier=      486 next=      162 consolidate=  0.249ms frontier=  0.059ms semisort=  0.151ms (keyed= 0.000ms group_by=  0.035ms per_group= 0.033ms)
[pe] round= 10 work=      162 frontier=      162 next=       54 consolidate=  0.087ms frontier=  0.019ms semisort=  0.039ms (keyed= 0.000ms group_by=  0.012ms per_group= 0.010ms)
[pe] round= 11 work=       54 frontier=       54 next=       18 consolidate=  0.036ms frontier=  0.004ms semisort=  0.016ms (keyed= 0.000ms group_by=  0.006ms per_group= 0.003ms)
[pe] round= 12 work=       18 frontier=       18 next=        6 consolidate=  0.015ms frontier=  0.002ms semisort=  0.008ms (keyed= 0.000ms group_by=  0.004ms per_group= 0.001ms)
[pe] round= 13 work=        6 frontier=        6 next=        2 consolidate=  0.005ms frontier=  0.002ms semisort=  0.006ms (keyed= 0.000ms group_by=  0.003ms per_group= 0.001ms)
[pe] round= 14 work=        2 frontier=        0 next=        0 consolidate=  0.002ms frontier=  0.001ms semisort=  0.000ms (break)
[pe] round=  0 work=      210 frontier=  6945750 next=  2315250 consolidate=  2.559ms frontier=  5.257ms semisort=905.199ms (keyed= 0.000ms group_by=249.640ms per_group=267.125ms)
[pe] round=  1 work=  2315250 frontier=  2315250 next=   808056 consolidate=1171.050ms frontier=273.364ms semisort=660.226ms (keyed= 0.000ms group_by=107.939ms per_group=90.245ms)
[pe] round=  2 work=   808056 frontier=   808056 next=   354294 consolidate=409.547ms frontier= 94.971ms semisort=215.230ms (keyed= 0.000ms group_by= 31.323ms per_group=37.810ms)
[pe] round=  3 work=   354294 frontier=   354294 next=   118098 consolidate=179.996ms frontier= 40.178ms semisort= 80.994ms (keyed= 0.000ms group_by= 12.284ms per_group=15.091ms)
[pe] round=  4 work=   118098 frontier=   118098 next=    39366 consolidate= 56.265ms frontier=  9.036ms semisort= 27.370ms (keyed= 0.000ms group_by=  6.612ms per_group= 5.445ms)
[pe] round=  5 work=    39366 frontier=    39366 next=    13122 consolidate= 18.648ms frontier=  2.494ms semisort=  9.412ms (keyed= 0.000ms group_by=  2.176ms per_group= 1.748ms)
[pe] round=  6 work=    13122 frontier=    13122 next=     4374 consolidate=  6.462ms frontier=  1.014ms semisort=  2.675ms (keyed= 0.000ms group_by=  0.688ms per_group= 0.558ms)
[pe] round=  7 work=     4374 frontier=     4374 next=     1458 consolidate=  1.968ms frontier=  0.423ms semisort=  0.946ms (keyed= 0.000ms group_by=  0.248ms per_group= 0.199ms)
[pe] round=  8 work=     1458 frontier=     1458 next=      486 consolidate=  0.677ms frontier=  0.180ms semisort=  0.356ms (keyed= 0.000ms group_by=  0.088ms per_group= 0.069ms)
[pe] round=  9 work=      486 frontier=      486 next=      162 consolidate=  0.239ms frontier=  0.061ms semisort=  0.135ms (keyed= 0.000ms group_by=  0.035ms per_group= 0.030ms)
[pe] round= 10 work=      162 frontier=      162 next=       54 consolidate=  0.086ms frontier=  0.019ms semisort=  0.040ms (keyed= 0.000ms group_by=  0.013ms per_group= 0.008ms)
[pe] round= 11 work=       54 frontier=       54 next=       18 consolidate=  0.036ms frontier=  0.004ms semisort=  0.015ms (keyed= 0.000ms group_by=  0.006ms per_group= 0.003ms)
[pe] round= 12 work=       18 frontier=       18 next=        6 consolidate=  0.012ms frontier=  0.002ms semisort=  0.008ms (keyed= 0.000ms group_by=  0.004ms per_group= 0.001ms)
[pe] round= 13 work=        6 frontier=        6 next=        2 consolidate=  0.005ms frontier=  0.001ms semisort=  0.005ms (keyed= 0.000ms group_by=  0.003ms per_group= 0.001ms)
[pe] round= 14 work=        2 frontier=        0 next=        0 consolidate=  0.002ms frontier=  0.001ms semisort=  0.000ms (break)
[pe] round=  0 work=      210 frontier=  6945750 next=  2315250 consolidate=  2.577ms frontier=  5.277ms semisort=900.416ms (keyed= 0.000ms group_by=249.892ms per_group=267.344ms)
[pe] round=  1 work=  2315250 frontier=  2315250 next=   808056 consolidate=1173.935ms frontier=276.806ms semisort=663.044ms (keyed= 0.000ms group_by=108.104ms per_group=92.016ms)
[pe] round=  2 work=   808056 frontier=   808056 next=   354294 consolidate=410.159ms frontier= 96.326ms semisort=216.044ms (keyed= 0.000ms group_by= 31.071ms per_group=37.740ms)
[pe] round=  3 work=   354294 frontier=   354294 next=   118098 consolidate=180.395ms frontier= 40.687ms semisort= 81.714ms (keyed= 0.000ms group_by= 12.259ms per_group=15.267ms)
[pe] round=  4 work=   118098 frontier=   118098 next=    39366 consolidate= 56.731ms frontier=  8.992ms semisort= 27.464ms (keyed= 0.000ms group_by=  6.797ms per_group= 5.244ms)
[pe] round=  5 work=    39366 frontier=    39366 next=    13122 consolidate= 18.547ms frontier=  2.223ms semisort=  9.662ms (keyed= 0.000ms group_by=  2.345ms per_group= 1.681ms)
[pe] round=  6 work=    13122 frontier=    13122 next=     4374 consolidate=  6.515ms frontier=  1.084ms semisort=  2.743ms (keyed= 0.000ms group_by=  0.729ms per_group= 0.563ms)
[pe] round=  7 work=     4374 frontier=     4374 next=     1458 consolidate=  1.976ms frontier=  0.417ms semisort=  0.952ms (keyed= 0.000ms group_by=  0.250ms per_group= 0.197ms)
[pe] round=  8 work=     1458 frontier=     1458 next=      486 consolidate=  0.676ms frontier=  0.172ms semisort=  0.358ms (keyed= 0.000ms group_by=  0.089ms per_group= 0.068ms)
[pe] round=  9 work=      486 frontier=      486 next=      162 consolidate=  0.243ms frontier=  0.062ms semisort=  0.136ms (keyed= 0.000ms group_by=  0.035ms per_group= 0.030ms)
[pe] round= 10 work=      162 frontier=      162 next=       54 consolidate=  0.085ms frontier=  0.019ms semisort=  0.037ms (keyed= 0.000ms group_by=  0.012ms per_group= 0.008ms)
[pe] round= 11 work=       54 frontier=       54 next=       18 consolidate=  0.035ms frontier=  0.004ms semisort=  0.016ms (keyed= 0.000ms group_by=  0.006ms per_group= 0.004ms)
[pe] round= 12 work=       18 frontier=       18 next=        6 consolidate=  0.013ms frontier=  0.002ms semisort=  0.009ms (keyed= 0.000ms group_by=  0.004ms per_group= 0.001ms)
[pe] round= 13 work=        6 frontier=        6 next=        2 consolidate=  0.005ms frontier=  0.001ms semisort=  0.005ms (keyed= 0.000ms group_by=  0.003ms per_group= 0.001ms)
[pe] round= 14 work=        2 frontier=        0 next=        0 consolidate=  0.002ms frontier=  0.001ms semisort=  0.000ms (break)
[pe] round=  0 work=      210 frontier=  6945750 next=  2315250 consolidate=  2.772ms frontier=  5.281ms semisort=925.459ms (keyed= 0.000ms group_by=249.675ms per_group=267.825ms)
[pe] round=  1 work=  2315250 frontier=  2315250 next=   808056 consolidate=1175.351ms frontier=277.334ms semisort=661.407ms (keyed= 0.000ms group_by=108.781ms per_group=90.728ms)
[pe] round=  2 work=   808056 frontier=   808056 next=   354294 consolidate=410.292ms frontier= 96.351ms semisort=215.809ms (keyed= 0.000ms group_by= 31.610ms per_group=37.865ms)
[pe] round=  3 work=   354294 frontier=   354294 next=   118098 consolidate=180.787ms frontier= 40.575ms semisort= 81.419ms (keyed= 0.000ms group_by= 12.454ms per_group=15.108ms)
[pe] round=  4 work=   118098 frontier=   118098 next=    39366 consolidate= 56.619ms frontier=  8.918ms semisort= 27.403ms (keyed= 0.000ms group_by=  6.843ms per_group= 5.203ms)
[pe] round=  5 work=    39366 frontier=    39366 next=    13122 consolidate= 18.339ms frontier=  2.192ms semisort=  9.500ms (keyed= 0.000ms group_by=  2.343ms per_group= 1.688ms)
[pe] round=  6 work=    13122 frontier=    13122 next=     4374 consolidate=  6.326ms frontier=  1.081ms semisort=  2.698ms (keyed= 0.000ms group_by=  0.689ms per_group= 0.565ms)
[pe] round=  7 work=     4374 frontier=     4374 next=     1458 consolidate=  2.097ms frontier=  0.389ms semisort=  0.961ms (keyed= 0.000ms group_by=  0.266ms per_group= 0.190ms)
[pe] round=  8 work=     1458 frontier=     1458 next=      486 consolidate=  0.706ms frontier=  0.178ms semisort=  0.348ms (keyed= 0.000ms group_by=  0.082ms per_group= 0.066ms)
[pe] round=  9 work=      486 frontier=      486 next=      162 consolidate=  0.251ms frontier=  0.059ms semisort=  0.148ms (keyed= 0.000ms group_by=  0.035ms per_group= 0.033ms)
[pe] round= 10 work=      162 frontier=      162 next=       54 consolidate=  0.086ms frontier=  0.019ms semisort=  0.039ms (keyed= 0.000ms group_by=  0.012ms per_group= 0.008ms)
[pe] round= 11 work=       54 frontier=       54 next=       18 consolidate=  0.035ms frontier=  0.004ms semisort=  0.015ms (keyed= 0.000ms group_by=  0.006ms per_group= 0.003ms)
[pe] round= 12 work=       18 frontier=       18 next=        6 consolidate=  0.016ms frontier=  0.003ms semisort=  0.008ms (keyed= 0.000ms group_by=  0.004ms per_group= 0.001ms)
[pe] round= 13 work=        6 frontier=        6 next=        2 consolidate=  0.005ms frontier=  0.001ms semisort=  0.004ms (keyed= 0.000ms group_by=  0.003ms per_group= 0.001ms)
[pe] round= 14 work=        2 frontier=        0 next=        0 consolidate=  0.002ms frontier=  0.001ms semisort=  0.000ms (break)
