[synthetic_bench] cube n=55 d=4 classes=499526 merges=55 ...
[pe] round=  0 work=      110 frontier=   998250 next=   332750 consolidate=  0.922ms frontier=  1.368ms semisort= 24.404ms (keyed= 0.000ms group_by=  8.121ms per_group= 6.024ms)
[pe] round=  1 work=   332750 frontier=   332750 next=   122976 consolidate= 21.395ms frontier=  5.601ms semisort= 14.394ms (keyed= 0.000ms group_by=  3.851ms per_group= 2.336ms)
[pe] round=  2 work=   122976 frontier=   122976 next=    32768 consolidate=  9.027ms frontier=  2.154ms semisort=  9.294ms (keyed= 0.000ms group_by=  5.530ms per_group= 0.713ms)
[pe] round=  3 work=    32768 frontier=    32768 next=     8192 consolidate=  2.607ms frontier=  0.647ms semisort=  2.828ms (keyed= 0.000ms group_by=  1.673ms per_group= 0.249ms)
[pe] round=  4 work=     8192 frontier=     8192 next=     2048 consolidate=  1.512ms frontier=  0.343ms semisort=  0.913ms (keyed= 0.000ms group_by=  0.414ms per_group= 0.082ms)
[pe] round=  5 work=     2048 frontier=     2048 next=      512 consolidate=  0.374ms frontier=  0.146ms semisort=  0.293ms (keyed= 0.000ms group_by=  0.121ms per_group= 0.036ms)
[pe] round=  6 work=      512 frontier=      512 next=      128 consolidate=  0.127ms frontier=  0.046ms semisort=  0.101ms (keyed= 0.000ms group_by=  0.036ms per_group= 0.019ms)
[pe] round=  7 work=      128 frontier=      128 next=       32 consolidate=  0.046ms frontier=  0.021ms semisort=  0.047ms (keyed= 0.000ms group_by=  0.014ms per_group= 0.010ms)
[pe] round=  8 work=       32 frontier=       32 next=        8 consolidate=  0.019ms frontier=  0.008ms semisort=  0.019ms (keyed= 0.000ms group_by=  0.006ms per_group= 0.003ms)
[pe] round=  9 work=        8 frontier=        8 next=        2 consolidate=  0.006ms frontier=  0.002ms semisort=  0.006ms (keyed= 0.000ms group_by=  0.003ms per_group= 0.001ms)
[pe] round= 10 work=        2 frontier=        0 next=        0 consolidate=  0.002ms frontier=  0.001ms semisort=  0.000ms (break)
[pe] round=  0 work=      110 frontier=   998250 next=   332750 consolidate=  0.245ms frontier=  0.347ms semisort= 23.270ms (keyed= 0.000ms group_by=  6.005ms per_group= 5.964ms)
[pe] round=  1 work=   332750 frontier=   332750 next=   122976 consolidate= 24.021ms frontier=  5.076ms semisort= 11.639ms (keyed= 0.000ms group_by=  2.413ms per_group= 2.206ms)
[pe] round=  2 work=   122976 frontier=   122976 next=    32768 consolidate=  9.343ms frontier=  2.251ms semisort=  9.346ms (keyed= 0.000ms group_by=  5.911ms per_group= 0.723ms)
[pe] round=  3 work=    32768 frontier=    32768 next=     8192 consolidate=  2.641ms frontier=  0.625ms semisort=  2.771ms (keyed= 0.000ms group_by=  1.668ms per_group= 0.238ms)
[pe] round=  4 work=     8192 frontier=     8192 next=     2048 consolidate=  1.544ms frontier=  0.343ms semisort=  0.913ms (keyed= 0.000ms group_by=  0.416ms per_group= 0.089ms)
[pe] round=  5 work=     2048 frontier=     2048 next=      512 consolidate=  0.393ms frontier=  0.149ms semisort=  0.286ms (keyed= 0.000ms group_by=  0.110ms per_group= 0.034ms)
[pe] round=  6 work=      512 frontier=      512 next=      128 consolidate=  0.117ms frontier=  0.048ms semisort=  0.097ms (keyed= 0.000ms group_by=  0.033ms per_group= 0.018ms)
[pe] round=  7 work=      128 frontier=      128 next=       32 consolidate=  0.043ms frontier=  0.022ms semisort=  0.048ms (keyed= 0.000ms group_by=  0.015ms per_group= 0.011ms)
[pe] round=  8 work=       32 frontier=       32 next=        8 consolidate=  0.019ms frontier=  0.008ms semisort=  0.020ms (keyed= 0.000ms group_by=  0.006ms per_group= 0.003ms)
[pe] round=  9 work=        8 frontier=        8 next=        2 consolidate=  0.008ms frontier=  0.002ms semisort=  0.005ms (keyed= 0.000ms group_by=  0.003ms per_group= 0.001ms)
[pe] round= 10 work=        2 frontier=        0 next=        0 consolidate=  0.002ms frontier=  0.001ms semisort=  0.000ms (break)
[pe] round=  0 work=      110 frontier=   998250 next=   332750 consolidate=  0.219ms frontier=  0.288ms semisort= 23.941ms (keyed= 0.000ms group_by=  6.146ms per_group= 5.812ms)
[pe] round=  1 work=   332750 frontier=   332750 next=   122976 consolidate= 23.793ms frontier=  5.120ms semisort= 11.656ms (keyed= 0.000ms group_by=  2.400ms per_group= 2.244ms)
[pe] round=  2 work=   122976 frontier=   122976 next=    32768 consolidate=  9.293ms frontier=  2.035ms semisort=  9.684ms (keyed= 0.000ms group_by=  6.067ms per_group= 0.747ms)
[pe] round=  3 work=    32768 frontier=    32768 next=     8192 consolidate=  2.597ms frontier=  0.617ms semisort=  3.063ms (keyed= 0.000ms group_by=  1.876ms per_group= 0.279ms)
[pe] round=  4 work=     8192 frontier=     8192 next=     2048 consolidate=  1.582ms frontier=  0.378ms semisort=  0.976ms (keyed= 0.000ms group_by=  0.437ms per_group= 0.097ms)
[pe] round=  5 work=     2048 frontier=     2048 next=      512 consolidate=  0.418ms frontier=  0.153ms semisort=  0.303ms (keyed= 0.000ms group_by=  0.121ms per_group= 0.043ms)
[pe] round=  6 work=      512 frontier=      512 next=      128 consolidate=  0.135ms frontier=  0.058ms semisort=  0.111ms (keyed= 0.000ms group_by=  0.038ms per_group= 0.021ms)
[pe] round=  7 work=      128 frontier=      128 next=       32 consolidate=  0.053ms frontier=  0.023ms semisort=  0.052ms (keyed= 0.000ms group_by=  0.015ms per_group= 0.012ms)
[pe] round=  8 work=       32 frontier=       32 next=        8 consolidate=  0.023ms frontier=  0.008ms semisort=  0.021ms (keyed= 0.000ms group_by=  0.006ms per_group= 0.003ms)
[pe] round=  9 work=        8 frontier=        8 next=        2 consolidate=  0.008ms frontier=  0.003ms semisort=  0.005ms (keyed= 0.000ms group_by=  0.003ms per_group= 0.001ms)
[pe] round= 10 work=        2 frontier=        0 next=        0 consolidate=  0.002ms frontier=  0.001ms semisort=  0.000ms (break)
[pe] round=  0 work=      110 frontier=   998250 next=   332750 consolidate=  0.200ms frontier=  0.317ms semisort= 24.762ms (keyed= 0.000ms group_by=  6.355ms per_group= 5.866ms)
[pe] round=  1 work=   332750 frontier=   332750 next=   122976 consolidate= 24.801ms frontier=  5.504ms semisort= 12.159ms (keyed= 0.000ms group_by=  2.402ms per_group= 2.229ms)
[pe] round=  2 work=   122976 frontier=   122976 next=    32768 consolidate=  9.297ms frontier=  2.077ms semisort=  9.755ms (keyed= 0.000ms group_by=  6.060ms per_group= 0.741ms)
[pe] round=  3 work=    32768 frontier=    32768 next=     8192 consolidate=  2.929ms frontier=  0.716ms semisort=  3.245ms (keyed= 0.000ms group_by=  1.828ms per_group= 0.270ms)
[pe] round=  4 work=     8192 frontier=     8192 next=     2048 consolidate=  1.631ms frontier=  0.379ms semisort=  0.956ms (keyed= 0.000ms group_by=  0.435ms per_group= 0.102ms)
[pe] round=  5 work=     2048 frontier=     2048 next=      512 consolidate=  0.414ms frontier=  0.158ms semisort=  0.306ms (keyed= 0.000ms group_by=  0.114ms per_group= 0.044ms)
[pe] round=  6 work=      512 frontier=      512 next=      128 consolidate=  0.116ms frontier=  0.052ms semisort=  0.112ms (keyed= 0.000ms group_by=  0.037ms per_group= 0.022ms)
[pe] round=  7 work=      128 frontier=      128 next=       32 consolidate=  0.059ms frontier=  0.023ms semisort=  0.051ms (keyed= 0.000ms group_by=  0.015ms per_group= 0.012ms)
[pe] round=  8 work=       32 frontier=       32 next=        8 consolidate=  0.021ms frontier=  0.008ms semisort=  0.014ms (keyed= 0.000ms group_by=  0.006ms per_group= 0.003ms)
[pe] round=  9 work=        8 frontier=        8 next=        2 consolidate=  0.008ms frontier=  0.003ms semisort=  0.005ms (keyed= 0.000ms group_by=  0.003ms per_group= 0.001ms)
[pe] round= 10 work=        2 frontier=        0 next=        0 consolidate=  0.002ms frontier=  0.001ms semisort=  0.000ms (break)
[pe] round=  0 work=      110 frontier=   998250 next=   332750 consolidate=  0.202ms frontier=  0.303ms semisort= 24.887ms (keyed= 0.000ms group_by=  6.388ms per_group= 5.854ms)
[pe] round=  1 work=   332750 frontier=   332750 next=   122976 consolidate= 23.957ms frontier=  5.482ms semisort= 11.856ms (keyed= 0.000ms group_by=  2.472ms per_group= 2.214ms)
[pe] round=  2 work=   122976 frontier=   122976 next=    32768 consolidate=  9.267ms frontier=  2.053ms semisort=  9.170ms (keyed= 0.000ms group_by=  5.614ms per_group= 0.757ms)
[pe] round=  3 work=    32768 frontier=    32768 next=     8192 consolidate=  2.641ms frontier=  0.915ms semisort=  3.066ms (keyed= 0.000ms group_by=  1.655ms per_group= 0.272ms)
[pe] round=  4 work=     8192 frontier=     8192 next=     2048 consolidate=  1.582ms frontier=  0.370ms semisort=  0.968ms (keyed= 0.000ms group_by=  0.440ms per_group= 0.102ms)
[pe] round=  5 work=     2048 frontier=     2048 next=      512 consolidate=  0.402ms frontier=  0.156ms semisort=  0.427ms (keyed= 0.000ms group_by=  0.233ms per_group= 0.043ms)
[pe] round=  6 work=      512 frontier=      512 next=      128 consolidate=  0.142ms frontier=  0.054ms semisort=  0.112ms (keyed= 0.000ms group_by=  0.040ms per_group= 0.023ms)
[pe] round=  7 work=      128 frontier=      128 next=       32 consolidate=  0.045ms frontier=  0.024ms semisort=  0.050ms (keyed= 0.000ms group_by=  0.016ms per_group= 0.012ms)
[pe] round=  8 work=       32 frontier=       32 next=        8 consolidate=  0.022ms frontier=  0.010ms semisort=  0.021ms (keyed= 0.000ms group_by=  0.006ms per_group= 0.004ms)
[pe] round=  9 work=        8 frontier=        8 next=        2 consolidate=  0.010ms frontier=  0.002ms semisort=  0.005ms (keyed= 0.000ms group_by=  0.003ms per_group= 0.001ms)
[pe] round= 10 work=        2 frontier=        0 next=        0 consolidate=  0.002ms frontier=  0.001ms semisort=  0.000ms (break)
[pe] round=  0 work=      110 frontier=   998250 next=   332750 consolidate=  0.193ms frontier=  0.286ms semisort= 25.126ms (keyed= 0.000ms group_by=  6.349ms per_group= 5.865ms)
[pe] round=  1 work=   332750 frontier=   332750 next=   122976 consolidate= 23.940ms frontier=  5.481ms semisort= 11.727ms (keyed= 0.000ms group_by=  2.464ms per_group= 2.218ms)
[pe] round=  2 work=   122976 frontier=   122976 next=    32768 consolidate=  9.234ms frontier=  2.242ms semisort=  9.275ms (keyed= 0.000ms group_by=  5.654ms per_group= 0.742ms)
[pe] round=  3 work=    32768 frontier=    32768 next=     8192 consolidate=  2.582ms frontier=  0.685ms semisort=  3.377ms (keyed= 0.000ms group_by=  1.942ms per_group= 0.288ms)
[pe] round=  4 work=     8192 frontier=     8192 next=     2048 consolidate=  1.504ms frontier=  0.365ms semisort=  0.958ms (keyed= 0.000ms group_by=  0.435ms per_group= 0.097ms)
[pe] round=  5 work=     2048 frontier=     2048 next=      512 consolidate=  0.431ms frontier=  0.136ms semisort=  0.297ms (keyed= 0.000ms group_by=  0.116ms per_group= 0.043ms)
[pe] round=  6 work=      512 frontier=      512 next=      128 consolidate=  0.130ms frontier=  0.059ms semisort=  0.114ms (keyed= 0.000ms group_by=  0.037ms per_group= 0.021ms)
[pe] round=  7 work=      128 frontier=      128 next=       32 consolidate=  0.054ms frontier=  0.024ms semisort=  0.054ms (keyed= 0.000ms group_by=  0.016ms per_group= 0.012ms)
[pe] round=  8 work=       32 frontier=       32 next=        8 consolidate=  0.021ms frontier=  0.009ms semisort=  0.021ms (keyed= 0.000ms group_by=  0.006ms per_group= 0.003ms)
[pe] round=  9 work=        8 frontier=        8 next=        2 consolidate=  0.009ms frontier=  0.003ms semisort=  0.005ms (keyed= 0.000ms group_by=  0.003ms per_group= 0.001ms)
[pe] round= 10 work=        2 frontier=        0 next=        0 consolidate=  0.002ms frontier=  0.001ms semisort=  0.000ms (break)
