[synthetic_bench] cube n=55 d=3 classes=505288 merges=55 ...
[pe] round=  0 work=      110 frontier=   998250 next=   332750 consolidate=  2.735ms frontier=  2.732ms semisort=165.144ms (keyed= 0.000ms group_by= 67.132ms per_group=33.756ms)
[pe] round=  1 work=   332750 frontier=   332750 next=   113380 consolidate= 97.913ms frontier= 14.366ms semisort= 62.515ms (keyed= 0.000ms group_by= 20.407ms per_group=11.895ms)
[pe] round=  2 work=   113380 frontier=   113380 next=    39366 consolidate= 32.125ms frontier=  5.351ms semisort= 28.713ms (keyed= 0.000ms group_by= 15.059ms per_group= 4.162ms)
[pe] round=  3 work=    39366 frontier=    39366 next=    13122 consolidate= 10.677ms frontier=  1.756ms semisort=  8.594ms (keyed= 0.000ms group_by=  4.898ms per_group= 1.178ms)
[pe] round=  4 work=    13122 frontier=    13122 next=     4374 consolidate=  3.950ms frontier=  0.784ms semisort=  2.773ms (keyed= 0.000ms group_by=  1.328ms per_group= 0.467ms)
[pe] round=  5 work=     4374 frontier=     4374 next=     1458 consolidate=  1.305ms frontier=  0.311ms semisort=  0.930ms (keyed= 0.000ms group_by=  0.377ms per_group= 0.156ms)
[pe] round=  6 work=     1458 frontier=     1458 next=      486 consolidate=  0.527ms frontier=  0.171ms semisort=  0.324ms (keyed= 0.000ms group_by=  0.141ms per_group= 0.053ms)
[pe] round=  7 work=      486 frontier=      486 next=      162 consolidate=  0.202ms frontier=  0.056ms semisort=  0.137ms (keyed= 0.000ms group_by=  0.056ms per_group= 0.034ms)
[pe] round=  8 work=      162 frontier=      162 next=       54 consolidate=  0.102ms frontier=  0.020ms semisort=  0.055ms (keyed= 0.000ms group_by=  0.024ms per_group= 0.010ms)
[pe] round=  9 work=       54 frontier=       54 next=       18 consolidate=  0.039ms frontier=  0.008ms semisort=  0.023ms (keyed= 0.000ms group_by=  0.010ms per_group= 0.005ms)
[pe] round= 10 work=       18 frontier=       18 next=        6 consolidate=  0.014ms frontier=  0.004ms semisort=  0.013ms (keyed= 0.000ms group_by=  0.007ms per_group= 0.002ms)
[pe] round= 11 work=        6 frontier=        6 next=        2 consolidate=  0.006ms frontier=  0.002ms semisort=  0.008ms (keyed= 0.000ms group_by=  0.005ms per_group= 0.001ms)
[pe] round= 12 work=        2 frontier=        0 next=        0 consolidate=  0.003ms frontier=  0.001ms semisort=  0.000ms (break)
[pe] round=  0 work=      110 frontier=   998250 next=   332750 consolidate=  0.631ms frontier=  1.034ms semisort=116.020ms (keyed= 0.000ms group_by= 39.697ms per_group=27.408ms)
[pe] round=  1 work=   332750 frontier=   332750 next=   113380 consolidate= 91.029ms frontier= 14.381ms semisort= 57.314ms (keyed= 0.001ms group_by= 15.620ms per_group=10.608ms)
[pe] round=  2 work=   113380 frontier=   113380 next=    39366 consolidate= 32.742ms frontier=  5.626ms semisort= 27.096ms (keyed= 0.000ms group_by= 14.242ms per_group= 3.679ms)
[pe] round=  3 work=    39366 frontier=    39366 next=    13122 consolidate= 10.432ms frontier=  1.812ms semisort=  8.244ms (keyed= 0.000ms group_by=  4.676ms per_group= 1.154ms)
[pe] round=  4 work=    13122 frontier=    13122 next=     4374 consolidate=  3.809ms frontier=  0.669ms semisort=  2.676ms (keyed= 0.000ms group_by=  1.234ms per_group= 0.442ms)
[pe] round=  5 work=     4374 frontier=     4374 next=     1458 consolidate=  1.263ms frontier=  0.251ms semisort=  0.832ms (keyed= 0.000ms group_by=  0.315ms per_group= 0.139ms)
[pe] round=  6 work=     1458 frontier=     1458 next=      486 consolidate=  0.469ms frontier=  0.125ms semisort=  0.304ms (keyed= 0.000ms group_by=  0.136ms per_group= 0.049ms)
[pe] round=  7 work=      486 frontier=      486 next=      162 consolidate=  0.191ms frontier=  0.050ms semisort=  0.114ms (keyed= 0.000ms group_by=  0.047ms per_group= 0.024ms)
[pe] round=  8 work=      162 frontier=      162 next=       54 consolidate=  0.064ms frontier=  0.018ms semisort=  0.047ms (keyed= 0.000ms group_by=  0.018ms per_group= 0.011ms)
[pe] round=  9 work=       54 frontier=       54 next=       18 consolidate=  0.035ms frontier=  0.007ms semisort=  0.020ms (keyed= 0.000ms group_by=  0.009ms per_group= 0.004ms)
[pe] round= 10 work=       18 frontier=       18 next=        6 consolidate=  0.012ms frontier=  0.003ms semisort=  0.010ms (keyed= 0.000ms group_by=  0.005ms per_group= 0.002ms)
[pe] round= 11 work=        6 frontier=        6 next=        2 consolidate=  0.005ms frontier=  0.002ms semisort=  0.007ms (keyed= 0.000ms group_by=  0.004ms per_group= 0.001ms)
[pe] round= 12 work=        2 frontier=        0 next=        0 consolidate=  0.003ms frontier=  0.001ms semisort=  0.000ms (break)
[pe] round=  0 work=      110 frontier=   998250 next=   332750 consolidate=  1.341ms frontier=  1.492ms semisort=123.428ms (keyed= 0.000ms group_by= 45.648ms per_group=29.374ms)
[pe] round=  1 work=   332750 frontier=   332750 next=   113380 consolidate= 93.214ms frontier= 13.907ms semisort= 52.429ms (keyed= 0.000ms group_by= 14.498ms per_group= 9.652ms)
[pe] round=  2 work=   113380 frontier=   113380 next=    39366 consolidate= 32.613ms frontier=  5.553ms semisort= 25.831ms (keyed= 0.000ms group_by= 13.355ms per_group= 3.302ms)
[pe] round=  3 work=    39366 frontier=    39366 next=    13122 consolidate= 10.503ms frontier=  1.761ms semisort=  7.737ms (keyed= 0.000ms group_by=  4.247ms per_group= 1.108ms)
[pe] round=  4 work=    13122 frontier=    13122 next=     4374 consolidate=  3.852ms frontier=  0.668ms semisort=  2.510ms (keyed= 0.000ms group_by=  1.183ms per_group= 0.456ms)
[pe] round=  5 work=     4374 frontier=     4374 next=     1458 consolidate=  1.292ms frontier=  0.243ms semisort=  0.797ms (keyed= 0.000ms group_by=  0.308ms per_group= 0.132ms)
[pe] round=  6 work=     1458 frontier=     1458 next=      486 consolidate=  0.496ms frontier=  0.120ms semisort=  0.294ms (keyed= 0.000ms group_by=  0.126ms per_group= 0.048ms)
[pe] round=  7 work=      486 frontier=      486 next=      162 consolidate=  0.170ms frontier=  0.049ms semisort=  0.113ms (keyed= 0.000ms group_by=  0.045ms per_group= 0.026ms)
[pe] round=  8 work=      162 frontier=      162 next=       54 consolidate=  0.081ms frontier=  0.018ms semisort=  0.046ms (keyed= 0.000ms group_by=  0.017ms per_group= 0.011ms)
[pe] round=  9 work=       54 frontier=       54 next=       18 consolidate=  0.034ms frontier=  0.006ms semisort=  0.019ms (keyed= 0.000ms group_by=  0.008ms per_group= 0.004ms)
[pe] round= 10 work=       18 frontier=       18 next=        6 consolidate=  0.012ms frontier=  0.003ms semisort=  0.010ms (keyed= 0.000ms group_by=  0.005ms per_group= 0.002ms)
[pe] round= 11 work=        6 frontier=        6 next=        2 consolidate=  0.005ms frontier=  0.002ms semisort=  0.007ms (keyed= 0.000ms group_by=  0.004ms per_group= 0.001ms)
[pe] round= 12 work=        2 frontier=        0 next=        0 consolidate=  0.003ms frontier=  0.001ms semisort=  0.000ms (break)
[pe] round=  0 work=      110 frontier=   998250 next=   332750 consolidate=  0.611ms frontier=  0.959ms semisort=118.349ms (keyed= 0.000ms group_by= 42.852ms per_group=28.040ms)
[pe] round=  1 work=   332750 frontier=   332750 next=   113380 consolidate= 94.470ms frontier= 14.057ms semisort= 55.207ms (keyed= 0.000ms group_by= 16.188ms per_group= 9.740ms)
[pe] round=  2 work=   113380 frontier=   113380 next=    39366 consolidate= 33.603ms frontier=  5.622ms semisort= 26.228ms (keyed= 0.000ms group_by= 13.769ms per_group= 3.331ms)
[pe] round=  3 work=    39366 frontier=    39366 next=    13122 consolidate= 10.502ms frontier=  1.738ms semisort=  7.758ms (keyed= 0.000ms group_by=  4.271ms per_group= 1.104ms)
[pe] round=  4 work=    13122 frontier=    13122 next=     4374 consolidate=  3.744ms frontier=  0.682ms semisort=  2.444ms (keyed= 0.000ms group_by=  1.140ms per_group= 0.423ms)
[pe] round=  5 work=     4374 frontier=     4374 next=     1458 consolidate=  1.265ms frontier=  0.246ms semisort=  0.804ms (keyed= 0.000ms group_by=  0.307ms per_group= 0.133ms)
[pe] round=  6 work=     1458 frontier=     1458 next=      486 consolidate=  0.493ms frontier=  0.120ms semisort=  0.292ms (keyed= 0.000ms group_by=  0.125ms per_group= 0.047ms)
[pe] round=  7 work=      486 frontier=      486 next=      162 consolidate=  0.169ms frontier=  0.049ms semisort=  0.112ms (keyed= 0.000ms group_by=  0.044ms per_group= 0.026ms)
[pe] round=  8 work=      162 frontier=      162 next=       54 consolidate=  0.078ms frontier=  0.017ms semisort=  0.046ms (keyed= 0.000ms group_by=  0.018ms per_group= 0.011ms)
[pe] round=  9 work=       54 frontier=       54 next=       18 consolidate=  0.034ms frontier=  0.006ms semisort=  0.019ms (keyed= 0.000ms group_by=  0.008ms per_group= 0.004ms)
[pe] round= 10 work=       18 frontier=       18 next=        6 consolidate=  0.012ms frontier=  0.003ms semisort=  0.010ms (keyed= 0.000ms group_by=  0.005ms per_group= 0.002ms)
[pe] round= 11 work=        6 frontier=        6 next=        2 consolidate=  0.005ms frontier=  0.002ms semisort=  0.007ms (keyed= 0.000ms group_by=  0.004ms per_group= 0.001ms)
[pe] round= 12 work=        2 frontier=        0 next=        0 consolidate=  0.003ms frontier=  0.001ms semisort=  0.000ms (break)
[pe] round=  0 work=      110 frontier=   998250 next=   332750 consolidate=  0.633ms frontier=  0.949ms semisort=120.817ms (keyed= 0.000ms group_by= 44.744ms per_group=27.790ms)
[pe] round=  1 work=   332750 frontier=   332750 next=   113380 consolidate= 82.370ms frontier= 14.602ms semisort= 49.072ms (keyed= 0.000ms group_by= 13.075ms per_group= 8.754ms)
[pe] round=  2 work=   113380 frontier=   113380 next=    39366 consolidate= 30.787ms frontier=  5.533ms semisort= 23.477ms (keyed= 0.000ms group_by= 11.965ms per_group= 2.918ms)
[pe] round=  3 work=    39366 frontier=    39366 next=    13122 consolidate=  9.679ms frontier=  1.550ms semisort=  6.916ms (keyed= 0.000ms group_by=  3.725ms per_group= 1.008ms)
[pe] round=  4 work=    13122 frontier=    13122 next=     4374 consolidate=  3.364ms frontier=  0.620ms semisort=  2.203ms (keyed= 0.000ms group_by=  0.988ms per_group= 0.388ms)
[pe] round=  5 work=     4374 frontier=     4374 next=     1458 consolidate=  1.112ms frontier=  0.221ms semisort=  0.646ms (keyed= 0.000ms group_by=  0.240ms per_group= 0.113ms)
[pe] round=  6 work=     1458 frontier=     1458 next=      486 consolidate=  0.429ms frontier=  0.089ms semisort=  0.248ms (keyed= 0.000ms group_by=  0.079ms per_group= 0.049ms)
[pe] round=  7 work=      486 frontier=      486 next=      162 consolidate=  0.154ms frontier=  0.039ms semisort=  0.100ms (keyed= 0.000ms group_by=  0.035ms per_group= 0.025ms)
[pe] round=  8 work=      162 frontier=      162 next=       54 consolidate=  0.060ms frontier=  0.014ms semisort=  0.036ms (keyed= 0.000ms group_by=  0.013ms per_group= 0.009ms)
[pe] round=  9 work=       54 frontier=       54 next=       18 consolidate=  0.026ms frontier=  0.005ms semisort=  0.015ms (keyed= 0.000ms group_by=  0.006ms per_group= 0.003ms)
[pe] round= 10 work=       18 frontier=       18 next=        6 consolidate=  0.010ms frontier=  0.003ms semisort=  0.008ms (keyed= 0.000ms group_by=  0.004ms per_group= 0.001ms)
[pe] round= 11 work=        6 frontier=        6 next=        2 consolidate=  0.004ms frontier=  0.001ms semisort=  0.005ms (keyed= 0.000ms group_by=  0.003ms per_group= 0.001ms)
[pe] round= 12 work=        2 frontier=        0 next=        0 consolidate=  0.002ms frontier=  0.001ms semisort=  0.000ms (break)
[pe] round=  0 work=      110 frontier=   998250 next=   332750 consolidate=  0.621ms frontier=  0.922ms semisort=107.406ms (keyed= 0.000ms group_by= 38.673ms per_group=25.007ms)
[pe] round=  1 work=   332750 frontier=   332750 next=   113380 consolidate= 86.666ms frontier= 13.379ms semisort= 51.653ms (keyed= 0.000ms group_by= 13.413ms per_group= 8.873ms)
[pe] round=  2 work=   113380 frontier=   113380 next=    39366 consolidate= 30.807ms frontier=  5.471ms semisort= 23.840ms (keyed= 0.000ms group_by= 12.132ms per_group= 3.035ms)
[pe] round=  3 work=    39366 frontier=    39366 next=    13122 consolidate=  9.689ms frontier=  1.535ms semisort=  6.916ms (keyed= 0.000ms group_by=  3.766ms per_group= 0.951ms)
[pe] round=  4 work=    13122 frontier=    13122 next=     4374 consolidate=  3.419ms frontier=  0.606ms semisort=  2.178ms (keyed= 0.000ms group_by=  0.981ms per_group= 0.379ms)
[pe] round=  5 work=     4374 frontier=     4374 next=     1458 consolidate=  1.111ms frontier=  0.240ms semisort=  0.649ms (keyed= 0.000ms group_by=  0.241ms per_group= 0.113ms)
[pe] round=  6 work=     1458 frontier=     1458 next=      486 consolidate=  0.427ms frontier=  0.089ms semisort=  0.244ms (keyed= 0.000ms group_by=  0.080ms per_group= 0.040ms)
[pe] round=  7 work=      486 frontier=      486 next=      162 consolidate=  0.154ms frontier=  0.039ms semisort=  0.100ms (keyed= 0.000ms group_by=  0.035ms per_group= 0.026ms)
[pe] round=  8 work=      162 frontier=      162 next=       54 consolidate=  0.057ms frontier=  0.014ms semisort=  0.035ms (keyed= 0.000ms group_by=  0.014ms per_group= 0.008ms)
[pe] round=  9 work=       54 frontier=       54 next=       18 consolidate=  0.025ms frontier=  0.005ms semisort=  0.015ms (keyed= 0.000ms group_by=  0.006ms per_group= 0.003ms)
[pe] round= 10 work=       18 frontier=       18 next=        6 consolidate=  0.009ms frontier=  0.002ms semisort=  0.008ms (keyed= 0.000ms group_by=  0.004ms per_group= 0.001ms)
[pe] round= 11 work=        6 frontier=        6 next=        2 consolidate=  0.004ms frontier=  0.001ms semisort=  0.005ms (keyed= 0.000ms group_by=  0.003ms per_group= 0.001ms)
[pe] round= 12 work=        2 frontier=        0 next=        0 consolidate=  0.002ms frontier=  0.001ms semisort=  0.000ms (break)
