[synthetic_bench] cube n=105 d=4 classes=3742826 merges=105 ...
[pe] round=  0 work=      210 frontier=  6945750 next=  2315250 consolidate=  2.147ms frontier=  2.841ms semisort=122.390ms (keyed= 0.000ms group_by= 51.987ms per_group=22.255ms)
[pe] round=  1 work=  2315250 frontier=  2315250 next=   888446 consolidate= 73.941ms frontier= 18.440ms semisort= 61.430ms (keyed= 0.000ms group_by= 19.024ms per_group= 9.614ms)
[pe] round=  2 work=   888446 frontier=   888446 next=   373844 consolidate= 30.377ms frontier=  8.202ms semisort= 23.649ms (keyed= 0.000ms group_by=  6.464ms per_group= 4.067ms)
[pe] round=  3 work=   373844 frontier=   373844 next=   121386 consolidate= 13.869ms frontier=  3.394ms semisort=  8.488ms (keyed= 0.000ms group_by=  2.103ms per_group= 1.355ms)
[pe] round=  4 work=   121386 frontier=   121386 next=    32768 consolidate=  4.632ms frontier=  1.007ms semisort= 14.830ms (keyed= 0.000ms group_by= 12.808ms per_group= 0.476ms)
[pe] round=  5 work=    32768 frontier=    32768 next=     8192 consolidate=  1.337ms frontier=  0.338ms semisort=  3.932ms (keyed= 0.000ms group_by=  3.390ms per_group= 0.146ms)
[pe] round=  6 work=     8192 frontier=     8192 next=     2048 consolidate=  0.980ms frontier=  0.357ms semisort=  0.865ms (keyed= 0.000ms group_by=  0.514ms per_group= 0.051ms)
[pe] round=  7 work=     2048 frontier=     2048 next=      512 consolidate=  0.296ms frontier=  0.100ms semisort=  0.263ms (keyed= 0.000ms group_by=  0.146ms per_group= 0.025ms)
[pe] round=  8 work=      512 frontier=      512 next=      128 consolidate=  0.082ms frontier=  0.037ms semisort=  0.096ms (keyed= 0.000ms group_by=  0.045ms per_group= 0.015ms)
[pe] round=  9 work=      128 frontier=      128 next=       32 consolidate=  0.031ms frontier=  0.020ms semisort=  0.045ms (keyed= 0.000ms group_by=  0.020ms per_group= 0.009ms)
[pe] round= 10 work=       32 frontier=       32 next=        8 consolidate=  0.016ms frontier=  0.007ms semisort=  0.024ms (keyed= 0.000ms group_by=  0.010ms per_group= 0.004ms)
[pe] round= 11 work=        8 frontier=        8 next=        2 consolidate=  0.010ms frontier=  0.003ms semisort=  0.010ms (keyed= 0.000ms group_by=  0.006ms per_group= 0.001ms)
[pe] round= 12 work=        2 frontier=        0 next=        0 consolidate=  0.004ms frontier=  0.002ms semisort=  0.000ms (break)
[pe] round=  0 work=      210 frontier=  6945750 next=  2315250 consolidate=  0.909ms frontier=  1.808ms semisort=118.922ms (keyed= 0.000ms group_by= 48.090ms per_group=23.475ms)
[pe] round=  1 work=  2315250 frontier=  2315250 next=   888446 consolidate= 80.008ms frontier= 21.629ms semisort= 61.427ms (keyed= 0.000ms group_by= 19.408ms per_group= 9.685ms)
[pe] round=  2 work=   888446 frontier=   888446 next=   373844 consolidate= 32.901ms frontier=  9.025ms semisort= 24.519ms (keyed= 0.000ms group_by=  6.487ms per_group= 4.315ms)
[pe] round=  3 work=   373844 frontier=   373844 next=   121386 consolidate= 14.009ms frontier=  3.807ms semisort=  8.513ms (keyed= 0.000ms group_by=  2.147ms per_group= 1.366ms)
[pe] round=  4 work=   121386 frontier=   121386 next=    32768 consolidate=  4.743ms frontier=  1.002ms semisort= 16.894ms (keyed= 0.000ms group_by= 14.683ms per_group= 0.574ms)
[pe] round=  5 work=    32768 frontier=    32768 next=     8192 consolidate=  1.427ms frontier=  0.375ms semisort=  3.864ms (keyed= 0.000ms group_by=  3.277ms per_group= 0.163ms)
[pe] round=  6 work=     8192 frontier=     8192 next=     2048 consolidate=  1.028ms frontier=  0.352ms semisort=  0.879ms (keyed= 0.000ms group_by=  0.539ms per_group= 0.057ms)
[pe] round=  7 work=     2048 frontier=     2048 next=      512 consolidate=  0.294ms frontier=  0.116ms semisort=  0.267ms (keyed= 0.000ms group_by=  0.150ms per_group= 0.028ms)
[pe] round=  8 work=      512 frontier=      512 next=      128 consolidate=  0.108ms frontier=  0.050ms semisort=  0.097ms (keyed= 0.000ms group_by=  0.048ms per_group= 0.015ms)
[pe] round=  9 work=      128 frontier=      128 next=       32 consolidate=  0.036ms frontier=  0.022ms semisort=  0.047ms (keyed= 0.000ms group_by=  0.021ms per_group= 0.009ms)
[pe] round= 10 work=       32 frontier=       32 next=        8 consolidate=  0.019ms frontier=  0.008ms semisort=  0.022ms (keyed= 0.000ms group_by=  0.010ms per_group= 0.004ms)
[pe] round= 11 work=        8 frontier=        8 next=        2 consolidate=  0.009ms frontier=  0.003ms semisort=  0.010ms (keyed= 0.000ms group_by=  0.007ms per_group= 0.001ms)
[pe] round= 12 work=        2 frontier=        0 next=        0 consolidate=  0.004ms frontier=  0.002ms semisort=  0.000ms (break)
[pe] round=  0 work=      210 frontier=  6945750 next=  2315250 consolidate=  1.038ms frontier=  1.874ms semisort=119.994ms (keyed= 0.000ms group_by= 47.859ms per_group=23.991ms)
[pe] round=  1 work=  2315250 frontier=  2315250 next=   888446 consolidate= 78.296ms frontier= 24.292ms semisort= 62.344ms (keyed= 0.000ms group_by= 19.952ms per_group=10.238ms)
[pe] round=  2 work=   888446 frontier=   888446 next=   373844 consolidate= 35.653ms frontier=  9.453ms semisort= 24.523ms (keyed= 0.000ms group_by=  6.394ms per_group= 3.933ms)
[pe] round=  3 work=   373844 frontier=   373844 next=   121386 consolidate= 14.932ms frontier=  3.634ms semisort=  8.326ms (keyed= 0.000ms group_by=  2.316ms per_group= 1.424ms)
[pe] round=  4 work=   121386 frontier=   121386 next=    32768 consolidate=  4.827ms frontier=  1.102ms semisort= 15.009ms (keyed= 0.000ms group_by= 12.647ms per_group= 0.693ms)
[pe] round=  5 work=    32768 frontier=    32768 next=     8192 consolidate=  2.646ms frontier=  0.447ms semisort=  4.036ms (keyed= 0.000ms group_by=  3.310ms per_group= 0.282ms)
[pe] round=  6 work=     8192 frontier=     8192 next=     2048 consolidate=  1.170ms frontier=  0.405ms semisort=  0.904ms (keyed= 0.000ms group_by=  0.552ms per_group= 0.062ms)
[pe] round=  7 work=     2048 frontier=     2048 next=      512 consolidate=  0.303ms frontier=  0.109ms semisort=  0.270ms (keyed= 0.000ms group_by=  0.153ms per_group= 0.025ms)
[pe] round=  8 work=      512 frontier=      512 next=      128 consolidate=  0.103ms frontier=  0.044ms semisort=  0.109ms (keyed= 0.000ms group_by=  0.049ms per_group= 0.021ms)
[pe] round=  9 work=      128 frontier=      128 next=       32 consolidate=  0.041ms frontier=  0.026ms semisort=  0.061ms (keyed= 0.000ms group_by=  0.024ms per_group= 0.014ms)
[pe] round= 10 work=       32 frontier=       32 next=        8 consolidate=  0.022ms frontier=  0.008ms semisort=  0.019ms (keyed= 0.000ms group_by=  0.010ms per_group= 0.003ms)
[pe] round= 11 work=        8 frontier=        8 next=        2 consolidate=  0.020ms frontier=  0.004ms semisort=  0.010ms (keyed= 0.000ms group_by=  0.006ms per_group= 0.001ms)
[pe] round= 12 work=        2 frontier=        0 next=        0 consolidate=  0.003ms frontier=  0.001ms semisort=  0.000ms (break)
[pe] round=  0 work=      210 frontier=  6945750 next=  2315250 consolidate=  2.232ms frontier=  2.782ms semisort=127.252ms (keyed= 0.000ms group_by= 48.431ms per_group=23.792ms)
[pe] round=  1 work=  2315250 frontier=  2315250 next=   888446 consolidate= 89.503ms frontier= 25.238ms semisort= 64.795ms (keyed= 0.000ms group_by= 19.620ms per_group= 9.623ms)
[pe] round=  2 work=   888446 frontier=   888446 next=   373844 consolidate= 33.819ms frontier=  9.506ms semisort= 22.960ms (keyed= 0.000ms group_by=  6.279ms per_group= 3.993ms)
[pe] round=  3 work=   373844 frontier=   373844 next=   121386 consolidate= 14.750ms frontier=  3.645ms semisort=  8.268ms (keyed= 0.000ms group_by=  2.209ms per_group= 1.347ms)
[pe] round=  4 work=   121386 frontier=   121386 next=    32768 consolidate=  4.990ms frontier=  1.075ms semisort= 14.390ms (keyed= 0.000ms group_by= 12.250ms per_group= 0.515ms)
[pe] round=  5 work=    32768 frontier=    32768 next=     8192 consolidate=  1.313ms frontier=  0.347ms semisort=  3.652ms (keyed= 0.000ms group_by=  3.076ms per_group= 0.166ms)
[pe] round=  6 work=     8192 frontier=     8192 next=     2048 consolidate=  0.864ms frontier=  0.334ms semisort=  0.783ms (keyed= 0.000ms group_by=  0.495ms per_group= 0.052ms)
[pe] round=  7 work=     2048 frontier=     2048 next=      512 consolidate=  0.234ms frontier=  0.092ms semisort=  0.247ms (keyed= 0.000ms group_by=  0.126ms per_group= 0.025ms)
[pe] round=  8 work=      512 frontier=      512 next=      128 consolidate=  0.085ms frontier=  0.041ms semisort=  0.085ms (keyed= 0.000ms group_by=  0.037ms per_group= 0.015ms)
[pe] round=  9 work=      128 frontier=      128 next=       32 consolidate=  0.039ms frontier=  0.022ms semisort=  0.046ms (keyed= 0.000ms group_by=  0.018ms per_group= 0.011ms)
[pe] round= 10 work=       32 frontier=       32 next=        8 consolidate=  0.018ms frontier=  0.006ms semisort=  0.014ms (keyed= 0.000ms group_by=  0.007ms per_group= 0.002ms)
[pe] round= 11 work=        8 frontier=        8 next=        2 consolidate=  0.012ms frontier=  0.003ms semisort=  0.009ms (keyed= 0.000ms group_by=  0.005ms per_group= 0.001ms)
[pe] round= 12 work=        2 frontier=        0 next=        0 consolidate=  0.004ms frontier=  0.001ms semisort=  0.000ms (break)
[pe] round=  0 work=      210 frontier=  6945750 next=  2315250 consolidate=  1.059ms frontier=  1.908ms semisort=121.493ms (keyed= 0.000ms group_by= 48.831ms per_group=23.776ms)
[pe] round=  1 work=  2315250 frontier=  2315250 next=   888446 consolidate= 79.170ms frontier= 22.512ms semisort= 58.573ms (keyed= 0.000ms group_by= 19.234ms per_group= 9.476ms)
[pe] round=  2 work=   888446 frontier=   888446 next=   373844 consolidate= 33.369ms frontier=  9.188ms semisort= 22.898ms (keyed= 0.000ms group_by=  6.243ms per_group= 3.956ms)
[pe] round=  3 work=   373844 frontier=   373844 next=   121386 consolidate= 14.284ms frontier=  3.622ms semisort=  8.264ms (keyed= 0.000ms group_by=  2.235ms per_group= 1.348ms)
[pe] round=  4 work=   121386 frontier=   121386 next=    32768 consolidate=  4.781ms frontier=  1.052ms semisort= 13.544ms (keyed= 0.000ms group_by= 11.432ms per_group= 0.505ms)
[pe] round=  5 work=    32768 frontier=    32768 next=     8192 consolidate=  1.346ms frontier=  0.339ms semisort=  4.071ms (keyed= 0.000ms group_by=  3.499ms per_group= 0.154ms)
[pe] round=  6 work=     8192 frontier=     8192 next=     2048 consolidate=  0.832ms frontier=  0.320ms semisort=  0.811ms (keyed= 0.000ms group_by=  0.497ms per_group= 0.056ms)
[pe] round=  7 work=     2048 frontier=     2048 next=      512 consolidate=  0.250ms frontier=  0.103ms semisort=  0.262ms (keyed= 0.000ms group_by=  0.135ms per_group= 0.027ms)
[pe] round=  8 work=      512 frontier=      512 next=      128 consolidate=  0.078ms frontier=  0.051ms semisort=  0.089ms (keyed= 0.000ms group_by=  0.038ms per_group= 0.018ms)
[pe] round=  9 work=      128 frontier=      128 next=       32 consolidate=  0.040ms frontier=  0.019ms semisort=  0.046ms (keyed= 0.000ms group_by=  0.017ms per_group= 0.012ms)
[pe] round= 10 work=       32 frontier=       32 next=        8 consolidate=  0.019ms frontier=  0.008ms semisort=  0.014ms (keyed= 0.000ms group_by=  0.007ms per_group= 0.002ms)
[pe] round= 11 work=        8 frontier=        8 next=        2 consolidate=  0.010ms frontier=  0.003ms semisort=  0.008ms (keyed= 0.000ms group_by=  0.005ms per_group= 0.001ms)
[pe] round= 12 work=        2 frontier=        0 next=        0 consolidate=  0.004ms frontier=  0.001ms semisort=  0.000ms (break)
[pe] round=  0 work=      210 frontier=  6945750 next=  2315250 consolidate=  1.074ms frontier=  1.939ms semisort=119.781ms (keyed= 0.000ms group_by= 48.411ms per_group=23.147ms)
[pe] round=  1 work=  2315250 frontier=  2315250 next=   888446 consolidate= 80.577ms frontier= 23.198ms semisort= 58.885ms (keyed= 0.000ms group_by= 19.368ms per_group= 9.576ms)
[pe] round=  2 work=   888446 frontier=   888446 next=   373844 consolidate= 33.324ms frontier=  9.298ms semisort= 22.853ms (keyed= 0.000ms group_by=  6.453ms per_group= 3.983ms)
[pe] round=  3 work=   373844 frontier=   373844 next=   121386 consolidate= 14.420ms frontier=  3.699ms semisort=  8.239ms (keyed= 0.000ms group_by=  2.219ms per_group= 1.355ms)
[pe] round=  4 work=   121386 frontier=   121386 next=    32768 consolidate=  4.855ms frontier=  1.070ms semisort= 14.425ms (keyed= 0.000ms group_by= 12.282ms per_group= 0.507ms)
[pe] round=  5 work=    32768 frontier=    32768 next=     8192 consolidate=  1.287ms frontier=  0.376ms semisort=  3.669ms (keyed= 0.000ms group_by=  3.099ms per_group= 0.150ms)
[pe] round=  6 work=     8192 frontier=     8192 next=     2048 consolidate=  0.866ms frontier=  0.307ms semisort=  0.809ms (keyed= 0.000ms group_by=  0.511ms per_group= 0.053ms)
[pe] round=  7 work=     2048 frontier=     2048 next=      512 consolidate=  0.238ms frontier=  0.105ms semisort=  0.262ms (keyed= 0.000ms group_by=  0.146ms per_group= 0.027ms)
[pe] round=  8 work=      512 frontier=      512 next=      128 consolidate=  0.090ms frontier=  0.052ms semisort=  0.082ms (keyed= 0.000ms group_by=  0.036ms per_group= 0.015ms)
[pe] round=  9 work=      128 frontier=      128 next=       32 consolidate=  0.043ms frontier=  0.028ms semisort=  0.045ms (keyed= 0.000ms group_by=  0.017ms per_group= 0.010ms)
[pe] round= 10 work=       32 frontier=       32 next=        8 consolidate=  0.020ms frontier=  0.006ms semisort=  0.014ms (keyed= 0.000ms group_by=  0.007ms per_group= 0.002ms)
[pe] round= 11 work=        8 frontier=        8 next=        2 consolidate=  0.010ms frontier=  0.003ms semisort=  0.009ms (keyed= 0.000ms group_by=  0.006ms per_group= 0.001ms)
[pe] round= 12 work=        2 frontier=        0 next=        0 consolidate=  0.004ms frontier=  0.001ms semisort=  0.000ms (break)
