[synthetic_bench] cube n=55 d=5 classes=499672 merges=55 ...
[pe] round=  0 work=      110 frontier=   998250 next=   332750 consolidate=  0.543ms frontier=  0.402ms semisort= 21.444ms (keyed= 0.000ms group_by=  7.992ms per_group= 4.950ms)
[pe] round=  1 work=   332750 frontier=   332750 next=   127750 consolidate= 12.604ms frontier=  2.368ms semisort=  9.280ms (keyed= 0.000ms group_by=  3.045ms per_group= 1.966ms)
[pe] round=  2 work=   127750 frontier=   127750 next=    31250 consolidate=  5.379ms frontier=  1.135ms semisort= 14.630ms (keyed= 0.000ms group_by= 12.485ms per_group= 0.589ms)
[pe] round=  3 work=    31250 frontier=    31250 next=     6250 consolidate=  1.366ms frontier=  0.346ms semisort=  3.229ms (keyed= 0.000ms group_by=  2.664ms per_group= 0.170ms)
[pe] round=  4 work=     6250 frontier=     6250 next=     1250 consolidate=  0.530ms frontier=  0.213ms semisort=  0.539ms (keyed= 0.000ms group_by=  0.329ms per_group= 0.039ms)
[pe] round=  5 work=     1250 frontier=     1250 next=      250 consolidate=  0.133ms frontier=  0.057ms semisort=  0.141ms (keyed= 0.000ms group_by=  0.075ms per_group= 0.020ms)
[pe] round=  6 work=      250 frontier=      250 next=       50 consolidate=  0.040ms frontier=  0.023ms semisort=  0.043ms (keyed= 0.000ms group_by=  0.019ms per_group= 0.008ms)
[pe] round=  7 work=       50 frontier=       50 next=       10 consolidate=  0.012ms frontier=  0.006ms semisort=  0.016ms (keyed= 0.000ms group_by=  0.006ms per_group= 0.003ms)
[pe] round=  8 work=       10 frontier=       10 next=        2 consolidate=  0.006ms frontier=  0.002ms semisort=  0.006ms (keyed= 0.000ms group_by=  0.004ms per_group= 0.001ms)
[pe] round=  9 work=        2 frontier=        0 next=        0 consolidate=  0.003ms frontier=  0.001ms semisort=  0.000ms (break)
[pe] round=  0 work=      110 frontier=   998250 next=   332750 consolidate=  0.171ms frontier=  0.223ms semisort= 19.378ms (keyed= 0.000ms group_by=  7.035ms per_group= 4.729ms)
[pe] round=  1 work=   332750 frontier=   332750 next=   127750 consolidate= 13.016ms frontier=  2.605ms semisort=  8.951ms (keyed= 0.000ms group_by=  2.682ms per_group= 1.870ms)
[pe] round=  2 work=   127750 frontier=   127750 next=    31250 consolidate=  5.567ms frontier=  1.206ms semisort= 14.416ms (keyed= 0.000ms group_by= 12.119ms per_group= 0.620ms)
[pe] round=  3 work=    31250 frontier=    31250 next=     6250 consolidate=  1.405ms frontier=  0.348ms semisort=  3.200ms (keyed= 0.000ms group_by=  2.646ms per_group= 0.168ms)
[pe] round=  4 work=     6250 frontier=     6250 next=     1250 consolidate=  0.569ms frontier=  0.223ms semisort=  0.543ms (keyed= 0.000ms group_by=  0.336ms per_group= 0.039ms)
[pe] round=  5 work=     1250 frontier=     1250 next=      250 consolidate=  0.130ms frontier=  0.057ms semisort=  0.156ms (keyed= 0.000ms group_by=  0.075ms per_group= 0.023ms)
[pe] round=  6 work=      250 frontier=      250 next=       50 consolidate=  0.047ms frontier=  0.023ms semisort=  0.042ms (keyed= 0.000ms group_by=  0.020ms per_group= 0.009ms)
[pe] round=  7 work=       50 frontier=       50 next=       10 consolidate=  0.012ms frontier=  0.007ms semisort=  0.016ms (keyed= 0.000ms group_by=  0.006ms per_group= 0.003ms)
[pe] round=  8 work=       10 frontier=       10 next=        2 consolidate=  0.005ms frontier=  0.002ms semisort=  0.006ms (keyed= 0.000ms group_by=  0.004ms per_group= 0.001ms)
[pe] round=  9 work=        2 frontier=        0 next=        0 consolidate=  0.003ms frontier=  0.001ms semisort=  0.000ms (break)
[pe] round=  0 work=      110 frontier=   998250 next=   332750 consolidate=  0.164ms frontier=  0.213ms semisort= 19.059ms (keyed= 0.000ms group_by=  6.814ms per_group= 4.651ms)
[pe] round=  1 work=   332750 frontier=   332750 next=   127750 consolidate= 13.137ms frontier=  2.525ms semisort=  8.411ms (keyed= 0.000ms group_by=  2.574ms per_group= 1.818ms)
[pe] round=  2 work=   127750 frontier=   127750 next=    31250 consolidate=  5.584ms frontier=  1.158ms semisort= 16.756ms (keyed= 0.000ms group_by= 14.415ms per_group= 0.586ms)
[pe] round=  3 work=    31250 frontier=    31250 next=     6250 consolidate=  1.439ms frontier=  0.326ms semisort=  3.387ms (keyed= 0.000ms group_by=  2.835ms per_group= 0.154ms)
[pe] round=  4 work=     6250 frontier=     6250 next=     1250 consolidate=  0.591ms frontier=  0.250ms semisort=  0.561ms (keyed= 0.000ms group_by=  0.344ms per_group= 0.038ms)
[pe] round=  5 work=     1250 frontier=     1250 next=      250 consolidate=  0.182ms frontier=  0.062ms semisort=  0.171ms (keyed= 0.000ms group_by=  0.088ms per_group= 0.031ms)
[pe] round=  6 work=      250 frontier=      250 next=       50 consolidate=  0.075ms frontier=  0.026ms semisort=  0.045ms (keyed= 0.000ms group_by=  0.021ms per_group= 0.007ms)
[pe] round=  7 work=       50 frontier=       50 next=       10 consolidate=  0.014ms frontier=  0.007ms semisort=  0.018ms (keyed= 0.000ms group_by=  0.008ms per_group= 0.003ms)
[pe] round=  8 work=       10 frontier=       10 next=        2 consolidate=  0.006ms frontier=  0.003ms semisort=  0.007ms (keyed= 0.000ms group_by=  0.005ms per_group= 0.001ms)
[pe] round=  9 work=        2 frontier=        0 next=        0 consolidate=  0.003ms frontier=  0.001ms semisort=  0.000ms (break)
[pe] round=  0 work=      110 frontier=   998250 next=   332750 consolidate=  0.187ms frontier=  0.223ms semisort= 17.573ms (keyed= 0.000ms group_by=  6.613ms per_group= 4.108ms)
[pe] round=  1 work=   332750 frontier=   332750 next=   127750 consolidate= 13.868ms frontier=  2.771ms semisort=  8.043ms (keyed= 0.000ms group_by=  2.400ms per_group= 1.658ms)
[pe] round=  2 work=   127750 frontier=   127750 next=    31250 consolidate=  5.550ms frontier=  1.140ms semisort= 14.209ms (keyed= 0.000ms group_by= 12.190ms per_group= 0.535ms)
[pe] round=  3 work=    31250 frontier=    31250 next=     6250 consolidate=  1.313ms frontier=  0.318ms semisort=  3.163ms (keyed= 0.000ms group_by=  2.649ms per_group= 0.157ms)
[pe] round=  4 work=     6250 frontier=     6250 next=     1250 consolidate=  0.558ms frontier=  0.221ms semisort=  0.519ms (keyed= 0.000ms group_by=  0.322ms per_group= 0.037ms)
[pe] round=  5 work=     1250 frontier=     1250 next=      250 consolidate=  0.136ms frontier=  0.055ms semisort=  0.149ms (keyed= 0.000ms group_by=  0.078ms per_group= 0.028ms)
[pe] round=  6 work=      250 frontier=      250 next=       50 consolidate=  0.041ms frontier=  0.024ms semisort=  0.043ms (keyed= 0.000ms group_by=  0.019ms per_group= 0.009ms)
[pe] round=  7 work=       50 frontier=       50 next=       10 consolidate=  0.012ms frontier=  0.006ms semisort=  0.015ms (keyed= 0.000ms group_by=  0.007ms per_group= 0.003ms)
[pe] round=  8 work=       10 frontier=       10 next=        2 consolidate=  0.005ms frontier=  0.002ms semisort=  0.006ms (keyed= 0.000ms group_by=  0.004ms per_group= 0.001ms)
[pe] round=  9 work=        2 frontier=        0 next=        0 consolidate=  0.003ms frontier=  0.001ms semisort=  0.000ms (break)
[pe] round=  0 work=      110 frontier=   998250 next=   332750 consolidate=  0.193ms frontier=  0.236ms semisort= 17.219ms (keyed= 0.000ms group_by=  6.479ms per_group= 3.975ms)
[pe] round=  1 work=   332750 frontier=   332750 next=   127750 consolidate= 12.603ms frontier=  2.810ms semisort=  7.945ms (keyed= 0.000ms group_by=  2.322ms per_group= 1.567ms)
[pe] round=  2 work=   127750 frontier=   127750 next=    31250 consolidate=  5.420ms frontier=  1.355ms semisort= 23.096ms (keyed= 0.000ms group_by= 20.755ms per_group= 0.674ms)
[pe] round=  3 work=    31250 frontier=    31250 next=     6250 consolidate=  1.860ms frontier=  0.494ms semisort=  5.589ms (keyed= 0.000ms group_by=  4.994ms per_group= 0.170ms)
[pe] round=  4 work=     6250 frontier=     6250 next=     1250 consolidate=  0.954ms frontier=  0.284ms semisort=  0.769ms (keyed= 0.000ms group_by=  0.507ms per_group= 0.051ms)
[pe] round=  5 work=     1250 frontier=     1250 next=      250 consolidate=  0.236ms frontier=  0.082ms semisort=  0.200ms (keyed= 0.000ms group_by=  0.117ms per_group= 0.023ms)
[pe] round=  6 work=      250 frontier=      250 next=       50 consolidate=  0.073ms frontier=  0.033ms semisort=  0.066ms (keyed= 0.000ms group_by=  0.030ms per_group= 0.012ms)
[pe] round=  7 work=       50 frontier=       50 next=       10 consolidate=  0.022ms frontier=  0.013ms semisort=  0.025ms (keyed= 0.000ms group_by=  0.010ms per_group= 0.004ms)
[pe] round=  8 work=       10 frontier=       10 next=        2 consolidate=  0.009ms frontier=  0.004ms semisort=  0.009ms (keyed= 0.000ms group_by=  0.005ms per_group= 0.001ms)
[pe] round=  9 work=        2 frontier=        0 next=        0 consolidate=  0.004ms frontier=  0.001ms semisort=  0.000ms (break)
[pe] round=  0 work=      110 frontier=   998250 next=   332750 consolidate=  0.549ms frontier=  0.307ms semisort= 19.381ms (keyed= 0.000ms group_by=  7.830ms per_group= 4.167ms)
[pe] round=  1 work=   332750 frontier=   332750 next=   127750 consolidate= 13.663ms frontier=  2.973ms semisort=  8.327ms (keyed= 0.000ms group_by=  2.443ms per_group= 1.617ms)
[pe] round=  2 work=   127750 frontier=   127750 next=    31250 consolidate=  5.671ms frontier=  1.301ms semisort= 19.219ms (keyed= 0.000ms group_by= 17.060ms per_group= 0.609ms)
[pe] round=  3 work=    31250 frontier=    31250 next=     6250 consolidate=  1.553ms frontier=  0.433ms semisort=  4.456ms (keyed= 0.001ms group_by=  3.849ms per_group= 0.185ms)
[pe] round=  4 work=     6250 frontier=     6250 next=     1250 consolidate=  0.895ms frontier=  0.271ms semisort=  0.657ms (keyed= 0.000ms group_by=  0.400ms per_group= 0.048ms)
[pe] round=  5 work=     1250 frontier=     1250 next=      250 consolidate=  0.204ms frontier=  0.075ms semisort=  0.197ms (keyed= 0.000ms group_by=  0.114ms per_group= 0.021ms)
[pe] round=  6 work=      250 frontier=      250 next=       50 consolidate=  0.069ms frontier=  0.031ms semisort=  0.058ms (keyed= 0.000ms group_by=  0.026ms per_group= 0.011ms)
[pe] round=  7 work=       50 frontier=       50 next=       10 consolidate=  0.021ms frontier=  0.009ms semisort=  0.022ms (keyed= 0.000ms group_by=  0.009ms per_group= 0.004ms)
[pe] round=  8 work=       10 frontier=       10 next=        2 consolidate=  0.009ms frontier=  0.004ms semisort=  0.008ms (keyed= 0.000ms group_by=  0.005ms per_group= 0.001ms)
[pe] round=  9 work=        2 frontier=        0 next=        0 consolidate=  0.003ms frontier=  0.001ms semisort=  0.000ms (break)
