[synthetic_bench] cube n=155 d=5 classes=12122372 merges=155 ...
[pe] round=  0 work=      310 frontier= 22343250 next=  7447750 consolidate= 72.972ms frontier= 86.304ms semisort=7362.974ms (keyed= 0.000ms group_by=3359.890ms per_group=1279.800ms)
[pe] round=  1 work=  7447750 frontier=  7447750 next=  3697750 consolidate=5465.111ms frontier=1228.306ms semisort=4012.142ms (keyed= 0.002ms group_by=1181.267ms per_group=567.974ms)
[pe] round=  2 work=  3697750 frontier=  3697750 next=   781250 consolidate=2765.325ms frontier=603.394ms semisort=1882.770ms (keyed= 0.000ms group_by=402.924ms per_group=165.158ms)
[pe] round=  3 work=   781250 frontier=   781250 next=   156250 consolidate=581.091ms frontier=126.743ms semisort=403.439ms (keyed= 0.000ms group_by= 79.664ms per_group=35.518ms)
[pe] round=  4 work=   156250 frontier=   156250 next=    31250 consolidate=115.887ms frontier= 16.232ms semisort= 59.488ms (keyed= 0.000ms group_by= 15.172ms per_group= 5.251ms)
[pe] round=  5 work=    31250 frontier=    31250 next=     6250 consolidate= 21.718ms frontier=  2.515ms semisort= 10.163ms (keyed= 0.000ms group_by=  3.024ms per_group= 1.072ms)
[pe] round=  6 work=     6250 frontier=     6250 next=     1250 consolidate=  3.370ms frontier=  0.479ms semisort=  1.718ms (keyed= 0.000ms group_by=  0.443ms per_group= 0.273ms)
[pe] round=  7 work=     1250 frontier=     1250 next=      250 consolidate=  0.715ms frontier=  0.086ms semisort=  0.276ms (keyed= 0.000ms group_by=  0.086ms per_group= 0.040ms)
[pe] round=  8 work=      250 frontier=      250 next=       50 consolidate=  0.137ms frontier=  0.015ms semisort=  0.052ms (keyed= 0.000ms group_by=  0.017ms per_group= 0.010ms)
[pe] round=  9 work=       50 frontier=       50 next=       10 consolidate=  0.028ms frontier=  0.004ms semisort=  0.013ms (keyed= 0.000ms group_by=  0.006ms per_group= 0.002ms)
[pe] round= 10 work=       10 frontier=       10 next=        2 consolidate=  0.006ms frontier=  0.002ms semisort=  0.006ms (keyed= 0.000ms group_by=  0.003ms per_group= 0.001ms)
[pe] round= 11 work=        2 frontier=        0 next=        0 consolidate=  0.002ms frontier=  0.001ms semisort=  0.000ms (break)
[pe] round=  0 work=      310 frontier= 22343250 next=  7447750 consolidate= 28.029ms frontier= 51.438ms semisort=7415.232ms (keyed= 0.000ms group_by=3399.458ms per_group=1316.368ms)
[pe] round=  1 work=  7447750 frontier=  7447750 next=  3697750 consolidate=6612.605ms frontier=1603.892ms semisort=4024.098ms (keyed= 0.000ms group_by=1258.349ms per_group=534.442ms)
[pe] round=  2 work=  3697750 frontier=  3697750 next=   781250 consolidate=3274.005ms frontier=812.910ms semisort=2024.439ms (keyed= 0.000ms group_by=525.565ms per_group=180.330ms)
[pe] round=  3 work=   781250 frontier=   781250 next=   156250 consolidate=701.442ms frontier=169.964ms semisort=413.241ms (keyed= 0.000ms group_by= 78.119ms per_group=34.269ms)
[pe] round=  4 work=   156250 frontier=   156250 next=    31250 consolidate=125.759ms frontier= 17.696ms semisort= 60.067ms (keyed= 0.000ms group_by= 15.242ms per_group= 5.185ms)
[pe] round=  5 work=    31250 frontier=    31250 next=     6250 consolidate= 22.815ms frontier=  3.060ms semisort= 10.320ms (keyed= 0.000ms group_by=  3.048ms per_group= 1.095ms)
[pe] round=  6 work=     6250 frontier=     6250 next=     1250 consolidate=  3.502ms frontier=  0.563ms semisort=  3.298ms (keyed= 0.000ms group_by=  0.384ms per_group= 0.227ms)
[pe] round=  7 work=     1250 frontier=     1250 next=      250 consolidate=  0.679ms frontier=  0.092ms semisort=  0.262ms (keyed= 0.000ms group_by=  0.073ms per_group= 0.039ms)
[pe] round=  8 work=      250 frontier=      250 next=       50 consolidate=  0.153ms frontier=  0.016ms semisort=  0.051ms (keyed= 0.000ms group_by=  0.016ms per_group= 0.009ms)
[pe] round=  9 work=       50 frontier=       50 next=       10 consolidate=  0.028ms frontier=  0.004ms semisort=  0.014ms (keyed= 0.000ms group_by=  0.006ms per_group= 0.002ms)
[pe] round= 10 work=       10 frontier=       10 next=        2 consolidate=  0.007ms frontier=  0.002ms semisort=  0.006ms (keyed= 0.000ms group_by=  0.004ms per_group= 0.001ms)
[pe] round= 11 work=        2 frontier=        0 next=        0 consolidate=  0.002ms frontier=  0.001ms semisort=  0.000ms (break)
[pe] round=  0 work=      310 frontier= 22343250 next=  7447750 consolidate= 42.665ms frontier= 51.708ms semisort=7402.295ms (keyed= 0.000ms group_by=3398.954ms per_group=1305.006ms)
[pe] round=  1 work=  7447750 frontier=  7447750 next=  3697750 consolidate=6637.880ms frontier=1581.790ms semisort=4033.202ms (keyed= 0.000ms group_by=1266.509ms per_group=541.302ms)
[pe] round=  2 work=  3697750 frontier=  3697750 next=   781250 consolidate=3280.072ms frontier=818.099ms semisort=2006.343ms (keyed= 0.000ms group_by=525.405ms per_group=160.757ms)
[pe] round=  3 work=   781250 frontier=   781250 next=   156250 consolidate=712.076ms frontier=166.077ms semisort=388.104ms (keyed= 0.000ms group_by= 78.038ms per_group=34.325ms)
[pe] round=  4 work=   156250 frontier=   156250 next=    31250 consolidate=132.800ms frontier= 17.624ms semisort= 61.632ms (keyed= 0.000ms group_by= 15.157ms per_group= 5.198ms)
[pe] round=  5 work=    31250 frontier=    31250 next=     6250 consolidate= 23.179ms frontier=  3.017ms semisort= 10.160ms (keyed= 0.000ms group_by=  2.965ms per_group= 1.072ms)
[pe] round=  6 work=     6250 frontier=     6250 next=     1250 consolidate=  3.507ms frontier=  0.565ms semisort=  1.653ms (keyed= 0.000ms group_by=  0.386ms per_group= 0.266ms)
[pe] round=  7 work=     1250 frontier=     1250 next=      250 consolidate=  0.738ms frontier=  0.092ms semisort=  0.263ms (keyed= 0.000ms group_by=  0.073ms per_group= 0.039ms)
[pe] round=  8 work=      250 frontier=      250 next=       50 consolidate=  0.137ms frontier=  0.015ms semisort=  0.052ms (keyed= 0.000ms group_by=  0.016ms per_group= 0.010ms)
[pe] round=  9 work=       50 frontier=       50 next=       10 consolidate=  0.039ms frontier=  0.004ms semisort=  0.014ms (keyed= 0.000ms group_by=  0.006ms per_group= 0.003ms)
[pe] round= 10 work=       10 frontier=       10 next=        2 consolidate=  0.006ms frontier=  0.002ms semisort=  0.006ms (keyed= 0.000ms group_by=  0.004ms per_group= 0.001ms)
[pe] round= 11 work=        2 frontier=        0 next=        0 consolidate=  0.002ms frontier=  0.001ms semisort=  0.000ms (break)
[pe] round=  0 work=      310 frontier= 22343250 next=  7447750 consolidate= 29.525ms frontier= 55.523ms semisort=7374.799ms (keyed= 0.000ms group_by=3411.973ms per_group=1264.143ms)
[pe] round=  1 work=  7447750 frontier=  7447750 next=  3697750 consolidate=6660.855ms frontier=1615.862ms semisort=4048.158ms (keyed= 0.000ms group_by=1256.265ms per_group=553.020ms)
[pe] round=  2 work=  3697750 frontier=  3697750 next=   781250 consolidate=3310.511ms frontier=830.126ms semisort=2013.573ms (keyed= 0.000ms group_by=525.417ms per_group=176.286ms)
[pe] round=  3 work=   781250 frontier=   781250 next=   156250 consolidate=703.861ms frontier=170.157ms semisort=411.030ms (keyed= 0.000ms group_by= 78.543ms per_group=36.345ms)
[pe] round=  4 work=   156250 frontier=   156250 next=    31250 consolidate=126.747ms frontier= 18.047ms semisort= 59.888ms (keyed= 0.000ms group_by= 15.108ms per_group= 5.183ms)
[pe] round=  5 work=    31250 frontier=    31250 next=     6250 consolidate= 22.937ms frontier=  3.026ms semisort= 10.306ms (keyed= 0.000ms group_by=  3.052ms per_group= 1.098ms)
[pe] round=  6 work=     6250 frontier=     6250 next=     1250 consolidate=  3.498ms frontier=  0.567ms semisort=  1.602ms (keyed= 0.000ms group_by=  0.392ms per_group= 0.231ms)
[pe] round=  7 work=     1250 frontier=     1250 next=      250 consolidate=  0.728ms frontier=  0.100ms semisort=  0.295ms (keyed= 0.000ms group_by=  0.087ms per_group= 0.039ms)
[pe] round=  8 work=      250 frontier=      250 next=       50 consolidate=  0.138ms frontier=  0.015ms semisort=  0.051ms (keyed= 0.000ms group_by=  0.016ms per_group= 0.010ms)
[pe] round=  9 work=       50 frontier=       50 next=       10 consolidate=  0.028ms frontier=  0.004ms semisort=  0.013ms (keyed= 0.000ms group_by=  0.006ms per_group= 0.002ms)
[pe] round= 10 work=       10 frontier=       10 next=        2 consolidate=  0.006ms frontier=  0.002ms semisort=  0.006ms (keyed= 0.000ms group_by=  0.003ms per_group= 0.001ms)
[pe] round= 11 work=        2 frontier=        0 next=        0 consolidate=  0.002ms frontier=  0.001ms semisort=  0.000ms (break)
[pe] round=  0 work=      310 frontier= 22343250 next=  7447750 consolidate= 27.990ms frontier= 51.214ms semisort=7415.828ms (keyed= 0.000ms group_by=3395.954ms per_group=1304.963ms)
[pe] round=  1 work=  7447750 frontier=  7447750 next=  3697750 consolidate=6666.976ms frontier=1615.101ms semisort=4047.525ms (keyed= 0.000ms group_by=1262.113ms per_group=562.616ms)
[pe] round=  2 work=  3697750 frontier=  3697750 next=   781250 consolidate=3317.750ms frontier=817.735ms semisort=2018.570ms (keyed= 0.000ms group_by=540.219ms per_group=158.538ms)
[pe] round=  3 work=   781250 frontier=   781250 next=   156250 consolidate=705.538ms frontier=168.088ms semisort=407.498ms (keyed= 0.000ms group_by= 78.424ms per_group=34.501ms)
[pe] round=  4 work=   156250 frontier=   156250 next=    31250 consolidate=128.368ms frontier= 18.087ms semisort= 59.961ms (keyed= 0.000ms group_by= 15.215ms per_group= 5.160ms)
[pe] round=  5 work=    31250 frontier=    31250 next=     6250 consolidate= 22.985ms frontier=  3.050ms semisort= 10.310ms (keyed= 0.000ms group_by=  3.069ms per_group= 1.081ms)
[pe] round=  6 work=     6250 frontier=     6250 next=     1250 consolidate=  3.502ms frontier=  0.573ms semisort=  1.603ms (keyed= 0.000ms group_by=  0.384ms per_group= 0.231ms)
[pe] round=  7 work=     1250 frontier=     1250 next=      250 consolidate=  0.726ms frontier=  0.100ms semisort=  0.282ms (keyed= 0.000ms group_by=  0.085ms per_group= 0.039ms)
[pe] round=  8 work=      250 frontier=      250 next=       50 consolidate=  0.138ms frontier=  0.015ms semisort=  0.051ms (keyed= 0.000ms group_by=  0.016ms per_group= 0.010ms)
[pe] round=  9 work=       50 frontier=       50 next=       10 consolidate=  0.028ms frontier=  0.004ms semisort=  0.013ms (keyed= 0.000ms group_by=  0.006ms per_group= 0.002ms)
[pe] round= 10 work=       10 frontier=       10 next=        2 consolidate=  0.006ms frontier=  0.002ms semisort=  0.006ms (keyed= 0.000ms group_by=  0.003ms per_group= 0.001ms)
[pe] round= 11 work=        2 frontier=        0 next=        0 consolidate=  0.002ms frontier=  0.001ms semisort=  0.000ms (break)
[pe] round=  0 work=      310 frontier= 22343250 next=  7447750 consolidate= 28.099ms frontier= 51.656ms semisort=7385.403ms (keyed= 0.000ms group_by=3398.206ms per_group=1283.675ms)
[pe] round=  1 work=  7447750 frontier=  7447750 next=  3697750 consolidate=6679.322ms frontier=1633.957ms semisort=4031.551ms (keyed= 0.000ms group_by=1257.862ms per_group=553.762ms)
[pe] round=  2 work=  3697750 frontier=  3697750 next=   781250 consolidate=3334.348ms frontier=818.894ms semisort=2013.301ms (keyed= 0.000ms group_by=529.917ms per_group=164.663ms)
[pe] round=  3 work=   781250 frontier=   781250 next=   156250 consolidate=719.532ms frontier=171.655ms semisort=388.533ms (keyed= 0.000ms group_by= 78.339ms per_group=34.319ms)
[pe] round=  4 work=   156250 frontier=   156250 next=    31250 consolidate=126.456ms frontier= 17.970ms semisort= 59.998ms (keyed= 0.000ms group_by= 15.205ms per_group= 5.173ms)
[pe] round=  5 work=    31250 frontier=    31250 next=     6250 consolidate= 22.933ms frontier=  3.099ms semisort= 10.199ms (keyed= 0.000ms group_by=  2.995ms per_group= 1.083ms)
[pe] round=  6 work=     6250 frontier=     6250 next=     1250 consolidate=  3.519ms frontier=  0.568ms semisort=  1.741ms (keyed= 0.000ms group_by=  0.445ms per_group= 0.297ms)
[pe] round=  7 work=     1250 frontier=     1250 next=      250 consolidate=  0.685ms frontier=  0.093ms semisort=  0.274ms (keyed= 0.000ms group_by=  0.074ms per_group= 0.050ms)
[pe] round=  8 work=      250 frontier=      250 next=       50 consolidate=  0.140ms frontier=  0.016ms semisort=  0.052ms (keyed= 0.000ms group_by=  0.017ms per_group= 0.009ms)
[pe] round=  9 work=       50 frontier=       50 next=       10 consolidate=  0.028ms frontier=  0.004ms semisort=  0.013ms (keyed= 0.000ms group_by=  0.006ms per_group= 0.003ms)
[pe] round= 10 work=       10 frontier=       10 next=        2 consolidate=  0.006ms frontier=  0.002ms semisort=  0.008ms (keyed= 0.000ms group_by=  0.005ms per_group= 0.001ms)
[pe] round= 11 work=        2 frontier=        0 next=        0 consolidate=  0.002ms frontier=  0.001ms semisort=  0.000ms (break)
