[synthetic_bench] cube n=105 d=2 classes=4630708 merges=105 ...
[pe] round=  0 work=      210 frontier=  2315250 next=  1157625 consolidate=  8.816ms frontier= 85.161ms semisort=441.173ms (keyed=68.423ms group_by=  6.738ms per_group=115.398ms)
[pe] round=  1 work=  1157625 frontier=  1266674 next=   524288 consolidate=906.339ms frontier= 63.396ms semisort=251.438ms (keyed=32.146ms group_by=  4.170ms per_group=57.130ms)
[pe] round=  2 work=   524288 frontier=   742386 next=   262144 consolidate=453.195ms frontier= 36.648ms semisort=123.731ms (keyed=18.365ms group_by=  2.802ms per_group=32.200ms)
[pe] round=  3 work=   262144 frontier=   480242 next=   131072 consolidate=191.466ms frontier= 18.374ms semisort= 74.370ms (keyed=12.293ms group_by=  1.868ms per_group=17.895ms)
[pe] round=  4 work=   131072 frontier=   262144 next=   109049 consolidate= 95.758ms frontier=  4.470ms semisort= 39.127ms (keyed= 6.273ms group_by=  0.826ms per_group=11.246ms)
[pe] round=  5 work=   109049 frontier=   218098 next=    65536 consolidate= 79.759ms frontier=  3.829ms semisort= 48.829ms (keyed= 0.397ms group_by=  8.559ms per_group=22.036ms)
[pe] round=  6 work=    65536 frontier=   131072 next=    32768 consolidate= 47.969ms frontier=  2.272ms semisort= 25.458ms (keyed= 0.236ms group_by=  5.047ms per_group=10.928ms)
[pe] round=  7 work=    32768 frontier=    65536 next=    16384 consolidate= 24.211ms frontier=  1.124ms semisort= 13.366ms (keyed= 0.120ms group_by=  2.245ms per_group= 5.459ms)
[pe] round=  8 work=    16384 frontier=    32768 next=     8192 consolidate= 12.285ms frontier=  0.573ms semisort=  6.685ms (keyed= 0.064ms group_by=  1.127ms per_group= 2.825ms)
[pe] round=  9 work=     8192 frontier=    16384 next=     4096 consolidate=  5.983ms frontier=  0.249ms semisort=  3.308ms (keyed= 0.030ms group_by=  0.620ms per_group= 1.411ms)
[pe] round= 10 work=     4096 frontier=     8192 next=     2048 consolidate=  2.857ms frontier=  0.113ms semisort=  1.589ms (keyed= 0.014ms group_by=  0.282ms per_group= 0.668ms)
[pe] round= 11 work=     2048 frontier=     4096 next=     1024 consolidate=  1.398ms frontier=  0.046ms semisort=  0.748ms (keyed= 0.007ms group_by=  0.153ms per_group= 0.270ms)
[pe] round= 12 work=     1024 frontier=     2048 next=      512 consolidate=  0.704ms frontier=  0.023ms semisort=  0.313ms (keyed= 0.003ms group_by=  0.056ms per_group= 0.120ms)
[pe] round= 13 work=      512 frontier=     1024 next=      256 consolidate=  0.274ms frontier=  0.012ms semisort=  0.134ms (keyed= 0.002ms group_by=  0.025ms per_group= 0.062ms)
[pe] round= 14 work=      256 frontier=      512 next=      128 consolidate=  0.124ms frontier=  0.006ms semisort=  0.068ms (keyed= 0.001ms group_by=  0.012ms per_group= 0.031ms)
[pe] round= 15 work=      128 frontier=      256 next=       64 consolidate=  0.061ms frontier=  0.004ms semisort=  0.035ms (keyed= 0.001ms group_by=  0.007ms per_group= 0.016ms)
[pe] round= 16 work=       64 frontier=      128 next=       32 consolidate=  0.030ms frontier=  0.002ms semisort=  0.019ms (keyed= 0.000ms group_by=  0.003ms per_group= 0.008ms)
[pe] round= 17 work=       32 frontier=       64 next=       16 consolidate=  0.015ms frontier=  0.002ms semisort=  0.010ms (keyed= 0.000ms group_by=  0.002ms per_group= 0.004ms)
[pe] round= 18 work=       16 frontier=       32 next=        8 consolidate=  0.008ms frontier=  0.001ms semisort=  0.007ms (keyed= 0.000ms group_by=  0.001ms per_group= 0.002ms)
[pe] round= 19 work=        8 frontier=       16 next=        4 consolidate=  0.005ms frontier=  0.001ms semisort=  0.004ms (keyed= 0.000ms group_by=  0.001ms per_group= 0.001ms)
[pe] round= 20 work=        4 frontier=        8 next=        2 consolidate=  0.003ms frontier=  0.001ms semisort=  0.002ms (keyed= 0.000ms group_by=  0.001ms per_group= 0.001ms)
[pe] round= 21 work=        2 frontier=        4 next=        1 consolidate=  0.002ms frontier=  0.001ms semisort=  0.002ms (keyed= 0.000ms group_by=  0.000ms per_group= 0.001ms)
[pe] round= 22 work=        1 (tail-skip: all parents empty)
[pe] round=  0 work=      210 frontier=  2315250 next=  1157625 consolidate=  4.317ms frontier= 71.189ms semisort=459.436ms (keyed=61.617ms group_by=  4.105ms per_group=138.050ms)
[pe] round=  1 work=  1157625 frontier=  1266674 next=   524288 consolidate=967.558ms frontier= 61.960ms semisort=257.354ms (keyed=32.332ms group_by=  3.963ms per_group=59.941ms)
[pe] round=  2 work=   524288 frontier=   742386 next=   262144 consolidate=481.716ms frontier= 34.747ms semisort=126.997ms (keyed=17.833ms group_by=  2.809ms per_group=34.050ms)
[pe] round=  3 work=   262144 frontier=   480242 next=   131072 consolidate=207.865ms frontier= 17.290ms semisort= 76.145ms (keyed=11.997ms group_by=  1.856ms per_group=19.313ms)
[pe] round=  4 work=   131072 frontier=   262144 next=   109049 consolidate=103.843ms frontier=  4.477ms semisort= 40.585ms (keyed= 6.433ms group_by=  0.810ms per_group=12.090ms)
[pe] round=  5 work=   109049 frontier=   218098 next=    65536 consolidate= 86.188ms frontier=  3.776ms semisort= 55.063ms (keyed= 0.388ms group_by= 12.040ms per_group=24.507ms)
[pe] round=  6 work=    65536 frontier=   131072 next=    32768 consolidate= 51.905ms frontier=  2.292ms semisort= 26.709ms (keyed= 0.242ms group_by=  4.824ms per_group=12.167ms)
[pe] round=  7 work=    32768 frontier=    65536 next=    16384 consolidate= 26.066ms frontier=  1.205ms semisort= 13.858ms (keyed= 0.116ms group_by=  2.297ms per_group= 5.859ms)
[pe] round=  8 work=    16384 frontier=    32768 next=     8192 consolidate= 13.062ms frontier=  0.586ms semisort=  6.983ms (keyed= 0.058ms group_by=  1.164ms per_group= 3.068ms)
[pe] round=  9 work=     8192 frontier=    16384 next=     4096 consolidate=  6.534ms frontier=  0.255ms semisort=  3.509ms (keyed= 0.029ms group_by=  0.620ms per_group= 1.607ms)
[pe] round= 10 work=     4096 frontier=     8192 next=     2048 consolidate=  2.992ms frontier=  0.114ms semisort=  1.646ms (keyed= 0.016ms group_by=  0.282ms per_group= 0.722ms)
[pe] round= 11 work=     2048 frontier=     4096 next=     1024 consolidate=  1.417ms frontier=  0.049ms semisort=  0.760ms (keyed= 0.007ms group_by=  0.153ms per_group= 0.284ms)
[pe] round= 12 work=     1024 frontier=     2048 next=      512 consolidate=  0.726ms frontier=  0.023ms semisort=  0.314ms (keyed= 0.003ms group_by=  0.056ms per_group= 0.123ms)
[pe] round= 13 work=      512 frontier=     1024 next=      256 consolidate=  0.312ms frontier=  0.012ms semisort=  0.133ms (keyed= 0.002ms group_by=  0.025ms per_group= 0.061ms)
[pe] round= 14 work=      256 frontier=      512 next=      128 consolidate=  0.148ms frontier=  0.006ms semisort=  0.068ms (keyed= 0.001ms group_by=  0.012ms per_group= 0.031ms)
[pe] round= 15 work=      128 frontier=      256 next=       64 consolidate=  0.074ms frontier=  0.003ms semisort=  0.034ms (keyed= 0.001ms group_by=  0.006ms per_group= 0.016ms)
[pe] round= 16 work=       64 frontier=      128 next=       32 consolidate=  0.036ms frontier=  0.002ms semisort=  0.019ms (keyed= 0.000ms group_by=  0.003ms per_group= 0.008ms)
[pe] round= 17 work=       32 frontier=       64 next=       16 consolidate=  0.019ms frontier=  0.002ms semisort=  0.010ms (keyed= 0.000ms group_by=  0.002ms per_group= 0.004ms)
[pe] round= 18 work=       16 frontier=       32 next=        8 consolidate=  0.010ms frontier=  0.001ms semisort=  0.007ms (keyed= 0.000ms group_by=  0.001ms per_group= 0.003ms)
[pe] round= 19 work=        8 frontier=       16 next=        4 consolidate=  0.005ms frontier=  0.001ms semisort=  0.004ms (keyed= 0.000ms group_by=  0.001ms per_group= 0.001ms)
[pe] round= 20 work=        4 frontier=        8 next=        2 consolidate=  0.003ms frontier=  0.001ms semisort=  0.003ms (keyed= 0.000ms group_by=  0.001ms per_group= 0.001ms)
[pe] round= 21 work=        2 frontier=        4 next=        1 consolidate=  0.002ms frontier=  0.001ms semisort=  0.002ms (keyed= 0.000ms group_by=  0.000ms per_group= 0.001ms)
[pe] round= 22 work=        1 (tail-skip: all parents empty)
[pe] round=  0 work=      210 frontier=  2315250 next=  1157625 consolidate=  4.323ms frontier= 71.464ms semisort=461.410ms (keyed=61.513ms group_by=  4.164ms per_group=138.972ms)
[pe] round=  1 work=  1157625 frontier=  1266674 next=   524288 consolidate=966.334ms frontier= 62.173ms semisort=258.198ms (keyed=32.314ms group_by=  3.958ms per_group=60.383ms)
[pe] round=  2 work=   524288 frontier=   742386 next=   262144 consolidate=479.970ms frontier= 34.298ms semisort=125.619ms (keyed=17.886ms group_by=  2.789ms per_group=33.152ms)
[pe] round=  3 work=   262144 frontier=   480242 next=   131072 consolidate=209.075ms frontier= 17.228ms semisort= 75.851ms (keyed=11.670ms group_by=  1.874ms per_group=19.386ms)
[pe] round=  4 work=   131072 frontier=   262144 next=   109049 consolidate=104.175ms frontier=  4.531ms semisort= 40.643ms (keyed= 6.383ms group_by=  0.819ms per_group=12.078ms)
[pe] round=  5 work=   109049 frontier=   218098 next=    65536 consolidate= 86.544ms frontier=  3.850ms semisort= 55.866ms (keyed= 0.394ms group_by= 12.115ms per_group=25.125ms)
[pe] round=  6 work=    65536 frontier=   131072 next=    32768 consolidate= 52.060ms frontier=  2.325ms semisort= 26.920ms (keyed= 0.234ms group_by=  4.945ms per_group=12.182ms)
[pe] round=  7 work=    32768 frontier=    65536 next=    16384 consolidate= 26.105ms frontier=  1.215ms semisort= 14.099ms (keyed= 0.123ms group_by=  2.309ms per_group= 6.166ms)
[pe] round=  8 work=    16384 frontier=    32768 next=     8192 consolidate= 13.149ms frontier=  0.599ms semisort=  6.915ms (keyed= 0.057ms group_by=  1.150ms per_group= 3.055ms)
[pe] round=  9 work=     8192 frontier=    16384 next=     4096 consolidate=  6.478ms frontier=  0.257ms semisort=  3.441ms (keyed= 0.028ms group_by=  0.574ms per_group= 1.543ms)
[pe] round= 10 work=     4096 frontier=     8192 next=     2048 consolidate=  3.012ms frontier=  0.113ms semisort=  1.639ms (keyed= 0.013ms group_by=  0.280ms per_group= 0.715ms)
[pe] round= 11 work=     2048 frontier=     4096 next=     1024 consolidate=  1.441ms frontier=  0.046ms semisort=  0.762ms (keyed= 0.007ms group_by=  0.152ms per_group= 0.290ms)
[pe] round= 12 work=     1024 frontier=     2048 next=      512 consolidate=  0.732ms frontier=  0.023ms semisort=  0.320ms (keyed= 0.003ms group_by=  0.057ms per_group= 0.123ms)
[pe] round= 13 work=      512 frontier=     1024 next=      256 consolidate=  0.318ms frontier=  0.012ms semisort=  0.131ms (keyed= 0.001ms group_by=  0.025ms per_group= 0.061ms)
[pe] round= 14 work=      256 frontier=      512 next=      128 consolidate=  0.153ms frontier=  0.006ms semisort=  0.067ms (keyed= 0.001ms group_by=  0.012ms per_group= 0.031ms)
[pe] round= 15 work=      128 frontier=      256 next=       64 consolidate=  0.075ms frontier=  0.003ms semisort=  0.034ms (keyed= 0.001ms group_by=  0.006ms per_group= 0.016ms)
[pe] round= 16 work=       64 frontier=      128 next=       32 consolidate=  0.037ms frontier=  0.002ms semisort=  0.019ms (keyed= 0.000ms group_by=  0.003ms per_group= 0.008ms)
[pe] round= 17 work=       32 frontier=       64 next=       16 consolidate=  0.024ms frontier=  0.002ms semisort=  0.011ms (keyed= 0.000ms group_by=  0.002ms per_group= 0.005ms)
[pe] round= 18 work=       16 frontier=       32 next=        8 consolidate=  0.010ms frontier=  0.001ms semisort=  0.006ms (keyed= 0.000ms group_by=  0.001ms per_group= 0.003ms)
[pe] round= 19 work=        8 frontier=       16 next=        4 consolidate=  0.006ms frontier=  0.001ms semisort=  0.004ms (keyed= 0.000ms group_by=  0.001ms per_group= 0.001ms)
[pe] round= 20 work=        4 frontier=        8 next=        2 consolidate=  0.003ms frontier=  0.001ms semisort=  0.002ms (keyed= 0.000ms group_by=  0.001ms per_group= 0.001ms)
[pe] round= 21 work=        2 frontier=        4 next=        1 consolidate=  0.002ms frontier=  0.001ms semisort=  0.002ms (keyed= 0.000ms group_by=  0.000ms per_group= 0.001ms)
[pe] round= 22 work=        1 (tail-skip: all parents empty)
[pe] round=  0 work=      210 frontier=  2315250 next=  1157625 consolidate=  4.334ms frontier= 71.364ms semisort=459.660ms (keyed=61.653ms group_by=  4.059ms per_group=137.908ms)
[pe] round=  1 work=  1157625 frontier=  1266674 next=   524288 consolidate=976.712ms frontier= 62.107ms semisort=263.217ms (keyed=32.361ms group_by=  3.982ms per_group=60.229ms)
[pe] round=  2 work=   524288 frontier=   742386 next=   262144 consolidate=477.639ms frontier= 34.282ms semisort=125.973ms (keyed=17.889ms group_by=  2.803ms per_group=33.091ms)
[pe] round=  3 work=   262144 frontier=   480242 next=   131072 consolidate=211.387ms frontier= 17.455ms semisort= 75.859ms (keyed=11.334ms group_by=  1.834ms per_group=19.431ms)
[pe] round=  4 work=   131072 frontier=   262144 next=   109049 consolidate=105.431ms frontier=  4.670ms semisort= 40.781ms (keyed= 6.436ms group_by=  0.833ms per_group=12.076ms)
[pe] round=  5 work=   109049 frontier=   218098 next=    65536 consolidate= 87.521ms frontier=  4.066ms semisort= 56.956ms (keyed= 0.390ms group_by= 12.598ms per_group=25.923ms)
[pe] round=  6 work=    65536 frontier=   131072 next=    32768 consolidate= 52.628ms frontier=  2.400ms semisort= 26.960ms (keyed= 0.234ms group_by=  4.838ms per_group=12.516ms)
[pe] round=  7 work=    32768 frontier=    65536 next=    16384 consolidate= 26.399ms frontier=  1.208ms semisort= 14.269ms (keyed= 0.116ms group_by=  2.376ms per_group= 6.286ms)
[pe] round=  8 work=    16384 frontier=    32768 next=     8192 consolidate= 13.303ms frontier=  0.633ms semisort=  7.060ms (keyed= 0.060ms group_by=  1.151ms per_group= 3.182ms)
[pe] round=  9 work=     8192 frontier=    16384 next=     4096 consolidate=  6.553ms frontier=  0.273ms semisort=  3.488ms (keyed= 0.030ms group_by=  0.627ms per_group= 1.569ms)
[pe] round= 10 work=     4096 frontier=     8192 next=     2048 consolidate=  3.075ms frontier=  0.121ms semisort=  1.670ms (keyed= 0.013ms group_by=  0.289ms per_group= 0.727ms)
[pe] round= 11 work=     2048 frontier=     4096 next=     1024 consolidate=  1.479ms frontier=  0.047ms semisort=  0.762ms (keyed= 0.007ms group_by=  0.151ms per_group= 0.298ms)
[pe] round= 12 work=     1024 frontier=     2048 next=      512 consolidate=  0.741ms frontier=  0.023ms semisort=  0.323ms (keyed= 0.004ms group_by=  0.056ms per_group= 0.122ms)
[pe] round= 13 work=      512 frontier=     1024 next=      256 consolidate=  0.324ms frontier=  0.012ms semisort=  0.134ms (keyed= 0.001ms group_by=  0.025ms per_group= 0.061ms)
[pe] round= 14 work=      256 frontier=      512 next=      128 consolidate=  0.157ms frontier=  0.006ms semisort=  0.067ms (keyed= 0.001ms group_by=  0.012ms per_group= 0.031ms)
[pe] round= 15 work=      128 frontier=      256 next=       64 consolidate=  0.080ms frontier=  0.004ms semisort=  0.035ms (keyed= 0.001ms group_by=  0.007ms per_group= 0.016ms)
[pe] round= 16 work=       64 frontier=      128 next=       32 consolidate=  0.039ms frontier=  0.002ms semisort=  0.019ms (keyed= 0.000ms group_by=  0.003ms per_group= 0.008ms)
[pe] round= 17 work=       32 frontier=       64 next=       16 consolidate=  0.020ms frontier=  0.002ms semisort=  0.011ms (keyed= 0.000ms group_by=  0.002ms per_group= 0.004ms)
[pe] round= 18 work=       16 frontier=       32 next=        8 consolidate=  0.011ms frontier=  0.001ms semisort=  0.006ms (keyed= 0.000ms group_by=  0.001ms per_group= 0.002ms)
[pe] round= 19 work=        8 frontier=       16 next=        4 consolidate=  0.006ms frontier=  0.001ms semisort=  0.004ms (keyed= 0.000ms group_by=  0.001ms per_group= 0.001ms)
[pe] round= 20 work=        4 frontier=        8 next=        2 consolidate=  0.003ms frontier=  0.001ms semisort=  0.002ms (keyed= 0.000ms group_by=  0.000ms per_group= 0.001ms)
[pe] round= 21 work=        2 frontier=        4 next=        1 consolidate=  0.002ms frontier=  0.001ms semisort=  0.002ms (keyed= 0.000ms group_by=  0.000ms per_group= 0.001ms)
[pe] round= 22 work=        1 (tail-skip: all parents empty)
[pe] round=  0 work=      210 frontier=  2315250 next=  1157625 consolidate=  4.291ms frontier= 71.070ms semisort=453.792ms (keyed=61.628ms group_by=  4.115ms per_group=131.941ms)
[pe] round=  1 work=  1157625 frontier=  1266674 next=   524288 consolidate=974.743ms frontier= 62.485ms semisort=257.385ms (keyed=32.388ms group_by=  3.934ms per_group=60.192ms)
[pe] round=  2 work=   524288 frontier=   742386 next=   262144 consolidate=479.129ms frontier= 34.529ms semisort=126.552ms (keyed=17.957ms group_by=  2.903ms per_group=33.112ms)
[pe] round=  3 work=   262144 frontier=   480242 next=   131072 consolidate=211.650ms frontier= 17.378ms semisort= 75.915ms (keyed=11.630ms group_by=  1.813ms per_group=19.410ms)
[pe] round=  4 work=   131072 frontier=   262144 next=   109049 consolidate=105.534ms frontier=  4.720ms semisort= 40.768ms (keyed= 6.279ms group_by=  0.827ms per_group=12.337ms)
[pe] round=  5 work=   109049 frontier=   218098 next=    65536 consolidate= 87.580ms frontier=  3.999ms semisort= 57.413ms (keyed= 0.392ms group_by= 13.072ms per_group=25.745ms)
[pe] round=  6 work=    65536 frontier=   131072 next=    32768 consolidate= 52.971ms frontier=  2.461ms semisort= 26.902ms (keyed= 0.232ms group_by=  4.936ms per_group=12.401ms)
[pe] round=  7 work=    32768 frontier=    65536 next=    16384 consolidate= 26.542ms frontier=  1.215ms semisort= 14.327ms (keyed= 0.117ms group_by=  2.377ms per_group= 6.348ms)
[pe] round=  8 work=    16384 frontier=    32768 next=     8192 consolidate= 13.347ms frontier=  0.638ms semisort=  6.971ms (keyed= 0.059ms group_by=  1.136ms per_group= 3.115ms)
[pe] round=  9 work=     8192 frontier=    16384 next=     4096 consolidate=  6.595ms frontier=  0.281ms semisort=  3.504ms (keyed= 0.029ms group_by=  0.628ms per_group= 1.593ms)
[pe] round= 10 work=     4096 frontier=     8192 next=     2048 consolidate=  3.079ms frontier=  0.118ms semisort=  1.671ms (keyed= 0.014ms group_by=  0.289ms per_group= 0.740ms)
[pe] round= 11 work=     2048 frontier=     4096 next=     1024 consolidate=  1.475ms frontier=  0.050ms semisort=  0.780ms (keyed= 0.007ms group_by=  0.155ms per_group= 0.297ms)
[pe] round= 12 work=     1024 frontier=     2048 next=      512 consolidate=  0.745ms frontier=  0.023ms semisort=  0.323ms (keyed= 0.003ms group_by=  0.056ms per_group= 0.124ms)
[pe] round= 13 work=      512 frontier=     1024 next=      256 consolidate=  0.330ms frontier=  0.012ms semisort=  0.134ms (keyed= 0.002ms group_by=  0.026ms per_group= 0.061ms)
[pe] round= 14 work=      256 frontier=      512 next=      128 consolidate=  0.158ms frontier=  0.006ms semisort=  0.068ms (keyed= 0.001ms group_by=  0.012ms per_group= 0.031ms)
[pe] round= 15 work=      128 frontier=      256 next=       64 consolidate=  0.078ms frontier=  0.004ms semisort=  0.035ms (keyed= 0.001ms group_by=  0.006ms per_group= 0.016ms)
[pe] round= 16 work=       64 frontier=      128 next=       32 consolidate=  0.040ms frontier=  0.002ms semisort=  0.019ms (keyed= 0.000ms group_by=  0.003ms per_group= 0.008ms)
[pe] round= 17 work=       32 frontier=       64 next=       16 consolidate=  0.021ms frontier=  0.002ms semisort=  0.010ms (keyed= 0.000ms group_by=  0.002ms per_group= 0.005ms)
[pe] round= 18 work=       16 frontier=       32 next=        8 consolidate=  0.010ms frontier=  0.001ms semisort=  0.007ms (keyed= 0.000ms group_by=  0.001ms per_group= 0.002ms)
[pe] round= 19 work=        8 frontier=       16 next=        4 consolidate=  0.006ms frontier=  0.001ms semisort=  0.004ms (keyed= 0.000ms group_by=  0.001ms per_group= 0.001ms)
[pe] round= 20 work=        4 frontier=        8 next=        2 consolidate=  0.003ms frontier=  0.001ms semisort=  0.003ms (keyed= 0.000ms group_by=  0.001ms per_group= 0.001ms)
[pe] round= 21 work=        2 frontier=        4 next=        1 consolidate=  0.002ms frontier=  0.001ms semisort=  0.002ms (keyed= 0.000ms group_by=  0.000ms per_group= 0.001ms)
[pe] round= 22 work=        1 (tail-skip: all parents empty)
[pe] round=  0 work=      210 frontier=  2315250 next=  1157625 consolidate=  4.322ms frontier= 71.316ms semisort=453.333ms (keyed=61.710ms group_by=  4.006ms per_group=132.173ms)
[pe] round=  1 work=  1157625 frontier=  1266674 next=   524288 consolidate=976.096ms frontier= 63.029ms semisort=260.053ms (keyed=32.499ms group_by=  3.900ms per_group=61.454ms)
[pe] round=  2 work=   524288 frontier=   742386 next=   262144 consolidate=475.268ms frontier= 34.464ms semisort=126.061ms (keyed=17.889ms group_by=  2.840ms per_group=33.340ms)
[pe] round=  3 work=   262144 frontier=   480242 next=   131072 consolidate=212.615ms frontier= 17.445ms semisort= 76.098ms (keyed=11.459ms group_by=  1.864ms per_group=19.624ms)
[pe] round=  4 work=   131072 frontier=   262144 next=   109049 consolidate=106.121ms frontier=  4.752ms semisort= 41.205ms (keyed= 6.356ms group_by=  0.810ms per_group=12.244ms)
[pe] round=  5 work=   109049 frontier=   218098 next=    65536 consolidate= 87.947ms frontier=  4.121ms semisort= 56.841ms (keyed= 0.388ms group_by= 12.784ms per_group=25.324ms)
[pe] round=  6 work=    65536 frontier=   131072 next=    32768 consolidate= 53.013ms frontier=  2.433ms semisort= 27.114ms (keyed= 0.230ms group_by=  4.820ms per_group=12.560ms)
[pe] round=  7 work=    32768 frontier=    65536 next=    16384 consolidate= 26.642ms frontier=  1.222ms semisort= 14.353ms (keyed= 0.120ms group_by=  2.341ms per_group= 6.398ms)
[pe] round=  8 work=    16384 frontier=    32768 next=     8192 consolidate= 13.358ms frontier=  0.626ms semisort=  7.189ms (keyed= 0.058ms group_by=  1.147ms per_group= 3.300ms)
[pe] round=  9 work=     8192 frontier=    16384 next=     4096 consolidate=  6.595ms frontier=  0.276ms semisort=  3.608ms (keyed= 0.029ms group_by=  0.646ms per_group= 1.655ms)
[pe] round= 10 work=     4096 frontier=     8192 next=     2048 consolidate=  3.092ms frontier=  0.123ms semisort=  1.704ms (keyed= 0.014ms group_by=  0.288ms per_group= 0.757ms)
[pe] round= 11 work=     2048 frontier=     4096 next=     1024 consolidate=  1.471ms frontier=  0.049ms semisort=  0.797ms (keyed= 0.007ms group_by=  0.156ms per_group= 0.310ms)
[pe] round= 12 work=     1024 frontier=     2048 next=      512 consolidate=  0.753ms frontier=  0.024ms semisort=  0.330ms (keyed= 0.003ms group_by=  0.058ms per_group= 0.128ms)
[pe] round= 13 work=      512 frontier=     1024 next=      256 consolidate=  0.330ms frontier=  0.012ms semisort=  0.136ms (keyed= 0.001ms group_by=  0.026ms per_group= 0.062ms)
[pe] round= 14 work=      256 frontier=      512 next=      128 consolidate=  0.158ms frontier=  0.006ms semisort=  0.067ms (keyed= 0.001ms group_by=  0.012ms per_group= 0.031ms)
[pe] round= 15 work=      128 frontier=      256 next=       64 consolidate=  0.079ms frontier=  0.004ms semisort=  0.035ms (keyed= 0.001ms group_by=  0.006ms per_group= 0.016ms)
[pe] round= 16 work=       64 frontier=      128 next=       32 consolidate=  0.039ms frontier=  0.002ms semisort=  0.019ms (keyed= 0.000ms group_by=  0.003ms per_group= 0.008ms)
[pe] round= 17 work=       32 frontier=       64 next=       16 consolidate=  0.024ms frontier=  0.002ms semisort=  0.011ms (keyed= 0.000ms group_by=  0.002ms per_group= 0.005ms)
[pe] round= 18 work=       16 frontier=       32 next=        8 consolidate=  0.011ms frontier=  0.001ms semisort=  0.006ms (keyed= 0.000ms group_by=  0.001ms per_group= 0.003ms)
[pe] round= 19 work=        8 frontier=       16 next=        4 consolidate=  0.006ms frontier=  0.001ms semisort=  0.004ms (keyed= 0.000ms group_by=  0.001ms per_group= 0.001ms)
[pe] round= 20 work=        4 frontier=        8 next=        2 consolidate=  0.003ms frontier=  0.001ms semisort=  0.003ms (keyed= 0.000ms group_by=  0.000ms per_group= 0.001ms)
[pe] round= 21 work=        2 frontier=        4 next=        1 consolidate=  0.002ms frontier=  0.001ms semisort=  0.002ms (keyed= 0.000ms group_by=  0.000ms per_group= 0.001ms)
[pe] round= 22 work=        1 (tail-skip: all parents empty)
[pe-async] round=  0 R=2 dirty=  2315250 runs=  1157625 filter= 46.542ms semisort=311.647ms
[pe-async] round=  1 R=3 dirty=  1266674 runs=   742386 filter= 52.054ms semisort=169.981ms
[pe-async] round=  2 R=4 dirty=   742386 runs=   480242 filter= 59.006ms semisort= 72.398ms
[pe-async] round=  3 R=5 dirty=   480242 runs=   349170 filter= 55.067ms semisort= 40.469ms
[pe-async] round=  4 R=6 dirty=   262144 runs=   153095 filter= 52.324ms semisort= 26.863ms
[pe-async] round=  5 R=7 dirty=   131072 runs=    65536 filter= 48.446ms semisort= 14.235ms
[pe-async] round=  6 R=8 dirty=    65536 runs=    32768 filter= 46.990ms semisort=  7.902ms
[pe-async] round=  7 R=9 dirty=    32768 runs=    16384 filter= 44.289ms semisort=  4.006ms
[pe-async] round=  8 R=10 dirty=    16384 runs=     8192 filter= 42.066ms semisort=  2.152ms
[pe-async] round=  9 R=11 dirty=     8192 runs=     4096 filter= 41.325ms semisort=  1.136ms
[pe-async] round= 10 R=12 dirty=     4096 runs=     2048 filter= 40.529ms semisort=  0.608ms
[pe-async] round= 11 R=13 dirty=     2048 runs=     1024 filter= 40.017ms semisort=  0.334ms
[pe-async] round= 12 R=14 dirty=     1024 runs=      512 filter= 40.005ms semisort=  0.179ms
[pe-async] round= 13 R=15 dirty=      512 runs=      256 filter= 39.820ms semisort=  0.111ms
[pe-async] round= 14 R=16 dirty=      256 runs=      128 filter= 39.534ms semisort=  0.053ms
[pe-async] round= 15 R=17 dirty=      128 runs=       64 filter= 39.397ms semisort=  0.035ms
[pe-async] round= 16 R=18 dirty=       64 runs=       32 filter= 39.750ms semisort=  0.019ms
[pe-async] round= 17 R=19 dirty=       32 runs=       16 filter= 39.314ms semisort=  0.014ms
[pe-async] round= 18 R=20 dirty=       16 runs=        8 filter= 39.470ms semisort=  0.010ms
[pe-async] round= 19 R=21 dirty=        8 runs=        4 filter= 39.253ms semisort=  0.007ms
[pe-async] round= 20 R=22 dirty=        4 runs=        2 filter= 39.169ms semisort=  0.006ms
[pe-async] round= 21 R=23 dirty=        2 runs=        1 filter= 39.406ms semisort=  0.005ms
[pe-async] round= 22 R=24 dirty=        0 filter= 39.356ms (clean break)
[pe-async] round=  0 R=2 dirty=  2315250 runs=  1157625 filter= 42.483ms semisort=251.388ms
[pe-async] round=  1 R=3 dirty=  1266674 runs=   742386 filter= 49.596ms semisort=139.342ms
[pe-async] round=  2 R=4 dirty=   742386 runs=   480242 filter= 56.847ms semisort= 68.799ms
[pe-async] round=  3 R=5 dirty=   480242 runs=   349170 filter= 53.737ms semisort= 40.090ms
[pe-async] round=  4 R=6 dirty=   262144 runs=   153095 filter= 51.835ms semisort= 26.796ms
[pe-async] round=  5 R=7 dirty=   131072 runs=    65536 filter= 47.984ms semisort= 14.410ms
[pe-async] round=  6 R=8 dirty=    65536 runs=    32768 filter= 46.455ms semisort=  8.092ms
[pe-async] round=  7 R=9 dirty=    32768 runs=    16384 filter= 43.575ms semisort=  4.013ms
[pe-async] round=  8 R=10 dirty=    16384 runs=     8192 filter= 41.592ms semisort=  2.173ms
[pe-async] round=  9 R=11 dirty=     8192 runs=     4096 filter= 41.131ms semisort=  1.223ms
[pe-async] round= 10 R=12 dirty=     4096 runs=     2048 filter= 40.208ms semisort=  0.612ms
[pe-async] round= 11 R=13 dirty=     2048 runs=     1024 filter= 39.781ms semisort=  0.329ms
[pe-async] round= 12 R=14 dirty=     1024 runs=      512 filter= 39.543ms semisort=  0.178ms
[pe-async] round= 13 R=15 dirty=      512 runs=      256 filter= 39.643ms semisort=  0.113ms
[pe-async] round= 14 R=16 dirty=      256 runs=      128 filter= 39.697ms semisort=  0.058ms
[pe-async] round= 15 R=17 dirty=      128 runs=       64 filter= 39.520ms semisort=  0.035ms
[pe-async] round= 16 R=18 dirty=       64 runs=       32 filter= 39.626ms semisort=  0.021ms
[pe-async] round= 17 R=19 dirty=       32 runs=       16 filter= 39.366ms semisort=  0.012ms
[pe-async] round= 18 R=20 dirty=       16 runs=        8 filter= 39.471ms semisort=  0.009ms
[pe-async] round= 19 R=21 dirty=        8 runs=        4 filter= 39.274ms semisort=  0.007ms
[pe-async] round= 20 R=22 dirty=        4 runs=        2 filter= 39.306ms semisort=  0.006ms
[pe-async] round= 21 R=23 dirty=        2 runs=        1 filter= 39.434ms semisort=  0.005ms
[pe-async] round= 22 R=24 dirty=        0 filter= 39.372ms (clean break)
[pe-async] round=  0 R=2 dirty=  2315250 runs=  1157625 filter= 42.185ms semisort=249.508ms
[pe-async] round=  1 R=3 dirty=  1266674 runs=   742386 filter= 48.870ms semisort=138.040ms
[pe-async] round=  2 R=4 dirty=   742386 runs=   480242 filter= 56.673ms semisort= 68.632ms
[pe-async] round=  3 R=5 dirty=   480242 runs=   349170 filter= 53.733ms semisort= 40.205ms
[pe-async] round=  4 R=6 dirty=   262144 runs=   153095 filter= 51.498ms semisort= 26.512ms
[pe-async] round=  5 R=7 dirty=   131072 runs=    65536 filter= 48.191ms semisort= 14.389ms
[pe-async] round=  6 R=8 dirty=    65536 runs=    32768 filter= 46.322ms semisort=  8.034ms
[pe-async] round=  7 R=9 dirty=    32768 runs=    16384 filter= 44.345ms semisort=  4.317ms
[pe-async] round=  8 R=10 dirty=    16384 runs=     8192 filter= 41.633ms semisort=  2.191ms
[pe-async] round=  9 R=11 dirty=     8192 runs=     4096 filter= 41.113ms semisort=  1.215ms
[pe-async] round= 10 R=12 dirty=     4096 runs=     2048 filter= 40.143ms semisort=  0.631ms
[pe-async] round= 11 R=13 dirty=     2048 runs=     1024 filter= 39.749ms semisort=  0.325ms
[pe-async] round= 12 R=14 dirty=     1024 runs=      512 filter= 39.521ms semisort=  0.178ms
[pe-async] round= 13 R=15 dirty=      512 runs=      256 filter= 39.270ms semisort=  0.101ms
[pe-async] round= 14 R=16 dirty=      256 runs=      128 filter= 39.284ms semisort=  0.052ms
[pe-async] round= 15 R=17 dirty=      128 runs=       64 filter= 39.310ms semisort=  0.034ms
[pe-async] round= 16 R=18 dirty=       64 runs=       32 filter= 39.544ms semisort=  0.019ms
[pe-async] round= 17 R=19 dirty=       32 runs=       16 filter= 39.194ms semisort=  0.012ms
[pe-async] round= 18 R=20 dirty=       16 runs=        8 filter= 39.062ms semisort=  0.009ms
[pe-async] round= 19 R=21 dirty=        8 runs=        4 filter= 39.453ms semisort=  0.008ms
[pe-async] round= 20 R=22 dirty=        4 runs=        2 filter= 39.449ms semisort=  0.006ms
[pe-async] round= 21 R=23 dirty=        2 runs=        1 filter= 39.509ms semisort=  0.005ms
[pe-async] round= 22 R=24 dirty=        0 filter= 39.301ms (clean break)
[pe-async] round=  0 R=2 dirty=  2315250 runs=  1157625 filter= 41.963ms semisort=248.753ms
[pe-async] round=  1 R=3 dirty=  1266674 runs=   742386 filter= 49.100ms semisort=137.497ms
[pe-async] round=  2 R=4 dirty=   742386 runs=   480242 filter= 56.259ms semisort= 68.582ms
[pe-async] round=  3 R=5 dirty=   480242 runs=   349170 filter= 53.492ms semisort= 40.480ms
[pe-async] round=  4 R=6 dirty=   262144 runs=   153095 filter= 51.678ms semisort= 26.833ms
[pe-async] round=  5 R=7 dirty=   131072 runs=    65536 filter= 47.605ms semisort= 14.330ms
[pe-async] round=  6 R=8 dirty=    65536 runs=    32768 filter= 46.474ms semisort=  8.171ms
[pe-async] round=  7 R=9 dirty=    32768 runs=    16384 filter= 43.296ms semisort=  3.988ms
[pe-async] round=  8 R=10 dirty=    16384 runs=     8192 filter= 42.143ms semisort=  2.342ms
[pe-async] round=  9 R=11 dirty=     8192 runs=     4096 filter= 40.797ms semisort=  1.144ms
[pe-async] round= 10 R=12 dirty=     4096 runs=     2048 filter= 40.192ms semisort=  0.612ms
[pe-async] round= 11 R=13 dirty=     2048 runs=     1024 filter= 39.747ms semisort=  0.329ms
[pe-async] round= 12 R=14 dirty=     1024 runs=      512 filter= 39.677ms semisort=  0.208ms
[pe-async] round= 13 R=15 dirty=      512 runs=      256 filter= 39.437ms semisort=  0.120ms
[pe-async] round= 14 R=16 dirty=      256 runs=      128 filter= 39.272ms semisort=  0.052ms
[pe-async] round= 15 R=17 dirty=      128 runs=       64 filter= 39.276ms semisort=  0.033ms
[pe-async] round= 16 R=18 dirty=       64 runs=       32 filter= 39.330ms semisort=  0.019ms
[pe-async] round= 17 R=19 dirty=       32 runs=       16 filter= 39.221ms semisort=  0.013ms
[pe-async] round= 18 R=20 dirty=       16 runs=        8 filter= 39.158ms semisort=  0.009ms
[pe-async] round= 19 R=21 dirty=        8 runs=        4 filter= 39.195ms semisort=  0.008ms
[pe-async] round= 20 R=22 dirty=        4 runs=        2 filter= 39.376ms semisort=  0.005ms
[pe-async] round= 21 R=23 dirty=        2 runs=        1 filter= 39.323ms semisort=  0.005ms
[pe-async] round= 22 R=24 dirty=        0 filter= 39.191ms (clean break)
[pe-async] round=  0 R=2 dirty=  2315250 runs=  1157625 filter= 42.370ms semisort=248.872ms
[pe-async] round=  1 R=3 dirty=  1266674 runs=   742386 filter= 49.074ms semisort=137.773ms
[pe-async] round=  2 R=4 dirty=   742386 runs=   480242 filter= 56.408ms semisort= 68.628ms
[pe-async] round=  3 R=5 dirty=   480242 runs=   349170 filter= 53.699ms semisort= 40.234ms
[pe-async] round=  4 R=6 dirty=   262144 runs=   153095 filter= 51.683ms semisort= 26.827ms
[pe-async] round=  5 R=7 dirty=   131072 runs=    65536 filter= 47.582ms semisort= 14.286ms
[pe-async] round=  6 R=8 dirty=    65536 runs=    32768 filter= 46.089ms semisort=  8.121ms
[pe-async] round=  7 R=9 dirty=    32768 runs=    16384 filter= 43.801ms semisort=  4.213ms
[pe-async] round=  8 R=10 dirty=    16384 runs=     8192 filter= 41.877ms semisort=  2.474ms
[pe-async] round=  9 R=11 dirty=     8192 runs=     4096 filter= 40.886ms semisort=  1.206ms
[pe-async] round= 10 R=12 dirty=     4096 runs=     2048 filter= 40.335ms semisort=  0.633ms
[pe-async] round= 11 R=13 dirty=     2048 runs=     1024 filter= 39.931ms semisort=  0.331ms
[pe-async] round= 12 R=14 dirty=     1024 runs=      512 filter= 39.630ms semisort=  0.177ms
[pe-async] round= 13 R=15 dirty=      512 runs=      256 filter= 39.622ms semisort=  0.111ms
[pe-async] round= 14 R=16 dirty=      256 runs=      128 filter= 39.489ms semisort=  0.052ms
[pe-async] round= 15 R=17 dirty=      128 runs=       64 filter= 39.414ms semisort=  0.035ms
[pe-async] round= 16 R=18 dirty=       64 runs=       32 filter= 39.703ms semisort=  0.021ms
[pe-async] round= 17 R=19 dirty=       32 runs=       16 filter= 39.415ms semisort=  0.012ms
[pe-async] round= 18 R=20 dirty=       16 runs=        8 filter= 39.236ms semisort=  0.009ms
[pe-async] round= 19 R=21 dirty=        8 runs=        4 filter= 39.332ms semisort=  0.007ms
[pe-async] round= 20 R=22 dirty=        4 runs=        2 filter= 39.182ms semisort=  0.006ms
[pe-async] round= 21 R=23 dirty=        2 runs=        1 filter= 39.408ms semisort=  0.005ms
[pe-async] round= 22 R=24 dirty=        0 filter= 39.624ms (clean break)
[pe-async] round=  0 R=2 dirty=  2315250 runs=  1157625 filter= 41.802ms semisort=248.592ms
[pe-async] round=  1 R=3 dirty=  1266674 runs=   742386 filter= 49.052ms semisort=137.552ms
[pe-async] round=  2 R=4 dirty=   742386 runs=   480242 filter= 56.327ms semisort= 68.576ms
[pe-async] round=  3 R=5 dirty=   480242 runs=   349170 filter= 53.681ms semisort= 40.136ms
[pe-async] round=  4 R=6 dirty=   262144 runs=   153095 filter= 51.590ms semisort= 26.823ms
[pe-async] round=  5 R=7 dirty=   131072 runs=    65536 filter= 47.941ms semisort= 14.435ms
[pe-async] round=  6 R=8 dirty=    65536 runs=    32768 filter= 46.253ms semisort=  8.015ms
[pe-async] round=  7 R=9 dirty=    32768 runs=    16384 filter= 44.311ms semisort=  4.364ms
[pe-async] round=  8 R=10 dirty=    16384 runs=     8192 filter= 41.560ms semisort=  2.174ms
[pe-async] round=  9 R=11 dirty=     8192 runs=     4096 filter= 40.772ms semisort=  1.158ms
[pe-async] round= 10 R=12 dirty=     4096 runs=     2048 filter= 40.136ms semisort=  0.613ms
[pe-async] round= 11 R=13 dirty=     2048 runs=     1024 filter= 39.809ms semisort=  0.329ms
[pe-async] round= 12 R=14 dirty=     1024 runs=      512 filter= 39.540ms semisort=  0.182ms
[pe-async] round= 13 R=15 dirty=      512 runs=      256 filter= 39.345ms semisort=  0.110ms
[pe-async] round= 14 R=16 dirty=      256 runs=      128 filter= 39.408ms semisort=  0.274ms
[pe-async] round= 15 R=17 dirty=      128 runs=       64 filter= 39.655ms semisort=  0.034ms
[pe-async] round= 16 R=18 dirty=       64 runs=       32 filter= 39.544ms semisort=  0.021ms
[pe-async] round= 17 R=19 dirty=       32 runs=       16 filter= 39.324ms semisort=  0.013ms
[pe-async] round= 18 R=20 dirty=       16 runs=        8 filter= 39.355ms semisort=  0.010ms
[pe-async] round= 19 R=21 dirty=        8 runs=        4 filter= 39.511ms semisort=  0.007ms
[pe-async] round= 20 R=22 dirty=        4 runs=        2 filter= 39.293ms semisort=  0.006ms
[pe-async] round= 21 R=23 dirty=        2 runs=        1 filter= 39.143ms semisort=  0.005ms
[pe-async] round= 22 R=24 dirty=        0 filter= 39.077ms (clean break)
