[synthetic_bench] cube n=205 d=2 classes=34460908 merges=205 ...
[pe] round=  0 work=      410 frontier= 17230250 next=  8615125 consolidate= 13.665ms frontier= 40.915ms semisort=111.179ms (keyed=44.296ms group_by=  4.467ms per_group=26.402ms)
[pe] round=  1 work=  8615125 frontier=  8841642 next=  4194304 consolidate= 86.729ms frontier= 15.904ms semisort= 54.755ms (keyed=13.777ms group_by=  1.147ms per_group=15.721ms)
[pe] round=  2 work=  4194304 frontier=  4647338 next=  2097152 consolidate= 45.796ms frontier= 12.879ms semisort= 30.010ms (keyed= 6.201ms group_by=  0.344ms per_group= 8.219ms)
[pe] round=  3 work=  2097152 frontier=  2550186 next=  1048576 consolidate= 27.795ms frontier=  8.584ms semisort= 20.472ms (keyed= 3.802ms group_by=  0.582ms per_group= 5.759ms)
[pe] round=  4 work=  1048576 frontier=  1501610 next=   524288 consolidate= 21.487ms frontier=  5.973ms semisort= 10.375ms (keyed= 2.299ms group_by=  0.260ms per_group= 3.679ms)
[pe] round=  5 work=   524288 frontier=   977322 next=   262144 consolidate= 10.798ms frontier=  5.962ms semisort=  5.528ms (keyed= 1.009ms group_by=  0.251ms per_group= 1.550ms)
[pe] round=  6 work=   262144 frontier=   524288 next=   226517 consolidate=  5.432ms frontier=  2.255ms semisort=  3.794ms (keyed= 0.651ms group_by=  0.107ms per_group= 1.445ms)
[pe] round=  7 work=   226517 frontier=   453034 next=   131072 consolidate=  4.669ms frontier=  0.965ms semisort=  2.681ms (keyed= 0.580ms group_by=  0.091ms per_group= 0.829ms)
[pe] round=  8 work=   131072 frontier=   262144 next=    65536 consolidate=  2.967ms frontier=  0.563ms semisort=  1.679ms (keyed= 0.413ms group_by=  0.103ms per_group= 0.461ms)
[pe] round=  9 work=    65536 frontier=   131072 next=    32768 consolidate=  1.566ms frontier=  0.378ms semisort=  1.841ms (keyed= 0.057ms group_by=  0.796ms per_group= 0.482ms)
[pe] round= 10 work=    32768 frontier=    65536 next=    16384 consolidate=  0.907ms frontier=  0.253ms semisort=  1.082ms (keyed= 0.031ms group_by=  0.507ms per_group= 0.232ms)
[pe] round= 11 work=    16384 frontier=    32768 next=     8192 consolidate=  0.636ms frontier=  0.251ms semisort=  0.966ms (keyed= 0.032ms group_by=  0.527ms per_group= 0.187ms)
[pe] round= 12 work=     8192 frontier=    16384 next=     4096 consolidate=  1.745ms frontier=  0.289ms semisort=  0.583ms (keyed= 0.028ms group_by=  0.204ms per_group= 0.145ms)
[pe] round= 13 work=     4096 frontier=     8192 next=     2048 consolidate=  0.891ms frontier=  0.176ms semisort=  0.801ms (keyed= 0.023ms group_by=  0.550ms per_group= 0.090ms)
[pe] round= 14 work=     2048 frontier=     4096 next=     1024 consolidate=  0.454ms frontier=  0.085ms semisort=  0.485ms (keyed= 0.020ms group_by=  0.298ms per_group= 0.063ms)
[pe] round= 15 work=     1024 frontier=     2048 next=      512 consolidate=  0.271ms frontier=  0.073ms semisort=  0.279ms (keyed= 0.008ms group_by=  0.113ms per_group= 0.060ms)
[pe] round= 16 work=      512 frontier=     1024 next=      256 consolidate=  0.143ms frontier=  0.045ms semisort=  0.208ms (keyed= 0.004ms group_by=  0.058ms per_group= 0.051ms)
[pe] round= 17 work=      256 frontier=      512 next=      128 consolidate=  0.095ms frontier=  0.026ms semisort=  0.140ms (keyed= 0.002ms group_by=  0.031ms per_group= 0.046ms)
[pe] round= 18 work=      128 frontier=      256 next=       64 consolidate=  0.055ms frontier=  0.013ms semisort=  0.107ms (keyed= 0.001ms group_by=  0.018ms per_group= 0.021ms)
[pe] round= 19 work=       64 frontier=      128 next=       32 consolidate=  0.041ms frontier=  0.006ms semisort=  0.055ms (keyed= 0.001ms group_by=  0.009ms per_group= 0.022ms)
[pe] round= 20 work=       32 frontier=       64 next=       16 consolidate=  0.042ms frontier=  0.004ms semisort=  0.040ms (keyed= 0.001ms group_by=  0.004ms per_group= 0.014ms)
[pe] round= 21 work=       16 frontier=       32 next=        8 consolidate=  0.021ms frontier=  0.002ms semisort=  0.007ms (keyed= 0.000ms group_by=  0.001ms per_group= 0.003ms)
[pe] round= 22 work=        8 frontier=       16 next=        4 consolidate=  0.010ms frontier=  0.002ms semisort=  0.005ms (keyed= 0.000ms group_by=  0.001ms per_group= 0.002ms)
[pe] round= 23 work=        4 frontier=        8 next=        2 consolidate=  0.005ms frontier=  0.001ms semisort=  0.004ms (keyed= 0.000ms group_by=  0.001ms per_group= 0.001ms)
[pe] round= 24 work=        2 frontier=        4 next=        1 consolidate=  0.002ms frontier=  0.001ms semisort=  0.003ms (keyed= 0.000ms group_by=  0.000ms per_group= 0.001ms)
[pe] round= 25 work=        1 (tail-skip: all parents empty)
[pe] round=  0 work=      410 frontier= 17230250 next=  8615125 consolidate=  1.119ms frontier= 10.208ms semisort= 84.613ms (keyed=31.038ms group_by=  0.715ms per_group=20.015ms)
[pe] round=  1 work=  8615125 frontier=  8841642 next=  4194304 consolidate= 83.213ms frontier= 15.229ms semisort= 45.189ms (keyed=11.850ms group_by=  0.572ms per_group=12.946ms)
[pe] round=  2 work=  4194304 frontier=  4647338 next=  2097152 consolidate= 47.238ms frontier= 10.243ms semisort= 24.617ms (keyed= 5.418ms group_by=  0.342ms per_group= 7.470ms)
[pe] round=  3 work=  2097152 frontier=  2550186 next=  1048576 consolidate= 28.049ms frontier=  7.389ms semisort= 17.261ms (keyed= 3.262ms group_by=  0.753ms per_group= 5.903ms)
[pe] round=  4 work=  1048576 frontier=  1501610 next=   524288 consolidate= 17.429ms frontier=  6.230ms semisort= 10.089ms (keyed= 1.600ms group_by=  0.340ms per_group= 3.230ms)
[pe] round=  5 work=   524288 frontier=   977322 next=   262144 consolidate= 11.147ms frontier=  4.833ms semisort=  5.533ms (keyed= 1.089ms group_by=  0.300ms per_group= 1.723ms)
[pe] round=  6 work=   262144 frontier=   524288 next=   226517 consolidate=  5.808ms frontier=  2.449ms semisort=  3.952ms (keyed= 0.708ms group_by=  0.095ms per_group= 1.603ms)
[pe] round=  7 work=   226517 frontier=   453034 next=   131072 consolidate=  5.409ms frontier=  1.773ms semisort=  2.864ms (keyed= 0.662ms group_by=  0.103ms per_group= 0.686ms)
[pe] round=  8 work=   131072 frontier=   262144 next=    65536 consolidate=  3.102ms frontier=  0.523ms semisort=  1.649ms (keyed= 0.410ms group_by=  0.097ms per_group= 0.457ms)
[pe] round=  9 work=    65536 frontier=   131072 next=    32768 consolidate=  1.612ms frontier=  0.431ms semisort=  1.761ms (keyed= 0.051ms group_by=  0.750ms per_group= 0.455ms)
[pe] round= 10 work=    32768 frontier=    65536 next=    16384 consolidate=  0.946ms frontier=  0.310ms semisort=  1.122ms (keyed= 0.045ms group_by=  0.506ms per_group= 0.260ms)
[pe] round= 11 work=    16384 frontier=    32768 next=     8192 consolidate=  0.629ms frontier=  0.268ms semisort=  0.907ms (keyed= 0.030ms group_by=  0.492ms per_group= 0.172ms)
[pe] round= 12 work=     8192 frontier=    16384 next=     4096 consolidate=  1.833ms frontier=  0.257ms semisort=  0.603ms (keyed= 0.035ms group_by=  0.266ms per_group= 0.112ms)
[pe] round= 13 work=     4096 frontier=     8192 next=     2048 consolidate=  1.161ms frontier=  0.162ms semisort=  0.727ms (keyed= 0.019ms group_by=  0.475ms per_group= 0.094ms)
[pe] round= 14 work=     2048 frontier=     4096 next=     1024 consolidate=  0.602ms frontier=  0.091ms semisort=  0.408ms (keyed= 0.016ms group_by=  0.196ms per_group= 0.096ms)
[pe] round= 15 work=     1024 frontier=     2048 next=      512 consolidate=  0.308ms frontier=  0.069ms semisort=  0.266ms (keyed= 0.014ms group_by=  0.111ms per_group= 0.059ms)
[pe] round= 16 work=      512 frontier=     1024 next=      256 consolidate=  0.160ms frontier=  0.042ms semisort=  0.187ms (keyed= 0.004ms group_by=  0.061ms per_group= 0.049ms)
[pe] round= 17 work=      256 frontier=      512 next=      128 consolidate=  0.101ms frontier=  0.026ms semisort=  0.128ms (keyed= 0.002ms group_by=  0.032ms per_group= 0.040ms)
[pe] round= 18 work=      128 frontier=      256 next=       64 consolidate=  0.089ms frontier=  0.013ms semisort=  0.099ms (keyed= 0.001ms group_by=  0.020ms per_group= 0.029ms)
[pe] round= 19 work=       64 frontier=      128 next=       32 consolidate=  0.041ms frontier=  0.010ms semisort=  0.048ms (keyed= 0.001ms group_by=  0.009ms per_group= 0.019ms)
[pe] round= 20 work=       32 frontier=       64 next=       16 consolidate=  0.036ms frontier=  0.005ms semisort=  0.019ms (keyed= 0.000ms group_by=  0.004ms per_group= 0.009ms)
[pe] round= 21 work=       16 frontier=       32 next=        8 consolidate=  0.029ms frontier=  0.003ms semisort=  0.008ms (keyed= 0.000ms group_by=  0.002ms per_group= 0.004ms)
[pe] round= 22 work=        8 frontier=       16 next=        4 consolidate=  0.013ms frontier=  0.002ms semisort=  0.006ms (keyed= 0.000ms group_by=  0.001ms per_group= 0.002ms)
[pe] round= 23 work=        4 frontier=        8 next=        2 consolidate=  0.005ms frontier=  0.001ms semisort=  0.003ms (keyed= 0.000ms group_by=  0.001ms per_group= 0.001ms)
[pe] round= 24 work=        2 frontier=        4 next=        1 consolidate=  0.003ms frontier=  0.001ms semisort=  0.003ms (keyed= 0.000ms group_by=  0.000ms per_group= 0.001ms)
[pe] round= 25 work=        1 (tail-skip: all parents empty)
[pe] round=  0 work=      410 frontier= 17230250 next=  8615125 consolidate=  1.168ms frontier= 11.138ms semisort= 84.843ms (keyed=29.974ms group_by=  0.744ms per_group=21.469ms)
[pe] round=  1 work=  8615125 frontier=  8841642 next=  4194304 consolidate= 83.398ms frontier= 12.860ms semisort= 46.532ms (keyed=13.068ms group_by=  0.522ms per_group=13.201ms)
[pe] round=  2 work=  4194304 frontier=  4647338 next=  2097152 consolidate= 44.353ms frontier= 11.006ms semisort= 25.253ms (keyed= 5.435ms group_by=  0.312ms per_group= 8.037ms)
[pe] round=  3 work=  2097152 frontier=  2550186 next=  1048576 consolidate= 27.848ms frontier=  6.328ms semisort= 14.761ms (keyed= 2.972ms group_by=  0.265ms per_group= 4.878ms)
[pe] round=  4 work=  1048576 frontier=  1501610 next=   524288 consolidate= 17.503ms frontier=  6.137ms semisort=  9.341ms (keyed= 1.555ms group_by=  0.379ms per_group= 3.160ms)
[pe] round=  5 work=   524288 frontier=   977322 next=   262144 consolidate= 11.644ms frontier=  3.935ms semisort=  5.421ms (keyed= 0.916ms group_by=  0.242ms per_group= 1.796ms)
[pe] round=  6 work=   262144 frontier=   524288 next=   226517 consolidate=  8.812ms frontier=  2.585ms semisort=  4.025ms (keyed= 0.728ms group_by=  0.118ms per_group= 1.607ms)
[pe] round=  7 work=   226517 frontier=   453034 next=   131072 consolidate=  5.127ms frontier=  0.688ms semisort=  2.633ms (keyed= 0.649ms group_by=  0.100ms per_group= 0.741ms)
[pe] round=  8 work=   131072 frontier=   262144 next=    65536 consolidate=  3.190ms frontier=  0.577ms semisort=  1.722ms (keyed= 0.458ms group_by=  0.096ms per_group= 0.480ms)
[pe] round=  9 work=    65536 frontier=   131072 next=    32768 consolidate=  1.683ms frontier=  0.441ms semisort=  1.998ms (keyed= 0.054ms group_by=  0.950ms per_group= 0.486ms)
[pe] round= 10 work=    32768 frontier=    65536 next=    16384 consolidate=  1.001ms frontier=  0.332ms semisort=  1.122ms (keyed= 0.033ms group_by=  0.530ms per_group= 0.242ms)
[pe] round= 11 work=    16384 frontier=    32768 next=     8192 consolidate=  0.635ms frontier=  0.224ms semisort=  1.025ms (keyed= 0.036ms group_by=  0.540ms per_group= 0.180ms)
[pe] round= 12 work=     8192 frontier=    16384 next=     4096 consolidate=  1.920ms frontier=  0.299ms semisort=  0.604ms (keyed= 0.025ms group_by=  0.227ms per_group= 0.152ms)
[pe] round= 13 work=     4096 frontier=     8192 next=     2048 consolidate=  0.997ms frontier=  0.159ms semisort=  0.742ms (keyed= 0.034ms group_by=  0.468ms per_group= 0.087ms)
[pe] round= 14 work=     2048 frontier=     4096 next=     1024 consolidate=  0.502ms frontier=  0.104ms semisort=  0.383ms (keyed= 0.011ms group_by=  0.196ms per_group= 0.060ms)
[pe] round= 15 work=     1024 frontier=     2048 next=      512 consolidate=  0.285ms frontier=  0.067ms semisort=  0.281ms (keyed= 0.014ms group_by=  0.127ms per_group= 0.053ms)
[pe] round= 16 work=      512 frontier=     1024 next=      256 consolidate=  0.148ms frontier=  0.057ms semisort=  0.183ms (keyed= 0.004ms group_by=  0.060ms per_group= 0.042ms)
[pe] round= 17 work=      256 frontier=      512 next=      128 consolidate=  0.104ms frontier=  0.035ms semisort=  0.114ms (keyed= 0.002ms group_by=  0.030ms per_group= 0.033ms)
[pe] round= 18 work=      128 frontier=      256 next=       64 consolidate=  0.073ms frontier=  0.013ms semisort=  0.085ms (keyed= 0.001ms group_by=  0.018ms per_group= 0.028ms)
[pe] round= 19 work=       64 frontier=      128 next=       32 consolidate=  0.057ms frontier=  0.007ms semisort=  0.061ms (keyed= 0.001ms group_by=  0.009ms per_group= 0.025ms)
[pe] round= 20 work=       32 frontier=       64 next=       16 consolidate=  0.037ms frontier=  0.004ms semisort=  0.014ms (keyed= 0.000ms group_by=  0.004ms per_group= 0.005ms)
[pe] round= 21 work=       16 frontier=       32 next=        8 consolidate=  0.043ms frontier=  0.003ms semisort=  0.008ms (keyed= 0.000ms group_by=  0.002ms per_group= 0.004ms)
[pe] round= 22 work=        8 frontier=       16 next=        4 consolidate=  0.016ms frontier=  0.002ms semisort=  0.006ms (keyed= 0.000ms group_by=  0.001ms per_group= 0.002ms)
[pe] round= 23 work=        4 frontier=        8 next=        2 consolidate=  0.005ms frontier=  0.001ms semisort=  0.004ms (keyed= 0.000ms group_by=  0.001ms per_group= 0.001ms)
[pe] round= 24 work=        2 frontier=        4 next=        1 consolidate=  0.003ms frontier=  0.001ms semisort=  0.003ms (keyed= 0.000ms group_by=  0.000ms per_group= 0.001ms)
[pe] round= 25 work=        1 (tail-skip: all parents empty)
[pe] round=  0 work=      410 frontier= 17230250 next=  8615125 consolidate=  1.487ms frontier= 10.202ms semisort= 85.210ms (keyed=30.641ms group_by=  0.703ms per_group=21.899ms)
[pe] round=  1 work=  8615125 frontier=  8841642 next=  4194304 consolidate= 93.885ms frontier= 13.991ms semisort= 46.132ms (keyed=12.702ms group_by=  0.538ms per_group=12.733ms)
[pe] round=  2 work=  4194304 frontier=  4647338 next=  2097152 consolidate= 50.139ms frontier=  8.901ms semisort= 26.999ms (keyed= 6.253ms group_by=  0.337ms per_group= 7.828ms)
[pe] round=  3 work=  2097152 frontier=  2550186 next=  1048576 consolidate= 29.882ms frontier=  7.537ms semisort= 16.365ms (keyed= 3.031ms group_by=  0.251ms per_group= 6.177ms)
[pe] round=  4 work=  1048576 frontier=  1501610 next=   524288 consolidate= 18.372ms frontier=  4.860ms semisort= 11.093ms (keyed= 2.314ms group_by=  0.959ms per_group= 3.535ms)
[pe] round=  5 work=   524288 frontier=   977322 next=   262144 consolidate= 12.307ms frontier=  5.196ms semisort=  5.660ms (keyed= 1.090ms group_by=  0.245ms per_group= 1.851ms)
[pe] round=  6 work=   262144 frontier=   524288 next=   226517 consolidate= 10.307ms frontier=  2.798ms semisort=  3.943ms (keyed= 0.681ms group_by=  0.095ms per_group= 1.637ms)
[pe] round=  7 work=   226517 frontier=   453034 next=   131072 consolidate=  5.413ms frontier=  0.687ms semisort=  2.584ms (keyed= 0.624ms group_by=  0.092ms per_group= 0.731ms)
[pe] round=  8 work=   131072 frontier=   262144 next=    65536 consolidate=  3.397ms frontier=  0.548ms semisort=  3.134ms (keyed= 0.429ms group_by=  0.071ms per_group= 1.099ms)
[pe] round=  9 work=    65536 frontier=   131072 next=    32768 consolidate=  2.019ms frontier=  0.639ms semisort=  1.899ms (keyed= 0.056ms group_by=  0.875ms per_group= 0.469ms)
[pe] round= 10 work=    32768 frontier=    65536 next=    16384 consolidate=  0.974ms frontier=  0.308ms semisort=  1.146ms (keyed= 0.024ms group_by=  0.559ms per_group= 0.237ms)
[pe] round= 11 work=    16384 frontier=    32768 next=     8192 consolidate=  0.619ms frontier=  0.241ms semisort=  1.149ms (keyed= 0.036ms group_by=  0.545ms per_group= 0.319ms)
[pe] round= 12 work=     8192 frontier=    16384 next=     4096 consolidate=  1.894ms frontier=  0.274ms semisort=  0.601ms (keyed= 0.034ms group_by=  0.221ms per_group= 0.134ms)
[pe] round= 13 work=     4096 frontier=     8192 next=     2048 consolidate=  0.957ms frontier=  0.154ms semisort=  1.009ms (keyed= 0.037ms group_by=  0.559ms per_group= 0.282ms)
[pe] round= 14 work=     2048 frontier=     4096 next=     1024 consolidate=  0.501ms frontier=  0.091ms semisort=  0.505ms (keyed= 0.015ms group_by=  0.307ms per_group= 0.066ms)
[pe] round= 15 work=     1024 frontier=     2048 next=      512 consolidate=  0.303ms frontier=  0.072ms semisort=  0.272ms (keyed= 0.013ms group_by=  0.107ms per_group= 0.062ms)
[pe] round= 16 work=      512 frontier=     1024 next=      256 consolidate=  0.146ms frontier=  0.043ms semisort=  0.210ms (keyed= 0.004ms group_by=  0.058ms per_group= 0.063ms)
[pe] round= 17 work=      256 frontier=      512 next=      128 consolidate=  0.107ms frontier=  0.029ms semisort=  0.125ms (keyed= 0.003ms group_by=  0.031ms per_group= 0.032ms)
[pe] round= 18 work=      128 frontier=      256 next=       64 consolidate=  0.060ms frontier=  0.019ms semisort=  0.088ms (keyed= 0.001ms group_by=  0.016ms per_group= 0.041ms)
[pe] round= 19 work=       64 frontier=      128 next=       32 consolidate=  0.055ms frontier=  0.006ms semisort=  0.049ms (keyed= 0.001ms group_by=  0.008ms per_group= 0.021ms)
[pe] round= 20 work=       32 frontier=       64 next=       16 consolidate=  0.036ms frontier=  0.005ms semisort=  0.030ms (keyed= 0.000ms group_by=  0.005ms per_group= 0.019ms)
[pe] round= 21 work=       16 frontier=       32 next=        8 consolidate=  0.037ms frontier=  0.003ms semisort=  0.009ms (keyed= 0.000ms group_by=  0.002ms per_group= 0.004ms)
[pe] round= 22 work=        8 frontier=       16 next=        4 consolidate=  0.011ms frontier=  0.002ms semisort=  0.005ms (keyed= 0.000ms group_by=  0.001ms per_group= 0.002ms)
[pe] round= 23 work=        4 frontier=        8 next=        2 consolidate=  0.005ms frontier=  0.001ms semisort=  0.004ms (keyed= 0.000ms group_by=  0.001ms per_group= 0.001ms)
[pe] round= 24 work=        2 frontier=        4 next=        1 consolidate=  0.003ms frontier=  0.001ms semisort=  0.003ms (keyed= 0.000ms group_by=  0.000ms per_group= 0.001ms)
[pe] round= 25 work=        1 (tail-skip: all parents empty)
[pe] round=  0 work=      410 frontier= 17230250 next=  8615125 consolidate=  1.099ms frontier=  9.414ms semisort= 85.721ms (keyed=30.924ms group_by=  0.745ms per_group=21.865ms)
[pe] round=  1 work=  8615125 frontier=  8841642 next=  4194304 consolidate= 90.452ms frontier= 13.182ms semisort= 46.110ms (keyed=12.782ms group_by=  0.503ms per_group=12.680ms)
[pe] round=  2 work=  4194304 frontier=  4647338 next=  2097152 consolidate= 49.618ms frontier=  9.658ms semisort= 25.281ms (keyed= 5.671ms group_by=  0.337ms per_group= 7.851ms)
[pe] round=  3 work=  2097152 frontier=  2550186 next=  1048576 consolidate= 37.196ms frontier=  6.262ms semisort= 15.002ms (keyed= 2.746ms group_by=  0.234ms per_group= 5.138ms)
[pe] round=  4 work=  1048576 frontier=  1501610 next=   524288 consolidate= 18.112ms frontier=  6.057ms semisort= 12.269ms (keyed= 2.599ms group_by=  0.228ms per_group= 4.535ms)
[pe] round=  5 work=   524288 frontier=   977322 next=   262144 consolidate= 12.763ms frontier=  4.895ms semisort=  7.455ms (keyed= 1.047ms group_by=  0.121ms per_group= 3.080ms)
[pe] round=  6 work=   262144 frontier=   524288 next=   226517 consolidate=  6.399ms frontier=  2.282ms semisort=  3.837ms (keyed= 0.684ms group_by=  0.097ms per_group= 1.501ms)
[pe] round=  7 work=   226517 frontier=   453034 next=   131072 consolidate=  5.298ms frontier=  0.672ms semisort=  2.683ms (keyed= 0.608ms group_by=  0.102ms per_group= 0.759ms)
[pe] round=  8 work=   131072 frontier=   262144 next=    65536 consolidate=  3.152ms frontier=  0.495ms semisort=  1.821ms (keyed= 0.476ms group_by=  0.095ms per_group= 0.496ms)
[pe] round=  9 work=    65536 frontier=   131072 next=    32768 consolidate=  1.599ms frontier=  0.487ms semisort=  2.295ms (keyed= 0.057ms group_by=  1.224ms per_group= 0.485ms)
[pe] round= 10 work=    32768 frontier=    65536 next=    16384 consolidate=  0.968ms frontier=  0.277ms semisort=  1.263ms (keyed= 0.024ms group_by=  0.654ms per_group= 0.257ms)
[pe] round= 11 work=    16384 frontier=    32768 next=     8192 consolidate=  0.708ms frontier=  0.263ms semisort=  1.171ms (keyed= 0.031ms group_by=  0.663ms per_group= 0.209ms)
[pe] round= 12 work=     8192 frontier=    16384 next=     4096 consolidate=  1.917ms frontier=  0.293ms semisort=  0.609ms (keyed= 0.031ms group_by=  0.205ms per_group= 0.147ms)
[pe] round= 13 work=     4096 frontier=     8192 next=     2048 consolidate=  0.995ms frontier=  0.153ms semisort=  0.704ms (keyed= 0.031ms group_by=  0.458ms per_group= 0.077ms)
[pe] round= 14 work=     2048 frontier=     4096 next=     1024 consolidate=  0.508ms frontier=  0.106ms semisort=  0.372ms (keyed= 0.022ms group_by=  0.190ms per_group= 0.052ms)
[pe] round= 15 work=     1024 frontier=     2048 next=      512 consolidate=  0.297ms frontier=  0.079ms semisort=  0.270ms (keyed= 0.014ms group_by=  0.114ms per_group= 0.060ms)
[pe] round= 16 work=      512 frontier=     1024 next=      256 consolidate=  0.166ms frontier=  0.059ms semisort=  0.258ms (keyed= 0.004ms group_by=  0.154ms per_group= 0.040ms)
[pe] round= 17 work=      256 frontier=      512 next=      128 consolidate=  0.097ms frontier=  0.034ms semisort=  0.143ms (keyed= 0.002ms group_by=  0.036ms per_group= 0.036ms)
[pe] round= 18 work=      128 frontier=      256 next=       64 consolidate=  0.084ms frontier=  0.016ms semisort=  0.081ms (keyed= 0.001ms group_by=  0.017ms per_group= 0.022ms)
[pe] round= 19 work=       64 frontier=      128 next=       32 consolidate=  0.060ms frontier=  0.018ms semisort=  0.056ms (keyed= 0.001ms group_by=  0.008ms per_group= 0.027ms)
[pe] round= 20 work=       32 frontier=       64 next=       16 consolidate=  0.044ms frontier=  0.005ms semisort=  0.021ms (keyed= 0.000ms group_by=  0.004ms per_group= 0.011ms)
[pe] round= 21 work=       16 frontier=       32 next=        8 consolidate=  0.027ms frontier=  0.003ms semisort=  0.008ms (keyed= 0.000ms group_by=  0.002ms per_group= 0.004ms)
[pe] round= 22 work=        8 frontier=       16 next=        4 consolidate=  0.013ms frontier=  0.002ms semisort=  0.006ms (keyed= 0.000ms group_by=  0.001ms per_group= 0.002ms)
[pe] round= 23 work=        4 frontier=        8 next=        2 consolidate=  0.004ms frontier=  0.001ms semisort=  0.003ms (keyed= 0.000ms group_by=  0.001ms per_group= 0.001ms)
[pe] round= 24 work=        2 frontier=        4 next=        1 consolidate=  0.003ms frontier=  0.001ms semisort=  0.002ms (keyed= 0.000ms group_by=  0.000ms per_group= 0.001ms)
[pe] round= 25 work=        1 (tail-skip: all parents empty)
[pe] round=  0 work=      410 frontier= 17230250 next=  8615125 consolidate=  1.228ms frontier= 11.949ms semisort= 85.611ms (keyed=30.292ms group_by=  0.756ms per_group=21.952ms)
[pe] round=  1 work=  8615125 frontier=  8841642 next=  4194304 consolidate= 84.379ms frontier= 13.448ms semisort= 45.605ms (keyed=12.211ms group_by=  0.501ms per_group=12.985ms)
[pe] round=  2 work=  4194304 frontier=  4647338 next=  2097152 consolidate= 44.632ms frontier= 10.060ms semisort= 24.866ms (keyed= 5.770ms group_by=  0.356ms per_group= 7.576ms)
[pe] round=  3 work=  2097152 frontier=  2550186 next=  1048576 consolidate= 28.535ms frontier=  6.868ms semisort= 14.524ms (keyed= 2.804ms group_by=  0.226ms per_group= 4.822ms)
[pe] round=  4 work=  1048576 frontier=  1501610 next=   524288 consolidate= 22.636ms frontier=  5.780ms semisort=  9.394ms (keyed= 1.437ms group_by=  0.497ms per_group= 3.143ms)
[pe] round=  5 work=   524288 frontier=   977322 next=   262144 consolidate= 11.634ms frontier=  5.328ms semisort=  5.282ms (keyed= 0.904ms group_by=  0.264ms per_group= 1.725ms)
[pe] round=  6 work=   262144 frontier=   524288 next=   226517 consolidate=  6.372ms frontier=  2.537ms semisort=  3.801ms (keyed= 0.681ms group_by=  0.083ms per_group= 1.502ms)
[pe] round=  7 work=   226517 frontier=   453034 next=   131072 consolidate=  5.179ms frontier=  0.651ms semisort=  2.965ms (keyed= 0.631ms group_by=  0.108ms per_group= 0.712ms)
[pe] round=  8 work=   131072 frontier=   262144 next=    65536 consolidate=  3.098ms frontier=  0.673ms semisort=  1.686ms (keyed= 0.437ms group_by=  0.111ms per_group= 0.448ms)
[pe] round=  9 work=    65536 frontier=   131072 next=    32768 consolidate=  1.621ms frontier=  0.393ms semisort=  1.990ms (keyed= 0.059ms group_by=  0.959ms per_group= 0.472ms)
[pe] round= 10 work=    32768 frontier=    65536 next=    16384 consolidate=  1.029ms frontier=  0.273ms semisort=  1.214ms (keyed= 0.037ms group_by=  0.614ms per_group= 0.241ms)
[pe] round= 11 work=    16384 frontier=    32768 next=     8192 consolidate=  0.613ms frontier=  0.230ms semisort=  0.971ms (keyed= 0.031ms group_by=  0.532ms per_group= 0.185ms)
[pe] round= 12 work=     8192 frontier=    16384 next=     4096 consolidate=  1.950ms frontier=  0.254ms semisort=  0.586ms (keyed= 0.025ms group_by=  0.205ms per_group= 0.150ms)
[pe] round= 13 work=     4096 frontier=     8192 next=     2048 consolidate=  0.983ms frontier=  0.159ms semisort=  0.708ms (keyed= 0.021ms group_by=  0.443ms per_group= 0.077ms)
[pe] round= 14 work=     2048 frontier=     4096 next=     1024 consolidate=  0.495ms frontier=  0.096ms semisort=  0.373ms (keyed= 0.012ms group_by=  0.211ms per_group= 0.060ms)
[pe] round= 15 work=     1024 frontier=     2048 next=      512 consolidate=  0.294ms frontier=  0.080ms semisort=  0.266ms (keyed= 0.007ms group_by=  0.108ms per_group= 0.055ms)
[pe] round= 16 work=      512 frontier=     1024 next=      256 consolidate=  0.133ms frontier=  0.043ms semisort=  0.179ms (keyed= 0.004ms group_by=  0.060ms per_group= 0.040ms)
[pe] round= 17 work=      256 frontier=      512 next=      128 consolidate=  0.087ms frontier=  0.033ms semisort=  0.144ms (keyed= 0.002ms group_by=  0.030ms per_group= 0.042ms)
[pe] round= 18 work=      128 frontier=      256 next=       64 consolidate=  0.061ms frontier=  0.016ms semisort=  0.087ms (keyed= 0.002ms group_by=  0.016ms per_group= 0.028ms)
[pe] round= 19 work=       64 frontier=      128 next=       32 consolidate=  0.078ms frontier=  0.007ms semisort=  0.054ms (keyed= 0.001ms group_by=  0.008ms per_group= 0.024ms)
[pe] round= 20 work=       32 frontier=       64 next=       16 consolidate=  0.044ms frontier=  0.005ms semisort=  0.057ms (keyed= 0.001ms group_by=  0.005ms per_group= 0.024ms)
[pe] round= 21 work=       16 frontier=       32 next=        8 consolidate=  0.036ms frontier=  0.003ms semisort=  0.009ms (keyed= 0.000ms group_by=  0.002ms per_group= 0.004ms)
[pe] round= 22 work=        8 frontier=       16 next=        4 consolidate=  0.011ms frontier=  0.002ms semisort=  0.004ms (keyed= 0.000ms group_by=  0.001ms per_group= 0.002ms)
[pe] round= 23 work=        4 frontier=        8 next=        2 consolidate=  0.005ms frontier=  0.001ms semisort=  0.003ms (keyed= 0.000ms group_by=  0.001ms per_group= 0.001ms)
[pe] round= 24 work=        2 frontier=        4 next=        1 consolidate=  0.002ms frontier=  0.001ms semisort=  0.002ms (keyed= 0.000ms group_by=  0.000ms per_group= 0.001ms)
[pe] round= 25 work=        1 (tail-skip: all parents empty)
[pe-async] round=  0 R=2 dirty= 17230250 runs=  8615125 filter=  9.118ms semisort= 38.864ms
[pe-async] round=  1 R=3 dirty=  8841642 runs=  4647338 filter=  8.941ms semisort= 31.839ms
[pe-async] round=  2 R=4 dirty=  4647338 runs=  2550186 filter=  9.601ms semisort= 12.152ms
[pe-async] round=  3 R=5 dirty=  2550186 runs=  1501610 filter=  9.433ms semisort=  7.563ms
[pe-async] round=  4 R=6 dirty=  1501610 runs=   977322 filter=  8.861ms semisort=  5.003ms
[pe-async] round=  5 R=7 dirty=   977322 runs=   715178 filter=  8.785ms semisort=  3.070ms
[pe-async] round=  6 R=8 dirty=   524288 runs=   297771 filter=  8.979ms semisort=  1.969ms
[pe-async] round=  7 R=9 dirty=   262144 runs=   131072 filter=  8.456ms semisort=  1.253ms
[pe-async] round=  8 R=10 dirty=   131072 runs=    65536 filter=  8.431ms semisort=  0.942ms
[pe-async] round=  9 R=11 dirty=    65536 runs=    32768 filter=  8.385ms semisort=  2.817ms
[pe-async] round= 10 R=12 dirty=    32768 runs=    16384 filter=  8.189ms semisort=  1.211ms
[pe-async] round= 11 R=13 dirty=    16384 runs=     8192 filter=  8.153ms semisort=  0.692ms
[pe-async] round= 12 R=14 dirty=     8192 runs=     4096 filter=  8.337ms semisort=  0.386ms
[pe-async] round= 13 R=15 dirty=     4096 runs=     2048 filter=  8.180ms semisort=  0.239ms
[pe-async] round= 14 R=16 dirty=     2048 runs=     1024 filter=  8.085ms semisort=  0.165ms
[pe-async] round= 15 R=17 dirty=     1024 runs=      512 filter=  8.044ms semisort=  0.126ms
[pe-async] round= 16 R=18 dirty=      512 runs=      256 filter=  8.113ms semisort=  0.076ms
[pe-async] round= 17 R=19 dirty=      256 runs=      128 filter=  8.121ms semisort=  0.072ms
[pe-async] round= 18 R=20 dirty=      128 runs=       64 filter=  8.169ms semisort=  0.067ms
[pe-async] round= 19 R=21 dirty=       64 runs=       32 filter=  8.135ms semisort=  0.052ms
[pe-async] round= 20 R=22 dirty=       32 runs=       16 filter=  8.004ms semisort=  0.042ms
[pe-async] round= 21 R=23 dirty=       16 runs=        8 filter=  8.202ms semisort=  0.016ms
[pe-async] round= 22 R=24 dirty=        8 runs=        4 filter=  8.502ms semisort=  0.014ms
[pe-async] round= 23 R=25 dirty=        4 runs=        2 filter=  8.096ms semisort=  0.012ms
[pe-async] round= 24 R=26 dirty=        2 runs=        1 filter=  8.161ms semisort=  0.008ms
[pe-async] round= 25 R=27 dirty=        0 filter=  8.407ms (clean break)
[pe-async] round=  0 R=2 dirty= 17230250 runs=  8615125 filter=  9.154ms semisort= 42.256ms
[pe-async] round=  1 R=3 dirty=  8841642 runs=  4647338 filter=  8.930ms semisort= 22.027ms
[pe-async] round=  2 R=4 dirty=  4647338 runs=  2550186 filter= 10.035ms semisort= 12.048ms
[pe-async] round=  3 R=5 dirty=  2550186 runs=  1501610 filter=  9.385ms semisort=  7.335ms
[pe-async] round=  4 R=6 dirty=  1501610 runs=   977322 filter=  8.865ms semisort=  4.498ms
[pe-async] round=  5 R=7 dirty=   977322 runs=   715178 filter=  8.557ms semisort=  2.841ms
[pe-async] round=  6 R=8 dirty=   524288 runs=   297771 filter=  8.384ms semisort=  1.975ms
[pe-async] round=  7 R=9 dirty=   262144 runs=   131072 filter=  8.268ms semisort=  1.313ms
[pe-async] round=  8 R=10 dirty=   131072 runs=    65536 filter=  8.103ms semisort=  0.861ms
[pe-async] round=  9 R=11 dirty=    65536 runs=    32768 filter=  8.013ms semisort=  2.860ms
[pe-async] round= 10 R=12 dirty=    32768 runs=    16384 filter=  7.969ms semisort=  1.272ms
[pe-async] round= 11 R=13 dirty=    16384 runs=     8192 filter=  7.928ms semisort=  0.686ms
[pe-async] round= 12 R=14 dirty=     8192 runs=     4096 filter=  7.890ms semisort=  0.362ms
[pe-async] round= 13 R=15 dirty=     4096 runs=     2048 filter=  7.823ms semisort=  0.249ms
[pe-async] round= 14 R=16 dirty=     2048 runs=     1024 filter=  7.847ms semisort=  0.153ms
[pe-async] round= 15 R=17 dirty=     1024 runs=      512 filter=  7.807ms semisort=  0.106ms
[pe-async] round= 16 R=18 dirty=      512 runs=      256 filter=  7.835ms semisort=  0.089ms
[pe-async] round= 17 R=19 dirty=      256 runs=      128 filter=  7.803ms semisort=  0.072ms
[pe-async] round= 18 R=20 dirty=      128 runs=       64 filter=  7.794ms semisort=  0.075ms
[pe-async] round= 19 R=21 dirty=       64 runs=       32 filter=  7.818ms semisort=  0.057ms
[pe-async] round= 20 R=22 dirty=       32 runs=       16 filter=  7.769ms semisort=  0.037ms
[pe-async] round= 21 R=23 dirty=       16 runs=        8 filter=  7.763ms semisort=  0.035ms
[pe-async] round= 22 R=24 dirty=        8 runs=        4 filter=  7.769ms semisort=  0.024ms
[pe-async] round= 23 R=25 dirty=        4 runs=        2 filter=  7.773ms semisort=  0.012ms
[pe-async] round= 24 R=26 dirty=        2 runs=        1 filter=  7.742ms semisort=  0.009ms
[pe-async] round= 25 R=27 dirty=        0 filter=  7.744ms (clean break)
[pe-async] round=  0 R=2 dirty= 17230250 runs=  8615125 filter=  9.003ms semisort= 42.776ms
[pe-async] round=  1 R=3 dirty=  8841642 runs=  4647338 filter=  9.018ms semisort= 23.454ms
[pe-async] round=  2 R=4 dirty=  4647338 runs=  2550186 filter=  9.940ms semisort= 13.186ms
[pe-async] round=  3 R=5 dirty=  2550186 runs=  1501610 filter=  9.597ms semisort=  8.176ms
[pe-async] round=  4 R=6 dirty=  1501610 runs=   977322 filter=  9.388ms semisort=  4.468ms
[pe-async] round=  5 R=7 dirty=   977322 runs=   715178 filter=  8.586ms semisort=  2.825ms
[pe-async] round=  6 R=8 dirty=   524288 runs=   297771 filter=  8.453ms semisort=  2.233ms
[pe-async] round=  7 R=9 dirty=   262144 runs=   131072 filter=  8.574ms semisort=  1.273ms
[pe-async] round=  8 R=10 dirty=   131072 runs=    65536 filter=  8.303ms semisort=  0.801ms
[pe-async] round=  9 R=11 dirty=    65536 runs=    32768 filter=  8.125ms semisort=  2.911ms
[pe-async] round= 10 R=12 dirty=    32768 runs=    16384 filter=  8.184ms semisort=  1.364ms
[pe-async] round= 11 R=13 dirty=    16384 runs=     8192 filter=  7.917ms semisort=  0.715ms
[pe-async] round= 12 R=14 dirty=     8192 runs=     4096 filter=  7.857ms semisort=  0.366ms
[pe-async] round= 13 R=15 dirty=     4096 runs=     2048 filter=  7.871ms semisort=  0.241ms
[pe-async] round= 14 R=16 dirty=     2048 runs=     1024 filter=  7.863ms semisort=  0.146ms
[pe-async] round= 15 R=17 dirty=     1024 runs=      512 filter=  7.825ms semisort=  0.095ms
[pe-async] round= 16 R=18 dirty=      512 runs=      256 filter=  7.832ms semisort=  0.085ms
[pe-async] round= 17 R=19 dirty=      256 runs=      128 filter=  7.847ms semisort=  0.059ms
[pe-async] round= 18 R=20 dirty=      128 runs=       64 filter=  7.810ms semisort=  0.070ms
[pe-async] round= 19 R=21 dirty=       64 runs=       32 filter=  7.789ms semisort=  0.070ms
[pe-async] round= 20 R=22 dirty=       32 runs=       16 filter=  7.941ms semisort=  0.067ms
[pe-async] round= 21 R=23 dirty=       16 runs=        8 filter=  7.954ms semisort=  0.031ms
[pe-async] round= 22 R=24 dirty=        8 runs=        4 filter=  7.802ms semisort=  0.030ms
[pe-async] round= 23 R=25 dirty=        4 runs=        2 filter=  7.763ms semisort=  0.011ms
[pe-async] round= 24 R=26 dirty=        2 runs=        1 filter=  7.807ms semisort=  0.008ms
[pe-async] round= 25 R=27 dirty=        0 filter=  7.748ms (clean break)
[pe-async] round=  0 R=2 dirty= 17230250 runs=  8615125 filter=  9.447ms semisort= 41.118ms
[pe-async] round=  1 R=3 dirty=  8841642 runs=  4647338 filter=  9.440ms semisort= 23.810ms
[pe-async] round=  2 R=4 dirty=  4647338 runs=  2550186 filter=  9.602ms semisort= 13.493ms
[pe-async] round=  3 R=5 dirty=  2550186 runs=  1501610 filter=  9.819ms semisort=  8.435ms
[pe-async] round=  4 R=6 dirty=  1501610 runs=   977322 filter=  9.302ms semisort=  4.246ms
[pe-async] round=  5 R=7 dirty=   977322 runs=   715178 filter=  8.836ms semisort=  3.030ms
[pe-async] round=  6 R=8 dirty=   524288 runs=   297771 filter=  9.081ms semisort=  2.161ms
[pe-async] round=  7 R=9 dirty=   262144 runs=   131072 filter=  8.728ms semisort=  1.258ms
[pe-async] round=  8 R=10 dirty=   131072 runs=    65536 filter=  8.330ms semisort=  0.829ms
[pe-async] round=  9 R=11 dirty=    65536 runs=    32768 filter=  8.520ms semisort=  2.906ms
[pe-async] round= 10 R=12 dirty=    32768 runs=    16384 filter=  8.681ms semisort=  1.597ms
[pe-async] round= 11 R=13 dirty=    16384 runs=     8192 filter=  8.269ms semisort=  0.649ms
[pe-async] round= 12 R=14 dirty=     8192 runs=     4096 filter=  8.232ms semisort=  0.391ms
[pe-async] round= 13 R=15 dirty=     4096 runs=     2048 filter=  8.117ms semisort=  0.259ms
[pe-async] round= 14 R=16 dirty=     2048 runs=     1024 filter=  8.565ms semisort=  0.157ms
[pe-async] round= 15 R=17 dirty=     1024 runs=      512 filter=  8.186ms semisort=  0.107ms
[pe-async] round= 16 R=18 dirty=      512 runs=      256 filter=  8.282ms semisort=  0.079ms
[pe-async] round= 17 R=19 dirty=      256 runs=      128 filter=  8.031ms semisort=  0.066ms
[pe-async] round= 18 R=20 dirty=      128 runs=       64 filter=  8.022ms semisort=  0.067ms
[pe-async] round= 19 R=21 dirty=       64 runs=       32 filter=  8.196ms semisort=  0.032ms
[pe-async] round= 20 R=22 dirty=       32 runs=       16 filter=  7.998ms semisort=  0.057ms
[pe-async] round= 21 R=23 dirty=       16 runs=        8 filter=  8.021ms semisort=  0.024ms
[pe-async] round= 22 R=24 dirty=        8 runs=        4 filter=  8.169ms semisort=  0.013ms
[pe-async] round= 23 R=25 dirty=        4 runs=        2 filter=  8.093ms semisort=  0.011ms
[pe-async] round= 24 R=26 dirty=        2 runs=        1 filter=  7.976ms semisort=  0.008ms
[pe-async] round= 25 R=27 dirty=        0 filter=  8.083ms (clean break)
[pe-async] round=  0 R=2 dirty= 17230250 runs=  8615125 filter=  8.969ms semisort= 42.207ms
[pe-async] round=  1 R=3 dirty=  8841642 runs=  4647338 filter=  8.976ms semisort= 22.598ms
[pe-async] round=  2 R=4 dirty=  4647338 runs=  2550186 filter=  9.590ms semisort= 12.576ms
[pe-async] round=  3 R=5 dirty=  2550186 runs=  1501610 filter=  9.390ms semisort=  7.660ms
[pe-async] round=  4 R=6 dirty=  1501610 runs=   977322 filter=  8.893ms semisort=  4.459ms
[pe-async] round=  5 R=7 dirty=   977322 runs=   715178 filter=  8.549ms semisort=  2.867ms
[pe-async] round=  6 R=8 dirty=   524288 runs=   297771 filter=  8.400ms semisort=  2.458ms
[pe-async] round=  7 R=9 dirty=   262144 runs=   131072 filter=  8.245ms semisort=  1.283ms
[pe-async] round=  8 R=10 dirty=   131072 runs=    65536 filter=  8.075ms semisort=  0.830ms
[pe-async] round=  9 R=11 dirty=    65536 runs=    32768 filter=  8.026ms semisort=  2.656ms
[pe-async] round= 10 R=12 dirty=    32768 runs=    16384 filter=  7.947ms semisort=  1.332ms
[pe-async] round= 11 R=13 dirty=    16384 runs=     8192 filter=  7.922ms semisort=  0.667ms
[pe-async] round= 12 R=14 dirty=     8192 runs=     4096 filter=  7.907ms semisort=  0.376ms
[pe-async] round= 13 R=15 dirty=     4096 runs=     2048 filter=  7.846ms semisort=  0.242ms
[pe-async] round= 14 R=16 dirty=     2048 runs=     1024 filter=  7.856ms semisort=  0.153ms
[pe-async] round= 15 R=17 dirty=     1024 runs=      512 filter=  7.841ms semisort=  0.099ms
[pe-async] round= 16 R=18 dirty=      512 runs=      256 filter=  7.830ms semisort=  0.090ms
[pe-async] round= 17 R=19 dirty=      256 runs=      128 filter=  7.783ms semisort=  0.089ms
[pe-async] round= 18 R=20 dirty=      128 runs=       64 filter=  7.800ms semisort=  0.058ms
[pe-async] round= 19 R=21 dirty=       64 runs=       32 filter=  7.778ms semisort=  0.053ms
[pe-async] round= 20 R=22 dirty=       32 runs=       16 filter=  7.772ms semisort=  0.036ms
[pe-async] round= 21 R=23 dirty=       16 runs=        8 filter=  7.766ms semisort=  0.050ms
[pe-async] round= 22 R=24 dirty=        8 runs=        4 filter=  7.742ms semisort=  0.022ms
[pe-async] round= 23 R=25 dirty=        4 runs=        2 filter=  7.762ms semisort=  0.012ms
[pe-async] round= 24 R=26 dirty=        2 runs=        1 filter=  7.767ms semisort=  0.009ms
[pe-async] round= 25 R=27 dirty=        0 filter=  7.736ms (clean break)
[pe-async] round=  0 R=2 dirty= 17230250 runs=  8615125 filter=  9.254ms semisort= 42.365ms
[pe-async] round=  1 R=3 dirty=  8841642 runs=  4647338 filter=  8.947ms semisort= 22.385ms
[pe-async] round=  2 R=4 dirty=  4647338 runs=  2550186 filter=  9.616ms semisort= 12.683ms
[pe-async] round=  3 R=5 dirty=  2550186 runs=  1501610 filter=  9.359ms semisort=  7.168ms
[pe-async] round=  4 R=6 dirty=  1501610 runs=   977322 filter=  8.921ms semisort=  4.416ms
[pe-async] round=  5 R=7 dirty=   977322 runs=   715178 filter=  8.674ms semisort=  2.822ms
[pe-async] round=  6 R=8 dirty=   524288 runs=   297771 filter=  8.451ms semisort=  1.922ms
[pe-async] round=  7 R=9 dirty=   262144 runs=   131072 filter=  8.313ms semisort=  1.278ms
[pe-async] round=  8 R=10 dirty=   131072 runs=    65536 filter=  8.069ms semisort=  0.807ms
[pe-async] round=  9 R=11 dirty=    65536 runs=    32768 filter=  8.032ms semisort=  2.562ms
[pe-async] round= 10 R=12 dirty=    32768 runs=    16384 filter=  7.989ms semisort=  1.317ms
[pe-async] round= 11 R=13 dirty=    16384 runs=     8192 filter=  7.926ms semisort=  0.687ms
[pe-async] round= 12 R=14 dirty=     8192 runs=     4096 filter=  7.883ms semisort=  0.363ms
[pe-async] round= 13 R=15 dirty=     4096 runs=     2048 filter=  7.822ms semisort=  0.237ms
[pe-async] round= 14 R=16 dirty=     2048 runs=     1024 filter=  7.872ms semisort=  0.144ms
[pe-async] round= 15 R=17 dirty=     1024 runs=      512 filter=  7.841ms semisort=  0.106ms
[pe-async] round= 16 R=18 dirty=      512 runs=      256 filter=  7.832ms semisort=  0.084ms
[pe-async] round= 17 R=19 dirty=      256 runs=      128 filter=  7.847ms semisort=  0.076ms
[pe-async] round= 18 R=20 dirty=      128 runs=       64 filter=  7.789ms semisort=  0.069ms
[pe-async] round= 19 R=21 dirty=       64 runs=       32 filter=  7.782ms semisort=  0.059ms
[pe-async] round= 20 R=22 dirty=       32 runs=       16 filter=  7.802ms semisort=  0.036ms
[pe-async] round= 21 R=23 dirty=       16 runs=        8 filter=  7.863ms semisort=  0.017ms
[pe-async] round= 22 R=24 dirty=        8 runs=        4 filter=  7.767ms semisort=  0.014ms
[pe-async] round= 23 R=25 dirty=        4 runs=        2 filter=  7.766ms semisort=  0.013ms
[pe-async] round= 24 R=26 dirty=        2 runs=        1 filter=  7.728ms semisort=  0.009ms
[pe-async] round= 25 R=27 dirty=        0 filter=  7.760ms (clean break)
