[synthetic_bench] cube n=130 d=2 classes=8788258 merges=130 ...
[pe] round=  0 work=      260 frontier=  4394000 next=  2197000 consolidate=  4.658ms frontier= 24.841ms semisort=160.260ms (keyed=19.854ms group_by=  2.296ms per_group=57.034ms)
[pe] round=  1 work=  2197000 frontier=  2296848 next=  1048576 consolidate=272.720ms frontier= 22.789ms semisort= 82.037ms (keyed= 7.949ms group_by=  0.926ms per_group=26.487ms)
[pe] round=  2 work=  1048576 frontier=  1248272 next=   524288 consolidate=146.950ms frontier= 12.727ms semisort= 43.444ms (keyed= 4.756ms group_by=  0.705ms per_group=15.659ms)
[pe] round=  3 work=   524288 frontier=   723984 next=   262144 consolidate= 67.313ms frontier=  6.772ms semisort= 25.151ms (keyed= 2.910ms group_by=  0.449ms per_group= 9.283ms)
[pe] round=  4 work=   262144 frontier=   461840 next=   131072 consolidate= 31.511ms frontier=  4.063ms semisort= 15.819ms (keyed= 2.236ms group_by=  0.335ms per_group= 5.182ms)
[pe] round=  5 work=   131072 frontier=   262144 next=    99848 consolidate= 15.684ms frontier=  1.204ms semisort=  8.670ms (keyed= 1.202ms group_by=  0.215ms per_group= 2.733ms)
[pe] round=  6 work=    99848 frontier=   199696 next=    65536 consolidate= 12.259ms frontier=  0.959ms semisort=  9.432ms (keyed= 0.116ms group_by=  1.645ms per_group= 4.373ms)
[pe] round=  7 work=    65536 frontier=   131072 next=    32768 consolidate=  8.222ms frontier=  0.838ms semisort=  5.742ms (keyed= 0.106ms group_by=  1.320ms per_group= 2.134ms)
[pe] round=  8 work=    32768 frontier=    65536 next=    16384 consolidate=  4.690ms frontier=  0.549ms semisort=  3.257ms (keyed= 0.082ms group_by=  0.791ms per_group= 1.152ms)
[pe] round=  9 work=    16384 frontier=    32768 next=     8192 consolidate=  2.741ms frontier=  0.339ms semisort=  1.982ms (keyed= 0.072ms group_by=  0.371ms per_group= 0.763ms)
[pe] round= 10 work=     8192 frontier=    16384 next=     4096 consolidate=  1.745ms frontier=  0.225ms semisort=  1.264ms (keyed= 0.057ms group_by=  0.218ms per_group= 0.509ms)
[pe] round= 11 work=     4096 frontier=     8192 next=     2048 consolidate=  1.066ms frontier=  0.214ms semisort=  0.942ms (keyed= 0.009ms group_by=  0.435ms per_group= 0.264ms)
[pe] round= 12 work=     2048 frontier=     4096 next=     1024 consolidate=  0.523ms frontier=  0.106ms semisort=  0.527ms (keyed= 0.008ms group_by=  0.212ms per_group= 0.160ms)
[pe] round= 13 work=     1024 frontier=     2048 next=      512 consolidate=  0.295ms frontier=  0.043ms semisort=  0.310ms (keyed= 0.005ms group_by=  0.096ms per_group= 0.097ms)
[pe] round= 14 work=      512 frontier=     1024 next=      256 consolidate=  0.173ms frontier=  0.033ms semisort=  0.148ms (keyed= 0.003ms group_by=  0.044ms per_group= 0.054ms)
[pe] round= 15 work=      256 frontier=      512 next=      128 consolidate=  0.080ms frontier=  0.018ms semisort=  0.086ms (keyed= 0.001ms group_by=  0.018ms per_group= 0.033ms)
[pe] round= 16 work=      128 frontier=      256 next=       64 consolidate=  0.051ms frontier=  0.007ms semisort=  0.038ms (keyed= 0.001ms group_by=  0.008ms per_group= 0.016ms)
[pe] round= 17 work=       64 frontier=      128 next=       32 consolidate=  0.025ms frontier=  0.004ms semisort=  0.020ms (keyed= 0.000ms group_by=  0.003ms per_group= 0.008ms)
[pe] round= 18 work=       32 frontier=       64 next=       16 consolidate=  0.023ms frontier=  0.002ms semisort=  0.011ms (keyed= 0.000ms group_by=  0.002ms per_group= 0.005ms)
[pe] round= 19 work=       16 frontier=       32 next=        8 consolidate=  0.009ms frontier=  0.001ms semisort=  0.006ms (keyed= 0.000ms group_by=  0.001ms per_group= 0.003ms)
[pe] round= 20 work=        8 frontier=       16 next=        4 consolidate=  0.005ms frontier=  0.001ms semisort=  0.004ms (keyed= 0.000ms group_by=  0.001ms per_group= 0.001ms)
[pe] round= 21 work=        4 frontier=        8 next=        2 consolidate=  0.003ms frontier=  0.001ms semisort=  0.003ms (keyed= 0.000ms group_by=  0.001ms per_group= 0.001ms)
[pe] round= 22 work=        2 frontier=        4 next=        1 consolidate=  0.002ms frontier=  0.001ms semisort=  0.002ms (keyed= 0.000ms group_by=  0.000ms per_group= 0.001ms)
[pe] round= 23 work=        1 (tail-skip: all parents empty)
[pe] round=  0 work=      260 frontier=  4394000 next=  2197000 consolidate=  1.236ms frontier= 19.739ms semisort=151.929ms (keyed=16.537ms group_by=  1.312ms per_group=50.748ms)
[pe] round=  1 work=  2197000 frontier=  2296848 next=  1048576 consolidate=291.946ms frontier= 22.585ms semisort= 82.488ms (keyed= 8.547ms group_by=  0.883ms per_group=25.883ms)
[pe] round=  2 work=  1048576 frontier=  1248272 next=   524288 consolidate=148.621ms frontier= 12.513ms semisort= 42.720ms (keyed= 4.750ms group_by=  0.609ms per_group=15.316ms)
[pe] round=  3 work=   524288 frontier=   723984 next=   262144 consolidate= 69.276ms frontier=  6.495ms semisort= 25.102ms (keyed= 3.129ms group_by=  0.441ms per_group= 9.278ms)
[pe] round=  4 work=   262144 frontier=   461840 next=   131072 consolidate= 33.349ms frontier=  4.401ms semisort= 15.460ms (keyed= 1.993ms group_by=  0.346ms per_group= 5.282ms)
[pe] round=  5 work=   131072 frontier=   262144 next=    99848 consolidate= 16.842ms frontier=  1.338ms semisort=  8.805ms (keyed= 1.430ms group_by=  0.272ms per_group= 2.768ms)
[pe] round=  6 work=    99848 frontier=   199696 next=    65536 consolidate= 12.793ms frontier=  1.042ms semisort= 10.524ms (keyed= 0.119ms group_by=  2.750ms per_group= 4.236ms)
[pe] round=  7 work=    65536 frontier=   131072 next=    32768 consolidate=  8.894ms frontier=  0.744ms semisort=  5.575ms (keyed= 0.103ms group_by=  1.271ms per_group= 2.092ms)
[pe] round=  8 work=    32768 frontier=    65536 next=    16384 consolidate=  5.001ms frontier=  0.517ms semisort=  3.554ms (keyed= 0.080ms group_by=  0.810ms per_group= 1.231ms)
[pe] round=  9 work=    16384 frontier=    32768 next=     8192 consolidate=  2.891ms frontier=  0.411ms semisort=  2.289ms (keyed= 0.071ms group_by=  0.512ms per_group= 0.838ms)
[pe] round= 10 work=     8192 frontier=    16384 next=     4096 consolidate=  2.024ms frontier=  0.294ms semisort=  1.284ms (keyed= 0.050ms group_by=  0.287ms per_group= 0.436ms)
[pe] round= 11 work=     4096 frontier=     8192 next=     2048 consolidate=  0.961ms frontier=  0.154ms semisort=  1.038ms (keyed= 0.021ms group_by=  0.428ms per_group= 0.257ms)
[pe] round= 12 work=     2048 frontier=     4096 next=     1024 consolidate=  0.589ms frontier=  0.085ms semisort=  0.591ms (keyed= 0.007ms group_by=  0.236ms per_group= 0.142ms)
[pe] round= 13 work=     1024 frontier=     2048 next=      512 consolidate=  0.279ms frontier=  0.060ms semisort=  0.314ms (keyed= 0.007ms group_by=  0.096ms per_group= 0.107ms)
[pe] round= 14 work=      512 frontier=     1024 next=      256 consolidate=  0.178ms frontier=  0.033ms semisort=  0.139ms (keyed= 0.003ms group_by=  0.045ms per_group= 0.049ms)
[pe] round= 15 work=      256 frontier=      512 next=      128 consolidate=  0.080ms frontier=  0.017ms semisort=  0.093ms (keyed= 0.001ms group_by=  0.022ms per_group= 0.036ms)
[pe] round= 16 work=      128 frontier=      256 next=       64 consolidate=  0.044ms frontier=  0.008ms semisort=  0.036ms (keyed= 0.001ms group_by=  0.006ms per_group= 0.017ms)
[pe] round= 17 work=       64 frontier=      128 next=       32 consolidate=  0.031ms frontier=  0.005ms semisort=  0.021ms (keyed= 0.000ms group_by=  0.003ms per_group= 0.008ms)
[pe] round= 18 work=       32 frontier=       64 next=       16 consolidate=  0.025ms frontier=  0.002ms semisort=  0.011ms (keyed= 0.000ms group_by=  0.002ms per_group= 0.005ms)
[pe] round= 19 work=       16 frontier=       32 next=        8 consolidate=  0.013ms frontier=  0.001ms semisort=  0.010ms (keyed= 0.000ms group_by=  0.004ms per_group= 0.003ms)
[pe] round= 20 work=        8 frontier=       16 next=        4 consolidate=  0.008ms frontier=  0.001ms semisort=  0.004ms (keyed= 0.000ms group_by=  0.001ms per_group= 0.001ms)
[pe] round= 21 work=        4 frontier=        8 next=        2 consolidate=  0.004ms frontier=  0.001ms semisort=  0.003ms (keyed= 0.000ms group_by=  0.001ms per_group= 0.001ms)
[pe] round= 22 work=        2 frontier=        4 next=        1 consolidate=  0.002ms frontier=  0.001ms semisort=  0.002ms (keyed= 0.000ms group_by=  0.000ms per_group= 0.001ms)
[pe] round= 23 work=        1 (tail-skip: all parents empty)
[pe] round=  0 work=      260 frontier=  4394000 next=  2197000 consolidate=  1.181ms frontier= 19.496ms semisort=160.858ms (keyed=16.733ms group_by=  1.298ms per_group=58.229ms)
[pe] round=  1 work=  2197000 frontier=  2296848 next=  1048576 consolidate=286.831ms frontier= 22.870ms semisort= 82.429ms (keyed= 8.440ms group_by=  0.892ms per_group=26.120ms)
[pe] round=  2 work=  1048576 frontier=  1248272 next=   524288 consolidate=146.853ms frontier= 12.437ms semisort= 42.547ms (keyed= 4.441ms group_by=  0.624ms per_group=15.185ms)
[pe] round=  3 work=   524288 frontier=   723984 next=   262144 consolidate= 68.771ms frontier=  6.430ms semisort= 25.027ms (keyed= 3.001ms group_by=  0.473ms per_group= 9.329ms)
[pe] round=  4 work=   262144 frontier=   461840 next=   131072 consolidate= 32.864ms frontier=  4.215ms semisort= 15.660ms (keyed= 2.020ms group_by=  0.411ms per_group= 5.253ms)
[pe] round=  5 work=   131072 frontier=   262144 next=    99848 consolidate= 16.889ms frontier=  1.300ms semisort=  8.799ms (keyed= 1.277ms group_by=  0.254ms per_group= 2.869ms)
[pe] round=  6 work=    99848 frontier=   199696 next=    65536 consolidate= 12.981ms frontier=  0.932ms semisort= 10.033ms (keyed= 0.112ms group_by=  2.225ms per_group= 4.382ms)
[pe] round=  7 work=    65536 frontier=   131072 next=    32768 consolidate=  8.915ms frontier=  0.680ms semisort=  5.624ms (keyed= 0.108ms group_by=  1.277ms per_group= 2.219ms)
[pe] round=  8 work=    32768 frontier=    65536 next=    16384 consolidate=  4.887ms frontier=  0.553ms semisort=  3.480ms (keyed= 0.083ms group_by=  0.714ms per_group= 1.206ms)
[pe] round=  9 work=    16384 frontier=    32768 next=     8192 consolidate=  2.967ms frontier=  0.349ms semisort=  2.103ms (keyed= 0.072ms group_by=  0.465ms per_group= 0.792ms)
[pe] round= 10 work=     8192 frontier=    16384 next=     4096 consolidate=  1.874ms frontier=  0.230ms semisort=  1.380ms (keyed= 0.054ms group_by=  0.316ms per_group= 0.452ms)
[pe] round= 11 work=     4096 frontier=     8192 next=     2048 consolidate=  1.013ms frontier=  0.146ms semisort=  1.066ms (keyed= 0.009ms group_by=  0.426ms per_group= 0.262ms)
[pe] round= 12 work=     2048 frontier=     4096 next=     1024 consolidate=  0.596ms frontier=  0.150ms semisort=  0.588ms (keyed= 0.009ms group_by=  0.222ms per_group= 0.153ms)
[pe] round= 13 work=     1024 frontier=     2048 next=      512 consolidate=  0.326ms frontier=  0.046ms semisort=  0.298ms (keyed= 0.006ms group_by=  0.088ms per_group= 0.095ms)
[pe] round= 14 work=      512 frontier=     1024 next=      256 consolidate=  0.158ms frontier=  0.033ms semisort=  0.158ms (keyed= 0.002ms group_by=  0.043ms per_group= 0.052ms)
[pe] round= 15 work=      256 frontier=      512 next=      128 consolidate=  0.082ms frontier=  0.020ms semisort=  0.079ms (keyed= 0.001ms group_by=  0.019ms per_group= 0.028ms)
[pe] round= 16 work=      128 frontier=      256 next=       64 consolidate=  0.052ms frontier=  0.007ms semisort=  0.040ms (keyed= 0.001ms group_by=  0.009ms per_group= 0.017ms)
[pe] round= 17 work=       64 frontier=      128 next=       32 consolidate=  0.029ms frontier=  0.004ms semisort=  0.020ms (keyed= 0.000ms group_by=  0.003ms per_group= 0.008ms)
[pe] round= 18 work=       32 frontier=       64 next=       16 consolidate=  0.025ms frontier=  0.002ms semisort=  0.011ms (keyed= 0.000ms group_by=  0.002ms per_group= 0.004ms)
[pe] round= 19 work=       16 frontier=       32 next=        8 consolidate=  0.012ms frontier=  0.001ms semisort=  0.007ms (keyed= 0.000ms group_by=  0.001ms per_group= 0.003ms)
[pe] round= 20 work=        8 frontier=       16 next=        4 consolidate=  0.007ms frontier=  0.001ms semisort=  0.004ms (keyed= 0.000ms group_by=  0.001ms per_group= 0.002ms)
[pe] round= 21 work=        4 frontier=        8 next=        2 consolidate=  0.004ms frontier=  0.001ms semisort=  0.003ms (keyed= 0.000ms group_by=  0.001ms per_group= 0.001ms)
[pe] round= 22 work=        2 frontier=        4 next=        1 consolidate=  0.002ms frontier=  0.001ms semisort=  0.002ms (keyed= 0.000ms group_by=  0.000ms per_group= 0.001ms)
[pe] round= 23 work=        1 (tail-skip: all parents empty)
[pe] round=  0 work=      260 frontier=  4394000 next=  2197000 consolidate=  1.224ms frontier= 19.548ms semisort=162.484ms (keyed=16.393ms group_by=  1.278ms per_group=59.047ms)
[pe] round=  1 work=  2197000 frontier=  2296848 next=  1048576 consolidate=287.691ms frontier= 22.597ms semisort= 83.286ms (keyed= 8.239ms group_by=  0.913ms per_group=26.597ms)
[pe] round=  2 work=  1048576 frontier=  1248272 next=   524288 consolidate=145.278ms frontier= 11.663ms semisort= 42.608ms (keyed= 4.698ms group_by=  0.610ms per_group=14.896ms)
[pe] round=  3 work=   524288 frontier=   723984 next=   262144 consolidate= 68.537ms frontier=  6.601ms semisort= 24.779ms (keyed= 2.994ms group_by=  0.486ms per_group= 9.171ms)
[pe] round=  4 work=   262144 frontier=   461840 next=   131072 consolidate= 32.700ms frontier=  4.008ms semisort= 15.687ms (keyed= 2.061ms group_by=  0.354ms per_group= 5.197ms)
[pe] round=  5 work=   131072 frontier=   262144 next=    99848 consolidate= 16.797ms frontier=  1.359ms semisort=  8.750ms (keyed= 1.366ms group_by=  0.219ms per_group= 2.747ms)
[pe] round=  6 work=    99848 frontier=   199696 next=    65536 consolidate= 12.772ms frontier=  1.042ms semisort= 10.252ms (keyed= 0.115ms group_by=  2.280ms per_group= 4.525ms)
[pe] round=  7 work=    65536 frontier=   131072 next=    32768 consolidate=  8.848ms frontier=  0.846ms semisort=  5.751ms (keyed= 0.112ms group_by=  1.333ms per_group= 2.303ms)
[pe] round=  8 work=    32768 frontier=    65536 next=    16384 consolidate=  4.836ms frontier=  0.572ms semisort=  3.661ms (keyed= 0.079ms group_by=  0.796ms per_group= 1.265ms)
[pe] round=  9 work=    16384 frontier=    32768 next=     8192 consolidate=  2.683ms frontier=  0.372ms semisort=  2.047ms (keyed= 0.072ms group_by=  0.410ms per_group= 0.733ms)
[pe] round= 10 work=     8192 frontier=    16384 next=     4096 consolidate=  1.815ms frontier=  0.295ms semisort=  1.548ms (keyed= 0.053ms group_by=  0.428ms per_group= 0.578ms)
[pe] round= 11 work=     4096 frontier=     8192 next=     2048 consolidate=  1.110ms frontier=  0.203ms semisort=  1.108ms (keyed= 0.009ms group_by=  0.439ms per_group= 0.313ms)
[pe] round= 12 work=     2048 frontier=     4096 next=     1024 consolidate=  0.508ms frontier=  0.141ms semisort=  0.546ms (keyed= 0.007ms group_by=  0.214ms per_group= 0.160ms)
[pe] round= 13 work=     1024 frontier=     2048 next=      512 consolidate=  0.277ms frontier=  0.062ms semisort=  0.325ms (keyed= 0.006ms group_by=  0.102ms per_group= 0.113ms)
[pe] round= 14 work=      512 frontier=     1024 next=      256 consolidate=  0.161ms frontier=  0.031ms semisort=  0.159ms (keyed= 0.003ms group_by=  0.045ms per_group= 0.049ms)
[pe] round= 15 work=      256 frontier=      512 next=      128 consolidate=  0.080ms frontier=  0.015ms semisort=  0.080ms (keyed= 0.001ms group_by=  0.020ms per_group= 0.023ms)
[pe] round= 16 work=      128 frontier=      256 next=       64 consolidate=  0.064ms frontier=  0.007ms semisort=  0.039ms (keyed= 0.001ms group_by=  0.009ms per_group= 0.017ms)
[pe] round= 17 work=       64 frontier=      128 next=       32 consolidate=  0.027ms frontier=  0.005ms semisort=  0.020ms (keyed= 0.000ms group_by=  0.003ms per_group= 0.009ms)
[pe] round= 18 work=       32 frontier=       64 next=       16 consolidate=  0.026ms frontier=  0.002ms semisort=  0.011ms (keyed= 0.000ms group_by=  0.002ms per_group= 0.004ms)
[pe] round= 19 work=       16 frontier=       32 next=        8 consolidate=  0.013ms frontier=  0.001ms semisort=  0.007ms (keyed= 0.000ms group_by=  0.001ms per_group= 0.003ms)
[pe] round= 20 work=        8 frontier=       16 next=        4 consolidate=  0.006ms frontier=  0.001ms semisort=  0.004ms (keyed= 0.000ms group_by=  0.001ms per_group= 0.001ms)
[pe] round= 21 work=        4 frontier=        8 next=        2 consolidate=  0.004ms frontier=  0.001ms semisort=  0.003ms (keyed= 0.000ms group_by=  0.001ms per_group= 0.001ms)
[pe] round= 22 work=        2 frontier=        4 next=        1 consolidate=  0.002ms frontier=  0.001ms semisort=  0.002ms (keyed= 0.000ms group_by=  0.000ms per_group= 0.001ms)
[pe] round= 23 work=        1 (tail-skip: all parents empty)
[pe] round=  0 work=      260 frontier=  4394000 next=  2197000 consolidate=  1.191ms frontier= 19.141ms semisort=161.382ms (keyed=16.495ms group_by=  1.295ms per_group=58.748ms)
[pe] round=  1 work=  2197000 frontier=  2296848 next=  1048576 consolidate=286.135ms frontier= 22.595ms semisort= 83.143ms (keyed= 8.129ms group_by=  0.910ms per_group=26.848ms)
[pe] round=  2 work=  1048576 frontier=  1248272 next=   524288 consolidate=144.816ms frontier= 12.185ms semisort= 42.629ms (keyed= 4.479ms group_by=  0.605ms per_group=15.130ms)
[pe] round=  3 work=   524288 frontier=   723984 next=   262144 consolidate= 67.947ms frontier=  6.374ms semisort= 25.032ms (keyed= 2.977ms group_by=  0.472ms per_group= 9.233ms)
[pe] round=  4 work=   262144 frontier=   461840 next=   131072 consolidate= 33.007ms frontier=  3.684ms semisort= 15.327ms (keyed= 2.033ms group_by=  0.346ms per_group= 5.092ms)
[pe] round=  5 work=   131072 frontier=   262144 next=    99848 consolidate= 16.968ms frontier=  1.307ms semisort=  8.629ms (keyed= 1.442ms group_by=  0.219ms per_group= 2.791ms)
[pe] round=  6 work=    99848 frontier=   199696 next=    65536 consolidate= 12.938ms frontier=  0.949ms semisort= 10.362ms (keyed= 0.113ms group_by=  2.366ms per_group= 4.612ms)
[pe] round=  7 work=    65536 frontier=   131072 next=    32768 consolidate=  9.053ms frontier=  0.949ms semisort=  5.772ms (keyed= 0.104ms group_by=  1.323ms per_group= 2.351ms)
[pe] round=  8 work=    32768 frontier=    65536 next=    16384 consolidate=  5.084ms frontier=  0.486ms semisort=  3.563ms (keyed= 0.080ms group_by=  0.797ms per_group= 1.240ms)
[pe] round=  9 work=    16384 frontier=    32768 next=     8192 consolidate=  2.730ms frontier=  0.352ms semisort=  2.144ms (keyed= 0.072ms group_by=  0.523ms per_group= 0.784ms)
[pe] round= 10 work=     8192 frontier=    16384 next=     4096 consolidate=  2.031ms frontier=  0.232ms semisort=  1.317ms (keyed= 0.050ms group_by=  0.271ms per_group= 0.552ms)
[pe] round= 11 work=     4096 frontier=     8192 next=     2048 consolidate=  1.001ms frontier=  0.136ms semisort=  1.061ms (keyed= 0.019ms group_by=  0.449ms per_group= 0.268ms)
[pe] round= 12 work=     2048 frontier=     4096 next=     1024 consolidate=  0.622ms frontier=  0.082ms semisort=  0.588ms (keyed= 0.008ms group_by=  0.216ms per_group= 0.158ms)
[pe] round= 13 work=     1024 frontier=     2048 next=      512 consolidate=  0.274ms frontier=  0.054ms semisort=  0.297ms (keyed= 0.006ms group_by=  0.088ms per_group= 0.096ms)
[pe] round= 14 work=      512 frontier=     1024 next=      256 consolidate=  0.192ms frontier=  0.032ms semisort=  0.143ms (keyed= 0.003ms group_by=  0.042ms per_group= 0.050ms)
[pe] round= 15 work=      256 frontier=      512 next=      128 consolidate=  0.084ms frontier=  0.017ms semisort=  0.079ms (keyed= 0.001ms group_by=  0.018ms per_group= 0.025ms)
[pe] round= 16 work=      128 frontier=      256 next=       64 consolidate=  0.058ms frontier=  0.008ms semisort=  0.039ms (keyed= 0.001ms group_by=  0.008ms per_group= 0.017ms)
[pe] round= 17 work=       64 frontier=      128 next=       32 consolidate=  0.026ms frontier=  0.005ms semisort=  0.020ms (keyed= 0.000ms group_by=  0.003ms per_group= 0.008ms)
[pe] round= 18 work=       32 frontier=       64 next=       16 consolidate=  0.025ms frontier=  0.002ms semisort=  0.011ms (keyed= 0.000ms group_by=  0.002ms per_group= 0.004ms)
[pe] round= 19 work=       16 frontier=       32 next=        8 consolidate=  0.012ms frontier=  0.001ms semisort=  0.007ms (keyed= 0.000ms group_by=  0.001ms per_group= 0.003ms)
[pe] round= 20 work=        8 frontier=       16 next=        4 consolidate=  0.006ms frontier=  0.001ms semisort=  0.004ms (keyed= 0.000ms group_by=  0.001ms per_group= 0.002ms)
[pe] round= 21 work=        4 frontier=        8 next=        2 consolidate=  0.004ms frontier=  0.001ms semisort=  0.003ms (keyed= 0.000ms group_by=  0.001ms per_group= 0.001ms)
[pe] round= 22 work=        2 frontier=        4 next=        1 consolidate=  0.002ms frontier=  0.001ms semisort=  0.002ms (keyed= 0.000ms group_by=  0.000ms per_group= 0.001ms)
[pe] round= 23 work=        1 (tail-skip: all parents empty)
[pe] round=  0 work=      260 frontier=  4394000 next=  2197000 consolidate=  1.197ms frontier= 19.092ms semisort=161.003ms (keyed=16.266ms group_by=  1.191ms per_group=59.676ms)
[pe] round=  1 work=  2197000 frontier=  2296848 next=  1048576 consolidate=287.408ms frontier= 22.632ms semisort= 83.851ms (keyed= 8.851ms group_by=  0.871ms per_group=26.534ms)
[pe] round=  2 work=  1048576 frontier=  1248272 next=   524288 consolidate=144.252ms frontier= 12.116ms semisort= 43.369ms (keyed= 4.650ms group_by=  0.620ms per_group=15.232ms)
[pe] round=  3 work=   524288 frontier=   723984 next=   262144 consolidate= 67.773ms frontier=  6.472ms semisort= 24.881ms (keyed= 3.000ms group_by=  0.459ms per_group= 9.240ms)
[pe] round=  4 work=   262144 frontier=   461840 next=   131072 consolidate= 32.813ms frontier=  3.964ms semisort= 15.486ms (keyed= 2.154ms group_by=  0.339ms per_group= 5.040ms)
[pe] round=  5 work=   131072 frontier=   262144 next=    99848 consolidate= 16.933ms frontier=  1.289ms semisort=  8.536ms (keyed= 1.272ms group_by=  0.222ms per_group= 2.888ms)
[pe] round=  6 work=    99848 frontier=   199696 next=    65536 consolidate= 12.862ms frontier=  1.025ms semisort= 10.230ms (keyed= 0.117ms group_by=  2.329ms per_group= 4.414ms)
[pe] round=  7 work=    65536 frontier=   131072 next=    32768 consolidate=  9.052ms frontier=  0.722ms semisort=  5.802ms (keyed= 0.106ms group_by=  1.249ms per_group= 2.281ms)
[pe] round=  8 work=    32768 frontier=    65536 next=    16384 consolidate=  4.970ms frontier=  0.528ms semisort=  3.459ms (keyed= 0.036ms group_by=  0.847ms per_group= 1.177ms)
[pe] round=  9 work=    16384 frontier=    32768 next=     8192 consolidate=  2.743ms frontier=  0.345ms semisort=  2.101ms (keyed= 0.072ms group_by=  0.412ms per_group= 0.753ms)
[pe] round= 10 work=     8192 frontier=    16384 next=     4096 consolidate=  1.999ms frontier=  0.299ms semisort=  1.320ms (keyed= 0.048ms group_by=  0.242ms per_group= 0.533ms)
[pe] round= 11 work=     4096 frontier=     8192 next=     2048 consolidate=  1.051ms frontier=  0.199ms semisort=  1.135ms (keyed= 0.011ms group_by=  0.467ms per_group= 0.301ms)
[pe] round= 12 work=     2048 frontier=     4096 next=     1024 consolidate=  0.565ms frontier=  0.089ms semisort=  0.541ms (keyed= 0.007ms group_by=  0.219ms per_group= 0.158ms)
[pe] round= 13 work=     1024 frontier=     2048 next=      512 consolidate=  0.301ms frontier=  0.060ms semisort=  0.278ms (keyed= 0.006ms group_by=  0.099ms per_group= 0.090ms)
[pe] round= 14 work=      512 frontier=     1024 next=      256 consolidate=  0.159ms frontier=  0.034ms semisort=  0.151ms (keyed= 0.003ms group_by=  0.043ms per_group= 0.049ms)
[pe] round= 15 work=      256 frontier=      512 next=      128 consolidate=  0.081ms frontier=  0.017ms semisort=  0.082ms (keyed= 0.001ms group_by=  0.019ms per_group= 0.027ms)
[pe] round= 16 work=      128 frontier=      256 next=       64 consolidate=  0.056ms frontier=  0.007ms semisort=  0.040ms (keyed= 0.001ms group_by=  0.010ms per_group= 0.017ms)
[pe] round= 17 work=       64 frontier=      128 next=       32 consolidate=  0.028ms frontier=  0.004ms semisort=  0.020ms (keyed= 0.000ms group_by=  0.003ms per_group= 0.008ms)
[pe] round= 18 work=       32 frontier=       64 next=       16 consolidate=  0.024ms frontier=  0.002ms semisort=  0.011ms (keyed= 0.000ms group_by=  0.002ms per_group= 0.005ms)
[pe] round= 19 work=       16 frontier=       32 next=        8 consolidate=  0.012ms frontier=  0.001ms semisort=  0.006ms (keyed= 0.000ms group_by=  0.001ms per_group= 0.003ms)
[pe] round= 20 work=        8 frontier=       16 next=        4 consolidate=  0.007ms frontier=  0.001ms semisort=  0.004ms (keyed= 0.000ms group_by=  0.001ms per_group= 0.001ms)
[pe] round= 21 work=        4 frontier=        8 next=        2 consolidate=  0.003ms frontier=  0.001ms semisort=  0.003ms (keyed= 0.000ms group_by=  0.001ms per_group= 0.001ms)
[pe] round= 22 work=        2 frontier=        4 next=        1 consolidate=  0.002ms frontier=  0.001ms semisort=  0.002ms (keyed= 0.000ms group_by=  0.000ms per_group= 0.001ms)
[pe] round= 23 work=        1 (tail-skip: all parents empty)
[pe-async] round=  0 R=2 dirty=  4394000 runs=  2197000 filter= 12.081ms semisort= 89.642ms
[pe-async] round=  1 R=3 dirty=  2296848 runs=  1248272 filter= 14.913ms semisort= 49.346ms
[pe-async] round=  2 R=4 dirty=  1248272 runs=   723984 filter= 16.313ms semisort= 25.491ms
[pe-async] round=  3 R=5 dirty=   723984 runs=   461840 filter= 15.872ms semisort= 15.902ms
[pe-async] round=  4 R=6 dirty=   461840 runs=   330768 filter= 15.268ms semisort=  9.687ms
[pe-async] round=  5 R=7 dirty=   262144 runs=   162296 filter= 14.404ms semisort=  6.402ms
[pe-async] round=  6 R=8 dirty=   131072 runs=    65536 filter= 13.538ms semisort=  3.909ms
[pe-async] round=  7 R=9 dirty=    65536 runs=    32768 filter= 13.100ms semisort=  3.566ms
[pe-async] round=  8 R=10 dirty=    32768 runs=    16384 filter= 12.936ms semisort=  1.850ms
[pe-async] round=  9 R=11 dirty=    16384 runs=     8192 filter= 12.713ms semisort=  1.097ms
[pe-async] round= 10 R=12 dirty=     8192 runs=     4096 filter= 12.690ms semisort=  0.613ms
[pe-async] round= 11 R=13 dirty=     4096 runs=     2048 filter= 12.292ms semisort=  0.351ms
[pe-async] round= 12 R=14 dirty=     2048 runs=     1024 filter= 12.427ms semisort=  0.218ms
[pe-async] round= 13 R=15 dirty=     1024 runs=      512 filter= 12.146ms semisort=  0.167ms
[pe-async] round= 14 R=16 dirty=      512 runs=      256 filter= 12.293ms semisort=  0.142ms
[pe-async] round= 15 R=17 dirty=      256 runs=      128 filter= 12.350ms semisort=  0.071ms
[pe-async] round= 16 R=18 dirty=      128 runs=       64 filter= 11.936ms semisort=  0.046ms
[pe-async] round= 17 R=19 dirty=       64 runs=       32 filter= 11.869ms semisort=  0.028ms
[pe-async] round= 18 R=20 dirty=       32 runs=       16 filter= 11.950ms semisort=  0.017ms
[pe-async] round= 19 R=21 dirty=       16 runs=        8 filter= 12.057ms semisort=  0.013ms
[pe-async] round= 20 R=22 dirty=        8 runs=        4 filter= 12.036ms semisort=  0.011ms
[pe-async] round= 21 R=23 dirty=        4 runs=        2 filter= 12.116ms semisort=  0.010ms
[pe-async] round= 22 R=24 dirty=        2 runs=        1 filter= 11.959ms semisort=  0.007ms
[pe-async] round= 23 R=25 dirty=        0 filter= 12.066ms (clean break)
[pe-async] round=  0 R=2 dirty=  4394000 runs=  2197000 filter= 11.725ms semisort= 80.296ms
[pe-async] round=  1 R=3 dirty=  2296848 runs=  1248272 filter= 14.215ms semisort= 45.658ms
[pe-async] round=  2 R=4 dirty=  1248272 runs=   723984 filter= 15.960ms semisort= 24.701ms
[pe-async] round=  3 R=5 dirty=   723984 runs=   461840 filter= 15.630ms semisort= 15.641ms
[pe-async] round=  4 R=6 dirty=   461840 runs=   330768 filter= 14.917ms semisort=  9.508ms
[pe-async] round=  5 R=7 dirty=   262144 runs=   162296 filter= 14.244ms semisort=  6.503ms
[pe-async] round=  6 R=8 dirty=   131072 runs=    65536 filter= 13.377ms semisort=  3.972ms
[pe-async] round=  7 R=9 dirty=    65536 runs=    32768 filter= 13.355ms semisort=  3.460ms
[pe-async] round=  8 R=10 dirty=    32768 runs=    16384 filter= 13.123ms semisort=  2.095ms
[pe-async] round=  9 R=11 dirty=    16384 runs=     8192 filter= 12.853ms semisort=  1.033ms
[pe-async] round= 10 R=12 dirty=     8192 runs=     4096 filter= 12.602ms semisort=  0.642ms
[pe-async] round= 11 R=13 dirty=     4096 runs=     2048 filter= 12.406ms semisort=  0.366ms
[pe-async] round= 12 R=14 dirty=     2048 runs=     1024 filter= 12.351ms semisort=  0.215ms
[pe-async] round= 13 R=15 dirty=     1024 runs=      512 filter= 12.365ms semisort=  0.164ms
[pe-async] round= 14 R=16 dirty=      512 runs=      256 filter= 12.273ms semisort=  0.141ms
[pe-async] round= 15 R=17 dirty=      256 runs=      128 filter= 12.098ms semisort=  0.071ms
[pe-async] round= 16 R=18 dirty=      128 runs=       64 filter= 12.232ms semisort=  0.048ms
[pe-async] round= 17 R=19 dirty=       64 runs=       32 filter= 12.019ms semisort=  0.029ms
[pe-async] round= 18 R=20 dirty=       32 runs=       16 filter= 12.126ms semisort=  0.019ms
[pe-async] round= 19 R=21 dirty=       16 runs=        8 filter= 12.144ms semisort=  0.015ms
[pe-async] round= 20 R=22 dirty=        8 runs=        4 filter= 11.985ms semisort=  0.011ms
[pe-async] round= 21 R=23 dirty=        4 runs=        2 filter= 11.823ms semisort=  0.008ms
[pe-async] round= 22 R=24 dirty=        2 runs=        1 filter= 11.919ms semisort=  0.007ms
[pe-async] round= 23 R=25 dirty=        0 filter= 12.140ms (clean break)
[pe-async] round=  0 R=2 dirty=  4394000 runs=  2197000 filter= 11.425ms semisort= 80.984ms
[pe-async] round=  1 R=3 dirty=  2296848 runs=  1248272 filter= 14.392ms semisort= 46.166ms
[pe-async] round=  2 R=4 dirty=  1248272 runs=   723984 filter= 15.844ms semisort= 24.612ms
[pe-async] round=  3 R=5 dirty=   723984 runs=   461840 filter= 15.653ms semisort= 15.709ms
[pe-async] round=  4 R=6 dirty=   461840 runs=   330768 filter= 14.873ms semisort=  9.501ms
[pe-async] round=  5 R=7 dirty=   262144 runs=   162296 filter= 14.291ms semisort=  6.417ms
[pe-async] round=  6 R=8 dirty=   131072 runs=    65536 filter= 13.673ms semisort=  4.192ms
[pe-async] round=  7 R=9 dirty=    65536 runs=    32768 filter= 13.586ms semisort=  3.732ms
[pe-async] round=  8 R=10 dirty=    32768 runs=    16384 filter= 12.715ms semisort=  1.896ms
[pe-async] round=  9 R=11 dirty=    16384 runs=     8192 filter= 12.675ms semisort=  1.056ms
[pe-async] round= 10 R=12 dirty=     8192 runs=     4096 filter= 12.511ms semisort=  0.631ms
[pe-async] round= 11 R=13 dirty=     4096 runs=     2048 filter= 12.142ms semisort=  0.369ms
[pe-async] round= 12 R=14 dirty=     2048 runs=     1024 filter= 12.215ms semisort=  0.220ms
[pe-async] round= 13 R=15 dirty=     1024 runs=      512 filter= 12.418ms semisort=  0.171ms
[pe-async] round= 14 R=16 dirty=      512 runs=      256 filter= 12.057ms semisort=  0.143ms
[pe-async] round= 15 R=17 dirty=      256 runs=      128 filter= 12.091ms semisort=  0.071ms
[pe-async] round= 16 R=18 dirty=      128 runs=       64 filter= 12.180ms semisort=  0.046ms
[pe-async] round= 17 R=19 dirty=       64 runs=       32 filter= 12.029ms semisort=  0.027ms
[pe-async] round= 18 R=20 dirty=       32 runs=       16 filter= 12.193ms semisort=  0.017ms
[pe-async] round= 19 R=21 dirty=       16 runs=        8 filter= 12.081ms semisort=  0.012ms
[pe-async] round= 20 R=22 dirty=        8 runs=        4 filter= 11.810ms semisort=  0.011ms
[pe-async] round= 21 R=23 dirty=        4 runs=        2 filter= 12.292ms semisort=  0.007ms
[pe-async] round= 22 R=24 dirty=        2 runs=        1 filter= 12.189ms semisort=  0.007ms
[pe-async] round= 23 R=25 dirty=        0 filter= 12.051ms (clean break)
[pe-async] round=  0 R=2 dirty=  4394000 runs=  2197000 filter= 11.767ms semisort= 81.697ms
[pe-async] round=  1 R=3 dirty=  2296848 runs=  1248272 filter= 14.530ms semisort= 46.214ms
[pe-async] round=  2 R=4 dirty=  1248272 runs=   723984 filter= 16.052ms semisort= 25.273ms
[pe-async] round=  3 R=5 dirty=   723984 runs=   461840 filter= 15.655ms semisort= 15.686ms
[pe-async] round=  4 R=6 dirty=   461840 runs=   330768 filter= 14.870ms semisort=  9.746ms
[pe-async] round=  5 R=7 dirty=   262144 runs=   162296 filter= 14.077ms semisort=  6.412ms
[pe-async] round=  6 R=8 dirty=   131072 runs=    65536 filter= 13.684ms semisort=  3.915ms
[pe-async] round=  7 R=9 dirty=    65536 runs=    32768 filter= 13.229ms semisort=  3.499ms
[pe-async] round=  8 R=10 dirty=    32768 runs=    16384 filter= 13.049ms semisort=  2.137ms
[pe-async] round=  9 R=11 dirty=    16384 runs=     8192 filter= 12.819ms semisort=  1.123ms
[pe-async] round= 10 R=12 dirty=     8192 runs=     4096 filter= 12.545ms semisort=  0.622ms
[pe-async] round= 11 R=13 dirty=     4096 runs=     2048 filter= 12.377ms semisort=  0.361ms
[pe-async] round= 12 R=14 dirty=     2048 runs=     1024 filter= 12.336ms semisort=  0.249ms
[pe-async] round= 13 R=15 dirty=     1024 runs=      512 filter= 12.275ms semisort=  0.169ms
[pe-async] round= 14 R=16 dirty=      512 runs=      256 filter= 12.376ms semisort=  0.137ms
[pe-async] round= 15 R=17 dirty=      256 runs=      128 filter= 12.195ms semisort=  0.070ms
[pe-async] round= 16 R=18 dirty=      128 runs=       64 filter= 12.088ms semisort=  0.048ms
[pe-async] round= 17 R=19 dirty=       64 runs=       32 filter= 12.151ms semisort=  0.028ms
[pe-async] round= 18 R=20 dirty=       32 runs=       16 filter= 12.000ms semisort=  0.018ms
[pe-async] round= 19 R=21 dirty=       16 runs=        8 filter= 11.964ms semisort=  0.016ms
[pe-async] round= 20 R=22 dirty=        8 runs=        4 filter= 12.097ms semisort=  0.013ms
[pe-async] round= 21 R=23 dirty=        4 runs=        2 filter= 11.955ms semisort=  0.008ms
[pe-async] round= 22 R=24 dirty=        2 runs=        1 filter= 12.126ms semisort=  0.007ms
[pe-async] round= 23 R=25 dirty=        0 filter= 11.840ms (clean break)
[pe-async] round=  0 R=2 dirty=  4394000 runs=  2197000 filter= 11.573ms semisort= 80.517ms
[pe-async] round=  1 R=3 dirty=  2296848 runs=  1248272 filter= 14.378ms semisort= 45.604ms
[pe-async] round=  2 R=4 dirty=  1248272 runs=   723984 filter= 16.062ms semisort= 24.730ms
[pe-async] round=  3 R=5 dirty=   723984 runs=   461840 filter= 15.675ms semisort= 15.317ms
[pe-async] round=  4 R=6 dirty=   461840 runs=   330768 filter= 14.936ms semisort=  9.615ms
[pe-async] round=  5 R=7 dirty=   262144 runs=   162296 filter= 14.111ms semisort=  6.449ms
[pe-async] round=  6 R=8 dirty=   131072 runs=    65536 filter= 13.581ms semisort=  4.030ms
[pe-async] round=  7 R=9 dirty=    65536 runs=    32768 filter= 13.430ms semisort=  3.561ms
[pe-async] round=  8 R=10 dirty=    32768 runs=    16384 filter= 13.049ms semisort=  2.011ms
[pe-async] round=  9 R=11 dirty=    16384 runs=     8192 filter= 12.722ms semisort=  1.071ms
[pe-async] round= 10 R=12 dirty=     8192 runs=     4096 filter= 12.595ms semisort=  0.703ms
[pe-async] round= 11 R=13 dirty=     4096 runs=     2048 filter= 12.421ms semisort=  0.362ms
[pe-async] round= 12 R=14 dirty=     2048 runs=     1024 filter= 12.423ms semisort=  0.222ms
[pe-async] round= 13 R=15 dirty=     1024 runs=      512 filter= 12.513ms semisort=  0.151ms
[pe-async] round= 14 R=16 dirty=      512 runs=      256 filter= 12.313ms semisort=  0.143ms
[pe-async] round= 15 R=17 dirty=      256 runs=      128 filter= 12.367ms semisort=  0.072ms
[pe-async] round= 16 R=18 dirty=      128 runs=       64 filter= 12.160ms semisort=  0.044ms
[pe-async] round= 17 R=19 dirty=       64 runs=       32 filter= 11.981ms semisort=  0.028ms
[pe-async] round= 18 R=20 dirty=       32 runs=       16 filter= 12.014ms semisort=  0.021ms
[pe-async] round= 19 R=21 dirty=       16 runs=        8 filter= 11.851ms semisort=  0.013ms
[pe-async] round= 20 R=22 dirty=        8 runs=        4 filter= 11.880ms semisort=  0.011ms
[pe-async] round= 21 R=23 dirty=        4 runs=        2 filter= 11.799ms semisort=  0.009ms
[pe-async] round= 22 R=24 dirty=        2 runs=        1 filter= 11.983ms semisort=  0.007ms
[pe-async] round= 23 R=25 dirty=        0 filter= 11.820ms (clean break)
[pe-async] round=  0 R=2 dirty=  4394000 runs=  2197000 filter= 11.717ms semisort= 81.066ms
[pe-async] round=  1 R=3 dirty=  2296848 runs=  1248272 filter= 14.308ms semisort= 45.305ms
[pe-async] round=  2 R=4 dirty=  1248272 runs=   723984 filter= 16.047ms semisort= 24.566ms
[pe-async] round=  3 R=5 dirty=   723984 runs=   461840 filter= 15.743ms semisort= 15.283ms
[pe-async] round=  4 R=6 dirty=   461840 runs=   330768 filter= 15.048ms semisort=  9.885ms
[pe-async] round=  5 R=7 dirty=   262144 runs=   162296 filter= 14.045ms semisort=  6.494ms
[pe-async] round=  6 R=8 dirty=   131072 runs=    65536 filter= 13.665ms semisort=  3.842ms
[pe-async] round=  7 R=9 dirty=    65536 runs=    32768 filter= 13.090ms semisort=  3.454ms
[pe-async] round=  8 R=10 dirty=    32768 runs=    16384 filter= 12.961ms semisort=  1.820ms
[pe-async] round=  9 R=11 dirty=    16384 runs=     8192 filter= 12.653ms semisort=  1.072ms
[pe-async] round= 10 R=12 dirty=     8192 runs=     4096 filter= 12.555ms semisort=  0.614ms
[pe-async] round= 11 R=13 dirty=     4096 runs=     2048 filter= 12.372ms semisort=  0.374ms
[pe-async] round= 12 R=14 dirty=     2048 runs=     1024 filter= 12.379ms semisort=  0.267ms
[pe-async] round= 13 R=15 dirty=     1024 runs=      512 filter= 12.199ms semisort=  0.165ms
[pe-async] round= 14 R=16 dirty=      512 runs=      256 filter= 12.163ms semisort=  0.121ms
[pe-async] round= 15 R=17 dirty=      256 runs=      128 filter= 12.087ms semisort=  0.070ms
[pe-async] round= 16 R=18 dirty=      128 runs=       64 filter= 12.101ms semisort=  0.041ms
[pe-async] round= 17 R=19 dirty=       64 runs=       32 filter= 11.880ms semisort=  0.028ms
[pe-async] round= 18 R=20 dirty=       32 runs=       16 filter= 12.074ms semisort=  0.018ms
[pe-async] round= 19 R=21 dirty=       16 runs=        8 filter= 12.067ms semisort=  0.013ms
[pe-async] round= 20 R=22 dirty=        8 runs=        4 filter= 12.074ms semisort=  0.012ms
[pe-async] round= 21 R=23 dirty=        4 runs=        2 filter= 11.948ms semisort=  0.009ms
[pe-async] round= 22 R=24 dirty=        2 runs=        1 filter= 12.005ms semisort=  0.007ms
[pe-async] round= 23 R=25 dirty=        0 filter= 12.000ms (clean break)
