[synthetic_bench] cube n=30 d=3 classes=94370 merges=30 ...
[pe] round=  0 work=       60 frontier=   162000 next=    27000 consolidate=  0.771ms frontier=  0.042ms semisort= 12.226ms (keyed= 0.663ms group_by= 10.180ms per_group= 0.710ms)
[pe] round=  1 work=    27000 frontier=    54000 next=    11718 consolidate=  3.485ms frontier=  0.779ms semisort=  1.943ms (keyed= 0.033ms group_by=  0.748ms per_group= 0.546ms)
[pe] round=  2 work=    11718 frontier=    23436 next=     5157 consolidate=  0.804ms frontier=  0.506ms semisort=  1.344ms (keyed= 0.038ms group_by=  0.344ms per_group= 0.223ms)
[pe] round=  3 work=     5157 frontier=    10314 next=     2187 consolidate=  0.553ms frontier=  0.179ms semisort=  0.866ms (keyed= 0.034ms group_by=  0.503ms per_group= 0.139ms)
[pe] round=  4 work=     2187 frontier=     4374 next=      729 consolidate=  0.274ms frontier=  0.126ms semisort=  0.524ms (keyed= 0.025ms group_by=  0.330ms per_group= 0.064ms)
[pe] round=  5 work=      729 frontier=     1458 next=      243 consolidate=  0.147ms frontier=  0.046ms semisort=  0.184ms (keyed= 0.011ms group_by=  0.070ms per_group= 0.042ms)
[pe] round=  6 work=      243 frontier=      486 next=       81 consolidate=  0.080ms frontier=  0.014ms semisort=  0.096ms (keyed= 0.002ms group_by=  0.024ms per_group= 0.032ms)
[pe] round=  7 work=       81 frontier=      162 next=       27 consolidate=  0.048ms frontier=  0.007ms semisort=  0.054ms (keyed= 0.001ms group_by=  0.010ms per_group= 0.017ms)
[pe] round=  8 work=       27 frontier=       54 next=        9 consolidate=  0.023ms frontier=  0.003ms semisort=  0.010ms (keyed= 0.000ms group_by=  0.003ms per_group= 0.003ms)
[pe] round=  9 work=        9 frontier=       18 next=        3 consolidate=  0.011ms frontier=  0.002ms semisort=  0.004ms (keyed= 0.000ms group_by=  0.001ms per_group= 0.001ms)
[pe] round= 10 work=        3 frontier=        6 next=        1 consolidate=  0.003ms frontier=  0.001ms semisort=  0.002ms (keyed= 0.000ms group_by=  0.000ms per_group= 0.001ms)
[pe] round= 11 work=        1 (tail-skip: all parents empty)
[pe] round=  0 work=       60 frontier=   162000 next=    27000 consolidate=  0.195ms frontier=  0.052ms semisort=  2.079ms (keyed= 0.050ms group_by=  1.238ms per_group= 0.315ms)
[pe] round=  1 work=    27000 frontier=    54000 next=    11718 consolidate=  0.710ms frontier=  0.330ms semisort=  1.138ms (keyed= 0.038ms group_by=  0.437ms per_group= 0.377ms)
[pe] round=  2 work=    11718 frontier=    23436 next=     5157 consolidate=  0.653ms frontier=  0.360ms semisort=  1.117ms (keyed= 0.022ms group_by=  0.335ms per_group= 0.195ms)
[pe] round=  3 work=     5157 frontier=    10314 next=     2187 consolidate=  0.455ms frontier=  0.197ms semisort=  0.724ms (keyed= 0.017ms group_by=  0.433ms per_group= 0.114ms)
[pe] round=  4 work=     2187 frontier=     4374 next=      729 consolidate=  0.387ms frontier=  0.131ms semisort=  0.509ms (keyed= 0.017ms group_by=  0.314ms per_group= 0.061ms)
[pe] round=  5 work=      729 frontier=     1458 next=      243 consolidate=  0.162ms frontier=  0.044ms semisort=  0.225ms (keyed= 0.012ms group_by=  0.098ms per_group= 0.039ms)
[pe] round=  6 work=      243 frontier=      486 next=       81 consolidate=  0.107ms frontier=  0.015ms semisort=  0.085ms (keyed= 0.002ms group_by=  0.025ms per_group= 0.025ms)
[pe] round=  7 work=       81 frontier=      162 next=       27 consolidate=  0.043ms frontier=  0.008ms semisort=  0.056ms (keyed= 0.001ms group_by=  0.009ms per_group= 0.027ms)
[pe] round=  8 work=       27 frontier=       54 next=        9 consolidate=  0.041ms frontier=  0.003ms semisort=  0.012ms (keyed= 0.000ms group_by=  0.003ms per_group= 0.005ms)
[pe] round=  9 work=        9 frontier=       18 next=        3 consolidate=  0.014ms frontier=  0.002ms semisort=  0.005ms (keyed= 0.000ms group_by=  0.001ms per_group= 0.002ms)
[pe] round= 10 work=        3 frontier=        6 next=        1 consolidate=  0.004ms frontier=  0.001ms semisort=  0.002ms (keyed= 0.000ms group_by=  0.001ms per_group= 0.001ms)
[pe] round= 11 work=        1 (tail-skip: all parents empty)
[pe] round=  0 work=       60 frontier=   162000 next=    27000 consolidate=  0.085ms frontier=  0.044ms semisort=  2.045ms (keyed= 0.044ms group_by=  1.318ms per_group= 0.319ms)
[pe] round=  1 work=    27000 frontier=    54000 next=    11718 consolidate=  0.742ms frontier=  0.256ms semisort=  1.033ms (keyed= 0.029ms group_by=  0.430ms per_group= 0.290ms)
[pe] round=  2 work=    11718 frontier=    23436 next=     5157 consolidate=  0.646ms frontier=  0.321ms semisort=  1.065ms (keyed= 0.034ms group_by=  0.306ms per_group= 0.175ms)
[pe] round=  3 work=     5157 frontier=    10314 next=     2187 consolidate=  0.452ms frontier=  0.189ms semisort=  0.671ms (keyed= 0.025ms group_by=  0.357ms per_group= 0.113ms)
[pe] round=  4 work=     2187 frontier=     4374 next=      729 consolidate=  0.287ms frontier=  0.184ms semisort=  0.507ms (keyed= 0.020ms group_by=  0.306ms per_group= 0.071ms)
[pe] round=  5 work=      729 frontier=     1458 next=      243 consolidate=  0.130ms frontier=  0.066ms semisort=  0.197ms (keyed= 0.007ms group_by=  0.068ms per_group= 0.052ms)
[pe] round=  6 work=      243 frontier=      486 next=       81 consolidate=  0.078ms frontier=  0.017ms semisort=  0.090ms (keyed= 0.002ms group_by=  0.024ms per_group= 0.025ms)
[pe] round=  7 work=       81 frontier=      162 next=       27 consolidate=  0.057ms frontier=  0.008ms semisort=  0.057ms (keyed= 0.001ms group_by=  0.009ms per_group= 0.022ms)
[pe] round=  8 work=       27 frontier=       54 next=        9 consolidate=  0.027ms frontier=  0.003ms semisort=  0.012ms (keyed= 0.001ms group_by=  0.003ms per_group= 0.005ms)
[pe] round=  9 work=        9 frontier=       18 next=        3 consolidate=  0.011ms frontier=  0.002ms semisort=  0.005ms (keyed= 0.000ms group_by=  0.001ms per_group= 0.002ms)
[pe] round= 10 work=        3 frontier=        6 next=        1 consolidate=  0.004ms frontier=  0.001ms semisort=  0.002ms (keyed= 0.000ms group_by=  0.001ms per_group= 0.001ms)
[pe] round= 11 work=        1 (tail-skip: all parents empty)
[pe] round=  0 work=       60 frontier=   162000 next=    27000 consolidate=  0.053ms frontier=  0.051ms semisort=  1.897ms (keyed= 0.041ms group_by=  1.189ms per_group= 0.300ms)
[pe] round=  1 work=    27000 frontier=    54000 next=    11718 consolidate=  0.790ms frontier=  0.232ms semisort=  1.127ms (keyed= 0.044ms group_by=  0.482ms per_group= 0.342ms)
[pe] round=  2 work=    11718 frontier=    23436 next=     5157 consolidate=  0.545ms frontier=  0.273ms semisort=  0.881ms (keyed= 0.021ms group_by=  0.319ms per_group= 0.153ms)
[pe] round=  3 work=     5157 frontier=    10314 next=     2187 consolidate=  0.554ms frontier=  0.206ms semisort=  0.710ms (keyed= 0.023ms group_by=  0.398ms per_group= 0.129ms)
[pe] round=  4 work=     2187 frontier=     4374 next=      729 consolidate=  0.251ms frontier=  0.144ms semisort=  0.538ms (keyed= 0.033ms group_by=  0.320ms per_group= 0.059ms)
[pe] round=  5 work=      729 frontier=     1458 next=      243 consolidate=  0.124ms frontier=  0.052ms semisort=  0.201ms (keyed= 0.020ms group_by=  0.069ms per_group= 0.043ms)
[pe] round=  6 work=      243 frontier=      486 next=       81 consolidate=  0.092ms frontier=  0.016ms semisort=  0.081ms (keyed= 0.002ms group_by=  0.016ms per_group= 0.028ms)
[pe] round=  7 work=       81 frontier=      162 next=       27 consolidate=  0.058ms frontier=  0.008ms semisort=  0.059ms (keyed= 0.001ms group_by=  0.009ms per_group= 0.024ms)
[pe] round=  8 work=       27 frontier=       54 next=        9 consolidate=  0.030ms frontier=  0.003ms semisort=  0.012ms (keyed= 0.000ms group_by=  0.003ms per_group= 0.005ms)
[pe] round=  9 work=        9 frontier=       18 next=        3 consolidate=  0.011ms frontier=  0.002ms semisort=  0.005ms (keyed= 0.000ms group_by=  0.001ms per_group= 0.002ms)
[pe] round= 10 work=        3 frontier=        6 next=        1 consolidate=  0.004ms frontier=  0.001ms semisort=  0.002ms (keyed= 0.000ms group_by=  0.001ms per_group= 0.001ms)
[pe] round= 11 work=        1 (tail-skip: all parents empty)
[pe] round=  0 work=       60 frontier=   162000 next=    27000 consolidate=  0.075ms frontier=  0.067ms semisort=  1.897ms (keyed= 0.040ms group_by=  1.189ms per_group= 0.318ms)
[pe] round=  1 work=    27000 frontier=    54000 next=    11718 consolidate=  0.664ms frontier=  0.295ms semisort=  1.169ms (keyed= 0.045ms group_by=  0.496ms per_group= 0.402ms)
[pe] round=  2 work=    11718 frontier=    23436 next=     5157 consolidate=  0.476ms frontier=  0.307ms semisort=  0.882ms (keyed= 0.027ms group_by=  0.326ms per_group= 0.168ms)
[pe] round=  3 work=     5157 frontier=    10314 next=     2187 consolidate=  0.455ms frontier=  0.191ms semisort=  0.636ms (keyed= 0.027ms group_by=  0.299ms per_group= 0.153ms)
[pe] round=  4 work=     2187 frontier=     4374 next=      729 consolidate=  0.243ms frontier=  0.118ms semisort=  0.570ms (keyed= 0.021ms group_by=  0.381ms per_group= 0.056ms)
[pe] round=  5 work=      729 frontier=     1458 next=      243 consolidate=  0.126ms frontier=  0.047ms semisort=  0.211ms (keyed= 0.007ms group_by=  0.070ms per_group= 0.056ms)
[pe] round=  6 work=      243 frontier=      486 next=       81 consolidate=  0.078ms frontier=  0.022ms semisort=  0.109ms (keyed= 0.002ms group_by=  0.021ms per_group= 0.041ms)
[pe] round=  7 work=       81 frontier=      162 next=       27 consolidate=  0.052ms frontier=  0.007ms semisort=  0.064ms (keyed= 0.001ms group_by=  0.009ms per_group= 0.032ms)
[pe] round=  8 work=       27 frontier=       54 next=        9 consolidate=  0.036ms frontier=  0.003ms semisort=  0.011ms (keyed= 0.000ms group_by=  0.003ms per_group= 0.005ms)
[pe] round=  9 work=        9 frontier=       18 next=        3 consolidate=  0.013ms frontier=  0.002ms semisort=  0.005ms (keyed= 0.000ms group_by=  0.001ms per_group= 0.002ms)
[pe] round= 10 work=        3 frontier=        6 next=        1 consolidate=  0.004ms frontier=  0.001ms semisort=  0.002ms (keyed= 0.000ms group_by=  0.000ms per_group= 0.001ms)
[pe] round= 11 work=        1 (tail-skip: all parents empty)
[pe] round=  0 work=       60 frontier=   162000 next=    27000 consolidate=  0.068ms frontier=  0.043ms semisort=  1.728ms (keyed= 0.039ms group_by=  1.057ms per_group= 0.321ms)
[pe] round=  1 work=    27000 frontier=    54000 next=    11718 consolidate=  0.733ms frontier=  0.257ms semisort=  1.216ms (keyed= 0.035ms group_by=  0.496ms per_group= 0.436ms)
[pe] round=  2 work=    11718 frontier=    23436 next=     5157 consolidate=  0.517ms frontier=  0.343ms semisort=  0.829ms (keyed= 0.033ms group_by=  0.309ms per_group= 0.171ms)
[pe] round=  3 work=     5157 frontier=    10314 next=     2187 consolidate=  0.546ms frontier=  0.201ms semisort=  0.637ms (keyed= 0.023ms group_by=  0.352ms per_group= 0.113ms)
[pe] round=  4 work=     2187 frontier=     4374 next=      729 consolidate=  0.272ms frontier=  0.121ms semisort=  0.421ms (keyed= 0.024ms group_by=  0.217ms per_group= 0.064ms)
[pe] round=  5 work=      729 frontier=     1458 next=      243 consolidate=  0.134ms frontier=  0.067ms semisort=  0.238ms (keyed= 0.017ms group_by=  0.071ms per_group= 0.061ms)
[pe] round=  6 work=      243 frontier=      486 next=       81 consolidate=  0.072ms frontier=  0.026ms semisort=  0.102ms (keyed= 0.002ms group_by=  0.025ms per_group= 0.026ms)
[pe] round=  7 work=       81 frontier=      162 next=       27 consolidate=  0.052ms frontier=  0.006ms semisort=  0.054ms (keyed= 0.001ms group_by=  0.010ms per_group= 0.019ms)
[pe] round=  8 work=       27 frontier=       54 next=        9 consolidate=  0.030ms frontier=  0.003ms semisort=  0.014ms (keyed= 0.000ms group_by=  0.003ms per_group= 0.006ms)
[pe] round=  9 work=        9 frontier=       18 next=        3 consolidate=  0.012ms frontier=  0.002ms semisort=  0.005ms (keyed= 0.000ms group_by=  0.001ms per_group= 0.002ms)
[pe] round= 10 work=        3 frontier=        6 next=        1 consolidate=  0.004ms frontier=  0.001ms semisort=  0.002ms (keyed= 0.000ms group_by=  0.001ms per_group= 0.001ms)
[pe] round= 11 work=        1 (tail-skip: all parents empty)
[pe-async] round=  0 R=2 dirty=    54000 runs=    27000 filter=  0.144ms semisort=  2.164ms
[pe-async] round=  1 R=3 dirty=    27756 runs=    16038 filter=  0.115ms semisort=  0.987ms
[pe-async] round=  2 R=4 dirty=    13122 runs=     7965 filter=  0.095ms semisort=  0.599ms
[pe-async] round=  3 R=5 dirty=     4374 runs=     2187 filter=  0.118ms semisort=  0.277ms
[pe-async] round=  4 R=6 dirty=     1458 runs=      729 filter=  0.100ms semisort=  0.131ms
[pe-async] round=  5 R=7 dirty=      486 runs=      243 filter=  0.113ms semisort=  0.066ms
[pe-async] round=  6 R=8 dirty=      162 runs=       81 filter=  0.094ms semisort=  0.053ms
[pe-async] round=  7 R=9 dirty=       54 runs=       27 filter=  0.126ms semisort=  0.029ms
[pe-async] round=  8 R=10 dirty=       18 runs=        9 filter=  0.086ms semisort=  0.009ms
[pe-async] round=  9 R=11 dirty=        6 runs=        3 filter=  0.077ms semisort=  0.005ms
[pe-async] round= 10 R=12 dirty=        2 runs=        1 filter=  0.111ms semisort=  0.003ms
[pe-async] round= 11 R=13 dirty=        0 filter=  0.090ms (clean break)
[pe-async] round=  0 R=2 dirty=    54000 runs=    27000 filter=  0.147ms semisort=  2.107ms
[pe-async] round=  1 R=3 dirty=    27756 runs=    16038 filter=  0.116ms semisort=  1.048ms
[pe-async] round=  2 R=4 dirty=    13122 runs=     7965 filter=  0.111ms semisort=  0.567ms
[pe-async] round=  3 R=5 dirty=     4374 runs=     2187 filter=  0.114ms semisort=  0.263ms
[pe-async] round=  4 R=6 dirty=     1458 runs=      729 filter=  0.081ms semisort=  0.143ms
[pe-async] round=  5 R=7 dirty=      486 runs=      243 filter=  0.102ms semisort=  0.098ms
[pe-async] round=  6 R=8 dirty=      162 runs=       81 filter=  0.093ms semisort=  0.066ms
[pe-async] round=  7 R=9 dirty=       54 runs=       27 filter=  0.076ms semisort=  0.036ms
[pe-async] round=  8 R=10 dirty=       18 runs=        9 filter=  0.093ms semisort=  0.008ms
[pe-async] round=  9 R=11 dirty=        6 runs=        3 filter=  0.093ms semisort=  0.004ms
[pe-async] round= 10 R=12 dirty=        2 runs=        1 filter=  0.096ms semisort=  0.003ms
[pe-async] round= 11 R=13 dirty=        0 filter=  0.085ms (clean break)
[pe-async] round=  0 R=2 dirty=    54000 runs=    27000 filter=  0.122ms semisort=  2.106ms
[pe-async] round=  1 R=3 dirty=    27756 runs=    16038 filter=  0.112ms semisort=  0.963ms
[pe-async] round=  2 R=4 dirty=    13122 runs=     7965 filter=  0.107ms semisort=  0.545ms
[pe-async] round=  3 R=5 dirty=     4374 runs=     2187 filter=  0.106ms semisort=  0.270ms
[pe-async] round=  4 R=6 dirty=     1458 runs=      729 filter=  0.080ms semisort=  0.145ms
[pe-async] round=  5 R=7 dirty=      486 runs=      243 filter=  0.089ms semisort=  0.074ms
[pe-async] round=  6 R=8 dirty=      162 runs=       81 filter=  0.091ms semisort=  0.054ms
[pe-async] round=  7 R=9 dirty=       54 runs=       27 filter=  0.099ms semisort=  0.043ms
[pe-async] round=  8 R=10 dirty=       18 runs=        9 filter=  0.079ms semisort=  0.009ms
[pe-async] round=  9 R=11 dirty=        6 runs=        3 filter=  0.088ms semisort=  0.005ms
[pe-async] round= 10 R=12 dirty=        2 runs=        1 filter=  0.103ms semisort=  0.004ms
[pe-async] round= 11 R=13 dirty=        0 filter=  0.098ms (clean break)
[pe-async] round=  0 R=2 dirty=    54000 runs=    27000 filter=  0.136ms semisort=  2.015ms
[pe-async] round=  1 R=3 dirty=    27756 runs=    16038 filter=  0.102ms semisort=  0.890ms
[pe-async] round=  2 R=4 dirty=    13122 runs=     7965 filter=  0.096ms semisort=  0.539ms
[pe-async] round=  3 R=5 dirty=     4374 runs=     2187 filter=  0.093ms semisort=  0.249ms
[pe-async] round=  4 R=6 dirty=     1458 runs=      729 filter=  0.082ms semisort=  0.106ms
[pe-async] round=  5 R=7 dirty=      486 runs=      243 filter=  0.099ms semisort=  0.068ms
[pe-async] round=  6 R=8 dirty=      162 runs=       81 filter=  0.086ms semisort=  0.052ms
[pe-async] round=  7 R=9 dirty=       54 runs=       27 filter=  0.092ms semisort=  0.032ms
[pe-async] round=  8 R=10 dirty=       18 runs=        9 filter=  0.103ms semisort=  0.008ms
[pe-async] round=  9 R=11 dirty=        6 runs=        3 filter=  0.094ms semisort=  0.005ms
[pe-async] round= 10 R=12 dirty=        2 runs=        1 filter=  0.097ms semisort=  0.004ms
[pe-async] round= 11 R=13 dirty=        0 filter=  0.087ms (clean break)
[pe-async] round=  0 R=2 dirty=    54000 runs=    27000 filter=  0.159ms semisort=  2.028ms
[pe-async] round=  1 R=3 dirty=    27756 runs=    16038 filter=  0.101ms semisort=  0.967ms
[pe-async] round=  2 R=4 dirty=    13122 runs=     7965 filter=  0.100ms semisort=  0.521ms
[pe-async] round=  3 R=5 dirty=     4374 runs=     2187 filter=  0.102ms semisort=  0.270ms
[pe-async] round=  4 R=6 dirty=     1458 runs=      729 filter=  0.110ms semisort=  0.122ms
[pe-async] round=  5 R=7 dirty=      486 runs=      243 filter=  0.100ms semisort=  0.070ms
[pe-async] round=  6 R=8 dirty=      162 runs=       81 filter=  0.109ms semisort=  0.068ms
[pe-async] round=  7 R=9 dirty=       54 runs=       27 filter=  0.079ms semisort=  0.027ms
[pe-async] round=  8 R=10 dirty=       18 runs=        9 filter=  0.115ms semisort=  0.009ms
[pe-async] round=  9 R=11 dirty=        6 runs=        3 filter=  0.103ms semisort=  0.004ms
[pe-async] round= 10 R=12 dirty=        2 runs=        1 filter=  0.091ms semisort=  0.003ms
[pe-async] round= 11 R=13 dirty=        0 filter=  0.095ms (clean break)
[pe-async] round=  0 R=2 dirty=    54000 runs=    27000 filter=  0.144ms semisort=  2.047ms
[pe-async] round=  1 R=3 dirty=    27756 runs=    16038 filter=  0.100ms semisort=  0.987ms
[pe-async] round=  2 R=4 dirty=    13122 runs=     7965 filter=  0.087ms semisort=  0.519ms
[pe-async] round=  3 R=5 dirty=     4374 runs=     2187 filter=  0.096ms semisort=  0.254ms
[pe-async] round=  4 R=6 dirty=     1458 runs=      729 filter=  0.093ms semisort=  0.126ms
[pe-async] round=  5 R=7 dirty=      486 runs=      243 filter=  0.085ms semisort=  0.081ms
[pe-async] round=  6 R=8 dirty=      162 runs=       81 filter=  0.128ms semisort=  0.048ms
[pe-async] round=  7 R=9 dirty=       54 runs=       27 filter=  0.079ms semisort=  0.030ms
[pe-async] round=  8 R=10 dirty=       18 runs=        9 filter=  0.096ms semisort=  0.008ms
[pe-async] round=  9 R=11 dirty=        6 runs=        3 filter=  0.082ms semisort=  0.004ms
[pe-async] round= 10 R=12 dirty=        2 runs=        1 filter=  0.088ms semisort=  0.003ms
[pe-async] round= 11 R=13 dirty=        0 filter=  0.093ms (clean break)
