[synthetic_bench] cube n=30 d=3 classes=94370 merges=30 ...
[pe] round=  0 work=       60 frontier=   162000 next=    27000 consolidate=  0.535ms frontier=  0.066ms semisort=  6.460ms (keyed= 0.579ms group_by=  2.451ms per_group= 2.083ms)
[pe] round=  1 work=    27000 frontier=    54000 next=    11718 consolidate=  3.908ms frontier=  0.416ms semisort=  2.859ms (keyed= 0.090ms group_by=  0.762ms per_group= 1.103ms)
[pe] round=  2 work=    11718 frontier=    23436 next=     5157 consolidate=  1.843ms frontier=  0.285ms semisort=  1.683ms (keyed= 0.070ms group_by=  0.553ms per_group= 0.435ms)
[pe] round=  3 work=     5157 frontier=    10314 next=     2187 consolidate=  1.097ms frontier=  0.207ms semisort=  0.893ms (keyed= 0.034ms group_by=  0.236ms per_group= 0.281ms)
[pe] round=  4 work=     2187 frontier=     4374 next=      729 consolidate=  0.555ms frontier=  0.099ms semisort=  0.480ms (keyed= 0.008ms group_by=  0.208ms per_group= 0.131ms)
[pe] round=  5 work=      729 frontier=     1458 next=      243 consolidate=  0.212ms frontier=  0.045ms semisort=  0.176ms (keyed= 0.005ms group_by=  0.063ms per_group= 0.055ms)
[pe] round=  6 work=      243 frontier=      486 next=       81 consolidate=  0.077ms frontier=  0.015ms semisort=  0.059ms (keyed= 0.001ms group_by=  0.016ms per_group= 0.015ms)
[pe] round=  7 work=       81 frontier=      162 next=       27 consolidate=  0.060ms frontier=  0.003ms semisort=  0.021ms (keyed= 0.000ms group_by=  0.006ms per_group= 0.008ms)
[pe] round=  8 work=       27 frontier=       54 next=        9 consolidate=  0.016ms frontier=  0.001ms semisort=  0.008ms (keyed= 0.000ms group_by=  0.001ms per_group= 0.003ms)
[pe] round=  9 work=        9 frontier=       18 next=        3 consolidate=  0.006ms frontier=  0.001ms semisort=  0.004ms (keyed= 0.000ms group_by=  0.001ms per_group= 0.001ms)
[pe] round= 10 work=        3 frontier=        6 next=        1 consolidate=  0.002ms frontier=  0.001ms semisort=  0.002ms (keyed= 0.000ms group_by=  0.001ms per_group= 0.001ms)
[pe] round= 11 work=        1 (tail-skip: all parents empty)
[pe] round=  0 work=       60 frontier=   162000 next=    27000 consolidate=  0.069ms frontier=  0.078ms semisort=  4.860ms (keyed= 0.125ms group_by=  1.503ms per_group= 2.048ms)
[pe] round=  1 work=    27000 frontier=    54000 next=    11718 consolidate=  4.079ms frontier=  0.532ms semisort=  2.776ms (keyed= 0.094ms group_by=  0.815ms per_group= 1.007ms)
[pe] round=  2 work=    11718 frontier=    23436 next=     5157 consolidate=  1.921ms frontier=  0.210ms semisort=  1.409ms (keyed= 0.070ms group_by=  0.309ms per_group= 0.548ms)
[pe] round=  3 work=     5157 frontier=    10314 next=     2187 consolidate=  1.084ms frontier=  0.152ms semisort=  0.831ms (keyed= 0.030ms group_by=  0.260ms per_group= 0.239ms)
[pe] round=  4 work=     2187 frontier=     4374 next=      729 consolidate=  0.618ms frontier=  0.108ms semisort=  0.449ms (keyed= 0.009ms group_by=  0.200ms per_group= 0.099ms)
[pe] round=  5 work=      729 frontier=     1458 next=      243 consolidate=  0.218ms frontier=  0.043ms semisort=  0.169ms (keyed= 0.005ms group_by=  0.061ms per_group= 0.046ms)
[pe] round=  6 work=      243 frontier=      486 next=       81 consolidate=  0.089ms frontier=  0.019ms semisort=  0.063ms (keyed= 0.001ms group_by=  0.014ms per_group= 0.020ms)
[pe] round=  7 work=       81 frontier=      162 next=       27 consolidate=  0.050ms frontier=  0.005ms semisort=  0.021ms (keyed= 0.000ms group_by=  0.006ms per_group= 0.008ms)
[pe] round=  8 work=       27 frontier=       54 next=        9 consolidate=  0.021ms frontier=  0.002ms semisort=  0.008ms (keyed= 0.000ms group_by=  0.002ms per_group= 0.003ms)
[pe] round=  9 work=        9 frontier=       18 next=        3 consolidate=  0.008ms frontier=  0.002ms semisort=  0.004ms (keyed= 0.000ms group_by=  0.001ms per_group= 0.001ms)
[pe] round= 10 work=        3 frontier=        6 next=        1 consolidate=  0.003ms frontier=  0.001ms semisort=  0.002ms (keyed= 0.000ms group_by=  0.000ms per_group= 0.001ms)
[pe] round= 11 work=        1 (tail-skip: all parents empty)
[pe] round=  0 work=       60 frontier=   162000 next=    27000 consolidate=  0.067ms frontier=  0.074ms semisort=  4.779ms (keyed= 0.118ms group_by=  1.457ms per_group= 2.093ms)
[pe] round=  1 work=    27000 frontier=    54000 next=    11718 consolidate=  4.124ms frontier=  0.581ms semisort=  2.652ms (keyed= 0.090ms group_by=  0.683ms per_group= 1.032ms)
[pe] round=  2 work=    11718 frontier=    23436 next=     5157 consolidate=  2.058ms frontier=  0.261ms semisort=  1.300ms (keyed= 0.070ms group_by=  0.294ms per_group= 0.480ms)
[pe] round=  3 work=     5157 frontier=    10314 next=     2187 consolidate=  1.167ms frontier=  0.163ms semisort=  0.826ms (keyed= 0.029ms group_by=  0.200ms per_group= 0.287ms)
[pe] round=  4 work=     2187 frontier=     4374 next=      729 consolidate=  0.526ms frontier=  0.113ms semisort=  0.509ms (keyed= 0.008ms group_by=  0.193ms per_group= 0.103ms)
[pe] round=  5 work=      729 frontier=     1458 next=      243 consolidate=  0.233ms frontier=  0.038ms semisort=  0.192ms (keyed= 0.004ms group_by=  0.058ms per_group= 0.038ms)
[pe] round=  6 work=      243 frontier=      486 next=       81 consolidate=  0.075ms frontier=  0.015ms semisort=  0.061ms (keyed= 0.001ms group_by=  0.015ms per_group= 0.019ms)
[pe] round=  7 work=       81 frontier=      162 next=       27 consolidate=  0.059ms frontier=  0.004ms semisort=  0.021ms (keyed= 0.000ms group_by=  0.006ms per_group= 0.008ms)
[pe] round=  8 work=       27 frontier=       54 next=        9 consolidate=  0.021ms frontier=  0.001ms semisort=  0.007ms (keyed= 0.000ms group_by=  0.001ms per_group= 0.003ms)
[pe] round=  9 work=        9 frontier=       18 next=        3 consolidate=  0.009ms frontier=  0.002ms semisort=  0.004ms (keyed= 0.000ms group_by=  0.001ms per_group= 0.001ms)
[pe] round= 10 work=        3 frontier=        6 next=        1 consolidate=  0.006ms frontier=  0.002ms semisort=  0.002ms (keyed= 0.000ms group_by=  0.000ms per_group= 0.001ms)
[pe] round= 11 work=        1 (tail-skip: all parents empty)
[pe] round=  0 work=       60 frontier=   162000 next=    27000 consolidate=  0.068ms frontier=  0.076ms semisort=  4.880ms (keyed= 0.103ms group_by=  1.373ms per_group= 2.158ms)
[pe] round=  1 work=    27000 frontier=    54000 next=    11718 consolidate=  4.333ms frontier=  0.443ms semisort=  2.644ms (keyed= 0.084ms group_by=  0.746ms per_group= 0.998ms)
[pe] round=  2 work=    11718 frontier=    23436 next=     5157 consolidate=  1.924ms frontier=  0.280ms semisort=  1.526ms (keyed= 0.071ms group_by=  0.436ms per_group= 0.509ms)
[pe] round=  3 work=     5157 frontier=    10314 next=     2187 consolidate=  1.132ms frontier=  0.219ms semisort=  0.642ms (keyed= 0.034ms group_by=  0.136ms per_group= 0.258ms)
[pe] round=  4 work=     2187 frontier=     4374 next=      729 consolidate=  0.565ms frontier=  0.113ms semisort=  0.449ms (keyed= 0.008ms group_by=  0.199ms per_group= 0.117ms)
[pe] round=  5 work=      729 frontier=     1458 next=      243 consolidate=  0.231ms frontier=  0.045ms semisort=  0.152ms (keyed= 0.004ms group_by=  0.059ms per_group= 0.036ms)
[pe] round=  6 work=      243 frontier=      486 next=       81 consolidate=  0.076ms frontier=  0.020ms semisort=  0.061ms (keyed= 0.001ms group_by=  0.014ms per_group= 0.020ms)
[pe] round=  7 work=       81 frontier=      162 next=       27 consolidate=  0.047ms frontier=  0.004ms semisort=  0.020ms (keyed= 0.000ms group_by=  0.005ms per_group= 0.008ms)
[pe] round=  8 work=       27 frontier=       54 next=        9 consolidate=  0.021ms frontier=  0.001ms semisort=  0.008ms (keyed= 0.000ms group_by=  0.001ms per_group= 0.003ms)
[pe] round=  9 work=        9 frontier=       18 next=        3 consolidate=  0.009ms frontier=  0.002ms semisort=  0.003ms (keyed= 0.000ms group_by=  0.001ms per_group= 0.001ms)
[pe] round= 10 work=        3 frontier=        6 next=        1 consolidate=  0.003ms frontier=  0.001ms semisort=  0.002ms (keyed= 0.000ms group_by=  0.000ms per_group= 0.001ms)
[pe] round= 11 work=        1 (tail-skip: all parents empty)
[pe] round=  0 work=       60 frontier=   162000 next=    27000 consolidate=  0.064ms frontier=  0.076ms semisort=  4.667ms (keyed= 0.122ms group_by=  1.412ms per_group= 1.956ms)
[pe] round=  1 work=    27000 frontier=    54000 next=    11718 consolidate=  4.183ms frontier=  0.487ms semisort=  2.919ms (keyed= 0.089ms group_by=  0.817ms per_group= 1.152ms)
[pe] round=  2 work=    11718 frontier=    23436 next=     5157 consolidate=  2.010ms frontier=  0.212ms semisort=  1.524ms (keyed= 0.070ms group_by=  0.431ms per_group= 0.516ms)
[pe] round=  3 work=     5157 frontier=    10314 next=     2187 consolidate=  1.139ms frontier=  0.189ms semisort=  0.739ms (keyed= 0.034ms group_by=  0.200ms per_group= 0.265ms)
[pe] round=  4 work=     2187 frontier=     4374 next=      729 consolidate=  0.569ms frontier=  0.181ms semisort=  0.461ms (keyed= 0.008ms group_by=  0.201ms per_group= 0.123ms)
[pe] round=  5 work=      729 frontier=     1458 next=      243 consolidate=  0.211ms frontier=  0.045ms semisort=  0.158ms (keyed= 0.004ms group_by=  0.061ms per_group= 0.038ms)
[pe] round=  6 work=      243 frontier=      486 next=       81 consolidate=  0.073ms frontier=  0.013ms semisort=  0.064ms (keyed= 0.001ms group_by=  0.015ms per_group= 0.021ms)
[pe] round=  7 work=       81 frontier=      162 next=       27 consolidate=  0.059ms frontier=  0.004ms semisort=  0.021ms (keyed= 0.000ms group_by=  0.006ms per_group= 0.008ms)
[pe] round=  8 work=       27 frontier=       54 next=        9 consolidate=  0.020ms frontier=  0.001ms semisort=  0.008ms (keyed= 0.000ms group_by=  0.001ms per_group= 0.003ms)
[pe] round=  9 work=        9 frontier=       18 next=        3 consolidate=  0.008ms frontier=  0.002ms semisort=  0.004ms (keyed= 0.000ms group_by=  0.001ms per_group= 0.001ms)
[pe] round= 10 work=        3 frontier=        6 next=        1 consolidate=  0.003ms frontier=  0.001ms semisort=  0.002ms (keyed= 0.000ms group_by=  0.000ms per_group= 0.001ms)
[pe] round= 11 work=        1 (tail-skip: all parents empty)
[pe] round=  0 work=       60 frontier=   162000 next=    27000 consolidate=  0.065ms frontier=  0.071ms semisort=  4.975ms (keyed= 0.121ms group_by=  1.446ms per_group= 2.231ms)
[pe] round=  1 work=    27000 frontier=    54000 next=    11718 consolidate=  4.337ms frontier=  0.381ms semisort=  2.735ms (keyed= 0.087ms group_by=  0.649ms per_group= 1.120ms)
[pe] round=  2 work=    11718 frontier=    23436 next=     5157 consolidate=  2.009ms frontier=  0.287ms semisort=  1.639ms (keyed= 0.070ms group_by=  0.425ms per_group= 0.500ms)
[pe] round=  3 work=     5157 frontier=    10314 next=     2187 consolidate=  1.239ms frontier=  0.151ms semisort=  0.796ms (keyed= 0.030ms group_by=  0.212ms per_group= 0.258ms)
[pe] round=  4 work=     2187 frontier=     4374 next=      729 consolidate=  0.562ms frontier=  0.121ms semisort=  0.464ms (keyed= 0.008ms group_by=  0.203ms per_group= 0.125ms)
[pe] round=  5 work=      729 frontier=     1458 next=      243 consolidate=  0.229ms frontier=  0.037ms semisort=  0.172ms (keyed= 0.004ms group_by=  0.058ms per_group= 0.044ms)
[pe] round=  6 work=      243 frontier=      486 next=       81 consolidate=  0.073ms frontier=  0.013ms semisort=  0.063ms (keyed= 0.001ms group_by=  0.014ms per_group= 0.022ms)
[pe] round=  7 work=       81 frontier=      162 next=       27 consolidate=  0.059ms frontier=  0.004ms semisort=  0.022ms (keyed= 0.000ms group_by=  0.005ms per_group= 0.009ms)
[pe] round=  8 work=       27 frontier=       54 next=        9 consolidate=  0.022ms frontier=  0.001ms semisort=  0.008ms (keyed= 0.000ms group_by=  0.002ms per_group= 0.003ms)
[pe] round=  9 work=        9 frontier=       18 next=        3 consolidate=  0.008ms frontier=  0.002ms semisort=  0.004ms (keyed= 0.000ms group_by=  0.001ms per_group= 0.001ms)
[pe] round= 10 work=        3 frontier=        6 next=        1 consolidate=  0.003ms frontier=  0.001ms semisort=  0.002ms (keyed= 0.000ms group_by=  0.000ms per_group= 0.001ms)
[pe] round= 11 work=        1 (tail-skip: all parents empty)
[pe-async] round=  0 R=2 dirty=    54000 runs=    27000 filter=  0.210ms semisort=  2.658ms
[pe-async] round=  1 R=3 dirty=    27756 runs=    16038 filter=  0.274ms semisort=  1.328ms
[pe-async] round=  2 R=4 dirty=    13122 runs=     7965 filter=  0.343ms semisort=  0.676ms
[pe-async] round=  3 R=5 dirty=     4374 runs=     2187 filter=  0.332ms semisort=  0.282ms
[pe-async] round=  4 R=6 dirty=     1458 runs=      729 filter=  0.248ms semisort=  0.128ms
[pe-async] round=  5 R=7 dirty=      486 runs=      243 filter=  0.254ms semisort=  0.085ms
[pe-async] round=  6 R=8 dirty=      162 runs=       81 filter=  0.290ms semisort=  0.040ms
[pe-async] round=  7 R=9 dirty=       54 runs=       27 filter=  0.204ms semisort=  0.018ms
[pe-async] round=  8 R=10 dirty=       18 runs=        9 filter=  0.142ms semisort=  0.008ms
[pe-async] round=  9 R=11 dirty=        6 runs=        3 filter=  0.152ms semisort=  0.005ms
[pe-async] round= 10 R=12 dirty=        2 runs=        1 filter=  0.164ms semisort=  0.004ms
[pe-async] round= 11 R=13 dirty=        0 filter=  0.151ms (clean break)
[pe-async] round=  0 R=2 dirty=    54000 runs=    27000 filter=  0.230ms semisort=  2.515ms
[pe-async] round=  1 R=3 dirty=    27756 runs=    16038 filter=  0.309ms semisort=  1.256ms
[pe-async] round=  2 R=4 dirty=    13122 runs=     7965 filter=  0.316ms semisort=  0.590ms
[pe-async] round=  3 R=5 dirty=     4374 runs=     2187 filter=  0.268ms semisort=  0.270ms
[pe-async] round=  4 R=6 dirty=     1458 runs=      729 filter=  0.246ms semisort=  0.151ms
[pe-async] round=  5 R=7 dirty=      486 runs=      243 filter=  0.156ms semisort=  0.084ms
[pe-async] round=  6 R=8 dirty=      162 runs=       81 filter=  0.210ms semisort=  0.045ms
[pe-async] round=  7 R=9 dirty=       54 runs=       27 filter=  0.201ms semisort=  0.017ms
[pe-async] round=  8 R=10 dirty=       18 runs=        9 filter=  0.204ms semisort=  0.008ms
[pe-async] round=  9 R=11 dirty=        6 runs=        3 filter=  0.162ms semisort=  0.005ms
[pe-async] round= 10 R=12 dirty=        2 runs=        1 filter=  0.154ms semisort=  0.003ms
[pe-async] round= 11 R=13 dirty=        0 filter=  0.161ms (clean break)
[pe-async] round=  0 R=2 dirty=    54000 runs=    27000 filter=  0.264ms semisort=  2.713ms
[pe-async] round=  1 R=3 dirty=    27756 runs=    16038 filter=  0.321ms semisort=  1.335ms
[pe-async] round=  2 R=4 dirty=    13122 runs=     7965 filter=  0.244ms semisort=  0.737ms
[pe-async] round=  3 R=5 dirty=     4374 runs=     2187 filter=  0.249ms semisort=  0.300ms
[pe-async] round=  4 R=6 dirty=     1458 runs=      729 filter=  0.285ms semisort=  0.165ms
[pe-async] round=  5 R=7 dirty=      486 runs=      243 filter=  0.242ms semisort=  0.069ms
[pe-async] round=  6 R=8 dirty=      162 runs=       81 filter=  0.137ms semisort=  0.041ms
[pe-async] round=  7 R=9 dirty=       54 runs=       27 filter=  0.247ms semisort=  0.020ms
[pe-async] round=  8 R=10 dirty=       18 runs=        9 filter=  0.158ms semisort=  0.009ms
[pe-async] round=  9 R=11 dirty=        6 runs=        3 filter=  0.217ms semisort=  0.006ms
[pe-async] round= 10 R=12 dirty=        2 runs=        1 filter=  0.222ms semisort=  0.004ms
[pe-async] round= 11 R=13 dirty=        0 filter=  0.290ms (clean break)
[pe-async] round=  0 R=2 dirty=    54000 runs=    27000 filter=  0.262ms semisort=  2.721ms
[pe-async] round=  1 R=3 dirty=    27756 runs=    16038 filter=  0.328ms semisort=  1.306ms
[pe-async] round=  2 R=4 dirty=    13122 runs=     7965 filter=  0.332ms semisort=  0.649ms
[pe-async] round=  3 R=5 dirty=     4374 runs=     2187 filter=  0.268ms semisort=  0.284ms
[pe-async] round=  4 R=6 dirty=     1458 runs=      729 filter=  0.294ms semisort=  0.167ms
[pe-async] round=  5 R=7 dirty=      486 runs=      243 filter=  0.312ms semisort=  0.086ms
[pe-async] round=  6 R=8 dirty=      162 runs=       81 filter=  0.130ms semisort=  0.040ms
[pe-async] round=  7 R=9 dirty=       54 runs=       27 filter=  0.207ms semisort=  0.017ms
[pe-async] round=  8 R=10 dirty=       18 runs=        9 filter=  0.221ms semisort=  0.008ms
[pe-async] round=  9 R=11 dirty=        6 runs=        3 filter=  0.149ms semisort=  0.004ms
[pe-async] round= 10 R=12 dirty=        2 runs=        1 filter=  0.157ms semisort=  0.003ms
[pe-async] round= 11 R=13 dirty=        0 filter=  0.228ms (clean break)
[pe-async] round=  0 R=2 dirty=    54000 runs=    27000 filter=  0.220ms semisort=  2.615ms
[pe-async] round=  1 R=3 dirty=    27756 runs=    16038 filter=  0.292ms semisort=  1.276ms
[pe-async] round=  2 R=4 dirty=    13122 runs=     7965 filter=  0.275ms semisort=  0.643ms
[pe-async] round=  3 R=5 dirty=     4374 runs=     2187 filter=  0.255ms semisort=  0.299ms
[pe-async] round=  4 R=6 dirty=     1458 runs=      729 filter=  0.217ms semisort=  0.156ms
[pe-async] round=  5 R=7 dirty=      486 runs=      243 filter=  0.231ms semisort=  0.078ms
[pe-async] round=  6 R=8 dirty=      162 runs=       81 filter=  0.159ms semisort=  0.042ms
[pe-async] round=  7 R=9 dirty=       54 runs=       27 filter=  0.201ms semisort=  0.017ms
[pe-async] round=  8 R=10 dirty=       18 runs=        9 filter=  0.223ms semisort=  0.008ms
[pe-async] round=  9 R=11 dirty=        6 runs=        3 filter=  0.219ms semisort=  0.005ms
[pe-async] round= 10 R=12 dirty=        2 runs=        1 filter=  0.199ms semisort=  0.004ms
[pe-async] round= 11 R=13 dirty=        0 filter=  0.160ms (clean break)
[pe-async] round=  0 R=2 dirty=    54000 runs=    27000 filter=  0.300ms semisort=  2.744ms
[pe-async] round=  1 R=3 dirty=    27756 runs=    16038 filter=  0.265ms semisort=  1.265ms
[pe-async] round=  2 R=4 dirty=    13122 runs=     7965 filter=  0.329ms semisort=  0.740ms
[pe-async] round=  3 R=5 dirty=     4374 runs=     2187 filter=  0.276ms semisort=  0.278ms
[pe-async] round=  4 R=6 dirty=     1458 runs=      729 filter=  0.149ms semisort=  0.157ms
[pe-async] round=  5 R=7 dirty=      486 runs=      243 filter=  0.201ms semisort=  0.083ms
[pe-async] round=  6 R=8 dirty=      162 runs=       81 filter=  0.233ms semisort=  0.045ms
[pe-async] round=  7 R=9 dirty=       54 runs=       27 filter=  0.201ms semisort=  0.017ms
[pe-async] round=  8 R=10 dirty=       18 runs=        9 filter=  0.220ms semisort=  0.008ms
[pe-async] round=  9 R=11 dirty=        6 runs=        3 filter=  0.201ms semisort=  0.005ms
[pe-async] round= 10 R=12 dirty=        2 runs=        1 filter=  0.227ms semisort=  0.004ms
[pe-async] round= 11 R=13 dirty=        0 filter=  0.159ms (clean break)
