[synthetic_bench] cube n=30 d=3 classes=94370 merges=30 ...
[pe] round=  0 work=       60 frontier=   162000 next=    27000 consolidate=  0.328ms frontier=  0.049ms semisort= 23.833ms (keyed= 1.329ms group_by=  9.228ms per_group= 7.999ms)
[pe] round=  1 work=    27000 frontier=    54000 next=    11718 consolidate= 13.822ms frontier=  0.526ms semisort=  8.801ms (keyed= 0.109ms group_by=  2.365ms per_group= 3.417ms)
[pe] round=  2 work=    11718 frontier=    23436 next=     5157 consolidate=  5.966ms frontier=  0.285ms semisort=  3.561ms (keyed= 0.047ms group_by=  0.816ms per_group= 1.396ms)
[pe] round=  3 work=     5157 frontier=    10314 next=     2187 consolidate=  2.666ms frontier=  0.105ms semisort=  1.455ms (keyed= 0.020ms group_by=  0.344ms per_group= 0.614ms)
[pe] round=  4 work=     2187 frontier=     4374 next=      729 consolidate=  1.292ms frontier=  0.062ms semisort=  0.520ms (keyed= 0.011ms group_by=  0.146ms per_group= 0.186ms)
[pe] round=  5 work=      729 frontier=     1458 next=      243 consolidate=  0.435ms frontier=  0.018ms semisort=  0.152ms (keyed= 0.003ms group_by=  0.033ms per_group= 0.063ms)
[pe] round=  6 work=      243 frontier=      486 next=       81 consolidate=  0.114ms frontier=  0.006ms semisort=  0.048ms (keyed= 0.001ms group_by=  0.010ms per_group= 0.020ms)
[pe] round=  7 work=       81 frontier=      162 next=       27 consolidate=  0.038ms frontier=  0.003ms semisort=  0.017ms (keyed= 0.000ms group_by=  0.004ms per_group= 0.007ms)
[pe] round=  8 work=       27 frontier=       54 next=        9 consolidate=  0.013ms frontier=  0.001ms semisort=  0.007ms (keyed= 0.000ms group_by=  0.001ms per_group= 0.003ms)
[pe] round=  9 work=        9 frontier=       18 next=        3 consolidate=  0.005ms frontier=  0.001ms semisort=  0.003ms (keyed= 0.000ms group_by=  0.001ms per_group= 0.001ms)
[pe] round= 10 work=        3 frontier=        6 next=        1 consolidate=  0.002ms frontier=  0.001ms semisort=  0.002ms (keyed= 0.000ms group_by=  0.000ms per_group= 0.001ms)
[pe] round= 11 work=        1 (tail-skip: all parents empty)
[pe] round=  0 work=       60 frontier=   162000 next=    27000 consolidate=  0.078ms frontier=  0.043ms semisort= 18.845ms (keyed= 0.309ms group_by=  6.845ms per_group= 6.768ms)
[pe] round=  1 work=    27000 frontier=    54000 next=    11718 consolidate= 15.277ms frontier=  0.479ms semisort=  8.034ms (keyed= 0.103ms group_by=  1.831ms per_group= 3.393ms)
[pe] round=  2 work=    11718 frontier=    23436 next=     5157 consolidate=  6.578ms frontier=  0.300ms semisort=  3.766ms (keyed= 0.043ms group_by=  0.756ms per_group= 1.650ms)
[pe] round=  3 work=     5157 frontier=    10314 next=     2187 consolidate=  2.816ms frontier=  0.109ms semisort=  1.488ms (keyed= 0.017ms group_by=  0.342ms per_group= 0.647ms)
[pe] round=  4 work=     2187 frontier=     4374 next=      729 consolidate=  1.324ms frontier=  0.062ms semisort=  0.535ms (keyed= 0.007ms group_by=  0.145ms per_group= 0.189ms)
[pe] round=  5 work=      729 frontier=     1458 next=      243 consolidate=  0.437ms frontier=  0.017ms semisort=  0.152ms (keyed= 0.003ms group_by=  0.037ms per_group= 0.059ms)
[pe] round=  6 work=      243 frontier=      486 next=       81 consolidate=  0.128ms frontier=  0.006ms semisort=  0.050ms (keyed= 0.001ms group_by=  0.011ms per_group= 0.021ms)
[pe] round=  7 work=       81 frontier=      162 next=       27 consolidate=  0.042ms frontier=  0.003ms semisort=  0.017ms (keyed= 0.000ms group_by=  0.004ms per_group= 0.007ms)
[pe] round=  8 work=       27 frontier=       54 next=        9 consolidate=  0.015ms frontier=  0.001ms semisort=  0.007ms (keyed= 0.000ms group_by=  0.001ms per_group= 0.003ms)
[pe] round=  9 work=        9 frontier=       18 next=        3 consolidate=  0.005ms frontier=  0.001ms semisort=  0.003ms (keyed= 0.000ms group_by=  0.001ms per_group= 0.001ms)
[pe] round= 10 work=        3 frontier=        6 next=        1 consolidate=  0.002ms frontier=  0.001ms semisort=  0.002ms (keyed= 0.000ms group_by=  0.000ms per_group= 0.001ms)
[pe] round= 11 work=        1 (tail-skip: all parents empty)
[pe] round=  0 work=       60 frontier=   162000 next=    27000 consolidate=  0.075ms frontier=  0.044ms semisort= 17.977ms (keyed= 0.304ms group_by=  5.945ms per_group= 6.784ms)
[pe] round=  1 work=    27000 frontier=    54000 next=    11718 consolidate= 15.588ms frontier=  0.487ms semisort=  8.092ms (keyed= 0.103ms group_by=  1.787ms per_group= 3.508ms)
[pe] round=  2 work=    11718 frontier=    23436 next=     5157 consolidate=  6.722ms frontier=  0.312ms semisort=  3.789ms (keyed= 0.042ms group_by=  0.767ms per_group= 1.670ms)
[pe] round=  3 work=     5157 frontier=    10314 next=     2187 consolidate=  2.961ms frontier=  0.113ms semisort=  1.500ms (keyed= 0.017ms group_by=  0.338ms per_group= 0.668ms)
[pe] round=  4 work=     2187 frontier=     4374 next=      729 consolidate=  1.353ms frontier=  0.061ms semisort=  0.527ms (keyed= 0.008ms group_by=  0.140ms per_group= 0.187ms)
[pe] round=  5 work=      729 frontier=     1458 next=      243 consolidate=  0.438ms frontier=  0.017ms semisort=  0.153ms (keyed= 0.003ms group_by=  0.033ms per_group= 0.064ms)
[pe] round=  6 work=      243 frontier=      486 next=       81 consolidate=  0.134ms frontier=  0.006ms semisort=  0.048ms (keyed= 0.001ms group_by=  0.011ms per_group= 0.020ms)
[pe] round=  7 work=       81 frontier=      162 next=       27 consolidate=  0.043ms frontier=  0.003ms semisort=  0.017ms (keyed= 0.000ms group_by=  0.003ms per_group= 0.007ms)
[pe] round=  8 work=       27 frontier=       54 next=        9 consolidate=  0.015ms frontier=  0.001ms semisort=  0.007ms (keyed= 0.000ms group_by=  0.001ms per_group= 0.003ms)
[pe] round=  9 work=        9 frontier=       18 next=        3 consolidate=  0.006ms frontier=  0.001ms semisort=  0.003ms (keyed= 0.000ms group_by=  0.001ms per_group= 0.001ms)
[pe] round= 10 work=        3 frontier=        6 next=        1 consolidate=  0.002ms frontier=  0.001ms semisort=  0.002ms (keyed= 0.000ms group_by=  0.000ms per_group= 0.001ms)
[pe] round= 11 work=        1 (tail-skip: all parents empty)
[pe] round=  0 work=       60 frontier=   162000 next=    27000 consolidate=  0.077ms frontier=  0.044ms semisort= 18.196ms (keyed= 0.303ms group_by=  5.952ms per_group= 6.981ms)
[pe] round=  1 work=    27000 frontier=    54000 next=    11718 consolidate= 16.147ms frontier=  0.485ms semisort=  8.134ms (keyed= 0.102ms group_by=  1.799ms per_group= 3.540ms)
[pe] round=  2 work=    11718 frontier=    23436 next=     5157 consolidate=  6.949ms frontier=  0.315ms semisort=  3.795ms (keyed= 0.043ms group_by=  0.771ms per_group= 1.659ms)
[pe] round=  3 work=     5157 frontier=    10314 next=     2187 consolidate=  3.059ms frontier=  0.115ms semisort=  1.495ms (keyed= 0.016ms group_by=  0.343ms per_group= 0.659ms)
[pe] round=  4 work=     2187 frontier=     4374 next=      729 consolidate=  1.338ms frontier=  0.063ms semisort=  0.540ms (keyed= 0.008ms group_by=  0.145ms per_group= 0.191ms)
[pe] round=  5 work=      729 frontier=     1458 next=      243 consolidate=  0.436ms frontier=  0.022ms semisort=  0.155ms (keyed= 0.003ms group_by=  0.035ms per_group= 0.063ms)
[pe] round=  6 work=      243 frontier=      486 next=       81 consolidate=  0.139ms frontier=  0.006ms semisort=  0.047ms (keyed= 0.001ms group_by=  0.010ms per_group= 0.020ms)
[pe] round=  7 work=       81 frontier=      162 next=       27 consolidate=  0.044ms frontier=  0.003ms semisort=  0.017ms (keyed= 0.000ms group_by=  0.004ms per_group= 0.007ms)
[pe] round=  8 work=       27 frontier=       54 next=        9 consolidate=  0.016ms frontier=  0.001ms semisort=  0.007ms (keyed= 0.000ms group_by=  0.002ms per_group= 0.003ms)
[pe] round=  9 work=        9 frontier=       18 next=        3 consolidate=  0.006ms frontier=  0.001ms semisort=  0.003ms (keyed= 0.000ms group_by=  0.001ms per_group= 0.001ms)
[pe] round= 10 work=        3 frontier=        6 next=        1 consolidate=  0.002ms frontier=  0.001ms semisort=  0.002ms (keyed= 0.000ms group_by=  0.000ms per_group= 0.001ms)
[pe] round= 11 work=        1 (tail-skip: all parents empty)
[pe] round=  0 work=       60 frontier=   162000 next=    27000 consolidate=  0.075ms frontier=  0.043ms semisort= 18.045ms (keyed= 0.303ms group_by=  5.953ms per_group= 6.849ms)
[pe] round=  1 work=    27000 frontier=    54000 next=    11718 consolidate= 16.310ms frontier=  0.506ms semisort=  8.298ms (keyed= 0.102ms group_by=  1.879ms per_group= 3.609ms)
[pe] round=  2 work=    11718 frontier=    23436 next=     5157 consolidate=  6.982ms frontier=  0.310ms semisort=  3.815ms (keyed= 0.043ms group_by=  0.807ms per_group= 1.653ms)
[pe] round=  3 work=     5157 frontier=    10314 next=     2187 consolidate=  3.032ms frontier=  0.113ms semisort=  1.496ms (keyed= 0.017ms group_by=  0.343ms per_group= 0.657ms)
[pe] round=  4 work=     2187 frontier=     4374 next=      729 consolidate=  1.357ms frontier=  0.061ms semisort=  0.530ms (keyed= 0.007ms group_by=  0.140ms per_group= 0.188ms)
[pe] round=  5 work=      729 frontier=     1458 next=      243 consolidate=  0.436ms frontier=  0.018ms semisort=  0.153ms (keyed= 0.003ms group_by=  0.034ms per_group= 0.064ms)
[pe] round=  6 work=      243 frontier=      486 next=       81 consolidate=  0.133ms frontier=  0.006ms semisort=  0.048ms (keyed= 0.001ms group_by=  0.010ms per_group= 0.020ms)
[pe] round=  7 work=       81 frontier=      162 next=       27 consolidate=  0.045ms frontier=  0.003ms semisort=  0.017ms (keyed= 0.000ms group_by=  0.004ms per_group= 0.007ms)
[pe] round=  8 work=       27 frontier=       54 next=        9 consolidate=  0.015ms frontier=  0.001ms semisort=  0.007ms (keyed= 0.000ms group_by=  0.001ms per_group= 0.003ms)
[pe] round=  9 work=        9 frontier=       18 next=        3 consolidate=  0.006ms frontier=  0.001ms semisort=  0.003ms (keyed= 0.000ms group_by=  0.001ms per_group= 0.001ms)
[pe] round= 10 work=        3 frontier=        6 next=        1 consolidate=  0.002ms frontier=  0.001ms semisort=  0.002ms (keyed= 0.000ms group_by=  0.000ms per_group= 0.001ms)
[pe] round= 11 work=        1 (tail-skip: all parents empty)
[pe] round=  0 work=       60 frontier=   162000 next=    27000 consolidate=  0.075ms frontier=  0.043ms semisort= 18.031ms (keyed= 0.303ms group_by=  5.978ms per_group= 6.844ms)
[pe] round=  1 work=    27000 frontier=    54000 next=    11718 consolidate= 16.394ms frontier=  0.505ms semisort=  8.323ms (keyed= 0.102ms group_by=  1.862ms per_group= 3.646ms)
[pe] round=  2 work=    11718 frontier=    23436 next=     5157 consolidate=  7.066ms frontier=  0.313ms semisort=  3.836ms (keyed= 0.042ms group_by=  0.793ms per_group= 1.685ms)
[pe] round=  3 work=     5157 frontier=    10314 next=     2187 consolidate=  2.908ms frontier=  0.114ms semisort=  1.505ms (keyed= 0.017ms group_by=  0.350ms per_group= 0.659ms)
[pe] round=  4 work=     2187 frontier=     4374 next=      729 consolidate=  1.350ms frontier=  0.064ms semisort=  0.538ms (keyed= 0.008ms group_by=  0.145ms per_group= 0.189ms)
[pe] round=  5 work=      729 frontier=     1458 next=      243 consolidate=  0.447ms frontier=  0.017ms semisort=  0.156ms (keyed= 0.003ms group_by=  0.036ms per_group= 0.063ms)
[pe] round=  6 work=      243 frontier=      486 next=       81 consolidate=  0.140ms frontier=  0.007ms semisort=  0.048ms (keyed= 0.001ms group_by=  0.010ms per_group= 0.021ms)
[pe] round=  7 work=       81 frontier=      162 next=       27 consolidate=  0.044ms frontier=  0.003ms semisort=  0.017ms (keyed= 0.000ms group_by=  0.004ms per_group= 0.007ms)
[pe] round=  8 work=       27 frontier=       54 next=        9 consolidate=  0.015ms frontier=  0.001ms semisort=  0.007ms (keyed= 0.000ms group_by=  0.002ms per_group= 0.003ms)
[pe] round=  9 work=        9 frontier=       18 next=        3 consolidate=  0.006ms frontier=  0.001ms semisort=  0.003ms (keyed= 0.000ms group_by=  0.001ms per_group= 0.001ms)
[pe] round= 10 work=        3 frontier=        6 next=        1 consolidate=  0.002ms frontier=  0.001ms semisort=  0.002ms (keyed= 0.000ms group_by=  0.000ms per_group= 0.001ms)
[pe] round= 11 work=        1 (tail-skip: all parents empty)
[pe-async] round=  0 R=2 dirty=    54000 runs=    27000 filter=  0.675ms semisort=  4.625ms
[pe-async] round=  1 R=3 dirty=    27756 runs=    16038 filter=  0.866ms semisort=  2.917ms
[pe-async] round=  2 R=4 dirty=    13122 runs=     7965 filter=  0.893ms semisort=  1.349ms
[pe-async] round=  3 R=5 dirty=     4374 runs=     2187 filter=  0.897ms semisort=  0.555ms
[pe-async] round=  4 R=6 dirty=     1458 runs=      729 filter=  0.828ms semisort=  0.189ms
[pe-async] round=  5 R=7 dirty=      486 runs=      243 filter=  0.815ms semisort=  0.067ms
[pe-async] round=  6 R=8 dirty=      162 runs=       81 filter=  0.794ms semisort=  0.029ms
[pe-async] round=  7 R=9 dirty=       54 runs=       27 filter=  0.790ms semisort=  0.013ms
[pe-async] round=  8 R=10 dirty=       18 runs=        9 filter=  0.798ms semisort=  0.007ms
[pe-async] round=  9 R=11 dirty=        6 runs=        3 filter=  0.783ms semisort=  0.004ms
[pe-async] round= 10 R=12 dirty=        2 runs=        1 filter=  0.788ms semisort=  0.004ms
[pe-async] round= 11 R=13 dirty=        0 filter=  0.786ms (clean break)
[pe-async] round=  0 R=2 dirty=    54000 runs=    27000 filter=  0.621ms semisort=  4.646ms
[pe-async] round=  1 R=3 dirty=    27756 runs=    16038 filter=  0.819ms semisort=  2.208ms
[pe-async] round=  2 R=4 dirty=    13122 runs=     7965 filter=  0.889ms semisort=  1.054ms
[pe-async] round=  3 R=5 dirty=     4374 runs=     2187 filter=  0.836ms semisort=  0.441ms
[pe-async] round=  4 R=6 dirty=     1458 runs=      729 filter=  0.813ms semisort=  0.147ms
[pe-async] round=  5 R=7 dirty=      486 runs=      243 filter=  0.806ms semisort=  0.061ms
[pe-async] round=  6 R=8 dirty=      162 runs=       81 filter=  0.787ms semisort=  0.024ms
[pe-async] round=  7 R=9 dirty=       54 runs=       27 filter=  0.783ms semisort=  0.012ms
[pe-async] round=  8 R=10 dirty=       18 runs=        9 filter=  0.789ms semisort=  0.007ms
[pe-async] round=  9 R=11 dirty=        6 runs=        3 filter=  0.791ms semisort=  0.004ms
[pe-async] round= 10 R=12 dirty=        2 runs=        1 filter=  0.784ms semisort=  0.004ms
[pe-async] round= 11 R=13 dirty=        0 filter=  0.776ms (clean break)
[pe-async] round=  0 R=2 dirty=    54000 runs=    27000 filter=  0.613ms semisort=  4.697ms
[pe-async] round=  1 R=3 dirty=    27756 runs=    16038 filter=  0.799ms semisort=  2.204ms
[pe-async] round=  2 R=4 dirty=    13122 runs=     7965 filter=  0.892ms semisort=  1.048ms
[pe-async] round=  3 R=5 dirty=     4374 runs=     2187 filter=  0.843ms semisort=  0.431ms
[pe-async] round=  4 R=6 dirty=     1458 runs=      729 filter=  0.816ms semisort=  0.149ms
[pe-async] round=  5 R=7 dirty=      486 runs=      243 filter=  0.813ms semisort=  0.059ms
[pe-async] round=  6 R=8 dirty=      162 runs=       81 filter=  0.798ms semisort=  0.025ms
[pe-async] round=  7 R=9 dirty=       54 runs=       27 filter=  0.789ms semisort=  0.012ms
[pe-async] round=  8 R=10 dirty=       18 runs=        9 filter=  0.777ms semisort=  0.042ms
[pe-async] round=  9 R=11 dirty=        6 runs=        3 filter=  0.783ms semisort=  0.004ms
[pe-async] round= 10 R=12 dirty=        2 runs=        1 filter=  0.789ms semisort=  0.004ms
[pe-async] round= 11 R=13 dirty=        0 filter=  0.791ms (clean break)
[pe-async] round=  0 R=2 dirty=    54000 runs=    27000 filter=  0.614ms semisort=  4.556ms
[pe-async] round=  1 R=3 dirty=    27756 runs=    16038 filter=  0.790ms semisort=  2.195ms
[pe-async] round=  2 R=4 dirty=    13122 runs=     7965 filter=  0.843ms semisort=  1.048ms
[pe-async] round=  3 R=5 dirty=     4374 runs=     2187 filter=  0.844ms semisort=  0.440ms
[pe-async] round=  4 R=6 dirty=     1458 runs=      729 filter=  0.810ms semisort=  0.155ms
[pe-async] round=  5 R=7 dirty=      486 runs=      243 filter=  0.804ms semisort=  0.057ms
[pe-async] round=  6 R=8 dirty=      162 runs=       81 filter=  0.797ms semisort=  0.026ms
[pe-async] round=  7 R=9 dirty=       54 runs=       27 filter=  0.793ms semisort=  0.011ms
[pe-async] round=  8 R=10 dirty=       18 runs=        9 filter=  0.785ms semisort=  0.007ms
[pe-async] round=  9 R=11 dirty=        6 runs=        3 filter=  0.785ms semisort=  0.005ms
[pe-async] round= 10 R=12 dirty=        2 runs=        1 filter=  0.776ms semisort=  0.003ms
[pe-async] round= 11 R=13 dirty=        0 filter=  0.791ms (clean break)
[pe-async] round=  0 R=2 dirty=    54000 runs=    27000 filter=  0.622ms semisort=  4.659ms
[pe-async] round=  1 R=3 dirty=    27756 runs=    16038 filter=  0.800ms semisort=  2.199ms
[pe-async] round=  2 R=4 dirty=    13122 runs=     7965 filter=  0.896ms semisort=  1.051ms
[pe-async] round=  3 R=5 dirty=     4374 runs=     2187 filter=  0.841ms semisort=  0.433ms
[pe-async] round=  4 R=6 dirty=     1458 runs=      729 filter=  0.811ms semisort=  0.149ms
[pe-async] round=  5 R=7 dirty=      486 runs=      243 filter=  0.805ms semisort=  0.060ms
[pe-async] round=  6 R=8 dirty=      162 runs=       81 filter=  0.794ms semisort=  0.025ms
[pe-async] round=  7 R=9 dirty=       54 runs=       27 filter=  0.786ms semisort=  0.011ms
[pe-async] round=  8 R=10 dirty=       18 runs=        9 filter=  0.787ms semisort=  0.006ms
[pe-async] round=  9 R=11 dirty=        6 runs=        3 filter=  0.786ms semisort=  0.005ms
[pe-async] round= 10 R=12 dirty=        2 runs=        1 filter=  0.780ms semisort=  0.004ms
[pe-async] round= 11 R=13 dirty=        0 filter=  0.789ms (clean break)
[pe-async] round=  0 R=2 dirty=    54000 runs=    27000 filter=  0.612ms semisort=  4.574ms
[pe-async] round=  1 R=3 dirty=    27756 runs=    16038 filter=  0.795ms semisort=  2.196ms
[pe-async] round=  2 R=4 dirty=    13122 runs=     7965 filter=  0.852ms semisort=  1.048ms
[pe-async] round=  3 R=5 dirty=     4374 runs=     2187 filter=  0.846ms semisort=  0.438ms
[pe-async] round=  4 R=6 dirty=     1458 runs=      729 filter=  0.809ms semisort=  0.149ms
[pe-async] round=  5 R=7 dirty=      486 runs=      243 filter=  0.803ms semisort=  0.060ms
[pe-async] round=  6 R=8 dirty=      162 runs=       81 filter=  0.793ms semisort=  0.025ms
[pe-async] round=  7 R=9 dirty=       54 runs=       27 filter=  0.782ms semisort=  0.011ms
[pe-async] round=  8 R=10 dirty=       18 runs=        9 filter=  0.776ms semisort=  0.006ms
[pe-async] round=  9 R=11 dirty=        6 runs=        3 filter=  0.780ms semisort=  0.004ms
[pe-async] round= 10 R=12 dirty=        2 runs=        1 filter=  0.782ms semisort=  0.004ms
[pe-async] round= 11 R=13 dirty=        0 filter=  0.797ms (clean break)
