[synthetic_bench] cube n=30 d=4 classes=87998 merges=30 ...
[pe] round=  0 work=       60 frontier=   162000 next=    27000 consolidate=  0.175ms frontier=  0.056ms semisort=  4.642ms (keyed= 0.392ms group_by=  3.159ms per_group= 0.685ms)
[pe] round=  1 work=    27000 frontier=    54000 next=    11688 consolidate=  1.244ms frontier=  0.194ms semisort=  1.237ms (keyed= 0.030ms group_by=  0.556ms per_group= 0.319ms)
[pe] round=  2 work=    11688 frontier=    23376 next=     3916 consolidate=  0.801ms frontier=  0.292ms semisort=  0.915ms (keyed= 0.018ms group_by=  0.264ms per_group= 0.169ms)
[pe] round=  3 work=     3916 frontier=     7832 next=     1024 consolidate=  0.522ms frontier=  0.122ms semisort=  0.527ms (keyed= 0.016ms group_by=  0.333ms per_group= 0.077ms)
[pe] round=  4 work=     1024 frontier=     2048 next=      256 consolidate=  0.173ms frontier=  0.058ms semisort=  0.167ms (keyed= 0.009ms group_by=  0.085ms per_group= 0.029ms)
[pe] round=  5 work=      256 frontier=      512 next=       64 consolidate=  0.080ms frontier=  0.012ms semisort=  0.062ms (keyed= 0.002ms group_by=  0.015ms per_group= 0.029ms)
[pe] round=  6 work=       64 frontier=      128 next=       16 consolidate=  0.027ms frontier=  0.004ms semisort=  0.024ms (keyed= 0.001ms group_by=  0.003ms per_group= 0.010ms)
[pe] round=  7 work=       16 frontier=       32 next=        4 consolidate=  0.015ms frontier=  0.002ms semisort=  0.006ms (keyed= 0.000ms group_by=  0.002ms per_group= 0.002ms)
[pe] round=  8 work=        4 frontier=        8 next=        1 consolidate=  0.004ms frontier=  0.001ms semisort=  0.002ms (keyed= 0.000ms group_by=  0.000ms per_group= 0.001ms)
[pe] round=  9 work=        1 (tail-skip: all parents empty)
[pe] round=  0 work=       60 frontier=   162000 next=    27000 consolidate=  0.078ms frontier=  0.030ms semisort=  1.948ms (keyed= 0.065ms group_by=  0.864ms per_group= 0.634ms)
[pe] round=  1 work=    27000 frontier=    54000 next=    11688 consolidate=  1.425ms frontier=  0.172ms semisort=  1.328ms (keyed= 0.029ms group_by=  0.620ms per_group= 0.338ms)
[pe] round=  2 work=    11688 frontier=    23376 next=     3916 consolidate=  0.823ms frontier=  0.116ms semisort=  0.867ms (keyed= 0.015ms group_by=  0.340ms per_group= 0.168ms)
[pe] round=  3 work=     3916 frontier=     7832 next=     1024 consolidate=  0.554ms frontier=  0.121ms semisort=  0.496ms (keyed= 0.015ms group_by=  0.316ms per_group= 0.066ms)
[pe] round=  4 work=     1024 frontier=     2048 next=      256 consolidate=  0.163ms frontier=  0.067ms semisort=  0.171ms (keyed= 0.008ms group_by=  0.081ms per_group= 0.032ms)
[pe] round=  5 work=      256 frontier=      512 next=       64 consolidate=  0.074ms frontier=  0.013ms semisort=  0.063ms (keyed= 0.001ms group_by=  0.015ms per_group= 0.028ms)
[pe] round=  6 work=       64 frontier=      128 next=       16 consolidate=  0.024ms frontier=  0.005ms semisort=  0.018ms (keyed= 0.000ms group_by=  0.003ms per_group= 0.008ms)
[pe] round=  7 work=       16 frontier=       32 next=        4 consolidate=  0.016ms frontier=  0.002ms semisort=  0.006ms (keyed= 0.000ms group_by=  0.001ms per_group= 0.002ms)
[pe] round=  8 work=        4 frontier=        8 next=        1 consolidate=  0.004ms frontier=  0.001ms semisort=  0.002ms (keyed= 0.000ms group_by=  0.000ms per_group= 0.001ms)
[pe] round=  9 work=        1 (tail-skip: all parents empty)
[pe] round=  0 work=       60 frontier=   162000 next=    27000 consolidate=  0.073ms frontier=  0.041ms semisort=  2.039ms (keyed= 0.054ms group_by=  0.965ms per_group= 0.632ms)
[pe] round=  1 work=    27000 frontier=    54000 next=    11688 consolidate=  1.362ms frontier=  0.170ms semisort=  1.295ms (keyed= 0.028ms group_by=  0.523ms per_group= 0.348ms)
[pe] round=  2 work=    11688 frontier=    23376 next=     3916 consolidate=  0.746ms frontier=  0.119ms semisort=  0.698ms (keyed= 0.015ms group_by=  0.172ms per_group= 0.172ms)
[pe] round=  3 work=     3916 frontier=     7832 next=     1024 consolidate=  0.537ms frontier=  0.118ms semisort=  0.514ms (keyed= 0.019ms group_by=  0.327ms per_group= 0.067ms)
[pe] round=  4 work=     1024 frontier=     2048 next=      256 consolidate=  0.163ms frontier=  0.065ms semisort=  0.172ms (keyed= 0.007ms group_by=  0.080ms per_group= 0.029ms)
[pe] round=  5 work=      256 frontier=      512 next=       64 consolidate=  0.081ms frontier=  0.013ms semisort=  0.067ms (keyed= 0.002ms group_by=  0.015ms per_group= 0.031ms)
[pe] round=  6 work=       64 frontier=      128 next=       16 consolidate=  0.026ms frontier=  0.005ms semisort=  0.018ms (keyed= 0.000ms group_by=  0.003ms per_group= 0.008ms)
[pe] round=  7 work=       16 frontier=       32 next=        4 consolidate=  0.015ms frontier=  0.002ms semisort=  0.005ms (keyed= 0.000ms group_by=  0.001ms per_group= 0.002ms)
[pe] round=  8 work=        4 frontier=        8 next=        1 consolidate=  0.004ms frontier=  0.001ms semisort=  0.002ms (keyed= 0.000ms group_by=  0.000ms per_group= 0.001ms)
[pe] round=  9 work=        1 (tail-skip: all parents empty)
[pe] round=  0 work=       60 frontier=   162000 next=    27000 consolidate=  0.069ms frontier=  0.041ms semisort=  2.037ms (keyed= 0.055ms group_by=  0.963ms per_group= 0.627ms)
[pe] round=  1 work=    27000 frontier=    54000 next=    11688 consolidate=  1.412ms frontier=  0.172ms semisort=  1.194ms (keyed= 0.027ms group_by=  0.444ms per_group= 0.353ms)
[pe] round=  2 work=    11688 frontier=    23376 next=     3916 consolidate=  0.653ms frontier=  0.118ms semisort=  0.708ms (keyed= 0.016ms group_by=  0.258ms per_group= 0.174ms)
[pe] round=  3 work=     3916 frontier=     7832 next=     1024 consolidate=  0.574ms frontier=  0.121ms semisort=  0.537ms (keyed= 0.019ms group_by=  0.336ms per_group= 0.078ms)
[pe] round=  4 work=     1024 frontier=     2048 next=      256 consolidate=  0.167ms frontier=  0.072ms semisort=  0.164ms (keyed= 0.008ms group_by=  0.081ms per_group= 0.028ms)
[pe] round=  5 work=      256 frontier=      512 next=       64 consolidate=  0.066ms frontier=  0.014ms semisort=  0.059ms (keyed= 0.002ms group_by=  0.015ms per_group= 0.016ms)
[pe] round=  6 work=       64 frontier=      128 next=       16 consolidate=  0.045ms frontier=  0.004ms semisort=  0.023ms (keyed= 0.001ms group_by=  0.004ms per_group= 0.009ms)
[pe] round=  7 work=       16 frontier=       32 next=        4 consolidate=  0.013ms frontier=  0.002ms semisort=  0.006ms (keyed= 0.000ms group_by=  0.001ms per_group= 0.002ms)
[pe] round=  8 work=        4 frontier=        8 next=        1 consolidate=  0.004ms frontier=  0.001ms semisort=  0.002ms (keyed= 0.000ms group_by=  0.000ms per_group= 0.001ms)
[pe] round=  9 work=        1 (tail-skip: all parents empty)
[pe] round=  0 work=       60 frontier=   162000 next=    27000 consolidate=  0.055ms frontier=  0.033ms semisort=  2.133ms (keyed= 0.055ms group_by=  1.049ms per_group= 0.642ms)
[pe] round=  1 work=    27000 frontier=    54000 next=    11688 consolidate=  1.347ms frontier=  0.157ms semisort=  1.339ms (keyed= 0.030ms group_by=  0.511ms per_group= 0.354ms)
[pe] round=  2 work=    11688 frontier=    23376 next=     3916 consolidate=  0.651ms frontier=  0.121ms semisort=  0.708ms (keyed= 0.014ms group_by=  0.273ms per_group= 0.159ms)
[pe] round=  3 work=     3916 frontier=     7832 next=     1024 consolidate=  0.566ms frontier=  0.129ms semisort=  0.562ms (keyed= 0.022ms group_by=  0.331ms per_group= 0.100ms)
[pe] round=  4 work=     1024 frontier=     2048 next=      256 consolidate=  0.164ms frontier=  0.073ms semisort=  0.154ms (keyed= 0.008ms group_by=  0.075ms per_group= 0.029ms)
[pe] round=  5 work=      256 frontier=      512 next=       64 consolidate=  0.079ms frontier=  0.014ms semisort=  0.061ms (keyed= 0.002ms group_by=  0.015ms per_group= 0.029ms)
[pe] round=  6 work=       64 frontier=      128 next=       16 consolidate=  0.027ms frontier=  0.005ms semisort=  0.018ms (keyed= 0.000ms group_by=  0.003ms per_group= 0.008ms)
[pe] round=  7 work=       16 frontier=       32 next=        4 consolidate=  0.016ms frontier=  0.002ms semisort=  0.005ms (keyed= 0.000ms group_by=  0.001ms per_group= 0.002ms)
[pe] round=  8 work=        4 frontier=        8 next=        1 consolidate=  0.004ms frontier=  0.001ms semisort=  0.002ms (keyed= 0.000ms group_by=  0.000ms per_group= 0.001ms)
[pe] round=  9 work=        1 (tail-skip: all parents empty)
[pe] round=  0 work=       60 frontier=   162000 next=    27000 consolidate=  0.061ms frontier=  0.032ms semisort=  2.138ms (keyed= 0.052ms group_by=  0.971ms per_group= 0.643ms)
[pe] round=  1 work=    27000 frontier=    54000 next=    11688 consolidate=  1.357ms frontier=  0.158ms semisort=  1.272ms (keyed= 0.029ms group_by=  0.501ms per_group= 0.350ms)
[pe] round=  2 work=    11688 frontier=    23376 next=     3916 consolidate=  0.731ms frontier=  0.120ms semisort=  0.604ms (keyed= 0.019ms group_by=  0.246ms per_group= 0.171ms)
[pe] round=  3 work=     3916 frontier=     7832 next=     1024 consolidate=  0.618ms frontier=  0.125ms semisort=  0.497ms (keyed= 0.020ms group_by=  0.313ms per_group= 0.060ms)
[pe] round=  4 work=     1024 frontier=     2048 next=      256 consolidate=  0.164ms frontier=  0.071ms semisort=  0.166ms (keyed= 0.008ms group_by=  0.082ms per_group= 0.030ms)
[pe] round=  5 work=      256 frontier=      512 next=       64 consolidate=  0.070ms frontier=  0.013ms semisort=  0.065ms (keyed= 0.002ms group_by=  0.015ms per_group= 0.031ms)
[pe] round=  6 work=       64 frontier=      128 next=       16 consolidate=  0.024ms frontier=  0.005ms semisort=  0.018ms (keyed= 0.000ms group_by=  0.003ms per_group= 0.008ms)
[pe] round=  7 work=       16 frontier=       32 next=        4 consolidate=  0.016ms frontier=  0.002ms semisort=  0.005ms (keyed= 0.000ms group_by=  0.001ms per_group= 0.002ms)
[pe] round=  8 work=        4 frontier=        8 next=        1 consolidate=  0.005ms frontier=  0.001ms semisort=  0.002ms (keyed= 0.000ms group_by=  0.000ms per_group= 0.001ms)
[pe] round=  9 work=        1 (tail-skip: all parents empty)
[pe-async] round=  0 R=2 dirty=    54000 runs=    27000 filter=  0.094ms semisort=  2.332ms
[pe-async] round=  1 R=3 dirty=    29904 runs=    18216 filter=  0.079ms semisort=  1.111ms
[pe-async] round=  2 R=4 dirty=     8192 runs=     4276 filter=  0.072ms semisort=  0.368ms
[pe-async] round=  3 R=5 dirty=     2048 runs=     1024 filter=  0.068ms semisort=  0.121ms
[pe-async] round=  4 R=6 dirty=      512 runs=      256 filter=  0.066ms semisort=  0.096ms
[pe-async] round=  5 R=7 dirty=      128 runs=       64 filter=  0.063ms semisort=  0.031ms
[pe-async] round=  6 R=8 dirty=       32 runs=       16 filter=  0.094ms semisort=  0.011ms
[pe-async] round=  7 R=9 dirty=        8 runs=        4 filter=  0.061ms semisort=  0.005ms
[pe-async] round=  8 R=10 dirty=        2 runs=        1 filter=  0.067ms semisort=  0.003ms
[pe-async] round=  9 R=11 dirty=        0 filter=  0.067ms (clean break)
[pe-async] round=  0 R=2 dirty=    54000 runs=    27000 filter=  0.093ms semisort=  2.222ms
[pe-async] round=  1 R=3 dirty=    29904 runs=    18216 filter=  0.082ms semisort=  1.093ms
[pe-async] round=  2 R=4 dirty=     8192 runs=     4276 filter=  0.071ms semisort=  0.352ms
[pe-async] round=  3 R=5 dirty=     2048 runs=     1024 filter=  0.063ms semisort=  0.133ms
[pe-async] round=  4 R=6 dirty=      512 runs=      256 filter=  0.060ms semisort=  0.099ms
[pe-async] round=  5 R=7 dirty=      128 runs=       64 filter=  0.065ms semisort=  0.032ms
[pe-async] round=  6 R=8 dirty=       32 runs=       16 filter=  0.093ms semisort=  0.014ms
[pe-async] round=  7 R=9 dirty=        8 runs=        4 filter=  0.059ms semisort=  0.005ms
[pe-async] round=  8 R=10 dirty=        2 runs=        1 filter=  0.068ms semisort=  0.003ms
[pe-async] round=  9 R=11 dirty=        0 filter=  0.062ms (clean break)
[pe-async] round=  0 R=2 dirty=    54000 runs=    27000 filter=  0.103ms semisort=  2.225ms
[pe-async] round=  1 R=3 dirty=    29904 runs=    18216 filter=  0.080ms semisort=  1.081ms
[pe-async] round=  2 R=4 dirty=     8192 runs=     4276 filter=  0.079ms semisort=  0.351ms
[pe-async] round=  3 R=5 dirty=     2048 runs=     1024 filter=  0.061ms semisort=  0.120ms
[pe-async] round=  4 R=6 dirty=      512 runs=      256 filter=  0.066ms semisort=  0.097ms
[pe-async] round=  5 R=7 dirty=      128 runs=       64 filter=  0.060ms semisort=  0.030ms
[pe-async] round=  6 R=8 dirty=       32 runs=       16 filter=  0.076ms semisort=  0.013ms
[pe-async] round=  7 R=9 dirty=        8 runs=        4 filter=  0.068ms semisort=  0.005ms
[pe-async] round=  8 R=10 dirty=        2 runs=        1 filter=  0.065ms semisort=  0.003ms
[pe-async] round=  9 R=11 dirty=        0 filter=  0.064ms (clean break)
[pe-async] round=  0 R=2 dirty=    54000 runs=    27000 filter=  0.103ms semisort=  2.276ms
[pe-async] round=  1 R=3 dirty=    29904 runs=    18216 filter=  0.090ms semisort=  1.081ms
[pe-async] round=  2 R=4 dirty=     8192 runs=     4276 filter=  0.071ms semisort=  0.348ms
[pe-async] round=  3 R=5 dirty=     2048 runs=     1024 filter=  0.064ms semisort=  0.119ms
[pe-async] round=  4 R=6 dirty=      512 runs=      256 filter=  0.064ms semisort=  0.099ms
[pe-async] round=  5 R=7 dirty=      128 runs=       64 filter=  0.068ms semisort=  0.029ms
[pe-async] round=  6 R=8 dirty=       32 runs=       16 filter=  0.058ms semisort=  0.014ms
[pe-async] round=  7 R=9 dirty=        8 runs=        4 filter=  0.062ms semisort=  0.005ms
[pe-async] round=  8 R=10 dirty=        2 runs=        1 filter=  0.064ms semisort=  0.004ms
[pe-async] round=  9 R=11 dirty=        0 filter=  0.061ms (clean break)
[pe-async] round=  0 R=2 dirty=    54000 runs=    27000 filter=  0.099ms semisort=  2.270ms
[pe-async] round=  1 R=3 dirty=    29904 runs=    18216 filter=  0.075ms semisort=  1.081ms
[pe-async] round=  2 R=4 dirty=     8192 runs=     4276 filter=  0.074ms semisort=  0.335ms
[pe-async] round=  3 R=5 dirty=     2048 runs=     1024 filter=  0.070ms semisort=  0.119ms
[pe-async] round=  4 R=6 dirty=      512 runs=      256 filter=  0.065ms semisort=  0.096ms
[pe-async] round=  5 R=7 dirty=      128 runs=       64 filter=  0.057ms semisort=  0.032ms
[pe-async] round=  6 R=8 dirty=       32 runs=       16 filter=  0.095ms semisort=  0.012ms
[pe-async] round=  7 R=9 dirty=        8 runs=        4 filter=  0.063ms semisort=  0.005ms
[pe-async] round=  8 R=10 dirty=        2 runs=        1 filter=  0.065ms semisort=  0.004ms
[pe-async] round=  9 R=11 dirty=        0 filter=  0.061ms (clean break)
[pe-async] round=  0 R=2 dirty=    54000 runs=    27000 filter=  0.106ms semisort=  2.158ms
[pe-async] round=  1 R=3 dirty=    29904 runs=    18216 filter=  0.080ms semisort=  1.081ms
[pe-async] round=  2 R=4 dirty=     8192 runs=     4276 filter=  0.073ms semisort=  0.338ms
[pe-async] round=  3 R=5 dirty=     2048 runs=     1024 filter=  0.068ms semisort=  0.119ms
[pe-async] round=  4 R=6 dirty=      512 runs=      256 filter=  0.065ms semisort=  0.097ms
[pe-async] round=  5 R=7 dirty=      128 runs=       64 filter=  0.069ms semisort=  0.032ms
[pe-async] round=  6 R=8 dirty=       32 runs=       16 filter=  0.082ms semisort=  0.012ms
[pe-async] round=  7 R=9 dirty=        8 runs=        4 filter=  0.064ms semisort=  0.005ms
[pe-async] round=  8 R=10 dirty=        2 runs=        1 filter=  0.063ms semisort=  0.003ms
[pe-async] round=  9 R=11 dirty=        0 filter=  0.063ms (clean break)
