[synthetic_bench] cube n=30 d=4 classes=87998 merges=30 ...
[pe] round=  0 work=       60 frontier=   162000 next=    27000 consolidate=  0.184ms frontier=  0.065ms semisort= 12.630ms (keyed= 0.773ms group_by= 10.388ms per_group= 0.564ms)
[pe] round=  1 work=    27000 frontier=    54000 next=    11688 consolidate=  1.072ms frontier=  0.454ms semisort=  1.813ms (keyed= 0.032ms group_by=  0.967ms per_group= 0.272ms)
[pe] round=  2 work=    11688 frontier=    23376 next=     3916 consolidate=  0.851ms frontier=  0.507ms semisort=  1.569ms (keyed= 0.033ms group_by=  0.464ms per_group= 0.210ms)
[pe] round=  3 work=     3916 frontier=     7832 next=     1024 consolidate=  0.425ms frontier=  0.149ms semisort=  0.682ms (keyed= 0.020ms group_by=  0.425ms per_group= 0.087ms)
[pe] round=  4 work=     1024 frontier=     2048 next=      256 consolidate=  0.190ms frontier=  0.060ms semisort=  0.235ms (keyed= 0.012ms group_by=  0.091ms per_group= 0.049ms)
[pe] round=  5 work=      256 frontier=      512 next=       64 consolidate=  0.076ms frontier=  0.032ms semisort=  0.104ms (keyed= 0.002ms group_by=  0.022ms per_group= 0.023ms)
[pe] round=  6 work=       64 frontier=      128 next=       16 consolidate=  0.055ms frontier=  0.006ms semisort=  0.054ms (keyed= 0.001ms group_by=  0.007ms per_group= 0.028ms)
[pe] round=  7 work=       16 frontier=       32 next=        4 consolidate=  0.030ms frontier=  0.003ms semisort=  0.033ms (keyed= 0.000ms group_by=  0.002ms per_group= 0.027ms)
[pe] round=  8 work=        4 frontier=        8 next=        1 consolidate=  0.005ms frontier=  0.001ms semisort=  0.003ms (keyed= 0.000ms group_by=  0.001ms per_group= 0.001ms)
[pe] round=  9 work=        1 (tail-skip: all parents empty)
[pe] round=  0 work=       60 frontier=   162000 next=    27000 consolidate=  0.128ms frontier=  0.039ms semisort=  2.121ms (keyed= 0.044ms group_by=  1.204ms per_group= 0.332ms)
[pe] round=  1 work=    27000 frontier=    54000 next=    11688 consolidate=  0.695ms frontier=  0.350ms semisort=  0.963ms (keyed= 0.028ms group_by=  0.412ms per_group= 0.216ms)
[pe] round=  2 work=    11688 frontier=    23376 next=     3916 consolidate=  0.673ms frontier=  0.349ms semisort=  1.089ms (keyed= 0.038ms group_by=  0.345ms per_group= 0.146ms)
[pe] round=  3 work=     3916 frontier=     7832 next=     1024 consolidate=  0.369ms frontier=  0.159ms semisort=  0.665ms (keyed= 0.033ms group_by=  0.424ms per_group= 0.074ms)
[pe] round=  4 work=     1024 frontier=     2048 next=      256 consolidate=  0.186ms frontier=  0.062ms semisort=  0.234ms (keyed= 0.019ms group_by=  0.089ms per_group= 0.041ms)
[pe] round=  5 work=      256 frontier=      512 next=       64 consolidate=  0.082ms frontier=  0.018ms semisort=  0.087ms (keyed= 0.002ms group_by=  0.022ms per_group= 0.025ms)
[pe] round=  6 work=       64 frontier=      128 next=       16 consolidate=  0.055ms frontier=  0.007ms semisort=  0.041ms (keyed= 0.001ms group_by=  0.007ms per_group= 0.018ms)
[pe] round=  7 work=       16 frontier=       32 next=        4 consolidate=  0.035ms frontier=  0.003ms semisort=  0.007ms (keyed= 0.000ms group_by=  0.002ms per_group= 0.002ms)
[pe] round=  8 work=        4 frontier=        8 next=        1 consolidate=  0.005ms frontier=  0.001ms semisort=  0.003ms (keyed= 0.000ms group_by=  0.000ms per_group= 0.001ms)
[pe] round=  9 work=        1 (tail-skip: all parents empty)
[pe] round=  0 work=       60 frontier=   162000 next=    27000 consolidate=  0.103ms frontier=  0.036ms semisort=  1.830ms (keyed= 0.041ms group_by=  1.104ms per_group= 0.308ms)
[pe] round=  1 work=    27000 frontier=    54000 next=    11688 consolidate=  0.758ms frontier=  0.280ms semisort=  1.084ms (keyed= 0.040ms group_by=  0.535ms per_group= 0.192ms)
[pe] round=  2 work=    11688 frontier=    23376 next=     3916 consolidate=  0.646ms frontier=  0.331ms semisort=  1.091ms (keyed= 0.028ms group_by=  0.360ms per_group= 0.167ms)
[pe] round=  3 work=     3916 frontier=     7832 next=     1024 consolidate=  0.511ms frontier=  0.158ms semisort=  0.647ms (keyed= 0.021ms group_by=  0.416ms per_group= 0.077ms)
[pe] round=  4 work=     1024 frontier=     2048 next=      256 consolidate=  0.174ms frontier=  0.058ms semisort=  0.235ms (keyed= 0.009ms group_by=  0.091ms per_group= 0.062ms)
[pe] round=  5 work=      256 frontier=      512 next=       64 consolidate=  0.080ms frontier=  0.031ms semisort=  0.115ms (keyed= 0.002ms group_by=  0.029ms per_group= 0.033ms)
[pe] round=  6 work=       64 frontier=      128 next=       16 consolidate=  0.042ms frontier=  0.006ms semisort=  0.070ms (keyed= 0.001ms group_by=  0.007ms per_group= 0.038ms)
[pe] round=  7 work=       16 frontier=       32 next=        4 consolidate=  0.028ms frontier=  0.003ms semisort=  0.008ms (keyed= 0.000ms group_by=  0.002ms per_group= 0.003ms)
[pe] round=  8 work=        4 frontier=        8 next=        1 consolidate=  0.005ms frontier=  0.001ms semisort=  0.002ms (keyed= 0.000ms group_by=  0.000ms per_group= 0.001ms)
[pe] round=  9 work=        1 (tail-skip: all parents empty)
[pe] round=  0 work=       60 frontier=   162000 next=    27000 consolidate=  0.108ms frontier=  0.040ms semisort=  1.938ms (keyed= 0.044ms group_by=  1.217ms per_group= 0.300ms)
[pe] round=  1 work=    27000 frontier=    54000 next=    11688 consolidate=  0.762ms frontier=  0.306ms semisort=  1.155ms (keyed= 0.029ms group_by=  0.504ms per_group= 0.203ms)
[pe] round=  2 work=    11688 frontier=    23376 next=     3916 consolidate=  0.613ms frontier=  0.389ms semisort=  1.060ms (keyed= 0.032ms group_by=  0.322ms per_group= 0.182ms)
[pe] round=  3 work=     3916 frontier=     7832 next=     1024 consolidate=  0.433ms frontier=  0.135ms semisort=  0.574ms (keyed= 0.028ms group_by=  0.338ms per_group= 0.080ms)
[pe] round=  4 work=     1024 frontier=     2048 next=      256 consolidate=  0.166ms frontier=  0.074ms semisort=  0.308ms (keyed= 0.008ms group_by=  0.176ms per_group= 0.037ms)
[pe] round=  5 work=      256 frontier=      512 next=       64 consolidate=  0.079ms frontier=  0.037ms semisort=  0.103ms (keyed= 0.003ms group_by=  0.023ms per_group= 0.025ms)
[pe] round=  6 work=       64 frontier=      128 next=       16 consolidate=  0.046ms frontier=  0.006ms semisort=  0.046ms (keyed= 0.001ms group_by=  0.007ms per_group= 0.017ms)
[pe] round=  7 work=       16 frontier=       32 next=        4 consolidate=  0.025ms frontier=  0.003ms semisort=  0.007ms (keyed= 0.000ms group_by=  0.002ms per_group= 0.002ms)
[pe] round=  8 work=        4 frontier=        8 next=        1 consolidate=  0.005ms frontier=  0.001ms semisort=  0.003ms (keyed= 0.000ms group_by=  0.000ms per_group= 0.001ms)
[pe] round=  9 work=        1 (tail-skip: all parents empty)
[pe] round=  0 work=       60 frontier=   162000 next=    27000 consolidate=  0.105ms frontier=  0.045ms semisort=  1.857ms (keyed= 0.040ms group_by=  1.111ms per_group= 0.343ms)
[pe] round=  1 work=    27000 frontier=    54000 next=    11688 consolidate=  0.684ms frontier=  0.247ms semisort=  1.065ms (keyed= 0.035ms group_by=  0.526ms per_group= 0.211ms)
[pe] round=  2 work=    11688 frontier=    23376 next=     3916 consolidate=  0.526ms frontier=  0.339ms semisort=  1.026ms (keyed= 0.030ms group_by=  0.330ms per_group= 0.170ms)
[pe] round=  3 work=     3916 frontier=     7832 next=     1024 consolidate=  0.365ms frontier=  0.143ms semisort=  0.630ms (keyed= 0.022ms group_by=  0.414ms per_group= 0.066ms)
[pe] round=  4 work=     1024 frontier=     2048 next=      256 consolidate=  0.176ms frontier=  0.080ms semisort=  0.249ms (keyed= 0.011ms group_by=  0.091ms per_group= 0.078ms)
[pe] round=  5 work=      256 frontier=      512 next=       64 consolidate=  0.077ms frontier=  0.032ms semisort=  0.098ms (keyed= 0.002ms group_by=  0.023ms per_group= 0.032ms)
[pe] round=  6 work=       64 frontier=      128 next=       16 consolidate=  0.061ms frontier=  0.006ms semisort=  0.045ms (keyed= 0.001ms group_by=  0.007ms per_group= 0.018ms)
[pe] round=  7 work=       16 frontier=       32 next=        4 consolidate=  0.026ms frontier=  0.003ms semisort=  0.007ms (keyed= 0.000ms group_by=  0.002ms per_group= 0.002ms)
[pe] round=  8 work=        4 frontier=        8 next=        1 consolidate=  0.006ms frontier=  0.001ms semisort=  0.003ms (keyed= 0.000ms group_by=  0.001ms per_group= 0.001ms)
[pe] round=  9 work=        1 (tail-skip: all parents empty)
[pe] round=  0 work=       60 frontier=   162000 next=    27000 consolidate=  0.068ms frontier=  0.051ms semisort=  1.703ms (keyed= 0.039ms group_by=  0.991ms per_group= 0.314ms)
[pe] round=  1 work=    27000 frontier=    54000 next=    11688 consolidate=  0.774ms frontier=  0.310ms semisort=  1.088ms (keyed= 0.042ms group_by=  0.547ms per_group= 0.220ms)
[pe] round=  2 work=    11688 frontier=    23376 next=     3916 consolidate=  0.601ms frontier=  0.309ms semisort=  0.901ms (keyed= 0.029ms group_by=  0.288ms per_group= 0.171ms)
[pe] round=  3 work=     3916 frontier=     7832 next=     1024 consolidate=  0.407ms frontier=  0.174ms semisort=  0.548ms (keyed= 0.025ms group_by=  0.324ms per_group= 0.071ms)
[pe] round=  4 work=     1024 frontier=     2048 next=      256 consolidate=  0.157ms frontier=  0.068ms semisort=  0.263ms (keyed= 0.009ms group_by=  0.104ms per_group= 0.034ms)
[pe] round=  5 work=      256 frontier=      512 next=       64 consolidate=  0.088ms frontier=  0.028ms semisort=  0.088ms (keyed= 0.002ms group_by=  0.020ms per_group= 0.024ms)
[pe] round=  6 work=       64 frontier=      128 next=       16 consolidate=  0.041ms frontier=  0.006ms semisort=  0.046ms (keyed= 0.001ms group_by=  0.006ms per_group= 0.020ms)
[pe] round=  7 work=       16 frontier=       32 next=        4 consolidate=  0.031ms frontier=  0.003ms semisort=  0.007ms (keyed= 0.000ms group_by=  0.002ms per_group= 0.002ms)
[pe] round=  8 work=        4 frontier=        8 next=        1 consolidate=  0.005ms frontier=  0.001ms semisort=  0.003ms (keyed= 0.000ms group_by=  0.001ms per_group= 0.001ms)
[pe] round=  9 work=        1 (tail-skip: all parents empty)
[pe-async] round=  0 R=2 dirty=    54000 runs=    27000 filter=  0.137ms semisort=  2.177ms
[pe-async] round=  1 R=3 dirty=    29904 runs=    18216 filter=  0.119ms semisort=  1.131ms
[pe-async] round=  2 R=4 dirty=     8192 runs=     4276 filter=  0.122ms semisort=  0.402ms
[pe-async] round=  3 R=5 dirty=     2048 runs=     1024 filter=  0.096ms semisort=  0.155ms
[pe-async] round=  4 R=6 dirty=      512 runs=      256 filter=  0.093ms semisort=  0.095ms
[pe-async] round=  5 R=7 dirty=      128 runs=       64 filter=  0.109ms semisort=  0.042ms
[pe-async] round=  6 R=8 dirty=       32 runs=       16 filter=  0.090ms semisort=  0.031ms
[pe-async] round=  7 R=9 dirty=        8 runs=        4 filter=  0.098ms semisort=  0.006ms
[pe-async] round=  8 R=10 dirty=        2 runs=        1 filter=  0.107ms semisort=  0.004ms
[pe-async] round=  9 R=11 dirty=        0 filter=  0.107ms (clean break)
[pe-async] round=  0 R=2 dirty=    54000 runs=    27000 filter=  0.109ms semisort=  2.032ms
[pe-async] round=  1 R=3 dirty=    29904 runs=    18216 filter=  0.134ms semisort=  1.105ms
[pe-async] round=  2 R=4 dirty=     8192 runs=     4276 filter=  0.098ms semisort=  0.388ms
[pe-async] round=  3 R=5 dirty=     2048 runs=     1024 filter=  0.114ms semisort=  0.152ms
[pe-async] round=  4 R=6 dirty=      512 runs=      256 filter=  0.103ms semisort=  0.068ms
[pe-async] round=  5 R=7 dirty=      128 runs=       64 filter=  0.098ms semisort=  0.052ms
[pe-async] round=  6 R=8 dirty=       32 runs=       16 filter=  0.117ms semisort=  0.017ms
[pe-async] round=  7 R=9 dirty=        8 runs=        4 filter=  0.105ms semisort=  0.006ms
[pe-async] round=  8 R=10 dirty=        2 runs=        1 filter=  0.087ms semisort=  0.004ms
[pe-async] round=  9 R=11 dirty=        0 filter=  0.077ms (clean break)
[pe-async] round=  0 R=2 dirty=    54000 runs=    27000 filter=  0.134ms semisort=  2.058ms
[pe-async] round=  1 R=3 dirty=    29904 runs=    18216 filter=  0.125ms semisort=  1.088ms
[pe-async] round=  2 R=4 dirty=     8192 runs=     4276 filter=  0.091ms semisort=  0.373ms
[pe-async] round=  3 R=5 dirty=     2048 runs=     1024 filter=  0.120ms semisort=  0.148ms
[pe-async] round=  4 R=6 dirty=      512 runs=      256 filter=  0.086ms semisort=  0.076ms
[pe-async] round=  5 R=7 dirty=      128 runs=       64 filter=  0.107ms semisort=  0.055ms
[pe-async] round=  6 R=8 dirty=       32 runs=       16 filter=  0.099ms semisort=  0.022ms
[pe-async] round=  7 R=9 dirty=        8 runs=        4 filter=  0.094ms semisort=  0.006ms
[pe-async] round=  8 R=10 dirty=        2 runs=        1 filter=  0.100ms semisort=  0.003ms
[pe-async] round=  9 R=11 dirty=        0 filter=  0.105ms (clean break)
[pe-async] round=  0 R=2 dirty=    54000 runs=    27000 filter=  0.113ms semisort=  2.022ms
[pe-async] round=  1 R=3 dirty=    29904 runs=    18216 filter=  0.122ms semisort=  1.098ms
[pe-async] round=  2 R=4 dirty=     8192 runs=     4276 filter=  0.102ms semisort=  0.379ms
[pe-async] round=  3 R=5 dirty=     2048 runs=     1024 filter=  0.093ms semisort=  0.154ms
[pe-async] round=  4 R=6 dirty=      512 runs=      256 filter=  0.098ms semisort=  0.080ms
[pe-async] round=  5 R=7 dirty=      128 runs=       64 filter=  0.119ms semisort=  0.042ms
[pe-async] round=  6 R=8 dirty=       32 runs=       16 filter=  0.115ms semisort=  0.036ms
[pe-async] round=  7 R=9 dirty=        8 runs=        4 filter=  0.108ms semisort=  0.006ms
[pe-async] round=  8 R=10 dirty=        2 runs=        1 filter=  0.102ms semisort=  0.004ms
[pe-async] round=  9 R=11 dirty=        0 filter=  0.090ms (clean break)
[pe-async] round=  0 R=2 dirty=    54000 runs=    27000 filter=  0.121ms semisort=  2.011ms
[pe-async] round=  1 R=3 dirty=    29904 runs=    18216 filter=  0.129ms semisort=  1.070ms
[pe-async] round=  2 R=4 dirty=     8192 runs=     4276 filter=  0.098ms semisort=  0.368ms
[pe-async] round=  3 R=5 dirty=     2048 runs=     1024 filter=  0.101ms semisort=  0.154ms
[pe-async] round=  4 R=6 dirty=      512 runs=      256 filter=  0.088ms semisort=  0.081ms
[pe-async] round=  5 R=7 dirty=      128 runs=       64 filter=  0.081ms semisort=  0.044ms
[pe-async] round=  6 R=8 dirty=       32 runs=       16 filter=  0.109ms semisort=  0.025ms
[pe-async] round=  7 R=9 dirty=        8 runs=        4 filter=  0.107ms semisort=  0.006ms
[pe-async] round=  8 R=10 dirty=        2 runs=        1 filter=  0.090ms semisort=  0.004ms
[pe-async] round=  9 R=11 dirty=        0 filter=  0.098ms (clean break)
[pe-async] round=  0 R=2 dirty=    54000 runs=    27000 filter=  0.102ms semisort=  2.053ms
[pe-async] round=  1 R=3 dirty=    29904 runs=    18216 filter=  0.117ms semisort=  1.094ms
[pe-async] round=  2 R=4 dirty=     8192 runs=     4276 filter=  0.105ms semisort=  0.378ms
[pe-async] round=  3 R=5 dirty=     2048 runs=     1024 filter=  0.077ms semisort=  0.159ms
[pe-async] round=  4 R=6 dirty=      512 runs=      256 filter=  0.092ms semisort=  0.083ms
[pe-async] round=  5 R=7 dirty=      128 runs=       64 filter=  0.093ms semisort=  0.042ms
[pe-async] round=  6 R=8 dirty=       32 runs=       16 filter=  0.103ms semisort=  0.026ms
[pe-async] round=  7 R=9 dirty=        8 runs=        4 filter=  0.094ms semisort=  0.006ms
[pe-async] round=  8 R=10 dirty=        2 runs=        1 filter=  0.101ms semisort=  0.004ms
[pe-async] round=  9 R=11 dirty=        0 filter=  0.095ms (clean break)
