[synthetic_bench] cube n=30 d=4 classes=87998 merges=30 ...
[pe] round=  0 work=       60 frontier=   162000 next=    27000 consolidate=  0.117ms frontier=  0.078ms semisort=  6.688ms (keyed= 0.542ms group_by=  2.489ms per_group= 2.290ms)
[pe] round=  1 work=    27000 frontier=    54000 next=    11688 consolidate=  3.927ms frontier=  0.344ms semisort=  2.827ms (keyed= 0.094ms group_by=  0.848ms per_group= 1.029ms)
[pe] round=  2 work=    11688 frontier=    23376 next=     3916 consolidate=  1.846ms frontier=  0.221ms semisort=  1.480ms (keyed= 0.071ms group_by=  0.390ms per_group= 0.412ms)
[pe] round=  3 work=     3916 frontier=     7832 next=     1024 consolidate=  0.836ms frontier=  0.147ms semisort=  0.672ms (keyed= 0.078ms group_by=  0.261ms per_group= 0.148ms)
[pe] round=  4 work=     1024 frontier=     2048 next=      256 consolidate=  0.308ms frontier=  0.053ms semisort=  0.212ms (keyed= 0.006ms group_by=  0.073ms per_group= 0.066ms)
[pe] round=  5 work=      256 frontier=      512 next=       64 consolidate=  0.124ms frontier=  0.016ms semisort=  0.054ms (keyed= 0.002ms group_by=  0.014ms per_group= 0.015ms)
[pe] round=  6 work=       64 frontier=      128 next=       16 consolidate=  0.043ms frontier=  0.003ms semisort=  0.014ms (keyed= 0.000ms group_by=  0.003ms per_group= 0.005ms)
[pe] round=  7 work=       16 frontier=       32 next=        4 consolidate=  0.012ms frontier=  0.001ms semisort=  0.005ms (keyed= 0.000ms group_by=  0.001ms per_group= 0.002ms)
[pe] round=  8 work=        4 frontier=        8 next=        1 consolidate=  0.003ms frontier=  0.001ms semisort=  0.002ms (keyed= 0.000ms group_by=  0.000ms per_group= 0.001ms)
[pe] round=  9 work=        1 (tail-skip: all parents empty)
[pe] round=  0 work=       60 frontier=   162000 next=    27000 consolidate=  0.070ms frontier=  0.069ms semisort=  4.508ms (keyed= 0.123ms group_by=  1.278ms per_group= 1.988ms)
[pe] round=  1 work=    27000 frontier=    54000 next=    11688 consolidate=  4.086ms frontier=  0.433ms semisort=  2.863ms (keyed= 0.112ms group_by=  0.614ms per_group= 1.179ms)
[pe] round=  2 work=    11688 frontier=    23376 next=     3916 consolidate=  1.776ms frontier=  0.294ms semisort=  1.390ms (keyed= 0.070ms group_by=  0.386ms per_group= 0.413ms)
[pe] round=  3 work=     3916 frontier=     7832 next=     1024 consolidate=  0.869ms frontier=  0.135ms semisort=  0.670ms (keyed= 0.088ms group_by=  0.296ms per_group= 0.150ms)
[pe] round=  4 work=     1024 frontier=     2048 next=      256 consolidate=  0.298ms frontier=  0.055ms semisort=  0.228ms (keyed= 0.005ms group_by=  0.076ms per_group= 0.076ms)
[pe] round=  5 work=      256 frontier=      512 next=       64 consolidate=  0.085ms frontier=  0.020ms semisort=  0.058ms (keyed= 0.002ms group_by=  0.015ms per_group= 0.019ms)
[pe] round=  6 work=       64 frontier=      128 next=       16 consolidate=  0.044ms frontier=  0.003ms semisort=  0.017ms (keyed= 0.001ms group_by=  0.003ms per_group= 0.007ms)
[pe] round=  7 work=       16 frontier=       32 next=        4 consolidate=  0.014ms frontier=  0.001ms semisort=  0.005ms (keyed= 0.000ms group_by=  0.001ms per_group= 0.002ms)
[pe] round=  8 work=        4 frontier=        8 next=        1 consolidate=  0.003ms frontier=  0.001ms semisort=  0.002ms (keyed= 0.000ms group_by=  0.000ms per_group= 0.001ms)
[pe] round=  9 work=        1 (tail-skip: all parents empty)
[pe] round=  0 work=       60 frontier=   162000 next=    27000 consolidate=  0.071ms frontier=  0.073ms semisort=  4.798ms (keyed= 0.126ms group_by=  1.433ms per_group= 2.142ms)
[pe] round=  1 work=    27000 frontier=    54000 next=    11688 consolidate=  4.278ms frontier=  0.485ms semisort=  2.791ms (keyed= 0.089ms group_by=  0.707ms per_group= 1.095ms)
[pe] round=  2 work=    11688 frontier=    23376 next=     3916 consolidate=  2.076ms frontier=  0.198ms semisort=  1.228ms (keyed= 0.071ms group_by=  0.420ms per_group= 0.372ms)
[pe] round=  3 work=     3916 frontier=     7832 next=     1024 consolidate=  0.957ms frontier=  0.128ms semisort=  0.686ms (keyed= 0.079ms group_by=  0.290ms per_group= 0.160ms)
[pe] round=  4 work=     1024 frontier=     2048 next=      256 consolidate=  0.294ms frontier=  0.061ms semisort=  0.206ms (keyed= 0.006ms group_by=  0.073ms per_group= 0.077ms)
[pe] round=  5 work=      256 frontier=      512 next=       64 consolidate=  0.078ms frontier=  0.013ms semisort=  0.057ms (keyed= 0.001ms group_by=  0.015ms per_group= 0.019ms)
[pe] round=  6 work=       64 frontier=      128 next=       16 consolidate=  0.050ms frontier=  0.002ms semisort=  0.016ms (keyed= 0.000ms group_by=  0.003ms per_group= 0.007ms)
[pe] round=  7 work=       16 frontier=       32 next=        4 consolidate=  0.013ms frontier=  0.001ms semisort=  0.005ms (keyed= 0.000ms group_by=  0.001ms per_group= 0.001ms)
[pe] round=  8 work=        4 frontier=        8 next=        1 consolidate=  0.004ms frontier=  0.001ms semisort=  0.002ms (keyed= 0.000ms group_by=  0.000ms per_group= 0.001ms)
[pe] round=  9 work=        1 (tail-skip: all parents empty)
[pe] round=  0 work=       60 frontier=   162000 next=    27000 consolidate=  0.058ms frontier=  0.078ms semisort=  5.043ms (keyed= 0.155ms group_by=  1.639ms per_group= 2.166ms)
[pe] round=  1 work=    27000 frontier=    54000 next=    11688 consolidate=  4.339ms frontier=  0.340ms semisort=  2.983ms (keyed= 0.159ms group_by=  0.760ms per_group= 1.085ms)
[pe] round=  2 work=    11688 frontier=    23376 next=     3916 consolidate=  2.094ms frontier=  0.277ms semisort=  1.372ms (keyed= 0.069ms group_by=  0.390ms per_group= 0.423ms)
[pe] round=  3 work=     3916 frontier=     7832 next=     1024 consolidate=  0.956ms frontier=  0.131ms semisort=  0.664ms (keyed= 0.079ms group_by=  0.275ms per_group= 0.161ms)
[pe] round=  4 work=     1024 frontier=     2048 next=      256 consolidate=  0.334ms frontier=  0.037ms semisort=  0.240ms (keyed= 0.006ms group_by=  0.074ms per_group= 0.075ms)
[pe] round=  5 work=      256 frontier=      512 next=       64 consolidate=  0.084ms frontier=  0.017ms semisort=  0.056ms (keyed= 0.001ms group_by=  0.014ms per_group= 0.015ms)
[pe] round=  6 work=       64 frontier=      128 next=       16 consolidate=  0.054ms frontier=  0.003ms semisort=  0.015ms (keyed= 0.000ms group_by=  0.004ms per_group= 0.005ms)
[pe] round=  7 work=       16 frontier=       32 next=        4 consolidate=  0.012ms frontier=  0.001ms semisort=  0.005ms (keyed= 0.000ms group_by=  0.001ms per_group= 0.002ms)
[pe] round=  8 work=        4 frontier=        8 next=        1 consolidate=  0.004ms frontier=  0.001ms semisort=  0.002ms (keyed= 0.000ms group_by=  0.000ms per_group= 0.001ms)
[pe] round=  9 work=        1 (tail-skip: all parents empty)
[pe] round=  0 work=       60 frontier=   162000 next=    27000 consolidate=  0.064ms frontier=  0.075ms semisort=  4.933ms (keyed= 0.131ms group_by=  1.594ms per_group= 2.144ms)
[pe] round=  1 work=    27000 frontier=    54000 next=    11688 consolidate=  4.354ms frontier=  0.349ms semisort=  2.760ms (keyed= 0.098ms group_by=  0.667ms per_group= 1.065ms)
[pe] round=  2 work=    11688 frontier=    23376 next=     3916 consolidate=  2.048ms frontier=  0.332ms semisort=  1.451ms (keyed= 0.070ms group_by=  0.421ms per_group= 0.422ms)
[pe] round=  3 work=     3916 frontier=     7832 next=     1024 consolidate=  0.904ms frontier=  0.131ms semisort=  0.690ms (keyed= 0.078ms group_by=  0.320ms per_group= 0.142ms)
[pe] round=  4 work=     1024 frontier=     2048 next=      256 consolidate=  0.309ms frontier=  0.040ms semisort=  0.244ms (keyed= 0.005ms group_by=  0.075ms per_group= 0.076ms)
[pe] round=  5 work=      256 frontier=      512 next=       64 consolidate=  0.081ms frontier=  0.014ms semisort=  0.058ms (keyed= 0.001ms group_by=  0.014ms per_group= 0.019ms)
[pe] round=  6 work=       64 frontier=      128 next=       16 consolidate=  0.053ms frontier=  0.002ms semisort=  0.015ms (keyed= 0.000ms group_by=  0.004ms per_group= 0.005ms)
[pe] round=  7 work=       16 frontier=       32 next=        4 consolidate=  0.012ms frontier=  0.001ms semisort=  0.005ms (keyed= 0.000ms group_by=  0.001ms per_group= 0.002ms)
[pe] round=  8 work=        4 frontier=        8 next=        1 consolidate=  0.004ms frontier=  0.001ms semisort=  0.002ms (keyed= 0.000ms group_by=  0.000ms per_group= 0.000ms)
[pe] round=  9 work=        1 (tail-skip: all parents empty)
[pe] round=  0 work=       60 frontier=   162000 next=    27000 consolidate=  0.133ms frontier=  0.054ms semisort=  5.018ms (keyed= 0.101ms group_by=  1.442ms per_group= 2.129ms)
[pe] round=  1 work=    27000 frontier=    54000 next=    11688 consolidate=  4.575ms frontier=  0.428ms semisort=  3.105ms (keyed= 0.090ms group_by=  0.738ms per_group= 1.359ms)
[pe] round=  2 work=    11688 frontier=    23376 next=     3916 consolidate=  2.010ms frontier=  0.296ms semisort=  1.342ms (keyed= 0.070ms group_by=  0.408ms per_group= 0.458ms)
[pe] round=  3 work=     3916 frontier=     7832 next=     1024 consolidate=  0.965ms frontier=  0.146ms semisort=  0.616ms (keyed= 0.032ms group_by=  0.295ms per_group= 0.124ms)
[pe] round=  4 work=     1024 frontier=     2048 next=      256 consolidate=  0.300ms frontier=  0.060ms semisort=  0.207ms (keyed= 0.005ms group_by=  0.073ms per_group= 0.077ms)
[pe] round=  5 work=      256 frontier=      512 next=       64 consolidate=  0.123ms frontier=  0.016ms semisort=  0.055ms (keyed= 0.001ms group_by=  0.014ms per_group= 0.016ms)
[pe] round=  6 work=       64 frontier=      128 next=       16 consolidate=  0.053ms frontier=  0.003ms semisort=  0.014ms (keyed= 0.000ms group_by=  0.004ms per_group= 0.005ms)
[pe] round=  7 work=       16 frontier=       32 next=        4 consolidate=  0.011ms frontier=  0.001ms semisort=  0.005ms (keyed= 0.000ms group_by=  0.001ms per_group= 0.002ms)
[pe] round=  8 work=        4 frontier=        8 next=        1 consolidate=  0.004ms frontier=  0.001ms semisort=  0.002ms (keyed= 0.000ms group_by=  0.000ms per_group= 0.001ms)
[pe] round=  9 work=        1 (tail-skip: all parents empty)
[pe-async] round=  0 R=2 dirty=    54000 runs=    27000 filter=  0.231ms semisort=  2.780ms
[pe-async] round=  1 R=3 dirty=    29904 runs=    18216 filter=  0.349ms semisort=  1.307ms
[pe-async] round=  2 R=4 dirty=     8192 runs=     4276 filter=  0.466ms semisort=  0.470ms
[pe-async] round=  3 R=5 dirty=     2048 runs=     1024 filter=  0.256ms semisort=  0.171ms
[pe-async] round=  4 R=6 dirty=      512 runs=      256 filter=  0.132ms semisort=  0.085ms
[pe-async] round=  5 R=7 dirty=      128 runs=       64 filter=  0.172ms semisort=  0.034ms
[pe-async] round=  6 R=8 dirty=       32 runs=       16 filter=  0.211ms semisort=  0.011ms
[pe-async] round=  7 R=9 dirty=        8 runs=        4 filter=  0.227ms semisort=  0.005ms
[pe-async] round=  8 R=10 dirty=        2 runs=        1 filter=  0.224ms semisort=  0.003ms
[pe-async] round=  9 R=11 dirty=        0 filter=  0.214ms (clean break)
[pe-async] round=  0 R=2 dirty=    54000 runs=    27000 filter=  0.293ms semisort=  2.743ms
[pe-async] round=  1 R=3 dirty=    29904 runs=    18216 filter=  0.314ms semisort=  1.348ms
[pe-async] round=  2 R=4 dirty=     8192 runs=     4276 filter=  0.354ms semisort=  0.476ms
[pe-async] round=  3 R=5 dirty=     2048 runs=     1024 filter=  0.244ms semisort=  0.183ms
[pe-async] round=  4 R=6 dirty=      512 runs=      256 filter=  0.230ms semisort=  0.090ms
[pe-async] round=  5 R=7 dirty=      128 runs=       64 filter=  0.143ms semisort=  0.035ms
[pe-async] round=  6 R=8 dirty=       32 runs=       16 filter=  0.266ms semisort=  0.013ms
[pe-async] round=  7 R=9 dirty=        8 runs=        4 filter=  0.214ms semisort=  0.006ms
[pe-async] round=  8 R=10 dirty=        2 runs=        1 filter=  0.149ms semisort=  0.003ms
[pe-async] round=  9 R=11 dirty=        0 filter=  0.156ms (clean break)
[pe-async] round=  0 R=2 dirty=    54000 runs=    27000 filter=  0.214ms semisort=  2.788ms
[pe-async] round=  1 R=3 dirty=    29904 runs=    18216 filter=  0.321ms semisort=  1.361ms
[pe-async] round=  2 R=4 dirty=     8192 runs=     4276 filter=  0.325ms semisort=  0.491ms
[pe-async] round=  3 R=5 dirty=     2048 runs=     1024 filter=  0.188ms semisort=  0.174ms
[pe-async] round=  4 R=6 dirty=      512 runs=      256 filter=  0.280ms semisort=  0.069ms
[pe-async] round=  5 R=7 dirty=      128 runs=       64 filter=  0.200ms semisort=  0.034ms
[pe-async] round=  6 R=8 dirty=       32 runs=       16 filter=  0.295ms semisort=  0.013ms
[pe-async] round=  7 R=9 dirty=        8 runs=        4 filter=  0.218ms semisort=  0.006ms
[pe-async] round=  8 R=10 dirty=        2 runs=        1 filter=  0.217ms semisort=  0.003ms
[pe-async] round=  9 R=11 dirty=        0 filter=  0.234ms (clean break)
[pe-async] round=  0 R=2 dirty=    54000 runs=    27000 filter=  0.140ms semisort=  2.805ms
[pe-async] round=  1 R=3 dirty=    29904 runs=    18216 filter=  0.320ms semisort=  1.340ms
[pe-async] round=  2 R=4 dirty=     8192 runs=     4276 filter=  0.400ms semisort=  0.493ms
[pe-async] round=  3 R=5 dirty=     2048 runs=     1024 filter=  0.242ms semisort=  0.154ms
[pe-async] round=  4 R=6 dirty=      512 runs=      256 filter=  0.200ms semisort=  0.076ms
[pe-async] round=  5 R=7 dirty=      128 runs=       64 filter=  0.254ms semisort=  0.036ms
[pe-async] round=  6 R=8 dirty=       32 runs=       16 filter=  0.261ms semisort=  0.012ms
[pe-async] round=  7 R=9 dirty=        8 runs=        4 filter=  0.225ms semisort=  0.006ms
[pe-async] round=  8 R=10 dirty=        2 runs=        1 filter=  0.146ms semisort=  0.003ms
[pe-async] round=  9 R=11 dirty=        0 filter=  0.229ms (clean break)
[pe-async] round=  0 R=2 dirty=    54000 runs=    27000 filter=  0.144ms semisort=  2.839ms
[pe-async] round=  1 R=3 dirty=    29904 runs=    18216 filter=  0.301ms semisort=  1.402ms
[pe-async] round=  2 R=4 dirty=     8192 runs=     4276 filter=  0.383ms semisort=  0.448ms
[pe-async] round=  3 R=5 dirty=     2048 runs=     1024 filter=  0.287ms semisort=  0.184ms
[pe-async] round=  4 R=6 dirty=      512 runs=      256 filter=  0.201ms semisort=  0.075ms
[pe-async] round=  5 R=7 dirty=      128 runs=       64 filter=  0.244ms semisort=  0.036ms
[pe-async] round=  6 R=8 dirty=       32 runs=       16 filter=  0.272ms semisort=  0.013ms
[pe-async] round=  7 R=9 dirty=        8 runs=        4 filter=  0.184ms semisort=  0.005ms
[pe-async] round=  8 R=10 dirty=        2 runs=        1 filter=  0.174ms semisort=  0.003ms
[pe-async] round=  9 R=11 dirty=        0 filter=  0.269ms (clean break)
[pe-async] round=  0 R=2 dirty=    54000 runs=    27000 filter=  0.276ms semisort=  2.762ms
[pe-async] round=  1 R=3 dirty=    29904 runs=    18216 filter=  0.257ms semisort=  1.415ms
[pe-async] round=  2 R=4 dirty=     8192 runs=     4276 filter=  0.357ms semisort=  0.488ms
[pe-async] round=  3 R=5 dirty=     2048 runs=     1024 filter=  0.303ms semisort=  0.198ms
[pe-async] round=  4 R=6 dirty=      512 runs=      256 filter=  0.234ms semisort=  0.086ms
[pe-async] round=  5 R=7 dirty=      128 runs=       64 filter=  0.136ms semisort=  0.033ms
[pe-async] round=  6 R=8 dirty=       32 runs=       16 filter=  0.207ms semisort=  0.013ms
[pe-async] round=  7 R=9 dirty=        8 runs=        4 filter=  0.265ms semisort=  0.005ms
[pe-async] round=  8 R=10 dirty=        2 runs=        1 filter=  0.293ms semisort=  0.003ms
[pe-async] round=  9 R=11 dirty=        0 filter=  0.220ms (clean break)
