[synthetic_bench] cube n=80 d=5 classes=1594472 merges=80 ...
[pe] round=  0 work=      160 frontier=  1024000 next=   512000 consolidate=  2.573ms frontier=  9.795ms semisort= 14.036ms (keyed= 2.865ms group_by=  1.150ms per_group= 3.925ms)
[pe] round=  1 work=   512000 frontier=   531250 next=   203125 consolidate= 11.691ms frontier=  4.978ms semisort=  4.077ms (keyed= 0.897ms group_by=  0.122ms per_group= 1.172ms)
[pe] round=  2 work=   203125 frontier=   406250 next=    62500 consolidate=  5.222ms frontier=  1.490ms semisort=  2.749ms (keyed= 1.328ms group_by=  0.085ms per_group= 0.449ms)
[pe] round=  3 work=    62500 frontier=   125000 next=    15625 consolidate=  2.180ms frontier=  0.417ms semisort=  2.188ms (keyed= 0.144ms group_by=  0.624ms per_group= 0.707ms)
[pe] round=  4 work=    15625 frontier=    31250 next=     3125 consolidate=  1.073ms frontier=  0.182ms semisort=  1.645ms (keyed= 0.027ms group_by=  0.511ms per_group= 0.354ms)
[pe] round=  5 work=     3125 frontier=     6250 next=      625 consolidate=  0.603ms frontier=  0.122ms semisort=  0.504ms (keyed= 0.015ms group_by=  0.330ms per_group= 0.058ms)
[pe] round=  6 work=      625 frontier=     1250 next=      125 consolidate=  0.111ms frontier=  0.036ms semisort=  0.119ms (keyed= 0.007ms group_by=  0.046ms per_group= 0.022ms)
[pe] round=  7 work=      125 frontier=      250 next=       25 consolidate=  0.055ms frontier=  0.010ms semisort=  0.049ms (keyed= 0.002ms group_by=  0.010ms per_group= 0.017ms)
[pe] round=  8 work=       25 frontier=       50 next=        5 consolidate=  0.023ms frontier=  0.003ms semisort=  0.007ms (keyed= 0.000ms group_by=  0.002ms per_group= 0.002ms)
[pe] round=  9 work=        5 frontier=       10 next=        1 consolidate=  0.005ms frontier=  0.001ms semisort=  0.002ms (keyed= 0.000ms group_by=  0.000ms per_group= 0.001ms)
[pe] round= 10 work=        1 (tail-skip: all parents empty)
[pe] round=  0 work=      160 frontier=  1024000 next=   512000 consolidate=  0.243ms frontier=  2.847ms semisort=  4.536ms (keyed= 0.947ms group_by=  0.382ms per_group= 1.064ms)
[pe] round=  1 work=   512000 frontier=   531250 next=   203125 consolidate=  6.525ms frontier=  2.868ms semisort=  2.840ms (keyed= 0.665ms group_by=  0.085ms per_group= 0.649ms)
[pe] round=  2 work=   203125 frontier=   406250 next=    62500 consolidate=  3.349ms frontier=  0.874ms semisort=  1.822ms (keyed= 0.530ms group_by=  0.085ms per_group= 0.450ms)
[pe] round=  3 work=    62500 frontier=   125000 next=    15625 consolidate=  1.257ms frontier=  0.517ms semisort=  1.473ms (keyed= 0.039ms group_by=  0.750ms per_group= 0.316ms)
[pe] round=  4 work=    15625 frontier=    31250 next=     3125 consolidate=  0.528ms frontier=  0.221ms semisort=  0.952ms (keyed= 0.033ms group_by=  0.355ms per_group= 0.120ms)
[pe] round=  5 work=     3125 frontier=     6250 next=      625 consolidate=  0.314ms frontier=  0.124ms semisort=  0.373ms (keyed= 0.015ms group_by=  0.200ms per_group= 0.052ms)
[pe] round=  6 work=      625 frontier=     1250 next=      125 consolidate=  0.123ms frontier=  0.053ms semisort=  0.232ms (keyed= 0.005ms group_by=  0.145ms per_group= 0.027ms)
[pe] round=  7 work=      125 frontier=      250 next=       25 consolidate=  0.046ms frontier=  0.012ms semisort=  0.055ms (keyed= 0.001ms group_by=  0.011ms per_group= 0.019ms)
[pe] round=  8 work=       25 frontier=       50 next=        5 consolidate=  0.020ms frontier=  0.003ms semisort=  0.009ms (keyed= 0.000ms group_by=  0.002ms per_group= 0.003ms)
[pe] round=  9 work=        5 frontier=       10 next=        1 consolidate=  0.006ms frontier=  0.001ms semisort=  0.003ms (keyed= 0.000ms group_by=  0.001ms per_group= 0.001ms)
[pe] round= 10 work=        1 (tail-skip: all parents empty)
[pe] round=  0 work=      160 frontier=  1024000 next=   512000 consolidate=  0.230ms frontier=  2.807ms semisort=  4.506ms (keyed= 1.033ms group_by=  0.389ms per_group= 1.014ms)
[pe] round=  1 work=   512000 frontier=   531250 next=   203125 consolidate=  6.250ms frontier=  2.745ms semisort=  2.893ms (keyed= 0.727ms group_by=  0.087ms per_group= 0.643ms)
[pe] round=  2 work=   203125 frontier=   406250 next=    62500 consolidate=  3.791ms frontier=  0.870ms semisort=  1.774ms (keyed= 0.519ms group_by=  0.083ms per_group= 0.430ms)
[pe] round=  3 work=    62500 frontier=   125000 next=    15625 consolidate=  1.262ms frontier=  0.452ms semisort=  1.467ms (keyed= 0.036ms group_by=  0.679ms per_group= 0.387ms)
[pe] round=  4 work=    15625 frontier=    31250 next=     3125 consolidate=  0.567ms frontier=  0.216ms semisort=  1.070ms (keyed= 0.035ms group_by=  0.410ms per_group= 0.125ms)
[pe] round=  5 work=     3125 frontier=     6250 next=      625 consolidate=  0.321ms frontier=  0.135ms semisort=  0.523ms (keyed= 0.022ms group_by=  0.335ms per_group= 0.056ms)
[pe] round=  6 work=      625 frontier=     1250 next=      125 consolidate=  0.115ms frontier=  0.060ms semisort=  0.135ms (keyed= 0.005ms group_by=  0.051ms per_group= 0.036ms)
[pe] round=  7 work=      125 frontier=      250 next=       25 consolidate=  0.062ms frontier=  0.010ms semisort=  0.068ms (keyed= 0.002ms group_by=  0.010ms per_group= 0.025ms)
[pe] round=  8 work=       25 frontier=       50 next=        5 consolidate=  0.022ms frontier=  0.003ms semisort=  0.007ms (keyed= 0.000ms group_by=  0.002ms per_group= 0.002ms)
[pe] round=  9 work=        5 frontier=       10 next=        1 consolidate=  0.004ms frontier=  0.001ms semisort=  0.002ms (keyed= 0.000ms group_by=  0.000ms per_group= 0.001ms)
[pe] round= 10 work=        1 (tail-skip: all parents empty)
[pe] round=  0 work=      160 frontier=  1024000 next=   512000 consolidate=  0.230ms frontier=  2.829ms semisort=  4.785ms (keyed= 1.210ms group_by=  0.247ms per_group= 1.077ms)
[pe] round=  1 work=   512000 frontier=   531250 next=   203125 consolidate=  7.108ms frontier=  2.919ms semisort=  2.883ms (keyed= 0.631ms group_by=  0.088ms per_group= 0.673ms)
[pe] round=  2 work=   203125 frontier=   406250 next=    62500 consolidate=  3.679ms frontier=  0.837ms semisort=  1.862ms (keyed= 0.587ms group_by=  0.105ms per_group= 0.438ms)
[pe] round=  3 work=    62500 frontier=   125000 next=    15625 consolidate=  1.310ms frontier=  0.482ms semisort=  1.520ms (keyed= 0.037ms group_by=  0.719ms per_group= 0.378ms)
[pe] round=  4 work=    15625 frontier=    31250 next=     3125 consolidate=  0.539ms frontier=  0.186ms semisort=  0.891ms (keyed= 0.034ms group_by=  0.366ms per_group= 0.105ms)
[pe] round=  5 work=     3125 frontier=     6250 next=      625 consolidate=  0.386ms frontier=  0.141ms semisort=  0.448ms (keyed= 0.018ms group_by=  0.222ms per_group= 0.112ms)
[pe] round=  6 work=      625 frontier=     1250 next=      125 consolidate=  0.122ms frontier=  0.048ms semisort=  0.231ms (keyed= 0.005ms group_by=  0.152ms per_group= 0.025ms)
[pe] round=  7 work=      125 frontier=      250 next=       25 consolidate=  0.046ms frontier=  0.011ms semisort=  0.059ms (keyed= 0.001ms group_by=  0.011ms per_group= 0.019ms)
[pe] round=  8 work=       25 frontier=       50 next=        5 consolidate=  0.025ms frontier=  0.003ms semisort=  0.009ms (keyed= 0.000ms group_by=  0.002ms per_group= 0.003ms)
[pe] round=  9 work=        5 frontier=       10 next=        1 consolidate=  0.006ms frontier=  0.001ms semisort=  0.003ms (keyed= 0.000ms group_by=  0.001ms per_group= 0.001ms)
[pe] round= 10 work=        1 (tail-skip: all parents empty)
[pe] round=  0 work=      160 frontier=  1024000 next=   512000 consolidate=  0.204ms frontier=  4.277ms semisort=  4.376ms (keyed= 1.080ms group_by=  0.116ms per_group= 1.044ms)
[pe] round=  1 work=   512000 frontier=   531250 next=   203125 consolidate=  6.925ms frontier=  2.808ms semisort=  2.947ms (keyed= 0.674ms group_by=  0.108ms per_group= 0.664ms)
[pe] round=  2 work=   203125 frontier=   406250 next=    62500 consolidate=  3.682ms frontier=  0.836ms semisort=  1.756ms (keyed= 0.487ms group_by=  0.102ms per_group= 0.440ms)
[pe] round=  3 work=    62500 frontier=   125000 next=    15625 consolidate=  1.302ms frontier=  0.324ms semisort=  1.589ms (keyed= 0.036ms group_by=  0.825ms per_group= 0.349ms)
[pe] round=  4 work=    15625 frontier=    31250 next=     3125 consolidate=  0.560ms frontier=  0.193ms semisort=  0.980ms (keyed= 0.034ms group_by=  0.443ms per_group= 0.139ms)
[pe] round=  5 work=     3125 frontier=     6250 next=      625 consolidate=  0.301ms frontier=  0.128ms semisort=  0.445ms (keyed= 0.026ms group_by=  0.217ms per_group= 0.109ms)
[pe] round=  6 work=      625 frontier=     1250 next=      125 consolidate=  0.110ms frontier=  0.053ms semisort=  0.159ms (keyed= 0.005ms group_by=  0.075ms per_group= 0.031ms)
[pe] round=  7 work=      125 frontier=      250 next=       25 consolidate=  0.052ms frontier=  0.011ms semisort=  0.063ms (keyed= 0.001ms group_by=  0.009ms per_group= 0.022ms)
[pe] round=  8 work=       25 frontier=       50 next=        5 consolidate=  0.028ms frontier=  0.003ms semisort=  0.007ms (keyed= 0.000ms group_by=  0.002ms per_group= 0.002ms)
[pe] round=  9 work=        5 frontier=       10 next=        1 consolidate=  0.006ms frontier=  0.001ms semisort=  0.002ms (keyed= 0.000ms group_by=  0.000ms per_group= 0.001ms)
[pe] round= 10 work=        1 (tail-skip: all parents empty)
[pe] round=  0 work=      160 frontier=  1024000 next=   512000 consolidate=  0.204ms frontier=  4.666ms semisort=  4.930ms (keyed= 1.020ms group_by=  0.100ms per_group= 1.036ms)
[pe] round=  1 work=   512000 frontier=   531250 next=   203125 consolidate=  7.642ms frontier=  2.864ms semisort=  2.759ms (keyed= 0.631ms group_by=  0.081ms per_group= 0.646ms)
[pe] round=  2 work=   203125 frontier=   406250 next=    62500 consolidate=  3.697ms frontier=  0.855ms semisort=  1.826ms (keyed= 0.542ms group_by=  0.114ms per_group= 0.430ms)
[pe] round=  3 work=    62500 frontier=   125000 next=    15625 consolidate=  1.298ms frontier=  0.460ms semisort=  1.599ms (keyed= 0.039ms group_by=  0.831ms per_group= 0.356ms)
[pe] round=  4 work=    15625 frontier=    31250 next=     3125 consolidate=  0.563ms frontier=  0.235ms semisort=  0.848ms (keyed= 0.024ms group_by=  0.346ms per_group= 0.123ms)
[pe] round=  5 work=     3125 frontier=     6250 next=      625 consolidate=  0.294ms frontier=  0.130ms semisort=  0.483ms (keyed= 0.019ms group_by=  0.314ms per_group= 0.050ms)
[pe] round=  6 work=      625 frontier=     1250 next=      125 consolidate=  0.169ms frontier=  0.050ms semisort=  0.148ms (keyed= 0.005ms group_by=  0.049ms per_group= 0.038ms)
[pe] round=  7 work=      125 frontier=      250 next=       25 consolidate=  0.057ms frontier=  0.011ms semisort=  0.066ms (keyed= 0.001ms group_by=  0.011ms per_group= 0.017ms)
[pe] round=  8 work=       25 frontier=       50 next=        5 consolidate=  0.022ms frontier=  0.003ms semisort=  0.007ms (keyed= 0.000ms group_by=  0.002ms per_group= 0.002ms)
[pe] round=  9 work=        5 frontier=       10 next=        1 consolidate=  0.005ms frontier=  0.001ms semisort=  0.002ms (keyed= 0.000ms group_by=  0.000ms per_group= 0.001ms)
[pe] round= 10 work=        1 (tail-skip: all parents empty)
[pe-async] round=  0 R=2 dirty=  1024000 runs=   512000 filter=  0.388ms semisort=  2.315ms
[pe-async] round=  1 R=3 dirty=   531250 runs=   328125 filter=  0.317ms semisort=  1.328ms
[pe-async] round=  2 R=4 dirty=   156250 runs=    93750 filter=  0.353ms semisort=  0.662ms
[pe-async] round=  3 R=5 dirty=    31250 runs=    15625 filter=  0.363ms semisort=  1.307ms
[pe-async] round=  4 R=6 dirty=     6250 runs=     3125 filter=  0.361ms semisort=  0.292ms
[pe-async] round=  5 R=7 dirty=     1250 runs=      625 filter=  0.357ms semisort=  0.118ms
[pe-async] round=  6 R=8 dirty=      250 runs=      125 filter=  0.364ms semisort=  0.060ms
[pe-async] round=  7 R=9 dirty=       50 runs=       25 filter=  0.341ms semisort=  0.045ms
[pe-async] round=  8 R=10 dirty=       10 runs=        5 filter=  0.336ms semisort=  0.009ms
[pe-async] round=  9 R=11 dirty=        2 runs=        1 filter=  0.360ms semisort=  0.006ms
[pe-async] round= 10 R=12 dirty=        0 filter=  0.326ms (clean break)
[pe-async] round=  0 R=2 dirty=  1024000 runs=   512000 filter=  0.420ms semisort=  2.104ms
[pe-async] round=  1 R=3 dirty=   531250 runs=   328125 filter=  0.341ms semisort=  1.315ms
[pe-async] round=  2 R=4 dirty=   156250 runs=    93750 filter=  0.373ms semisort=  0.673ms
[pe-async] round=  3 R=5 dirty=    31250 runs=    15625 filter=  0.374ms semisort=  1.101ms
[pe-async] round=  4 R=6 dirty=     6250 runs=     3125 filter=  0.375ms semisort=  0.290ms
[pe-async] round=  5 R=7 dirty=     1250 runs=      625 filter=  0.358ms semisort=  0.099ms
[pe-async] round=  6 R=8 dirty=      250 runs=      125 filter=  0.357ms semisort=  0.054ms
[pe-async] round=  7 R=9 dirty=       50 runs=       25 filter=  0.338ms semisort=  0.041ms
[pe-async] round=  8 R=10 dirty=       10 runs=        5 filter=  0.360ms semisort=  0.009ms
[pe-async] round=  9 R=11 dirty=        2 runs=        1 filter=  0.353ms semisort=  0.005ms
[pe-async] round= 10 R=12 dirty=        0 filter=  0.357ms (clean break)
[pe-async] round=  0 R=2 dirty=  1024000 runs=   512000 filter=  0.462ms semisort=  2.073ms
[pe-async] round=  1 R=3 dirty=   531250 runs=   328125 filter=  0.359ms semisort=  1.314ms
[pe-async] round=  2 R=4 dirty=   156250 runs=    93750 filter=  0.383ms semisort=  0.711ms
[pe-async] round=  3 R=5 dirty=    31250 runs=    15625 filter=  0.388ms semisort=  1.201ms
[pe-async] round=  4 R=6 dirty=     6250 runs=     3125 filter=  0.378ms semisort=  0.313ms
[pe-async] round=  5 R=7 dirty=     1250 runs=      625 filter=  0.373ms semisort=  0.121ms
[pe-async] round=  6 R=8 dirty=      250 runs=      125 filter=  0.360ms semisort=  0.068ms
[pe-async] round=  7 R=9 dirty=       50 runs=       25 filter=  0.348ms semisort=  0.046ms
[pe-async] round=  8 R=10 dirty=       10 runs=        5 filter=  0.345ms semisort=  0.009ms
[pe-async] round=  9 R=11 dirty=        2 runs=        1 filter=  0.374ms semisort=  0.005ms
[pe-async] round= 10 R=12 dirty=        0 filter=  0.338ms (clean break)
[pe-async] round=  0 R=2 dirty=  1024000 runs=   512000 filter=  0.446ms semisort=  2.204ms
[pe-async] round=  1 R=3 dirty=   531250 runs=   328125 filter=  0.367ms semisort=  1.245ms
[pe-async] round=  2 R=4 dirty=   156250 runs=    93750 filter=  0.385ms semisort=  0.693ms
[pe-async] round=  3 R=5 dirty=    31250 runs=    15625 filter=  0.392ms semisort=  1.112ms
[pe-async] round=  4 R=6 dirty=     6250 runs=     3125 filter=  0.374ms semisort=  0.309ms
[pe-async] round=  5 R=7 dirty=     1250 runs=      625 filter=  0.357ms semisort=  0.105ms
[pe-async] round=  6 R=8 dirty=      250 runs=      125 filter=  0.381ms semisort=  0.055ms
[pe-async] round=  7 R=9 dirty=       50 runs=       25 filter=  0.348ms semisort=  0.033ms
[pe-async] round=  8 R=10 dirty=       10 runs=        5 filter=  0.354ms semisort=  0.009ms
[pe-async] round=  9 R=11 dirty=        2 runs=        1 filter=  0.359ms semisort=  0.005ms
[pe-async] round= 10 R=12 dirty=        0 filter=  0.344ms (clean break)
[pe-async] round=  0 R=2 dirty=  1024000 runs=   512000 filter=  0.427ms semisort=  2.138ms
[pe-async] round=  1 R=3 dirty=   531250 runs=   328125 filter=  0.399ms semisort=  1.283ms
[pe-async] round=  2 R=4 dirty=   156250 runs=    93750 filter=  0.363ms semisort=  0.739ms
[pe-async] round=  3 R=5 dirty=    31250 runs=    15625 filter=  0.400ms semisort=  1.196ms
[pe-async] round=  4 R=6 dirty=     6250 runs=     3125 filter=  0.375ms semisort=  0.318ms
[pe-async] round=  5 R=7 dirty=     1250 runs=      625 filter=  0.359ms semisort=  0.108ms
[pe-async] round=  6 R=8 dirty=      250 runs=      125 filter=  0.360ms semisort=  0.063ms
[pe-async] round=  7 R=9 dirty=       50 runs=       25 filter=  0.360ms semisort=  0.048ms
[pe-async] round=  8 R=10 dirty=       10 runs=        5 filter=  0.348ms semisort=  0.008ms
[pe-async] round=  9 R=11 dirty=        2 runs=        1 filter=  0.352ms semisort=  0.005ms
[pe-async] round= 10 R=12 dirty=        0 filter=  0.360ms (clean break)
[pe-async] round=  0 R=2 dirty=  1024000 runs=   512000 filter=  0.436ms semisort=  2.335ms
[pe-async] round=  1 R=3 dirty=   531250 runs=   328125 filter=  0.357ms semisort=  1.316ms
[pe-async] round=  2 R=4 dirty=   156250 runs=    93750 filter=  0.351ms semisort=  0.646ms
[pe-async] round=  3 R=5 dirty=    31250 runs=    15625 filter=  0.399ms semisort=  1.193ms
[pe-async] round=  4 R=6 dirty=     6250 runs=     3125 filter=  0.363ms semisort=  0.314ms
[pe-async] round=  5 R=7 dirty=     1250 runs=      625 filter=  0.379ms semisort=  0.106ms
[pe-async] round=  6 R=8 dirty=      250 runs=      125 filter=  0.370ms semisort=  0.061ms
[pe-async] round=  7 R=9 dirty=       50 runs=       25 filter=  0.369ms semisort=  0.049ms
[pe-async] round=  8 R=10 dirty=       10 runs=        5 filter=  0.347ms semisort=  0.009ms
[pe-async] round=  9 R=11 dirty=        2 runs=        1 filter=  0.346ms semisort=  0.005ms
[pe-async] round= 10 R=12 dirty=        0 filter=  0.356ms (clean break)
