[synthetic_bench] cube n=130 d=2 classes=8788258 merges=130 ...
[pe] round=  0 work=      260 frontier= 13182000 next=  4394000 consolidate= 11.164ms frontier= 12.795ms semisort=509.129ms (keyed= 0.000ms group_by=148.384ms per_group=155.141ms)
[pe] round=  1 work=  4394000 frontier=  4394000 next=  2097152 consolidate=496.717ms frontier=104.175ms semisort=339.370ms (keyed= 0.000ms group_by= 53.392ms per_group=67.203ms)
[pe] round=  2 work=  2097152 frontier=  2097152 next=  1048576 consolidate=268.760ms frontier= 64.399ms semisort=150.968ms (keyed= 0.000ms group_by= 29.382ms per_group=32.438ms)
[pe] round=  3 work=  1048576 frontier=  1048576 next=   524288 consolidate=153.247ms frontier= 33.806ms semisort= 82.432ms (keyed= 0.000ms group_by= 17.930ms per_group=18.483ms)
[pe] round=  4 work=   524288 frontier=   524288 next=   262144 consolidate= 72.471ms frontier= 16.015ms semisort= 49.694ms (keyed= 0.000ms group_by= 12.715ms per_group=12.495ms)
[pe] round=  5 work=   262144 frontier=   262144 next=   199696 consolidate= 34.177ms frontier=  7.034ms semisort= 28.230ms (keyed= 0.000ms group_by=  5.138ms per_group=10.396ms)
[pe] round=  6 work=   199696 frontier=   199696 next=   131072 consolidate= 28.475ms frontier=  6.250ms semisort= 17.899ms (keyed= 0.000ms group_by=  3.586ms per_group= 5.753ms)
[pe] round=  7 work=   131072 frontier=   131072 next=    65536 consolidate= 17.922ms frontier=  3.669ms semisort=  9.065ms (keyed= 0.000ms group_by=  2.118ms per_group= 2.503ms)
[pe] round=  8 work=    65536 frontier=    65536 next=    32768 consolidate=  9.343ms frontier=  1.893ms semisort=  7.501ms (keyed= 0.000ms group_by=  3.632ms per_group= 1.253ms)
[pe] round=  9 work=    32768 frontier=    32768 next=    16384 consolidate=  4.633ms frontier=  1.005ms semisort=  3.870ms (keyed= 0.000ms group_by=  1.716ms per_group= 0.656ms)
[pe] round= 10 work=    16384 frontier=    16384 next=     8192 consolidate=  2.965ms frontier=  0.612ms semisort=  2.079ms (keyed= 0.000ms group_by=  0.872ms per_group= 0.374ms)
[pe] round= 11 work=     8192 frontier=     8192 next=     4096 consolidate=  1.425ms frontier=  0.473ms semisort=  1.248ms (keyed= 0.000ms group_by=  0.467ms per_group= 0.195ms)
[pe] round= 12 work=     4096 frontier=     4096 next=     2048 consolidate=  0.895ms frontier=  0.340ms semisort=  0.679ms (keyed= 0.000ms group_by=  0.263ms per_group= 0.115ms)
[pe] round= 13 work=     2048 frontier=     2048 next=     1024 consolidate=  0.452ms frontier=  0.138ms semisort=  0.376ms (keyed= 0.000ms group_by=  0.125ms per_group= 0.074ms)
[pe] round= 14 work=     1024 frontier=     1024 next=      512 consolidate=  0.257ms frontier=  0.109ms semisort=  0.246ms (keyed= 0.000ms group_by=  0.084ms per_group= 0.045ms)
[pe] round= 15 work=      512 frontier=      512 next=      256 consolidate=  0.125ms frontier=  0.057ms semisort=  0.151ms (keyed= 0.000ms group_by=  0.048ms per_group= 0.043ms)
[pe] round= 16 work=      256 frontier=      256 next=      128 consolidate=  0.088ms frontier=  0.037ms semisort=  0.083ms (keyed= 0.000ms group_by=  0.023ms per_group= 0.022ms)
[pe] round= 17 work=      128 frontier=      128 next=       64 consolidate=  0.062ms frontier=  0.021ms semisort=  0.059ms (keyed= 0.000ms group_by=  0.016ms per_group= 0.015ms)
[pe] round= 18 work=       64 frontier=       64 next=       32 consolidate=  0.031ms frontier=  0.013ms semisort=  0.033ms (keyed= 0.000ms group_by=  0.009ms per_group= 0.010ms)
[pe] round= 19 work=       32 frontier=       32 next=       16 consolidate=  0.023ms frontier=  0.006ms semisort=  0.019ms (keyed= 0.000ms group_by=  0.006ms per_group= 0.004ms)
[pe] round= 20 work=       16 frontier=       16 next=        8 consolidate=  0.012ms frontier=  0.003ms semisort=  0.010ms (keyed= 0.000ms group_by=  0.004ms per_group= 0.002ms)
[pe] round= 21 work=        8 frontier=        8 next=        4 consolidate=  0.005ms frontier=  0.002ms semisort=  0.006ms (keyed= 0.000ms group_by=  0.003ms per_group= 0.001ms)
[pe] round= 22 work=        4 frontier=        4 next=        2 consolidate=  0.003ms frontier=  0.001ms semisort=  0.005ms (keyed= 0.000ms group_by=  0.003ms per_group= 0.001ms)
[pe] round= 23 work=        2 frontier=        0 next=        0 consolidate=  0.002ms frontier=  0.001ms semisort=  0.000ms (break)
[pe] round=  0 work=      260 frontier= 13182000 next=  4394000 consolidate=  1.459ms frontier=  2.966ms semisort=553.534ms (keyed= 0.000ms group_by=127.354ms per_group=156.759ms)
[pe] round=  1 work=  4394000 frontier=  4394000 next=  2097152 consolidate=643.417ms frontier=139.785ms semisort=338.888ms (keyed= 0.000ms group_by= 55.363ms per_group=64.359ms)
[pe] round=  2 work=  2097152 frontier=  2097152 next=  1048576 consolidate=310.543ms frontier= 67.457ms semisort=151.116ms (keyed= 0.000ms group_by= 30.521ms per_group=31.667ms)
[pe] round=  3 work=  1048576 frontier=  1048576 next=   524288 consolidate=155.963ms frontier= 34.042ms semisort= 80.559ms (keyed= 0.000ms group_by= 18.251ms per_group=17.563ms)
[pe] round=  4 work=   524288 frontier=   524288 next=   262144 consolidate= 69.847ms frontier= 16.325ms semisort= 48.498ms (keyed= 0.000ms group_by= 12.105ms per_group=12.576ms)
[pe] round=  5 work=   262144 frontier=   262144 next=   199696 consolidate= 33.431ms frontier=  7.782ms semisort= 28.079ms (keyed= 0.000ms group_by=  4.854ms per_group=10.179ms)
[pe] round=  6 work=   199696 frontier=   199696 next=   131072 consolidate= 28.088ms frontier=  5.784ms semisort= 17.285ms (keyed= 0.000ms group_by=  3.528ms per_group= 5.692ms)
[pe] round=  7 work=   131072 frontier=   131072 next=    65536 consolidate= 18.232ms frontier=  3.519ms semisort=  8.859ms (keyed= 0.000ms group_by=  2.041ms per_group= 2.504ms)
[pe] round=  8 work=    65536 frontier=    65536 next=    32768 consolidate=  9.170ms frontier=  2.088ms semisort=  7.555ms (keyed= 0.000ms group_by=  3.666ms per_group= 1.260ms)
[pe] round=  9 work=    32768 frontier=    32768 next=    16384 consolidate=  4.535ms frontier=  0.992ms semisort=  3.998ms (keyed= 0.000ms group_by=  1.786ms per_group= 0.660ms)
[pe] round= 10 work=    16384 frontier=    16384 next=     8192 consolidate=  2.757ms frontier=  0.632ms semisort=  2.082ms (keyed= 0.000ms group_by=  0.859ms per_group= 0.367ms)
[pe] round= 11 work=     8192 frontier=     8192 next=     4096 consolidate=  1.452ms frontier=  0.482ms semisort=  1.266ms (keyed= 0.000ms group_by=  0.455ms per_group= 0.207ms)
[pe] round= 12 work=     4096 frontier=     4096 next=     2048 consolidate=  0.813ms frontier=  0.279ms semisort=  0.718ms (keyed= 0.000ms group_by=  0.259ms per_group= 0.114ms)
[pe] round= 13 work=     2048 frontier=     2048 next=     1024 consolidate=  0.511ms frontier=  0.163ms semisort=  0.409ms (keyed= 0.000ms group_by=  0.152ms per_group= 0.075ms)
[pe] round= 14 work=     1024 frontier=     1024 next=      512 consolidate=  0.256ms frontier=  0.110ms semisort=  0.247ms (keyed= 0.000ms group_by=  0.087ms per_group= 0.046ms)
[pe] round= 15 work=      512 frontier=      512 next=      256 consolidate=  0.134ms frontier=  0.060ms semisort=  0.137ms (keyed= 0.000ms group_by=  0.040ms per_group= 0.039ms)
[pe] round= 16 work=      256 frontier=      256 next=      128 consolidate=  0.085ms frontier=  0.032ms semisort=  0.079ms (keyed= 0.000ms group_by=  0.024ms per_group= 0.021ms)
[pe] round= 17 work=      128 frontier=      128 next=       64 consolidate=  0.054ms frontier=  0.021ms semisort=  0.051ms (keyed= 0.000ms group_by=  0.014ms per_group= 0.014ms)
[pe] round= 18 work=       64 frontier=       64 next=       32 consolidate=  0.041ms frontier=  0.012ms semisort=  0.035ms (keyed= 0.000ms group_by=  0.009ms per_group= 0.011ms)
[pe] round= 19 work=       32 frontier=       32 next=       16 consolidate=  0.020ms frontier=  0.005ms semisort=  0.023ms (keyed= 0.000ms group_by=  0.006ms per_group= 0.007ms)
[pe] round= 20 work=       16 frontier=       16 next=        8 consolidate=  0.013ms frontier=  0.004ms semisort=  0.011ms (keyed= 0.000ms group_by=  0.004ms per_group= 0.002ms)
[pe] round= 21 work=        8 frontier=        8 next=        4 consolidate=  0.007ms frontier=  0.002ms semisort=  0.006ms (keyed= 0.000ms group_by=  0.003ms per_group= 0.001ms)
[pe] round= 22 work=        4 frontier=        4 next=        2 consolidate=  0.004ms frontier=  0.001ms semisort=  0.005ms (keyed= 0.000ms group_by=  0.003ms per_group= 0.001ms)
[pe] round= 23 work=        2 frontier=        0 next=        0 consolidate=  0.002ms frontier=  0.001ms semisort=  0.000ms (break)
[pe] round=  0 work=      260 frontier= 13182000 next=  4394000 consolidate=  1.888ms frontier=  3.065ms semisort=558.365ms (keyed= 0.000ms group_by=127.783ms per_group=161.795ms)
[pe] round=  1 work=  4394000 frontier=  4394000 next=  2097152 consolidate=661.252ms frontier=150.255ms semisort=340.480ms (keyed= 0.000ms group_by= 55.364ms per_group=66.033ms)
[pe] round=  2 work=  2097152 frontier=  2097152 next=  1048576 consolidate=317.407ms frontier= 70.728ms semisort=153.790ms (keyed= 0.000ms group_by= 30.791ms per_group=33.298ms)
[pe] round=  3 work=  1048576 frontier=  1048576 next=   524288 consolidate=155.842ms frontier= 34.585ms semisort= 80.823ms (keyed= 0.000ms group_by= 18.008ms per_group=18.203ms)
[pe] round=  4 work=   524288 frontier=   524288 next=   262144 consolidate= 70.416ms frontier= 15.669ms semisort= 48.177ms (keyed= 0.000ms group_by= 12.178ms per_group=12.360ms)
[pe] round=  5 work=   262144 frontier=   262144 next=   199696 consolidate= 33.117ms frontier=  7.513ms semisort= 28.026ms (keyed= 0.000ms group_by=  5.214ms per_group=10.007ms)
[pe] round=  6 work=   199696 frontier=   199696 next=   131072 consolidate= 28.171ms frontier=  6.406ms semisort= 17.435ms (keyed= 0.000ms group_by=  3.485ms per_group= 5.749ms)
[pe] round=  7 work=   131072 frontier=   131072 next=    65536 consolidate= 18.110ms frontier=  3.820ms semisort=  9.042ms (keyed= 0.000ms group_by=  2.216ms per_group= 2.497ms)
[pe] round=  8 work=    65536 frontier=    65536 next=    32768 consolidate=  9.165ms frontier=  1.897ms semisort=  7.764ms (keyed= 0.000ms group_by=  3.781ms per_group= 1.241ms)
[pe] round=  9 work=    32768 frontier=    32768 next=    16384 consolidate=  4.664ms frontier=  1.085ms semisort=  4.067ms (keyed= 0.000ms group_by=  1.867ms per_group= 0.653ms)
[pe] round= 10 work=    16384 frontier=    16384 next=     8192 consolidate=  2.792ms frontier=  0.591ms semisort=  2.048ms (keyed= 0.000ms group_by=  0.857ms per_group= 0.365ms)
[pe] round= 11 work=     8192 frontier=     8192 next=     4096 consolidate=  1.422ms frontier=  0.494ms semisort=  1.223ms (keyed= 0.000ms group_by=  0.437ms per_group= 0.198ms)
[pe] round= 12 work=     4096 frontier=     4096 next=     2048 consolidate=  0.886ms frontier=  0.284ms semisort=  0.658ms (keyed= 0.000ms group_by=  0.227ms per_group= 0.124ms)
[pe] round= 13 work=     2048 frontier=     2048 next=     1024 consolidate=  0.489ms frontier=  0.215ms semisort=  0.390ms (keyed= 0.000ms group_by=  0.137ms per_group= 0.073ms)
[pe] round= 14 work=     1024 frontier=     1024 next=      512 consolidate=  0.260ms frontier=  0.099ms semisort=  0.254ms (keyed= 0.000ms group_by=  0.085ms per_group= 0.047ms)
[pe] round= 15 work=      512 frontier=      512 next=      256 consolidate=  0.140ms frontier=  0.058ms semisort=  0.145ms (keyed= 0.000ms group_by=  0.038ms per_group= 0.044ms)
[pe] round= 16 work=      256 frontier=      256 next=      128 consolidate=  0.088ms frontier=  0.035ms semisort=  0.085ms (keyed= 0.000ms group_by=  0.024ms per_group= 0.021ms)
[pe] round= 17 work=      128 frontier=      128 next=       64 consolidate=  0.054ms frontier=  0.023ms semisort=  0.057ms (keyed= 0.000ms group_by=  0.016ms per_group= 0.015ms)
[pe] round= 18 work=       64 frontier=       64 next=       32 consolidate=  0.033ms frontier=  0.012ms semisort=  0.035ms (keyed= 0.000ms group_by=  0.009ms per_group= 0.010ms)
[pe] round= 19 work=       32 frontier=       32 next=       16 consolidate=  0.022ms frontier=  0.005ms semisort=  0.020ms (keyed= 0.000ms group_by=  0.006ms per_group= 0.005ms)
[pe] round= 20 work=       16 frontier=       16 next=        8 consolidate=  0.012ms frontier=  0.004ms semisort=  0.011ms (keyed= 0.000ms group_by=  0.004ms per_group= 0.003ms)
[pe] round= 21 work=        8 frontier=        8 next=        4 consolidate=  0.007ms frontier=  0.002ms semisort=  0.006ms (keyed= 0.000ms group_by=  0.003ms per_group= 0.001ms)
[pe] round= 22 work=        4 frontier=        4 next=        2 consolidate=  0.004ms frontier=  0.001ms semisort=  0.005ms (keyed= 0.000ms group_by=  0.003ms per_group= 0.001ms)
[pe] round= 23 work=        2 frontier=        0 next=        0 consolidate=  0.002ms frontier=  0.001ms semisort=  0.000ms (break)
[pe] round=  0 work=      260 frontier= 13182000 next=  4394000 consolidate=  1.889ms frontier=  3.091ms semisort=579.532ms (keyed= 0.000ms group_by=127.626ms per_group=158.207ms)
[pe] round=  1 work=  4394000 frontier=  4394000 next=  2097152 consolidate=666.728ms frontier=154.839ms semisort=342.135ms (keyed= 0.000ms group_by= 54.932ms per_group=65.489ms)
[pe] round=  2 work=  2097152 frontier=  2097152 next=  1048576 consolidate=319.192ms frontier= 71.422ms semisort=153.199ms (keyed= 0.000ms group_by= 30.505ms per_group=33.428ms)
[pe] round=  3 work=  1048576 frontier=  1048576 next=   524288 consolidate=156.937ms frontier= 34.129ms semisort= 81.135ms (keyed= 0.000ms group_by= 18.084ms per_group=18.091ms)
[pe] round=  4 work=   524288 frontier=   524288 next=   262144 consolidate= 71.690ms frontier= 15.805ms semisort= 49.377ms (keyed= 0.000ms group_by= 12.534ms per_group=12.200ms)
[pe] round=  5 work=   262144 frontier=   262144 next=   199696 consolidate= 33.710ms frontier=  7.699ms semisort= 28.376ms (keyed= 0.000ms group_by=  4.955ms per_group=10.627ms)
[pe] round=  6 work=   199696 frontier=   199696 next=   131072 consolidate= 25.601ms frontier=  5.866ms semisort= 16.676ms (keyed= 0.000ms group_by=  3.353ms per_group= 5.619ms)
[pe] round=  7 work=   131072 frontier=   131072 next=    65536 consolidate= 17.543ms frontier=  3.853ms semisort=  9.053ms (keyed= 0.000ms group_by=  2.087ms per_group= 2.529ms)
[pe] round=  8 work=    65536 frontier=    65536 next=    32768 consolidate=  9.024ms frontier=  1.883ms semisort=  7.674ms (keyed= 0.000ms group_by=  3.696ms per_group= 1.262ms)
[pe] round=  9 work=    32768 frontier=    32768 next=    16384 consolidate=  4.455ms frontier=  1.363ms semisort=  4.462ms (keyed= 0.000ms group_by=  1.818ms per_group= 0.740ms)
[pe] round= 10 work=    16384 frontier=    16384 next=     8192 consolidate=  2.922ms frontier=  0.693ms semisort=  2.282ms (keyed= 0.000ms group_by=  0.922ms per_group= 0.415ms)
[pe] round= 11 work=     8192 frontier=     8192 next=     4096 consolidate=  1.649ms frontier=  0.494ms semisort=  1.309ms (keyed= 0.000ms group_by=  0.462ms per_group= 0.217ms)
[pe] round= 12 work=     4096 frontier=     4096 next=     2048 consolidate=  0.822ms frontier=  0.363ms semisort=  0.764ms (keyed= 0.000ms group_by=  0.275ms per_group= 0.145ms)
[pe] round= 13 work=     2048 frontier=     2048 next=     1024 consolidate=  0.506ms frontier=  0.163ms semisort=  0.426ms (keyed= 0.000ms group_by=  0.153ms per_group= 0.076ms)
[pe] round= 14 work=     1024 frontier=     1024 next=      512 consolidate=  0.294ms frontier=  0.106ms semisort=  0.267ms (keyed= 0.000ms group_by=  0.086ms per_group= 0.052ms)
[pe] round= 15 work=      512 frontier=      512 next=      256 consolidate=  0.137ms frontier=  0.067ms semisort=  0.166ms (keyed= 0.000ms group_by=  0.050ms per_group= 0.048ms)
[pe] round= 16 work=      256 frontier=      256 next=      128 consolidate=  0.087ms frontier=  0.032ms semisort=  0.081ms (keyed= 0.000ms group_by=  0.024ms per_group= 0.022ms)
[pe] round= 17 work=      128 frontier=      128 next=       64 consolidate=  0.056ms frontier=  0.023ms semisort=  0.058ms (keyed= 0.000ms group_by=  0.016ms per_group= 0.016ms)
[pe] round= 18 work=       64 frontier=       64 next=       32 consolidate=  0.038ms frontier=  0.014ms semisort=  0.041ms (keyed= 0.000ms group_by=  0.011ms per_group= 0.013ms)
[pe] round= 19 work=       32 frontier=       32 next=       16 consolidate=  0.025ms frontier=  0.006ms semisort=  0.035ms (keyed= 0.000ms group_by=  0.007ms per_group= 0.011ms)
[pe] round= 20 work=       16 frontier=       16 next=        8 consolidate=  0.017ms frontier=  0.005ms semisort=  0.017ms (keyed= 0.000ms group_by=  0.005ms per_group= 0.004ms)
[pe] round= 21 work=        8 frontier=        8 next=        4 consolidate=  0.007ms frontier=  0.002ms semisort=  0.007ms (keyed= 0.000ms group_by=  0.003ms per_group= 0.001ms)
[pe] round= 22 work=        4 frontier=        4 next=        2 consolidate=  0.004ms frontier=  0.001ms semisort=  0.005ms (keyed= 0.000ms group_by=  0.003ms per_group= 0.001ms)
[pe] round= 23 work=        2 frontier=        0 next=        0 consolidate=  0.002ms frontier=  0.001ms semisort=  0.000ms (break)
[pe] round=  0 work=      260 frontier= 13182000 next=  4394000 consolidate=  1.721ms frontier=  2.989ms semisort=573.134ms (keyed= 0.000ms group_by=128.026ms per_group=158.927ms)
[pe] round=  1 work=  4394000 frontier=  4394000 next=  2097152 consolidate=668.594ms frontier=154.074ms semisort=341.447ms (keyed= 0.000ms group_by= 54.868ms per_group=65.752ms)
[pe] round=  2 work=  2097152 frontier=  2097152 next=  1048576 consolidate=319.771ms frontier= 71.438ms semisort=152.954ms (keyed= 0.000ms group_by= 30.402ms per_group=32.956ms)
[pe] round=  3 work=  1048576 frontier=  1048576 next=   524288 consolidate=156.686ms frontier= 33.931ms semisort= 81.638ms (keyed= 0.000ms group_by= 18.304ms per_group=18.170ms)
[pe] round=  4 work=   524288 frontier=   524288 next=   262144 consolidate= 71.964ms frontier= 15.376ms semisort= 48.147ms (keyed= 0.000ms group_by= 12.315ms per_group=12.066ms)
[pe] round=  5 work=   262144 frontier=   262144 next=   199696 consolidate= 33.593ms frontier=  7.839ms semisort= 28.145ms (keyed= 0.000ms group_by=  5.078ms per_group=10.437ms)
[pe] round=  6 work=   199696 frontier=   199696 next=   131072 consolidate= 26.935ms frontier=  5.659ms semisort= 16.708ms (keyed= 0.000ms group_by=  3.316ms per_group= 5.621ms)
[pe] round=  7 work=   131072 frontier=   131072 next=    65536 consolidate= 18.022ms frontier=  3.550ms semisort=  8.935ms (keyed= 0.000ms group_by=  2.111ms per_group= 2.492ms)
[pe] round=  8 work=    65536 frontier=    65536 next=    32768 consolidate=  9.104ms frontier=  1.878ms semisort=  7.878ms (keyed= 0.000ms group_by=  3.931ms per_group= 1.250ms)
[pe] round=  9 work=    32768 frontier=    32768 next=    16384 consolidate=  4.865ms frontier=  1.155ms semisort=  4.535ms (keyed= 0.000ms group_by=  1.896ms per_group= 0.724ms)
[pe] round= 10 work=    16384 frontier=    16384 next=     8192 consolidate=  3.240ms frontier=  0.685ms semisort=  2.218ms (keyed= 0.000ms group_by=  0.890ms per_group= 0.406ms)
[pe] round= 11 work=     8192 frontier=     8192 next=     4096 consolidate=  1.520ms frontier=  0.510ms semisort=  1.324ms (keyed= 0.000ms group_by=  0.464ms per_group= 0.221ms)
[pe] round= 12 work=     4096 frontier=     4096 next=     2048 consolidate=  0.828ms frontier=  0.346ms semisort=  0.732ms (keyed= 0.000ms group_by=  0.259ms per_group= 0.128ms)
[pe] round= 13 work=     2048 frontier=     2048 next=     1024 consolidate=  0.472ms frontier=  0.149ms semisort=  0.413ms (keyed= 0.000ms group_by=  0.147ms per_group= 0.078ms)
[pe] round= 14 work=     1024 frontier=     1024 next=      512 consolidate=  0.283ms frontier=  0.099ms semisort=  0.250ms (keyed= 0.000ms group_by=  0.084ms per_group= 0.055ms)
[pe] round= 15 work=      512 frontier=      512 next=      256 consolidate=  0.127ms frontier=  0.067ms semisort=  0.166ms (keyed= 0.000ms group_by=  0.048ms per_group= 0.048ms)
[pe] round= 16 work=      256 frontier=      256 next=      128 consolidate=  0.088ms frontier=  0.034ms semisort=  0.090ms (keyed= 0.000ms group_by=  0.027ms per_group= 0.025ms)
[pe] round= 17 work=      128 frontier=      128 next=       64 consolidate=  0.063ms frontier=  0.023ms semisort=  0.056ms (keyed= 0.000ms group_by=  0.016ms per_group= 0.015ms)
[pe] round= 18 work=       64 frontier=       64 next=       32 consolidate=  0.042ms frontier=  0.009ms semisort=  0.037ms (keyed= 0.000ms group_by=  0.009ms per_group= 0.012ms)
[pe] round= 19 work=       32 frontier=       32 next=       16 consolidate=  0.024ms frontier=  0.006ms semisort=  0.022ms (keyed= 0.000ms group_by=  0.006ms per_group= 0.006ms)
[pe] round= 20 work=       16 frontier=       16 next=        8 consolidate=  0.013ms frontier=  0.005ms semisort=  0.015ms (keyed= 0.000ms group_by=  0.004ms per_group= 0.004ms)
[pe] round= 21 work=        8 frontier=        8 next=        4 consolidate=  0.009ms frontier=  0.002ms semisort=  0.007ms (keyed= 0.000ms group_by=  0.003ms per_group= 0.001ms)
[pe] round= 22 work=        4 frontier=        4 next=        2 consolidate=  0.003ms frontier=  0.001ms semisort=  0.005ms (keyed= 0.000ms group_by=  0.003ms per_group= 0.001ms)
[pe] round= 23 work=        2 frontier=        0 next=        0 consolidate=  0.002ms frontier=  0.001ms semisort=  0.000ms (break)
[pe] round=  0 work=      260 frontier= 13182000 next=  4394000 consolidate=  1.694ms frontier=  3.084ms semisort=582.227ms (keyed= 0.000ms group_by=127.302ms per_group=162.282ms)
[pe] round=  1 work=  4394000 frontier=  4394000 next=  2097152 consolidate=668.779ms frontier=154.069ms semisort=340.242ms (keyed= 0.000ms group_by= 54.925ms per_group=65.285ms)
[pe] round=  2 work=  2097152 frontier=  2097152 next=  1048576 consolidate=317.638ms frontier= 71.821ms semisort=153.218ms (keyed= 0.000ms group_by= 30.989ms per_group=33.562ms)
[pe] round=  3 work=  1048576 frontier=  1048576 next=   524288 consolidate=156.908ms frontier= 35.564ms semisort= 80.131ms (keyed= 0.000ms group_by= 18.091ms per_group=17.936ms)
[pe] round=  4 work=   524288 frontier=   524288 next=   262144 consolidate= 71.368ms frontier= 15.376ms semisort= 48.674ms (keyed= 0.000ms group_by= 12.333ms per_group=12.441ms)
[pe] round=  5 work=   262144 frontier=   262144 next=   199696 consolidate= 33.813ms frontier=  7.780ms semisort= 28.486ms (keyed= 0.000ms group_by=  5.251ms per_group=10.237ms)
[pe] round=  6 work=   199696 frontier=   199696 next=   131072 consolidate= 26.782ms frontier=  6.337ms semisort= 17.429ms (keyed= 0.000ms group_by=  3.688ms per_group= 5.944ms)
[pe] round=  7 work=   131072 frontier=   131072 next=    65536 consolidate= 18.756ms frontier=  3.700ms semisort=  9.242ms (keyed= 0.000ms group_by=  2.099ms per_group= 2.563ms)
[pe] round=  8 work=    65536 frontier=    65536 next=    32768 consolidate=  9.379ms frontier=  2.033ms semisort=  7.796ms (keyed= 0.000ms group_by=  3.627ms per_group= 1.305ms)
[pe] round=  9 work=    32768 frontier=    32768 next=    16384 consolidate=  4.684ms frontier=  1.086ms semisort=  4.125ms (keyed= 0.000ms group_by=  1.842ms per_group= 0.666ms)
[pe] round= 10 work=    16384 frontier=    16384 next=     8192 consolidate=  2.738ms frontier=  0.635ms semisort=  2.146ms (keyed= 0.000ms group_by=  0.867ms per_group= 0.372ms)
[pe] round= 11 work=     8192 frontier=     8192 next=     4096 consolidate=  1.473ms frontier=  0.496ms semisort=  1.284ms (keyed= 0.000ms group_by=  0.466ms per_group= 0.220ms)
[pe] round= 12 work=     4096 frontier=     4096 next=     2048 consolidate=  0.852ms frontier=  0.273ms semisort=  0.724ms (keyed= 0.000ms group_by=  0.268ms per_group= 0.125ms)
[pe] round= 13 work=     2048 frontier=     2048 next=     1024 consolidate=  0.455ms frontier=  0.155ms semisort=  0.373ms (keyed= 0.000ms group_by=  0.132ms per_group= 0.070ms)
[pe] round= 14 work=     1024 frontier=     1024 next=      512 consolidate=  0.245ms frontier=  0.107ms semisort=  0.265ms (keyed= 0.000ms group_by=  0.090ms per_group= 0.048ms)
[pe] round= 15 work=      512 frontier=      512 next=      256 consolidate=  0.131ms frontier=  0.062ms semisort=  0.147ms (keyed= 0.000ms group_by=  0.037ms per_group= 0.046ms)
[pe] round= 16 work=      256 frontier=      256 next=      128 consolidate=  0.086ms frontier=  0.034ms semisort=  0.085ms (keyed= 0.000ms group_by=  0.024ms per_group= 0.021ms)
[pe] round= 17 work=      128 frontier=      128 next=       64 consolidate=  0.073ms frontier=  0.019ms semisort=  0.054ms (keyed= 0.000ms group_by=  0.015ms per_group= 0.014ms)
[pe] round= 18 work=       64 frontier=       64 next=       32 consolidate=  0.029ms frontier=  0.013ms semisort=  0.035ms (keyed= 0.000ms group_by=  0.009ms per_group= 0.011ms)
[pe] round= 19 work=       32 frontier=       32 next=       16 consolidate=  0.023ms frontier=  0.005ms semisort=  0.020ms (keyed= 0.000ms group_by=  0.006ms per_group= 0.005ms)
[pe] round= 20 work=       16 frontier=       16 next=        8 consolidate=  0.013ms frontier=  0.004ms semisort=  0.015ms (keyed= 0.000ms group_by=  0.004ms per_group= 0.003ms)
[pe] round= 21 work=        8 frontier=        8 next=        4 consolidate=  0.007ms frontier=  0.002ms semisort=  0.007ms (keyed= 0.000ms group_by=  0.003ms per_group= 0.001ms)
[pe] round= 22 work=        4 frontier=        4 next=        2 consolidate=  0.004ms frontier=  0.001ms semisort=  0.005ms (keyed= 0.000ms group_by=  0.003ms per_group= 0.001ms)
[pe] round= 23 work=        2 frontier=        0 next=        0 consolidate=  0.002ms frontier=  0.001ms semisort=  0.000ms (break)
