[synthetic_bench] cube n=120 d=2 classes=6912238 merges=120 ...
[pe] round=  0 work=      240 frontier= 10368000 next=  3456000 consolidate= 13.182ms frontier= 10.255ms semisort=139.276ms (keyed= 0.000ms group_by= 68.908ms per_group=22.572ms)
[pe] round=  1 work=  3456000 frontier=  3456000 next=  1358848 consolidate= 69.175ms frontier= 14.883ms semisort= 55.694ms (keyed= 0.000ms group_by= 15.295ms per_group= 9.816ms)
[pe] round=  2 work=  1358848 frontier=  1358848 next=  1048576 consolidate= 32.973ms frontier=  8.250ms semisort= 32.782ms (keyed= 0.000ms group_by=  8.944ms per_group= 7.257ms)
[pe] round=  3 work=  1048576 frontier=  1048576 next=   524288 consolidate= 25.071ms frontier=  6.980ms semisort= 14.834ms (keyed= 0.000ms group_by=  3.635ms per_group= 2.996ms)
[pe] round=  4 work=   524288 frontier=   524288 next=   262144 consolidate= 15.358ms frontier=  5.281ms semisort= 12.776ms (keyed= 0.000ms group_by=  2.499ms per_group= 5.895ms)
[pe] round=  5 work=   262144 frontier=   262144 next=   131072 consolidate=  7.281ms frontier=  1.789ms semisort=  4.391ms (keyed= 0.000ms group_by=  1.271ms per_group= 0.913ms)
[pe] round=  6 work=   131072 frontier=   131072 next=    65536 consolidate=  3.282ms frontier=  0.939ms semisort=  2.205ms (keyed= 0.000ms group_by=  0.579ms per_group= 0.505ms)
[pe] round=  7 work=    65536 frontier=    65536 next=    32768 consolidate=  1.691ms frontier=  0.608ms semisort=  4.076ms (keyed= 0.000ms group_by=  3.112ms per_group= 0.312ms)
[pe] round=  8 work=    32768 frontier=    32768 next=    16384 consolidate=  0.926ms frontier=  0.327ms semisort=  2.267ms (keyed= 0.000ms group_by=  1.685ms per_group= 0.185ms)
[pe] round=  9 work=    16384 frontier=    16384 next=     8192 consolidate=  1.941ms frontier=  0.251ms semisort=  1.173ms (keyed= 0.000ms group_by=  0.750ms per_group= 0.171ms)
[pe] round= 10 work=     8192 frontier=     8192 next=     4096 consolidate=  1.151ms frontier=  0.315ms semisort=  0.758ms (keyed= 0.000ms group_by=  0.404ms per_group= 0.081ms)
[pe] round= 11 work=     4096 frontier=     4096 next=     2048 consolidate=  0.938ms frontier=  0.173ms semisort=  0.493ms (keyed= 0.000ms group_by=  0.237ms per_group= 0.075ms)
[pe] round= 12 work=     2048 frontier=     2048 next=     1024 consolidate=  0.334ms frontier=  0.100ms semisort=  0.286ms (keyed= 0.000ms group_by=  0.129ms per_group= 0.042ms)
[pe] round= 13 work=     1024 frontier=     1024 next=      512 consolidate=  0.204ms frontier=  0.072ms semisort=  0.168ms (keyed= 0.000ms group_by=  0.062ms per_group= 0.033ms)
[pe] round= 14 work=      512 frontier=      512 next=      256 consolidate=  0.107ms frontier=  0.045ms semisort=  0.133ms (keyed= 0.000ms group_by=  0.040ms per_group= 0.037ms)
[pe] round= 15 work=      256 frontier=      256 next=      128 consolidate=  0.065ms frontier=  0.034ms semisort=  0.085ms (keyed= 0.000ms group_by=  0.026ms per_group= 0.022ms)
[pe] round= 16 work=      128 frontier=      128 next=       64 consolidate=  0.042ms frontier=  0.023ms semisort=  0.056ms (keyed= 0.000ms group_by=  0.013ms per_group= 0.017ms)
[pe] round= 17 work=       64 frontier=       64 next=       32 consolidate=  0.030ms frontier=  0.012ms semisort=  0.036ms (keyed= 0.000ms group_by=  0.009ms per_group= 0.009ms)
[pe] round= 18 work=       32 frontier=       32 next=       16 consolidate=  0.019ms frontier=  0.011ms semisort=  0.020ms (keyed= 0.000ms group_by=  0.006ms per_group= 0.004ms)
[pe] round= 19 work=       16 frontier=       16 next=        8 consolidate=  0.015ms frontier=  0.005ms semisort=  0.012ms (keyed= 0.000ms group_by=  0.004ms per_group= 0.003ms)
[pe] round= 20 work=        8 frontier=        8 next=        4 consolidate=  0.011ms frontier=  0.002ms semisort=  0.007ms (keyed= 0.000ms group_by=  0.004ms per_group= 0.001ms)
[pe] round= 21 work=        4 frontier=        4 next=        2 consolidate=  0.003ms frontier=  0.001ms semisort=  0.005ms (keyed= 0.000ms group_by=  0.003ms per_group= 0.001ms)
[pe] round= 22 work=        2 frontier=        0 next=        0 consolidate=  0.002ms frontier=  0.001ms semisort=  0.000ms (break)
[pe] round=  0 work=      240 frontier= 10368000 next=  3456000 consolidate=  0.984ms frontier=  2.185ms semisort= 95.651ms (keyed= 0.000ms group_by= 29.488ms per_group=17.015ms)
[pe] round=  1 work=  3456000 frontier=  3456000 next=  1358848 consolidate= 61.342ms frontier= 16.285ms semisort= 45.402ms (keyed= 0.000ms group_by= 11.587ms per_group= 7.623ms)
[pe] round=  2 work=  1358848 frontier=  1358848 next=  1048576 consolidate= 31.912ms frontier=  8.210ms semisort= 21.798ms (keyed= 0.000ms group_by=  4.441ms per_group= 5.175ms)
[pe] round=  3 work=  1048576 frontier=  1048576 next=   524288 consolidate= 25.210ms frontier=  6.397ms semisort= 14.047ms (keyed= 0.000ms group_by=  3.510ms per_group= 2.716ms)
[pe] round=  4 work=   524288 frontier=   524288 next=   262144 consolidate= 13.802ms frontier=  3.249ms semisort=  8.090ms (keyed= 0.000ms group_by=  2.107ms per_group= 1.782ms)
[pe] round=  5 work=   262144 frontier=   262144 next=   131072 consolidate=  7.062ms frontier=  1.783ms semisort=  4.208ms (keyed= 0.000ms group_by=  1.076ms per_group= 0.926ms)
[pe] round=  6 work=   131072 frontier=   131072 next=    65536 consolidate=  3.312ms frontier=  1.009ms semisort=  2.273ms (keyed= 0.000ms group_by=  0.606ms per_group= 0.517ms)
[pe] round=  7 work=    65536 frontier=    65536 next=    32768 consolidate=  1.656ms frontier=  0.556ms semisort=  4.528ms (keyed= 0.000ms group_by=  3.571ms per_group= 0.305ms)
[pe] round=  8 work=    32768 frontier=    32768 next=    16384 consolidate=  0.924ms frontier=  0.340ms semisort=  2.223ms (keyed= 0.000ms group_by=  1.605ms per_group= 0.196ms)
[pe] round=  9 work=    16384 frontier=    16384 next=     8192 consolidate=  2.199ms frontier=  0.249ms semisort=  1.169ms (keyed= 0.000ms group_by=  0.789ms per_group= 0.124ms)
[pe] round= 10 work=     8192 frontier=     8192 next=     4096 consolidate=  1.270ms frontier=  0.312ms semisort=  0.957ms (keyed= 0.000ms group_by=  0.400ms per_group= 0.075ms)
[pe] round= 11 work=     4096 frontier=     4096 next=     2048 consolidate=  0.736ms frontier=  0.322ms semisort=  0.477ms (keyed= 0.000ms group_by=  0.245ms per_group= 0.060ms)
[pe] round= 12 work=     2048 frontier=     2048 next=     1024 consolidate=  0.381ms frontier=  0.101ms semisort=  0.291ms (keyed= 0.000ms group_by=  0.124ms per_group= 0.047ms)
[pe] round= 13 work=     1024 frontier=     1024 next=      512 consolidate=  0.207ms frontier=  0.066ms semisort=  0.169ms (keyed= 0.000ms group_by=  0.063ms per_group= 0.032ms)
[pe] round= 14 work=      512 frontier=      512 next=      256 consolidate=  0.110ms frontier=  0.048ms semisort=  0.131ms (keyed= 0.000ms group_by=  0.041ms per_group= 0.033ms)
[pe] round= 15 work=      256 frontier=      256 next=      128 consolidate=  0.071ms frontier=  0.037ms semisort=  0.077ms (keyed= 0.000ms group_by=  0.024ms per_group= 0.023ms)
[pe] round= 16 work=      128 frontier=      128 next=       64 consolidate=  0.039ms frontier=  0.026ms semisort=  0.056ms (keyed= 0.000ms group_by=  0.013ms per_group= 0.018ms)
[pe] round= 17 work=       64 frontier=       64 next=       32 consolidate=  0.035ms frontier=  0.023ms semisort=  0.041ms (keyed= 0.000ms group_by=  0.009ms per_group= 0.015ms)
[pe] round= 18 work=       32 frontier=       32 next=       16 consolidate=  0.019ms frontier=  0.007ms semisort=  0.025ms (keyed= 0.000ms group_by=  0.006ms per_group= 0.006ms)
[pe] round= 19 work=       16 frontier=       16 next=        8 consolidate=  0.011ms frontier=  0.004ms semisort=  0.015ms (keyed= 0.000ms group_by=  0.004ms per_group= 0.003ms)
[pe] round= 20 work=        8 frontier=        8 next=        4 consolidate=  0.009ms frontier=  0.002ms semisort=  0.007ms (keyed= 0.000ms group_by=  0.004ms per_group= 0.001ms)
[pe] round= 21 work=        4 frontier=        4 next=        2 consolidate=  0.004ms frontier=  0.001ms semisort=  0.005ms (keyed= 0.000ms group_by=  0.003ms per_group= 0.001ms)
[pe] round= 22 work=        2 frontier=        0 next=        0 consolidate=  0.002ms frontier=  0.001ms semisort=  0.000ms (break)
[pe] round=  0 work=      240 frontier= 10368000 next=  3456000 consolidate=  0.992ms frontier=  2.348ms semisort=100.766ms (keyed= 0.000ms group_by= 29.164ms per_group=16.849ms)
[pe] round=  1 work=  3456000 frontier=  3456000 next=  1358848 consolidate= 65.799ms frontier= 17.364ms semisort= 45.677ms (keyed= 0.000ms group_by= 11.905ms per_group= 7.526ms)
[pe] round=  2 work=  1358848 frontier=  1358848 next=  1048576 consolidate= 32.051ms frontier=  8.296ms semisort= 22.040ms (keyed= 0.000ms group_by=  4.430ms per_group= 5.313ms)
[pe] round=  3 work=  1048576 frontier=  1048576 next=   524288 consolidate= 25.639ms frontier=  6.506ms semisort= 13.977ms (keyed= 0.000ms group_by=  3.522ms per_group= 2.750ms)
[pe] round=  4 work=   524288 frontier=   524288 next=   262144 consolidate= 13.874ms frontier=  3.169ms semisort=  8.053ms (keyed= 0.000ms group_by=  2.042ms per_group= 1.621ms)
[pe] round=  5 work=   262144 frontier=   262144 next=   131072 consolidate=  7.130ms frontier=  1.725ms semisort=  4.070ms (keyed= 0.000ms group_by=  1.026ms per_group= 0.925ms)
[pe] round=  6 work=   131072 frontier=   131072 next=    65536 consolidate=  3.333ms frontier=  1.008ms semisort=  2.235ms (keyed= 0.000ms group_by=  0.587ms per_group= 0.540ms)
[pe] round=  7 work=    65536 frontier=    65536 next=    32768 consolidate=  1.682ms frontier=  0.536ms semisort=  4.078ms (keyed= 0.000ms group_by=  3.124ms per_group= 0.314ms)
[pe] round=  8 work=    32768 frontier=    32768 next=    16384 consolidate=  0.950ms frontier=  0.347ms semisort=  2.242ms (keyed= 0.000ms group_by=  1.639ms per_group= 0.194ms)
[pe] round=  9 work=    16384 frontier=    16384 next=     8192 consolidate=  2.190ms frontier=  0.265ms semisort=  1.176ms (keyed= 0.000ms group_by=  0.793ms per_group= 0.126ms)
[pe] round= 10 work=     8192 frontier=     8192 next=     4096 consolidate=  1.299ms frontier=  0.313ms semisort=  0.796ms (keyed= 0.000ms group_by=  0.438ms per_group= 0.080ms)
[pe] round= 11 work=     4096 frontier=     4096 next=     2048 consolidate=  0.688ms frontier=  0.172ms semisort=  0.632ms (keyed= 0.000ms group_by=  0.401ms per_group= 0.065ms)
[pe] round= 12 work=     2048 frontier=     2048 next=     1024 consolidate=  0.330ms frontier=  0.094ms semisort=  0.457ms (keyed= 0.000ms group_by=  0.296ms per_group= 0.043ms)
[pe] round= 13 work=     1024 frontier=     1024 next=      512 consolidate=  0.195ms frontier=  0.061ms semisort=  0.184ms (keyed= 0.000ms group_by=  0.066ms per_group= 0.037ms)
[pe] round= 14 work=      512 frontier=      512 next=      256 consolidate=  0.113ms frontier=  0.050ms semisort=  0.126ms (keyed= 0.000ms group_by=  0.038ms per_group= 0.032ms)
[pe] round= 15 work=      256 frontier=      256 next=      128 consolidate=  0.062ms frontier=  0.035ms semisort=  0.093ms (keyed= 0.000ms group_by=  0.024ms per_group= 0.028ms)
[pe] round= 16 work=      128 frontier=      128 next=       64 consolidate=  0.042ms frontier=  0.028ms semisort=  0.064ms (keyed= 0.000ms group_by=  0.014ms per_group= 0.017ms)
[pe] round= 17 work=       64 frontier=       64 next=       32 consolidate=  0.030ms frontier=  0.017ms semisort=  0.041ms (keyed= 0.000ms group_by=  0.009ms per_group= 0.014ms)
[pe] round= 18 work=       32 frontier=       32 next=       16 consolidate=  0.026ms frontier=  0.007ms semisort=  0.023ms (keyed= 0.000ms group_by=  0.005ms per_group= 0.005ms)
[pe] round= 19 work=       16 frontier=       16 next=        8 consolidate=  0.014ms frontier=  0.004ms semisort=  0.010ms (keyed= 0.000ms group_by=  0.004ms per_group= 0.002ms)
[pe] round= 20 work=        8 frontier=        8 next=        4 consolidate=  0.006ms frontier=  0.002ms semisort=  0.007ms (keyed= 0.000ms group_by=  0.004ms per_group= 0.001ms)
[pe] round= 21 work=        4 frontier=        4 next=        2 consolidate=  0.004ms frontier=  0.001ms semisort=  0.004ms (keyed= 0.000ms group_by=  0.003ms per_group= 0.001ms)
[pe] round= 22 work=        2 frontier=        0 next=        0 consolidate=  0.002ms frontier=  0.001ms semisort=  0.000ms (break)
[pe] round=  0 work=      240 frontier= 10368000 next=  3456000 consolidate=  0.995ms frontier=  2.417ms semisort=101.518ms (keyed= 0.000ms group_by= 29.320ms per_group=17.134ms)
[pe] round=  1 work=  3456000 frontier=  3456000 next=  1358848 consolidate= 66.432ms frontier= 17.572ms semisort= 48.633ms (keyed= 0.000ms group_by= 11.896ms per_group= 7.765ms)
[pe] round=  2 work=  1358848 frontier=  1358848 next=  1048576 consolidate= 33.308ms frontier=  8.355ms semisort= 22.663ms (keyed= 0.000ms group_by=  4.444ms per_group= 5.197ms)
[pe] round=  3 work=  1048576 frontier=  1048576 next=   524288 consolidate= 26.007ms frontier=  6.575ms semisort= 13.990ms (keyed= 0.000ms group_by=  3.601ms per_group= 2.769ms)
[pe] round=  4 work=   524288 frontier=   524288 next=   262144 consolidate= 14.056ms frontier=  3.345ms semisort=  8.222ms (keyed= 0.000ms group_by=  2.106ms per_group= 1.700ms)
[pe] round=  5 work=   262144 frontier=   262144 next=   131072 consolidate=  7.241ms frontier=  1.788ms semisort=  4.255ms (keyed= 0.000ms group_by=  1.085ms per_group= 0.985ms)
[pe] round=  6 work=   131072 frontier=   131072 next=    65536 consolidate=  3.325ms frontier=  0.989ms semisort=  2.461ms (keyed= 0.000ms group_by=  0.768ms per_group= 0.539ms)
[pe] round=  7 work=    65536 frontier=    65536 next=    32768 consolidate=  1.708ms frontier=  0.585ms semisort=  4.384ms (keyed= 0.000ms group_by=  3.438ms per_group= 0.307ms)
[pe] round=  8 work=    32768 frontier=    32768 next=    16384 consolidate=  0.954ms frontier=  0.347ms semisort=  2.323ms (keyed= 0.000ms group_by=  1.720ms per_group= 0.203ms)
[pe] round=  9 work=    16384 frontier=    16384 next=     8192 consolidate=  1.703ms frontier=  0.267ms semisort=  1.160ms (keyed= 0.000ms group_by=  0.752ms per_group= 0.138ms)
[pe] round= 10 work=     8192 frontier=     8192 next=     4096 consolidate=  1.230ms frontier=  0.314ms semisort=  0.828ms (keyed= 0.000ms group_by=  0.404ms per_group= 0.086ms)
[pe] round= 11 work=     4096 frontier=     4096 next=     2048 consolidate=  0.695ms frontier=  0.175ms semisort=  0.439ms (keyed= 0.000ms group_by=  0.222ms per_group= 0.055ms)
[pe] round= 12 work=     2048 frontier=     2048 next=     1024 consolidate=  0.333ms frontier=  0.092ms semisort=  0.278ms (keyed= 0.000ms group_by=  0.127ms per_group= 0.039ms)
[pe] round= 13 work=     1024 frontier=     1024 next=      512 consolidate=  0.419ms frontier=  0.062ms semisort=  0.197ms (keyed= 0.000ms group_by=  0.068ms per_group= 0.038ms)
[pe] round= 14 work=      512 frontier=      512 next=      256 consolidate=  0.116ms frontier=  0.053ms semisort=  0.128ms (keyed= 0.000ms group_by=  0.042ms per_group= 0.030ms)
[pe] round= 15 work=      256 frontier=      256 next=      128 consolidate=  0.078ms frontier=  0.038ms semisort=  0.086ms (keyed= 0.000ms group_by=  0.029ms per_group= 0.022ms)
[pe] round= 16 work=      128 frontier=      128 next=       64 consolidate=  0.047ms frontier=  0.032ms semisort=  0.064ms (keyed= 0.000ms group_by=  0.017ms per_group= 0.020ms)
[pe] round= 17 work=       64 frontier=       64 next=       32 consolidate=  0.031ms frontier=  0.019ms semisort=  0.044ms (keyed= 0.000ms group_by=  0.009ms per_group= 0.014ms)
[pe] round= 18 work=       32 frontier=       32 next=       16 consolidate=  0.023ms frontier=  0.011ms semisort=  0.023ms (keyed= 0.000ms group_by=  0.006ms per_group= 0.006ms)
[pe] round= 19 work=       16 frontier=       16 next=        8 consolidate=  0.014ms frontier=  0.005ms semisort=  0.017ms (keyed= 0.000ms group_by=  0.004ms per_group= 0.004ms)
[pe] round= 20 work=        8 frontier=        8 next=        4 consolidate=  0.009ms frontier=  0.002ms semisort=  0.007ms (keyed= 0.000ms group_by=  0.004ms per_group= 0.001ms)
[pe] round= 21 work=        4 frontier=        4 next=        2 consolidate=  0.004ms frontier=  0.001ms semisort=  0.004ms (keyed= 0.000ms group_by=  0.003ms per_group= 0.001ms)
[pe] round= 22 work=        2 frontier=        0 next=        0 consolidate=  0.002ms frontier=  0.001ms semisort=  0.000ms (break)
[pe] round=  0 work=      240 frontier= 10368000 next=  3456000 consolidate=  1.053ms frontier=  2.486ms semisort=105.476ms (keyed= 0.000ms group_by= 28.901ms per_group=17.038ms)
[pe] round=  1 work=  3456000 frontier=  3456000 next=  1358848 consolidate= 65.688ms frontier= 17.679ms semisort= 50.224ms (keyed= 0.000ms group_by= 12.153ms per_group= 7.778ms)
[pe] round=  2 work=  1358848 frontier=  1358848 next=  1048576 consolidate= 33.198ms frontier=  8.481ms semisort= 22.586ms (keyed= 0.000ms group_by=  4.545ms per_group= 5.105ms)
[pe] round=  3 work=  1048576 frontier=  1048576 next=   524288 consolidate= 26.431ms frontier=  6.485ms semisort= 14.773ms (keyed= 0.000ms group_by=  3.630ms per_group= 2.790ms)
[pe] round=  4 work=   524288 frontier=   524288 next=   262144 consolidate= 14.392ms frontier=  3.298ms semisort=  8.213ms (keyed= 0.000ms group_by=  1.990ms per_group= 1.621ms)
[pe] round=  5 work=   262144 frontier=   262144 next=   131072 consolidate=  7.197ms frontier=  1.709ms semisort=  4.368ms (keyed= 0.000ms group_by=  1.079ms per_group= 0.959ms)
[pe] round=  6 work=   131072 frontier=   131072 next=    65536 consolidate=  3.359ms frontier=  0.949ms semisort=  2.382ms (keyed= 0.000ms group_by=  0.712ms per_group= 0.538ms)
[pe] round=  7 work=    65536 frontier=    65536 next=    32768 consolidate=  1.709ms frontier=  0.542ms semisort=  4.339ms (keyed= 0.000ms group_by=  3.346ms per_group= 0.343ms)
[pe] round=  8 work=    32768 frontier=    32768 next=    16384 consolidate=  0.949ms frontier=  0.359ms semisort=  2.115ms (keyed= 0.000ms group_by=  1.502ms per_group= 0.209ms)
[pe] round=  9 work=    16384 frontier=    16384 next=     8192 consolidate=  1.855ms frontier=  0.248ms semisort=  1.174ms (keyed= 0.000ms group_by=  0.787ms per_group= 0.127ms)
[pe] round= 10 work=     8192 frontier=     8192 next=     4096 consolidate=  1.310ms frontier=  0.315ms semisort=  0.798ms (keyed= 0.000ms group_by=  0.418ms per_group= 0.089ms)
[pe] round= 11 work=     4096 frontier=     4096 next=     2048 consolidate=  0.692ms frontier=  0.175ms semisort=  0.472ms (keyed= 0.000ms group_by=  0.235ms per_group= 0.061ms)
[pe] round= 12 work=     2048 frontier=     2048 next=     1024 consolidate=  0.356ms frontier=  0.098ms semisort=  0.279ms (keyed= 0.000ms group_by=  0.126ms per_group= 0.046ms)
[pe] round= 13 work=     1024 frontier=     1024 next=      512 consolidate=  0.202ms frontier=  0.079ms semisort=  0.392ms (keyed= 0.000ms group_by=  0.070ms per_group= 0.038ms)
[pe] round= 14 work=      512 frontier=      512 next=      256 consolidate=  0.118ms frontier=  0.054ms semisort=  0.131ms (keyed= 0.000ms group_by=  0.042ms per_group= 0.031ms)
[pe] round= 15 work=      256 frontier=      256 next=      128 consolidate=  0.070ms frontier=  0.039ms semisort=  0.088ms (keyed= 0.000ms group_by=  0.027ms per_group= 0.024ms)
[pe] round= 16 work=      128 frontier=      128 next=       64 consolidate=  0.048ms frontier=  0.026ms semisort=  0.062ms (keyed= 0.000ms group_by=  0.015ms per_group= 0.019ms)
[pe] round= 17 work=       64 frontier=       64 next=       32 consolidate=  0.031ms frontier=  0.022ms semisort=  0.040ms (keyed= 0.000ms group_by=  0.009ms per_group= 0.013ms)
[pe] round= 18 work=       32 frontier=       32 next=       16 consolidate=  0.021ms frontier=  0.007ms semisort=  0.026ms (keyed= 0.000ms group_by=  0.006ms per_group= 0.006ms)
[pe] round= 19 work=       16 frontier=       16 next=        8 consolidate=  0.013ms frontier=  0.011ms semisort=  0.011ms (keyed= 0.000ms group_by=  0.004ms per_group= 0.003ms)
[pe] round= 20 work=        8 frontier=        8 next=        4 consolidate=  0.008ms frontier=  0.002ms semisort=  0.007ms (keyed= 0.000ms group_by=  0.004ms per_group= 0.001ms)
[pe] round= 21 work=        4 frontier=        4 next=        2 consolidate=  0.004ms frontier=  0.001ms semisort=  0.005ms (keyed= 0.000ms group_by=  0.003ms per_group= 0.001ms)
[pe] round= 22 work=        2 frontier=        0 next=        0 consolidate=  0.002ms frontier=  0.001ms semisort=  0.000ms (break)
[pe] round=  0 work=      240 frontier= 10368000 next=  3456000 consolidate=  1.071ms frontier=  2.416ms semisort=101.352ms (keyed= 0.000ms group_by= 29.584ms per_group=17.276ms)
[pe] round=  1 work=  3456000 frontier=  3456000 next=  1358848 consolidate= 71.315ms frontier= 18.003ms semisort= 52.320ms (keyed= 0.000ms group_by= 12.689ms per_group= 7.471ms)
[pe] round=  2 work=  1358848 frontier=  1358848 next=  1048576 consolidate= 33.313ms frontier=  8.424ms semisort= 23.931ms (keyed= 0.000ms group_by=  4.659ms per_group= 5.320ms)
[pe] round=  3 work=  1048576 frontier=  1048576 next=   524288 consolidate= 26.233ms frontier=  6.568ms semisort= 15.221ms (keyed= 0.000ms group_by=  3.690ms per_group= 2.783ms)
[pe] round=  4 work=   524288 frontier=   524288 next=   262144 consolidate= 14.640ms frontier=  3.470ms semisort=  8.510ms (keyed= 0.000ms group_by=  2.079ms per_group= 1.677ms)
[pe] round=  5 work=   262144 frontier=   262144 next=   131072 consolidate=  7.122ms frontier=  1.869ms semisort=  4.369ms (keyed= 0.000ms group_by=  1.099ms per_group= 0.912ms)
[pe] round=  6 work=   131072 frontier=   131072 next=    65536 consolidate=  3.329ms frontier=  0.953ms semisort=  2.424ms (keyed= 0.000ms group_by=  0.748ms per_group= 0.532ms)
[pe] round=  7 work=    65536 frontier=    65536 next=    32768 consolidate=  1.698ms frontier=  0.545ms semisort=  4.276ms (keyed= 0.000ms group_by=  3.314ms per_group= 0.324ms)
[pe] round=  8 work=    32768 frontier=    32768 next=    16384 consolidate=  0.963ms frontier=  0.374ms semisort=  2.264ms (keyed= 0.000ms group_by=  1.669ms per_group= 0.191ms)
[pe] round=  9 work=    16384 frontier=    16384 next=     8192 consolidate=  2.022ms frontier=  0.281ms semisort=  1.246ms (keyed= 0.000ms group_by=  0.809ms per_group= 0.130ms)
[pe] round= 10 work=     8192 frontier=     8192 next=     4096 consolidate=  1.370ms frontier=  0.309ms semisort=  0.789ms (keyed= 0.000ms group_by=  0.420ms per_group= 0.077ms)
[pe] round= 11 work=     4096 frontier=     4096 next=     2048 consolidate=  0.690ms frontier=  0.150ms semisort=  0.467ms (keyed= 0.000ms group_by=  0.240ms per_group= 0.063ms)
[pe] round= 12 work=     2048 frontier=     2048 next=     1024 consolidate=  0.339ms frontier=  0.088ms semisort=  0.272ms (keyed= 0.000ms group_by=  0.121ms per_group= 0.044ms)
[pe] round= 13 work=     1024 frontier=     1024 next=      512 consolidate=  0.212ms frontier=  0.061ms semisort=  0.375ms (keyed= 0.000ms group_by=  0.250ms per_group= 0.039ms)
[pe] round= 14 work=      512 frontier=      512 next=      256 consolidate=  0.114ms frontier=  0.050ms semisort=  0.139ms (keyed= 0.000ms group_by=  0.042ms per_group= 0.033ms)
[pe] round= 15 work=      256 frontier=      256 next=      128 consolidate=  0.079ms frontier=  0.034ms semisort=  0.085ms (keyed= 0.000ms group_by=  0.024ms per_group= 0.022ms)
[pe] round= 16 work=      128 frontier=      128 next=       64 consolidate=  0.051ms frontier=  0.231ms semisort=  0.055ms (keyed= 0.000ms group_by=  0.017ms per_group= 0.017ms)
[pe] round= 17 work=       64 frontier=       64 next=       32 consolidate=  0.027ms frontier=  0.020ms semisort=  0.041ms (keyed= 0.000ms group_by=  0.009ms per_group= 0.013ms)
[pe] round= 18 work=       32 frontier=       32 next=       16 consolidate=  0.026ms frontier=  0.011ms semisort=  0.020ms (keyed= 0.000ms group_by=  0.005ms per_group= 0.006ms)
[pe] round= 19 work=       16 frontier=       16 next=        8 consolidate=  0.015ms frontier=  0.005ms semisort=  0.012ms (keyed= 0.000ms group_by=  0.004ms per_group= 0.004ms)
[pe] round= 20 work=        8 frontier=        8 next=        4 consolidate=  0.011ms frontier=  0.002ms semisort=  0.006ms (keyed= 0.000ms group_by=  0.003ms per_group= 0.001ms)
[pe] round= 21 work=        4 frontier=        4 next=        2 consolidate=  0.004ms frontier=  0.001ms semisort=  0.005ms (keyed= 0.000ms group_by=  0.003ms per_group= 0.001ms)
[pe] round= 22 work=        2 frontier=        0 next=        0 consolidate=  0.002ms frontier=  0.001ms semisort=  0.000ms (break)
