[synthetic_bench] cube n=135 d=2 classes=9841768 merges=135 ...
[pe] round=  0 work=      270 frontier= 14762250 next=  4920750 consolidate= 22.525ms frontier= 25.629ms semisort=243.376ms (keyed= 0.000ms group_by=135.959ms per_group=27.874ms)
[pe] round=  1 work=  4920750 frontier=  4920750 next=  2097152 consolidate= 86.846ms frontier= 22.603ms semisort=113.727ms (keyed= 0.000ms group_by= 41.302ms per_group=19.731ms)
[pe] round=  2 work=  2097152 frontier=  2097152 next=  1048576 consolidate= 36.474ms frontier= 24.866ms semisort= 49.520ms (keyed= 0.000ms group_by= 10.962ms per_group= 4.967ms)
[pe] round=  3 work=  1048576 frontier=  1048576 next=   726446 consolidate= 35.488ms frontier= 14.282ms semisort= 34.999ms (keyed= 0.000ms group_by=  8.441ms per_group= 3.875ms)
[pe] round=  4 work=   726446 frontier=   726446 next=   524288 consolidate= 14.574ms frontier=  5.939ms semisort= 20.452ms (keyed= 0.000ms group_by=  4.749ms per_group= 6.742ms)
[pe] round=  5 work=   524288 frontier=   524288 next=   262144 consolidate= 10.938ms frontier=  2.972ms semisort=  8.022ms (keyed= 0.000ms group_by=  2.049ms per_group= 1.493ms)
[pe] round=  6 work=   262144 frontier=   262144 next=   131072 consolidate= 11.397ms frontier=  1.860ms semisort=  4.502ms (keyed= 0.000ms group_by=  1.062ms per_group= 0.741ms)
[pe] round=  7 work=   131072 frontier=   131072 next=    65536 consolidate=  2.833ms frontier=  0.919ms semisort=  2.300ms (keyed= 0.000ms group_by=  0.762ms per_group= 0.421ms)
[pe] round=  8 work=    65536 frontier=    65536 next=    32768 consolidate=  1.507ms frontier=  0.630ms semisort=  4.277ms (keyed= 0.000ms group_by=  3.334ms per_group= 0.278ms)
[pe] round=  9 work=    32768 frontier=    32768 next=    16384 consolidate=  0.894ms frontier=  0.387ms semisort=  2.291ms (keyed= 0.000ms group_by=  1.716ms per_group= 0.192ms)
[pe] round= 10 work=    16384 frontier=    16384 next=     8192 consolidate=  2.385ms frontier=  0.271ms semisort=  1.258ms (keyed= 0.000ms group_by=  0.864ms per_group= 0.138ms)
[pe] round= 11 work=     8192 frontier=     8192 next=     4096 consolidate=  1.226ms frontier=  0.316ms semisort=  0.837ms (keyed= 0.000ms group_by=  0.432ms per_group= 0.094ms)
[pe] round= 12 work=     4096 frontier=     4096 next=     2048 consolidate=  0.650ms frontier=  0.197ms semisort=  0.548ms (keyed= 0.000ms group_by=  0.255ms per_group= 0.075ms)
[pe] round= 13 work=     2048 frontier=     2048 next=     1024 consolidate=  0.389ms frontier=  0.124ms semisort=  0.343ms (keyed= 0.000ms group_by=  0.140ms per_group= 0.059ms)
[pe] round= 14 work=     1024 frontier=     1024 next=      512 consolidate=  0.219ms frontier=  0.079ms semisort=  0.232ms (keyed= 0.000ms group_by=  0.082ms per_group= 0.054ms)
[pe] round= 15 work=      512 frontier=      512 next=      256 consolidate=  0.141ms frontier=  0.075ms semisort=  0.157ms (keyed= 0.000ms group_by=  0.047ms per_group= 0.040ms)
[pe] round= 16 work=      256 frontier=      256 next=      128 consolidate=  0.089ms frontier=  0.045ms semisort=  0.111ms (keyed= 0.000ms group_by=  0.032ms per_group= 0.033ms)
[pe] round= 17 work=      128 frontier=      128 next=       64 consolidate=  0.071ms frontier=  0.039ms semisort=  0.080ms (keyed= 0.000ms group_by=  0.016ms per_group= 0.018ms)
[pe] round= 18 work=       64 frontier=       64 next=       32 consolidate=  0.040ms frontier=  0.023ms semisort=  0.044ms (keyed= 0.000ms group_by=  0.009ms per_group= 0.011ms)
[pe] round= 19 work=       32 frontier=       32 next=       16 consolidate=  0.024ms frontier=  0.012ms semisort=  0.028ms (keyed= 0.000ms group_by=  0.006ms per_group= 0.005ms)
[pe] round= 20 work=       16 frontier=       16 next=        8 consolidate=  0.018ms frontier=  0.004ms semisort=  0.011ms (keyed= 0.000ms group_by=  0.004ms per_group= 0.002ms)
[pe] round= 21 work=        8 frontier=        8 next=        4 consolidate=  0.007ms frontier=  0.002ms semisort=  0.007ms (keyed= 0.000ms group_by=  0.004ms per_group= 0.001ms)
[pe] round= 22 work=        4 frontier=        4 next=        2 consolidate=  0.003ms frontier=  0.001ms semisort=  0.005ms (keyed= 0.000ms group_by=  0.003ms per_group= 0.001ms)
[pe] round= 23 work=        2 frontier=        0 next=        0 consolidate=  0.003ms frontier=  0.001ms semisort=  0.000ms (break)
[pe] round=  0 work=      270 frontier= 14762250 next=  4920750 consolidate=  1.592ms frontier=  4.245ms semisort=125.271ms (keyed= 0.000ms group_by= 44.773ms per_group=18.315ms)
[pe] round=  1 work=  4920750 frontier=  4920750 next=  2097152 consolidate= 61.491ms frontier= 20.499ms semisort= 62.066ms (keyed= 0.000ms group_by= 17.684ms per_group= 9.885ms)
[pe] round=  2 work=  2097152 frontier=  2097152 next=  1048576 consolidate= 38.042ms frontier= 10.020ms semisort= 31.329ms (keyed= 0.000ms group_by=  8.874ms per_group= 4.927ms)
[pe] round=  3 work=  1048576 frontier=  1048576 next=   726446 consolidate= 19.177ms frontier=  5.806ms semisort= 19.641ms (keyed= 0.000ms group_by=  7.147ms per_group= 3.359ms)
[pe] round=  4 work=   726446 frontier=   726446 next=   524288 consolidate= 14.090ms frontier=  4.063ms semisort= 11.737ms (keyed= 0.000ms group_by=  2.786ms per_group= 2.163ms)
[pe] round=  5 work=   524288 frontier=   524288 next=   262144 consolidate= 10.345ms frontier=  2.993ms semisort=  7.815ms (keyed= 0.000ms group_by=  1.972ms per_group= 1.477ms)
[pe] round=  6 work=   262144 frontier=   262144 next=   131072 consolidate=  5.270ms frontier=  1.575ms semisort=  4.209ms (keyed= 0.000ms group_by=  1.246ms per_group= 0.737ms)
[pe] round=  7 work=   131072 frontier=   131072 next=    65536 consolidate=  2.789ms frontier=  0.833ms semisort=  2.343ms (keyed= 0.000ms group_by=  0.805ms per_group= 0.446ms)
[pe] round=  8 work=    65536 frontier=    65536 next=    32768 consolidate=  1.470ms frontier=  0.545ms semisort=  4.355ms (keyed= 0.000ms group_by=  3.367ms per_group= 0.293ms)
[pe] round=  9 work=    32768 frontier=    32768 next=    16384 consolidate=  0.867ms frontier=  0.379ms semisort=  2.215ms (keyed= 0.000ms group_by=  1.651ms per_group= 0.184ms)
[pe] round= 10 work=    16384 frontier=    16384 next=     8192 consolidate=  2.637ms frontier=  0.300ms semisort=  1.257ms (keyed= 0.000ms group_by=  0.851ms per_group= 0.129ms)
[pe] round= 11 work=     8192 frontier=     8192 next=     4096 consolidate=  1.304ms frontier=  0.321ms semisort=  0.826ms (keyed= 0.000ms group_by=  0.419ms per_group= 0.090ms)
[pe] round= 12 work=     4096 frontier=     4096 next=     2048 consolidate=  0.699ms frontier=  0.184ms semisort=  0.530ms (keyed= 0.000ms group_by=  0.261ms per_group= 0.073ms)
[pe] round= 13 work=     2048 frontier=     2048 next=     1024 consolidate=  0.383ms frontier=  0.117ms semisort=  0.344ms (keyed= 0.000ms group_by=  0.142ms per_group= 0.065ms)
[pe] round= 14 work=     1024 frontier=     1024 next=      512 consolidate=  0.211ms frontier=  0.078ms semisort=  0.224ms (keyed= 0.000ms group_by=  0.078ms per_group= 0.059ms)
[pe] round= 15 work=      512 frontier=      512 next=      256 consolidate=  0.134ms frontier=  0.076ms semisort=  0.176ms (keyed= 0.000ms group_by=  0.045ms per_group= 0.056ms)
[pe] round= 16 work=      256 frontier=      256 next=      128 consolidate=  0.099ms frontier=  0.049ms semisort=  0.121ms (keyed= 0.000ms group_by=  0.034ms per_group= 0.029ms)
[pe] round= 17 work=      128 frontier=      128 next=       64 consolidate=  0.058ms frontier=  0.036ms semisort=  0.072ms (keyed= 0.000ms group_by=  0.017ms per_group= 0.021ms)
[pe] round= 18 work=       64 frontier=       64 next=       32 consolidate=  0.043ms frontier=  0.022ms semisort=  0.040ms (keyed= 0.000ms group_by=  0.009ms per_group= 0.011ms)
[pe] round= 19 work=       32 frontier=       32 next=       16 consolidate=  0.028ms frontier=  0.013ms semisort=  0.029ms (keyed= 0.000ms group_by=  0.006ms per_group= 0.006ms)
[pe] round= 20 work=       16 frontier=       16 next=        8 consolidate=  0.015ms frontier=  0.004ms semisort=  0.018ms (keyed= 0.000ms group_by=  0.004ms per_group= 0.003ms)
[pe] round= 21 work=        8 frontier=        8 next=        4 consolidate=  0.009ms frontier=  0.002ms semisort=  0.007ms (keyed= 0.000ms group_by=  0.003ms per_group= 0.001ms)
[pe] round= 22 work=        4 frontier=        4 next=        2 consolidate=  0.004ms frontier=  0.001ms semisort=  0.005ms (keyed= 0.000ms group_by=  0.003ms per_group= 0.001ms)
[pe] round= 23 work=        2 frontier=        0 next=        0 consolidate=  0.002ms frontier=  0.001ms semisort=  0.000ms (break)
[pe] round=  0 work=      270 frontier= 14762250 next=  4920750 consolidate=  1.620ms frontier=  4.247ms semisort=127.320ms (keyed= 0.000ms group_by= 43.913ms per_group=14.550ms)
[pe] round=  1 work=  4920750 frontier=  4920750 next=  2097152 consolidate= 66.700ms frontier= 21.196ms semisort= 59.198ms (keyed= 0.000ms group_by= 14.647ms per_group= 9.435ms)
[pe] round=  2 work=  2097152 frontier=  2097152 next=  1048576 consolidate= 30.198ms frontier= 10.136ms semisort= 30.123ms (keyed= 0.000ms group_by=  7.865ms per_group= 4.913ms)
[pe] round=  3 work=  1048576 frontier=  1048576 next=   726446 consolidate= 19.309ms frontier=  5.910ms semisort= 17.959ms (keyed= 0.000ms group_by=  4.124ms per_group= 3.309ms)
[pe] round=  4 work=   726446 frontier=   726446 next=   524288 consolidate= 14.103ms frontier=  3.911ms semisort= 12.022ms (keyed= 0.000ms group_by=  2.963ms per_group= 2.182ms)
[pe] round=  5 work=   524288 frontier=   524288 next=   262144 consolidate= 10.429ms frontier=  2.843ms semisort=  8.072ms (keyed= 0.000ms group_by=  2.068ms per_group= 1.571ms)
[pe] round=  6 work=   262144 frontier=   262144 next=   131072 consolidate=  5.243ms frontier=  1.556ms semisort=  4.465ms (keyed= 0.000ms group_by=  1.134ms per_group= 0.744ms)
[pe] round=  7 work=   131072 frontier=   131072 next=    65536 consolidate=  2.863ms frontier=  0.785ms semisort=  2.187ms (keyed= 0.000ms group_by=  0.669ms per_group= 0.430ms)
[pe] round=  8 work=    65536 frontier=    65536 next=    32768 consolidate=  1.430ms frontier=  0.522ms semisort=  4.410ms (keyed= 0.000ms group_by=  3.507ms per_group= 0.271ms)
[pe] round=  9 work=    32768 frontier=    32768 next=    16384 consolidate=  0.817ms frontier=  0.382ms semisort=  2.275ms (keyed= 0.000ms group_by=  1.709ms per_group= 0.184ms)
[pe] round= 10 work=    16384 frontier=    16384 next=     8192 consolidate=  2.570ms frontier=  0.288ms semisort=  1.276ms (keyed= 0.000ms group_by=  0.856ms per_group= 0.139ms)
[pe] round= 11 work=     8192 frontier=     8192 next=     4096 consolidate=  1.386ms frontier=  0.310ms semisort=  0.858ms (keyed= 0.000ms group_by=  0.420ms per_group= 0.103ms)
[pe] round= 12 work=     4096 frontier=     4096 next=     2048 consolidate=  0.692ms frontier=  0.177ms semisort=  0.555ms (keyed= 0.000ms group_by=  0.269ms per_group= 0.081ms)
[pe] round= 13 work=     2048 frontier=     2048 next=     1024 consolidate=  0.395ms frontier=  0.126ms semisort=  0.337ms (keyed= 0.000ms group_by=  0.144ms per_group= 0.061ms)
[pe] round= 14 work=     1024 frontier=     1024 next=      512 consolidate=  0.229ms frontier=  0.088ms semisort=  0.261ms (keyed= 0.000ms group_by=  0.086ms per_group= 0.067ms)
[pe] round= 15 work=      512 frontier=      512 next=      256 consolidate=  0.142ms frontier=  0.062ms semisort=  0.176ms (keyed= 0.000ms group_by=  0.052ms per_group= 0.049ms)
[pe] round= 16 work=      256 frontier=      256 next=      128 consolidate=  0.086ms frontier=  0.055ms semisort=  0.127ms (keyed= 0.000ms group_by=  0.036ms per_group= 0.033ms)
[pe] round= 17 work=      128 frontier=      128 next=       64 consolidate=  0.059ms frontier=  0.038ms semisort=  0.069ms (keyed= 0.000ms group_by=  0.014ms per_group= 0.019ms)
[pe] round= 18 work=       64 frontier=       64 next=       32 consolidate=  0.043ms frontier=  0.028ms semisort=  0.048ms (keyed= 0.000ms group_by=  0.009ms per_group= 0.012ms)
[pe] round= 19 work=       32 frontier=       32 next=       16 consolidate=  0.028ms frontier=  0.009ms semisort=  0.029ms (keyed= 0.000ms group_by=  0.006ms per_group= 0.009ms)
[pe] round= 20 work=       16 frontier=       16 next=        8 consolidate=  0.016ms frontier=  0.004ms semisort=  0.018ms (keyed= 0.000ms group_by=  0.004ms per_group= 0.003ms)
[pe] round= 21 work=        8 frontier=        8 next=        4 consolidate=  0.016ms frontier=  0.002ms semisort=  0.007ms (keyed= 0.000ms group_by=  0.003ms per_group= 0.001ms)
[pe] round= 22 work=        4 frontier=        4 next=        2 consolidate=  0.004ms frontier=  0.001ms semisort=  0.005ms (keyed= 0.000ms group_by=  0.003ms per_group= 0.001ms)
[pe] round= 23 work=        2 frontier=        0 next=        0 consolidate=  0.003ms frontier=  0.001ms semisort=  0.000ms (break)
[pe] round=  0 work=      270 frontier= 14762250 next=  4920750 consolidate=  1.562ms frontier=  4.412ms semisort=121.921ms (keyed= 0.000ms group_by= 43.335ms per_group=14.938ms)
[pe] round=  1 work=  4920750 frontier=  4920750 next=  2097152 consolidate= 59.779ms frontier= 20.868ms semisort= 56.988ms (keyed= 0.000ms group_by= 14.341ms per_group= 7.925ms)
[pe] round=  2 work=  2097152 frontier=  2097152 next=  1048576 consolidate= 30.521ms frontier= 10.029ms semisort= 30.420ms (keyed= 0.000ms group_by=  7.986ms per_group= 4.948ms)
[pe] round=  3 work=  1048576 frontier=  1048576 next=   726446 consolidate= 19.426ms frontier=  6.251ms semisort= 17.021ms (keyed= 0.000ms group_by=  4.507ms per_group= 3.296ms)
[pe] round=  4 work=   726446 frontier=   726446 next=   524288 consolidate= 14.174ms frontier=  3.974ms semisort= 11.941ms (keyed= 0.000ms group_by=  3.007ms per_group= 2.149ms)
[pe] round=  5 work=   524288 frontier=   524288 next=   262144 consolidate= 10.425ms frontier=  2.943ms semisort=  8.018ms (keyed= 0.000ms group_by=  2.018ms per_group= 1.536ms)
[pe] round=  6 work=   262144 frontier=   262144 next=   131072 consolidate=  5.264ms frontier=  1.895ms semisort=  4.191ms (keyed= 0.000ms group_by=  1.161ms per_group= 0.771ms)
[pe] round=  7 work=   131072 frontier=   131072 next=    65536 consolidate=  2.785ms frontier=  0.780ms semisort=  2.321ms (keyed= 0.000ms group_by=  0.774ms per_group= 0.443ms)
[pe] round=  8 work=    65536 frontier=    65536 next=    32768 consolidate=  1.328ms frontier=  0.540ms semisort=  4.261ms (keyed= 0.000ms group_by=  3.366ms per_group= 0.270ms)
[pe] round=  9 work=    32768 frontier=    32768 next=    16384 consolidate=  0.832ms frontier=  0.427ms semisort=  2.476ms (keyed= 0.000ms group_by=  1.901ms per_group= 0.193ms)
[pe] round= 10 work=    16384 frontier=    16384 next=     8192 consolidate=  2.620ms frontier=  0.285ms semisort=  1.259ms (keyed= 0.000ms group_by=  0.874ms per_group= 0.123ms)
[pe] round= 11 work=     8192 frontier=     8192 next=     4096 consolidate=  1.303ms frontier=  0.312ms semisort=  0.822ms (keyed= 0.000ms group_by=  0.420ms per_group= 0.092ms)
[pe] round= 12 work=     4096 frontier=     4096 next=     2048 consolidate=  0.711ms frontier=  0.180ms semisort=  0.561ms (keyed= 0.000ms group_by=  0.269ms per_group= 0.086ms)
[pe] round= 13 work=     2048 frontier=     2048 next=     1024 consolidate=  0.412ms frontier=  0.129ms semisort=  0.339ms (keyed= 0.000ms group_by=  0.145ms per_group= 0.062ms)
[pe] round= 14 work=     1024 frontier=     1024 next=      512 consolidate=  0.243ms frontier=  0.107ms semisort=  0.247ms (keyed= 0.000ms group_by=  0.077ms per_group= 0.068ms)
[pe] round= 15 work=      512 frontier=      512 next=      256 consolidate=  0.133ms frontier=  0.075ms semisort=  0.171ms (keyed= 0.000ms group_by=  0.048ms per_group= 0.047ms)
[pe] round= 16 work=      256 frontier=      256 next=      128 consolidate=  0.087ms frontier=  0.050ms semisort=  0.144ms (keyed= 0.000ms group_by=  0.035ms per_group= 0.034ms)
[pe] round= 17 work=      128 frontier=      128 next=       64 consolidate=  0.065ms frontier=  0.036ms semisort=  0.076ms (keyed= 0.000ms group_by=  0.017ms per_group= 0.021ms)
[pe] round= 18 work=       64 frontier=       64 next=       32 consolidate=  0.050ms frontier=  0.021ms semisort=  0.042ms (keyed= 0.000ms group_by=  0.009ms per_group= 0.008ms)
[pe] round= 19 work=       32 frontier=       32 next=       16 consolidate=  0.036ms frontier=  0.007ms semisort=  0.032ms (keyed= 0.000ms group_by=  0.006ms per_group= 0.006ms)
[pe] round= 20 work=       16 frontier=       16 next=        8 consolidate=  0.019ms frontier=  0.005ms semisort=  0.018ms (keyed= 0.000ms group_by=  0.004ms per_group= 0.004ms)
[pe] round= 21 work=        8 frontier=        8 next=        4 consolidate=  0.009ms frontier=  0.002ms semisort=  0.007ms (keyed= 0.000ms group_by=  0.003ms per_group= 0.001ms)
[pe] round= 22 work=        4 frontier=        4 next=        2 consolidate=  0.004ms frontier=  0.001ms semisort=  0.005ms (keyed= 0.000ms group_by=  0.003ms per_group= 0.001ms)
[pe] round= 23 work=        2 frontier=        0 next=        0 consolidate=  0.003ms frontier=  0.001ms semisort=  0.000ms (break)
[pe] round=  0 work=      270 frontier= 14762250 next=  4920750 consolidate=  1.669ms frontier=  3.976ms semisort=123.969ms (keyed= 0.000ms group_by= 43.828ms per_group=14.934ms)
[pe] round=  1 work=  4920750 frontier=  4920750 next=  2097152 consolidate= 69.111ms frontier= 22.583ms semisort= 58.767ms (keyed= 0.000ms group_by= 14.704ms per_group= 8.660ms)
[pe] round=  2 work=  2097152 frontier=  2097152 next=  1048576 consolidate= 31.063ms frontier= 10.216ms semisort= 30.848ms (keyed= 0.000ms group_by=  7.785ms per_group= 5.323ms)
[pe] round=  3 work=  1048576 frontier=  1048576 next=   726446 consolidate= 19.566ms frontier=  7.132ms semisort= 17.858ms (keyed= 0.000ms group_by=  4.920ms per_group= 3.739ms)
[pe] round=  4 work=   726446 frontier=   726446 next=   524288 consolidate= 14.691ms frontier=  3.967ms semisort= 11.800ms (keyed= 0.000ms group_by=  2.792ms per_group= 2.141ms)
[pe] round=  5 work=   524288 frontier=   524288 next=   262144 consolidate= 14.412ms frontier=  3.201ms semisort=  8.632ms (keyed= 0.000ms group_by=  2.263ms per_group= 1.730ms)
[pe] round=  6 work=   262144 frontier=   262144 next=   131072 consolidate=  5.312ms frontier=  1.794ms semisort=  4.286ms (keyed= 0.000ms group_by=  1.289ms per_group= 0.792ms)
[pe] round=  7 work=   131072 frontier=   131072 next=    65536 consolidate=  2.787ms frontier=  0.796ms semisort=  2.229ms (keyed= 0.000ms group_by=  0.662ms per_group= 0.436ms)
[pe] round=  8 work=    65536 frontier=    65536 next=    32768 consolidate=  1.388ms frontier=  0.511ms semisort=  4.535ms (keyed= 0.000ms group_by=  3.605ms per_group= 0.295ms)
[pe] round=  9 work=    32768 frontier=    32768 next=    16384 consolidate=  0.891ms frontier=  0.377ms semisort=  2.263ms (keyed= 0.000ms group_by=  1.686ms per_group= 0.192ms)
[pe] round= 10 work=    16384 frontier=    16384 next=     8192 consolidate=  2.755ms frontier=  0.411ms semisort=  1.368ms (keyed= 0.000ms group_by=  0.844ms per_group= 0.148ms)
[pe] round= 11 work=     8192 frontier=     8192 next=     4096 consolidate=  1.397ms frontier=  0.325ms semisort=  0.840ms (keyed= 0.000ms group_by=  0.438ms per_group= 0.078ms)
[pe] round= 12 work=     4096 frontier=     4096 next=     2048 consolidate=  0.717ms frontier=  0.189ms semisort=  0.544ms (keyed= 0.000ms group_by=  0.265ms per_group= 0.069ms)
[pe] round= 13 work=     2048 frontier=     2048 next=     1024 consolidate=  0.410ms frontier=  0.123ms semisort=  0.331ms (keyed= 0.000ms group_by=  0.135ms per_group= 0.067ms)
[pe] round= 14 work=     1024 frontier=     1024 next=      512 consolidate=  0.225ms frontier=  0.096ms semisort=  0.216ms (keyed= 0.000ms group_by=  0.076ms per_group= 0.052ms)
[pe] round= 15 work=      512 frontier=      512 next=      256 consolidate=  0.136ms frontier=  0.074ms semisort=  0.177ms (keyed= 0.000ms group_by=  0.047ms per_group= 0.058ms)
[pe] round= 16 work=      256 frontier=      256 next=      128 consolidate=  0.098ms frontier=  0.057ms semisort=  0.131ms (keyed= 0.000ms group_by=  0.032ms per_group= 0.035ms)
[pe] round= 17 work=      128 frontier=      128 next=       64 consolidate=  0.059ms frontier=  0.038ms semisort=  0.082ms (keyed= 0.000ms group_by=  0.018ms per_group= 0.024ms)
[pe] round= 18 work=       64 frontier=       64 next=       32 consolidate=  0.042ms frontier=  0.020ms semisort=  0.048ms (keyed= 0.000ms group_by=  0.009ms per_group= 0.011ms)
[pe] round= 19 work=       32 frontier=       32 next=       16 consolidate=  0.036ms frontier=  0.007ms semisort=  0.032ms (keyed= 0.000ms group_by=  0.006ms per_group= 0.006ms)
[pe] round= 20 work=       16 frontier=       16 next=        8 consolidate=  0.020ms frontier=  0.004ms semisort=  0.017ms (keyed= 0.000ms group_by=  0.004ms per_group= 0.003ms)
[pe] round= 21 work=        8 frontier=        8 next=        4 consolidate=  0.009ms frontier=  0.002ms semisort=  0.007ms (keyed= 0.000ms group_by=  0.003ms per_group= 0.002ms)
[pe] round= 22 work=        4 frontier=        4 next=        2 consolidate=  0.004ms frontier=  0.001ms semisort=  0.006ms (keyed= 0.000ms group_by=  0.003ms per_group= 0.001ms)
[pe] round= 23 work=        2 frontier=        0 next=        0 consolidate=  0.003ms frontier=  0.001ms semisort=  0.000ms (break)
[pe] round=  0 work=      270 frontier= 14762250 next=  4920750 consolidate=  1.638ms frontier=  4.295ms semisort=127.731ms (keyed= 0.000ms group_by= 44.901ms per_group=15.468ms)
[pe] round=  1 work=  4920750 frontier=  4920750 next=  2097152 consolidate= 59.980ms frontier= 26.108ms semisort= 61.060ms (keyed= 0.000ms group_by= 15.425ms per_group= 8.067ms)
[pe] round=  2 work=  2097152 frontier=  2097152 next=  1048576 consolidate= 30.482ms frontier= 10.480ms semisort= 30.308ms (keyed= 0.000ms group_by=  7.932ms per_group= 4.964ms)
[pe] round=  3 work=  1048576 frontier=  1048576 next=   726446 consolidate= 19.643ms frontier=  5.943ms semisort= 16.966ms (keyed= 0.000ms group_by=  4.376ms per_group= 3.358ms)
[pe] round=  4 work=   726446 frontier=   726446 next=   524288 consolidate= 14.059ms frontier=  4.004ms semisort= 11.748ms (keyed= 0.000ms group_by=  2.797ms per_group= 2.156ms)
[pe] round=  5 work=   524288 frontier=   524288 next=   262144 consolidate= 10.305ms frontier=  2.833ms semisort=  7.902ms (keyed= 0.000ms group_by=  1.963ms per_group= 1.570ms)
[pe] round=  6 work=   262144 frontier=   262144 next=   131072 consolidate=  5.257ms frontier=  1.499ms semisort=  4.092ms (keyed= 0.000ms group_by=  1.072ms per_group= 0.751ms)
[pe] round=  7 work=   131072 frontier=   131072 next=    65536 consolidate=  2.670ms frontier=  0.772ms semisort=  2.297ms (keyed= 0.000ms group_by=  0.769ms per_group= 0.429ms)
[pe] round=  8 work=    65536 frontier=    65536 next=    32768 consolidate=  1.420ms frontier=  0.550ms semisort=  4.173ms (keyed= 0.000ms group_by=  3.281ms per_group= 0.264ms)
[pe] round=  9 work=    32768 frontier=    32768 next=    16384 consolidate=  0.840ms frontier=  0.391ms semisort=  2.245ms (keyed= 0.000ms group_by=  1.684ms per_group= 0.189ms)
[pe] round= 10 work=    16384 frontier=    16384 next=     8192 consolidate=  2.568ms frontier=  0.280ms semisort=  1.258ms (keyed= 0.000ms group_by=  0.849ms per_group= 0.138ms)
[pe] round= 11 work=     8192 frontier=     8192 next=     4096 consolidate=  1.393ms frontier=  0.326ms semisort=  0.836ms (keyed= 0.000ms group_by=  0.426ms per_group= 0.086ms)
[pe] round= 12 work=     4096 frontier=     4096 next=     2048 consolidate=  0.720ms frontier=  0.179ms semisort=  0.540ms (keyed= 0.000ms group_by=  0.264ms per_group= 0.079ms)
[pe] round= 13 work=     2048 frontier=     2048 next=     1024 consolidate=  0.386ms frontier=  0.115ms semisort=  0.350ms (keyed= 0.000ms group_by=  0.152ms per_group= 0.058ms)
[pe] round= 14 work=     1024 frontier=     1024 next=      512 consolidate=  0.241ms frontier=  0.091ms semisort=  0.231ms (keyed= 0.000ms group_by=  0.073ms per_group= 0.057ms)
[pe] round= 15 work=      512 frontier=      512 next=      256 consolidate=  0.140ms frontier=  0.073ms semisort=  0.174ms (keyed= 0.000ms group_by=  0.047ms per_group= 0.048ms)
[pe] round= 16 work=      256 frontier=      256 next=      128 consolidate=  0.089ms frontier=  0.051ms semisort=  0.120ms (keyed= 0.000ms group_by=  0.034ms per_group= 0.034ms)
[pe] round= 17 work=      128 frontier=      128 next=       64 consolidate=  0.061ms frontier=  0.036ms semisort=  0.079ms (keyed= 0.000ms group_by=  0.016ms per_group= 0.024ms)
[pe] round= 18 work=       64 frontier=       64 next=       32 consolidate=  0.041ms frontier=  0.019ms semisort=  0.047ms (keyed= 0.000ms group_by=  0.009ms per_group= 0.013ms)
[pe] round= 19 work=       32 frontier=       32 next=       16 consolidate=  0.028ms frontier=  0.007ms semisort=  0.036ms (keyed= 0.000ms group_by=  0.006ms per_group= 0.005ms)
[pe] round= 20 work=       16 frontier=       16 next=        8 consolidate=  0.017ms frontier=  0.004ms semisort=  0.017ms (keyed= 0.000ms group_by=  0.004ms per_group= 0.004ms)
[pe] round= 21 work=        8 frontier=        8 next=        4 consolidate=  0.010ms frontier=  0.002ms semisort=  0.007ms (keyed= 0.000ms group_by=  0.003ms per_group= 0.001ms)
[pe] round= 22 work=        4 frontier=        4 next=        2 consolidate=  0.004ms frontier=  0.001ms semisort=  0.005ms (keyed= 0.000ms group_by=  0.003ms per_group= 0.001ms)
[pe] round= 23 work=        2 frontier=        0 next=        0 consolidate=  0.003ms frontier=  0.001ms semisort=  0.000ms (break)
