[synthetic_bench] cube n=115 d=2 classes=6083728 merges=115 ...
[pe] round=  0 work=      230 frontier=  9125250 next=  3041750 consolidate=  9.381ms frontier=  9.214ms semisort=137.146ms (keyed= 0.000ms group_by= 61.455ms per_group=30.585ms)
[pe] round=  1 work=  3041750 frontier=  3041750 next=  1048576 consolidate=110.005ms frontier= 25.829ms semisort= 73.898ms (keyed= 0.000ms group_by= 19.079ms per_group=12.586ms)
[pe] round=  2 work=  1048576 frontier=  1048576 next=   944598 consolidate= 44.356ms frontier= 12.297ms semisort= 37.622ms (keyed= 0.000ms group_by=  8.895ms per_group= 8.657ms)
[pe] round=  3 work=   944598 frontier=   944598 next=   524288 consolidate= 37.216ms frontier= 12.217ms semisort= 23.683ms (keyed= 0.000ms group_by=  6.184ms per_group= 5.895ms)
[pe] round=  4 work=   524288 frontier=   524288 next=   262144 consolidate= 21.378ms frontier=  4.885ms semisort= 11.546ms (keyed= 0.000ms group_by=  2.757ms per_group= 2.777ms)
[pe] round=  5 work=   262144 frontier=   262144 next=   131072 consolidate= 10.868ms frontier=  2.597ms semisort=  6.579ms (keyed= 0.000ms group_by=  1.619ms per_group= 1.530ms)
[pe] round=  6 work=   131072 frontier=   131072 next=    65536 consolidate=  5.495ms frontier=  1.305ms semisort=  3.546ms (keyed= 0.000ms group_by=  0.921ms per_group= 0.827ms)
[pe] round=  7 work=    65536 frontier=    65536 next=    32768 consolidate=  2.699ms frontier=  0.725ms semisort=  4.613ms (keyed= 0.000ms group_by=  3.272ms per_group= 0.464ms)
[pe] round=  8 work=    32768 frontier=    32768 next=    16384 consolidate=  1.461ms frontier=  0.448ms semisort=  2.733ms (keyed= 0.000ms group_by=  1.692ms per_group= 0.467ms)
[pe] round=  9 work=    16384 frontier=    16384 next=     8192 consolidate=  1.804ms frontier=  0.329ms semisort=  1.459ms (keyed= 0.000ms group_by=  0.897ms per_group= 0.187ms)
[pe] round= 10 work=     8192 frontier=     8192 next=     4096 consolidate=  1.304ms frontier=  0.329ms semisort=  0.909ms (keyed= 0.000ms group_by=  0.444ms per_group= 0.110ms)
[pe] round= 11 work=     4096 frontier=     4096 next=     2048 consolidate=  0.669ms frontier=  0.221ms semisort=  0.549ms (keyed= 0.000ms group_by=  0.242ms per_group= 0.107ms)
[pe] round= 12 work=     2048 frontier=     2048 next=     1024 consolidate=  0.427ms frontier=  0.124ms semisort=  0.330ms (keyed= 0.000ms group_by=  0.161ms per_group= 0.053ms)
[pe] round= 13 work=     1024 frontier=     1024 next=      512 consolidate=  0.170ms frontier=  0.076ms semisort=  0.190ms (keyed= 0.000ms group_by=  0.064ms per_group= 0.043ms)
[pe] round= 14 work=      512 frontier=      512 next=      256 consolidate=  0.121ms frontier=  0.056ms semisort=  0.139ms (keyed= 0.000ms group_by=  0.038ms per_group= 0.032ms)
[pe] round= 15 work=      256 frontier=      256 next=      128 consolidate=  0.064ms frontier=  0.036ms semisort=  0.090ms (keyed= 0.000ms group_by=  0.030ms per_group= 0.025ms)
[pe] round= 16 work=      128 frontier=      128 next=       64 consolidate=  0.054ms frontier=  0.031ms semisort=  0.059ms (keyed= 0.000ms group_by=  0.017ms per_group= 0.014ms)
[pe] round= 17 work=       64 frontier=       64 next=       32 consolidate=  0.028ms frontier=  0.011ms semisort=  0.038ms (keyed= 0.000ms group_by=  0.009ms per_group= 0.011ms)
[pe] round= 18 work=       32 frontier=       32 next=       16 consolidate=  0.021ms frontier=  0.009ms semisort=  0.017ms (keyed= 0.000ms group_by=  0.005ms per_group= 0.004ms)
[pe] round= 19 work=       16 frontier=       16 next=        8 consolidate=  0.014ms frontier=  0.003ms semisort=  0.010ms (keyed= 0.000ms group_by=  0.004ms per_group= 0.002ms)
[pe] round= 20 work=        8 frontier=        8 next=        4 consolidate=  0.007ms frontier=  0.002ms semisort=  0.006ms (keyed= 0.000ms group_by=  0.003ms per_group= 0.001ms)
[pe] round= 21 work=        4 frontier=        4 next=        2 consolidate=  0.003ms frontier=  0.001ms semisort=  0.004ms (keyed= 0.000ms group_by=  0.003ms per_group= 0.001ms)
[pe] round= 22 work=        2 frontier=        0 next=        0 consolidate=  0.002ms frontier=  0.001ms semisort=  0.000ms (break)
[pe] round=  0 work=      230 frontier=  9125250 next=  3041750 consolidate=  0.875ms frontier=  2.081ms semisort=118.709ms (keyed= 0.000ms group_by= 32.575ms per_group=28.343ms)
[pe] round=  1 work=  3041750 frontier=  3041750 next=  1048576 consolidate=107.760ms frontier= 26.021ms semisort= 72.161ms (keyed= 0.000ms group_by= 18.746ms per_group=10.856ms)
[pe] round=  2 work=  1048576 frontier=  1048576 next=   944598 consolidate= 41.273ms frontier= 10.753ms semisort= 32.028ms (keyed= 0.000ms group_by=  6.190ms per_group= 8.549ms)
[pe] round=  3 work=   944598 frontier=   944598 next=   524288 consolidate= 36.899ms frontier=  9.240ms semisort= 21.413ms (keyed= 0.000ms group_by=  5.048ms per_group= 5.295ms)
[pe] round=  4 work=   524288 frontier=   524288 next=   262144 consolidate= 21.596ms frontier=  5.031ms semisort= 12.029ms (keyed= 0.000ms group_by=  2.777ms per_group= 2.957ms)
[pe] round=  5 work=   262144 frontier=   262144 next=   131072 consolidate= 12.688ms frontier=  2.609ms semisort=  6.416ms (keyed= 0.000ms group_by=  1.478ms per_group= 1.528ms)
[pe] round=  6 work=   131072 frontier=   131072 next=    65536 consolidate=  5.430ms frontier=  1.575ms semisort=  3.294ms (keyed= 0.000ms group_by=  0.822ms per_group= 0.823ms)
[pe] round=  7 work=    65536 frontier=    65536 next=    32768 consolidate=  2.703ms frontier=  0.764ms semisort=  4.736ms (keyed= 0.000ms group_by=  3.360ms per_group= 0.461ms)
[pe] round=  8 work=    32768 frontier=    32768 next=    16384 consolidate=  1.426ms frontier=  0.461ms semisort=  2.498ms (keyed= 0.000ms group_by=  1.624ms per_group= 0.282ms)
[pe] round=  9 work=    16384 frontier=    16384 next=     8192 consolidate=  1.824ms frontier=  0.489ms semisort=  1.541ms (keyed= 0.000ms group_by=  0.993ms per_group= 0.168ms)
[pe] round= 10 work=     8192 frontier=     8192 next=     4096 consolidate=  1.119ms frontier=  0.310ms semisort=  0.861ms (keyed= 0.000ms group_by=  0.417ms per_group= 0.107ms)
[pe] round= 11 work=     4096 frontier=     4096 next=     2048 consolidate=  0.677ms frontier=  0.205ms semisort=  0.503ms (keyed= 0.000ms group_by=  0.236ms per_group= 0.067ms)
[pe] round= 12 work=     2048 frontier=     2048 next=     1024 consolidate=  0.413ms frontier=  0.100ms semisort=  0.325ms (keyed= 0.000ms group_by=  0.153ms per_group= 0.049ms)
[pe] round= 13 work=     1024 frontier=     1024 next=      512 consolidate=  0.209ms frontier=  0.070ms semisort=  0.188ms (keyed= 0.000ms group_by=  0.071ms per_group= 0.038ms)
[pe] round= 14 work=      512 frontier=      512 next=      256 consolidate=  0.099ms frontier=  0.059ms semisort=  0.110ms (keyed= 0.000ms group_by=  0.038ms per_group= 0.024ms)
[pe] round= 15 work=      256 frontier=      256 next=      128 consolidate=  0.064ms frontier=  0.038ms semisort=  0.077ms (keyed= 0.000ms group_by=  0.028ms per_group= 0.019ms)
[pe] round= 16 work=      128 frontier=      128 next=       64 consolidate=  0.043ms frontier=  0.021ms semisort=  0.055ms (keyed= 0.000ms group_by=  0.013ms per_group= 0.014ms)
[pe] round= 17 work=       64 frontier=       64 next=       32 consolidate=  0.028ms frontier=  0.017ms semisort=  0.033ms (keyed= 0.000ms group_by=  0.009ms per_group= 0.009ms)
[pe] round= 18 work=       32 frontier=       32 next=       16 consolidate=  0.023ms frontier=  0.006ms semisort=  0.017ms (keyed= 0.000ms group_by=  0.005ms per_group= 0.004ms)
[pe] round= 19 work=       16 frontier=       16 next=        8 consolidate=  0.013ms frontier=  0.004ms semisort=  0.011ms (keyed= 0.000ms group_by=  0.004ms per_group= 0.002ms)
[pe] round= 20 work=        8 frontier=        8 next=        4 consolidate=  0.011ms frontier=  0.002ms semisort=  0.007ms (keyed= 0.000ms group_by=  0.003ms per_group= 0.001ms)
[pe] round= 21 work=        4 frontier=        4 next=        2 consolidate=  0.004ms frontier=  0.001ms semisort=  0.005ms (keyed= 0.000ms group_by=  0.003ms per_group= 0.001ms)
[pe] round= 22 work=        2 frontier=        0 next=        0 consolidate=  0.002ms frontier=  0.001ms semisort=  0.000ms (break)
[pe] round=  0 work=      230 frontier=  9125250 next=  3041750 consolidate=  0.970ms frontier=  2.381ms semisort=116.757ms (keyed= 0.000ms group_by= 33.896ms per_group=28.402ms)
[pe] round=  1 work=  3041750 frontier=  3041750 next=  1048576 consolidate=112.767ms frontier= 27.105ms semisort= 69.402ms (keyed= 0.000ms group_by= 18.046ms per_group=10.663ms)
[pe] round=  2 work=  1048576 frontier=  1048576 next=   944598 consolidate= 41.253ms frontier= 11.515ms semisort= 32.164ms (keyed= 0.000ms group_by=  6.375ms per_group= 8.521ms)
[pe] round=  3 work=   944598 frontier=   944598 next=   524288 consolidate= 37.427ms frontier=  9.013ms semisort= 22.097ms (keyed= 0.000ms group_by=  5.704ms per_group= 5.259ms)
[pe] round=  4 work=   524288 frontier=   524288 next=   262144 consolidate= 22.030ms frontier=  4.936ms semisort= 12.001ms (keyed= 0.000ms group_by=  2.903ms per_group= 2.859ms)
[pe] round=  5 work=   262144 frontier=   262144 next=   131072 consolidate= 11.123ms frontier=  2.929ms semisort=  6.671ms (keyed= 0.000ms group_by=  1.681ms per_group= 1.527ms)
[pe] round=  6 work=   131072 frontier=   131072 next=    65536 consolidate=  5.412ms frontier=  1.358ms semisort=  3.382ms (keyed= 0.000ms group_by=  0.862ms per_group= 0.826ms)
[pe] round=  7 work=    65536 frontier=    65536 next=    32768 consolidate=  2.756ms frontier=  0.759ms semisort=  4.836ms (keyed= 0.000ms group_by=  3.462ms per_group= 0.463ms)
[pe] round=  8 work=    32768 frontier=    32768 next=    16384 consolidate=  1.486ms frontier=  0.449ms semisort=  2.453ms (keyed= 0.000ms group_by=  1.582ms per_group= 0.271ms)
[pe] round=  9 work=    16384 frontier=    16384 next=     8192 consolidate=  1.783ms frontier=  0.321ms semisort=  1.338ms (keyed= 0.000ms group_by=  0.819ms per_group= 0.172ms)
[pe] round= 10 work=     8192 frontier=     8192 next=     4096 consolidate=  1.099ms frontier=  0.528ms semisort=  0.916ms (keyed= 0.000ms group_by=  0.457ms per_group= 0.111ms)
[pe] round= 11 work=     4096 frontier=     4096 next=     2048 consolidate=  0.662ms frontier=  0.203ms semisort=  0.527ms (keyed= 0.000ms group_by=  0.242ms per_group= 0.081ms)
[pe] round= 12 work=     2048 frontier=     2048 next=     1024 consolidate=  0.557ms frontier=  0.105ms semisort=  0.335ms (keyed= 0.000ms group_by=  0.156ms per_group= 0.055ms)
[pe] round= 13 work=     1024 frontier=     1024 next=      512 consolidate=  0.216ms frontier=  0.076ms semisort=  0.195ms (keyed= 0.000ms group_by=  0.067ms per_group= 0.044ms)
[pe] round= 14 work=      512 frontier=      512 next=      256 consolidate=  0.114ms frontier=  0.057ms semisort=  0.141ms (keyed= 0.000ms group_by=  0.044ms per_group= 0.034ms)
[pe] round= 15 work=      256 frontier=      256 next=      128 consolidate=  0.063ms frontier=  0.043ms semisort=  0.081ms (keyed= 0.000ms group_by=  0.027ms per_group= 0.023ms)
[pe] round= 16 work=      128 frontier=      128 next=       64 consolidate=  0.058ms frontier=  0.026ms semisort=  0.058ms (keyed= 0.000ms group_by=  0.013ms per_group= 0.017ms)
[pe] round= 17 work=       64 frontier=       64 next=       32 consolidate=  0.029ms frontier=  0.018ms semisort=  0.034ms (keyed= 0.000ms group_by=  0.009ms per_group= 0.009ms)
[pe] round= 18 work=       32 frontier=       32 next=       16 consolidate=  0.021ms frontier=  0.011ms semisort=  0.020ms (keyed= 0.000ms group_by=  0.005ms per_group= 0.003ms)
[pe] round= 19 work=       16 frontier=       16 next=        8 consolidate=  0.013ms frontier=  0.004ms semisort=  0.011ms (keyed= 0.000ms group_by=  0.004ms per_group= 0.002ms)
[pe] round= 20 work=        8 frontier=        8 next=        4 consolidate=  0.008ms frontier=  0.003ms semisort=  0.007ms (keyed= 0.000ms group_by=  0.003ms per_group= 0.001ms)
[pe] round= 21 work=        4 frontier=        4 next=        2 consolidate=  0.004ms frontier=  0.001ms semisort=  0.005ms (keyed= 0.000ms group_by=  0.003ms per_group= 0.001ms)
[pe] round= 22 work=        2 frontier=        0 next=        0 consolidate=  0.002ms frontier=  0.001ms semisort=  0.000ms (break)
[pe] round=  0 work=      230 frontier=  9125250 next=  3041750 consolidate=  1.055ms frontier=  2.386ms semisort=121.721ms (keyed= 0.000ms group_by= 33.662ms per_group=28.544ms)
[pe] round=  1 work=  3041750 frontier=  3041750 next=  1048576 consolidate=115.591ms frontier= 27.599ms semisort= 71.895ms (keyed= 0.000ms group_by= 19.847ms per_group=10.883ms)
[pe] round=  2 work=  1048576 frontier=  1048576 next=   944598 consolidate= 41.853ms frontier= 10.372ms semisort= 31.576ms (keyed= 0.000ms group_by=  6.402ms per_group= 8.587ms)
[pe] round=  3 work=   944598 frontier=   944598 next=   524288 consolidate= 38.035ms frontier=  8.998ms semisort= 21.135ms (keyed= 0.000ms group_by=  4.669ms per_group= 5.176ms)
[pe] round=  4 work=   524288 frontier=   524288 next=   262144 consolidate= 22.304ms frontier=  5.198ms semisort= 12.054ms (keyed= 0.000ms group_by=  2.841ms per_group= 2.858ms)
[pe] round=  5 work=   262144 frontier=   262144 next=   131072 consolidate= 11.145ms frontier=  2.986ms semisort=  6.694ms (keyed= 0.000ms group_by=  1.605ms per_group= 1.595ms)
[pe] round=  6 work=   131072 frontier=   131072 next=    65536 consolidate=  5.487ms frontier=  1.569ms semisort=  3.413ms (keyed= 0.000ms group_by=  0.931ms per_group= 0.821ms)
[pe] round=  7 work=    65536 frontier=    65536 next=    32768 consolidate=  2.728ms frontier=  0.753ms semisort=  4.786ms (keyed= 0.000ms group_by=  3.408ms per_group= 0.481ms)
[pe] round=  8 work=    32768 frontier=    32768 next=    16384 consolidate=  1.495ms frontier=  0.468ms semisort=  2.448ms (keyed= 0.000ms group_by=  1.561ms per_group= 0.281ms)
[pe] round=  9 work=    16384 frontier=    16384 next=     8192 consolidate=  1.509ms frontier=  0.301ms semisort=  1.315ms (keyed= 0.000ms group_by=  0.795ms per_group= 0.174ms)
[pe] round= 10 work=     8192 frontier=     8192 next=     4096 consolidate=  1.106ms frontier=  0.312ms semisort=  0.898ms (keyed= 0.000ms group_by=  0.433ms per_group= 0.131ms)
[pe] round= 11 work=     4096 frontier=     4096 next=     2048 consolidate=  0.966ms frontier=  0.202ms semisort=  0.532ms (keyed= 0.000ms group_by=  0.245ms per_group= 0.074ms)
[pe] round= 12 work=     2048 frontier=     2048 next=     1024 consolidate=  0.425ms frontier=  0.127ms semisort=  0.339ms (keyed= 0.000ms group_by=  0.155ms per_group= 0.055ms)
[pe] round= 13 work=     1024 frontier=     1024 next=      512 consolidate=  0.166ms frontier=  0.076ms semisort=  0.190ms (keyed= 0.000ms group_by=  0.064ms per_group= 0.042ms)
[pe] round= 14 work=      512 frontier=      512 next=      256 consolidate=  0.317ms frontier=  0.054ms semisort=  0.138ms (keyed= 0.000ms group_by=  0.038ms per_group= 0.031ms)
[pe] round= 15 work=      256 frontier=      256 next=      128 consolidate=  0.068ms frontier=  0.041ms semisort=  0.096ms (keyed= 0.000ms group_by=  0.028ms per_group= 0.024ms)
[pe] round= 16 work=      128 frontier=      128 next=       64 consolidate=  0.048ms frontier=  0.038ms semisort=  0.065ms (keyed= 0.000ms group_by=  0.017ms per_group= 0.018ms)
[pe] round= 17 work=       64 frontier=       64 next=       32 consolidate=  0.029ms frontier=  0.019ms semisort=  0.035ms (keyed= 0.000ms group_by=  0.009ms per_group= 0.009ms)
[pe] round= 18 work=       32 frontier=       32 next=       16 consolidate=  0.022ms frontier=  0.007ms semisort=  0.022ms (keyed= 0.000ms group_by=  0.005ms per_group= 0.005ms)
[pe] round= 19 work=       16 frontier=       16 next=        8 consolidate=  0.014ms frontier=  0.004ms semisort=  0.011ms (keyed= 0.000ms group_by=  0.004ms per_group= 0.002ms)
[pe] round= 20 work=        8 frontier=        8 next=        4 consolidate=  0.008ms frontier=  0.002ms semisort=  0.007ms (keyed= 0.000ms group_by=  0.004ms per_group= 0.001ms)
[pe] round= 21 work=        4 frontier=        4 next=        2 consolidate=  0.004ms frontier=  0.001ms semisort=  0.004ms (keyed= 0.000ms group_by=  0.002ms per_group= 0.001ms)
[pe] round= 22 work=        2 frontier=        0 next=        0 consolidate=  0.002ms frontier=  0.001ms semisort=  0.000ms (break)
[pe] round=  0 work=      230 frontier=  9125250 next=  3041750 consolidate=  1.074ms frontier=  2.426ms semisort=119.952ms (keyed= 0.000ms group_by= 33.283ms per_group=28.354ms)
[pe] round=  1 work=  3041750 frontier=  3041750 next=  1048576 consolidate=109.103ms frontier= 27.861ms semisort= 71.153ms (keyed= 0.000ms group_by= 18.425ms per_group=11.161ms)
[pe] round=  2 work=  1048576 frontier=  1048576 next=   944598 consolidate= 42.447ms frontier= 10.286ms semisort= 31.461ms (keyed= 0.000ms group_by=  6.270ms per_group= 8.516ms)
[pe] round=  3 work=   944598 frontier=   944598 next=   524288 consolidate= 38.122ms frontier=  9.520ms semisort= 21.738ms (keyed= 0.000ms group_by=  4.813ms per_group= 5.408ms)
[pe] round=  4 work=   524288 frontier=   524288 next=   262144 consolidate= 22.718ms frontier=  5.589ms semisort= 13.004ms (keyed= 0.000ms group_by=  2.905ms per_group= 3.002ms)
[pe] round=  5 work=   262144 frontier=   262144 next=   131072 consolidate= 11.526ms frontier=  2.668ms semisort=  6.708ms (keyed= 0.000ms group_by=  1.692ms per_group= 1.566ms)
[pe] round=  6 work=   131072 frontier=   131072 next=    65536 consolidate=  5.480ms frontier=  1.374ms semisort=  3.446ms (keyed= 0.000ms group_by=  0.912ms per_group= 0.825ms)
[pe] round=  7 work=    65536 frontier=    65536 next=    32768 consolidate=  2.892ms frontier=  0.780ms semisort=  4.740ms (keyed= 0.000ms group_by=  3.357ms per_group= 0.470ms)
[pe] round=  8 work=    32768 frontier=    32768 next=    16384 consolidate=  1.529ms frontier=  0.468ms semisort=  2.594ms (keyed= 0.000ms group_by=  1.716ms per_group= 0.284ms)
[pe] round=  9 work=    16384 frontier=    16384 next=     8192 consolidate=  1.549ms frontier=  0.312ms semisort=  1.337ms (keyed= 0.000ms group_by=  0.795ms per_group= 0.179ms)
[pe] round= 10 work=     8192 frontier=     8192 next=     4096 consolidate=  1.081ms frontier=  0.305ms semisort=  0.903ms (keyed= 0.000ms group_by=  0.450ms per_group= 0.109ms)
[pe] round= 11 work=     4096 frontier=     4096 next=     2048 consolidate=  0.649ms frontier=  0.205ms semisort=  0.741ms (keyed= 0.000ms group_by=  0.453ms per_group= 0.079ms)
[pe] round= 12 work=     2048 frontier=     2048 next=     1024 consolidate=  0.422ms frontier=  0.127ms semisort=  0.329ms (keyed= 0.000ms group_by=  0.155ms per_group= 0.053ms)
[pe] round= 13 work=     1024 frontier=     1024 next=      512 consolidate=  0.172ms frontier=  0.075ms semisort=  0.191ms (keyed= 0.000ms group_by=  0.063ms per_group= 0.043ms)
[pe] round= 14 work=      512 frontier=      512 next=      256 consolidate=  0.118ms frontier=  0.058ms semisort=  0.132ms (keyed= 0.000ms group_by=  0.048ms per_group= 0.031ms)
[pe] round= 15 work=      256 frontier=      256 next=      128 consolidate=  0.066ms frontier=  0.041ms semisort=  0.093ms (keyed= 0.000ms group_by=  0.026ms per_group= 0.027ms)
[pe] round= 16 work=      128 frontier=      128 next=       64 consolidate=  0.053ms frontier=  0.027ms semisort=  0.058ms (keyed= 0.000ms group_by=  0.015ms per_group= 0.018ms)
[pe] round= 17 work=       64 frontier=       64 next=       32 consolidate=  0.034ms frontier=  0.019ms semisort=  0.034ms (keyed= 0.000ms group_by=  0.009ms per_group= 0.009ms)
[pe] round= 18 work=       32 frontier=       32 next=       16 consolidate=  0.021ms frontier=  0.009ms semisort=  0.027ms (keyed= 0.000ms group_by=  0.006ms per_group= 0.009ms)
[pe] round= 19 work=       16 frontier=       16 next=        8 consolidate=  0.014ms frontier=  0.004ms semisort=  0.010ms (keyed= 0.000ms group_by=  0.004ms per_group= 0.002ms)
[pe] round= 20 work=        8 frontier=        8 next=        4 consolidate=  0.008ms frontier=  0.002ms semisort=  0.007ms (keyed= 0.000ms group_by=  0.003ms per_group= 0.001ms)
[pe] round= 21 work=        4 frontier=        4 next=        2 consolidate=  0.004ms frontier=  0.001ms semisort=  0.004ms (keyed= 0.000ms group_by=  0.003ms per_group= 0.001ms)
[pe] round= 22 work=        2 frontier=        0 next=        0 consolidate=  0.002ms frontier=  0.001ms semisort=  0.000ms (break)
[pe] round=  0 work=      230 frontier=  9125250 next=  3041750 consolidate=  0.927ms frontier=  2.364ms semisort=120.290ms (keyed= 0.000ms group_by= 33.467ms per_group=27.854ms)
[pe] round=  1 work=  3041750 frontier=  3041750 next=  1048576 consolidate=122.694ms frontier= 27.859ms semisort= 70.668ms (keyed= 0.000ms group_by= 18.179ms per_group=10.994ms)
[pe] round=  2 work=  1048576 frontier=  1048576 next=   944598 consolidate= 42.578ms frontier= 10.439ms semisort= 31.646ms (keyed= 0.000ms group_by=  6.316ms per_group= 8.507ms)
[pe] round=  3 work=   944598 frontier=   944598 next=   524288 consolidate= 38.475ms frontier= 10.158ms semisort= 22.569ms (keyed= 0.000ms group_by=  4.842ms per_group= 5.159ms)
[pe] round=  4 work=   524288 frontier=   524288 next=   262144 consolidate= 23.016ms frontier=  5.804ms semisort= 12.243ms (keyed= 0.000ms group_by=  2.937ms per_group= 2.924ms)
[pe] round=  5 work=   262144 frontier=   262144 next=   131072 consolidate= 11.416ms frontier=  2.679ms semisort=  6.701ms (keyed= 0.000ms group_by=  1.642ms per_group= 1.605ms)
[pe] round=  6 work=   131072 frontier=   131072 next=    65536 consolidate=  5.576ms frontier=  1.377ms semisort=  3.485ms (keyed= 0.000ms group_by=  0.962ms per_group= 0.847ms)
[pe] round=  7 work=    65536 frontier=    65536 next=    32768 consolidate=  2.777ms frontier=  0.800ms semisort=  4.584ms (keyed= 0.000ms group_by=  3.208ms per_group= 0.470ms)
[pe] round=  8 work=    32768 frontier=    32768 next=    16384 consolidate=  1.487ms frontier=  0.474ms semisort=  2.489ms (keyed= 0.000ms group_by=  1.601ms per_group= 0.285ms)
[pe] round=  9 work=    16384 frontier=    16384 next=     8192 consolidate=  1.881ms frontier=  0.320ms semisort=  1.388ms (keyed= 0.000ms group_by=  0.808ms per_group= 0.204ms)
[pe] round= 10 work=     8192 frontier=     8192 next=     4096 consolidate=  1.025ms frontier=  0.305ms semisort=  0.873ms (keyed= 0.000ms group_by=  0.430ms per_group= 0.101ms)
[pe] round= 11 work=     4096 frontier=     4096 next=     2048 consolidate=  0.597ms frontier=  0.208ms semisort=  0.502ms (keyed= 0.000ms group_by=  0.230ms per_group= 0.074ms)
[pe] round= 12 work=     2048 frontier=     2048 next=     1024 consolidate=  0.616ms frontier=  0.105ms semisort=  0.330ms (keyed= 0.000ms group_by=  0.150ms per_group= 0.059ms)
[pe] round= 13 work=     1024 frontier=     1024 next=      512 consolidate=  0.223ms frontier=  0.074ms semisort=  0.200ms (keyed= 0.000ms group_by=  0.072ms per_group= 0.036ms)
[pe] round= 14 work=      512 frontier=      512 next=      256 consolidate=  0.109ms frontier=  0.058ms semisort=  0.125ms (keyed= 0.000ms group_by=  0.040ms per_group= 0.029ms)
[pe] round= 15 work=      256 frontier=      256 next=      128 consolidate=  0.060ms frontier=  0.043ms semisort=  0.276ms (keyed= 0.000ms group_by=  0.029ms per_group= 0.020ms)
[pe] round= 16 work=      128 frontier=      128 next=       64 consolidate=  0.053ms frontier=  0.024ms semisort=  0.060ms (keyed= 0.000ms group_by=  0.014ms per_group= 0.019ms)
[pe] round= 17 work=       64 frontier=       64 next=       32 consolidate=  0.036ms frontier=  0.018ms semisort=  0.041ms (keyed= 0.000ms group_by=  0.009ms per_group= 0.014ms)
[pe] round= 18 work=       32 frontier=       32 next=       16 consolidate=  0.019ms frontier=  0.011ms semisort=  0.024ms (keyed= 0.000ms group_by=  0.006ms per_group= 0.005ms)
[pe] round= 19 work=       16 frontier=       16 next=        8 consolidate=  0.013ms frontier=  0.004ms semisort=  0.010ms (keyed= 0.000ms group_by=  0.004ms per_group= 0.002ms)
[pe] round= 20 work=        8 frontier=        8 next=        4 consolidate=  0.009ms frontier=  0.002ms semisort=  0.007ms (keyed= 0.000ms group_by=  0.003ms per_group= 0.001ms)
[pe] round= 21 work=        4 frontier=        4 next=        2 consolidate=  0.004ms frontier=  0.001ms semisort=  0.004ms (keyed= 0.000ms group_by=  0.003ms per_group= 0.001ms)
[pe] round= 22 work=        2 frontier=        0 next=        0 consolidate=  0.002ms frontier=  0.001ms semisort=  0.000ms (break)
