=== trial 0 (T=8) ===
[pe] round=  0 work=      310 frontier=      563 next=       42 consolidate=  0.832ms frontier=  0.334ms semisort=  0.700ms (keyed= 0.000ms group_by=  0.405ms per_group= 0.218ms)
[pe] round=  1 work=       42 frontier=      176 next=        5 consolidate=  0.316ms frontier=  0.005ms semisort=  0.058ms (keyed= 0.000ms group_by=  0.020ms per_group= 0.009ms)
[pe] round=  2 work=        5 frontier=       36 next=        0 consolidate=  0.004ms frontier=  0.001ms semisort=  0.011ms (keyed= 0.000ms group_by=  0.005ms per_group= 0.001ms)
timing: read=0.13ms parse=0.64ms build=2.99ms close=2.59ms check=0.00ms dtor=0.04ms
=== trial 1 (T=8) ===
[pe] round=  0 work=      310 frontier=      563 next=       42 consolidate=  0.988ms frontier=  0.267ms semisort=  0.877ms (keyed= 0.000ms group_by=  0.540ms per_group= 0.271ms)
[pe] round=  1 work=       42 frontier=      176 next=        5 consolidate=  0.172ms frontier=  0.004ms semisort=  0.058ms (keyed= 0.000ms group_by=  0.020ms per_group= 0.010ms)
[pe] round=  2 work=        5 frontier=       36 next=        0 consolidate=  0.004ms frontier=  0.001ms semisort=  0.010ms (keyed= 0.000ms group_by=  0.005ms per_group= 0.001ms)
timing: read=0.13ms parse=0.62ms build=3.09ms close=2.72ms check=0.00ms dtor=0.04ms
=== trial 2 (T=8) ===
[pe] round=  0 work=      310 frontier=      563 next=       42 consolidate=  1.305ms frontier=  0.448ms semisort=  0.616ms (keyed= 0.000ms group_by=  0.257ms per_group= 0.287ms)
[pe] round=  1 work=       42 frontier=      176 next=        5 consolidate=  0.023ms frontier=  0.003ms semisort=  0.057ms (keyed= 0.000ms group_by=  0.020ms per_group= 0.010ms)
[pe] round=  2 work=        5 frontier=       36 next=        0 consolidate=  0.004ms frontier=  0.001ms semisort=  0.011ms (keyed= 0.000ms group_by=  0.006ms per_group= 0.001ms)
timing: read=0.15ms parse=0.62ms build=3.01ms close=2.55ms check=0.00ms dtor=0.04ms
=== trial 3 (T=8) ===
[pe] round=  0 work=      310 frontier=      563 next=       42 consolidate=  1.652ms frontier=  0.326ms semisort=  0.398ms (keyed= 0.000ms group_by=  0.280ms per_group= 0.048ms)
[pe] round=  1 work=       42 frontier=      176 next=        5 consolidate=  0.024ms frontier=  0.002ms semisort=  0.057ms (keyed= 0.000ms group_by=  0.018ms per_group= 0.010ms)
[pe] round=  2 work=        5 frontier=       36 next=        0 consolidate=  0.004ms frontier=  0.001ms semisort=  0.013ms (keyed= 0.000ms group_by=  0.006ms per_group= 0.002ms)
timing: read=0.16ms parse=0.62ms build=3.11ms close=2.72ms check=0.00ms dtor=0.04ms
=== trial 4 (T=8) ===
[pe] round=  0 work=      310 frontier=      563 next=       42 consolidate=  1.097ms frontier=  0.182ms semisort=  0.514ms (keyed= 0.000ms group_by=  0.398ms per_group= 0.050ms)
[pe] round=  1 work=       42 frontier=      176 next=        5 consolidate=  0.027ms frontier=  0.003ms semisort=  0.051ms (keyed= 0.000ms group_by=  0.019ms per_group= 0.008ms)
[pe] round=  2 work=        5 frontier=       36 next=        0 consolidate=  0.004ms frontier=  0.001ms semisort=  0.011ms (keyed= 0.000ms group_by=  0.006ms per_group= 0.001ms)
timing: read=0.13ms parse=0.61ms build=3.08ms close=2.13ms check=0.00ms dtor=0.04ms
