=== trial 0 (T=2) ===
[pe] round=  0 work=      654 frontier=     1244 next=      122 consolidate=  0.394ms frontier=  0.025ms semisort=  0.423ms (keyed= 0.000ms group_by=  0.259ms per_group= 0.069ms)
[pe] round=  1 work=      122 frontier=      628 next=        7 consolidate=  0.025ms frontier=  0.004ms semisort=  0.107ms (keyed= 0.000ms group_by=  0.041ms per_group= 0.011ms)
[pe] round=  2 work=        7 frontier=       59 next=        0 consolidate=  0.004ms frontier=  0.001ms semisort=  0.013ms (keyed= 0.000ms group_by=  0.007ms per_group= 0.001ms)
timing: read=0.19ms parse=1.43ms build=2.93ms close=1.10ms check=0.00ms dtor=0.05ms
=== trial 1 (T=2) ===
[pe] round=  0 work=      654 frontier=     1244 next=      122 consolidate=  0.454ms frontier=  0.025ms semisort=  0.438ms (keyed= 0.000ms group_by=  0.262ms per_group= 0.077ms)
[pe] round=  1 work=      122 frontier=      628 next=        7 consolidate=  0.027ms frontier=  0.004ms semisort=  0.099ms (keyed= 0.000ms group_by=  0.040ms per_group= 0.011ms)
[pe] round=  2 work=        7 frontier=       59 next=        0 consolidate=  0.004ms frontier=  0.001ms semisort=  0.012ms (keyed= 0.000ms group_by=  0.007ms per_group= 0.001ms)
timing: read=0.24ms parse=1.45ms build=2.98ms close=1.17ms check=0.00ms dtor=0.05ms
=== trial 2 (T=2) ===
[pe] round=  0 work=      654 frontier=     1244 next=      122 consolidate=  0.238ms frontier=  0.024ms semisort=  0.430ms (keyed= 0.000ms group_by=  0.262ms per_group= 0.072ms)
[pe] round=  1 work=      122 frontier=      628 next=        7 consolidate=  0.025ms frontier=  0.005ms semisort=  0.103ms (keyed= 0.000ms group_by=  0.045ms per_group= 0.011ms)
[pe] round=  2 work=        7 frontier=       59 next=        0 consolidate=  0.004ms frontier=  0.001ms semisort=  0.012ms (keyed= 0.000ms group_by=  0.007ms per_group= 0.001ms)
timing: read=0.24ms parse=1.41ms build=2.67ms close=1.13ms check=0.00ms dtor=0.04ms
=== trial 3 (T=2) ===
[pe] round=  0 work=      654 frontier=     1244 next=      122 consolidate=  0.332ms frontier=  0.024ms semisort=  0.430ms (keyed= 0.000ms group_by=  0.258ms per_group= 0.072ms)
[pe] round=  1 work=      122 frontier=      628 next=        7 consolidate=  0.025ms frontier=  0.005ms semisort=  0.098ms (keyed= 0.000ms group_by=  0.041ms per_group= 0.011ms)
[pe] round=  2 work=        7 frontier=       59 next=        0 consolidate=  0.004ms frontier=  0.001ms semisort=  0.012ms (keyed= 0.000ms group_by=  0.007ms per_group= 0.001ms)
timing: read=0.24ms parse=1.42ms build=2.65ms close=1.21ms check=0.00ms dtor=0.05ms
=== trial 4 (T=2) ===
[pe] round=  0 work=      654 frontier=     1244 next=      122 consolidate=  0.458ms frontier=  0.027ms semisort=  0.449ms (keyed= 0.000ms group_by=  0.263ms per_group= 0.083ms)
[pe] round=  1 work=      122 frontier=      628 next=        7 consolidate=  0.027ms frontier=  0.004ms semisort=  0.108ms (keyed= 0.000ms group_by=  0.041ms per_group= 0.011ms)
[pe] round=  2 work=        7 frontier=       59 next=        0 consolidate=  0.004ms frontier=  0.001ms semisort=  0.012ms (keyed= 0.000ms group_by=  0.007ms per_group= 0.001ms)
timing: read=0.24ms parse=1.42ms build=3.22ms close=1.19ms check=0.00ms dtor=0.05ms
