=== trial 0 (T=32) ===
[pe] round=  0 work=      654 frontier=     1244 next=      122 consolidate=  3.230ms frontier=  0.933ms semisort=  0.993ms (keyed= 0.000ms group_by=  0.531ms per_group= 0.379ms)
[pe] round=  1 work=      122 frontier=      628 next=        7 consolidate=  0.380ms frontier=  0.227ms semisort=  0.572ms (keyed= 0.000ms group_by=  0.374ms per_group= 0.155ms)
[pe] round=  2 work=        7 frontier=       59 next=        0 consolidate=  0.007ms frontier=  0.002ms semisort=  0.015ms (keyed= 0.000ms group_by=  0.007ms per_group= 0.001ms)
timing: read=0.21ms parse=1.40ms build=9.43ms close=6.85ms check=0.00ms dtor=0.06ms
=== trial 1 (T=32) ===
[pe] round=  0 work=      654 frontier=     1244 next=      122 consolidate=  2.895ms frontier=  0.644ms semisort=  0.980ms (keyed= 0.000ms group_by=  0.551ms per_group= 0.346ms)
[pe] round=  1 work=      122 frontier=      628 next=        7 consolidate=  0.250ms frontier=  0.008ms semisort=  0.686ms (keyed= 0.000ms group_by=  0.458ms per_group= 0.174ms)
[pe] round=  2 work=        7 frontier=       59 next=        0 consolidate=  0.007ms frontier=  0.001ms semisort=  0.015ms (keyed= 0.000ms group_by=  0.008ms per_group= 0.001ms)
timing: read=0.23ms parse=1.42ms build=8.87ms close=5.99ms check=0.00ms dtor=0.05ms
=== trial 2 (T=32) ===
[pe] round=  0 work=      654 frontier=     1244 next=      122 consolidate=  6.305ms frontier=  0.787ms semisort=  1.143ms (keyed= 0.000ms group_by=  0.678ms per_group= 0.389ms)
[pe] round=  1 work=      122 frontier=      628 next=        7 consolidate=  0.424ms frontier=  0.008ms semisort=  0.324ms (keyed= 0.000ms group_by=  0.255ms per_group= 0.025ms)
[pe] round=  2 work=        7 frontier=       59 next=        0 consolidate=  0.006ms frontier=  0.001ms semisort=  0.014ms (keyed= 0.000ms group_by=  0.007ms per_group= 0.001ms)
timing: read=0.26ms parse=1.53ms build=6.48ms close=9.40ms check=0.00ms dtor=0.05ms
=== trial 3 (T=32) ===
[pe] round=  0 work=      654 frontier=     1244 next=      122 consolidate=  3.279ms frontier=  0.606ms semisort=  1.645ms (keyed= 0.000ms group_by=  1.190ms per_group= 0.374ms)
[pe] round=  1 work=      122 frontier=      628 next=        7 consolidate=  0.330ms frontier=  0.009ms semisort=  0.536ms (keyed= 0.000ms group_by=  0.467ms per_group= 0.025ms)
[pe] round=  2 work=        7 frontier=       59 next=        0 consolidate=  0.006ms frontier=  0.001ms semisort=  0.021ms (keyed= 0.000ms group_by=  0.009ms per_group= 0.001ms)
timing: read=0.23ms parse=1.44ms build=8.91ms close=6.96ms check=0.00ms dtor=0.06ms
=== trial 4 (T=32) ===
[pe] round=  0 work=      654 frontier=     1244 next=      122 consolidate=  4.073ms frontier=  0.613ms semisort=  1.262ms (keyed= 0.000ms group_by=  0.829ms per_group= 0.352ms)
[pe] round=  1 work=      122 frontier=      628 next=        7 consolidate=  0.354ms frontier=  0.009ms semisort=  0.461ms (keyed= 0.000ms group_by=  0.388ms per_group= 0.025ms)
[pe] round=  2 work=        7 frontier=       59 next=        0 consolidate=  0.007ms frontier=  0.001ms semisort=  0.018ms (keyed= 0.000ms group_by=  0.008ms per_group= 0.001ms)
timing: read=0.25ms parse=1.43ms build=7.13ms close=7.49ms check=0.00ms dtor=0.05ms
