=== trial 0 (T=64) ===
[pe] round=  0 work=   126433 frontier=   221222 next=    30428 consolidate=  5.811ms frontier=  1.754ms semisort=  4.097ms (keyed= 0.000ms group_by=  1.716ms per_group= 0.615ms)
[pe] round=  1 work=    30428 frontier=   212133 next=    18175 consolidate=  1.145ms frontier=  0.452ms semisort=  3.037ms (keyed= 0.000ms group_by=  1.112ms per_group= 0.492ms)
[pe] round=  2 work=    18175 frontier=   210268 next=    10195 consolidate=  0.700ms frontier=  0.305ms semisort=  2.862ms (keyed= 0.000ms group_by=  0.990ms per_group= 0.449ms)
[pe] round=  3 work=    10195 frontier=   209915 next=     7241 consolidate=  1.004ms frontier=  0.291ms semisort=  2.646ms (keyed= 0.000ms group_by=  0.967ms per_group= 0.310ms)
[pe] round=  4 work=     7241 frontier=   217881 next=     3985 consolidate=  0.718ms frontier=  0.338ms semisort=  2.270ms (keyed= 0.000ms group_by=  0.976ms per_group= 0.250ms)
[pe] round=  5 work=     3985 frontier=   221875 next=     2847 consolidate=  0.385ms frontier=  0.203ms semisort=  3.543ms (keyed= 0.000ms group_by=  1.525ms per_group= 0.451ms)
[pe] round=  6 work=     2847 frontier=   240880 next=     2695 consolidate=  0.392ms frontier=  0.181ms semisort=  4.303ms (keyed= 0.000ms group_by=  2.631ms per_group= 0.462ms)
[pe] round=  7 work=     2695 frontier=   252346 next=     1779 consolidate=  0.356ms frontier=  0.206ms semisort=  4.359ms (keyed= 0.000ms group_by=  2.956ms per_group= 0.455ms)
[pe] round=  8 work=     1779 frontier=   257876 next=     1091 consolidate=  0.298ms frontier=  0.156ms semisort=  4.211ms (keyed= 0.000ms group_by=  3.083ms per_group= 0.374ms)
[pe] round=  9 work=     1091 frontier=   259939 next=      453 consolidate=  0.194ms frontier=  0.151ms semisort=  4.160ms (keyed= 0.000ms group_by=  3.125ms per_group= 0.341ms)
[pe] round= 10 work=      453 frontier=   260393 next=       71 consolidate=  0.124ms frontier=  0.121ms semisort=  4.105ms (keyed= 0.000ms group_by=  3.100ms per_group= 0.351ms)
[pe] round= 11 work=       71 frontier=   260492 next=        6 consolidate=  0.081ms frontier=  0.110ms semisort=  4.427ms (keyed= 0.000ms group_by=  3.218ms per_group= 0.575ms)
[pe] round= 12 work=        6 frontier=   260499 next=        3 consolidate=  0.066ms frontier=  0.111ms semisort=  4.067ms (keyed= 0.000ms group_by=  3.173ms per_group= 0.307ms)
[pe] round= 13 work=        3 frontier=   260501 next=        0 consolidate=  0.055ms frontier=  0.112ms semisort=  3.987ms (keyed= 0.000ms group_by=  3.326ms per_group= 0.124ms)
timing: read=22.07ms parse=425.55ms build=539.49ms close=71.23ms check=0.00ms dtor=18.76ms
=== trial 1 (T=64) ===
[pe] round=  0 work=   126433 frontier=   221222 next=    30428 consolidate=  6.270ms frontier=  2.364ms semisort=  4.517ms (keyed= 0.000ms group_by=  1.942ms per_group= 0.702ms)
[pe] round=  1 work=    30428 frontier=   212133 next=    18175 consolidate=  1.113ms frontier=  0.407ms semisort=  3.251ms (keyed= 0.000ms group_by=  1.197ms per_group= 0.556ms)
[pe] round=  2 work=    18175 frontier=   210268 next=    10195 consolidate=  0.688ms frontier=  0.377ms semisort=  2.986ms (keyed= 0.000ms group_by=  1.093ms per_group= 0.438ms)
[pe] round=  3 work=    10195 frontier=   209915 next=     7241 consolidate=  1.069ms frontier=  0.298ms semisort=  2.680ms (keyed= 0.000ms group_by=  1.091ms per_group= 0.356ms)
[pe] round=  4 work=     7241 frontier=   217881 next=     3985 consolidate=  0.767ms frontier=  0.291ms semisort=  2.308ms (keyed= 0.000ms group_by=  1.008ms per_group= 0.293ms)
[pe] round=  5 work=     3985 frontier=   221875 next=     2847 consolidate=  0.409ms frontier=  0.220ms semisort=  3.965ms (keyed= 0.000ms group_by=  1.553ms per_group= 0.489ms)
[pe] round=  6 work=     2847 frontier=   240880 next=     2695 consolidate=  0.417ms frontier=  0.193ms semisort=  4.463ms (keyed= 0.000ms group_by=  2.745ms per_group= 0.499ms)
[pe] round=  7 work=     2695 frontier=   252346 next=     1779 consolidate=  0.322ms frontier=  0.209ms semisort=  4.410ms (keyed= 0.000ms group_by=  3.057ms per_group= 0.406ms)
[pe] round=  8 work=     1779 frontier=   257876 next=     1091 consolidate=  0.297ms frontier=  0.197ms semisort=  4.367ms (keyed= 0.000ms group_by=  3.177ms per_group= 0.382ms)
[pe] round=  9 work=     1091 frontier=   259939 next=      453 consolidate=  0.213ms frontier=  0.181ms semisort=  4.325ms (keyed= 0.000ms group_by=  3.250ms per_group= 0.357ms)
[pe] round= 10 work=      453 frontier=   260393 next=       71 consolidate=  0.146ms frontier=  0.143ms semisort=  4.235ms (keyed= 0.000ms group_by=  3.225ms per_group= 0.324ms)
[pe] round= 11 work=       71 frontier=   260492 next=        6 consolidate=  0.104ms frontier=  0.140ms semisort=  4.344ms (keyed= 0.000ms group_by=  3.260ms per_group= 0.420ms)
[pe] round= 12 work=        6 frontier=   260499 next=        3 consolidate=  0.077ms frontier=  0.131ms semisort=  4.055ms (keyed= 0.000ms group_by=  3.202ms per_group= 0.202ms)
[pe] round= 13 work=        3 frontier=   260501 next=        0 consolidate=  0.067ms frontier=  0.137ms semisort=  4.051ms (keyed= 0.000ms group_by=  3.353ms per_group= 0.154ms)
timing: read=22.81ms parse=423.37ms build=573.03ms close=75.36ms check=0.00ms dtor=18.84ms
=== trial 2 (T=64) ===
[pe] round=  0 work=   126433 frontier=   221222 next=    30428 consolidate=  6.680ms frontier=  2.156ms semisort=  4.092ms (keyed= 0.000ms group_by=  1.832ms per_group= 0.570ms)
[pe] round=  1 work=    30428 frontier=   212133 next=    18175 consolidate=  1.024ms frontier=  0.537ms semisort=  2.734ms (keyed= 0.000ms group_by=  1.018ms per_group= 0.444ms)
[pe] round=  2 work=    18175 frontier=   210268 next=    10195 consolidate=  0.608ms frontier=  0.354ms semisort=  2.552ms (keyed= 0.000ms group_by=  0.940ms per_group= 0.462ms)
[pe] round=  3 work=    10195 frontier=   209915 next=     7241 consolidate=  0.990ms frontier=  0.254ms semisort=  2.311ms (keyed= 0.000ms group_by=  0.919ms per_group= 0.296ms)
[pe] round=  4 work=     7241 frontier=   217881 next=     3985 consolidate=  0.686ms frontier=  0.298ms semisort=  2.023ms (keyed= 0.000ms group_by=  0.878ms per_group= 0.270ms)
[pe] round=  5 work=     3985 frontier=   221875 next=     2847 consolidate=  0.394ms frontier=  0.211ms semisort=  3.194ms (keyed= 0.000ms group_by=  1.498ms per_group= 0.394ms)
[pe] round=  6 work=     2847 frontier=   240880 next=     2695 consolidate=  0.338ms frontier=  0.171ms semisort=  4.055ms (keyed= 0.000ms group_by=  2.541ms per_group= 0.510ms)
[pe] round=  7 work=     2695 frontier=   252346 next=     1779 consolidate=  0.352ms frontier=  0.197ms semisort=  4.125ms (keyed= 0.000ms group_by=  2.828ms per_group= 0.426ms)
[pe] round=  8 work=     1779 frontier=   257876 next=     1091 consolidate=  0.272ms frontier=  0.172ms semisort=  4.128ms (keyed= 0.000ms group_by=  2.950ms per_group= 0.425ms)
[pe] round=  9 work=     1091 frontier=   259939 next=      453 consolidate=  0.208ms frontier=  0.154ms semisort=  4.125ms (keyed= 0.000ms group_by=  2.989ms per_group= 0.430ms)
[pe] round= 10 work=      453 frontier=   260393 next=       71 consolidate=  0.138ms frontier=  0.128ms semisort=  3.962ms (keyed= 0.000ms group_by=  3.046ms per_group= 0.262ms)
[pe] round= 11 work=       71 frontier=   260492 next=        6 consolidate=  0.093ms frontier=  0.121ms semisort=  4.112ms (keyed= 0.000ms group_by=  2.959ms per_group= 0.541ms)
[pe] round= 12 work=        6 frontier=   260499 next=        3 consolidate=  0.071ms frontier=  0.123ms semisort=  3.781ms (keyed= 0.000ms group_by=  2.966ms per_group= 0.233ms)
[pe] round= 13 work=        3 frontier=   260501 next=        0 consolidate=  0.062ms frontier=  0.115ms semisort=  3.693ms (keyed= 0.000ms group_by=  3.032ms per_group= 0.151ms)
timing: read=24.74ms parse=425.26ms build=544.42ms close=70.23ms check=0.00ms dtor=17.26ms
=== trial 3 (T=64) ===
[pe] round=  0 work=   126433 frontier=   221222 next=    30428 consolidate=  7.075ms frontier=  1.710ms semisort=  4.210ms (keyed= 0.000ms group_by=  1.786ms per_group= 0.642ms)
[pe] round=  1 work=    30428 frontier=   212133 next=    18175 consolidate=  0.927ms frontier=  0.443ms semisort=  2.875ms (keyed= 0.000ms group_by=  1.019ms per_group= 0.447ms)
[pe] round=  2 work=    18175 frontier=   210268 next=    10195 consolidate=  0.736ms frontier=  0.433ms semisort=  2.720ms (keyed= 0.000ms group_by=  0.897ms per_group= 0.387ms)
[pe] round=  3 work=    10195 frontier=   209915 next=     7241 consolidate=  1.018ms frontier=  0.228ms semisort=  2.466ms (keyed= 0.000ms group_by=  0.922ms per_group= 0.320ms)
[pe] round=  4 work=     7241 frontier=   217881 next=     3985 consolidate=  0.713ms frontier=  0.287ms semisort=  2.187ms (keyed= 0.000ms group_by=  0.913ms per_group= 0.273ms)
[pe] round=  5 work=     3985 frontier=   221875 next=     2847 consolidate=  0.392ms frontier=  0.202ms semisort=  3.489ms (keyed= 0.000ms group_by=  1.540ms per_group= 0.364ms)
[pe] round=  6 work=     2847 frontier=   240880 next=     2695 consolidate=  0.378ms frontier=  0.175ms semisort=  4.072ms (keyed= 0.000ms group_by=  2.443ms per_group= 0.461ms)
[pe] round=  7 work=     2695 frontier=   252346 next=     1779 consolidate=  0.447ms frontier=  0.213ms semisort=  4.159ms (keyed= 0.000ms group_by=  2.774ms per_group= 0.473ms)
[pe] round=  8 work=     1779 frontier=   257876 next=     1091 consolidate=  0.324ms frontier=  0.170ms semisort=  4.172ms (keyed= 0.000ms group_by=  2.925ms per_group= 0.427ms)
[pe] round=  9 work=     1091 frontier=   259939 next=      453 consolidate=  0.203ms frontier=  0.159ms semisort=  4.123ms (keyed= 0.000ms group_by=  3.012ms per_group= 0.378ms)
[pe] round= 10 work=      453 frontier=   260393 next=       71 consolidate=  0.130ms frontier=  0.117ms semisort=  3.922ms (keyed= 0.000ms group_by=  2.912ms per_group= 0.319ms)
[pe] round= 11 work=       71 frontier=   260492 next=        6 consolidate=  0.089ms frontier=  0.121ms semisort=  4.188ms (keyed= 0.000ms group_by=  3.072ms per_group= 0.487ms)
[pe] round= 12 work=        6 frontier=   260499 next=        3 consolidate=  0.065ms frontier=  0.106ms semisort=  3.729ms (keyed= 0.000ms group_by=  2.905ms per_group= 0.203ms)
[pe] round= 13 work=        3 frontier=   260501 next=        0 consolidate=  0.060ms frontier=  0.106ms semisort=  3.667ms (keyed= 0.000ms group_by=  3.036ms per_group= 0.103ms)
timing: read=23.06ms parse=424.37ms build=570.66ms close=70.22ms check=0.00ms dtor=20.46ms
=== trial 4 (T=64) ===
[pe] round=  0 work=   126433 frontier=   221222 next=    30428 consolidate=  5.601ms frontier=  1.871ms semisort=  3.984ms (keyed= 0.000ms group_by=  1.734ms per_group= 0.578ms)
[pe] round=  1 work=    30428 frontier=   212133 next=    18175 consolidate=  1.004ms frontier=  0.545ms semisort=  2.930ms (keyed= 0.000ms group_by=  1.139ms per_group= 0.463ms)
[pe] round=  2 work=    18175 frontier=   210268 next=    10195 consolidate=  0.755ms frontier=  0.396ms semisort=  2.891ms (keyed= 0.000ms group_by=  1.093ms per_group= 0.446ms)
[pe] round=  3 work=    10195 frontier=   209915 next=     7241 consolidate=  1.020ms frontier=  0.219ms semisort=  2.586ms (keyed= 0.000ms group_by=  1.069ms per_group= 0.307ms)
[pe] round=  4 work=     7241 frontier=   217881 next=     3985 consolidate=  0.690ms frontier=  0.283ms semisort=  2.186ms (keyed= 0.000ms group_by=  0.998ms per_group= 0.244ms)
[pe] round=  5 work=     3985 frontier=   221875 next=     2847 consolidate=  0.397ms frontier=  0.211ms semisort=  3.940ms (keyed= 0.000ms group_by=  1.530ms per_group= 0.459ms)
[pe] round=  6 work=     2847 frontier=   240880 next=     2695 consolidate=  0.409ms frontier=  0.180ms semisort=  4.271ms (keyed= 0.000ms group_by=  2.736ms per_group= 0.433ms)
[pe] round=  7 work=     2695 frontier=   252346 next=     1779 consolidate=  0.424ms frontier=  0.197ms semisort=  4.269ms (keyed= 0.000ms group_by=  3.021ms per_group= 0.393ms)
[pe] round=  8 work=     1779 frontier=   257876 next=     1091 consolidate=  0.320ms frontier=  0.186ms semisort=  4.370ms (keyed= 0.000ms group_by=  3.165ms per_group= 0.444ms)
[pe] round=  9 work=     1091 frontier=   259939 next=      453 consolidate=  0.196ms frontier=  0.151ms semisort=  4.390ms (keyed= 0.000ms group_by=  3.234ms per_group= 0.422ms)
[pe] round= 10 work=      453 frontier=   260393 next=       71 consolidate=  0.131ms frontier=  0.123ms semisort=  4.088ms (keyed= 0.000ms group_by=  3.122ms per_group= 0.279ms)
[pe] round= 11 work=       71 frontier=   260492 next=        6 consolidate=  0.086ms frontier=  0.124ms semisort=  4.448ms (keyed= 0.000ms group_by=  3.255ms per_group= 0.548ms)
[pe] round= 12 work=        6 frontier=   260499 next=        3 consolidate=  0.072ms frontier=  0.114ms semisort=  4.123ms (keyed= 0.000ms group_by=  3.198ms per_group= 0.278ms)
[pe] round= 13 work=        3 frontier=   260501 next=        0 consolidate=  0.063ms frontier=  0.117ms semisort=  3.716ms (keyed= 0.000ms group_by=  2.974ms per_group= 0.180ms)
timing: read=22.05ms parse=424.17ms build=566.67ms close=71.58ms check=0.00ms dtor=21.48ms
