=== trial 0 (T=64) ===
[pe] round=  0 work=    82414 frontier=   138510 next=    16597 consolidate=  8.038ms frontier=  2.409ms semisort=  6.414ms (keyed= 0.000ms group_by=  5.064ms per_group= 0.381ms)
[pe] round=  1 work=    16597 frontier=   119265 next=    15131 consolidate=  1.248ms frontier=  0.495ms semisort=  7.102ms (keyed= 0.000ms group_by=  5.674ms per_group= 0.395ms)
[pe] round=  2 work=    15131 frontier=   123146 next=    11064 consolidate=  0.853ms frontier=  0.254ms semisort=  7.416ms (keyed= 0.000ms group_by=  5.934ms per_group= 0.376ms)
[pe] round=  3 work=    11064 frontier=   138491 next=     4225 consolidate=  1.011ms frontier=  0.224ms semisort=  2.643ms (keyed= 0.000ms group_by=  1.334ms per_group= 0.299ms)
[pe] round=  4 work=     4225 frontier=   147871 next=     1761 consolidate=  0.464ms frontier=  0.169ms semisort=  2.716ms (keyed= 0.000ms group_by=  1.540ms per_group= 0.292ms)
[pe] round=  5 work=     1761 frontier=   145995 next=      589 consolidate=  0.302ms frontier=  0.200ms semisort=  2.782ms (keyed= 0.000ms group_by=  1.835ms per_group= 0.272ms)
[pe] round=  6 work=      589 frontier=   147008 next=      427 consolidate=  0.135ms frontier=  0.103ms semisort=  2.276ms (keyed= 0.000ms group_by=  1.633ms per_group= 0.130ms)
[pe] round=  7 work=      427 frontier=    34834 next=      251 consolidate=  0.188ms frontier=  0.068ms semisort=  2.167ms (keyed= 0.000ms group_by=  1.840ms per_group= 0.095ms)
[pe] round=  8 work=      251 frontier=    28866 next=       33 consolidate=  0.078ms frontier=  0.047ms semisort=  1.597ms (keyed= 0.000ms group_by=  1.363ms per_group= 0.073ms)
[pe] round=  9 work=       33 frontier=     9215 next=        0 consolidate=  0.026ms frontier=  0.024ms semisort=  0.598ms (keyed= 0.000ms group_by=  0.506ms per_group= 0.028ms)
timing: read=12.97ms parse=291.03ms build=373.98ms close=58.64ms check=0.00ms dtor=10.86ms
=== trial 1 (T=64) ===
[pe] round=  0 work=    82414 frontier=   138510 next=    16597 consolidate=  9.299ms frontier=  2.166ms semisort=  4.302ms (keyed= 0.000ms group_by=  2.696ms per_group= 0.508ms)
[pe] round=  1 work=    16597 frontier=   119265 next=    15131 consolidate=  0.862ms frontier=  0.352ms semisort=  7.477ms (keyed= 0.000ms group_by=  6.008ms per_group= 0.432ms)
[pe] round=  2 work=    15131 frontier=   123146 next=    11064 consolidate=  0.614ms frontier=  0.233ms semisort=  7.635ms (keyed= 0.000ms group_by=  6.254ms per_group= 0.430ms)
[pe] round=  3 work=    11064 frontier=   138491 next=     4225 consolidate=  1.035ms frontier=  0.218ms semisort=  2.622ms (keyed= 0.000ms group_by=  1.249ms per_group= 0.331ms)
[pe] round=  4 work=     4225 frontier=   147871 next=     1761 consolidate=  0.431ms frontier=  0.171ms semisort=  2.604ms (keyed= 0.000ms group_by=  1.356ms per_group= 0.286ms)
[pe] round=  5 work=     1761 frontier=   145995 next=      589 consolidate=  0.246ms frontier=  0.122ms semisort=  2.259ms (keyed= 0.000ms group_by=  1.305ms per_group= 0.228ms)
[pe] round=  6 work=      589 frontier=   147008 next=      427 consolidate=  0.156ms frontier=  0.124ms semisort=  2.069ms (keyed= 0.000ms group_by=  1.360ms per_group= 0.154ms)
[pe] round=  7 work=      427 frontier=    34834 next=      251 consolidate=  0.092ms frontier=  0.055ms semisort=  2.110ms (keyed= 0.000ms group_by=  1.805ms per_group= 0.082ms)
[pe] round=  8 work=      251 frontier=    28866 next=       33 consolidate=  0.073ms frontier=  0.062ms semisort=  1.784ms (keyed= 0.000ms group_by=  1.568ms per_group= 0.071ms)
[pe] round=  9 work=       33 frontier=     9215 next=        0 consolidate=  0.024ms frontier=  0.031ms semisort=  0.611ms (keyed= 0.000ms group_by=  0.519ms per_group= 0.029ms)
timing: read=12.76ms parse=292.16ms build=382.74ms close=55.88ms check=0.00ms dtor=13.36ms
=== trial 2 (T=64) ===
[pe] round=  0 work=    82414 frontier=   138510 next=    16597 consolidate=  8.448ms frontier=  2.236ms semisort=  5.552ms (keyed= 0.000ms group_by=  4.172ms per_group= 0.383ms)
[pe] round=  1 work=    16597 frontier=   119265 next=    15131 consolidate=  0.916ms frontier=  0.550ms semisort=  7.469ms (keyed= 0.000ms group_by=  6.145ms per_group= 0.349ms)
[pe] round=  2 work=    15131 frontier=   123146 next=    11064 consolidate=  0.935ms frontier=  0.303ms semisort=  7.629ms (keyed= 0.000ms group_by=  6.222ms per_group= 0.390ms)
[pe] round=  3 work=    11064 frontier=   138491 next=     4225 consolidate=  0.936ms frontier=  0.289ms semisort=  2.581ms (keyed= 0.000ms group_by=  1.305ms per_group= 0.330ms)
[pe] round=  4 work=     4225 frontier=   147871 next=     1761 consolidate=  0.456ms frontier=  0.174ms semisort=  2.790ms (keyed= 0.000ms group_by=  1.580ms per_group= 0.321ms)
[pe] round=  5 work=     1761 frontier=   145995 next=      589 consolidate=  0.268ms frontier=  0.226ms semisort=  2.623ms (keyed= 0.000ms group_by=  1.639ms per_group= 0.253ms)
[pe] round=  6 work=      589 frontier=   147008 next=      427 consolidate=  0.138ms frontier=  0.094ms semisort=  2.254ms (keyed= 0.000ms group_by=  1.546ms per_group= 0.153ms)
[pe] round=  7 work=      427 frontier=    34834 next=      251 consolidate=  0.101ms frontier=  0.067ms semisort=  2.232ms (keyed= 0.000ms group_by=  1.916ms per_group= 0.092ms)
[pe] round=  8 work=      251 frontier=    28866 next=       33 consolidate=  0.099ms frontier=  0.059ms semisort=  1.801ms (keyed= 0.000ms group_by=  1.559ms per_group= 0.086ms)
[pe] round=  9 work=       33 frontier=     9215 next=        0 consolidate=  0.042ms frontier=  0.025ms semisort=  0.653ms (keyed= 0.000ms group_by=  0.563ms per_group= 0.026ms)
timing: read=13.65ms parse=290.35ms build=382.89ms close=58.35ms check=0.00ms dtor=12.95ms
=== trial 3 (T=64) ===
[pe] round=  0 work=    82414 frontier=   138510 next=    16597 consolidate=  9.192ms frontier=  2.258ms semisort=  4.667ms (keyed= 0.000ms group_by=  3.242ms per_group= 0.491ms)
[pe] round=  1 work=    16597 frontier=   119265 next=    15131 consolidate=  1.032ms frontier=  0.396ms semisort=  7.564ms (keyed= 0.000ms group_by=  6.167ms per_group= 0.389ms)
[pe] round=  2 work=    15131 frontier=   123146 next=    11064 consolidate=  0.850ms frontier=  0.210ms semisort=  7.761ms (keyed= 0.000ms group_by=  6.205ms per_group= 0.502ms)
[pe] round=  3 work=    11064 frontier=   138491 next=     4225 consolidate=  0.957ms frontier=  0.212ms semisort=  2.812ms (keyed= 0.000ms group_by=  1.307ms per_group= 0.392ms)
[pe] round=  4 work=     4225 frontier=   147871 next=     1761 consolidate=  0.436ms frontier=  0.162ms semisort=  2.576ms (keyed= 0.000ms group_by=  1.374ms per_group= 0.304ms)
[pe] round=  5 work=     1761 frontier=   145995 next=      589 consolidate=  0.240ms frontier=  0.121ms semisort=  2.391ms (keyed= 0.000ms group_by=  1.382ms per_group= 0.261ms)
[pe] round=  6 work=      589 frontier=   147008 next=      427 consolidate=  0.145ms frontier=  0.091ms semisort=  2.142ms (keyed= 0.000ms group_by=  1.481ms per_group= 0.130ms)
[pe] round=  7 work=      427 frontier=    34834 next=      251 consolidate=  0.175ms frontier=  0.058ms semisort=  2.288ms (keyed= 0.000ms group_by=  1.953ms per_group= 0.095ms)
[pe] round=  8 work=      251 frontier=    28866 next=       33 consolidate=  0.069ms frontier=  0.054ms semisort=  1.763ms (keyed= 0.000ms group_by=  1.543ms per_group= 0.073ms)
[pe] round=  9 work=       33 frontier=     9215 next=        0 consolidate=  0.027ms frontier=  0.022ms semisort=  0.659ms (keyed= 0.000ms group_by=  0.555ms per_group= 0.032ms)
timing: read=13.95ms parse=289.62ms build=377.59ms close=57.59ms check=0.00ms dtor=12.71ms
=== trial 4 (T=64) ===
[pe] round=  0 work=    82414 frontier=   138510 next=    16597 consolidate=  9.358ms frontier=  1.699ms semisort=  4.250ms (keyed= 0.000ms group_by=  2.769ms per_group= 0.486ms)
[pe] round=  1 work=    16597 frontier=   119265 next=    15131 consolidate=  0.772ms frontier=  0.582ms semisort=  7.322ms (keyed= 0.000ms group_by=  5.986ms per_group= 0.377ms)
[pe] round=  2 work=    15131 frontier=   123146 next=    11064 consolidate=  0.730ms frontier=  0.243ms semisort=  7.672ms (keyed= 0.000ms group_by=  6.276ms per_group= 0.390ms)
[pe] round=  3 work=    11064 frontier=   138491 next=     4225 consolidate=  1.092ms frontier=  0.222ms semisort=  2.550ms (keyed= 0.000ms group_by=  1.272ms per_group= 0.295ms)
[pe] round=  4 work=     4225 frontier=   147871 next=     1761 consolidate=  0.516ms frontier=  0.160ms semisort=  2.615ms (keyed= 0.000ms group_by=  1.425ms per_group= 0.306ms)
[pe] round=  5 work=     1761 frontier=   145995 next=      589 consolidate=  0.325ms frontier=  0.119ms semisort=  2.389ms (keyed= 0.000ms group_by=  1.414ms per_group= 0.253ms)
[pe] round=  6 work=      589 frontier=   147008 next=      427 consolidate=  0.160ms frontier=  0.144ms semisort=  2.091ms (keyed= 0.000ms group_by=  1.388ms per_group= 0.145ms)
[pe] round=  7 work=      427 frontier=    34834 next=      251 consolidate=  0.097ms frontier=  0.072ms semisort=  2.170ms (keyed= 0.000ms group_by=  1.839ms per_group= 0.097ms)
[pe] round=  8 work=      251 frontier=    28866 next=       33 consolidate=  0.089ms frontier=  0.052ms semisort=  1.805ms (keyed= 0.000ms group_by=  1.560ms per_group= 0.086ms)
[pe] round=  9 work=       33 frontier=     9215 next=        0 consolidate=  0.049ms frontier=  0.029ms semisort=  0.646ms (keyed= 0.000ms group_by=  0.550ms per_group= 0.025ms)
timing: read=13.01ms parse=290.46ms build=410.21ms close=56.08ms check=0.00ms dtor=12.42ms
