=== trial 0 (T=1) ===
[pe] round=  0 work=    91569 frontier=   170204 next=    19251 consolidate= 29.805ms frontier=  4.296ms semisort= 52.895ms (keyed= 0.000ms group_by= 18.967ms per_group= 5.385ms)
[pe] round=  1 work=    19251 frontier=   151295 next=    17370 consolidate=  9.177ms frontier=  1.047ms semisort= 46.869ms (keyed= 0.000ms group_by= 14.753ms per_group= 5.069ms)
[pe] round=  2 work=    17370 frontier=   169416 next=    11321 consolidate=  5.036ms frontier=  0.647ms semisort= 41.718ms (keyed= 0.000ms group_by= 11.644ms per_group= 2.799ms)
[pe] round=  3 work=    11321 frontier=   186827 next=     4630 consolidate=  2.796ms frontier=  0.567ms semisort= 41.529ms (keyed= 0.000ms group_by= 11.032ms per_group= 1.964ms)
[pe] round=  4 work=     4630 frontier=   194089 next=     2586 consolidate=  1.566ms frontier=  0.252ms semisort= 39.936ms (keyed= 0.000ms group_by= 10.967ms per_group= 1.661ms)
[pe] round=  5 work=     2586 frontier=   196102 next=     1794 consolidate=  0.980ms frontier=  0.214ms semisort= 39.338ms (keyed= 0.000ms group_by= 10.295ms per_group= 1.147ms)
[pe] round=  6 work=     1794 frontier=   192289 next=     1101 consolidate=  0.730ms frontier=  0.182ms semisort= 38.474ms (keyed= 0.000ms group_by=  9.759ms per_group= 0.744ms)
[pe] round=  7 work=     1101 frontier=   193098 next=      523 consolidate=  0.522ms frontier=  0.163ms semisort= 37.067ms (keyed= 0.000ms group_by=  9.659ms per_group= 0.648ms)
[pe] round=  8 work=      523 frontier=    62714 next=      257 consolidate=  0.220ms frontier=  0.054ms semisort= 12.300ms (keyed= 0.000ms group_by=  2.995ms per_group= 0.310ms)
[pe] round=  9 work=      257 frontier=    62709 next=       92 consolidate=  0.098ms frontier=  0.041ms semisort=  6.260ms (keyed= 0.000ms group_by=  2.667ms per_group= 0.171ms)
[pe] round= 10 work=       92 frontier=    58545 next=       32 consolidate=  0.034ms frontier=  0.029ms semisort=  5.429ms (keyed= 0.000ms group_by=  2.485ms per_group= 0.248ms)
[pe] round= 11 work=       32 frontier=    58223 next=       11 consolidate=  0.021ms frontier=  0.017ms semisort=  5.035ms (keyed= 0.000ms group_by=  2.575ms per_group= 0.108ms)
[pe] round= 12 work=       11 frontier=    58540 next=        5 consolidate=  0.016ms frontier=  0.018ms semisort=  4.841ms (keyed= 0.000ms group_by=  2.444ms per_group= 0.104ms)
[pe] round= 13 work=        5 frontier=    58238 next=        3 consolidate=  0.013ms frontier=  0.018ms semisort=  5.046ms (keyed= 0.000ms group_by=  2.647ms per_group= 0.080ms)
[pe] round= 14 work=        3 frontier=    15223 next=        0 consolidate=  0.005ms frontier=  0.006ms semisort=  1.242ms (keyed= 0.000ms group_by=  0.653ms per_group= 0.024ms)
timing: read=22.31ms parse=415.04ms build=649.29ms close=445.61ms check=0.00ms dtor=2.24ms
=== trial 1 (T=1) ===
[pe] round=  0 work=    91569 frontier=   170204 next=    19251 consolidate= 29.289ms frontier=  4.299ms semisort= 49.667ms (keyed= 0.000ms group_by= 18.495ms per_group= 5.156ms)
[pe] round=  1 work=    19251 frontier=   151295 next=    17370 consolidate=  9.139ms frontier=  1.087ms semisort= 44.850ms (keyed= 0.000ms group_by= 14.347ms per_group= 4.861ms)
[pe] round=  2 work=    17370 frontier=   169416 next=    11321 consolidate=  4.833ms frontier=  0.664ms semisort= 39.254ms (keyed= 0.000ms group_by= 11.624ms per_group= 2.853ms)
[pe] round=  3 work=    11321 frontier=   186827 next=     4630 consolidate=  2.828ms frontier=  0.523ms semisort= 38.145ms (keyed= 0.000ms group_by= 10.762ms per_group= 1.960ms)
[pe] round=  4 work=     4630 frontier=   194089 next=     2586 consolidate=  1.570ms frontier=  0.251ms semisort= 38.157ms (keyed= 0.000ms group_by= 10.528ms per_group= 1.598ms)
[pe] round=  5 work=     2586 frontier=   196102 next=     1794 consolidate=  0.955ms frontier=  0.205ms semisort= 35.850ms (keyed= 0.000ms group_by= 10.250ms per_group= 1.173ms)
[pe] round=  6 work=     1794 frontier=   192289 next=     1101 consolidate=  0.688ms frontier=  0.182ms semisort= 34.700ms (keyed= 0.000ms group_by=  9.748ms per_group= 0.741ms)
[pe] round=  7 work=     1101 frontier=   193098 next=      523 consolidate=  0.488ms frontier=  0.158ms semisort= 34.910ms (keyed= 0.000ms group_by=  9.571ms per_group= 0.598ms)
[pe] round=  8 work=      523 frontier=    62714 next=      257 consolidate=  0.215ms frontier=  0.056ms semisort= 10.971ms (keyed= 0.000ms group_by=  3.019ms per_group= 0.295ms)
[pe] round=  9 work=      257 frontier=    62709 next=       92 consolidate=  0.089ms frontier=  0.044ms semisort=  6.007ms (keyed= 0.000ms group_by=  2.584ms per_group= 0.162ms)
[pe] round= 10 work=       92 frontier=    58545 next=       32 consolidate=  0.036ms frontier=  0.027ms semisort=  5.460ms (keyed= 0.000ms group_by=  2.633ms per_group= 0.223ms)
[pe] round= 11 work=       32 frontier=    58223 next=       11 consolidate=  0.021ms frontier=  0.019ms semisort=  4.823ms (keyed= 0.000ms group_by=  2.401ms per_group= 0.108ms)
[pe] round= 12 work=       11 frontier=    58540 next=        5 consolidate=  0.016ms frontier=  0.020ms semisort=  4.848ms (keyed= 0.000ms group_by=  2.397ms per_group= 0.098ms)
[pe] round= 13 work=        5 frontier=    58238 next=        3 consolidate=  0.014ms frontier=  0.020ms semisort=  4.783ms (keyed= 0.000ms group_by=  2.441ms per_group= 0.085ms)
[pe] round= 14 work=        3 frontier=    15223 next=        0 consolidate=  0.005ms frontier=  0.005ms semisort=  1.190ms (keyed= 0.000ms group_by=  0.639ms per_group= 0.024ms)
timing: read=19.89ms parse=398.13ms build=591.57ms close=420.26ms check=0.00ms dtor=2.09ms
=== trial 2 (T=1) ===
[pe] round=  0 work=    91569 frontier=   170204 next=    19251 consolidate= 29.520ms frontier=  4.267ms semisort= 44.247ms (keyed= 0.000ms group_by= 18.094ms per_group= 5.042ms)
[pe] round=  1 work=    19251 frontier=   151295 next=    17370 consolidate=  8.570ms frontier=  1.036ms semisort= 39.631ms (keyed= 0.000ms group_by= 13.340ms per_group= 4.916ms)
[pe] round=  2 work=    17370 frontier=   169416 next=    11321 consolidate=  4.746ms frontier=  0.692ms semisort= 35.658ms (keyed= 0.000ms group_by= 10.853ms per_group= 2.891ms)
[pe] round=  3 work=    11321 frontier=   186827 next=     4630 consolidate=  2.500ms frontier=  0.522ms semisort= 34.235ms (keyed= 0.000ms group_by= 10.705ms per_group= 1.937ms)
[pe] round=  4 work=     4630 frontier=   194089 next=     2586 consolidate=  1.405ms frontier=  0.255ms semisort= 34.752ms (keyed= 0.000ms group_by= 10.387ms per_group= 1.523ms)
[pe] round=  5 work=     2586 frontier=   196102 next=     1794 consolidate=  0.947ms frontier=  0.217ms semisort= 33.748ms (keyed= 0.000ms group_by=  9.990ms per_group= 1.130ms)
[pe] round=  6 work=     1794 frontier=   192289 next=     1101 consolidate=  0.687ms frontier=  0.192ms semisort= 32.409ms (keyed= 0.000ms group_by=  9.512ms per_group= 0.734ms)
[pe] round=  7 work=     1101 frontier=   193098 next=      523 consolidate=  0.500ms frontier=  0.170ms semisort= 30.609ms (keyed= 0.000ms group_by=  9.457ms per_group= 0.610ms)
[pe] round=  8 work=      523 frontier=    62714 next=      257 consolidate=  0.212ms frontier=  0.053ms semisort= 10.838ms (keyed= 0.000ms group_by=  3.068ms per_group= 0.303ms)
[pe] round=  9 work=      257 frontier=    62709 next=       92 consolidate=  0.088ms frontier=  0.041ms semisort=  6.007ms (keyed= 0.000ms group_by=  2.722ms per_group= 0.180ms)
[pe] round= 10 work=       92 frontier=    58545 next=       32 consolidate=  0.036ms frontier=  0.027ms semisort=  5.107ms (keyed= 0.000ms group_by=  2.421ms per_group= 0.228ms)
[pe] round= 11 work=       32 frontier=    58223 next=       11 consolidate=  0.024ms frontier=  0.020ms semisort=  4.765ms (keyed= 0.000ms group_by=  2.496ms per_group= 0.112ms)
[pe] round= 12 work=       11 frontier=    58540 next=        5 consolidate=  0.016ms frontier=  0.018ms semisort=  4.789ms (keyed= 0.000ms group_by=  2.480ms per_group= 0.107ms)
[pe] round= 13 work=        5 frontier=    58238 next=        3 consolidate=  0.015ms frontier=  0.017ms semisort=  4.640ms (keyed= 0.000ms group_by=  2.442ms per_group= 0.086ms)
[pe] round= 14 work=        3 frontier=    15223 next=        0 consolidate=  0.005ms frontier=  0.004ms semisort=  1.199ms (keyed= 0.000ms group_by=  0.637ms per_group= 0.022ms)
timing: read=19.79ms parse=402.74ms build=576.85ms close=388.35ms check=0.00ms dtor=2.11ms
=== trial 3 (T=1) ===
[pe] round=  0 work=    91569 frontier=   170204 next=    19251 consolidate= 29.441ms frontier=  4.351ms semisort= 46.646ms (keyed= 0.000ms group_by= 18.873ms per_group= 5.429ms)
[pe] round=  1 work=    19251 frontier=   151295 next=    17370 consolidate=  8.671ms frontier=  1.000ms semisort= 40.963ms (keyed= 0.000ms group_by= 13.985ms per_group= 5.012ms)
[pe] round=  2 work=    17370 frontier=   169416 next=    11321 consolidate=  4.504ms frontier=  0.645ms semisort= 36.430ms (keyed= 0.000ms group_by= 11.285ms per_group= 2.886ms)
[pe] round=  3 work=    11321 frontier=   186827 next=     4630 consolidate=  2.641ms frontier=  0.519ms semisort= 34.943ms (keyed= 0.000ms group_by= 10.740ms per_group= 1.922ms)
[pe] round=  4 work=     4630 frontier=   194089 next=     2586 consolidate=  1.458ms frontier=  0.257ms semisort= 35.060ms (keyed= 0.000ms group_by= 10.477ms per_group= 1.572ms)
[pe] round=  5 work=     2586 frontier=   196102 next=     1794 consolidate=  0.951ms frontier=  0.215ms semisort= 34.597ms (keyed= 0.000ms group_by=  9.981ms per_group= 1.190ms)
[pe] round=  6 work=     1794 frontier=   192289 next=     1101 consolidate=  0.683ms frontier=  0.184ms semisort= 31.772ms (keyed= 0.000ms group_by=  9.639ms per_group= 0.764ms)
[pe] round=  7 work=     1101 frontier=   193098 next=      523 consolidate=  0.484ms frontier=  0.163ms semisort= 30.660ms (keyed= 0.000ms group_by=  9.467ms per_group= 0.580ms)
[pe] round=  8 work=      523 frontier=    62714 next=      257 consolidate=  0.210ms frontier=  0.053ms semisort= 11.322ms (keyed= 0.000ms group_by=  2.950ms per_group= 0.306ms)
[pe] round=  9 work=      257 frontier=    62709 next=       92 consolidate=  0.099ms frontier=  0.049ms semisort=  6.279ms (keyed= 0.000ms group_by=  2.788ms per_group= 0.172ms)
[pe] round= 10 work=       92 frontier=    58545 next=       32 consolidate=  0.035ms frontier=  0.026ms semisort=  5.223ms (keyed= 0.000ms group_by=  2.410ms per_group= 0.228ms)
[pe] round= 11 work=       32 frontier=    58223 next=       11 consolidate=  0.022ms frontier=  0.022ms semisort=  4.819ms (keyed= 0.000ms group_by=  2.453ms per_group= 0.111ms)
[pe] round= 12 work=       11 frontier=    58540 next=        5 consolidate=  0.017ms frontier=  0.019ms semisort=  4.749ms (keyed= 0.000ms group_by=  2.418ms per_group= 0.096ms)
[pe] round= 13 work=        5 frontier=    58238 next=        3 consolidate=  0.013ms frontier=  0.018ms semisort=  4.752ms (keyed= 0.000ms group_by=  2.507ms per_group= 0.078ms)
[pe] round= 14 work=        3 frontier=    15223 next=        0 consolidate=  0.005ms frontier=  0.007ms semisort=  1.205ms (keyed= 0.000ms group_by=  0.646ms per_group= 0.022ms)
timing: read=18.87ms parse=407.58ms build=559.34ms close=395.23ms check=0.00ms dtor=2.19ms
=== trial 4 (T=1) ===
[pe] round=  0 work=    91569 frontier=   170204 next=    19251 consolidate= 29.389ms frontier=  4.360ms semisort= 49.485ms (keyed= 0.000ms group_by= 18.019ms per_group= 5.117ms)
[pe] round=  1 work=    19251 frontier=   151295 next=    17370 consolidate=  8.090ms frontier=  1.027ms semisort= 43.631ms (keyed= 0.000ms group_by= 13.944ms per_group= 4.918ms)
[pe] round=  2 work=    17370 frontier=   169416 next=    11321 consolidate=  4.825ms frontier=  0.665ms semisort= 37.909ms (keyed= 0.000ms group_by= 11.304ms per_group= 2.875ms)
[pe] round=  3 work=    11321 frontier=   186827 next=     4630 consolidate=  2.712ms frontier=  0.512ms semisort= 36.584ms (keyed= 0.000ms group_by= 10.785ms per_group= 1.970ms)
[pe] round=  4 work=     4630 frontier=   194089 next=     2586 consolidate=  1.377ms frontier=  0.256ms semisort= 36.611ms (keyed= 0.000ms group_by= 10.646ms per_group= 1.615ms)
[pe] round=  5 work=     2586 frontier=   196102 next=     1794 consolidate=  0.899ms frontier=  0.211ms semisort= 35.179ms (keyed= 0.000ms group_by= 10.241ms per_group= 1.170ms)
[pe] round=  6 work=     1794 frontier=   192289 next=     1101 consolidate=  0.676ms frontier=  0.180ms semisort= 32.743ms (keyed= 0.000ms group_by=  9.597ms per_group= 0.711ms)
[pe] round=  7 work=     1101 frontier=   193098 next=      523 consolidate=  0.505ms frontier=  0.159ms semisort= 32.226ms (keyed= 0.000ms group_by=  9.485ms per_group= 0.587ms)
[pe] round=  8 work=      523 frontier=    62714 next=      257 consolidate=  0.213ms frontier=  0.059ms semisort= 10.914ms (keyed= 0.000ms group_by=  2.946ms per_group= 0.343ms)
[pe] round=  9 work=      257 frontier=    62709 next=       92 consolidate=  0.093ms frontier=  0.040ms semisort=  6.139ms (keyed= 0.000ms group_by=  2.741ms per_group= 0.178ms)
[pe] round= 10 work=       92 frontier=    58545 next=       32 consolidate=  0.035ms frontier=  0.029ms semisort=  5.310ms (keyed= 0.000ms group_by=  2.528ms per_group= 0.227ms)
[pe] round= 11 work=       32 frontier=    58223 next=       11 consolidate=  0.022ms frontier=  0.017ms semisort=  4.748ms (keyed= 0.000ms group_by=  2.379ms per_group= 0.105ms)
[pe] round= 12 work=       11 frontier=    58540 next=        5 consolidate=  0.018ms frontier=  0.017ms semisort=  4.763ms (keyed= 0.000ms group_by=  2.406ms per_group= 0.099ms)
[pe] round= 13 work=        5 frontier=    58238 next=        3 consolidate=  0.014ms frontier=  0.019ms semisort=  4.612ms (keyed= 0.000ms group_by=  2.405ms per_group= 0.074ms)
[pe] round= 14 work=        3 frontier=    15223 next=        0 consolidate=  0.005ms frontier=  0.006ms semisort=  1.180ms (keyed= 0.000ms group_by=  0.636ms per_group= 0.025ms)
timing: read=20.05ms parse=403.21ms build=549.43ms close=407.39ms check=0.00ms dtor=2.16ms
