=== trial 0 (T=16) ===
[pe] round=  0 work=   119731 frontier=   220614 next=    27235 consolidate=  6.200ms frontier=  1.804ms semisort=  8.271ms (keyed= 0.000ms group_by=  3.072ms per_group= 1.188ms)
[pe] round=  1 work=    27235 frontier=   202011 next=    19277 consolidate=  1.860ms frontier=  0.461ms semisort=  6.954ms (keyed= 0.000ms group_by=  2.009ms per_group= 1.010ms)
[pe] round=  2 work=    19277 frontier=   226700 next=    16156 consolidate=  1.482ms frontier=  0.349ms semisort=  7.611ms (keyed= 0.000ms group_by=  2.111ms per_group= 1.159ms)
[pe] round=  3 work=    16156 frontier=   245666 next=     5774 consolidate=  1.103ms frontier=  0.340ms semisort=  6.085ms (keyed= 0.000ms group_by=  1.810ms per_group= 0.578ms)
[pe] round=  4 work=     5774 frontier=   243648 next=     1867 consolidate=  0.689ms frontier=  0.249ms semisort=  4.856ms (keyed= 0.000ms group_by=  1.720ms per_group= 0.392ms)
[pe] round=  5 work=     1867 frontier=   230549 next=      509 consolidate=  0.291ms frontier=  0.170ms semisort=  4.253ms (keyed= 0.000ms group_by=  1.606ms per_group= 0.329ms)
[pe] round=  6 work=      509 frontier=   231149 next=       40 consolidate=  0.167ms frontier=  0.142ms semisort=  3.598ms (keyed= 0.000ms group_by=  1.598ms per_group= 0.167ms)
[pe] round=  7 work=       40 frontier=   113340 next=       19 consolidate=  0.057ms frontier=  0.105ms semisort=  5.702ms (keyed= 0.000ms group_by=  4.795ms per_group= 0.118ms)
[pe] round=  8 work=       19 frontier=   122641 next=       17 consolidate=  0.058ms frontier=  0.102ms semisort=  7.205ms (keyed= 0.000ms group_by=  6.202ms per_group= 0.081ms)
[pe] round=  9 work=       17 frontier=    46449 next=       10 consolidate=  0.029ms frontier=  0.052ms semisort=  2.774ms (keyed= 0.000ms group_by=  2.270ms per_group= 0.048ms)
[pe] round= 10 work=       10 frontier=     4088 next=        0 consolidate=  0.014ms frontier=  0.023ms semisort=  0.330ms (keyed= 0.000ms group_by=  0.236ms per_group= 0.020ms)
timing: read=20.49ms parse=429.49ms build=495.81ms close=76.28ms check=0.00ms dtor=11.12ms
=== trial 1 (T=16) ===
[pe] round=  0 work=   119731 frontier=   220614 next=    27235 consolidate=  5.737ms frontier=  1.647ms semisort=  8.494ms (keyed= 0.000ms group_by=  3.592ms per_group= 1.096ms)
[pe] round=  1 work=    27235 frontier=   202011 next=    19277 consolidate=  1.708ms frontier=  0.435ms semisort=  6.457ms (keyed= 0.000ms group_by=  2.125ms per_group= 1.081ms)
[pe] round=  2 work=    19277 frontier=   226700 next=    16156 consolidate=  1.224ms frontier=  0.403ms semisort=  6.347ms (keyed= 0.000ms group_by=  2.443ms per_group= 0.788ms)
[pe] round=  3 work=    16156 frontier=   245666 next=     5774 consolidate=  1.023ms frontier=  0.344ms semisort=  5.842ms (keyed= 0.000ms group_by=  1.960ms per_group= 0.509ms)
[pe] round=  4 work=     5774 frontier=   243648 next=     1867 consolidate=  0.644ms frontier=  0.249ms semisort=  4.990ms (keyed= 0.000ms group_by=  1.917ms per_group= 0.381ms)
[pe] round=  5 work=     1867 frontier=   230549 next=      509 consolidate=  0.293ms frontier=  0.187ms semisort=  4.168ms (keyed= 0.000ms group_by=  1.683ms per_group= 0.316ms)
[pe] round=  6 work=      509 frontier=   231149 next=       40 consolidate=  0.141ms frontier=  0.165ms semisort=  3.660ms (keyed= 0.000ms group_by=  1.670ms per_group= 0.180ms)
[pe] round=  7 work=       40 frontier=   113340 next=       19 consolidate=  0.056ms frontier=  0.076ms semisort=  5.765ms (keyed= 0.000ms group_by=  4.852ms per_group= 0.126ms)
[pe] round=  8 work=       19 frontier=   122641 next=       17 consolidate=  0.050ms frontier=  0.095ms semisort=  6.781ms (keyed= 0.000ms group_by=  5.795ms per_group= 0.084ms)
[pe] round=  9 work=       17 frontier=    46449 next=       10 consolidate=  0.035ms frontier=  0.065ms semisort=  2.728ms (keyed= 0.000ms group_by=  2.296ms per_group= 0.054ms)
[pe] round= 10 work=       10 frontier=     4088 next=        0 consolidate=  0.015ms frontier=  0.016ms semisort=  0.318ms (keyed= 0.000ms group_by=  0.231ms per_group= 0.016ms)
timing: read=19.40ms parse=430.10ms build=500.08ms close=73.05ms check=0.00ms dtor=11.48ms
=== trial 2 (T=16) ===
[pe] round=  0 work=   119731 frontier=   220614 next=    27235 consolidate=  6.469ms frontier=  1.718ms semisort=  8.223ms (keyed= 0.000ms group_by=  2.954ms per_group= 1.212ms)
[pe] round=  1 work=    27235 frontier=   202011 next=    19277 consolidate=  1.820ms frontier=  0.440ms semisort=  7.173ms (keyed= 0.000ms group_by=  2.022ms per_group= 1.020ms)
[pe] round=  2 work=    19277 frontier=   226700 next=    16156 consolidate=  1.431ms frontier=  0.392ms semisort=  7.322ms (keyed= 0.000ms group_by=  2.305ms per_group= 0.891ms)
[pe] round=  3 work=    16156 frontier=   245666 next=     5774 consolidate=  1.094ms frontier=  0.342ms semisort=  6.219ms (keyed= 0.000ms group_by=  1.872ms per_group= 0.523ms)
[pe] round=  4 work=     5774 frontier=   243648 next=     1867 consolidate=  0.747ms frontier=  0.242ms semisort=  5.562ms (keyed= 0.000ms group_by=  1.933ms per_group= 0.403ms)
[pe] round=  5 work=     1867 frontier=   230549 next=      509 consolidate=  0.312ms frontier=  0.155ms semisort=  4.375ms (keyed= 0.000ms group_by=  1.683ms per_group= 0.294ms)
[pe] round=  6 work=      509 frontier=   231149 next=       40 consolidate=  0.139ms frontier=  0.147ms semisort=  3.756ms (keyed= 0.000ms group_by=  1.670ms per_group= 0.206ms)
[pe] round=  7 work=       40 frontier=   113340 next=       19 consolidate=  0.056ms frontier=  0.073ms semisort=  5.789ms (keyed= 0.000ms group_by=  4.827ms per_group= 0.127ms)
[pe] round=  8 work=       19 frontier=   122641 next=       17 consolidate=  0.065ms frontier=  0.071ms semisort=  7.063ms (keyed= 0.000ms group_by=  6.111ms per_group= 0.080ms)
[pe] round=  9 work=       17 frontier=    46449 next=       10 consolidate=  0.055ms frontier=  0.059ms semisort=  2.797ms (keyed= 0.000ms group_by=  2.316ms per_group= 0.048ms)
[pe] round= 10 work=       10 frontier=     4088 next=        0 consolidate=  0.017ms frontier=  0.011ms semisort=  0.307ms (keyed= 0.000ms group_by=  0.223ms per_group= 0.014ms)
timing: read=19.70ms parse=429.50ms build=504.88ms close=77.69ms check=0.00ms dtor=11.54ms
=== trial 3 (T=16) ===
[pe] round=  0 work=   119731 frontier=   220614 next=    27235 consolidate=  5.959ms frontier=  1.428ms semisort=  9.064ms (keyed= 0.000ms group_by=  4.176ms per_group= 1.061ms)
[pe] round=  1 work=    27235 frontier=   202011 next=    19277 consolidate=  1.540ms frontier=  0.371ms semisort=  6.066ms (keyed= 0.000ms group_by=  2.028ms per_group= 0.857ms)
[pe] round=  2 work=    19277 frontier=   226700 next=    16156 consolidate=  1.121ms frontier=  0.307ms semisort=  6.140ms (keyed= 0.000ms group_by=  2.028ms per_group= 0.777ms)
[pe] round=  3 work=    16156 frontier=   245666 next=     5774 consolidate=  0.989ms frontier=  0.305ms semisort=  6.091ms (keyed= 0.000ms group_by=  2.036ms per_group= 0.541ms)
[pe] round=  4 work=     5774 frontier=   243648 next=     1867 consolidate=  0.672ms frontier=  0.233ms semisort=  5.380ms (keyed= 0.000ms group_by=  1.996ms per_group= 0.381ms)
[pe] round=  5 work=     1867 frontier=   230549 next=      509 consolidate=  0.319ms frontier=  0.149ms semisort=  5.036ms (keyed= 0.000ms group_by=  1.919ms per_group= 0.339ms)
[pe] round=  6 work=      509 frontier=   231149 next=       40 consolidate=  0.143ms frontier=  0.144ms semisort=  4.083ms (keyed= 0.000ms group_by=  1.943ms per_group= 0.201ms)
[pe] round=  7 work=       40 frontier=   113340 next=       19 consolidate=  0.057ms frontier=  0.083ms semisort=  5.600ms (keyed= 0.000ms group_by=  4.714ms per_group= 0.102ms)
[pe] round=  8 work=       19 frontier=   122641 next=       17 consolidate=  0.041ms frontier=  0.080ms semisort=  7.036ms (keyed= 0.000ms group_by=  6.057ms per_group= 0.078ms)
[pe] round=  9 work=       17 frontier=    46449 next=       10 consolidate=  0.041ms frontier=  0.049ms semisort=  2.774ms (keyed= 0.000ms group_by=  2.328ms per_group= 0.050ms)
[pe] round= 10 work=       10 frontier=     4088 next=        0 consolidate=  0.015ms frontier=  0.015ms semisort=  0.349ms (keyed= 0.000ms group_by=  0.243ms per_group= 0.013ms)
timing: read=19.89ms parse=428.64ms build=506.62ms close=74.68ms check=0.00ms dtor=11.59ms
=== trial 4 (T=16) ===
[pe] round=  0 work=   119731 frontier=   220614 next=    27235 consolidate=  6.409ms frontier=  1.841ms semisort=  9.416ms (keyed= 0.000ms group_by=  4.559ms per_group= 1.074ms)
[pe] round=  1 work=    27235 frontier=   202011 next=    19277 consolidate=  1.696ms frontier=  0.406ms semisort=  6.094ms (keyed= 0.000ms group_by=  1.992ms per_group= 0.879ms)
[pe] round=  2 work=    19277 frontier=   226700 next=    16156 consolidate=  1.303ms frontier=  0.346ms semisort=  6.273ms (keyed= 0.000ms group_by=  1.904ms per_group= 0.891ms)
[pe] round=  3 work=    16156 frontier=   245666 next=     5774 consolidate=  1.079ms frontier=  0.317ms semisort=  6.138ms (keyed= 0.000ms group_by=  2.016ms per_group= 0.599ms)
[pe] round=  4 work=     5774 frontier=   243648 next=     1867 consolidate=  0.689ms frontier=  0.225ms semisort=  5.191ms (keyed= 0.000ms group_by=  1.843ms per_group= 0.397ms)
[pe] round=  5 work=     1867 frontier=   230549 next=      509 consolidate=  0.289ms frontier=  0.157ms semisort=  5.061ms (keyed= 0.000ms group_by=  1.903ms per_group= 0.294ms)
[pe] round=  6 work=      509 frontier=   231149 next=       40 consolidate=  0.130ms frontier=  0.167ms semisort=  3.796ms (keyed= 0.000ms group_by=  1.815ms per_group= 0.188ms)
[pe] round=  7 work=       40 frontier=   113340 next=       19 consolidate=  0.048ms frontier=  0.075ms semisort=  5.635ms (keyed= 0.000ms group_by=  4.765ms per_group= 0.103ms)
[pe] round=  8 work=       19 frontier=   122641 next=       17 consolidate=  0.079ms frontier=  0.085ms semisort=  6.994ms (keyed= 0.000ms group_by=  5.947ms per_group= 0.084ms)
[pe] round=  9 work=       17 frontier=    46449 next=       10 consolidate=  0.061ms frontier=  0.046ms semisort=  2.778ms (keyed= 0.000ms group_by=  2.305ms per_group= 0.048ms)
[pe] round= 10 work=       10 frontier=     4088 next=        0 consolidate=  0.014ms frontier=  0.013ms semisort=  0.303ms (keyed= 0.000ms group_by=  0.208ms per_group= 0.013ms)
timing: read=19.75ms parse=428.73ms build=511.42ms close=76.04ms check=0.00ms dtor=11.94ms
