=== trial 0 (T=32) ===
[pe] round=  0 work=   120257 frontier=   224331 next=    30315 consolidate=  4.977ms frontier=  1.486ms semisort=  5.131ms (keyed= 0.000ms group_by=  2.134ms per_group= 0.752ms)
[pe] round=  1 work=    30315 frontier=   204466 next=    21921 consolidate=  1.102ms frontier=  0.415ms semisort=  3.836ms (keyed= 0.000ms group_by=  1.202ms per_group= 0.615ms)
[pe] round=  2 work=    21921 frontier=   215385 next=    16473 consolidate=  0.869ms frontier=  0.271ms semisort=  3.575ms (keyed= 0.000ms group_by=  1.121ms per_group= 0.527ms)
[pe] round=  3 work=    16473 frontier=   229165 next=    14836 consolidate=  0.814ms frontier=  0.308ms semisort=  4.341ms (keyed= 0.000ms group_by=  1.662ms per_group= 0.800ms)
[pe] round=  4 work=    14836 frontier=   256100 next=    12591 consolidate=  0.663ms frontier=  0.386ms semisort=  5.605ms (keyed= 0.000ms group_by=  2.586ms per_group= 0.850ms)
[pe] round=  5 work=    12591 frontier=   272011 next=     8265 consolidate=  0.633ms frontier=  0.308ms semisort=  7.222ms (keyed= 0.000ms group_by=  4.899ms per_group= 0.683ms)
[pe] round=  6 work=     8265 frontier=   285495 next=     6946 consolidate=  0.900ms frontier=  0.495ms semisort=  6.559ms (keyed= 0.000ms group_by=  4.161ms per_group= 0.569ms)
[pe] round=  7 work=     6946 frontier=   293263 next=     3897 consolidate=  0.668ms frontier=  0.271ms semisort=  6.058ms (keyed= 0.000ms group_by=  3.704ms per_group= 0.552ms)
[pe] round=  8 work=     3897 frontier=   299839 next=     1085 consolidate=  0.384ms frontier=  0.203ms semisort=  6.042ms (keyed= 0.000ms group_by=  3.928ms per_group= 0.464ms)
[pe] round=  9 work=     1085 frontier=   301112 next=      211 consolidate=  0.191ms frontier=  0.144ms semisort=  5.680ms (keyed= 0.000ms group_by=  3.911ms per_group= 0.327ms)
[pe] round= 10 work=      211 frontier=   301355 next=       80 consolidate=  0.123ms frontier=  0.130ms semisort=  5.559ms (keyed= 0.000ms group_by=  3.888ms per_group= 0.300ms)
[pe] round= 11 work=       80 frontier=   301431 next=       43 consolidate=  0.093ms frontier=  0.128ms semisort=  5.448ms (keyed= 0.000ms group_by=  3.828ms per_group= 0.280ms)
[pe] round= 12 work=       43 frontier=   301483 next=       25 consolidate=  0.088ms frontier=  0.120ms semisort=  5.488ms (keyed= 0.000ms group_by=  3.950ms per_group= 0.262ms)
[pe] round= 13 work=       25 frontier=   301505 next=       11 consolidate=  0.078ms frontier=  0.120ms semisort=  5.397ms (keyed= 0.000ms group_by=  3.874ms per_group= 0.244ms)
[pe] round= 14 work=       11 frontier=   301513 next=        5 consolidate=  0.074ms frontier=  0.121ms semisort=  5.330ms (keyed= 0.000ms group_by=  3.861ms per_group= 0.229ms)
[pe] round= 15 work=        5 frontier=   301517 next=        0 consolidate=  0.064ms frontier=  0.127ms semisort=  5.151ms (keyed= 0.000ms group_by=  3.734ms per_group= 0.315ms)
timing: read=21.36ms parse=439.10ms build=513.04ms close=106.41ms check=0.00ms dtor=17.49ms
=== trial 1 (T=32) ===
[pe] round=  0 work=   120257 frontier=   224331 next=    30315 consolidate=  5.154ms frontier=  1.409ms semisort=  5.239ms (keyed= 0.000ms group_by=  1.871ms per_group= 0.791ms)
[pe] round=  1 work=    30315 frontier=   204466 next=    21921 consolidate=  1.300ms frontier=  0.325ms semisort=  3.860ms (keyed= 0.000ms group_by=  1.237ms per_group= 0.595ms)
[pe] round=  2 work=    21921 frontier=   215385 next=    16473 consolidate=  0.901ms frontier=  0.300ms semisort=  3.570ms (keyed= 0.000ms group_by=  1.127ms per_group= 0.537ms)
[pe] round=  3 work=    16473 frontier=   229165 next=    14836 consolidate=  0.904ms frontier=  0.309ms semisort=  5.177ms (keyed= 0.000ms group_by=  1.687ms per_group= 0.907ms)
[pe] round=  4 work=    14836 frontier=   256100 next=    12591 consolidate=  0.720ms frontier=  0.468ms semisort=  5.523ms (keyed= 0.000ms group_by=  2.615ms per_group= 0.830ms)
[pe] round=  5 work=    12591 frontier=   272011 next=     8265 consolidate=  0.684ms frontier=  0.324ms semisort=  7.179ms (keyed= 0.000ms group_by=  4.864ms per_group= 0.693ms)
[pe] round=  6 work=     8265 frontier=   285495 next=     6946 consolidate=  0.934ms frontier=  0.385ms semisort=  5.793ms (keyed= 0.000ms group_by=  3.307ms per_group= 0.639ms)
[pe] round=  7 work=     6946 frontier=   293263 next=     3897 consolidate=  0.634ms frontier=  0.295ms semisort=  5.828ms (keyed= 0.000ms group_by=  3.656ms per_group= 0.517ms)
[pe] round=  8 work=     3897 frontier=   299839 next=     1085 consolidate=  0.400ms frontier=  0.209ms semisort=  6.237ms (keyed= 0.000ms group_by=  4.310ms per_group= 0.424ms)
[pe] round=  9 work=     1085 frontier=   301112 next=      211 consolidate=  0.185ms frontier=  0.154ms semisort=  5.657ms (keyed= 0.000ms group_by=  3.706ms per_group= 0.330ms)
[pe] round= 10 work=      211 frontier=   301355 next=       80 consolidate=  0.117ms frontier=  0.135ms semisort=  5.666ms (keyed= 0.000ms group_by=  3.810ms per_group= 0.355ms)
[pe] round= 11 work=       80 frontier=   301431 next=       43 consolidate=  0.108ms frontier=  0.132ms semisort=  5.383ms (keyed= 0.000ms group_by=  3.680ms per_group= 0.345ms)
[pe] round= 12 work=       43 frontier=   301483 next=       25 consolidate=  0.088ms frontier=  0.139ms semisort=  5.405ms (keyed= 0.000ms group_by=  3.711ms per_group= 0.353ms)
[pe] round= 13 work=       25 frontier=   301505 next=       11 consolidate=  0.082ms frontier=  0.130ms semisort=  5.221ms (keyed= 0.000ms group_by=  3.677ms per_group= 0.282ms)
[pe] round= 14 work=       11 frontier=   301513 next=        5 consolidate=  0.083ms frontier=  0.129ms semisort=  5.036ms (keyed= 0.000ms group_by=  3.630ms per_group= 0.214ms)
[pe] round= 15 work=        5 frontier=   301517 next=        0 consolidate=  0.075ms frontier=  0.124ms semisort=  4.951ms (keyed= 0.000ms group_by=  3.692ms per_group= 0.136ms)
timing: read=20.95ms parse=439.98ms build=524.33ms close=106.26ms check=0.00ms dtor=17.76ms
=== trial 2 (T=32) ===
[pe] round=  0 work=   120257 frontier=   224331 next=    30315 consolidate=  4.784ms frontier=  1.323ms semisort=  4.757ms (keyed= 0.000ms group_by=  1.755ms per_group= 0.721ms)
[pe] round=  1 work=    30315 frontier=   204466 next=    21921 consolidate=  1.148ms frontier=  0.338ms semisort=  3.857ms (keyed= 0.000ms group_by=  1.360ms per_group= 0.573ms)
[pe] round=  2 work=    21921 frontier=   215385 next=    16473 consolidate=  0.850ms frontier=  0.304ms semisort=  3.614ms (keyed= 0.000ms group_by=  1.269ms per_group= 0.494ms)
[pe] round=  3 work=    16473 frontier=   229165 next=    14836 consolidate=  0.926ms frontier=  0.306ms semisort=  4.912ms (keyed= 0.000ms group_by=  1.696ms per_group= 0.704ms)
[pe] round=  4 work=    14836 frontier=   256100 next=    12591 consolidate=  0.671ms frontier=  0.361ms semisort=  5.794ms (keyed= 0.000ms group_by=  3.012ms per_group= 0.654ms)
[pe] round=  5 work=    12591 frontier=   272011 next=     8265 consolidate=  0.645ms frontier=  0.303ms semisort=  7.955ms (keyed= 0.000ms group_by=  5.759ms per_group= 0.543ms)
[pe] round=  6 work=     8265 frontier=   285495 next=     6946 consolidate=  0.907ms frontier=  0.440ms semisort=  6.093ms (keyed= 0.000ms group_by=  3.648ms per_group= 0.519ms)
[pe] round=  7 work=     6946 frontier=   293263 next=     3897 consolidate=  0.617ms frontier=  0.285ms semisort=  6.207ms (keyed= 0.000ms group_by=  3.918ms per_group= 0.508ms)
[pe] round=  8 work=     3897 frontier=   299839 next=     1085 consolidate=  0.384ms frontier=  0.192ms semisort=  6.112ms (keyed= 0.000ms group_by=  4.027ms per_group= 0.420ms)
[pe] round=  9 work=     1085 frontier=   301112 next=      211 consolidate=  0.194ms frontier=  0.147ms semisort=  5.917ms (keyed= 0.000ms group_by=  4.045ms per_group= 0.337ms)
[pe] round= 10 work=      211 frontier=   301355 next=       80 consolidate=  0.112ms frontier=  0.149ms semisort=  5.674ms (keyed= 0.000ms group_by=  4.008ms per_group= 0.266ms)
[pe] round= 11 work=       80 frontier=   301431 next=       43 consolidate=  0.095ms frontier=  0.131ms semisort=  5.796ms (keyed= 0.000ms group_by=  4.001ms per_group= 0.440ms)
[pe] round= 12 work=       43 frontier=   301483 next=       25 consolidate=  0.087ms frontier=  0.119ms semisort=  5.737ms (keyed= 0.000ms group_by=  3.913ms per_group= 0.249ms)
[pe] round= 13 work=       25 frontier=   301505 next=       11 consolidate=  0.075ms frontier=  0.124ms semisort=  5.628ms (keyed= 0.000ms group_by=  4.025ms per_group= 0.274ms)
[pe] round= 14 work=       11 frontier=   301513 next=        5 consolidate=  0.075ms frontier=  0.121ms semisort=  5.463ms (keyed= 0.000ms group_by=  3.883ms per_group= 0.241ms)
[pe] round= 15 work=        5 frontier=   301517 next=        0 consolidate=  0.065ms frontier=  0.120ms semisort=  5.440ms (keyed= 0.000ms group_by=  4.038ms per_group= 0.163ms)
timing: read=20.34ms parse=443.69ms build=521.83ms close=108.83ms check=0.00ms dtor=16.52ms
=== trial 3 (T=32) ===
[pe] round=  0 work=   120257 frontier=   224331 next=    30315 consolidate=  4.713ms frontier=  1.353ms semisort=  5.450ms (keyed= 0.000ms group_by=  2.107ms per_group= 0.755ms)
[pe] round=  1 work=    30315 frontier=   204466 next=    21921 consolidate=  1.128ms frontier=  0.412ms semisort=  3.725ms (keyed= 0.000ms group_by=  1.195ms per_group= 0.608ms)
[pe] round=  2 work=    21921 frontier=   215385 next=    16473 consolidate=  0.800ms frontier=  0.283ms semisort=  3.645ms (keyed= 0.000ms group_by=  1.156ms per_group= 0.530ms)
[pe] round=  3 work=    16473 frontier=   229165 next=    14836 consolidate=  0.916ms frontier=  0.318ms semisort=  4.185ms (keyed= 0.000ms group_by=  1.556ms per_group= 0.722ms)
[pe] round=  4 work=    14836 frontier=   256100 next=    12591 consolidate=  0.699ms frontier=  0.378ms semisort=  5.572ms (keyed= 0.000ms group_by=  2.662ms per_group= 0.814ms)
[pe] round=  5 work=    12591 frontier=   272011 next=     8265 consolidate=  0.649ms frontier=  0.329ms semisort=  7.852ms (keyed= 0.000ms group_by=  5.558ms per_group= 0.612ms)
[pe] round=  6 work=     8265 frontier=   285495 next=     6946 consolidate=  0.924ms frontier=  0.517ms semisort=  6.117ms (keyed= 0.000ms group_by=  3.701ms per_group= 0.531ms)
[pe] round=  7 work=     6946 frontier=   293263 next=     3897 consolidate=  0.651ms frontier=  0.277ms semisort=  6.353ms (keyed= 0.000ms group_by=  4.030ms per_group= 0.615ms)
[pe] round=  8 work=     3897 frontier=   299839 next=     1085 consolidate=  0.416ms frontier=  0.205ms semisort=  6.006ms (keyed= 0.000ms group_by=  4.030ms per_group= 0.434ms)
[pe] round=  9 work=     1085 frontier=   301112 next=      211 consolidate=  0.206ms frontier=  0.153ms semisort=  5.784ms (keyed= 0.000ms group_by=  4.029ms per_group= 0.392ms)
[pe] round= 10 work=      211 frontier=   301355 next=       80 consolidate=  0.119ms frontier=  0.136ms semisort=  5.728ms (keyed= 0.000ms group_by=  3.961ms per_group= 0.391ms)
[pe] round= 11 work=       80 frontier=   301431 next=       43 consolidate=  0.099ms frontier=  0.127ms semisort=  5.635ms (keyed= 0.000ms group_by=  3.999ms per_group= 0.322ms)
[pe] round= 12 work=       43 frontier=   301483 next=       25 consolidate=  0.102ms frontier=  0.132ms semisort=  5.669ms (keyed= 0.000ms group_by=  4.021ms per_group= 0.330ms)
[pe] round= 13 work=       25 frontier=   301505 next=       11 consolidate=  0.081ms frontier=  0.133ms semisort=  5.605ms (keyed= 0.000ms group_by=  4.017ms per_group= 0.305ms)
[pe] round= 14 work=       11 frontier=   301513 next=        5 consolidate=  0.076ms frontier=  0.135ms semisort=  5.451ms (keyed= 0.000ms group_by=  3.995ms per_group= 0.226ms)
[pe] round= 15 work=        5 frontier=   301517 next=        0 consolidate=  0.071ms frontier=  0.118ms semisort=  5.294ms (keyed= 0.000ms group_by=  3.958ms per_group= 0.185ms)
timing: read=20.74ms parse=448.11ms build=528.79ms close=108.15ms check=0.00ms dtor=18.44ms
=== trial 4 (T=32) ===
[pe] round=  0 work=   120257 frontier=   224331 next=    30315 consolidate=  4.471ms frontier=  1.328ms semisort=  4.734ms (keyed= 0.000ms group_by=  1.855ms per_group= 0.681ms)
[pe] round=  1 work=    30315 frontier=   204466 next=    21921 consolidate=  1.188ms frontier=  0.344ms semisort=  3.783ms (keyed= 0.000ms group_by=  1.448ms per_group= 0.548ms)
[pe] round=  2 work=    21921 frontier=   215385 next=    16473 consolidate=  0.806ms frontier=  0.308ms semisort=  3.583ms (keyed= 0.000ms group_by=  1.365ms per_group= 0.472ms)
[pe] round=  3 work=    16473 frontier=   229165 next=    14836 consolidate=  0.830ms frontier=  0.297ms semisort=  4.275ms (keyed= 0.000ms group_by=  1.778ms per_group= 0.661ms)
[pe] round=  4 work=    14836 frontier=   256100 next=    12591 consolidate=  0.661ms frontier=  0.423ms semisort=  5.575ms (keyed= 0.000ms group_by=  2.911ms per_group= 0.736ms)
[pe] round=  5 work=    12591 frontier=   272011 next=     8265 consolidate=  0.640ms frontier=  0.318ms semisort=  8.070ms (keyed= 0.000ms group_by=  5.982ms per_group= 0.540ms)
[pe] round=  6 work=     8265 frontier=   285495 next=     6946 consolidate=  0.903ms frontier=  0.412ms semisort=  6.157ms (keyed= 0.000ms group_by=  3.711ms per_group= 0.498ms)
[pe] round=  7 work=     6946 frontier=   293263 next=     3897 consolidate=  0.593ms frontier=  0.294ms semisort=  8.430ms (keyed= 0.000ms group_by=  6.192ms per_group= 0.450ms)
[pe] round=  8 work=     3897 frontier=   299839 next=     1085 consolidate=  0.394ms frontier=  0.196ms semisort=  5.927ms (keyed= 0.000ms group_by=  3.738ms per_group= 0.479ms)
[pe] round=  9 work=     1085 frontier=   301112 next=      211 consolidate=  0.180ms frontier=  0.144ms semisort=  6.013ms (keyed= 0.000ms group_by=  4.028ms per_group= 0.443ms)
[pe] round= 10 work=      211 frontier=   301355 next=       80 consolidate=  0.121ms frontier=  0.136ms semisort=  5.809ms (keyed= 0.000ms group_by=  4.041ms per_group= 0.351ms)
[pe] round= 11 work=       80 frontier=   301431 next=       43 consolidate=  0.098ms frontier=  0.125ms semisort=  5.605ms (keyed= 0.000ms group_by=  3.944ms per_group= 0.276ms)
[pe] round= 12 work=       43 frontier=   301483 next=       25 consolidate=  0.082ms frontier=  0.121ms semisort=  5.994ms (keyed= 0.000ms group_by=  4.409ms per_group= 0.259ms)
[pe] round= 13 work=       25 frontier=   301505 next=       11 consolidate=  0.086ms frontier=  0.128ms semisort=  5.622ms (keyed= 0.000ms group_by=  3.989ms per_group= 0.305ms)
[pe] round= 14 work=       11 frontier=   301513 next=        5 consolidate=  0.078ms frontier=  0.119ms semisort=  5.518ms (keyed= 0.000ms group_by=  3.970ms per_group= 0.262ms)
[pe] round= 15 work=        5 frontier=   301517 next=        0 consolidate=  0.071ms frontier=  0.116ms semisort=  5.373ms (keyed= 0.000ms group_by=  3.965ms per_group= 0.224ms)
timing: read=20.82ms parse=444.29ms build=534.07ms close=109.47ms check=0.00ms dtor=16.72ms
