=== trial 0 (T=32) ===
[pe] round=  0 work=   118445 frontier=   222478 next=    29403 consolidate=  5.623ms frontier=  1.661ms semisort=  6.579ms (keyed= 0.000ms group_by=  3.561ms per_group= 0.711ms)
[pe] round=  1 work=    29403 frontier=   213107 next=    17324 consolidate=  1.131ms frontier=  0.336ms semisort=  3.744ms (keyed= 0.000ms group_by=  1.075ms per_group= 0.589ms)
[pe] round=  2 work=    17324 frontier=   214968 next=     9589 consolidate=  0.797ms frontier=  0.249ms semisort=  3.429ms (keyed= 0.000ms group_by=  0.995ms per_group= 0.434ms)
[pe] round=  3 work=     9589 frontier=   220196 next=     5663 consolidate=  1.116ms frontier=  0.325ms semisort=  2.956ms (keyed= 0.000ms group_by=  0.984ms per_group= 0.343ms)
[pe] round=  4 work=     5663 frontier=   208753 next=     2360 consolidate=  0.630ms frontier=  0.292ms semisort=  2.411ms (keyed= 0.000ms group_by=  0.892ms per_group= 0.278ms)
[pe] round=  5 work=     2360 frontier=   171419 next=     1132 consolidate=  0.270ms frontier=  0.175ms semisort=  1.958ms (keyed= 0.000ms group_by=  0.776ms per_group= 0.217ms)
[pe] round=  6 work=     1132 frontier=    94896 next=      444 consolidate=  0.207ms frontier=  0.095ms semisort=  4.538ms (keyed= 0.000ms group_by=  3.796ms per_group= 0.163ms)
[pe] round=  7 work=      444 frontier=    53347 next=       83 consolidate=  0.089ms frontier=  0.066ms semisort=  3.124ms (keyed= 0.000ms group_by=  2.674ms per_group= 0.108ms)
[pe] round=  8 work=       83 frontier=    10429 next=        4 consolidate=  0.041ms frontier=  0.026ms semisort=  0.709ms (keyed= 0.000ms group_by=  0.544ms per_group= 0.055ms)
[pe] round=  9 work=        4 frontier=       26 next=        0 consolidate=  0.006ms frontier=  0.002ms semisort=  0.012ms (keyed= 0.000ms group_by=  0.006ms per_group= 0.002ms)
timing: read=37.15ms parse=771.60ms build=761.86ms close=45.95ms check=0.00ms dtor=12.92ms
=== trial 1 (T=32) ===
[pe] round=  0 work=   118445 frontier=   222478 next=    29403 consolidate=  5.747ms frontier=  1.465ms semisort=  7.524ms (keyed= 0.000ms group_by=  4.499ms per_group= 0.656ms)
[pe] round=  1 work=    29403 frontier=   213107 next=    17324 consolidate=  1.222ms frontier=  0.347ms semisort=  3.928ms (keyed= 0.000ms group_by=  1.378ms per_group= 0.572ms)
[pe] round=  2 work=    17324 frontier=   214968 next=     9589 consolidate=  0.804ms frontier=  0.265ms semisort=  3.648ms (keyed= 0.000ms group_by=  1.332ms per_group= 0.433ms)
[pe] round=  3 work=     9589 frontier=   220196 next=     5663 consolidate=  1.103ms frontier=  0.332ms semisort=  3.324ms (keyed= 0.000ms group_by=  1.349ms per_group= 0.348ms)
[pe] round=  4 work=     5663 frontier=   208753 next=     2360 consolidate=  0.648ms frontier=  0.267ms semisort=  2.794ms (keyed= 0.000ms group_by=  1.245ms per_group= 0.265ms)
[pe] round=  5 work=     2360 frontier=   171419 next=     1132 consolidate=  0.307ms frontier=  0.156ms semisort=  2.155ms (keyed= 0.000ms group_by=  0.987ms per_group= 0.216ms)
[pe] round=  6 work=     1132 frontier=    94896 next=      444 consolidate=  0.206ms frontier=  0.124ms semisort=  4.898ms (keyed= 0.000ms group_by=  4.189ms per_group= 0.157ms)
[pe] round=  7 work=      444 frontier=    53347 next=       83 consolidate=  0.103ms frontier=  0.058ms semisort=  3.335ms (keyed= 0.000ms group_by=  2.890ms per_group= 0.108ms)
[pe] round=  8 work=       83 frontier=    10429 next=        4 consolidate=  0.036ms frontier=  0.027ms semisort=  0.698ms (keyed= 0.000ms group_by=  0.550ms per_group= 0.054ms)
[pe] round=  9 work=        4 frontier=       26 next=        0 consolidate=  0.005ms frontier=  0.001ms semisort=  0.011ms (keyed= 0.000ms group_by=  0.005ms per_group= 0.002ms)
timing: read=37.39ms parse=776.88ms build=752.67ms close=48.80ms check=0.00ms dtor=12.92ms
=== trial 2 (T=32) ===
[pe] round=  0 work=   118445 frontier=   222478 next=    29403 consolidate=  5.191ms frontier=  1.311ms semisort=  6.376ms (keyed= 0.000ms group_by=  3.409ms per_group= 0.695ms)
[pe] round=  1 work=    29403 frontier=   213107 next=    17324 consolidate=  1.096ms frontier=  0.343ms semisort=  3.703ms (keyed= 0.000ms group_by=  1.091ms per_group= 0.599ms)
[pe] round=  2 work=    17324 frontier=   214968 next=     9589 consolidate=  0.762ms frontier=  0.267ms semisort=  3.342ms (keyed= 0.000ms group_by=  0.988ms per_group= 0.463ms)
[pe] round=  3 work=     9589 frontier=   220196 next=     5663 consolidate=  1.113ms frontier=  0.342ms semisort=  3.050ms (keyed= 0.000ms group_by=  1.009ms per_group= 0.358ms)
[pe] round=  4 work=     5663 frontier=   208753 next=     2360 consolidate=  0.672ms frontier=  0.274ms semisort=  2.473ms (keyed= 0.000ms group_by=  0.923ms per_group= 0.274ms)
[pe] round=  5 work=     2360 frontier=   171419 next=     1132 consolidate=  0.309ms frontier=  0.154ms semisort=  1.937ms (keyed= 0.000ms group_by=  0.758ms per_group= 0.212ms)
[pe] round=  6 work=     1132 frontier=    94896 next=      444 consolidate=  0.196ms frontier=  0.122ms semisort=  4.927ms (keyed= 0.000ms group_by=  4.182ms per_group= 0.168ms)
[pe] round=  7 work=      444 frontier=    53347 next=       83 consolidate=  0.094ms frontier=  0.079ms semisort=  3.074ms (keyed= 0.000ms group_by=  2.646ms per_group= 0.110ms)
[pe] round=  8 work=       83 frontier=    10429 next=        4 consolidate=  0.042ms frontier=  0.031ms semisort=  0.717ms (keyed= 0.000ms group_by=  0.550ms per_group= 0.062ms)
[pe] round=  9 work=        4 frontier=       26 next=        0 consolidate=  0.006ms frontier=  0.001ms semisort=  0.016ms (keyed= 0.000ms group_by=  0.007ms per_group= 0.002ms)
timing: read=37.63ms parse=773.93ms build=766.93ms close=45.42ms check=0.00ms dtor=13.07ms
=== trial 3 (T=32) ===
[pe] round=  0 work=   118445 frontier=   222478 next=    29403 consolidate=  4.877ms frontier=  1.366ms semisort=  8.716ms (keyed= 0.000ms group_by=  5.688ms per_group= 0.713ms)
[pe] round=  1 work=    29403 frontier=   213107 next=    17324 consolidate=  1.150ms frontier=  0.340ms semisort=  4.100ms (keyed= 0.000ms group_by=  1.514ms per_group= 0.581ms)
[pe] round=  2 work=    17324 frontier=   214968 next=     9589 consolidate=  0.703ms frontier=  0.256ms semisort=  3.724ms (keyed= 0.000ms group_by=  1.404ms per_group= 0.433ms)
[pe] round=  3 work=     9589 frontier=   220196 next=     5663 consolidate=  1.080ms frontier=  0.321ms semisort=  3.336ms (keyed= 0.000ms group_by=  1.382ms per_group= 0.327ms)
[pe] round=  4 work=     5663 frontier=   208753 next=     2360 consolidate=  0.659ms frontier=  0.239ms semisort=  2.815ms (keyed= 0.000ms group_by=  1.300ms per_group= 0.267ms)
[pe] round=  5 work=     2360 frontier=   171419 next=     1132 consolidate=  0.302ms frontier=  0.144ms semisort=  2.290ms (keyed= 0.000ms group_by=  1.100ms per_group= 0.209ms)
[pe] round=  6 work=     1132 frontier=    94896 next=      444 consolidate=  0.203ms frontier=  0.136ms semisort=  4.709ms (keyed= 0.000ms group_by=  3.978ms per_group= 0.162ms)
[pe] round=  7 work=      444 frontier=    53347 next=       83 consolidate=  0.096ms frontier=  0.113ms semisort=  3.118ms (keyed= 0.000ms group_by=  2.673ms per_group= 0.115ms)
[pe] round=  8 work=       83 frontier=    10429 next=        4 consolidate=  0.045ms frontier=  0.038ms semisort=  0.711ms (keyed= 0.000ms group_by=  0.546ms per_group= 0.063ms)
[pe] round=  9 work=        4 frontier=       26 next=        0 consolidate=  0.005ms frontier=  0.001ms semisort=  0.021ms (keyed= 0.000ms group_by=  0.012ms per_group= 0.002ms)
timing: read=36.92ms parse=783.47ms build=756.51ms close=48.93ms check=0.00ms dtor=13.34ms
=== trial 4 (T=32) ===
[pe] round=  0 work=   118445 frontier=   222478 next=    29403 consolidate=  5.143ms frontier=  1.323ms semisort=  6.285ms (keyed= 0.000ms group_by=  3.233ms per_group= 0.680ms)
[pe] round=  1 work=    29403 frontier=   213107 next=    17324 consolidate=  1.133ms frontier=  0.379ms semisort=  3.802ms (keyed= 0.000ms group_by=  1.088ms per_group= 0.567ms)
[pe] round=  2 work=    17324 frontier=   214968 next=     9589 consolidate=  0.794ms frontier=  0.272ms semisort=  3.296ms (keyed= 0.000ms group_by=  0.970ms per_group= 0.406ms)
[pe] round=  3 work=     9589 frontier=   220196 next=     5663 consolidate=  1.081ms frontier=  0.308ms semisort=  2.871ms (keyed= 0.000ms group_by=  0.953ms per_group= 0.335ms)
[pe] round=  4 work=     5663 frontier=   208753 next=     2360 consolidate=  0.670ms frontier=  0.279ms semisort=  2.420ms (keyed= 0.000ms group_by=  0.866ms per_group= 0.284ms)
[pe] round=  5 work=     2360 frontier=   171419 next=     1132 consolidate=  0.320ms frontier=  0.178ms semisort=  1.944ms (keyed= 0.000ms group_by=  0.768ms per_group= 0.230ms)
[pe] round=  6 work=     1132 frontier=    94896 next=      444 consolidate=  0.206ms frontier=  0.093ms semisort=  4.749ms (keyed= 0.000ms group_by=  4.022ms per_group= 0.155ms)
[pe] round=  7 work=      444 frontier=    53347 next=       83 consolidate=  0.090ms frontier=  0.058ms semisort=  3.076ms (keyed= 0.000ms group_by=  2.667ms per_group= 0.096ms)
[pe] round=  8 work=       83 frontier=    10429 next=        4 consolidate=  0.038ms frontier=  0.038ms semisort=  0.718ms (keyed= 0.000ms group_by=  0.561ms per_group= 0.057ms)
[pe] round=  9 work=        4 frontier=       26 next=        0 consolidate=  0.006ms frontier=  0.001ms semisort=  0.013ms (keyed= 0.000ms group_by=  0.006ms per_group= 0.002ms)
timing: read=36.22ms parse=779.95ms build=752.00ms close=44.77ms check=0.00ms dtor=13.07ms
