=== trial 0 (T=1) ===
[pe] round=  0 work=    89317 frontier=   170284 next=    21438 consolidate= 28.334ms frontier=  4.000ms semisort= 52.832ms (keyed= 0.000ms group_by= 18.271ms per_group= 5.393ms)
[pe] round=  1 work=    21438 frontier=   163117 next=    19062 consolidate=  9.728ms frontier=  1.098ms semisort= 50.902ms (keyed= 0.000ms group_by= 15.165ms per_group= 5.269ms)
[pe] round=  2 work=    19062 frontier=   182990 next=    10759 consolidate=  5.250ms frontier=  0.796ms semisort= 44.189ms (keyed= 0.000ms group_by= 11.333ms per_group= 2.907ms)
[pe] round=  3 work=    10759 frontier=   194966 next=     2060 consolidate=  2.258ms frontier=  0.331ms semisort= 40.634ms (keyed= 0.000ms group_by=  9.716ms per_group= 1.450ms)
[pe] round=  4 work=     2060 frontier=   197123 next=      480 consolidate=  0.682ms frontier=  0.115ms semisort= 39.296ms (keyed= 0.000ms group_by=  9.466ms per_group= 1.237ms)
[pe] round=  5 work=      480 frontier=   197446 next=      145 consolidate=  0.274ms frontier=  0.087ms semisort= 38.582ms (keyed= 0.000ms group_by=  9.161ms per_group= 0.867ms)
[pe] round=  6 work=      145 frontier=   191353 next=       10 consolidate=  0.166ms frontier=  0.153ms semisort= 37.159ms (keyed= 0.000ms group_by=  8.826ms per_group= 0.748ms)
[pe] round=  7 work=       10 frontier=   191358 next=        4 consolidate=  0.162ms frontier=  0.155ms semisort= 35.864ms (keyed= 0.000ms group_by=  8.771ms per_group= 0.457ms)
[pe] round=  8 work=        4 frontier=   135660 next=        2 consolidate=  0.106ms frontier=  0.098ms semisort= 24.769ms (keyed= 0.000ms group_by=  6.324ms per_group= 0.289ms)
[pe] round=  9 work=        2 frontier=   135661 next=        0 consolidate=  0.082ms frontier=  0.100ms semisort= 20.314ms (keyed= 0.000ms group_by=  6.281ms per_group= 0.133ms)
timing: read=13.84ms parse=272.03ms build=403.34ms close=447.13ms check=0.00ms dtor=2.06ms
=== trial 1 (T=1) ===
[pe] round=  0 work=    89317 frontier=   170284 next=    21438 consolidate= 28.376ms frontier=  4.085ms semisort= 45.547ms (keyed= 0.000ms group_by= 18.602ms per_group= 5.621ms)
[pe] round=  1 work=    21438 frontier=   163117 next=    19062 consolidate= 10.035ms frontier=  1.106ms semisort= 44.178ms (keyed= 0.000ms group_by= 15.643ms per_group= 5.428ms)
[pe] round=  2 work=    19062 frontier=   182990 next=    10759 consolidate=  5.310ms frontier=  0.797ms semisort= 36.150ms (keyed= 0.000ms group_by= 10.991ms per_group= 2.974ms)
[pe] round=  3 work=    10759 frontier=   194966 next=     2060 consolidate=  2.415ms frontier=  0.327ms semisort= 32.500ms (keyed= 0.000ms group_by=  9.779ms per_group= 1.454ms)
[pe] round=  4 work=     2060 frontier=   197123 next=      480 consolidate=  0.676ms frontier=  0.116ms semisort= 28.976ms (keyed= 0.000ms group_by=  9.185ms per_group= 1.209ms)
[pe] round=  5 work=      480 frontier=   197446 next=      145 consolidate=  0.263ms frontier=  0.090ms semisort= 29.361ms (keyed= 0.000ms group_by=  9.035ms per_group= 0.867ms)
[pe] round=  6 work=      145 frontier=   191353 next=       10 consolidate=  0.169ms frontier=  0.151ms semisort= 27.431ms (keyed= 0.000ms group_by=  8.655ms per_group= 0.776ms)
[pe] round=  7 work=       10 frontier=   191358 next=        4 consolidate=  0.152ms frontier=  0.157ms semisort= 28.941ms (keyed= 0.000ms group_by=  8.701ms per_group= 0.445ms)
[pe] round=  8 work=        4 frontier=   135660 next=        2 consolidate=  0.117ms frontier=  0.098ms semisort= 18.692ms (keyed= 0.000ms group_by=  6.223ms per_group= 0.321ms)
[pe] round=  9 work=        2 frontier=   135661 next=        0 consolidate=  0.096ms frontier=  0.097ms semisort= 17.204ms (keyed= 0.000ms group_by=  6.114ms per_group= 0.115ms)
timing: read=13.07ms parse=266.94ms build=359.51ms close=372.58ms check=0.00ms dtor=2.00ms
=== trial 2 (T=1) ===
[pe] round=  0 work=    89317 frontier=   170284 next=    21438 consolidate= 27.997ms frontier=  4.274ms semisort= 53.250ms (keyed= 0.000ms group_by= 18.289ms per_group= 5.450ms)
[pe] round=  1 work=    21438 frontier=   163117 next=    19062 consolidate=  9.796ms frontier=  1.191ms semisort= 51.016ms (keyed= 0.000ms group_by= 15.770ms per_group= 5.314ms)
[pe] round=  2 work=    19062 frontier=   182990 next=    10759 consolidate=  4.995ms frontier=  0.785ms semisort= 44.431ms (keyed= 0.000ms group_by= 11.293ms per_group= 2.951ms)
[pe] round=  3 work=    10759 frontier=   194966 next=     2060 consolidate=  2.311ms frontier=  0.313ms semisort= 40.584ms (keyed= 0.000ms group_by=  9.663ms per_group= 1.464ms)
[pe] round=  4 work=     2060 frontier=   197123 next=      480 consolidate=  0.687ms frontier=  0.115ms semisort= 39.499ms (keyed= 0.000ms group_by=  9.287ms per_group= 1.185ms)
[pe] round=  5 work=      480 frontier=   197446 next=      145 consolidate=  0.267ms frontier=  0.100ms semisort= 38.580ms (keyed= 0.000ms group_by=  9.049ms per_group= 0.814ms)
[pe] round=  6 work=      145 frontier=   191353 next=       10 consolidate=  0.160ms frontier=  0.151ms semisort= 37.292ms (keyed= 0.000ms group_by=  8.844ms per_group= 0.781ms)
[pe] round=  7 work=       10 frontier=   191358 next=        4 consolidate=  0.153ms frontier=  0.158ms semisort= 35.588ms (keyed= 0.000ms group_by=  8.623ms per_group= 0.432ms)
[pe] round=  8 work=        4 frontier=   135660 next=        2 consolidate=  0.107ms frontier=  0.094ms semisort= 24.575ms (keyed= 0.000ms group_by=  6.138ms per_group= 0.267ms)
[pe] round=  9 work=        2 frontier=   135661 next=        0 consolidate=  0.088ms frontier=  0.097ms semisort= 20.150ms (keyed= 0.000ms group_by=  6.020ms per_group= 0.118ms)
timing: read=13.08ms parse=267.98ms build=377.08ms close=447.60ms check=0.00ms dtor=2.11ms
=== trial 3 (T=1) ===
[pe] round=  0 work=    89317 frontier=   170284 next=    21438 consolidate= 27.583ms frontier=  4.020ms semisort= 43.852ms (keyed= 0.000ms group_by= 17.152ms per_group= 5.081ms)
[pe] round=  1 work=    21438 frontier=   163117 next=    19062 consolidate=  8.386ms frontier=  1.270ms semisort= 42.576ms (keyed= 0.000ms group_by= 14.214ms per_group= 4.751ms)
[pe] round=  2 work=    19062 frontier=   182990 next=    10759 consolidate=  4.687ms frontier=  0.809ms semisort= 34.387ms (keyed= 0.000ms group_by= 10.453ms per_group= 2.735ms)
[pe] round=  3 work=    10759 frontier=   194966 next=     2060 consolidate=  2.121ms frontier=  0.315ms semisort= 31.470ms (keyed= 0.000ms group_by=  9.289ms per_group= 1.426ms)
[pe] round=  4 work=     2060 frontier=   197123 next=      480 consolidate=  0.635ms frontier=  0.114ms semisort= 29.879ms (keyed= 0.000ms group_by=  9.207ms per_group= 1.190ms)
[pe] round=  5 work=      480 frontier=   197446 next=      145 consolidate=  0.266ms frontier=  0.091ms semisort= 29.207ms (keyed= 0.000ms group_by=  8.786ms per_group= 0.809ms)
[pe] round=  6 work=      145 frontier=   191353 next=       10 consolidate=  0.161ms frontier=  0.160ms semisort= 28.147ms (keyed= 0.000ms group_by=  8.743ms per_group= 0.724ms)
[pe] round=  7 work=       10 frontier=   191358 next=        4 consolidate=  0.162ms frontier=  0.152ms semisort= 27.047ms (keyed= 0.000ms group_by=  8.453ms per_group= 0.471ms)
[pe] round=  8 work=        4 frontier=   135660 next=        2 consolidate=  0.112ms frontier=  0.097ms semisort= 18.448ms (keyed= 0.000ms group_by=  6.107ms per_group= 0.264ms)
[pe] round=  9 work=        2 frontier=   135661 next=        0 consolidate=  0.103ms frontier=  0.106ms semisort= 16.573ms (keyed= 0.000ms group_by=  5.979ms per_group= 0.110ms)
timing: read=12.52ms parse=264.03ms build=332.22ms close=361.64ms check=0.00ms dtor=1.94ms
=== trial 4 (T=1) ===
[pe] round=  0 work=    89317 frontier=   170284 next=    21438 consolidate= 27.812ms frontier=  3.991ms semisort= 44.473ms (keyed= 0.000ms group_by= 17.430ms per_group= 5.029ms)
[pe] round=  1 work=    21438 frontier=   163117 next=    19062 consolidate=  8.790ms frontier=  1.124ms semisort= 44.710ms (keyed= 0.000ms group_by= 14.911ms per_group= 4.933ms)
[pe] round=  2 work=    19062 frontier=   182990 next=    10759 consolidate=  4.833ms frontier=  0.783ms semisort= 38.296ms (keyed= 0.000ms group_by= 11.045ms per_group= 2.808ms)
[pe] round=  3 work=    10759 frontier=   194966 next=     2060 consolidate=  2.173ms frontier=  0.333ms semisort= 34.332ms (keyed= 0.000ms group_by=  9.600ms per_group= 1.424ms)
[pe] round=  4 work=     2060 frontier=   197123 next=      480 consolidate=  0.665ms frontier=  0.115ms semisort= 32.937ms (keyed= 0.000ms group_by=  9.233ms per_group= 1.192ms)
[pe] round=  5 work=      480 frontier=   197446 next=      145 consolidate=  0.264ms frontier=  0.092ms semisort= 31.589ms (keyed= 0.000ms group_by=  8.945ms per_group= 0.839ms)
[pe] round=  6 work=      145 frontier=   191353 next=       10 consolidate=  0.159ms frontier=  0.148ms semisort= 30.807ms (keyed= 0.000ms group_by=  8.634ms per_group= 0.722ms)
[pe] round=  7 work=       10 frontier=   191358 next=        4 consolidate=  0.144ms frontier=  0.154ms semisort= 29.660ms (keyed= 0.000ms group_by=  8.493ms per_group= 0.444ms)
[pe] round=  8 work=        4 frontier=   135660 next=        2 consolidate=  0.100ms frontier=  0.090ms semisort= 21.117ms (keyed= 0.000ms group_by=  6.038ms per_group= 0.271ms)
[pe] round=  9 work=        2 frontier=   135661 next=        0 consolidate=  0.084ms frontier=  0.097ms semisort= 17.682ms (keyed= 0.000ms group_by=  5.975ms per_group= 0.113ms)
timing: read=12.65ms parse=265.13ms build=363.74ms close=386.24ms check=0.00ms dtor=1.95ms
