=== trial 0 (T=1) ===
[pe] round=  0 work=    73056 frontier=   122371 next=    17181 consolidate= 22.276ms frontier=  3.365ms semisort= 38.123ms (keyed= 0.000ms group_by= 13.093ms per_group= 3.785ms)
[pe] round=  1 work=    17181 frontier=   105273 next=    12618 consolidate=  8.305ms frontier=  0.951ms semisort= 31.837ms (keyed= 0.000ms group_by= 10.239ms per_group= 3.596ms)
[pe] round=  2 work=    12618 frontier=   103878 next=     8758 consolidate=  4.450ms frontier=  0.569ms semisort= 26.082ms (keyed= 0.000ms group_by=  8.089ms per_group= 2.046ms)
[pe] round=  3 work=     8758 frontier=   112855 next=     3923 consolidate=  2.705ms frontier=  0.351ms semisort= 23.569ms (keyed= 0.000ms group_by=  7.372ms per_group= 1.289ms)
[pe] round=  4 work=     3923 frontier=   115915 next=     1894 consolidate=  1.223ms frontier=  0.205ms semisort= 20.356ms (keyed= 0.000ms group_by=  6.740ms per_group= 1.001ms)
[pe] round=  5 work=     1894 frontier=   116636 next=      522 consolidate=  0.804ms frontier=  0.168ms semisort= 19.922ms (keyed= 0.000ms group_by=  6.466ms per_group= 0.531ms)
[pe] round=  6 work=      522 frontier=   116498 next=      273 consolidate=  0.283ms frontier=  0.095ms semisort= 17.203ms (keyed= 0.000ms group_by=  5.890ms per_group= 0.391ms)
[pe] round=  7 work=      273 frontier=    27888 next=      264 consolidate=  0.157ms frontier=  0.024ms semisort=  4.914ms (keyed= 0.000ms group_by=  1.587ms per_group= 0.210ms)
[pe] round=  8 work=      264 frontier=    28872 next=      271 consolidate=  0.130ms frontier=  0.031ms semisort=  3.271ms (keyed= 0.000ms group_by=  1.555ms per_group= 0.191ms)
[pe] round=  9 work=      271 frontier=    25775 next=       97 consolidate=  0.141ms frontier=  0.023ms semisort=  2.664ms (keyed= 0.000ms group_by=  1.347ms per_group= 0.131ms)
[pe] round= 10 work=       97 frontier=      820 next=        0 consolidate=  0.050ms frontier=  0.007ms semisort=  0.124ms (keyed= 0.000ms group_by=  0.054ms per_group= 0.012ms)
timing: read=14.95ms parse=279.94ms build=324.95ms close=241.59ms check=0.00ms dtor=1.98ms
=== trial 1 (T=1) ===
[pe] round=  0 work=    73056 frontier=   122371 next=    17181 consolidate= 22.042ms frontier=  3.289ms semisort= 36.635ms (keyed= 0.000ms group_by= 12.342ms per_group= 3.729ms)
[pe] round=  1 work=    17181 frontier=   105273 next=    12618 consolidate=  8.344ms frontier=  0.984ms semisort= 30.136ms (keyed= 0.000ms group_by=  9.743ms per_group= 3.552ms)
[pe] round=  2 work=    12618 frontier=   103878 next=     8758 consolidate=  4.434ms frontier=  0.577ms semisort= 25.016ms (keyed= 0.000ms group_by=  7.520ms per_group= 2.048ms)
[pe] round=  3 work=     8758 frontier=   112855 next=     3923 consolidate=  2.719ms frontier=  0.357ms semisort= 22.149ms (keyed= 0.000ms group_by=  7.010ms per_group= 1.268ms)
[pe] round=  4 work=     3923 frontier=   115915 next=     1894 consolidate=  1.255ms frontier=  0.198ms semisort= 19.707ms (keyed= 0.000ms group_by=  6.406ms per_group= 1.017ms)
[pe] round=  5 work=     1894 frontier=   116636 next=      522 consolidate=  0.798ms frontier=  0.163ms semisort= 18.084ms (keyed= 0.000ms group_by=  5.885ms per_group= 0.514ms)
[pe] round=  6 work=      522 frontier=   116498 next=      273 consolidate=  0.279ms frontier=  0.095ms semisort= 16.210ms (keyed= 0.000ms group_by=  5.609ms per_group= 0.381ms)
[pe] round=  7 work=      273 frontier=    27888 next=      264 consolidate=  0.163ms frontier=  0.023ms semisort=  5.047ms (keyed= 0.000ms group_by=  1.722ms per_group= 0.209ms)
[pe] round=  8 work=      264 frontier=    28872 next=      271 consolidate=  0.137ms frontier=  0.030ms semisort=  3.230ms (keyed= 0.000ms group_by=  1.496ms per_group= 0.188ms)
[pe] round=  9 work=      271 frontier=    25775 next=       97 consolidate=  0.146ms frontier=  0.023ms semisort=  2.629ms (keyed= 0.000ms group_by=  1.324ms per_group= 0.131ms)
[pe] round= 10 work=       97 frontier=      820 next=        0 consolidate=  0.052ms frontier=  0.007ms semisort=  0.130ms (keyed= 0.000ms group_by=  0.059ms per_group= 0.012ms)
timing: read=13.97ms parse=279.90ms build=321.37ms close=232.33ms check=0.00ms dtor=2.00ms
=== trial 2 (T=1) ===
[pe] round=  0 work=    73056 frontier=   122371 next=    17181 consolidate= 22.165ms frontier=  3.358ms semisort= 36.607ms (keyed= 0.000ms group_by= 12.317ms per_group= 3.729ms)
[pe] round=  1 work=    17181 frontier=   105273 next=    12618 consolidate=  8.212ms frontier=  0.981ms semisort= 30.689ms (keyed= 0.000ms group_by=  9.874ms per_group= 3.532ms)
[pe] round=  2 work=    12618 frontier=   103878 next=     8758 consolidate=  4.374ms frontier=  0.552ms semisort= 25.238ms (keyed= 0.000ms group_by=  7.599ms per_group= 2.137ms)
[pe] round=  3 work=     8758 frontier=   112855 next=     3923 consolidate=  2.694ms frontier=  0.365ms semisort= 22.608ms (keyed= 0.000ms group_by=  7.015ms per_group= 1.298ms)
[pe] round=  4 work=     3923 frontier=   115915 next=     1894 consolidate=  1.287ms frontier=  0.204ms semisort= 19.934ms (keyed= 0.000ms group_by=  6.403ms per_group= 1.036ms)
[pe] round=  5 work=     1894 frontier=   116636 next=      522 consolidate=  0.815ms frontier=  0.161ms semisort= 18.648ms (keyed= 0.000ms group_by=  6.009ms per_group= 0.511ms)
[pe] round=  6 work=      522 frontier=   116498 next=      273 consolidate=  0.275ms frontier=  0.096ms semisort= 16.203ms (keyed= 0.000ms group_by=  5.668ms per_group= 0.402ms)
[pe] round=  7 work=      273 frontier=    27888 next=      264 consolidate=  0.159ms frontier=  0.024ms semisort=  5.017ms (keyed= 0.000ms group_by=  1.600ms per_group= 0.209ms)
[pe] round=  8 work=      264 frontier=    28872 next=      271 consolidate=  0.138ms frontier=  0.029ms semisort=  3.179ms (keyed= 0.000ms group_by=  1.475ms per_group= 0.193ms)
[pe] round=  9 work=      271 frontier=    25775 next=       97 consolidate=  0.146ms frontier=  0.024ms semisort=  2.704ms (keyed= 0.000ms group_by=  1.395ms per_group= 0.133ms)
[pe] round= 10 work=       97 frontier=      820 next=        0 consolidate=  0.052ms frontier=  0.007ms semisort=  0.125ms (keyed= 0.000ms group_by=  0.054ms per_group= 0.012ms)
timing: read=13.77ms parse=276.10ms build=325.81ms close=234.24ms check=0.00ms dtor=1.98ms
=== trial 3 (T=1) ===
[pe] round=  0 work=    73056 frontier=   122371 next=    17181 consolidate= 22.560ms frontier=  3.519ms semisort= 39.267ms (keyed= 0.000ms group_by= 13.208ms per_group= 3.829ms)
[pe] round=  1 work=    17181 frontier=   105273 next=    12618 consolidate=  8.485ms frontier=  0.995ms semisort= 31.898ms (keyed= 0.000ms group_by= 10.072ms per_group= 3.515ms)
[pe] round=  2 work=    12618 frontier=   103878 next=     8758 consolidate=  4.428ms frontier=  0.563ms semisort= 26.193ms (keyed= 0.000ms group_by=  8.134ms per_group= 2.070ms)
[pe] round=  3 work=     8758 frontier=   112855 next=     3923 consolidate=  2.808ms frontier=  0.356ms semisort= 23.938ms (keyed= 0.000ms group_by=  7.503ms per_group= 1.276ms)
[pe] round=  4 work=     3923 frontier=   115915 next=     1894 consolidate=  1.328ms frontier=  0.213ms semisort= 20.174ms (keyed= 0.000ms group_by=  6.454ms per_group= 1.028ms)
[pe] round=  5 work=     1894 frontier=   116636 next=      522 consolidate=  0.829ms frontier=  0.164ms semisort= 19.281ms (keyed= 0.000ms group_by=  6.274ms per_group= 0.521ms)
[pe] round=  6 work=      522 frontier=   116498 next=      273 consolidate=  0.285ms frontier=  0.094ms semisort= 16.432ms (keyed= 0.000ms group_by=  5.857ms per_group= 0.379ms)
[pe] round=  7 work=      273 frontier=    27888 next=      264 consolidate=  0.160ms frontier=  0.023ms semisort=  4.946ms (keyed= 0.000ms group_by=  1.720ms per_group= 0.207ms)
[pe] round=  8 work=      264 frontier=    28872 next=      271 consolidate=  0.135ms frontier=  0.030ms semisort=  3.242ms (keyed= 0.000ms group_by=  1.515ms per_group= 0.191ms)
[pe] round=  9 work=      271 frontier=    25775 next=       97 consolidate=  0.147ms frontier=  0.024ms semisort=  2.660ms (keyed= 0.000ms group_by=  1.342ms per_group= 0.130ms)
[pe] round= 10 work=       97 frontier=      820 next=        0 consolidate=  0.053ms frontier=  0.008ms semisort=  0.129ms (keyed= 0.000ms group_by=  0.055ms per_group= 0.012ms)
timing: read=13.52ms parse=281.98ms build=331.29ms close=242.58ms check=0.00ms dtor=1.98ms
=== trial 4 (T=1) ===
[pe] round=  0 work=    73056 frontier=   122371 next=    17181 consolidate= 22.433ms frontier=  3.417ms semisort= 38.069ms (keyed= 0.000ms group_by= 12.890ms per_group= 3.815ms)
[pe] round=  1 work=    17181 frontier=   105273 next=    12618 consolidate=  8.145ms frontier=  0.968ms semisort= 31.716ms (keyed= 0.000ms group_by=  9.898ms per_group= 3.574ms)
[pe] round=  2 work=    12618 frontier=   103878 next=     8758 consolidate=  4.404ms frontier=  0.610ms semisort= 26.084ms (keyed= 0.000ms group_by=  7.675ms per_group= 2.049ms)
[pe] round=  3 work=     8758 frontier=   112855 next=     3923 consolidate=  2.694ms frontier=  0.362ms semisort= 23.677ms (keyed= 0.000ms group_by=  7.357ms per_group= 1.287ms)
[pe] round=  4 work=     3923 frontier=   115915 next=     1894 consolidate=  1.257ms frontier=  0.212ms semisort= 20.375ms (keyed= 0.000ms group_by=  6.348ms per_group= 1.076ms)
[pe] round=  5 work=     1894 frontier=   116636 next=      522 consolidate=  0.787ms frontier=  0.166ms semisort= 19.085ms (keyed= 0.000ms group_by=  5.907ms per_group= 0.536ms)
[pe] round=  6 work=      522 frontier=   116498 next=      273 consolidate=  0.287ms frontier=  0.092ms semisort= 16.803ms (keyed= 0.000ms group_by=  5.768ms per_group= 0.388ms)
[pe] round=  7 work=      273 frontier=    27888 next=      264 consolidate=  0.156ms frontier=  0.023ms semisort=  5.068ms (keyed= 0.000ms group_by=  1.668ms per_group= 0.212ms)
[pe] round=  8 work=      264 frontier=    28872 next=      271 consolidate=  0.136ms frontier=  0.030ms semisort=  3.290ms (keyed= 0.000ms group_by=  1.515ms per_group= 0.196ms)
[pe] round=  9 work=      271 frontier=    25775 next=       97 consolidate=  0.147ms frontier=  0.023ms semisort=  2.687ms (keyed= 0.000ms group_by=  1.355ms per_group= 0.139ms)
[pe] round= 10 work=       97 frontier=      820 next=        0 consolidate=  0.060ms frontier=  0.009ms semisort=  0.133ms (keyed= 0.000ms group_by=  0.054ms per_group= 0.012ms)
timing: read=13.71ms parse=281.07ms build=331.16ms close=240.52ms check=0.00ms dtor=2.04ms
