=== trial 0 (T=16) ===
[pe] round=  0 work=    89317 frontier=   170284 next=    21438 consolidate=  4.765ms frontier=  1.170ms semisort=  7.732ms (keyed= 0.000ms group_by=  3.927ms per_group= 0.900ms)
[pe] round=  1 work=    21438 frontier=   163117 next=    19062 consolidate=  1.456ms frontier=  0.342ms semisort=  5.283ms (keyed= 0.000ms group_by=  1.634ms per_group= 0.869ms)
[pe] round=  2 work=    19062 frontier=   182990 next=    10759 consolidate=  1.247ms frontier=  0.323ms semisort=  5.390ms (keyed= 0.000ms group_by=  1.752ms per_group= 0.887ms)
[pe] round=  3 work=    10759 frontier=   194966 next=     2060 consolidate=  0.650ms frontier=  0.252ms semisort=  5.503ms (keyed= 0.000ms group_by=  1.900ms per_group= 0.558ms)
[pe] round=  4 work=     2060 frontier=   197123 next=      480 consolidate=  0.285ms frontier=  0.146ms semisort=  3.987ms (keyed= 0.000ms group_by=  1.862ms per_group= 0.410ms)
[pe] round=  5 work=      480 frontier=   197446 next=      145 consolidate=  0.130ms frontier=  0.117ms semisort=  3.759ms (keyed= 0.000ms group_by=  1.960ms per_group= 0.224ms)
[pe] round=  6 work=      145 frontier=   191353 next=       10 consolidate=  0.109ms frontier=  0.105ms semisort=  3.990ms (keyed= 0.000ms group_by=  1.964ms per_group= 0.290ms)
[pe] round=  7 work=       10 frontier=   191358 next=        4 consolidate=  0.059ms frontier=  0.096ms semisort=  3.474ms (keyed= 0.000ms group_by=  1.946ms per_group= 0.190ms)
[pe] round=  8 work=        4 frontier=   135660 next=        2 consolidate=  0.035ms frontier=  0.070ms semisort=  2.844ms (keyed= 0.000ms group_by=  1.793ms per_group= 0.164ms)
[pe] round=  9 work=        2 frontier=   135661 next=        0 consolidate=  0.033ms frontier=  0.064ms semisort=  2.701ms (keyed= 0.000ms group_by=  1.811ms per_group= 0.081ms)
timing: read=13.33ms parse=264.23ms build=309.43ms close=58.92ms check=0.00ms dtor=8.75ms
=== trial 1 (T=16) ===
[pe] round=  0 work=    89317 frontier=   170284 next=    21438 consolidate=  4.965ms frontier=  1.360ms semisort=  6.357ms (keyed= 0.000ms group_by=  2.782ms per_group= 0.854ms)
[pe] round=  1 work=    21438 frontier=   163117 next=    19062 consolidate=  1.563ms frontier=  0.399ms semisort=  5.083ms (keyed= 0.000ms group_by=  1.530ms per_group= 0.772ms)
[pe] round=  2 work=    19062 frontier=   182990 next=    10759 consolidate=  1.259ms frontier=  0.363ms semisort=  5.466ms (keyed= 0.000ms group_by=  1.813ms per_group= 0.717ms)
[pe] round=  3 work=    10759 frontier=   194966 next=     2060 consolidate=  0.838ms frontier=  0.265ms semisort=  4.699ms (keyed= 0.000ms group_by=  1.958ms per_group= 0.450ms)
[pe] round=  4 work=     2060 frontier=   197123 next=      480 consolidate=  0.283ms frontier=  0.146ms semisort=  4.202ms (keyed= 0.000ms group_by=  2.106ms per_group= 0.293ms)
[pe] round=  5 work=      480 frontier=   197446 next=      145 consolidate=  0.145ms frontier=  0.128ms semisort=  3.741ms (keyed= 0.000ms group_by=  1.949ms per_group= 0.218ms)
[pe] round=  6 work=      145 frontier=   191353 next=       10 consolidate=  0.122ms frontier=  0.110ms semisort=  3.525ms (keyed= 0.000ms group_by=  1.918ms per_group= 0.236ms)
[pe] round=  7 work=       10 frontier=   191358 next=        4 consolidate=  0.073ms frontier=  0.109ms semisort=  3.431ms (keyed= 0.000ms group_by=  1.980ms per_group= 0.183ms)
[pe] round=  8 work=        4 frontier=   135660 next=        2 consolidate=  0.038ms frontier=  0.073ms semisort=  2.758ms (keyed= 0.000ms group_by=  1.766ms per_group= 0.136ms)
[pe] round=  9 work=        2 frontier=   135661 next=        0 consolidate=  0.037ms frontier=  0.066ms semisort=  2.611ms (keyed= 0.000ms group_by=  1.773ms per_group= 0.057ms)
timing: read=12.57ms parse=264.29ms build=315.67ms close=57.21ms check=0.00ms dtor=9.76ms
=== trial 2 (T=16) ===
[pe] round=  0 work=    89317 frontier=   170284 next=    21438 consolidate=  4.737ms frontier=  1.310ms semisort=  7.980ms (keyed= 0.000ms group_by=  4.159ms per_group= 0.908ms)
[pe] round=  1 work=    21438 frontier=   163117 next=    19062 consolidate=  1.404ms frontier=  0.372ms semisort=  5.353ms (keyed= 0.000ms group_by=  1.702ms per_group= 0.838ms)
[pe] round=  2 work=    19062 frontier=   182990 next=    10759 consolidate=  1.144ms frontier=  0.329ms semisort=  5.769ms (keyed= 0.000ms group_by=  1.792ms per_group= 0.853ms)
[pe] round=  3 work=    10759 frontier=   194966 next=     2060 consolidate=  0.780ms frontier=  0.270ms semisort=  5.302ms (keyed= 0.000ms group_by=  1.896ms per_group= 0.439ms)
[pe] round=  4 work=     2060 frontier=   197123 next=      480 consolidate=  0.281ms frontier=  0.152ms semisort=  4.795ms (keyed= 0.000ms group_by=  1.946ms per_group= 0.321ms)
[pe] round=  5 work=      480 frontier=   197446 next=      145 consolidate=  0.133ms frontier=  0.137ms semisort=  4.205ms (keyed= 0.000ms group_by=  1.932ms per_group= 0.350ms)
[pe] round=  6 work=      145 frontier=   191353 next=       10 consolidate=  0.117ms frontier=  0.113ms semisort=  3.535ms (keyed= 0.000ms group_by=  1.936ms per_group= 0.233ms)
[pe] round=  7 work=       10 frontier=   191358 next=        4 consolidate=  0.064ms frontier=  0.098ms semisort=  3.456ms (keyed= 0.000ms group_by=  1.969ms per_group= 0.197ms)
[pe] round=  8 work=        4 frontier=   135660 next=        2 consolidate=  0.035ms frontier=  0.062ms semisort=  2.808ms (keyed= 0.000ms group_by=  1.711ms per_group= 0.169ms)
[pe] round=  9 work=        2 frontier=   135661 next=        0 consolidate=  0.034ms frontier=  0.061ms semisort=  2.670ms (keyed= 0.000ms group_by=  1.746ms per_group= 0.092ms)
timing: read=11.88ms parse=263.44ms build=334.79ms close=60.52ms check=0.00ms dtor=8.62ms
=== trial 3 (T=16) ===
[pe] round=  0 work=    89317 frontier=   170284 next=    21438 consolidate=  4.886ms frontier=  1.306ms semisort=  6.231ms (keyed= 0.000ms group_by=  2.698ms per_group= 0.876ms)
[pe] round=  1 work=    21438 frontier=   163117 next=    19062 consolidate=  1.542ms frontier=  0.396ms semisort=  5.122ms (keyed= 0.000ms group_by=  1.557ms per_group= 0.801ms)
[pe] round=  2 work=    19062 frontier=   182990 next=    10759 consolidate=  1.184ms frontier=  0.365ms semisort=  5.480ms (keyed= 0.000ms group_by=  1.607ms per_group= 0.922ms)
[pe] round=  3 work=    10759 frontier=   194966 next=     2060 consolidate=  0.834ms frontier=  0.243ms semisort=  4.700ms (keyed= 0.000ms group_by=  1.866ms per_group= 0.509ms)
[pe] round=  4 work=     2060 frontier=   197123 next=      480 consolidate=  0.293ms frontier=  0.166ms semisort=  4.561ms (keyed= 0.000ms group_by=  1.883ms per_group= 0.326ms)
[pe] round=  5 work=      480 frontier=   197446 next=      145 consolidate=  0.150ms frontier=  0.118ms semisort=  3.714ms (keyed= 0.000ms group_by=  1.943ms per_group= 0.290ms)
[pe] round=  6 work=      145 frontier=   191353 next=       10 consolidate=  0.110ms frontier=  0.119ms semisort=  3.550ms (keyed= 0.000ms group_by=  1.992ms per_group= 0.242ms)
[pe] round=  7 work=       10 frontier=   191358 next=        4 consolidate=  0.070ms frontier=  0.110ms semisort=  3.271ms (keyed= 0.000ms group_by=  1.924ms per_group= 0.170ms)
[pe] round=  8 work=        4 frontier=   135660 next=        2 consolidate=  0.042ms frontier=  0.074ms semisort=  2.503ms (keyed= 0.000ms group_by=  1.537ms per_group= 0.139ms)
[pe] round=  9 work=        2 frontier=   135661 next=        0 consolidate=  0.036ms frontier=  0.068ms semisort=  2.367ms (keyed= 0.000ms group_by=  1.550ms per_group= 0.064ms)
timing: read=12.51ms parse=265.29ms build=301.87ms close=56.59ms check=0.00ms dtor=9.61ms
=== trial 4 (T=16) ===
[pe] round=  0 work=    89317 frontier=   170284 next=    21438 consolidate=  4.368ms frontier=  1.326ms semisort=  6.520ms (keyed= 0.000ms group_by=  2.851ms per_group= 0.862ms)
[pe] round=  1 work=    21438 frontier=   163117 next=    19062 consolidate=  1.553ms frontier=  0.398ms semisort=  5.147ms (keyed= 0.000ms group_by=  1.572ms per_group= 0.780ms)
[pe] round=  2 work=    19062 frontier=   182990 next=    10759 consolidate=  1.282ms frontier=  0.351ms semisort=  5.541ms (keyed= 0.000ms group_by=  1.693ms per_group= 0.752ms)
[pe] round=  3 work=    10759 frontier=   194966 next=     2060 consolidate=  0.724ms frontier=  0.270ms semisort=  5.406ms (keyed= 0.000ms group_by=  1.795ms per_group= 0.455ms)
[pe] round=  4 work=     2060 frontier=   197123 next=      480 consolidate=  0.296ms frontier=  0.149ms semisort=  4.859ms (keyed= 0.000ms group_by=  1.794ms per_group= 0.358ms)
[pe] round=  5 work=      480 frontier=   197446 next=      145 consolidate=  0.151ms frontier=  0.130ms semisort=  4.141ms (keyed= 0.000ms group_by=  1.839ms per_group= 0.257ms)
[pe] round=  6 work=      145 frontier=   191353 next=       10 consolidate=  0.101ms frontier=  0.120ms semisort=  3.507ms (keyed= 0.000ms group_by=  1.856ms per_group= 0.190ms)
[pe] round=  7 work=       10 frontier=   191358 next=        4 consolidate=  0.064ms frontier=  0.099ms semisort=  3.411ms (keyed= 0.000ms group_by=  1.891ms per_group= 0.156ms)
[pe] round=  8 work=        4 frontier=   135660 next=        2 consolidate=  0.045ms frontier=  0.062ms semisort=  2.890ms (keyed= 0.000ms group_by=  1.813ms per_group= 0.176ms)
[pe] round=  9 work=        2 frontier=   135661 next=        0 consolidate=  0.030ms frontier=  0.063ms semisort=  2.911ms (keyed= 0.000ms group_by=  1.937ms per_group= 0.131ms)
timing: read=12.46ms parse=264.54ms build=313.43ms close=58.53ms check=0.00ms dtor=9.71ms
