=== trial 0 (T=1) ===
[pe] round=  0 work=    59598 frontier=   109832 next=    14124 consolidate= 17.041ms frontier=  2.711ms semisort= 26.349ms (keyed= 0.000ms group_by= 10.569ms per_group= 3.513ms)
[pe] round=  1 work=    14124 frontier=   105603 next=     9441 consolidate=  5.406ms frontier=  0.629ms semisort= 22.191ms (keyed= 0.000ms group_by=  7.923ms per_group= 2.757ms)
[pe] round=  2 work=     9441 frontier=   121801 next=     4569 consolidate=  2.461ms frontier=  0.314ms semisort= 20.403ms (keyed= 0.000ms group_by=  6.866ms per_group= 1.520ms)
[pe] round=  3 work=     4569 frontier=   128276 next=      834 consolidate=  1.111ms frontier=  0.169ms semisort= 18.051ms (keyed= 0.000ms group_by=  6.251ms per_group= 0.793ms)
[pe] round=  4 work=      834 frontier=   125140 next=      104 consolidate=  0.316ms frontier=  0.112ms semisort= 15.698ms (keyed= 0.000ms group_by=  5.715ms per_group= 0.442ms)
[pe] round=  5 work=      104 frontier=   104061 next=       29 consolidate=  0.108ms frontier=  0.072ms semisort= 11.981ms (keyed= 0.000ms group_by=  4.498ms per_group= 0.120ms)
[pe] round=  6 work=       29 frontier=     2531 next=       17 consolidate=  0.019ms frontier=  0.004ms semisort=  0.290ms (keyed= 0.000ms group_by=  0.121ms per_group= 0.014ms)
[pe] round=  7 work=       17 frontier=     2355 next=        2 consolidate=  0.009ms frontier=  0.003ms semisort=  0.199ms (keyed= 0.000ms group_by=  0.108ms per_group= 0.007ms)
[pe] round=  8 work=        2 frontier=        2 next=        0 consolidate=  0.003ms frontier=  0.001ms semisort=  0.004ms (keyed= 0.000ms group_by=  0.003ms per_group= 0.001ms)
timing: read=8.12ms parse=158.77ms build=193.47ms close=151.57ms check=0.00ms dtor=1.19ms
=== trial 1 (T=1) ===
[pe] round=  0 work=    59598 frontier=   109832 next=    14124 consolidate= 17.010ms frontier=  2.575ms semisort= 29.498ms (keyed= 0.000ms group_by= 11.138ms per_group= 3.519ms)
[pe] round=  1 work=    14124 frontier=   105603 next=     9441 consolidate=  5.097ms frontier=  0.709ms semisort= 24.245ms (keyed= 0.000ms group_by=  8.154ms per_group= 2.737ms)
[pe] round=  2 work=     9441 frontier=   121801 next=     4569 consolidate=  2.219ms frontier=  0.342ms semisort= 22.039ms (keyed= 0.000ms group_by=  6.671ms per_group= 1.552ms)
[pe] round=  3 work=     4569 frontier=   128276 next=      834 consolidate=  1.090ms frontier=  0.178ms semisort= 20.091ms (keyed= 0.000ms group_by=  6.309ms per_group= 0.838ms)
[pe] round=  4 work=      834 frontier=   125140 next=      104 consolidate=  0.309ms frontier=  0.123ms semisort= 18.105ms (keyed= 0.000ms group_by=  5.657ms per_group= 0.448ms)
[pe] round=  5 work=      104 frontier=   104061 next=       29 consolidate=  0.112ms frontier=  0.078ms semisort= 13.337ms (keyed= 0.000ms group_by=  4.524ms per_group= 0.118ms)
[pe] round=  6 work=       29 frontier=     2531 next=       17 consolidate=  0.020ms frontier=  0.004ms semisort=  0.287ms (keyed= 0.000ms group_by=  0.118ms per_group= 0.013ms)
[pe] round=  7 work=       17 frontier=     2355 next=        2 consolidate=  0.009ms frontier=  0.003ms semisort=  0.198ms (keyed= 0.000ms group_by=  0.108ms per_group= 0.007ms)
[pe] round=  8 work=        2 frontier=        2 next=        0 consolidate=  0.002ms frontier=  0.001ms semisort=  0.004ms (keyed= 0.000ms group_by=  0.003ms per_group= 0.001ms)
timing: read=7.64ms parse=157.54ms build=194.68ms close=163.63ms check=0.00ms dtor=1.18ms
=== trial 2 (T=1) ===
[pe] round=  0 work=    59598 frontier=   109832 next=    14124 consolidate= 16.922ms frontier=  2.567ms semisort= 28.296ms (keyed= 0.000ms group_by= 11.095ms per_group= 3.535ms)
[pe] round=  1 work=    14124 frontier=   105603 next=     9441 consolidate=  5.044ms frontier=  0.610ms semisort= 22.842ms (keyed= 0.000ms group_by=  7.732ms per_group= 2.740ms)
[pe] round=  2 work=     9441 frontier=   121801 next=     4569 consolidate=  2.265ms frontier=  0.341ms semisort= 21.495ms (keyed= 0.000ms group_by=  7.204ms per_group= 1.598ms)
[pe] round=  3 work=     4569 frontier=   128276 next=      834 consolidate=  1.132ms frontier=  0.169ms semisort= 18.650ms (keyed= 0.000ms group_by=  6.185ms per_group= 0.839ms)
[pe] round=  4 work=      834 frontier=   125140 next=      104 consolidate=  0.314ms frontier=  0.109ms semisort= 16.163ms (keyed= 0.000ms group_by=  5.592ms per_group= 0.431ms)
[pe] round=  5 work=      104 frontier=   104061 next=       29 consolidate=  0.119ms frontier=  0.083ms semisort= 12.264ms (keyed= 0.000ms group_by=  4.535ms per_group= 0.162ms)
[pe] round=  6 work=       29 frontier=     2531 next=       17 consolidate=  0.018ms frontier=  0.004ms semisort=  0.289ms (keyed= 0.000ms group_by=  0.119ms per_group= 0.014ms)
[pe] round=  7 work=       17 frontier=     2355 next=        2 consolidate=  0.009ms frontier=  0.003ms semisort=  0.202ms (keyed= 0.000ms group_by=  0.109ms per_group= 0.008ms)
[pe] round=  8 work=        2 frontier=        2 next=        0 consolidate=  0.003ms frontier=  0.001ms semisort=  0.004ms (keyed= 0.000ms group_by=  0.003ms per_group= 0.000ms)
timing: read=8.07ms parse=159.37ms build=202.87ms close=155.89ms check=0.00ms dtor=1.20ms
=== trial 3 (T=1) ===
[pe] round=  0 work=    59598 frontier=   109832 next=    14124 consolidate= 17.212ms frontier=  2.563ms semisort= 30.166ms (keyed= 0.000ms group_by= 11.179ms per_group= 3.509ms)
[pe] round=  1 work=    14124 frontier=   105603 next=     9441 consolidate=  5.042ms frontier=  0.651ms semisort= 24.646ms (keyed= 0.000ms group_by=  8.183ms per_group= 2.802ms)
[pe] round=  2 work=     9441 frontier=   121801 next=     4569 consolidate=  2.202ms frontier=  0.343ms semisort= 21.733ms (keyed= 0.000ms group_by=  6.888ms per_group= 1.612ms)
[pe] round=  3 work=     4569 frontier=   128276 next=      834 consolidate=  1.121ms frontier=  0.184ms semisort= 19.967ms (keyed= 0.000ms group_by=  6.228ms per_group= 0.842ms)
[pe] round=  4 work=      834 frontier=   125140 next=      104 consolidate=  0.332ms frontier=  0.120ms semisort= 18.287ms (keyed= 0.000ms group_by=  5.951ms per_group= 0.440ms)
[pe] round=  5 work=      104 frontier=   104061 next=       29 consolidate=  0.117ms frontier=  0.072ms semisort= 12.599ms (keyed= 0.000ms group_by=  4.529ms per_group= 0.164ms)
[pe] round=  6 work=       29 frontier=     2531 next=       17 consolidate=  0.018ms frontier=  0.004ms semisort=  0.270ms (keyed= 0.000ms group_by=  0.116ms per_group= 0.014ms)
[pe] round=  7 work=       17 frontier=     2355 next=        2 consolidate=  0.009ms frontier=  0.003ms semisort=  0.222ms (keyed= 0.000ms group_by=  0.128ms per_group= 0.008ms)
[pe] round=  8 work=        2 frontier=        2 next=        0 consolidate=  0.003ms frontier=  0.001ms semisort=  0.005ms (keyed= 0.000ms group_by=  0.003ms per_group= 0.000ms)
timing: read=7.39ms parse=159.37ms build=205.99ms close=163.76ms check=0.00ms dtor=1.18ms
=== trial 4 (T=1) ===
[pe] round=  0 work=    59598 frontier=   109832 next=    14124 consolidate= 17.125ms frontier=  2.669ms semisort= 31.072ms (keyed= 0.000ms group_by= 11.068ms per_group= 3.550ms)
[pe] round=  1 work=    14124 frontier=   105603 next=     9441 consolidate=  5.308ms frontier=  0.631ms semisort= 26.063ms (keyed= 0.000ms group_by=  7.961ms per_group= 2.788ms)
[pe] round=  2 work=     9441 frontier=   121801 next=     4569 consolidate=  2.324ms frontier=  0.331ms semisort= 22.879ms (keyed= 0.000ms group_by=  6.890ms per_group= 1.623ms)
[pe] round=  3 work=     4569 frontier=   128276 next=      834 consolidate=  1.111ms frontier=  0.164ms semisort= 20.346ms (keyed= 0.000ms group_by=  6.148ms per_group= 0.832ms)
[pe] round=  4 work=      834 frontier=   125140 next=      104 consolidate=  0.313ms frontier=  0.113ms semisort= 18.050ms (keyed= 0.000ms group_by=  5.738ms per_group= 0.478ms)
[pe] round=  5 work=      104 frontier=   104061 next=       29 consolidate=  0.108ms frontier=  0.067ms semisort= 13.322ms (keyed= 0.000ms group_by=  4.543ms per_group= 0.160ms)
[pe] round=  6 work=       29 frontier=     2531 next=       17 consolidate=  0.024ms frontier=  0.004ms semisort=  0.283ms (keyed= 0.000ms group_by=  0.119ms per_group= 0.014ms)
[pe] round=  7 work=       17 frontier=     2355 next=        2 consolidate=  0.009ms frontier=  0.003ms semisort=  0.199ms (keyed= 0.000ms group_by=  0.109ms per_group= 0.008ms)
[pe] round=  8 work=        2 frontier=        2 next=        0 consolidate=  0.003ms frontier=  0.001ms semisort=  0.004ms (keyed= 0.000ms group_by=  0.003ms per_group= 0.000ms)
timing: read=7.01ms parse=160.95ms build=206.83ms close=168.56ms check=0.00ms dtor=1.22ms
