=== trial 0 (T=128) ===
[pe] round=  0 work=    99967 frontier=   171761 next=    22653 consolidate= 30.000ms frontier=  8.185ms semisort= 10.911ms (keyed= 0.000ms group_by=  8.639ms per_group= 0.609ms)
[pe] round=  1 work=    22653 frontier=   163260 next=    15759 consolidate=  4.774ms frontier=  1.473ms semisort=  5.658ms (keyed= 0.000ms group_by=  3.551ms per_group= 0.484ms)
[pe] round=  2 work=    15759 frontier=   177178 next=     9780 consolidate=  1.912ms frontier=  1.085ms semisort=  4.351ms (keyed= 0.000ms group_by=  2.175ms per_group= 0.581ms)
[pe] round=  3 work=     9780 frontier=   193271 next=     3259 consolidate=  1.571ms frontier=  0.347ms semisort=  4.813ms (keyed= 0.000ms group_by=  3.013ms per_group= 0.463ms)
[pe] round=  4 work=     3259 frontier=   199294 next=     1223 consolidate=  0.659ms frontier=  0.349ms semisort=  4.204ms (keyed= 0.000ms group_by=  2.698ms per_group= 0.421ms)
[pe] round=  5 work=     1223 frontier=   197224 next=      767 consolidate=  0.298ms frontier=  0.565ms semisort=  3.952ms (keyed= 0.000ms group_by=  2.640ms per_group= 0.317ms)
[pe] round=  6 work=      767 frontier=   187212 next=      215 consolidate=  0.266ms frontier=  0.236ms semisort=  3.253ms (keyed= 0.000ms group_by=  2.552ms per_group= 0.185ms)
[pe] round=  7 work=      215 frontier=    80918 next=       65 consolidate=  0.135ms frontier=  0.112ms semisort=  5.891ms (keyed= 0.000ms group_by=  5.215ms per_group= 0.219ms)
[pe] round=  8 work=       65 frontier=    58108 next=       10 consolidate=  0.164ms frontier=  0.117ms semisort=  3.616ms (keyed= 0.000ms group_by=  3.345ms per_group= 0.087ms)
[pe] round=  9 work=       10 frontier=    27210 next=        4 consolidate=  0.048ms frontier=  0.066ms semisort=  1.809ms (keyed= 0.000ms group_by=  1.590ms per_group= 0.086ms)
[pe] round= 10 work=        4 frontier=    27210 next=        0 consolidate=  0.033ms frontier=  0.072ms semisort=  1.859ms (keyed= 0.000ms group_by=  1.737ms per_group= 0.045ms)
timing: read=16.23ms parse=318.23ms build=521.68ms close=115.64ms check=0.00ms dtor=15.40ms
=== trial 1 (T=128) ===
[pe] round=  0 work=    99967 frontier=   171761 next=    22653 consolidate= 39.591ms frontier= 18.139ms semisort= 18.189ms (keyed= 0.000ms group_by= 14.462ms per_group= 0.720ms)
[pe] round=  1 work=    22653 frontier=   163260 next=    15759 consolidate= 11.606ms frontier=  3.170ms semisort=  9.506ms (keyed= 0.000ms group_by=  6.619ms per_group= 1.052ms)
[pe] round=  2 work=    15759 frontier=   177178 next=     9780 consolidate=  5.177ms frontier=  0.999ms semisort=  8.712ms (keyed= 0.000ms group_by=  5.028ms per_group= 1.791ms)
[pe] round=  3 work=     9780 frontier=   193271 next=     3259 consolidate=  4.601ms frontier=  1.080ms semisort=  7.497ms (keyed= 0.000ms group_by=  5.088ms per_group= 1.247ms)
[pe] round=  4 work=     3259 frontier=   199294 next=     1223 consolidate=  1.663ms frontier=  0.872ms semisort=  6.095ms (keyed= 0.000ms group_by=  4.691ms per_group= 0.350ms)
[pe] round=  5 work=     1223 frontier=   197224 next=      767 consolidate=  2.635ms frontier=  0.190ms semisort=  7.765ms (keyed= 0.000ms group_by=  5.454ms per_group= 0.269ms)
[pe] round=  6 work=      767 frontier=   187212 next=      215 consolidate=  1.333ms frontier=  0.853ms semisort=  5.764ms (keyed= 0.000ms group_by=  3.677ms per_group= 0.889ms)
[pe] round=  7 work=      215 frontier=    80918 next=       65 consolidate=  0.142ms frontier=  0.142ms semisort=  5.929ms (keyed= 0.000ms group_by=  5.410ms per_group= 0.182ms)
[pe] round=  8 work=       65 frontier=    58108 next=       10 consolidate=  0.121ms frontier=  0.118ms semisort=  4.308ms (keyed= 0.000ms group_by=  3.978ms per_group= 0.108ms)
[pe] round=  9 work=       10 frontier=    27210 next=        4 consolidate=  0.052ms frontier=  0.088ms semisort=  1.884ms (keyed= 0.000ms group_by=  1.596ms per_group= 0.145ms)
[pe] round= 10 work=        4 frontier=    27210 next=        0 consolidate=  0.032ms frontier=  0.067ms semisort=  2.734ms (keyed= 0.000ms group_by=  2.270ms per_group= 0.364ms)
timing: read=15.84ms parse=314.44ms build=524.38ms close=190.86ms check=0.00ms dtor=17.29ms
=== trial 2 (T=128) ===
[pe] round=  0 work=    99967 frontier=   171761 next=    22653 consolidate= 27.725ms frontier=  6.360ms semisort= 13.085ms (keyed= 0.000ms group_by=  9.826ms per_group= 0.744ms)
[pe] round=  1 work=    22653 frontier=   163260 next=    15759 consolidate=  4.759ms frontier=  1.352ms semisort=  6.853ms (keyed= 0.000ms group_by=  4.749ms per_group= 0.556ms)
[pe] round=  2 work=    15759 frontier=   177178 next=     9780 consolidate=  1.959ms frontier=  1.262ms semisort=  5.211ms (keyed= 0.000ms group_by=  2.547ms per_group= 0.638ms)
[pe] round=  3 work=     9780 frontier=   193271 next=     3259 consolidate=  1.034ms frontier=  0.958ms semisort=  5.305ms (keyed= 0.000ms group_by=  3.357ms per_group= 0.402ms)
[pe] round=  4 work=     3259 frontier=   199294 next=     1223 consolidate=  0.523ms frontier=  0.236ms semisort=  5.390ms (keyed= 0.000ms group_by=  2.927ms per_group= 0.778ms)
[pe] round=  5 work=     1223 frontier=   197224 next=      767 consolidate=  0.778ms frontier=  0.257ms semisort=  4.050ms (keyed= 0.000ms group_by=  2.922ms per_group= 0.284ms)
[pe] round=  6 work=      767 frontier=   187212 next=      215 consolidate=  0.204ms frontier=  0.166ms semisort=  3.264ms (keyed= 0.000ms group_by=  2.552ms per_group= 0.198ms)
[pe] round=  7 work=      215 frontier=    80918 next=       65 consolidate=  0.182ms frontier=  0.137ms semisort=  5.792ms (keyed= 0.000ms group_by=  5.312ms per_group= 0.140ms)
[pe] round=  8 work=       65 frontier=    58108 next=       10 consolidate=  0.155ms frontier=  0.099ms semisort=  3.544ms (keyed= 0.000ms group_by=  3.143ms per_group= 0.091ms)
[pe] round=  9 work=       10 frontier=    27210 next=        4 consolidate=  0.045ms frontier=  0.056ms semisort=  1.729ms (keyed= 0.000ms group_by=  1.513ms per_group= 0.078ms)
[pe] round= 10 work=        4 frontier=    27210 next=        0 consolidate=  0.033ms frontier=  0.063ms semisort=  1.764ms (keyed= 0.000ms group_by=  1.640ms per_group= 0.040ms)
timing: read=16.78ms parse=315.35ms build=538.06ms close=118.36ms check=0.00ms dtor=15.11ms
=== trial 3 (T=128) ===
[pe] round=  0 work=    99967 frontier=   171761 next=    22653 consolidate= 19.715ms frontier=  5.268ms semisort=  7.917ms (keyed= 0.000ms group_by=  5.962ms per_group= 0.520ms)
[pe] round=  1 work=    22653 frontier=   163260 next=    15759 consolidate=  2.951ms frontier=  0.843ms semisort=  4.776ms (keyed= 0.000ms group_by=  2.972ms per_group= 0.667ms)
[pe] round=  2 work=    15759 frontier=   177178 next=     9780 consolidate=  1.387ms frontier=  0.393ms semisort=  3.652ms (keyed= 0.000ms group_by=  1.865ms per_group= 0.606ms)
[pe] round=  3 work=     9780 frontier=   193271 next=     3259 consolidate=  1.655ms frontier=  0.807ms semisort=  3.993ms (keyed= 0.000ms group_by=  1.754ms per_group= 0.531ms)
[pe] round=  4 work=     3259 frontier=   199294 next=     1223 consolidate=  0.584ms frontier=  0.266ms semisort=  3.263ms (keyed= 0.000ms group_by=  2.098ms per_group= 0.315ms)
[pe] round=  5 work=     1223 frontier=   197224 next=      767 consolidate=  0.297ms frontier=  0.212ms semisort=  4.044ms (keyed= 0.000ms group_by=  2.731ms per_group= 0.341ms)
[pe] round=  6 work=      767 frontier=   187212 next=      215 consolidate=  0.223ms frontier=  0.195ms semisort=  2.895ms (keyed= 0.000ms group_by=  2.183ms per_group= 0.213ms)
[pe] round=  7 work=      215 frontier=    80918 next=       65 consolidate=  0.156ms frontier=  0.136ms semisort=  5.781ms (keyed= 0.000ms group_by=  5.235ms per_group= 0.199ms)
[pe] round=  8 work=       65 frontier=    58108 next=       10 consolidate=  0.117ms frontier=  0.121ms semisort=  3.449ms (keyed= 0.000ms group_by=  3.157ms per_group= 0.080ms)
[pe] round=  9 work=       10 frontier=    27210 next=        4 consolidate=  0.028ms frontier=  0.075ms semisort=  1.783ms (keyed= 0.000ms group_by=  1.579ms per_group= 0.070ms)
[pe] round= 10 work=        4 frontier=    27210 next=        0 consolidate=  0.030ms frontier=  0.058ms semisort=  1.711ms (keyed= 0.000ms group_by=  1.603ms per_group= 0.031ms)
timing: read=17.18ms parse=316.25ms build=526.30ms close=87.54ms check=0.00ms dtor=15.18ms
=== trial 4 (T=128) ===
[pe] round=  0 work=    99967 frontier=   171761 next=    22653 consolidate= 30.133ms frontier=  9.201ms semisort= 10.932ms (keyed= 0.000ms group_by=  8.805ms per_group= 0.678ms)
[pe] round=  1 work=    22653 frontier=   163260 next=    15759 consolidate=  2.596ms frontier=  1.411ms semisort=  6.360ms (keyed= 0.000ms group_by=  3.380ms per_group= 1.475ms)
[pe] round=  2 work=    15759 frontier=   177178 next=     9780 consolidate=  1.959ms frontier=  0.432ms semisort=  4.757ms (keyed= 0.000ms group_by=  2.294ms per_group= 0.619ms)
[pe] round=  3 work=     9780 frontier=   193271 next=     3259 consolidate=  1.461ms frontier=  0.350ms semisort=  4.819ms (keyed= 0.000ms group_by=  3.128ms per_group= 0.402ms)
[pe] round=  4 work=     3259 frontier=   199294 next=     1223 consolidate=  2.169ms frontier=  0.953ms semisort=  5.351ms (keyed= 0.000ms group_by=  2.760ms per_group= 1.145ms)
[pe] round=  5 work=     1223 frontier=   197224 next=      767 consolidate=  0.675ms frontier=  0.215ms semisort=  4.339ms (keyed= 0.000ms group_by=  3.153ms per_group= 0.339ms)
[pe] round=  6 work=      767 frontier=   187212 next=      215 consolidate=  0.227ms frontier=  0.268ms semisort=  4.125ms (keyed= 0.000ms group_by=  3.408ms per_group= 0.196ms)
[pe] round=  7 work=      215 frontier=    80918 next=       65 consolidate=  0.129ms frontier=  0.116ms semisort=  6.003ms (keyed= 0.000ms group_by=  5.359ms per_group= 0.217ms)
[pe] round=  8 work=       65 frontier=    58108 next=       10 consolidate=  0.113ms frontier=  0.127ms semisort=  3.523ms (keyed= 0.000ms group_by=  3.170ms per_group= 0.133ms)
[pe] round=  9 work=       10 frontier=    27210 next=        4 consolidate=  0.396ms frontier=  0.054ms semisort=  1.775ms (keyed= 0.000ms group_by=  1.561ms per_group= 0.070ms)
[pe] round= 10 work=        4 frontier=    27210 next=        0 consolidate=  0.039ms frontier=  0.392ms semisort=  3.413ms (keyed= 0.000ms group_by=  2.918ms per_group= 0.032ms)
timing: read=16.79ms parse=320.54ms build=517.21ms close=125.16ms check=0.00ms dtor=15.87ms
