=== trial 0 (T=16) ===
[pe] round=  0 work=   119758 frontier=   220967 next=    27962 consolidate=  5.686ms frontier=  1.899ms semisort=  9.535ms (keyed= 0.000ms group_by=  4.323ms per_group= 1.081ms)
[pe] round=  1 work=    27962 frontier=   205320 next=    19126 consolidate=  1.543ms frontier=  0.396ms semisort=  6.277ms (keyed= 0.000ms group_by=  2.103ms per_group= 0.880ms)
[pe] round=  2 work=    19126 frontier=   225048 next=    15726 consolidate=  1.172ms frontier=  0.319ms semisort=  6.410ms (keyed= 0.000ms group_by=  2.166ms per_group= 0.727ms)
[pe] round=  3 work=    15726 frontier=   247554 next=     5332 consolidate=  0.880ms frontier=  0.376ms semisort=  6.085ms (keyed= 0.000ms group_by=  1.951ms per_group= 0.546ms)
[pe] round=  4 work=     5332 frontier=   242800 next=     1544 consolidate=  0.611ms frontier=  0.227ms semisort=  5.310ms (keyed= 0.000ms group_by=  1.983ms per_group= 0.368ms)
[pe] round=  5 work=     1544 frontier=   229835 next=      501 consolidate=  0.281ms frontier=  0.153ms semisort=  4.483ms (keyed= 0.000ms group_by=  1.923ms per_group= 0.332ms)
[pe] round=  6 work=      501 frontier=   231007 next=       40 consolidate=  0.139ms frontier=  0.164ms semisort=  4.135ms (keyed= 0.000ms group_by=  2.088ms per_group= 0.189ms)
[pe] round=  7 work=       40 frontier=   113338 next=       19 consolidate=  0.067ms frontier=  0.082ms semisort=  5.685ms (keyed= 0.000ms group_by=  4.793ms per_group= 0.132ms)
[pe] round=  8 work=       19 frontier=   122589 next=       17 consolidate=  0.054ms frontier=  0.114ms semisort=  6.931ms (keyed= 0.000ms group_by=  5.940ms per_group= 0.112ms)
[pe] round=  9 work=       17 frontier=    46191 next=       10 consolidate=  0.034ms frontier=  0.043ms semisort=  2.880ms (keyed= 0.000ms group_by=  2.437ms per_group= 0.063ms)
[pe] round= 10 work=       10 frontier=     4071 next=        0 consolidate=  0.014ms frontier=  0.028ms semisort=  0.333ms (keyed= 0.000ms group_by=  0.232ms per_group= 0.019ms)
timing: read=20.48ms parse=425.97ms build=485.85ms close=75.35ms check=0.00ms dtor=11.94ms
=== trial 1 (T=16) ===
[pe] round=  0 work=   119758 frontier=   220967 next=    27962 consolidate=  5.911ms frontier=  1.668ms semisort=  8.935ms (keyed= 0.000ms group_by=  3.891ms per_group= 1.157ms)
[pe] round=  1 work=    27962 frontier=   205320 next=    19126 consolidate=  1.753ms frontier=  0.420ms semisort=  6.800ms (keyed= 0.000ms group_by=  2.174ms per_group= 1.175ms)
[pe] round=  2 work=    19126 frontier=   225048 next=    15726 consolidate=  1.282ms frontier=  0.323ms semisort=  6.885ms (keyed= 0.000ms group_by=  2.330ms per_group= 0.687ms)
[pe] round=  3 work=    15726 frontier=   247554 next=     5332 consolidate=  1.049ms frontier=  0.385ms semisort=  5.958ms (keyed= 0.000ms group_by=  1.938ms per_group= 0.476ms)
[pe] round=  4 work=     5332 frontier=   242800 next=     1544 consolidate=  0.603ms frontier=  0.237ms semisort=  5.078ms (keyed= 0.000ms group_by=  2.010ms per_group= 0.366ms)
[pe] round=  5 work=     1544 frontier=   229835 next=      501 consolidate=  0.287ms frontier=  0.151ms semisort=  4.264ms (keyed= 0.000ms group_by=  1.813ms per_group= 0.295ms)
[pe] round=  6 work=      501 frontier=   231007 next=       40 consolidate=  0.148ms frontier=  0.163ms semisort=  4.032ms (keyed= 0.000ms group_by=  1.939ms per_group= 0.184ms)
[pe] round=  7 work=       40 frontier=   113338 next=       19 consolidate=  0.060ms frontier=  0.095ms semisort=  5.599ms (keyed= 0.000ms group_by=  4.711ms per_group= 0.137ms)
[pe] round=  8 work=       19 frontier=   122589 next=       17 consolidate=  0.057ms frontier=  0.082ms semisort=  6.970ms (keyed= 0.000ms group_by=  5.996ms per_group= 0.092ms)
[pe] round=  9 work=       17 frontier=    46191 next=       10 consolidate=  0.052ms frontier=  0.050ms semisort=  2.662ms (keyed= 0.000ms group_by=  2.198ms per_group= 0.045ms)
[pe] round= 10 work=       10 frontier=     4071 next=        0 consolidate=  0.015ms frontier=  0.021ms semisort=  0.298ms (keyed= 0.000ms group_by=  0.211ms per_group= 0.017ms)
timing: read=20.44ms parse=425.31ms build=488.28ms close=75.26ms check=0.00ms dtor=11.35ms
=== trial 2 (T=16) ===
[pe] round=  0 work=   119758 frontier=   220967 next=    27962 consolidate=  6.322ms frontier=  1.851ms semisort=  8.412ms (keyed= 0.000ms group_by=  3.060ms per_group= 1.174ms)
[pe] round=  1 work=    27962 frontier=   205320 next=    19126 consolidate=  1.865ms frontier=  0.452ms semisort=  7.155ms (keyed= 0.000ms group_by=  1.988ms per_group= 0.986ms)
[pe] round=  2 work=    19126 frontier=   225048 next=    15726 consolidate=  1.441ms frontier=  0.341ms semisort=  6.943ms (keyed= 0.000ms group_by=  1.926ms per_group= 0.809ms)
[pe] round=  3 work=    15726 frontier=   247554 next=     5332 consolidate=  1.153ms frontier=  0.317ms semisort=  6.582ms (keyed= 0.000ms group_by=  2.086ms per_group= 0.574ms)
[pe] round=  4 work=     5332 frontier=   242800 next=     1544 consolidate=  0.694ms frontier=  0.234ms semisort=  5.265ms (keyed= 0.000ms group_by=  2.071ms per_group= 0.362ms)
[pe] round=  5 work=     1544 frontier=   229835 next=      501 consolidate=  0.333ms frontier=  0.162ms semisort=  4.656ms (keyed= 0.000ms group_by=  1.824ms per_group= 0.358ms)
[pe] round=  6 work=      501 frontier=   231007 next=       40 consolidate=  0.137ms frontier=  0.143ms semisort=  3.951ms (keyed= 0.000ms group_by=  1.784ms per_group= 0.212ms)
[pe] round=  7 work=       40 frontier=   113338 next=       19 consolidate=  0.068ms frontier=  0.091ms semisort=  6.054ms (keyed= 0.000ms group_by=  5.056ms per_group= 0.137ms)
[pe] round=  8 work=       19 frontier=   122589 next=       17 consolidate=  0.068ms frontier=  0.082ms semisort=  7.212ms (keyed= 0.000ms group_by=  6.108ms per_group= 0.099ms)
[pe] round=  9 work=       17 frontier=    46191 next=       10 consolidate=  0.035ms frontier=  0.050ms semisort=  2.850ms (keyed= 0.000ms group_by=  2.341ms per_group= 0.058ms)
[pe] round= 10 work=       10 frontier=     4071 next=        0 consolidate=  0.019ms frontier=  0.026ms semisort=  0.353ms (keyed= 0.000ms group_by=  0.254ms per_group= 0.016ms)
timing: read=20.49ms parse=421.58ms build=487.37ms close=78.44ms check=0.00ms dtor=12.16ms
=== trial 3 (T=16) ===
[pe] round=  0 work=   119758 frontier=   220967 next=    27962 consolidate=  6.454ms frontier=  1.760ms semisort=  8.692ms (keyed= 0.000ms group_by=  3.300ms per_group= 1.153ms)
[pe] round=  1 work=    27962 frontier=   205320 next=    19126 consolidate=  1.963ms frontier=  0.464ms semisort=  6.800ms (keyed= 0.000ms group_by=  1.977ms per_group= 0.976ms)
[pe] round=  2 work=    19126 frontier=   225048 next=    15726 consolidate=  1.385ms frontier=  0.369ms semisort=  6.500ms (keyed= 0.000ms group_by=  1.894ms per_group= 0.771ms)
[pe] round=  3 work=    15726 frontier=   247554 next=     5332 consolidate=  1.020ms frontier=  0.421ms semisort=  6.395ms (keyed= 0.000ms group_by=  2.147ms per_group= 0.569ms)
[pe] round=  4 work=     5332 frontier=   242800 next=     1544 consolidate=  0.704ms frontier=  0.256ms semisort=  5.899ms (keyed= 0.000ms group_by=  2.002ms per_group= 0.373ms)
[pe] round=  5 work=     1544 frontier=   229835 next=      501 consolidate=  0.291ms frontier=  0.161ms semisort=  4.239ms (keyed= 0.000ms group_by=  1.762ms per_group= 0.349ms)
[pe] round=  6 work=      501 frontier=   231007 next=       40 consolidate=  0.143ms frontier=  0.152ms semisort=  3.715ms (keyed= 0.000ms group_by=  1.799ms per_group= 0.195ms)
[pe] round=  7 work=       40 frontier=   113338 next=       19 consolidate=  0.054ms frontier=  0.077ms semisort=  5.765ms (keyed= 0.000ms group_by=  4.856ms per_group= 0.111ms)
[pe] round=  8 work=       19 frontier=   122589 next=       17 consolidate=  0.067ms frontier=  0.094ms semisort=  7.116ms (keyed= 0.000ms group_by=  6.126ms per_group= 0.071ms)
[pe] round=  9 work=       17 frontier=    46191 next=       10 consolidate=  0.050ms frontier=  0.055ms semisort=  2.900ms (keyed= 0.000ms group_by=  2.425ms per_group= 0.050ms)
[pe] round= 10 work=       10 frontier=     4071 next=        0 consolidate=  0.015ms frontier=  0.026ms semisort=  0.330ms (keyed= 0.000ms group_by=  0.245ms per_group= 0.018ms)
timing: read=21.11ms parse=422.34ms build=490.54ms close=77.30ms check=0.00ms dtor=11.31ms
=== trial 4 (T=16) ===
[pe] round=  0 work=   119758 frontier=   220967 next=    27962 consolidate=  5.618ms frontier=  1.681ms semisort=  9.050ms (keyed= 0.000ms group_by=  4.267ms per_group= 1.061ms)
[pe] round=  1 work=    27962 frontier=   205320 next=    19126 consolidate=  1.580ms frontier=  0.384ms semisort=  5.899ms (keyed= 0.000ms group_by=  2.001ms per_group= 0.835ms)
[pe] round=  2 work=    19126 frontier=   225048 next=    15726 consolidate=  1.200ms frontier=  0.422ms semisort=  5.722ms (keyed= 0.000ms group_by=  1.826ms per_group= 0.647ms)
[pe] round=  3 work=    15726 frontier=   247554 next=     5332 consolidate=  1.012ms frontier=  0.358ms semisort=  5.994ms (keyed= 0.000ms group_by=  1.931ms per_group= 0.526ms)
[pe] round=  4 work=     5332 frontier=   242800 next=     1544 consolidate=  0.649ms frontier=  0.221ms semisort=  5.416ms (keyed= 0.000ms group_by=  2.026ms per_group= 0.358ms)
[pe] round=  5 work=     1544 frontier=   229835 next=      501 consolidate=  0.266ms frontier=  0.155ms semisort=  4.238ms (keyed= 0.000ms group_by=  1.860ms per_group= 0.262ms)
[pe] round=  6 work=      501 frontier=   231007 next=       40 consolidate=  0.160ms frontier=  0.129ms semisort=  3.838ms (keyed= 0.000ms group_by=  1.947ms per_group= 0.175ms)
[pe] round=  7 work=       40 frontier=   113338 next=       19 consolidate=  0.050ms frontier=  0.103ms semisort=  5.646ms (keyed= 0.000ms group_by=  4.687ms per_group= 0.118ms)
[pe] round=  8 work=       19 frontier=   122589 next=       17 consolidate=  0.055ms frontier=  0.070ms semisort=  6.675ms (keyed= 0.000ms group_by=  5.665ms per_group= 0.070ms)
[pe] round=  9 work=       17 frontier=    46191 next=       10 consolidate=  0.042ms frontier=  0.060ms semisort=  2.772ms (keyed= 0.000ms group_by=  2.334ms per_group= 0.049ms)
[pe] round= 10 work=       10 frontier=     4071 next=        0 consolidate=  0.014ms frontier=  0.019ms semisort=  0.307ms (keyed= 0.000ms group_by=  0.226ms per_group= 0.016ms)
timing: read=20.82ms parse=426.77ms build=494.98ms close=72.84ms check=0.00ms dtor=11.68ms
