=== trial 0 (T=1) ===
[pe] round=  0 work=    61664 frontier=   115178 next=    15806 consolidate= 18.021ms frontier=  2.783ms semisort= 33.270ms (keyed= 0.000ms group_by= 11.803ms per_group= 3.694ms)
[pe] round=  1 work=    15806 frontier=   112026 next=     6873 consolidate=  6.086ms frontier=  0.855ms semisort= 28.961ms (keyed= 0.000ms group_by=  8.925ms per_group= 3.039ms)
[pe] round=  2 work=     6873 frontier=   117100 next=     4450 consolidate=  2.205ms frontier=  0.292ms semisort= 24.697ms (keyed= 0.000ms group_by=  7.277ms per_group= 1.862ms)
[pe] round=  3 work=     4450 frontier=   125611 next=     3191 consolidate=  1.169ms frontier=  0.201ms semisort= 21.992ms (keyed= 0.000ms group_by=  6.102ms per_group= 1.311ms)
[pe] round=  4 work=     3191 frontier=   128902 next=      677 consolidate=  0.713ms frontier=  0.141ms semisort= 20.852ms (keyed= 0.000ms group_by=  5.804ms per_group= 0.705ms)
[pe] round=  5 work=      677 frontier=   129810 next=      216 consolidate=  0.227ms frontier=  0.066ms semisort= 18.954ms (keyed= 0.000ms group_by=  5.478ms per_group= 0.602ms)
[pe] round=  6 work=      216 frontier=   129980 next=        0 consolidate=  0.111ms frontier=  0.054ms semisort= 17.740ms (keyed= 0.000ms group_by=  5.435ms per_group= 0.103ms)
timing: read=8.05ms parse=180.04ms build=248.45ms close=205.29ms check=0.00ms dtor=1.27ms
=== trial 1 (T=1) ===
[pe] round=  0 work=    61664 frontier=   115178 next=    15806 consolidate= 18.010ms frontier=  2.810ms semisort= 25.319ms (keyed= 0.000ms group_by= 11.852ms per_group= 3.714ms)
[pe] round=  1 work=    15806 frontier=   112026 next=     6873 consolidate=  5.232ms frontier=  0.828ms semisort= 20.492ms (keyed= 0.000ms group_by=  8.602ms per_group= 2.843ms)
[pe] round=  2 work=     6873 frontier=   117100 next=     4450 consolidate=  1.909ms frontier=  0.278ms semisort= 17.078ms (keyed= 0.000ms group_by=  6.724ms per_group= 1.753ms)
[pe] round=  3 work=     4450 frontier=   125611 next=     3191 consolidate=  0.965ms frontier=  0.228ms semisort= 15.579ms (keyed= 0.000ms group_by=  6.180ms per_group= 1.244ms)
[pe] round=  4 work=     3191 frontier=   128902 next=      677 consolidate=  0.595ms frontier=  0.138ms semisort= 14.042ms (keyed= 0.000ms group_by=  5.666ms per_group= 0.724ms)
[pe] round=  5 work=      677 frontier=   129810 next=      216 consolidate=  0.193ms frontier=  0.066ms semisort= 13.334ms (keyed= 0.000ms group_by=  5.497ms per_group= 0.595ms)
[pe] round=  6 work=      216 frontier=   129980 next=        0 consolidate=  0.106ms frontier=  0.056ms semisort= 12.025ms (keyed= 0.000ms group_by=  5.660ms per_group= 0.096ms)
timing: read=8.38ms parse=180.75ms build=204.61ms close=155.28ms check=0.00ms dtor=1.16ms
=== trial 2 (T=1) ===
[pe] round=  0 work=    61664 frontier=   115178 next=    15806 consolidate= 18.178ms frontier=  2.706ms semisort= 26.932ms (keyed= 0.000ms group_by= 11.672ms per_group= 3.673ms)
[pe] round=  1 work=    15806 frontier=   112026 next=     6873 consolidate=  5.306ms frontier=  0.820ms semisort= 21.712ms (keyed= 0.000ms group_by=  8.949ms per_group= 2.926ms)
[pe] round=  2 work=     6873 frontier=   117100 next=     4450 consolidate=  1.998ms frontier=  0.274ms semisort= 18.231ms (keyed= 0.000ms group_by=  7.184ms per_group= 1.835ms)
[pe] round=  3 work=     4450 frontier=   125611 next=     3191 consolidate=  1.052ms frontier=  0.196ms semisort= 16.127ms (keyed= 0.000ms group_by=  6.194ms per_group= 1.290ms)
[pe] round=  4 work=     3191 frontier=   128902 next=      677 consolidate=  0.630ms frontier=  0.141ms semisort= 14.629ms (keyed= 0.000ms group_by=  5.800ms per_group= 0.716ms)
[pe] round=  5 work=      677 frontier=   129810 next=      216 consolidate=  0.217ms frontier=  0.065ms semisort= 13.578ms (keyed= 0.000ms group_by=  5.402ms per_group= 0.586ms)
[pe] round=  6 work=      216 frontier=   129980 next=        0 consolidate=  0.110ms frontier=  0.053ms semisort= 12.020ms (keyed= 0.000ms group_by=  5.320ms per_group= 0.108ms)
timing: read=8.05ms parse=183.86ms build=250.57ms close=160.92ms check=0.00ms dtor=1.18ms
=== trial 3 (T=1) ===
[pe] round=  0 work=    61664 frontier=   115178 next=    15806 consolidate= 17.889ms frontier=  2.667ms semisort= 30.658ms (keyed= 0.000ms group_by= 11.852ms per_group= 3.595ms)
[pe] round=  1 work=    15806 frontier=   112026 next=     6873 consolidate=  5.248ms frontier=  0.817ms semisort= 26.313ms (keyed= 0.000ms group_by=  9.016ms per_group= 2.862ms)
[pe] round=  2 work=     6873 frontier=   117100 next=     4450 consolidate=  1.854ms frontier=  0.273ms semisort= 21.322ms (keyed= 0.000ms group_by=  6.848ms per_group= 1.765ms)
[pe] round=  3 work=     4450 frontier=   125611 next=     3191 consolidate=  0.988ms frontier=  0.197ms semisort= 18.347ms (keyed= 0.000ms group_by=  6.118ms per_group= 1.290ms)
[pe] round=  4 work=     3191 frontier=   128902 next=      677 consolidate=  0.608ms frontier=  0.168ms semisort= 18.113ms (keyed= 0.000ms group_by=  5.792ms per_group= 0.734ms)
[pe] round=  5 work=      677 frontier=   129810 next=      216 consolidate=  0.201ms frontier=  0.068ms semisort= 15.993ms (keyed= 0.000ms group_by=  5.463ms per_group= 0.599ms)
[pe] round=  6 work=      216 frontier=   129980 next=        0 consolidate=  0.104ms frontier=  0.058ms semisort= 14.486ms (keyed= 0.000ms group_by=  5.494ms per_group= 0.109ms)
timing: read=7.84ms parse=181.19ms build=207.13ms close=182.37ms check=0.00ms dtor=1.18ms
=== trial 4 (T=1) ===
[pe] round=  0 work=    61664 frontier=   115178 next=    15806 consolidate= 17.983ms frontier=  2.728ms semisort= 24.937ms (keyed= 0.000ms group_by= 11.852ms per_group= 3.600ms)
[pe] round=  1 work=    15806 frontier=   112026 next=     6873 consolidate=  5.186ms frontier=  0.814ms semisort= 20.919ms (keyed= 0.000ms group_by=  9.076ms per_group= 2.873ms)
[pe] round=  2 work=     6873 frontier=   117100 next=     4450 consolidate=  1.912ms frontier=  0.280ms semisort= 17.165ms (keyed= 0.000ms group_by=  6.707ms per_group= 1.780ms)
[pe] round=  3 work=     4450 frontier=   125611 next=     3191 consolidate=  0.939ms frontier=  0.200ms semisort= 15.363ms (keyed= 0.000ms group_by=  6.053ms per_group= 1.317ms)
[pe] round=  4 work=     3191 frontier=   128902 next=      677 consolidate=  0.575ms frontier=  0.144ms semisort= 13.875ms (keyed= 0.000ms group_by=  5.675ms per_group= 0.701ms)
[pe] round=  5 work=      677 frontier=   129810 next=      216 consolidate=  0.194ms frontier=  0.066ms semisort= 13.070ms (keyed= 0.000ms group_by=  5.472ms per_group= 0.572ms)
[pe] round=  6 work=      216 frontier=   129980 next=        0 consolidate=  0.101ms frontier=  0.057ms semisort= 11.829ms (keyed= 0.000ms group_by=  5.448ms per_group= 0.105ms)
timing: read=8.16ms parse=181.53ms build=246.92ms close=154.30ms check=0.00ms dtor=1.16ms
