=== trial 0 (T=1) ===
[pe] round=  0 work=   102679 frontier=   184750 next=    22830 consolidate= 32.103ms frontier=  4.950ms semisort= 57.796ms (keyed= 0.000ms group_by= 20.013ms per_group= 5.941ms)
[pe] round=  1 work=    22830 frontier=   168198 next=    14623 consolidate=  9.482ms frontier=  1.197ms semisort= 48.058ms (keyed= 0.000ms group_by= 15.766ms per_group= 4.915ms)
[pe] round=  2 work=    14623 frontier=   179883 next=    12219 consolidate=  4.857ms frontier=  0.736ms semisort= 42.766ms (keyed= 0.000ms group_by= 11.572ms per_group= 3.105ms)
[pe] round=  3 work=    12219 frontier=   197627 next=     4839 consolidate=  2.916ms frontier=  0.429ms semisort= 40.816ms (keyed= 0.000ms group_by= 11.151ms per_group= 2.054ms)
[pe] round=  4 work=     4839 frontier=   205565 next=     1915 consolidate=  1.413ms frontier=  0.204ms semisort= 41.499ms (keyed= 0.000ms group_by= 10.509ms per_group= 1.428ms)
[pe] round=  5 work=     1915 frontier=   196959 next=     1068 consolidate=  0.700ms frontier=  0.147ms semisort= 38.050ms (keyed= 0.000ms group_by=  9.824ms per_group= 1.019ms)
[pe] round=  6 work=     1068 frontier=   160392 next=      538 consolidate=  0.431ms frontier=  0.143ms semisort= 30.920ms (keyed= 0.000ms group_by=  7.927ms per_group= 0.896ms)
[pe] round=  7 work=      538 frontier=   160761 next=      257 consolidate=  0.262ms frontier=  0.118ms semisort= 29.991ms (keyed= 0.000ms group_by=  7.808ms per_group= 0.817ms)
[pe] round=  8 work=      257 frontier=   161154 next=      205 consolidate=  0.184ms frontier=  0.126ms semisort= 29.194ms (keyed= 0.000ms group_by=  7.794ms per_group= 0.567ms)
[pe] round=  9 work=      205 frontier=   161428 next=      141 consolidate=  0.178ms frontier=  0.110ms semisort= 29.804ms (keyed= 0.000ms group_by=  7.553ms per_group= 0.577ms)
[pe] round= 10 work=      141 frontier=   161565 next=       75 consolidate=  0.145ms frontier=  0.113ms semisort= 29.605ms (keyed= 0.000ms group_by=  7.731ms per_group= 0.583ms)
[pe] round= 11 work=       75 frontier=   161676 next=       55 consolidate=  0.136ms frontier=  0.120ms semisort= 28.789ms (keyed= 0.000ms group_by=  7.578ms per_group= 0.596ms)
[pe] round= 12 work=       55 frontier=   161743 next=       22 consolidate=  0.132ms frontier=  0.107ms semisort= 29.258ms (keyed= 0.000ms group_by=  7.693ms per_group= 0.517ms)
[pe] round= 13 work=       22 frontier=   161762 next=       12 consolidate=  0.111ms frontier=  0.103ms semisort= 29.351ms (keyed= 0.000ms group_by=  7.676ms per_group= 0.506ms)
[pe] round= 14 work=       12 frontier=   161781 next=        8 consolidate=  0.120ms frontier=  0.123ms semisort= 28.889ms (keyed= 0.000ms group_by=  7.699ms per_group= 0.593ms)
[pe] round= 15 work=        8 frontier=   161788 next=        2 consolidate=  0.122ms frontier=  0.105ms semisort= 27.740ms (keyed= 0.000ms group_by=  7.609ms per_group= 0.353ms)
[pe] round= 16 work=        2 frontier=   161789 next=        2 consolidate=  0.109ms frontier=  0.098ms semisort= 28.728ms (keyed= 0.000ms group_by=  7.666ms per_group= 0.241ms)
[pe] round= 17 work=        2 frontier=   161790 next=        0 consolidate=  0.118ms frontier=  0.119ms semisort= 28.166ms (keyed= 0.000ms group_by=  7.631ms per_group= 0.158ms)
timing: read=25.02ms parse=470.62ms build=632.30ms close=691.89ms check=0.00ms dtor=2.55ms
=== trial 1 (T=1) ===
[pe] round=  0 work=   102679 frontier=   184750 next=    22830 consolidate= 31.663ms frontier=  4.776ms semisort= 51.734ms (keyed= 0.000ms group_by= 19.647ms per_group= 5.878ms)
[pe] round=  1 work=    22830 frontier=   168198 next=    14623 consolidate=  8.957ms frontier=  1.199ms semisort= 44.021ms (keyed= 0.000ms group_by= 15.542ms per_group= 5.231ms)
[pe] round=  2 work=    14623 frontier=   179883 next=    12219 consolidate=  4.668ms frontier=  0.695ms semisort= 37.809ms (keyed= 0.000ms group_by= 11.830ms per_group= 3.112ms)
[pe] round=  3 work=    12219 frontier=   197627 next=     4839 consolidate=  2.926ms frontier=  0.422ms semisort= 35.992ms (keyed= 0.000ms group_by= 11.127ms per_group= 2.052ms)
[pe] round=  4 work=     4839 frontier=   205565 next=     1915 consolidate=  1.362ms frontier=  0.225ms semisort= 35.853ms (keyed= 0.000ms group_by= 10.402ms per_group= 1.422ms)
[pe] round=  5 work=     1915 frontier=   196959 next=     1068 consolidate=  0.698ms frontier=  0.145ms semisort= 32.539ms (keyed= 0.000ms group_by=  9.715ms per_group= 1.028ms)
[pe] round=  6 work=     1068 frontier=   160392 next=      538 consolidate=  0.428ms frontier=  0.139ms semisort= 26.090ms (keyed= 0.000ms group_by=  7.905ms per_group= 0.869ms)
[pe] round=  7 work=      538 frontier=   160761 next=      257 consolidate=  0.265ms frontier=  0.119ms semisort= 25.649ms (keyed= 0.000ms group_by=  7.879ms per_group= 0.833ms)
[pe] round=  8 work=      257 frontier=   161154 next=      205 consolidate=  0.186ms frontier=  0.128ms semisort= 25.872ms (keyed= 0.000ms group_by=  7.711ms per_group= 0.565ms)
[pe] round=  9 work=      205 frontier=   161428 next=      141 consolidate=  0.179ms frontier=  0.113ms semisort= 25.075ms (keyed= 0.000ms group_by=  7.728ms per_group= 0.609ms)
[pe] round= 10 work=      141 frontier=   161565 next=       75 consolidate=  0.144ms frontier=  0.114ms semisort= 25.526ms (keyed= 0.000ms group_by=  7.819ms per_group= 0.556ms)
[pe] round= 11 work=       75 frontier=   161676 next=       55 consolidate=  0.146ms frontier=  0.125ms semisort= 25.014ms (keyed= 0.000ms group_by=  7.848ms per_group= 0.567ms)
[pe] round= 12 work=       55 frontier=   161743 next=       22 consolidate=  0.137ms frontier=  0.110ms semisort= 24.898ms (keyed= 0.000ms group_by=  7.624ms per_group= 0.524ms)
[pe] round= 13 work=       22 frontier=   161762 next=       12 consolidate=  0.114ms frontier=  0.105ms semisort= 24.893ms (keyed= 0.000ms group_by=  7.766ms per_group= 0.477ms)
[pe] round= 14 work=       12 frontier=   161781 next=        8 consolidate=  0.126ms frontier=  0.121ms semisort= 25.069ms (keyed= 0.000ms group_by=  7.581ms per_group= 0.544ms)
[pe] round= 15 work=        8 frontier=   161788 next=        2 consolidate=  0.128ms frontier=  0.115ms semisort= 24.819ms (keyed= 0.000ms group_by=  7.627ms per_group= 0.374ms)
[pe] round= 16 work=        2 frontier=   161789 next=        2 consolidate=  0.105ms frontier=  0.105ms semisort= 24.129ms (keyed= 0.000ms group_by=  7.640ms per_group= 0.237ms)
[pe] round= 17 work=        2 frontier=   161790 next=        0 consolidate=  0.124ms frontier=  0.117ms semisort= 23.812ms (keyed= 0.000ms group_by=  7.679ms per_group= 0.197ms)
timing: read=24.08ms parse=466.63ms build=612.31ms close=609.98ms check=0.00ms dtor=2.64ms
=== trial 2 (T=1) ===
[pe] round=  0 work=   102679 frontier=   184750 next=    22830 consolidate= 32.181ms frontier=  4.998ms semisort= 50.289ms (keyed= 0.000ms group_by= 19.008ms per_group= 6.108ms)
[pe] round=  1 work=    22830 frontier=   168198 next=    14623 consolidate=  9.129ms frontier=  1.209ms semisort= 43.781ms (keyed= 0.000ms group_by= 15.956ms per_group= 4.969ms)
[pe] round=  2 work=    14623 frontier=   179883 next=    12219 consolidate=  4.703ms frontier=  0.719ms semisort= 36.988ms (keyed= 0.000ms group_by= 11.753ms per_group= 3.165ms)
[pe] round=  3 work=    12219 frontier=   197627 next=     4839 consolidate=  2.983ms frontier=  0.420ms semisort= 34.976ms (keyed= 0.000ms group_by= 10.913ms per_group= 2.012ms)
[pe] round=  4 work=     4839 frontier=   205565 next=     1915 consolidate=  1.374ms frontier=  0.203ms semisort= 34.780ms (keyed= 0.000ms group_by= 10.428ms per_group= 1.451ms)
[pe] round=  5 work=     1915 frontier=   196959 next=     1068 consolidate=  0.704ms frontier=  0.147ms semisort= 31.607ms (keyed= 0.000ms group_by=  9.776ms per_group= 0.975ms)
[pe] round=  6 work=     1068 frontier=   160392 next=      538 consolidate=  0.430ms frontier=  0.133ms semisort= 27.171ms (keyed= 0.000ms group_by=  7.731ms per_group= 0.851ms)
[pe] round=  7 work=      538 frontier=   160761 next=      257 consolidate=  0.255ms frontier=  0.119ms semisort= 26.375ms (keyed= 0.000ms group_by=  7.732ms per_group= 0.837ms)
[pe] round=  8 work=      257 frontier=   161154 next=      205 consolidate=  0.184ms frontier=  0.125ms semisort= 25.961ms (keyed= 0.000ms group_by=  7.760ms per_group= 0.600ms)
[pe] round=  9 work=      205 frontier=   161428 next=      141 consolidate=  0.182ms frontier=  0.118ms semisort= 26.094ms (keyed= 0.000ms group_by=  7.679ms per_group= 0.575ms)
[pe] round= 10 work=      141 frontier=   161565 next=       75 consolidate=  0.143ms frontier=  0.116ms semisort= 25.761ms (keyed= 0.000ms group_by=  7.640ms per_group= 0.542ms)
[pe] round= 11 work=       75 frontier=   161676 next=       55 consolidate=  0.148ms frontier=  0.133ms semisort= 25.641ms (keyed= 0.000ms group_by=  7.685ms per_group= 0.566ms)
[pe] round= 12 work=       55 frontier=   161743 next=       22 consolidate=  0.137ms frontier=  0.112ms semisort= 25.829ms (keyed= 0.000ms group_by=  7.714ms per_group= 0.518ms)
[pe] round= 13 work=       22 frontier=   161762 next=       12 consolidate=  0.116ms frontier=  0.110ms semisort= 25.560ms (keyed= 0.000ms group_by=  7.679ms per_group= 0.459ms)
[pe] round= 14 work=       12 frontier=   161781 next=        8 consolidate=  0.130ms frontier=  0.127ms semisort= 25.801ms (keyed= 0.000ms group_by=  7.806ms per_group= 0.595ms)
[pe] round= 15 work=        8 frontier=   161788 next=        2 consolidate=  0.124ms frontier=  0.108ms semisort= 24.697ms (keyed= 0.000ms group_by=  7.682ms per_group= 0.375ms)
[pe] round= 16 work=        2 frontier=   161789 next=        2 consolidate=  0.111ms frontier=  0.104ms semisort= 24.877ms (keyed= 0.000ms group_by=  7.754ms per_group= 0.243ms)
[pe] round= 17 work=        2 frontier=   161790 next=        0 consolidate=  0.119ms frontier=  0.119ms semisort= 24.348ms (keyed= 0.000ms group_by=  7.669ms per_group= 0.150ms)
timing: read=22.73ms parse=464.92ms build=600.19ms close=612.86ms check=0.00ms dtor=2.67ms
=== trial 3 (T=1) ===
[pe] round=  0 work=   102679 frontier=   184750 next=    22830 consolidate= 31.727ms frontier=  4.771ms semisort= 57.636ms (keyed= 0.000ms group_by= 19.805ms per_group= 5.840ms)
[pe] round=  1 work=    22830 frontier=   168198 next=    14623 consolidate=  9.195ms frontier=  1.182ms semisort= 48.487ms (keyed= 0.000ms group_by= 16.055ms per_group= 4.938ms)
[pe] round=  2 work=    14623 frontier=   179883 next=    12219 consolidate=  4.713ms frontier=  0.704ms semisort= 43.367ms (keyed= 0.000ms group_by= 11.861ms per_group= 3.049ms)
[pe] round=  3 work=    12219 frontier=   197627 next=     4839 consolidate=  2.923ms frontier=  0.416ms semisort= 40.812ms (keyed= 0.000ms group_by= 11.137ms per_group= 2.050ms)
[pe] round=  4 work=     4839 frontier=   205565 next=     1915 consolidate=  1.384ms frontier=  0.211ms semisort= 43.233ms (keyed= 0.000ms group_by= 10.709ms per_group= 1.417ms)
[pe] round=  5 work=     1915 frontier=   196959 next=     1068 consolidate=  0.718ms frontier=  0.146ms semisort= 39.042ms (keyed= 0.000ms group_by=  9.635ms per_group= 0.956ms)
[pe] round=  6 work=     1068 frontier=   160392 next=      538 consolidate=  0.413ms frontier=  0.138ms semisort= 32.601ms (keyed= 0.000ms group_by=  7.998ms per_group= 0.847ms)
[pe] round=  7 work=      538 frontier=   160761 next=      257 consolidate=  0.253ms frontier=  0.112ms semisort= 31.670ms (keyed= 0.000ms group_by=  7.962ms per_group= 0.783ms)
[pe] round=  8 work=      257 frontier=   161154 next=      205 consolidate=  0.194ms frontier=  0.117ms semisort= 30.737ms (keyed= 0.000ms group_by=  7.944ms per_group= 0.582ms)
[pe] round=  9 work=      205 frontier=   161428 next=      141 consolidate=  0.164ms frontier=  0.111ms semisort= 30.271ms (keyed= 0.000ms group_by=  8.110ms per_group= 0.570ms)
[pe] round= 10 work=      141 frontier=   161565 next=       75 consolidate=  0.139ms frontier=  0.110ms semisort= 29.779ms (keyed= 0.000ms group_by=  7.873ms per_group= 0.564ms)
[pe] round= 11 work=       75 frontier=   161676 next=       55 consolidate=  0.155ms frontier=  0.117ms semisort= 30.535ms (keyed= 0.000ms group_by=  8.119ms per_group= 0.576ms)
[pe] round= 12 work=       55 frontier=   161743 next=       22 consolidate=  0.124ms frontier=  0.109ms semisort= 30.633ms (keyed= 0.000ms group_by=  7.839ms per_group= 0.569ms)
[pe] round= 13 work=       22 frontier=   161762 next=       12 consolidate=  0.109ms frontier=  0.100ms semisort= 30.825ms (keyed= 0.000ms group_by=  7.996ms per_group= 0.489ms)
[pe] round= 14 work=       12 frontier=   161781 next=        8 consolidate=  0.129ms frontier=  0.111ms semisort= 29.249ms (keyed= 0.000ms group_by=  7.740ms per_group= 0.576ms)
[pe] round= 15 work=        8 frontier=   161788 next=        2 consolidate=  0.113ms frontier=  0.111ms semisort= 30.513ms (keyed= 0.000ms group_by=  7.898ms per_group= 0.351ms)
[pe] round= 16 work=        2 frontier=   161789 next=        2 consolidate=  0.104ms frontier=  0.103ms semisort= 30.206ms (keyed= 0.000ms group_by=  7.932ms per_group= 0.274ms)
[pe] round= 17 work=        2 frontier=   161790 next=        0 consolidate=  0.127ms frontier=  0.109ms semisort= 30.059ms (keyed= 0.000ms group_by=  7.993ms per_group= 0.164ms)
timing: read=23.22ms parse=459.71ms build=552.09ms close=711.06ms check=0.00ms dtor=2.63ms
=== trial 4 (T=1) ===
[pe] round=  0 work=   102679 frontier=   184750 next=    22830 consolidate= 32.233ms frontier=  4.762ms semisort= 57.979ms (keyed= 0.000ms group_by= 18.714ms per_group= 5.880ms)
[pe] round=  1 work=    22830 frontier=   168198 next=    14623 consolidate=  8.859ms frontier=  1.166ms semisort= 49.683ms (keyed= 0.000ms group_by= 14.746ms per_group= 4.901ms)
[pe] round=  2 work=    14623 frontier=   179883 next=    12219 consolidate=  4.635ms frontier=  0.700ms semisort= 44.467ms (keyed= 0.000ms group_by= 11.000ms per_group= 3.139ms)
[pe] round=  3 work=    12219 frontier=   197627 next=     4839 consolidate=  2.912ms frontier=  0.433ms semisort= 42.593ms (keyed= 0.000ms group_by= 10.719ms per_group= 2.081ms)
[pe] round=  4 work=     4839 frontier=   205565 next=     1915 consolidate=  1.346ms frontier=  0.217ms semisort= 43.054ms (keyed= 0.000ms group_by= 10.201ms per_group= 1.412ms)
[pe] round=  5 work=     1915 frontier=   196959 next=     1068 consolidate=  0.697ms frontier=  0.149ms semisort= 40.508ms (keyed= 0.000ms group_by=  9.557ms per_group= 1.015ms)
[pe] round=  6 work=     1068 frontier=   160392 next=      538 consolidate=  0.431ms frontier=  0.146ms semisort= 32.903ms (keyed= 0.000ms group_by=  7.545ms per_group= 0.848ms)
[pe] round=  7 work=      538 frontier=   160761 next=      257 consolidate=  0.252ms frontier=  0.112ms semisort= 32.049ms (keyed= 0.000ms group_by=  7.676ms per_group= 0.794ms)
[pe] round=  8 work=      257 frontier=   161154 next=      205 consolidate=  0.179ms frontier=  0.126ms semisort= 31.497ms (keyed= 0.000ms group_by=  7.605ms per_group= 0.576ms)
[pe] round=  9 work=      205 frontier=   161428 next=      141 consolidate=  0.168ms frontier=  0.114ms semisort= 31.214ms (keyed= 0.000ms group_by=  7.615ms per_group= 0.593ms)
[pe] round= 10 work=      141 frontier=   161565 next=       75 consolidate=  0.145ms frontier=  0.112ms semisort= 31.222ms (keyed= 0.000ms group_by=  7.351ms per_group= 0.596ms)
[pe] round= 11 work=       75 frontier=   161676 next=       55 consolidate=  0.138ms frontier=  0.123ms semisort= 31.029ms (keyed= 0.000ms group_by=  7.473ms per_group= 0.533ms)
[pe] round= 12 work=       55 frontier=   161743 next=       22 consolidate=  0.133ms frontier=  0.110ms semisort= 31.412ms (keyed= 0.000ms group_by=  7.534ms per_group= 0.586ms)
[pe] round= 13 work=       22 frontier=   161762 next=       12 consolidate=  0.113ms frontier=  0.099ms semisort= 30.324ms (keyed= 0.000ms group_by=  7.484ms per_group= 0.472ms)
[pe] round= 14 work=       12 frontier=   161781 next=        8 consolidate=  0.126ms frontier=  0.120ms semisort= 31.294ms (keyed= 0.000ms group_by=  7.501ms per_group= 0.531ms)
[pe] round= 15 work=        8 frontier=   161788 next=        2 consolidate=  0.122ms frontier=  0.108ms semisort= 31.042ms (keyed= 0.000ms group_by=  7.463ms per_group= 0.377ms)
[pe] round= 16 work=        2 frontier=   161789 next=        2 consolidate=  0.108ms frontier=  0.100ms semisort= 29.399ms (keyed= 0.000ms group_by=  7.489ms per_group= 0.252ms)
[pe] round= 17 work=        2 frontier=   161790 next=        0 consolidate=  0.118ms frontier=  0.118ms semisort= 30.089ms (keyed= 0.000ms group_by=  7.467ms per_group= 0.190ms)
timing: read=23.06ms parse=466.92ms build=589.67ms close=723.22ms check=0.00ms dtor=2.49ms
