=== trial 0 (T=2) ===
[pe] round=  0 work=    78213 frontier=   142320 next=    21777 consolidate= 16.943ms frontier=  3.600ms semisort= 26.968ms (keyed= 0.000ms group_by=  8.114ms per_group= 3.820ms)
[pe] round=  1 work=    21777 frontier=   137804 next=    12282 consolidate=  6.321ms frontier=  1.122ms semisort= 24.374ms (keyed= 0.000ms group_by=  6.908ms per_group= 2.693ms)
[pe] round=  2 work=    12282 frontier=   127492 next=     5050 consolidate=  3.358ms frontier=  0.708ms semisort= 21.214ms (keyed= 0.000ms group_by=  8.555ms per_group= 1.451ms)
[pe] round=  3 work=     5050 frontier=   113118 next=     1554 consolidate=  1.719ms frontier=  0.396ms semisort= 16.694ms (keyed= 0.000ms group_by=  7.063ms per_group= 0.713ms)
[pe] round=  4 work=     1554 frontier=    61454 next=      384 consolidate=  0.583ms frontier=  0.187ms semisort=  8.066ms (keyed= 0.000ms group_by=  3.860ms per_group= 0.345ms)
[pe] round=  5 work=      384 frontier=    26988 next=       71 consolidate=  0.179ms frontier=  0.080ms semisort=  3.080ms (keyed= 0.000ms group_by=  1.638ms per_group= 0.141ms)
[pe] round=  6 work=       71 frontier=     5659 next=        2 consolidate=  0.054ms frontier=  0.014ms semisort=  0.774ms (keyed= 0.000ms group_by=  0.352ms per_group= 0.064ms)
[pe] round=  7 work=        2 frontier=        8 next=        0 consolidate=  0.003ms frontier=  0.001ms semisort=  0.008ms (keyed= 0.000ms group_by=  0.003ms per_group= 0.001ms)
timing: read=15.30ms parse=339.93ms build=485.47ms close=141.46ms check=0.00ms dtor=7.49ms
=== trial 1 (T=2) ===
[pe] round=  0 work=    78213 frontier=   142320 next=    21777 consolidate= 16.383ms frontier=  3.594ms semisort= 25.382ms (keyed= 0.000ms group_by=  7.797ms per_group= 3.880ms)
[pe] round=  1 work=    21777 frontier=   137804 next=    12282 consolidate=  5.953ms frontier=  1.098ms semisort= 23.270ms (keyed= 0.000ms group_by=  6.770ms per_group= 2.736ms)
[pe] round=  2 work=    12282 frontier=   127492 next=     5050 consolidate=  3.190ms frontier=  0.634ms semisort= 19.548ms (keyed= 0.000ms group_by=  8.111ms per_group= 1.422ms)
[pe] round=  3 work=     5050 frontier=   113118 next=     1554 consolidate=  1.647ms frontier=  0.367ms semisort= 16.094ms (keyed= 0.000ms group_by=  6.943ms per_group= 0.689ms)
[pe] round=  4 work=     1554 frontier=    61454 next=      384 consolidate=  0.537ms frontier=  0.163ms semisort=  7.317ms (keyed= 0.000ms group_by=  3.742ms per_group= 0.335ms)
[pe] round=  5 work=      384 frontier=    26988 next=       71 consolidate=  0.172ms frontier=  0.068ms semisort=  2.934ms (keyed= 0.000ms group_by=  1.584ms per_group= 0.140ms)
[pe] round=  6 work=       71 frontier=     5659 next=        2 consolidate=  0.049ms frontier=  0.013ms semisort=  0.783ms (keyed= 0.000ms group_by=  0.376ms per_group= 0.062ms)
[pe] round=  7 work=        2 frontier=        8 next=        0 consolidate=  0.004ms frontier=  0.001ms semisort=  0.009ms (keyed= 0.000ms group_by=  0.004ms per_group= 0.001ms)
timing: read=15.05ms parse=333.37ms build=474.82ms close=134.37ms check=0.00ms dtor=6.95ms
=== trial 2 (T=2) ===
[pe] round=  0 work=    78213 frontier=   142320 next=    21777 consolidate= 16.287ms frontier=  3.397ms semisort= 25.560ms (keyed= 0.000ms group_by=  8.219ms per_group= 3.681ms)
[pe] round=  1 work=    21777 frontier=   137804 next=    12282 consolidate=  5.882ms frontier=  0.963ms semisort= 22.936ms (keyed= 0.000ms group_by=  6.644ms per_group= 2.540ms)
[pe] round=  2 work=    12282 frontier=   127492 next=     5050 consolidate=  3.102ms frontier=  0.603ms semisort= 19.253ms (keyed= 0.000ms group_by=  7.913ms per_group= 1.302ms)
[pe] round=  3 work=     5050 frontier=   113118 next=     1554 consolidate=  1.608ms frontier=  0.364ms semisort= 15.634ms (keyed= 0.000ms group_by=  6.709ms per_group= 0.674ms)
[pe] round=  4 work=     1554 frontier=    61454 next=      384 consolidate=  0.556ms frontier=  0.139ms semisort=  7.499ms (keyed= 0.000ms group_by=  3.831ms per_group= 0.331ms)
[pe] round=  5 work=      384 frontier=    26988 next=       71 consolidate=  0.171ms frontier=  0.058ms semisort=  2.982ms (keyed= 0.000ms group_by=  1.603ms per_group= 0.145ms)
[pe] round=  6 work=       71 frontier=     5659 next=        2 consolidate=  0.047ms frontier=  0.014ms semisort=  0.780ms (keyed= 0.000ms group_by=  0.372ms per_group= 0.082ms)
[pe] round=  7 work=        2 frontier=        8 next=        0 consolidate=  0.003ms frontier=  0.001ms semisort=  0.007ms (keyed= 0.000ms group_by=  0.003ms per_group= 0.001ms)
timing: read=15.51ms parse=329.04ms build=454.46ms close=132.67ms check=0.00ms dtor=6.85ms
=== trial 3 (T=2) ===
[pe] round=  0 work=    78213 frontier=   142320 next=    21777 consolidate= 16.665ms frontier=  3.405ms semisort= 25.985ms (keyed= 0.000ms group_by=  8.492ms per_group= 3.715ms)
[pe] round=  1 work=    21777 frontier=   137804 next=    12282 consolidate=  5.668ms frontier=  0.986ms semisort= 23.068ms (keyed= 0.000ms group_by=  6.720ms per_group= 2.514ms)
[pe] round=  2 work=    12282 frontier=   127492 next=     5050 consolidate=  3.078ms frontier=  0.630ms semisort= 19.503ms (keyed= 0.000ms group_by=  8.250ms per_group= 1.329ms)
[pe] round=  3 work=     5050 frontier=   113118 next=     1554 consolidate=  1.751ms frontier=  0.368ms semisort= 16.018ms (keyed= 0.000ms group_by=  7.022ms per_group= 0.655ms)
[pe] round=  4 work=     1554 frontier=    61454 next=      384 consolidate=  0.516ms frontier=  0.289ms semisort=  7.861ms (keyed= 0.000ms group_by=  4.088ms per_group= 0.329ms)
[pe] round=  5 work=      384 frontier=    26988 next=       71 consolidate=  0.170ms frontier=  0.065ms semisort=  3.003ms (keyed= 0.000ms group_by=  1.595ms per_group= 0.141ms)
[pe] round=  6 work=       71 frontier=     5659 next=        2 consolidate=  0.051ms frontier=  0.015ms semisort=  0.758ms (keyed= 0.000ms group_by=  0.344ms per_group= 0.050ms)
[pe] round=  7 work=        2 frontier=        8 next=        0 consolidate=  0.003ms frontier=  0.001ms semisort=  0.008ms (keyed= 0.000ms group_by=  0.004ms per_group= 0.001ms)
timing: read=15.14ms parse=330.37ms build=453.87ms close=134.54ms check=0.00ms dtor=6.67ms
=== trial 4 (T=2) ===
[pe] round=  0 work=    78213 frontier=   142320 next=    21777 consolidate= 16.861ms frontier=  3.764ms semisort= 26.017ms (keyed= 0.000ms group_by=  8.109ms per_group= 3.683ms)
[pe] round=  1 work=    21777 frontier=   137804 next=    12282 consolidate=  5.973ms frontier=  1.127ms semisort= 23.358ms (keyed= 0.000ms group_by=  6.726ms per_group= 2.585ms)
[pe] round=  2 work=    12282 frontier=   127492 next=     5050 consolidate=  3.185ms frontier=  0.609ms semisort= 20.046ms (keyed= 0.000ms group_by=  8.393ms per_group= 1.389ms)
[pe] round=  3 work=     5050 frontier=   113118 next=     1554 consolidate=  1.614ms frontier=  0.353ms semisort= 16.011ms (keyed= 0.000ms group_by=  6.906ms per_group= 0.666ms)
[pe] round=  4 work=     1554 frontier=    61454 next=      384 consolidate=  0.539ms frontier=  0.174ms semisort=  7.736ms (keyed= 0.000ms group_by=  4.071ms per_group= 0.313ms)
[pe] round=  5 work=      384 frontier=    26988 next=       71 consolidate=  0.179ms frontier=  0.072ms semisort=  3.211ms (keyed= 0.000ms group_by=  1.734ms per_group= 0.164ms)
[pe] round=  6 work=       71 frontier=     5659 next=        2 consolidate=  0.049ms frontier=  0.012ms semisort=  0.778ms (keyed= 0.000ms group_by=  0.387ms per_group= 0.057ms)
[pe] round=  7 work=        2 frontier=        8 next=        0 consolidate=  0.003ms frontier=  0.001ms semisort=  0.008ms (keyed= 0.000ms group_by=  0.004ms per_group= 0.001ms)
timing: read=14.98ms parse=335.43ms build=436.71ms close=136.66ms check=0.00ms dtor=7.12ms
