[synthetic_bench] cube n=125 d=2 classes=7812748 merges=125 ...
[pe] round=  0 work=      250 frontier= 11718750 next=  3906250 consolidate= 25.927ms frontier= 34.151ms semisort=3093.945ms (keyed=163.787ms group_by=963.773ms per_group=576.103ms)
[pe] round=  1 work=  3906250 frontier=  3906250 next=  1809098 consolidate=1750.658ms frontier=433.332ms semisort=1519.704ms (keyed=56.546ms group_by=281.306ms per_group=223.929ms)
[pe] round=  2 work=  1809098 frontier=  1809098 next=  1048576 consolidate=904.948ms frontier=200.624ms semisort=784.878ms (keyed= 8.305ms group_by=153.819ms per_group=151.919ms)
[pe] round=  3 work=  1048576 frontier=  1048576 next=   524288 consolidate=568.531ms frontier=121.397ms semisort=427.186ms (keyed= 4.854ms group_by= 93.148ms per_group=77.050ms)
[pe] round=  4 work=   524288 frontier=   524288 next=   262144 consolidate=287.634ms frontier= 53.036ms semisort=204.628ms (keyed= 2.336ms group_by= 39.784ms per_group=42.976ms)
[pe] round=  5 work=   262144 frontier=   262144 next=   131072 consolidate=141.571ms frontier= 21.562ms semisort=100.775ms (keyed= 1.085ms group_by= 20.878ms per_group=21.475ms)
[pe] round=  6 work=   131072 frontier=   131072 next=    65536 consolidate= 70.718ms frontier=  7.816ms semisort= 44.942ms (keyed= 0.532ms group_by= 10.395ms per_group= 8.024ms)
[pe] round=  7 work=    65536 frontier=    65536 next=    32768 consolidate= 32.781ms frontier=  3.471ms semisort= 17.155ms (keyed= 0.247ms group_by=  4.125ms per_group= 3.023ms)
[pe] round=  8 work=    32768 frontier=    32768 next=    16384 consolidate= 11.257ms frontier=  1.781ms semisort=  6.513ms (keyed= 0.098ms group_by=  1.694ms per_group= 1.344ms)
[pe] round=  9 work=    16384 frontier=    16384 next=     8192 consolidate=  4.781ms frontier=  0.885ms semisort=  3.195ms (keyed= 0.026ms group_by=  0.820ms per_group= 0.810ms)
[pe] round= 10 work=     8192 frontier=     8192 next=     4096 consolidate=  2.358ms frontier=  0.470ms semisort=  1.685ms (keyed= 0.013ms group_by=  0.509ms per_group= 0.347ms)
[pe] round= 11 work=     4096 frontier=     4096 next=     2048 consolidate=  1.341ms frontier=  0.269ms semisort=  0.891ms (keyed= 0.013ms group_by=  0.276ms per_group= 0.200ms)
[pe] round= 12 work=     2048 frontier=     2048 next=     1024 consolidate=  0.669ms frontier=  0.159ms semisort=  0.477ms (keyed= 0.005ms group_by=  0.146ms per_group= 0.123ms)
[pe] round= 13 work=     1024 frontier=     1024 next=      512 consolidate=  0.343ms frontier=  0.096ms semisort=  0.246ms (keyed= 0.003ms group_by=  0.065ms per_group= 0.066ms)
[pe] round= 14 work=      512 frontier=      512 next=      256 consolidate=  0.204ms frontier=  0.043ms semisort=  0.145ms (keyed= 0.002ms group_by=  0.036ms per_group= 0.046ms)
[pe] round= 15 work=      256 frontier=      256 next=      128 consolidate=  0.108ms frontier=  0.020ms semisort=  0.074ms (keyed= 0.001ms group_by=  0.022ms per_group= 0.018ms)
[pe] round= 16 work=      128 frontier=      128 next=       64 consolidate=  0.042ms frontier=  0.012ms semisort=  0.034ms (keyed= 0.001ms group_by=  0.008ms per_group= 0.010ms)
[pe] round= 17 work=       64 frontier=       64 next=       32 consolidate=  0.037ms frontier=  0.006ms semisort=  0.017ms (keyed= 0.001ms group_by=  0.004ms per_group= 0.005ms)
[pe] round= 18 work=       32 frontier=       32 next=       16 consolidate=  0.018ms frontier=  0.003ms semisort=  0.010ms (keyed= 0.000ms group_by=  0.002ms per_group= 0.003ms)
[pe] round= 19 work=       16 frontier=       16 next=        8 consolidate=  0.008ms frontier=  0.002ms semisort=  0.006ms (keyed= 0.000ms group_by=  0.001ms per_group= 0.002ms)
[pe] round= 20 work=        8 frontier=        8 next=        4 consolidate=  0.005ms frontier=  0.002ms semisort=  0.004ms (keyed= 0.000ms group_by=  0.001ms per_group= 0.001ms)
[pe] round= 21 work=        4 frontier=        4 next=        2 consolidate=  0.003ms frontier=  0.001ms semisort=  0.003ms (keyed= 0.000ms group_by=  0.001ms per_group= 0.000ms)
[pe] round= 22 work=        2 frontier=        0 next=        0 consolidate=  0.002ms frontier=  0.001ms semisort=  0.000ms (break)
[pe] round=  0 work=      250 frontier= 11718750 next=  3906250 consolidate= 10.913ms frontier= 19.085ms semisort=2945.051ms (keyed=51.906ms group_by=1002.686ms per_group=533.704ms)
[pe] round=  1 work=  3906250 frontier=  3906250 next=  1809098 consolidate=2147.386ms frontier=506.013ms semisort=1497.155ms (keyed=17.983ms group_by=299.356ms per_group=219.092ms)
[pe] round=  2 work=  1809098 frontier=  1809098 next=  1048576 consolidate=1042.813ms frontier=238.430ms semisort=806.235ms (keyed= 8.469ms group_by=155.520ms per_group=164.567ms)
[pe] round=  3 work=  1048576 frontier=  1048576 next=   524288 consolidate=632.692ms frontier=146.016ms semisort=419.313ms (keyed= 4.796ms group_by= 85.957ms per_group=77.054ms)
[pe] round=  4 work=   524288 frontier=   524288 next=   262144 consolidate=321.229ms frontier= 68.258ms semisort=198.968ms (keyed= 2.332ms group_by= 39.375ms per_group=42.185ms)
[pe] round=  5 work=   262144 frontier=   262144 next=   131072 consolidate=157.445ms frontier= 28.865ms semisort=109.927ms (keyed= 1.164ms group_by= 24.510ms per_group=23.768ms)
[pe] round=  6 work=   131072 frontier=   131072 next=    65536 consolidate= 76.800ms frontier=  9.589ms semisort= 44.665ms (keyed= 0.552ms group_by= 10.386ms per_group= 8.286ms)
[pe] round=  7 work=    65536 frontier=    65536 next=    32768 consolidate= 34.776ms frontier=  3.885ms semisort= 17.525ms (keyed= 0.245ms group_by=  4.360ms per_group= 3.150ms)
[pe] round=  8 work=    32768 frontier=    32768 next=    16384 consolidate= 13.672ms frontier=  1.926ms semisort=  6.429ms (keyed= 0.102ms group_by=  1.652ms per_group= 1.284ms)
[pe] round=  9 work=    16384 frontier=    16384 next=     8192 consolidate=  6.153ms frontier=  0.979ms semisort=  3.136ms (keyed= 0.025ms group_by=  0.823ms per_group= 0.834ms)
[pe] round= 10 work=     8192 frontier=     8192 next=     4096 consolidate=  3.175ms frontier=  0.546ms semisort=  1.780ms (keyed= 0.014ms group_by=  0.566ms per_group= 0.412ms)
[pe] round= 11 work=     4096 frontier=     4096 next=     2048 consolidate=  1.660ms frontier=  0.283ms semisort=  0.929ms (keyed= 0.008ms group_by=  0.291ms per_group= 0.210ms)
[pe] round= 12 work=     2048 frontier=     2048 next=     1024 consolidate=  0.808ms frontier=  0.156ms semisort=  0.457ms (keyed= 0.005ms group_by=  0.141ms per_group= 0.107ms)
[pe] round= 13 work=     1024 frontier=     1024 next=      512 consolidate=  0.431ms frontier=  0.084ms semisort=  0.265ms (keyed= 0.003ms group_by=  0.070ms per_group= 0.067ms)
[pe] round= 14 work=      512 frontier=      512 next=      256 consolidate=  0.239ms frontier=  0.042ms semisort=  0.136ms (keyed= 0.002ms group_by=  0.032ms per_group= 0.041ms)
[pe] round= 15 work=      256 frontier=      256 next=      128 consolidate=  0.125ms frontier=  0.020ms semisort=  0.072ms (keyed= 0.001ms group_by=  0.022ms per_group= 0.018ms)
[pe] round= 16 work=      128 frontier=      128 next=       64 consolidate=  0.052ms frontier=  0.012ms semisort=  0.034ms (keyed= 0.001ms group_by=  0.008ms per_group= 0.011ms)
[pe] round= 17 work=       64 frontier=       64 next=       32 consolidate=  0.026ms frontier=  0.007ms semisort=  0.018ms (keyed= 0.001ms group_by=  0.004ms per_group= 0.005ms)
[pe] round= 18 work=       32 frontier=       32 next=       16 consolidate=  0.022ms frontier=  0.003ms semisort=  0.010ms (keyed= 0.000ms group_by=  0.002ms per_group= 0.003ms)
[pe] round= 19 work=       16 frontier=       16 next=        8 consolidate=  0.012ms frontier=  0.003ms semisort=  0.006ms (keyed= 0.000ms group_by=  0.001ms per_group= 0.002ms)
[pe] round= 20 work=        8 frontier=        8 next=        4 consolidate=  0.006ms frontier=  0.002ms semisort=  0.004ms (keyed= 0.000ms group_by=  0.001ms per_group= 0.001ms)
[pe] round= 21 work=        4 frontier=        4 next=        2 consolidate=  0.004ms frontier=  0.001ms semisort=  0.003ms (keyed= 0.000ms group_by=  0.001ms per_group= 0.001ms)
[pe] round= 22 work=        2 frontier=        0 next=        0 consolidate=  0.002ms frontier=  0.001ms semisort=  0.000ms (break)
[pe] round=  0 work=      250 frontier= 11718750 next=  3906250 consolidate= 10.643ms frontier= 18.372ms semisort=3018.143ms (keyed=50.340ms group_by=1030.816ms per_group=590.540ms)
[pe] round=  1 work=  3906250 frontier=  3906250 next=  1809098 consolidate=2209.056ms frontier=553.478ms semisort=1501.932ms (keyed=18.029ms group_by=301.509ms per_group=218.836ms)
[pe] round=  2 work=  1809098 frontier=  1809098 next=  1048576 consolidate=1065.871ms frontier=259.928ms semisort=817.447ms (keyed= 8.092ms group_by=165.592ms per_group=177.341ms)
[pe] round=  3 work=  1048576 frontier=  1048576 next=   524288 consolidate=619.165ms frontier=147.792ms semisort=403.727ms (keyed= 4.775ms group_by= 83.276ms per_group=76.294ms)
[pe] round=  4 work=   524288 frontier=   524288 next=   262144 consolidate=312.126ms frontier= 67.405ms semisort=180.714ms (keyed= 2.118ms group_by= 36.635ms per_group=40.118ms)
[pe] round=  5 work=   262144 frontier=   262144 next=   131072 consolidate=147.697ms frontier= 26.905ms semisort= 88.234ms (keyed= 1.012ms group_by= 20.001ms per_group=19.615ms)
[pe] round=  6 work=   131072 frontier=   131072 next=    65536 consolidate= 69.019ms frontier=  8.141ms semisort= 39.460ms (keyed= 0.517ms group_by=  9.253ms per_group= 7.557ms)
[pe] round=  7 work=    65536 frontier=    65536 next=    32768 consolidate= 33.885ms frontier=  3.848ms semisort= 15.924ms (keyed= 0.210ms group_by=  3.711ms per_group= 3.075ms)
[pe] round=  8 work=    32768 frontier=    32768 next=    16384 consolidate= 13.430ms frontier=  1.937ms semisort=  6.344ms (keyed= 0.082ms group_by=  1.581ms per_group= 1.393ms)
[pe] round=  9 work=    16384 frontier=    16384 next=     8192 consolidate=  6.341ms frontier=  0.993ms semisort=  3.144ms (keyed= 0.025ms group_by=  0.856ms per_group= 0.719ms)
[pe] round= 10 work=     8192 frontier=     8192 next=     4096 consolidate=  3.132ms frontier=  0.549ms semisort=  1.892ms (keyed= 0.014ms group_by=  0.568ms per_group= 0.428ms)
[pe] round= 11 work=     4096 frontier=     4096 next=     2048 consolidate=  1.613ms frontier=  0.282ms semisort=  0.993ms (keyed= 0.009ms group_by=  0.315ms per_group= 0.207ms)
[pe] round= 12 work=     2048 frontier=     2048 next=     1024 consolidate=  0.841ms frontier=  0.158ms semisort=  0.502ms (keyed= 0.005ms group_by=  0.151ms per_group= 0.106ms)
[pe] round= 13 work=     1024 frontier=     1024 next=      512 consolidate=  0.429ms frontier=  0.083ms semisort=  0.273ms (keyed= 0.004ms group_by=  0.073ms per_group= 0.065ms)
[pe] round= 14 work=      512 frontier=      512 next=      256 consolidate=  0.219ms frontier=  0.042ms semisort=  0.140ms (keyed= 0.002ms group_by=  0.044ms per_group= 0.029ms)
[pe] round= 15 work=      256 frontier=      256 next=      128 consolidate=  0.127ms frontier=  0.020ms semisort=  0.077ms (keyed= 0.001ms group_by=  0.024ms per_group= 0.017ms)
[pe] round= 16 work=      128 frontier=      128 next=       64 consolidate=  0.076ms frontier=  0.011ms semisort=  0.039ms (keyed= 0.001ms group_by=  0.008ms per_group= 0.011ms)
[pe] round= 17 work=       64 frontier=       64 next=       32 consolidate=  0.044ms frontier=  0.006ms semisort=  0.021ms (keyed= 0.001ms group_by=  0.004ms per_group= 0.005ms)
[pe] round= 18 work=       32 frontier=       32 next=       16 consolidate=  0.023ms frontier=  0.003ms semisort=  0.010ms (keyed= 0.000ms group_by=  0.002ms per_group= 0.003ms)
[pe] round= 19 work=       16 frontier=       16 next=        8 consolidate=  0.012ms frontier=  0.002ms semisort=  0.007ms (keyed= 0.000ms group_by=  0.002ms per_group= 0.002ms)
[pe] round= 20 work=        8 frontier=        8 next=        4 consolidate=  0.007ms frontier=  0.002ms semisort=  0.004ms (keyed= 0.000ms group_by=  0.001ms per_group= 0.001ms)
[pe] round= 21 work=        4 frontier=        4 next=        2 consolidate=  0.004ms frontier=  0.001ms semisort=  0.003ms (keyed= 0.000ms group_by=  0.000ms per_group= 0.000ms)
[pe] round= 22 work=        2 frontier=        0 next=        0 consolidate=  0.002ms frontier=  0.001ms semisort=  0.000ms (break)
[pe] round=  0 work=      250 frontier= 11718750 next=  3906250 consolidate= 10.970ms frontier= 19.025ms semisort=3007.776ms (keyed=52.510ms group_by=1018.283ms per_group=568.111ms)
[pe] round=  1 work=  3906250 frontier=  3906250 next=  1809098 consolidate=2181.706ms frontier=540.201ms semisort=1433.601ms (keyed=16.973ms group_by=290.743ms per_group=219.528ms)
[pe] round=  2 work=  1809098 frontier=  1809098 next=  1048576 consolidate=1022.152ms frontier=253.028ms semisort=772.646ms (keyed= 7.832ms group_by=150.138ms per_group=162.737ms)
[pe] round=  3 work=  1048576 frontier=  1048576 next=   524288 consolidate=614.752ms frontier=148.704ms semisort=397.127ms (keyed= 4.634ms group_by= 82.252ms per_group=75.052ms)
[pe] round=  4 work=   524288 frontier=   524288 next=   262144 consolidate=311.388ms frontier= 64.096ms semisort=190.217ms (keyed= 2.183ms group_by= 37.699ms per_group=41.090ms)
[pe] round=  5 work=   262144 frontier=   262144 next=   131072 consolidate=151.097ms frontier= 25.665ms semisort= 94.504ms (keyed= 1.035ms group_by= 19.737ms per_group=20.233ms)
[pe] round=  6 work=   131072 frontier=   131072 next=    65536 consolidate= 71.727ms frontier=  8.603ms semisort= 42.066ms (keyed= 0.528ms group_by=  9.449ms per_group= 7.903ms)
[pe] round=  7 work=    65536 frontier=    65536 next=    32768 consolidate= 34.139ms frontier=  3.887ms semisort= 16.643ms (keyed= 0.221ms group_by=  3.866ms per_group= 3.095ms)
[pe] round=  8 work=    32768 frontier=    32768 next=    16384 consolidate= 13.480ms frontier=  2.016ms semisort=  6.305ms (keyed= 0.069ms group_by=  1.649ms per_group= 1.299ms)
[pe] round=  9 work=    16384 frontier=    16384 next=     8192 consolidate=  6.252ms frontier=  0.994ms semisort=  3.219ms (keyed= 0.024ms group_by=  0.854ms per_group= 0.723ms)
[pe] round= 10 work=     8192 frontier=     8192 next=     4096 consolidate=  3.054ms frontier=  0.541ms semisort=  1.786ms (keyed= 0.014ms group_by=  0.528ms per_group= 0.414ms)
[pe] round= 11 work=     4096 frontier=     4096 next=     2048 consolidate=  1.573ms frontier=  0.277ms semisort=  0.921ms (keyed= 0.008ms group_by=  0.299ms per_group= 0.204ms)
[pe] round= 12 work=     2048 frontier=     2048 next=     1024 consolidate=  0.816ms frontier=  0.156ms semisort=  0.489ms (keyed= 0.005ms group_by=  0.155ms per_group= 0.102ms)
[pe] round= 13 work=     1024 frontier=     1024 next=      512 consolidate=  0.422ms frontier=  0.084ms semisort=  0.255ms (keyed= 0.004ms group_by=  0.072ms per_group= 0.065ms)
[pe] round= 14 work=      512 frontier=      512 next=      256 consolidate=  0.217ms frontier=  0.041ms semisort=  0.139ms (keyed= 0.002ms group_by=  0.032ms per_group= 0.046ms)
[pe] round= 15 work=      256 frontier=      256 next=      128 consolidate=  0.127ms frontier=  0.020ms semisort=  0.068ms (keyed= 0.001ms group_by=  0.018ms per_group= 0.017ms)
[pe] round= 16 work=      128 frontier=      128 next=       64 consolidate=  0.054ms frontier=  0.012ms semisort=  0.033ms (keyed= 0.001ms group_by=  0.008ms per_group= 0.010ms)
[pe] round= 17 work=       64 frontier=       64 next=       32 consolidate=  0.028ms frontier=  0.007ms semisort=  0.018ms (keyed= 0.001ms group_by=  0.004ms per_group= 0.005ms)
[pe] round= 18 work=       32 frontier=       32 next=       16 consolidate=  0.023ms frontier=  0.003ms semisort=  0.011ms (keyed= 0.000ms group_by=  0.002ms per_group= 0.004ms)
[pe] round= 19 work=       16 frontier=       16 next=        8 consolidate=  0.012ms frontier=  0.004ms semisort=  0.006ms (keyed= 0.000ms group_by=  0.001ms per_group= 0.002ms)
[pe] round= 20 work=        8 frontier=        8 next=        4 consolidate=  0.007ms frontier=  0.002ms semisort=  0.004ms (keyed= 0.000ms group_by=  0.001ms per_group= 0.001ms)
[pe] round= 21 work=        4 frontier=        4 next=        2 consolidate=  0.004ms frontier=  0.001ms semisort=  0.003ms (keyed= 0.000ms group_by=  0.000ms per_group= 0.001ms)
[pe] round= 22 work=        2 frontier=        0 next=        0 consolidate=  0.002ms frontier=  0.001ms semisort=  0.000ms (break)
[pe] round=  0 work=      250 frontier= 11718750 next=  3906250 consolidate= 10.650ms frontier= 18.526ms semisort=2977.638ms (keyed=50.802ms group_by=1005.896ms per_group=578.046ms)
[pe] round=  1 work=  3906250 frontier=  3906250 next=  1809098 consolidate=2247.124ms frontier=589.444ms semisort=1533.645ms (keyed=18.019ms group_by=302.899ms per_group=245.736ms)
[pe] round=  2 work=  1809098 frontier=  1809098 next=  1048576 consolidate=1062.499ms frontier=269.667ms semisort=815.814ms (keyed= 8.447ms group_by=157.861ms per_group=170.580ms)
[pe] round=  3 work=  1048576 frontier=  1048576 next=   524288 consolidate=635.858ms frontier=160.075ms semisort=421.183ms (keyed= 4.858ms group_by= 86.149ms per_group=79.848ms)
[pe] round=  4 work=   524288 frontier=   524288 next=   262144 consolidate=319.726ms frontier= 71.455ms semisort=199.136ms (keyed= 2.316ms group_by= 39.605ms per_group=42.411ms)
[pe] round=  5 work=   262144 frontier=   262144 next=   131072 consolidate=156.054ms frontier= 26.672ms semisort= 97.077ms (keyed= 1.104ms group_by= 20.591ms per_group=20.592ms)
[pe] round=  6 work=   131072 frontier=   131072 next=    65536 consolidate= 73.696ms frontier=  8.997ms semisort= 45.763ms (keyed= 0.523ms group_by=  9.779ms per_group= 8.233ms)
[pe] round=  7 work=    65536 frontier=    65536 next=    32768 consolidate= 35.412ms frontier=  3.880ms semisort= 17.047ms (keyed= 0.247ms group_by=  3.809ms per_group= 3.077ms)
[pe] round=  8 work=    32768 frontier=    32768 next=    16384 consolidate= 13.938ms frontier=  2.039ms semisort=  6.293ms (keyed= 0.072ms group_by=  1.550ms per_group= 1.333ms)
[pe] round=  9 work=    16384 frontier=    16384 next=     8192 consolidate=  6.453ms frontier=  0.991ms semisort=  3.157ms (keyed= 0.047ms group_by=  0.897ms per_group= 0.724ms)
[pe] round= 10 work=     8192 frontier=     8192 next=     4096 consolidate=  3.134ms frontier=  0.560ms semisort=  1.820ms (keyed= 0.014ms group_by=  0.536ms per_group= 0.430ms)
[pe] round= 11 work=     4096 frontier=     4096 next=     2048 consolidate=  1.647ms frontier=  0.278ms semisort=  0.941ms (keyed= 0.008ms group_by=  0.291ms per_group= 0.210ms)
[pe] round= 12 work=     2048 frontier=     2048 next=     1024 consolidate=  0.839ms frontier=  0.226ms semisort=  0.476ms (keyed= 0.005ms group_by=  0.155ms per_group= 0.103ms)
[pe] round= 13 work=     1024 frontier=     1024 next=      512 consolidate=  0.409ms frontier=  0.085ms semisort=  0.257ms (keyed= 0.003ms group_by=  0.072ms per_group= 0.066ms)
[pe] round= 14 work=      512 frontier=      512 next=      256 consolidate=  0.232ms frontier=  0.041ms semisort=  0.139ms (keyed= 0.002ms group_by=  0.047ms per_group= 0.028ms)
[pe] round= 15 work=      256 frontier=      256 next=      128 consolidate=  0.129ms frontier=  0.020ms semisort=  0.066ms (keyed= 0.001ms group_by=  0.016ms per_group= 0.017ms)
[pe] round= 16 work=      128 frontier=      128 next=       64 consolidate=  0.064ms frontier=  0.012ms semisort=  0.034ms (keyed= 0.001ms group_by=  0.008ms per_group= 0.010ms)
[pe] round= 17 work=       64 frontier=       64 next=       32 consolidate=  0.027ms frontier=  0.006ms semisort=  0.019ms (keyed= 0.001ms group_by=  0.004ms per_group= 0.006ms)
[pe] round= 18 work=       32 frontier=       32 next=       16 consolidate=  0.023ms frontier=  0.003ms semisort=  0.011ms (keyed= 0.000ms group_by=  0.002ms per_group= 0.003ms)
[pe] round= 19 work=       16 frontier=       16 next=        8 consolidate=  0.012ms frontier=  0.002ms semisort=  0.007ms (keyed= 0.000ms group_by=  0.001ms per_group= 0.002ms)
[pe] round= 20 work=        8 frontier=        8 next=        4 consolidate=  0.007ms frontier=  0.002ms semisort=  0.004ms (keyed= 0.000ms group_by=  0.001ms per_group= 0.001ms)
[pe] round= 21 work=        4 frontier=        4 next=        2 consolidate=  0.004ms frontier=  0.001ms semisort=  0.003ms (keyed= 0.000ms group_by=  0.001ms per_group= 0.001ms)
[pe] round= 22 work=        2 frontier=        0 next=        0 consolidate=  0.002ms frontier=  0.001ms semisort=  0.000ms (break)
[pe] round=  0 work=      250 frontier= 11718750 next=  3906250 consolidate= 11.336ms frontier= 19.491ms semisort=3113.032ms (keyed=53.976ms group_by=1049.140ms per_group=588.453ms)
[pe] round=  1 work=  3906250 frontier=  3906250 next=  1809098 consolidate=2272.635ms frontier=600.269ms semisort=1527.323ms (keyed=17.975ms group_by=304.745ms per_group=240.957ms)
[pe] round=  2 work=  1809098 frontier=  1809098 next=  1048576 consolidate=1066.938ms frontier=276.850ms semisort=812.696ms (keyed= 8.345ms group_by=157.704ms per_group=169.436ms)
[pe] round=  3 work=  1048576 frontier=  1048576 next=   524288 consolidate=640.498ms frontier=161.421ms semisort=417.817ms (keyed= 4.763ms group_by= 87.163ms per_group=78.917ms)
[pe] round=  4 work=   524288 frontier=   524288 next=   262144 consolidate=320.889ms frontier= 72.187ms semisort=201.627ms (keyed= 2.357ms group_by= 39.516ms per_group=43.225ms)
[pe] round=  5 work=   262144 frontier=   262144 next=   131072 consolidate=156.008ms frontier= 24.995ms semisort=101.329ms (keyed= 1.068ms group_by= 20.432ms per_group=22.855ms)
[pe] round=  6 work=   131072 frontier=   131072 next=    65536 consolidate= 73.518ms frontier=  8.625ms semisort= 44.534ms (keyed= 0.518ms group_by=  9.652ms per_group= 8.213ms)
[pe] round=  7 work=    65536 frontier=    65536 next=    32768 consolidate= 35.155ms frontier=  3.970ms semisort= 16.746ms (keyed= 0.244ms group_by=  3.681ms per_group= 3.010ms)
[pe] round=  8 work=    32768 frontier=    32768 next=    16384 consolidate= 13.738ms frontier=  1.986ms semisort=  6.308ms (keyed= 0.095ms group_by=  1.492ms per_group= 1.300ms)
[pe] round=  9 work=    16384 frontier=    16384 next=     8192 consolidate=  6.463ms frontier=  1.008ms semisort=  3.149ms (keyed= 0.025ms group_by=  0.811ms per_group= 0.830ms)
[pe] round= 10 work=     8192 frontier=     8192 next=     4096 consolidate=  3.115ms frontier=  0.532ms semisort=  1.753ms (keyed= 0.014ms group_by=  0.539ms per_group= 0.408ms)
[pe] round= 11 work=     4096 frontier=     4096 next=     2048 consolidate=  1.617ms frontier=  0.291ms semisort=  0.984ms (keyed= 0.008ms group_by=  0.318ms per_group= 0.226ms)
[pe] round= 12 work=     2048 frontier=     2048 next=     1024 consolidate=  0.860ms frontier=  0.155ms semisort=  0.482ms (keyed= 0.005ms group_by=  0.143ms per_group= 0.105ms)
[pe] round= 13 work=     1024 frontier=     1024 next=      512 consolidate=  0.454ms frontier=  0.087ms semisort=  0.258ms (keyed= 0.004ms group_by=  0.072ms per_group= 0.068ms)
[pe] round= 14 work=      512 frontier=      512 next=      256 consolidate=  0.224ms frontier=  0.043ms semisort=  0.141ms (keyed= 0.002ms group_by=  0.033ms per_group= 0.046ms)
[pe] round= 15 work=      256 frontier=      256 next=      128 consolidate=  0.129ms frontier=  0.020ms semisort=  0.067ms (keyed= 0.001ms group_by=  0.016ms per_group= 0.017ms)
[pe] round= 16 work=      128 frontier=      128 next=       64 consolidate=  0.053ms frontier=  0.012ms semisort=  0.035ms (keyed= 0.001ms group_by=  0.008ms per_group= 0.011ms)
[pe] round= 17 work=       64 frontier=       64 next=       32 consolidate=  0.046ms frontier=  0.006ms semisort=  0.020ms (keyed= 0.001ms group_by=  0.004ms per_group= 0.005ms)
[pe] round= 18 work=       32 frontier=       32 next=       16 consolidate=  0.022ms frontier=  0.003ms semisort=  0.010ms (keyed= 0.000ms group_by=  0.002ms per_group= 0.004ms)
[pe] round= 19 work=       16 frontier=       16 next=        8 consolidate=  0.012ms frontier=  0.002ms semisort=  0.007ms (keyed= 0.000ms group_by=  0.001ms per_group= 0.002ms)
[pe] round= 20 work=        8 frontier=        8 next=        4 consolidate=  0.007ms frontier=  0.002ms semisort=  0.004ms (keyed= 0.000ms group_by=  0.001ms per_group= 0.001ms)
[pe] round= 21 work=        4 frontier=        4 next=        2 consolidate=  0.003ms frontier=  0.001ms semisort=  0.003ms (keyed= 0.000ms group_by=  0.000ms per_group= 0.001ms)
[pe] round= 22 work=        2 frontier=        0 next=        0 consolidate=  0.002ms frontier=  0.001ms semisort=  0.000ms (break)
