[synthetic_bench] cube n=125 d=2 classes=7812748 merges=125 ...
[pe] round=  0 work=      250 frontier= 11718750 next=  3906250 consolidate=  7.286ms frontier=  9.012ms semisort=836.601ms (keyed=49.942ms group_by=285.220ms per_group=159.080ms)
[pe] round=  1 work=  3906250 frontier=  3906250 next=  1809098 consolidate=486.388ms frontier=104.657ms semisort=375.771ms (keyed=15.541ms group_by= 75.590ms per_group=64.406ms)
[pe] round=  2 work=  1809098 frontier=  1809098 next=  1048576 consolidate=237.651ms frontier= 54.125ms semisort=188.529ms (keyed= 2.167ms group_by= 37.682ms per_group=44.573ms)
[pe] round=  3 work=  1048576 frontier=  1048576 next=   524288 consolidate=153.445ms frontier= 33.497ms semisort=101.565ms (keyed= 1.268ms group_by= 23.356ms per_group=21.755ms)
[pe] round=  4 work=   524288 frontier=   524288 next=   262144 consolidate= 80.703ms frontier= 14.993ms semisort= 49.506ms (keyed= 0.629ms group_by= 10.490ms per_group=11.785ms)
[pe] round=  5 work=   262144 frontier=   262144 next=   131072 consolidate= 39.970ms frontier=  6.664ms semisort= 26.186ms (keyed= 0.336ms group_by=  5.821ms per_group= 5.826ms)
[pe] round=  6 work=   131072 frontier=   131072 next=    65536 consolidate= 18.308ms frontier=  2.927ms semisort= 12.637ms (keyed= 0.142ms group_by=  3.213ms per_group= 2.667ms)
[pe] round=  7 work=    65536 frontier=    65536 next=    32768 consolidate=  8.969ms frontier=  1.423ms semisort=  5.641ms (keyed= 0.059ms group_by=  1.477ms per_group= 1.185ms)
[pe] round=  8 work=    32768 frontier=    32768 next=    16384 consolidate=  3.839ms frontier=  0.764ms semisort=  2.680ms (keyed= 0.032ms group_by=  0.744ms per_group= 0.644ms)
[pe] round=  9 work=    16384 frontier=    16384 next=     8192 consolidate=  2.998ms frontier=  0.439ms semisort=  1.432ms (keyed= 0.020ms group_by=  0.357ms per_group= 0.386ms)
[pe] round= 10 work=     8192 frontier=     8192 next=     4096 consolidate=  1.639ms frontier=  0.423ms semisort=  1.607ms (keyed= 0.015ms group_by=  0.857ms per_group= 0.242ms)
[pe] round= 11 work=     4096 frontier=     4096 next=     2048 consolidate=  0.864ms frontier=  0.252ms semisort=  0.807ms (keyed= 0.011ms group_by=  0.432ms per_group= 0.130ms)
[pe] round= 12 work=     2048 frontier=     2048 next=     1024 consolidate=  0.467ms frontier=  0.157ms semisort=  0.525ms (keyed= 0.010ms group_by=  0.264ms per_group= 0.086ms)
[pe] round= 13 work=     1024 frontier=     1024 next=      512 consolidate=  0.222ms frontier=  0.104ms semisort=  0.279ms (keyed= 0.006ms group_by=  0.102ms per_group= 0.071ms)
[pe] round= 14 work=      512 frontier=      512 next=      256 consolidate=  0.148ms frontier=  0.052ms semisort=  0.165ms (keyed= 0.003ms group_by=  0.048ms per_group= 0.044ms)
[pe] round= 15 work=      256 frontier=      256 next=      128 consolidate=  0.129ms frontier=  0.040ms semisort=  0.116ms (keyed= 0.002ms group_by=  0.027ms per_group= 0.037ms)
[pe] round= 16 work=      128 frontier=      128 next=       64 consolidate=  0.068ms frontier=  0.020ms semisort=  0.055ms (keyed= 0.001ms group_by=  0.012ms per_group= 0.015ms)
[pe] round= 17 work=       64 frontier=       64 next=       32 consolidate=  0.050ms frontier=  0.006ms semisort=  0.031ms (keyed= 0.001ms group_by=  0.007ms per_group= 0.010ms)
[pe] round= 18 work=       32 frontier=       32 next=       16 consolidate=  0.041ms frontier=  0.005ms semisort=  0.012ms (keyed= 0.000ms group_by=  0.003ms per_group= 0.003ms)
[pe] round= 19 work=       16 frontier=       16 next=        8 consolidate=  0.012ms frontier=  0.004ms semisort=  0.007ms (keyed= 0.000ms group_by=  0.002ms per_group= 0.002ms)
[pe] round= 20 work=        8 frontier=        8 next=        4 consolidate=  0.006ms frontier=  0.002ms semisort=  0.004ms (keyed= 0.000ms group_by=  0.001ms per_group= 0.001ms)
[pe] round= 21 work=        4 frontier=        4 next=        2 consolidate=  0.003ms frontier=  0.001ms semisort=  0.003ms (keyed= 0.000ms group_by=  0.001ms per_group= 0.001ms)
[pe] round= 22 work=        2 frontier=        0 next=        0 consolidate=  0.002ms frontier=  0.001ms semisort=  0.000ms (break)
[pe] round=  0 work=      250 frontier= 11718750 next=  3906250 consolidate=  2.837ms frontier=  4.561ms semisort=738.180ms (keyed=13.499ms group_by=253.335ms per_group=153.971ms)
[pe] round=  1 work=  3906250 frontier=  3906250 next=  1809098 consolidate=540.705ms frontier=126.839ms semisort=368.394ms (keyed= 4.534ms group_by= 70.310ms per_group=64.792ms)
[pe] round=  2 work=  1809098 frontier=  1809098 next=  1048576 consolidate=258.192ms frontier= 61.898ms semisort=194.262ms (keyed= 2.220ms group_by= 38.599ms per_group=45.670ms)
[pe] round=  3 work=  1048576 frontier=  1048576 next=   524288 consolidate=166.485ms frontier= 36.079ms semisort=105.243ms (keyed= 1.283ms group_by= 24.329ms per_group=23.083ms)
[pe] round=  4 work=   524288 frontier=   524288 next=   262144 consolidate= 81.915ms frontier= 16.509ms semisort= 49.397ms (keyed= 0.628ms group_by= 10.709ms per_group=12.158ms)
[pe] round=  5 work=   262144 frontier=   262144 next=   131072 consolidate= 39.219ms frontier=  6.952ms semisort= 25.785ms (keyed= 0.296ms group_by=  5.871ms per_group= 5.700ms)
[pe] round=  6 work=   131072 frontier=   131072 next=    65536 consolidate= 19.240ms frontier=  3.038ms semisort= 12.942ms (keyed= 0.142ms group_by=  3.457ms per_group= 2.751ms)
[pe] round=  7 work=    65536 frontier=    65536 next=    32768 consolidate=  9.514ms frontier=  1.458ms semisort=  5.746ms (keyed= 0.062ms group_by=  1.541ms per_group= 1.242ms)
[pe] round=  8 work=    32768 frontier=    32768 next=    16384 consolidate=  4.052ms frontier=  0.787ms semisort=  2.596ms (keyed= 0.026ms group_by=  0.699ms per_group= 0.677ms)
[pe] round=  9 work=    16384 frontier=    16384 next=     8192 consolidate=  3.259ms frontier=  0.452ms semisort=  1.487ms (keyed= 0.019ms group_by=  0.449ms per_group= 0.369ms)
[pe] round= 10 work=     8192 frontier=     8192 next=     4096 consolidate=  1.651ms frontier=  0.395ms semisort=  1.544ms (keyed= 0.016ms group_by=  0.809ms per_group= 0.228ms)
[pe] round= 11 work=     4096 frontier=     4096 next=     2048 consolidate=  0.909ms frontier=  0.233ms semisort=  0.869ms (keyed= 0.010ms group_by=  0.418ms per_group= 0.155ms)
[pe] round= 12 work=     2048 frontier=     2048 next=     1024 consolidate=  0.545ms frontier=  0.137ms semisort=  0.557ms (keyed= 0.008ms group_by=  0.275ms per_group= 0.104ms)
[pe] round= 13 work=     1024 frontier=     1024 next=      512 consolidate=  0.240ms frontier=  0.111ms semisort=  0.303ms (keyed= 0.008ms group_by=  0.113ms per_group= 0.066ms)
[pe] round= 14 work=      512 frontier=      512 next=      256 consolidate=  0.197ms frontier=  0.081ms semisort=  0.173ms (keyed= 0.005ms group_by=  0.056ms per_group= 0.038ms)
[pe] round= 15 work=      256 frontier=      256 next=      128 consolidate=  0.142ms frontier=  0.042ms semisort=  0.105ms (keyed= 0.003ms group_by=  0.029ms per_group= 0.037ms)
[pe] round= 16 work=      128 frontier=      128 next=       64 consolidate=  0.063ms frontier=  0.020ms semisort=  0.053ms (keyed= 0.001ms group_by=  0.011ms per_group= 0.015ms)
[pe] round= 17 work=       64 frontier=       64 next=       32 consolidate=  0.042ms frontier=  0.011ms semisort=  0.030ms (keyed= 0.001ms group_by=  0.007ms per_group= 0.009ms)
[pe] round= 18 work=       32 frontier=       32 next=       16 consolidate=  0.024ms frontier=  0.006ms semisort=  0.013ms (keyed= 0.001ms group_by=  0.003ms per_group= 0.004ms)
[pe] round= 19 work=       16 frontier=       16 next=        8 consolidate=  0.012ms frontier=  0.005ms semisort=  0.007ms (keyed= 0.000ms group_by=  0.002ms per_group= 0.002ms)
[pe] round= 20 work=        8 frontier=        8 next=        4 consolidate=  0.007ms frontier=  0.002ms semisort=  0.005ms (keyed= 0.000ms group_by=  0.001ms per_group= 0.001ms)
[pe] round= 21 work=        4 frontier=        4 next=        2 consolidate=  0.004ms frontier=  0.001ms semisort=  0.003ms (keyed= 0.000ms group_by=  0.001ms per_group= 0.001ms)
[pe] round= 22 work=        2 frontier=        0 next=        0 consolidate=  0.003ms frontier=  0.001ms semisort=  0.000ms (break)
[pe] round=  0 work=      250 frontier= 11718750 next=  3906250 consolidate=  2.857ms frontier=  4.533ms semisort=739.960ms (keyed=13.536ms group_by=256.111ms per_group=158.899ms)
[pe] round=  1 work=  3906250 frontier=  3906250 next=  1809098 consolidate=545.809ms frontier=138.990ms semisort=372.622ms (keyed= 4.516ms group_by= 70.916ms per_group=69.272ms)
[pe] round=  2 work=  1809098 frontier=  1809098 next=  1048576 consolidate=267.513ms frontier= 63.533ms semisort=190.953ms (keyed= 2.113ms group_by= 37.360ms per_group=45.539ms)
[pe] round=  3 work=  1048576 frontier=  1048576 next=   524288 consolidate=158.163ms frontier= 36.694ms semisort=100.838ms (keyed= 1.289ms group_by= 21.481ms per_group=23.228ms)
[pe] round=  4 work=   524288 frontier=   524288 next=   262144 consolidate= 80.825ms frontier= 16.145ms semisort= 50.670ms (keyed= 0.611ms group_by= 10.758ms per_group=12.280ms)
[pe] round=  5 work=   262144 frontier=   262144 next=   131072 consolidate= 38.862ms frontier=  8.352ms semisort= 26.098ms (keyed= 0.288ms group_by=  6.016ms per_group= 5.800ms)
[pe] round=  6 work=   131072 frontier=   131072 next=    65536 consolidate= 19.154ms frontier=  2.948ms semisort= 12.630ms (keyed= 0.146ms group_by=  3.086ms per_group= 2.735ms)
[pe] round=  7 work=    65536 frontier=    65536 next=    32768 consolidate=  9.217ms frontier=  1.537ms semisort=  5.816ms (keyed= 0.068ms group_by=  1.622ms per_group= 1.233ms)
[pe] round=  8 work=    32768 frontier=    32768 next=    16384 consolidate=  4.118ms frontier=  0.861ms semisort=  2.677ms (keyed= 0.030ms group_by=  0.718ms per_group= 0.671ms)
[pe] round=  9 work=    16384 frontier=    16384 next=     8192 consolidate=  3.312ms frontier=  0.475ms semisort=  1.339ms (keyed= 0.020ms group_by=  0.360ms per_group= 0.343ms)
[pe] round= 10 work=     8192 frontier=     8192 next=     4096 consolidate=  1.713ms frontier=  0.376ms semisort=  1.660ms (keyed= 0.016ms group_by=  0.854ms per_group= 0.289ms)
[pe] round= 11 work=     4096 frontier=     4096 next=     2048 consolidate=  0.968ms frontier=  0.192ms semisort=  0.824ms (keyed= 0.011ms group_by=  0.429ms per_group= 0.121ms)
[pe] round= 12 work=     2048 frontier=     2048 next=     1024 consolidate=  0.497ms frontier=  0.175ms semisort=  0.585ms (keyed= 0.009ms group_by=  0.284ms per_group= 0.117ms)
[pe] round= 13 work=     1024 frontier=     1024 next=      512 consolidate=  0.263ms frontier=  0.107ms semisort=  0.281ms (keyed= 0.006ms group_by=  0.120ms per_group= 0.043ms)
[pe] round= 14 work=      512 frontier=      512 next=      256 consolidate=  0.180ms frontier=  0.080ms semisort=  0.194ms (keyed= 0.003ms group_by=  0.058ms per_group= 0.036ms)
[pe] round= 15 work=      256 frontier=      256 next=      128 consolidate=  0.111ms frontier=  0.037ms semisort=  0.104ms (keyed= 0.002ms group_by=  0.028ms per_group= 0.025ms)
[pe] round= 16 work=      128 frontier=      128 next=       64 consolidate=  0.072ms frontier=  0.023ms semisort=  0.074ms (keyed= 0.001ms group_by=  0.014ms per_group= 0.024ms)
[pe] round= 17 work=       64 frontier=       64 next=       32 consolidate=  0.079ms frontier=  0.014ms semisort=  0.032ms (keyed= 0.001ms group_by=  0.007ms per_group= 0.010ms)
[pe] round= 18 work=       32 frontier=       32 next=       16 consolidate=  0.025ms frontier=  0.007ms semisort=  0.014ms (keyed= 0.001ms group_by=  0.004ms per_group= 0.004ms)
[pe] round= 19 work=       16 frontier=       16 next=        8 consolidate=  0.015ms frontier=  0.004ms semisort=  0.008ms (keyed= 0.000ms group_by=  0.002ms per_group= 0.002ms)
[pe] round= 20 work=        8 frontier=        8 next=        4 consolidate=  0.008ms frontier=  0.002ms semisort=  0.005ms (keyed= 0.000ms group_by=  0.001ms per_group= 0.001ms)
[pe] round= 21 work=        4 frontier=        4 next=        2 consolidate=  0.005ms frontier=  0.001ms semisort=  0.003ms (keyed= 0.000ms group_by=  0.001ms per_group= 0.001ms)
[pe] round= 22 work=        2 frontier=        0 next=        0 consolidate=  0.003ms frontier=  0.001ms semisort=  0.000ms (break)
[pe] round=  0 work=      250 frontier= 11718750 next=  3906250 consolidate=  2.856ms frontier=  4.419ms semisort=746.861ms (keyed=13.515ms group_by=256.191ms per_group=161.046ms)
[pe] round=  1 work=  3906250 frontier=  3906250 next=  1809098 consolidate=560.137ms frontier=142.521ms semisort=373.763ms (keyed= 4.484ms group_by= 72.155ms per_group=70.021ms)
[pe] round=  2 work=  1809098 frontier=  1809098 next=  1048576 consolidate=266.417ms frontier= 65.011ms semisort=191.254ms (keyed= 2.143ms group_by= 37.687ms per_group=46.757ms)
[pe] round=  3 work=  1048576 frontier=  1048576 next=   524288 consolidate=161.319ms frontier= 38.136ms semisort=102.687ms (keyed= 1.266ms group_by= 22.373ms per_group=23.900ms)
[pe] round=  4 work=   524288 frontier=   524288 next=   262144 consolidate= 81.439ms frontier= 17.231ms semisort= 50.141ms (keyed= 0.620ms group_by= 10.761ms per_group=12.588ms)
[pe] round=  5 work=   262144 frontier=   262144 next=   131072 consolidate= 39.488ms frontier=  6.907ms semisort= 26.169ms (keyed= 0.301ms group_by=  5.963ms per_group= 5.951ms)
[pe] round=  6 work=   131072 frontier=   131072 next=    65536 consolidate= 18.819ms frontier=  2.953ms semisort= 13.804ms (keyed= 0.138ms group_by=  4.460ms per_group= 2.678ms)
[pe] round=  7 work=    65536 frontier=    65536 next=    32768 consolidate=  9.343ms frontier=  1.560ms semisort=  5.697ms (keyed= 0.064ms group_by=  1.416ms per_group= 1.249ms)
[pe] round=  8 work=    32768 frontier=    32768 next=    16384 consolidate=  4.149ms frontier=  0.803ms semisort=  2.712ms (keyed= 0.029ms group_by=  0.756ms per_group= 0.698ms)
[pe] round=  9 work=    16384 frontier=    16384 next=     8192 consolidate=  3.339ms frontier=  0.485ms semisort=  1.354ms (keyed= 0.018ms group_by=  0.326ms per_group= 0.360ms)
[pe] round= 10 work=     8192 frontier=     8192 next=     4096 consolidate=  1.684ms frontier=  0.412ms semisort=  1.571ms (keyed= 0.017ms group_by=  0.806ms per_group= 0.205ms)
[pe] round= 11 work=     4096 frontier=     4096 next=     2048 consolidate=  0.930ms frontier=  0.192ms semisort=  0.850ms (keyed= 0.019ms group_by=  0.421ms per_group= 0.140ms)
[pe] round= 12 work=     2048 frontier=     2048 next=     1024 consolidate=  0.474ms frontier=  0.125ms semisort=  0.547ms (keyed= 0.009ms group_by=  0.266ms per_group= 0.112ms)
[pe] round= 13 work=     1024 frontier=     1024 next=      512 consolidate=  0.319ms frontier=  0.081ms semisort=  0.290ms (keyed= 0.006ms group_by=  0.092ms per_group= 0.097ms)
[pe] round= 14 work=      512 frontier=      512 next=      256 consolidate=  0.186ms frontier=  0.080ms semisort=  0.161ms (keyed= 0.003ms group_by=  0.050ms per_group= 0.042ms)
[pe] round= 15 work=      256 frontier=      256 next=      128 consolidate=  0.083ms frontier=  0.035ms semisort=  0.120ms (keyed= 0.002ms group_by=  0.024ms per_group= 0.044ms)
[pe] round= 16 work=      128 frontier=      128 next=       64 consolidate=  0.060ms frontier=  0.025ms semisort=  0.055ms (keyed= 0.002ms group_by=  0.014ms per_group= 0.014ms)
[pe] round= 17 work=       64 frontier=       64 next=       32 consolidate=  0.035ms frontier=  0.014ms semisort=  0.034ms (keyed= 0.001ms group_by=  0.007ms per_group= 0.011ms)
[pe] round= 18 work=       32 frontier=       32 next=       16 consolidate=  0.024ms frontier=  0.008ms semisort=  0.014ms (keyed= 0.000ms group_by=  0.004ms per_group= 0.004ms)
[pe] round= 19 work=       16 frontier=       16 next=        8 consolidate=  0.016ms frontier=  0.005ms semisort=  0.007ms (keyed= 0.000ms group_by=  0.002ms per_group= 0.002ms)
[pe] round= 20 work=        8 frontier=        8 next=        4 consolidate=  0.009ms frontier=  0.003ms semisort=  0.005ms (keyed= 0.000ms group_by=  0.001ms per_group= 0.001ms)
[pe] round= 21 work=        4 frontier=        4 next=        2 consolidate=  0.004ms frontier=  0.001ms semisort=  0.003ms (keyed= 0.000ms group_by=  0.001ms per_group= 0.001ms)
[pe] round= 22 work=        2 frontier=        0 next=        0 consolidate=  0.003ms frontier=  0.001ms semisort=  0.000ms (break)
[pe] round=  0 work=      250 frontier= 11718750 next=  3906250 consolidate=  2.833ms frontier=  4.447ms semisort=753.408ms (keyed=14.925ms group_by=260.948ms per_group=160.146ms)
[pe] round=  1 work=  3906250 frontier=  3906250 next=  1809098 consolidate=551.416ms frontier=143.379ms semisort=376.738ms (keyed= 4.436ms group_by= 74.734ms per_group=72.859ms)
[pe] round=  2 work=  1809098 frontier=  1809098 next=  1048576 consolidate=263.448ms frontier= 63.590ms semisort=195.600ms (keyed= 2.174ms group_by= 38.516ms per_group=47.386ms)
[pe] round=  3 work=  1048576 frontier=  1048576 next=   524288 consolidate=159.144ms frontier= 37.519ms semisort=104.649ms (keyed= 1.294ms group_by= 22.716ms per_group=24.226ms)
[pe] round=  4 work=   524288 frontier=   524288 next=   262144 consolidate= 83.272ms frontier= 16.604ms semisort= 50.794ms (keyed= 0.634ms group_by= 10.866ms per_group=12.852ms)
[pe] round=  5 work=   262144 frontier=   262144 next=   131072 consolidate= 39.667ms frontier=  7.189ms semisort= 26.380ms (keyed= 0.306ms group_by=  5.921ms per_group= 6.183ms)
[pe] round=  6 work=   131072 frontier=   131072 next=    65536 consolidate= 19.188ms frontier=  2.985ms semisort= 12.769ms (keyed= 0.151ms group_by=  3.256ms per_group= 2.703ms)
[pe] round=  7 work=    65536 frontier=    65536 next=    32768 consolidate=  9.480ms frontier=  1.476ms semisort=  5.769ms (keyed= 0.067ms group_by=  1.468ms per_group= 1.284ms)
[pe] round=  8 work=    32768 frontier=    32768 next=    16384 consolidate=  4.188ms frontier=  0.707ms semisort=  2.584ms (keyed= 0.031ms group_by=  0.678ms per_group= 0.661ms)
[pe] round=  9 work=    16384 frontier=    16384 next=     8192 consolidate=  3.307ms frontier=  0.447ms semisort=  1.524ms (keyed= 0.019ms group_by=  0.468ms per_group= 0.374ms)
[pe] round= 10 work=     8192 frontier=     8192 next=     4096 consolidate=  1.841ms frontier=  0.406ms semisort=  1.522ms (keyed= 0.016ms group_by=  0.785ms per_group= 0.253ms)
[pe] round= 11 work=     4096 frontier=     4096 next=     2048 consolidate=  0.925ms frontier=  0.241ms semisort=  0.904ms (keyed= 0.011ms group_by=  0.390ms per_group= 0.164ms)
[pe] round= 12 work=     2048 frontier=     2048 next=     1024 consolidate=  0.518ms frontier=  0.134ms semisort=  0.441ms (keyed= 0.010ms group_by=  0.223ms per_group= 0.068ms)
[pe] round= 13 work=     1024 frontier=     1024 next=      512 consolidate=  0.262ms frontier=  0.077ms semisort=  0.277ms (keyed= 0.006ms group_by=  0.096ms per_group= 0.080ms)
[pe] round= 14 work=      512 frontier=      512 next=      256 consolidate=  0.139ms frontier=  0.051ms semisort=  0.167ms (keyed= 0.004ms group_by=  0.049ms per_group= 0.037ms)
[pe] round= 15 work=      256 frontier=      256 next=      128 consolidate=  0.122ms frontier=  0.038ms semisort=  0.093ms (keyed= 0.002ms group_by=  0.023ms per_group= 0.028ms)
[pe] round= 16 work=      128 frontier=      128 next=       64 consolidate=  0.043ms frontier=  0.025ms semisort=  0.053ms (keyed= 0.001ms group_by=  0.011ms per_group= 0.014ms)
[pe] round= 17 work=       64 frontier=       64 next=       32 consolidate=  0.052ms frontier=  0.013ms semisort=  0.031ms (keyed= 0.001ms group_by=  0.006ms per_group= 0.010ms)
[pe] round= 18 work=       32 frontier=       32 next=       16 consolidate=  0.041ms frontier=  0.005ms semisort=  0.012ms (keyed= 0.000ms group_by=  0.003ms per_group= 0.004ms)
[pe] round= 19 work=       16 frontier=       16 next=        8 consolidate=  0.013ms frontier=  0.004ms semisort=  0.006ms (keyed= 0.000ms group_by=  0.002ms per_group= 0.002ms)
[pe] round= 20 work=        8 frontier=        8 next=        4 consolidate=  0.007ms frontier=  0.002ms semisort=  0.005ms (keyed= 0.000ms group_by=  0.001ms per_group= 0.001ms)
[pe] round= 21 work=        4 frontier=        4 next=        2 consolidate=  0.004ms frontier=  0.001ms semisort=  0.003ms (keyed= 0.000ms group_by=  0.001ms per_group= 0.001ms)
[pe] round= 22 work=        2 frontier=        0 next=        0 consolidate=  0.002ms frontier=  0.001ms semisort=  0.000ms (break)
[pe] round=  0 work=      250 frontier= 11718750 next=  3906250 consolidate=  2.785ms frontier=  4.496ms semisort=752.121ms (keyed=13.441ms group_by=259.646ms per_group=161.587ms)
[pe] round=  1 work=  3906250 frontier=  3906250 next=  1809098 consolidate=558.964ms frontier=144.543ms semisort=379.150ms (keyed= 4.507ms group_by= 73.296ms per_group=73.553ms)
[pe] round=  2 work=  1809098 frontier=  1809098 next=  1048576 consolidate=265.634ms frontier= 65.050ms semisort=196.903ms (keyed= 2.240ms group_by= 41.065ms per_group=47.959ms)
[pe] round=  3 work=  1048576 frontier=  1048576 next=   524288 consolidate=161.259ms frontier= 37.003ms semisort=104.009ms (keyed= 1.290ms group_by= 22.904ms per_group=24.296ms)
[pe] round=  4 work=   524288 frontier=   524288 next=   262144 consolidate= 81.044ms frontier= 16.282ms semisort= 52.829ms (keyed= 0.605ms group_by= 11.088ms per_group=13.518ms)
[pe] round=  5 work=   262144 frontier=   262144 next=   131072 consolidate= 39.011ms frontier=  6.776ms semisort= 28.837ms (keyed= 0.310ms group_by=  5.821ms per_group= 6.238ms)
[pe] round=  6 work=   131072 frontier=   131072 next=    65536 consolidate= 19.909ms frontier=  3.214ms semisort= 14.055ms (keyed= 0.149ms group_by=  3.864ms per_group= 2.978ms)
[pe] round=  7 work=    65536 frontier=    65536 next=    32768 consolidate= 10.027ms frontier=  1.414ms semisort=  6.504ms (keyed= 0.072ms group_by=  1.861ms per_group= 1.329ms)
[pe] round=  8 work=    32768 frontier=    32768 next=    16384 consolidate=  4.591ms frontier=  0.881ms semisort=  2.959ms (keyed= 0.032ms group_by=  0.876ms per_group= 0.661ms)
[pe] round=  9 work=    16384 frontier=    16384 next=     8192 consolidate=  4.376ms frontier=  0.531ms semisort=  1.464ms (keyed= 0.020ms group_by=  0.368ms per_group= 0.368ms)
[pe] round= 10 work=     8192 frontier=     8192 next=     4096 consolidate=  2.298ms frontier=  0.696ms semisort=  2.565ms (keyed= 0.015ms group_by=  1.594ms per_group= 0.262ms)
[pe] round= 11 work=     4096 frontier=     4096 next=     2048 consolidate=  1.198ms frontier=  0.399ms semisort=  1.369ms (keyed= 0.012ms group_by=  0.851ms per_group= 0.146ms)
[pe] round= 12 work=     2048 frontier=     2048 next=     1024 consolidate=  0.694ms frontier=  0.228ms semisort=  0.816ms (keyed= 0.013ms group_by=  0.452ms per_group= 0.115ms)
[pe] round= 13 work=     1024 frontier=     1024 next=      512 consolidate=  0.420ms frontier=  0.169ms semisort=  0.407ms (keyed= 0.010ms group_by=  0.215ms per_group= 0.050ms)
[pe] round= 14 work=      512 frontier=      512 next=      256 consolidate=  0.218ms frontier=  0.098ms semisort=  0.262ms (keyed= 0.006ms group_by=  0.103ms per_group= 0.068ms)
[pe] round= 15 work=      256 frontier=      256 next=      128 consolidate=  0.117ms frontier=  0.079ms semisort=  0.145ms (keyed= 0.004ms group_by=  0.060ms per_group= 0.030ms)
[pe] round= 16 work=      128 frontier=      128 next=       64 consolidate=  0.077ms frontier=  0.037ms semisort=  0.085ms (keyed= 0.003ms group_by=  0.024ms per_group= 0.025ms)
[pe] round= 17 work=       64 frontier=       64 next=       32 consolidate=  0.056ms frontier=  0.022ms semisort=  0.055ms (keyed= 0.002ms group_by=  0.014ms per_group= 0.018ms)
[pe] round= 18 work=       32 frontier=       32 next=       16 consolidate=  0.035ms frontier=  0.013ms semisort=  0.033ms (keyed= 0.001ms group_by=  0.007ms per_group= 0.010ms)
[pe] round= 19 work=       16 frontier=       16 next=        8 consolidate=  0.024ms frontier=  0.008ms semisort=  0.017ms (keyed= 0.001ms group_by=  0.004ms per_group= 0.005ms)
[pe] round= 20 work=        8 frontier=        8 next=        4 consolidate=  0.013ms frontier=  0.006ms semisort=  0.011ms (keyed= 0.001ms group_by=  0.003ms per_group= 0.003ms)
[pe] round= 21 work=        4 frontier=        4 next=        2 consolidate=  0.009ms frontier=  0.003ms semisort=  0.007ms (keyed= 0.001ms group_by=  0.002ms per_group= 0.001ms)
[pe] round= 22 work=        2 frontier=        0 next=        0 consolidate=  0.006ms frontier=  0.002ms semisort=  0.000ms (break)
