[gates_bench] ./miter-cc-benchmarks/hwmcc12_with_not/6s117-ands-opt.gates ...
  literals=1880426  NOT=831949  gates=2213528  total_classes=4925903  read=0.025s parse=0.223s build=0.456s
[pe] round=  0 work=  4900974 frontier=  2924790 next=     5626 consolidate=1495.111ms frontier=169.781ms semisort=388.743ms (keyed=76.459ms group_by= 12.243ms per_group=40.715ms)
[pe] round=  1 work=     5626 frontier=    34290 next=     7386 consolidate=  5.128ms frontier=  0.216ms semisort=  7.182ms (keyed= 0.095ms group_by=  1.898ms per_group= 2.595ms)
[pe] round=  2 work=     7386 frontier=    27459 next=     3875 consolidate=  6.452ms frontier=  0.291ms semisort=  5.454ms (keyed= 0.111ms group_by=  1.358ms per_group= 1.590ms)
[pe] round=  3 work=     3875 frontier=    13595 next=     2626 consolidate=  3.173ms frontier=  0.148ms semisort=  2.700ms (keyed= 0.025ms group_by=  0.579ms per_group= 0.950ms)
[pe] round=  4 work=     2626 frontier=    14119 next=     1571 consolidate=  2.253ms frontier=  0.096ms semisort=  2.262ms (keyed= 0.026ms group_by=  0.556ms per_group= 0.637ms)
[pe] round=  5 work=     1571 frontier=     8486 next=      883 consolidate=  1.301ms frontier=  0.051ms semisort=  1.453ms (keyed= 0.015ms group_by=  0.389ms per_group= 0.379ms)
[pe] round=  6 work=      883 frontier=     5157 next=      769 consolidate=  0.713ms frontier=  0.027ms semisort=  0.847ms (keyed= 0.009ms group_by=  0.210ms per_group= 0.263ms)
[pe] round=  7 work=      769 frontier=     2762 next=      294 consolidate=  0.598ms frontier=  0.022ms semisort=  0.419ms (keyed= 0.004ms group_by=  0.093ms per_group= 0.109ms)
[pe] round=  8 work=      294 frontier=     1091 next=      178 consolidate=  0.238ms frontier=  0.010ms semisort=  0.162ms (keyed= 0.002ms group_by=  0.033ms per_group= 0.053ms)
[pe] round=  9 work=      178 frontier=     1085 next=      128 consolidate=  0.145ms frontier=  0.007ms semisort=  0.137ms (keyed= 0.001ms group_by=  0.029ms per_group= 0.043ms)
[pe] round= 10 work=      128 frontier=      448 next=       84 consolidate=  0.100ms frontier=  0.005ms semisort=  0.062ms (keyed= 0.001ms group_by=  0.014ms per_group= 0.024ms)
[pe] round= 11 work=       84 frontier=      332 next=       83 consolidate=  0.062ms frontier=  0.003ms semisort=  0.046ms (keyed= 0.001ms group_by=  0.008ms per_group= 0.022ms)
[pe] round= 12 work=       83 frontier=      180 next=       15 consolidate=  0.057ms frontier=  0.003ms semisort=  0.020ms (keyed= 0.000ms group_by=  0.005ms per_group= 0.007ms)
[pe] round= 13 work=       15 frontier=       62 next=       16 consolidate=  0.012ms frontier=  0.001ms semisort=  0.012ms (keyed= 0.000ms group_by=  0.002ms per_group= 0.005ms)
[pe] round= 14 work=       16 frontier=       74 next=       17 consolidate=  0.013ms frontier=  0.001ms semisort=  0.013ms (keyed= 0.000ms group_by=  0.002ms per_group= 0.005ms)
[pe] round= 15 work=       17 frontier=       60 next=       15 consolidate=  0.014ms frontier=  0.001ms semisort=  0.011ms (keyed= 0.000ms group_by=  0.002ms per_group= 0.005ms)
[pe] round= 16 work=       15 frontier=       42 next=       13 consolidate=  0.012ms frontier=  0.001ms semisort=  0.008ms (keyed= 0.000ms group_by=  0.001ms per_group= 0.004ms)
[pe] round= 17 work=       13 frontier=       53 next=       12 consolidate=  0.010ms frontier=  0.001ms semisort=  0.010ms (keyed= 0.000ms group_by=  0.002ms per_group= 0.004ms)
[pe] round= 18 work=       12 frontier=       59 next=       13 consolidate=  0.010ms frontier=  0.001ms semisort=  0.010ms (keyed= 0.000ms group_by=  0.002ms per_group= 0.004ms)
[pe] round= 19 work=       13 frontier=       48 next=       14 consolidate=  0.011ms frontier=  0.001ms semisort=  0.009ms (keyed= 0.000ms group_by=  0.001ms per_group= 0.004ms)
[pe] round= 20 work=       14 frontier=       42 next=       10 consolidate=  0.010ms frontier=  0.001ms semisort=  0.008ms (keyed= 0.000ms group_by=  0.001ms per_group= 0.003ms)
[pe] round= 21 work=       10 frontier=       34 next=       10 consolidate=  0.008ms frontier=  0.001ms semisort=  0.008ms (keyed= 0.000ms group_by=  0.001ms per_group= 0.003ms)
[pe] round= 22 work=       10 frontier=       52 next=        9 consolidate=  0.009ms frontier=  0.001ms semisort=  0.009ms (keyed= 0.000ms group_by=  0.002ms per_group= 0.003ms)
[pe] round= 23 work=        9 frontier=       30 next=        7 consolidate=  0.007ms frontier=  0.001ms semisort=  0.007ms (keyed= 0.000ms group_by=  0.001ms per_group= 0.003ms)
[pe] round= 24 work=        7 frontier=       23 next=        5 consolidate=  0.006ms frontier=  0.001ms semisort=  0.005ms (keyed= 0.000ms group_by=  0.001ms per_group= 0.002ms)
[pe] round= 25 work=        5 frontier=       12 next=        4 consolidate=  0.004ms frontier=  0.001ms semisort=  0.004ms (keyed= 0.000ms group_by=  0.001ms per_group= 0.001ms)
[pe] round= 26 work=        4 frontier=       22 next=        4 consolidate=  0.004ms frontier=  0.001ms semisort=  0.005ms (keyed= 0.000ms group_by=  0.001ms per_group= 0.002ms)
[pe] round= 27 work=        4 frontier=       14 next=        2 consolidate=  0.003ms frontier=  0.001ms semisort=  0.004ms (keyed= 0.000ms group_by=  0.001ms per_group= 0.001ms)
[pe] round= 28 work=        2 frontier=        6 next=        1 consolidate=  0.002ms frontier=  0.001ms semisort=  0.002ms (keyed= 0.000ms group_by=  0.000ms per_group= 0.001ms)
[pe] round= 29 work=        1 frontier=        2 next=        0 consolidate=  0.002ms frontier=  0.001ms semisort=  0.001ms (keyed= 0.000ms group_by=  0.000ms per_group= 0.000ms)
[pe] round=  0 work=  4900974 frontier=  2924790 next=     5626 consolidate=1456.738ms frontier=157.331ms semisort=391.819ms (keyed=79.681ms group_by= 12.327ms per_group=40.604ms)
[pe] round=  1 work=     5626 frontier=    34290 next=     7386 consolidate=  5.190ms frontier=  0.209ms semisort=  6.706ms (keyed= 0.094ms group_by=  1.442ms per_group= 2.599ms)
[pe] round=  2 work=     7386 frontier=    27459 next=     3875 consolidate=  6.496ms frontier=  0.286ms semisort=  5.305ms (keyed= 0.117ms group_by=  1.187ms per_group= 1.601ms)
[pe] round=  3 work=     3875 frontier=    13595 next=     2626 consolidate=  3.201ms frontier=  0.132ms semisort=  2.684ms (keyed= 0.024ms group_by=  0.569ms per_group= 0.963ms)
[pe] round=  4 work=     2626 frontier=    14119 next=     1571 consolidate=  2.208ms frontier=  0.087ms semisort=  2.293ms (keyed= 0.027ms group_by=  0.572ms per_group= 0.646ms)
[pe] round=  5 work=     1571 frontier=     8486 next=      883 consolidate=  1.326ms frontier=  0.058ms semisort=  1.445ms (keyed= 0.015ms group_by=  0.385ms per_group= 0.383ms)
[pe] round=  6 work=      883 frontier=     5157 next=      769 consolidate=  0.719ms frontier=  0.026ms semisort=  0.857ms (keyed= 0.009ms group_by=  0.213ms per_group= 0.265ms)
[pe] round=  7 work=      769 frontier=     2762 next=      294 consolidate=  0.602ms frontier=  0.023ms semisort=  0.416ms (keyed= 0.004ms group_by=  0.093ms per_group= 0.111ms)
[pe] round=  8 work=      294 frontier=     1091 next=      178 consolidate=  0.235ms frontier=  0.009ms semisort=  0.160ms (keyed= 0.001ms group_by=  0.032ms per_group= 0.052ms)
[pe] round=  9 work=      178 frontier=     1085 next=      128 consolidate=  0.150ms frontier=  0.007ms semisort=  0.135ms (keyed= 0.001ms group_by=  0.029ms per_group= 0.043ms)
[pe] round= 10 work=      128 frontier=      448 next=       84 consolidate=  0.100ms frontier=  0.005ms semisort=  0.061ms (keyed= 0.001ms group_by=  0.014ms per_group= 0.024ms)
[pe] round= 11 work=       84 frontier=      332 next=       83 consolidate=  0.061ms frontier=  0.003ms semisort=  0.046ms (keyed= 0.001ms group_by=  0.008ms per_group= 0.022ms)
[pe] round= 12 work=       83 frontier=      180 next=       15 consolidate=  0.057ms frontier=  0.003ms semisort=  0.021ms (keyed= 0.000ms group_by=  0.005ms per_group= 0.007ms)
[pe] round= 13 work=       15 frontier=       62 next=       16 consolidate=  0.012ms frontier=  0.001ms semisort=  0.012ms (keyed= 0.000ms group_by=  0.002ms per_group= 0.005ms)
[pe] round= 14 work=       16 frontier=       74 next=       17 consolidate=  0.013ms frontier=  0.001ms semisort=  0.014ms (keyed= 0.000ms group_by=  0.002ms per_group= 0.006ms)
[pe] round= 15 work=       17 frontier=       60 next=       15 consolidate=  0.014ms frontier=  0.001ms semisort=  0.011ms (keyed= 0.000ms group_by=  0.002ms per_group= 0.005ms)
[pe] round= 16 work=       15 frontier=       42 next=       13 consolidate=  0.012ms frontier=  0.001ms semisort=  0.009ms (keyed= 0.000ms group_by=  0.001ms per_group= 0.004ms)
[pe] round= 17 work=       13 frontier=       53 next=       12 consolidate=  0.010ms frontier=  0.001ms semisort=  0.011ms (keyed= 0.000ms group_by=  0.002ms per_group= 0.004ms)
[pe] round= 18 work=       12 frontier=       59 next=       13 consolidate=  0.009ms frontier=  0.001ms semisort=  0.011ms (keyed= 0.000ms group_by=  0.002ms per_group= 0.004ms)
[pe] round= 19 work=       13 frontier=       48 next=       14 consolidate=  0.011ms frontier=  0.001ms semisort=  0.009ms (keyed= 0.000ms group_by=  0.002ms per_group= 0.004ms)
[pe] round= 20 work=       14 frontier=       42 next=       10 consolidate=  0.011ms frontier=  0.001ms semisort=  0.008ms (keyed= 0.000ms group_by=  0.001ms per_group= 0.004ms)
[pe] round= 21 work=       10 frontier=       34 next=       10 consolidate=  0.007ms frontier=  0.001ms semisort=  0.008ms (keyed= 0.000ms group_by=  0.001ms per_group= 0.003ms)
[pe] round= 22 work=       10 frontier=       52 next=        9 consolidate=  0.009ms frontier=  0.001ms semisort=  0.009ms (keyed= 0.000ms group_by=  0.002ms per_group= 0.003ms)
[pe] round= 23 work=        9 frontier=       30 next=        7 consolidate=  0.007ms frontier=  0.001ms semisort=  0.007ms (keyed= 0.000ms group_by=  0.001ms per_group= 0.003ms)
[pe] round= 24 work=        7 frontier=       23 next=        5 consolidate=  0.006ms frontier=  0.001ms semisort=  0.005ms (keyed= 0.000ms group_by=  0.001ms per_group= 0.002ms)
[pe] round= 25 work=        5 frontier=       12 next=        4 consolidate=  0.004ms frontier=  0.001ms semisort=  0.004ms (keyed= 0.000ms group_by=  0.001ms per_group= 0.001ms)
[pe] round= 26 work=        4 frontier=       22 next=        4 consolidate=  0.004ms frontier=  0.001ms semisort=  0.005ms (keyed= 0.000ms group_by=  0.001ms per_group= 0.002ms)
[pe] round= 27 work=        4 frontier=       14 next=        2 consolidate=  0.004ms frontier=  0.001ms semisort=  0.004ms (keyed= 0.000ms group_by=  0.001ms per_group= 0.001ms)
[pe] round= 28 work=        2 frontier=        6 next=        1 consolidate=  0.002ms frontier=  0.001ms semisort=  0.002ms (keyed= 0.000ms group_by=  0.000ms per_group= 0.001ms)
[pe] round= 29 work=        1 frontier=        2 next=        0 consolidate=  0.002ms frontier=  0.001ms semisort=  0.001ms (keyed= 0.000ms group_by=  0.000ms per_group= 0.000ms)
[pe] round=  0 work=  4900974 frontier=  2924790 next=     5626 consolidate=1500.989ms frontier=160.606ms semisort=387.873ms (keyed=76.445ms group_by= 12.198ms per_group=40.660ms)
[pe] round=  1 work=     5626 frontier=    34290 next=     7386 consolidate=  5.194ms frontier=  0.220ms semisort=  6.839ms (keyed= 0.094ms group_by=  1.544ms per_group= 2.621ms)
[pe] round=  2 work=     7386 frontier=    27459 next=     3875 consolidate=  6.521ms frontier=  0.286ms semisort=  5.447ms (keyed= 0.065ms group_by=  1.319ms per_group= 1.624ms)
[pe] round=  3 work=     3875 frontier=    13595 next=     2626 consolidate=  3.262ms frontier=  0.127ms semisort=  2.700ms (keyed= 0.024ms group_by=  0.573ms per_group= 0.968ms)
[pe] round=  4 work=     2626 frontier=    14119 next=     1571 consolidate=  2.199ms frontier=  0.088ms semisort=  2.304ms (keyed= 0.025ms group_by=  0.586ms per_group= 0.653ms)
[pe] round=  5 work=     1571 frontier=     8486 next=      883 consolidate=  1.308ms frontier=  0.051ms semisort=  1.432ms (keyed= 0.015ms group_by=  0.383ms per_group= 0.383ms)
[pe] round=  6 work=      883 frontier=     5157 next=      769 consolidate=  0.723ms frontier=  0.027ms semisort=  0.848ms (keyed= 0.009ms group_by=  0.207ms per_group= 0.264ms)
[pe] round=  7 work=      769 frontier=     2762 next=      294 consolidate=  0.609ms frontier=  0.023ms semisort=  0.419ms (keyed= 0.005ms group_by=  0.093ms per_group= 0.110ms)
[pe] round=  8 work=      294 frontier=     1091 next=      178 consolidate=  0.234ms frontier=  0.010ms semisort=  0.161ms (keyed= 0.002ms group_by=  0.032ms per_group= 0.053ms)
[pe] round=  9 work=      178 frontier=     1085 next=      128 consolidate=  0.147ms frontier=  0.007ms semisort=  0.133ms (keyed= 0.001ms group_by=  0.030ms per_group= 0.043ms)
[pe] round= 10 work=      128 frontier=      448 next=       84 consolidate=  0.099ms frontier=  0.005ms semisort=  0.062ms (keyed= 0.001ms group_by=  0.014ms per_group= 0.024ms)
[pe] round= 11 work=       84 frontier=      332 next=       83 consolidate=  0.063ms frontier=  0.003ms semisort=  0.050ms (keyed= 0.001ms group_by=  0.008ms per_group= 0.025ms)
[pe] round= 12 work=       83 frontier=      180 next=       15 consolidate=  0.059ms frontier=  0.003ms semisort=  0.021ms (keyed= 0.000ms group_by=  0.005ms per_group= 0.007ms)
[pe] round= 13 work=       15 frontier=       62 next=       16 consolidate=  0.012ms frontier=  0.001ms semisort=  0.012ms (keyed= 0.000ms group_by=  0.002ms per_group= 0.005ms)
[pe] round= 14 work=       16 frontier=       74 next=       17 consolidate=  0.014ms frontier=  0.001ms semisort=  0.014ms (keyed= 0.000ms group_by=  0.002ms per_group= 0.006ms)
[pe] round= 15 work=       17 frontier=       60 next=       15 consolidate=  0.014ms frontier=  0.001ms semisort=  0.011ms (keyed= 0.000ms group_by=  0.002ms per_group= 0.005ms)
[pe] round= 16 work=       15 frontier=       42 next=       13 consolidate=  0.012ms frontier=  0.001ms semisort=  0.009ms (keyed= 0.000ms group_by=  0.001ms per_group= 0.004ms)
[pe] round= 17 work=       13 frontier=       53 next=       12 consolidate=  0.011ms frontier=  0.001ms semisort=  0.010ms (keyed= 0.000ms group_by=  0.002ms per_group= 0.004ms)
[pe] round= 18 work=       12 frontier=       59 next=       13 consolidate=  0.010ms frontier=  0.001ms semisort=  0.010ms (keyed= 0.000ms group_by=  0.002ms per_group= 0.004ms)
[pe] round= 19 work=       13 frontier=       48 next=       14 consolidate=  0.011ms frontier=  0.001ms semisort=  0.009ms (keyed= 0.000ms group_by=  0.001ms per_group= 0.004ms)
[pe] round= 20 work=       14 frontier=       42 next=       10 consolidate=  0.011ms frontier=  0.001ms semisort=  0.008ms (keyed= 0.000ms group_by=  0.001ms per_group= 0.003ms)
[pe] round= 21 work=       10 frontier=       34 next=       10 consolidate=  0.008ms frontier=  0.001ms semisort=  0.008ms (keyed= 0.000ms group_by=  0.001ms per_group= 0.003ms)
[pe] round= 22 work=       10 frontier=       52 next=        9 consolidate=  0.009ms frontier=  0.001ms semisort=  0.009ms (keyed= 0.000ms group_by=  0.002ms per_group= 0.003ms)
[pe] round= 23 work=        9 frontier=       30 next=        7 consolidate=  0.007ms frontier=  0.001ms semisort=  0.007ms (keyed= 0.000ms group_by=  0.001ms per_group= 0.003ms)
[pe] round= 24 work=        7 frontier=       23 next=        5 consolidate=  0.006ms frontier=  0.001ms semisort=  0.005ms (keyed= 0.000ms group_by=  0.001ms per_group= 0.002ms)
[pe] round= 25 work=        5 frontier=       12 next=        4 consolidate=  0.005ms frontier=  0.001ms semisort=  0.004ms (keyed= 0.000ms group_by=  0.001ms per_group= 0.002ms)
[pe] round= 26 work=        4 frontier=       22 next=        4 consolidate=  0.003ms frontier=  0.001ms semisort=  0.005ms (keyed= 0.000ms group_by=  0.001ms per_group= 0.002ms)
[pe] round= 27 work=        4 frontier=       14 next=        2 consolidate=  0.003ms frontier=  0.001ms semisort=  0.004ms (keyed= 0.000ms group_by=  0.001ms per_group= 0.001ms)
[pe] round= 28 work=        2 frontier=        6 next=        1 consolidate=  0.002ms frontier=  0.001ms semisort=  0.002ms (keyed= 0.000ms group_by=  0.000ms per_group= 0.001ms)
[pe] round= 29 work=        1 frontier=        2 next=        0 consolidate=  0.002ms frontier=  0.001ms semisort=  0.001ms (keyed= 0.000ms group_by=  0.000ms per_group= 0.000ms)
[pe] round=  0 work=  4900974 frontier=  2924790 next=     5626 consolidate=1519.235ms frontier=157.059ms semisort=388.106ms (keyed=76.187ms group_by= 12.205ms per_group=40.922ms)
[pe] round=  1 work=     5626 frontier=    34290 next=     7386 consolidate=  5.284ms frontier=  0.220ms semisort=  7.023ms (keyed= 0.094ms group_by=  1.600ms per_group= 2.744ms)
[pe] round=  2 work=     7386 frontier=    27459 next=     3875 consolidate=  6.603ms frontier=  0.287ms semisort=  5.610ms (keyed= 0.067ms group_by=  1.404ms per_group= 1.704ms)
[pe] round=  3 work=     3875 frontier=    13595 next=     2626 consolidate=  3.240ms frontier=  0.128ms semisort=  2.754ms (keyed= 0.025ms group_by=  0.592ms per_group= 1.012ms)
[pe] round=  4 work=     2626 frontier=    14119 next=     1571 consolidate=  2.215ms frontier=  0.092ms semisort=  2.361ms (keyed= 0.027ms group_by=  0.611ms per_group= 0.686ms)
[pe] round=  5 work=     1571 frontier=     8486 next=      883 consolidate=  1.319ms frontier=  0.052ms semisort=  1.475ms (keyed= 0.014ms group_by=  0.399ms per_group= 0.400ms)
[pe] round=  6 work=      883 frontier=     5157 next=      769 consolidate=  0.779ms frontier=  0.027ms semisort=  0.875ms (keyed= 0.009ms group_by=  0.215ms per_group= 0.277ms)
[pe] round=  7 work=      769 frontier=     2762 next=      294 consolidate=  0.609ms frontier=  0.022ms semisort=  0.430ms (keyed= 0.004ms group_by=  0.099ms per_group= 0.117ms)
[pe] round=  8 work=      294 frontier=     1091 next=      178 consolidate=  0.238ms frontier=  0.009ms semisort=  0.163ms (keyed= 0.001ms group_by=  0.033ms per_group= 0.053ms)
[pe] round=  9 work=      178 frontier=     1085 next=      128 consolidate=  0.146ms frontier=  0.007ms semisort=  0.134ms (keyed= 0.001ms group_by=  0.030ms per_group= 0.043ms)
[pe] round= 10 work=      128 frontier=      448 next=       84 consolidate=  0.098ms frontier=  0.005ms semisort=  0.062ms (keyed= 0.001ms group_by=  0.014ms per_group= 0.024ms)
[pe] round= 11 work=       84 frontier=      332 next=       83 consolidate=  0.068ms frontier=  0.003ms semisort=  0.048ms (keyed= 0.001ms group_by=  0.008ms per_group= 0.023ms)
[pe] round= 12 work=       83 frontier=      180 next=       15 consolidate=  0.059ms frontier=  0.003ms semisort=  0.021ms (keyed= 0.000ms group_by=  0.005ms per_group= 0.007ms)
[pe] round= 13 work=       15 frontier=       62 next=       16 consolidate=  0.013ms frontier=  0.001ms semisort=  0.012ms (keyed= 0.000ms group_by=  0.002ms per_group= 0.005ms)
[pe] round= 14 work=       16 frontier=       74 next=       17 consolidate=  0.014ms frontier=  0.001ms semisort=  0.013ms (keyed= 0.000ms group_by=  0.002ms per_group= 0.005ms)
[pe] round= 15 work=       17 frontier=       60 next=       15 consolidate=  0.014ms frontier=  0.001ms semisort=  0.011ms (keyed= 0.000ms group_by=  0.002ms per_group= 0.005ms)
[pe] round= 16 work=       15 frontier=       42 next=       13 consolidate=  0.013ms frontier=  0.001ms semisort=  0.009ms (keyed= 0.000ms group_by=  0.001ms per_group= 0.004ms)
[pe] round= 17 work=       13 frontier=       53 next=       12 consolidate=  0.011ms frontier=  0.001ms semisort=  0.010ms (keyed= 0.000ms group_by=  0.002ms per_group= 0.004ms)
[pe] round= 18 work=       12 frontier=       59 next=       13 consolidate=  0.010ms frontier=  0.001ms semisort=  0.010ms (keyed= 0.000ms group_by=  0.002ms per_group= 0.004ms)
[pe] round= 19 work=       13 frontier=       48 next=       14 consolidate=  0.011ms frontier=  0.001ms semisort=  0.009ms (keyed= 0.000ms group_by=  0.001ms per_group= 0.004ms)
[pe] round= 20 work=       14 frontier=       42 next=       10 consolidate=  0.011ms frontier=  0.001ms semisort=  0.008ms (keyed= 0.000ms group_by=  0.001ms per_group= 0.004ms)
[pe] round= 21 work=       10 frontier=       34 next=       10 consolidate=  0.008ms frontier=  0.001ms semisort=  0.008ms (keyed= 0.000ms group_by=  0.001ms per_group= 0.003ms)
[pe] round= 22 work=       10 frontier=       52 next=        9 consolidate=  0.009ms frontier=  0.001ms semisort=  0.009ms (keyed= 0.000ms group_by=  0.002ms per_group= 0.004ms)
[pe] round= 23 work=        9 frontier=       30 next=        7 consolidate=  0.007ms frontier=  0.001ms semisort=  0.007ms (keyed= 0.000ms group_by=  0.001ms per_group= 0.003ms)
[pe] round= 24 work=        7 frontier=       23 next=        5 consolidate=  0.006ms frontier=  0.001ms semisort=  0.005ms (keyed= 0.000ms group_by=  0.001ms per_group= 0.002ms)
[pe] round= 25 work=        5 frontier=       12 next=        4 consolidate=  0.005ms frontier=  0.001ms semisort=  0.004ms (keyed= 0.000ms group_by=  0.001ms per_group= 0.002ms)
[pe] round= 26 work=        4 frontier=       22 next=        4 consolidate=  0.004ms frontier=  0.001ms semisort=  0.005ms (keyed= 0.000ms group_by=  0.001ms per_group= 0.002ms)
[pe] round= 27 work=        4 frontier=       14 next=        2 consolidate=  0.004ms frontier=  0.001ms semisort=  0.004ms (keyed= 0.000ms group_by=  0.001ms per_group= 0.001ms)
[pe] round= 28 work=        2 frontier=        6 next=        1 consolidate=  0.002ms frontier=  0.001ms semisort=  0.002ms (keyed= 0.000ms group_by=  0.000ms per_group= 0.001ms)
[pe] round= 29 work=        1 frontier=        2 next=        0 consolidate=  0.002ms frontier=  0.001ms semisort=  0.001ms (keyed= 0.000ms group_by=  0.000ms per_group= 0.000ms)
[pe] round=  0 work=  4900974 frontier=  2924790 next=     5626 consolidate=1524.065ms frontier=157.462ms semisort=388.517ms (keyed=76.265ms group_by= 12.222ms per_group=40.928ms)
[pe] round=  1 work=     5626 frontier=    34290 next=     7386 consolidate=  5.302ms frontier=  0.211ms semisort=  7.333ms (keyed= 0.092ms group_by=  1.833ms per_group= 2.804ms)
[pe] round=  2 work=     7386 frontier=    27459 next=     3875 consolidate=  6.695ms frontier=  0.299ms semisort=  5.734ms (keyed= 0.071ms group_by=  1.475ms per_group= 1.718ms)
[pe] round=  3 work=     3875 frontier=    13595 next=     2626 consolidate=  3.293ms frontier=  0.128ms semisort=  2.774ms (keyed= 0.024ms group_by=  0.608ms per_group= 1.019ms)
[pe] round=  4 work=     2626 frontier=    14119 next=     1571 consolidate=  2.181ms frontier=  0.090ms semisort=  2.369ms (keyed= 0.026ms group_by=  0.622ms per_group= 0.681ms)
[pe] round=  5 work=     1571 frontier=     8486 next=      883 consolidate=  1.330ms frontier=  0.050ms semisort=  1.485ms (keyed= 0.015ms group_by=  0.415ms per_group= 0.397ms)
[pe] round=  6 work=      883 frontier=     5157 next=      769 consolidate=  0.727ms frontier=  0.026ms semisort=  0.861ms (keyed= 0.009ms group_by=  0.203ms per_group= 0.281ms)
[pe] round=  7 work=      769 frontier=     2762 next=      294 consolidate=  0.611ms frontier=  0.023ms semisort=  0.424ms (keyed= 0.005ms group_by=  0.096ms per_group= 0.113ms)
[pe] round=  8 work=      294 frontier=     1091 next=      178 consolidate=  0.234ms frontier=  0.009ms semisort=  0.163ms (keyed= 0.002ms group_by=  0.034ms per_group= 0.053ms)
[pe] round=  9 work=      178 frontier=     1085 next=      128 consolidate=  0.146ms frontier=  0.007ms semisort=  0.140ms (keyed= 0.001ms group_by=  0.030ms per_group= 0.047ms)
[pe] round= 10 work=      128 frontier=      448 next=       84 consolidate=  0.099ms frontier=  0.005ms semisort=  0.062ms (keyed= 0.001ms group_by=  0.014ms per_group= 0.025ms)
[pe] round= 11 work=       84 frontier=      332 next=       83 consolidate=  0.065ms frontier=  0.003ms semisort=  0.046ms (keyed= 0.001ms group_by=  0.008ms per_group= 0.022ms)
[pe] round= 12 work=       83 frontier=      180 next=       15 consolidate=  0.059ms frontier=  0.003ms semisort=  0.021ms (keyed= 0.000ms group_by=  0.005ms per_group= 0.007ms)
[pe] round= 13 work=       15 frontier=       62 next=       16 consolidate=  0.012ms frontier=  0.001ms semisort=  0.012ms (keyed= 0.000ms group_by=  0.002ms per_group= 0.005ms)
[pe] round= 14 work=       16 frontier=       74 next=       17 consolidate=  0.014ms frontier=  0.001ms semisort=  0.013ms (keyed= 0.000ms group_by=  0.002ms per_group= 0.006ms)
[pe] round= 15 work=       17 frontier=       60 next=       15 consolidate=  0.016ms frontier=  0.001ms semisort=  0.011ms (keyed= 0.000ms group_by=  0.002ms per_group= 0.005ms)
[pe] round= 16 work=       15 frontier=       42 next=       13 consolidate=  0.012ms frontier=  0.001ms semisort=  0.009ms (keyed= 0.000ms group_by=  0.001ms per_group= 0.004ms)
[pe] round= 17 work=       13 frontier=       53 next=       12 consolidate=  0.011ms frontier=  0.001ms semisort=  0.010ms (keyed= 0.000ms group_by=  0.002ms per_group= 0.004ms)
[pe] round= 18 work=       12 frontier=       59 next=       13 consolidate=  0.010ms frontier=  0.001ms semisort=  0.011ms (keyed= 0.000ms group_by=  0.002ms per_group= 0.004ms)
[pe] round= 19 work=       13 frontier=       48 next=       14 consolidate=  0.011ms frontier=  0.001ms semisort=  0.009ms (keyed= 0.000ms group_by=  0.001ms per_group= 0.004ms)
[pe] round= 20 work=       14 frontier=       42 next=       10 consolidate=  0.010ms frontier=  0.001ms semisort=  0.008ms (keyed= 0.000ms group_by=  0.001ms per_group= 0.003ms)
[pe] round= 21 work=       10 frontier=       34 next=       10 consolidate=  0.008ms frontier=  0.001ms semisort=  0.008ms (keyed= 0.000ms group_by=  0.001ms per_group= 0.003ms)
[pe] round= 22 work=       10 frontier=       52 next=        9 consolidate=  0.009ms frontier=  0.001ms semisort=  0.009ms (keyed= 0.000ms group_by=  0.002ms per_group= 0.003ms)
[pe] round= 23 work=        9 frontier=       30 next=        7 consolidate=  0.007ms frontier=  0.001ms semisort=  0.007ms (keyed= 0.000ms group_by=  0.001ms per_group= 0.003ms)
[pe] round= 24 work=        7 frontier=       23 next=        5 consolidate=  0.006ms frontier=  0.001ms semisort=  0.005ms (keyed= 0.000ms group_by=  0.001ms per_group= 0.002ms)
[pe] round= 25 work=        5 frontier=       12 next=        4 consolidate=  0.004ms frontier=  0.001ms semisort=  0.004ms (keyed= 0.000ms group_by=  0.001ms per_group= 0.002ms)
[pe] round= 26 work=        4 frontier=       22 next=        4 consolidate=  0.004ms frontier=  0.001ms semisort=  0.005ms (keyed= 0.000ms group_by=  0.001ms per_group= 0.002ms)
[pe] round= 27 work=        4 frontier=       14 next=        2 consolidate=  0.004ms frontier=  0.001ms semisort=  0.004ms (keyed= 0.000ms group_by=  0.001ms per_group= 0.001ms)
[pe] round= 28 work=        2 frontier=        6 next=        1 consolidate=  0.002ms frontier=  0.001ms semisort=  0.002ms (keyed= 0.000ms group_by=  0.000ms per_group= 0.001ms)
[pe] round= 29 work=        1 frontier=        2 next=        0 consolidate=  0.002ms frontier=  0.001ms semisort=  0.001ms (keyed= 0.000ms group_by=  0.000ms per_group= 0.000ms)
[pe] round=  0 work=  4900974 frontier=  2924790 next=     5626 consolidate=1530.827ms frontier=155.776ms semisort=388.865ms (keyed=76.343ms group_by= 12.405ms per_group=40.895ms)
[pe] round=  1 work=     5626 frontier=    34290 next=     7386 consolidate=  5.324ms frontier=  0.216ms semisort=  7.560ms (keyed= 0.096ms group_by=  2.032ms per_group= 2.808ms)
[pe] round=  2 work=     7386 frontier=    27459 next=     3875 consolidate=  6.749ms frontier=  0.301ms semisort=  5.725ms (keyed= 0.068ms group_by=  1.485ms per_group= 1.733ms)
[pe] round=  3 work=     3875 frontier=    13595 next=     2626 consolidate=  3.308ms frontier=  0.127ms semisort=  2.790ms (keyed= 0.025ms group_by=  0.612ms per_group= 1.026ms)
[pe] round=  4 work=     2626 frontier=    14119 next=     1571 consolidate=  2.252ms frontier=  0.095ms semisort=  2.384ms (keyed= 0.027ms group_by=  0.638ms per_group= 0.671ms)
[pe] round=  5 work=     1571 frontier=     8486 next=      883 consolidate=  1.321ms frontier=  0.050ms semisort=  1.469ms (keyed= 0.015ms group_by=  0.405ms per_group= 0.392ms)
[pe] round=  6 work=      883 frontier=     5157 next=      769 consolidate=  0.720ms frontier=  0.026ms semisort=  0.861ms (keyed= 0.009ms group_by=  0.204ms per_group= 0.278ms)
[pe] round=  7 work=      769 frontier=     2762 next=      294 consolidate=  0.615ms frontier=  0.022ms semisort=  0.420ms (keyed= 0.004ms group_by=  0.096ms per_group= 0.113ms)
[pe] round=  8 work=      294 frontier=     1091 next=      178 consolidate=  0.238ms frontier=  0.009ms semisort=  0.162ms (keyed= 0.002ms group_by=  0.034ms per_group= 0.053ms)
[pe] round=  9 work=      178 frontier=     1085 next=      128 consolidate=  0.153ms frontier=  0.007ms semisort=  0.136ms (keyed= 0.001ms group_by=  0.030ms per_group= 0.043ms)
[pe] round= 10 work=      128 frontier=      448 next=       84 consolidate=  0.099ms frontier=  0.005ms semisort=  0.061ms (keyed= 0.001ms group_by=  0.014ms per_group= 0.024ms)
[pe] round= 11 work=       84 frontier=      332 next=       83 consolidate=  0.064ms frontier=  0.003ms semisort=  0.046ms (keyed= 0.001ms group_by=  0.008ms per_group= 0.022ms)
[pe] round= 12 work=       83 frontier=      180 next=       15 consolidate=  0.058ms frontier=  0.003ms semisort=  0.021ms (keyed= 0.000ms group_by=  0.005ms per_group= 0.007ms)
[pe] round= 13 work=       15 frontier=       62 next=       16 consolidate=  0.012ms frontier=  0.001ms semisort=  0.012ms (keyed= 0.000ms group_by=  0.002ms per_group= 0.005ms)
[pe] round= 14 work=       16 frontier=       74 next=       17 consolidate=  0.014ms frontier=  0.001ms semisort=  0.014ms (keyed= 0.000ms group_by=  0.002ms per_group= 0.006ms)
[pe] round= 15 work=       17 frontier=       60 next=       15 consolidate=  0.013ms frontier=  0.001ms semisort=  0.011ms (keyed= 0.000ms group_by=  0.002ms per_group= 0.005ms)
[pe] round= 16 work=       15 frontier=       42 next=       13 consolidate=  0.012ms frontier=  0.001ms semisort=  0.009ms (keyed= 0.000ms group_by=  0.001ms per_group= 0.004ms)
[pe] round= 17 work=       13 frontier=       53 next=       12 consolidate=  0.011ms frontier=  0.001ms semisort=  0.010ms (keyed= 0.000ms group_by=  0.002ms per_group= 0.004ms)
[pe] round= 18 work=       12 frontier=       59 next=       13 consolidate=  0.010ms frontier=  0.001ms semisort=  0.011ms (keyed= 0.000ms group_by=  0.002ms per_group= 0.004ms)
[pe] round= 19 work=       13 frontier=       48 next=       14 consolidate=  0.011ms frontier=  0.001ms semisort=  0.009ms (keyed= 0.000ms group_by=  0.001ms per_group= 0.004ms)
[pe] round= 20 work=       14 frontier=       42 next=       10 consolidate=  0.011ms frontier=  0.001ms semisort=  0.008ms (keyed= 0.000ms group_by=  0.001ms per_group= 0.003ms)
[pe] round= 21 work=       10 frontier=       34 next=       10 consolidate=  0.008ms frontier=  0.001ms semisort=  0.008ms (keyed= 0.000ms group_by=  0.001ms per_group= 0.003ms)
[pe] round= 22 work=       10 frontier=       52 next=        9 consolidate=  0.008ms frontier=  0.001ms semisort=  0.009ms (keyed= 0.000ms group_by=  0.002ms per_group= 0.003ms)
[pe] round= 23 work=        9 frontier=       30 next=        7 consolidate=  0.008ms frontier=  0.001ms semisort=  0.007ms (keyed= 0.000ms group_by=  0.001ms per_group= 0.003ms)
[pe] round= 24 work=        7 frontier=       23 next=        5 consolidate=  0.006ms frontier=  0.001ms semisort=  0.005ms (keyed= 0.000ms group_by=  0.001ms per_group= 0.002ms)
[pe] round= 25 work=        5 frontier=       12 next=        4 consolidate=  0.005ms frontier=  0.001ms semisort=  0.004ms (keyed= 0.000ms group_by=  0.001ms per_group= 0.001ms)
[pe] round= 26 work=        4 frontier=       22 next=        4 consolidate=  0.004ms frontier=  0.001ms semisort=  0.005ms (keyed= 0.000ms group_by=  0.001ms per_group= 0.002ms)
[pe] round= 27 work=        4 frontier=       14 next=        2 consolidate=  0.003ms frontier=  0.001ms semisort=  0.004ms (keyed= 0.000ms group_by=  0.001ms per_group= 0.001ms)
[pe] round= 28 work=        2 frontier=        6 next=        1 consolidate=  0.002ms frontier=  0.001ms semisort=  0.002ms (keyed= 0.000ms group_by=  0.000ms per_group= 0.001ms)
[pe] round= 29 work=        1 frontier=        2 next=        0 consolidate=  0.002ms frontier=  0.001ms semisort=  0.001ms (keyed= 0.000ms group_by=  0.000ms per_group= 0.000ms)
[pe-async] round=  0 R=2 dirty=  2924790 runs=  1811005 filter= 44.610ms semisort=165.700ms
[pe-async] round=  1 R=3 dirty=    34208 runs=    12876 filter= 51.221ms semisort=  3.379ms
[pe-async] round=  2 R=4 dirty=    25466 runs=    16674 filter= 47.037ms semisort=  2.352ms
[pe-async] round=  3 R=5 dirty=    12528 runs=     6135 filter= 44.617ms semisort=  1.215ms
[pe-async] round=  4 R=6 dirty=    13701 runs=     6539 filter= 43.573ms semisort=  1.161ms
[pe-async] round=  5 R=7 dirty=     8146 runs=     5772 filter= 43.451ms semisort=  0.725ms
[pe-async] round=  6 R=8 dirty=     5069 runs=     2381 filter= 43.907ms semisort=  0.451ms
[pe-async] round=  7 R=9 dirty=     2448 runs=     1510 filter= 43.483ms semisort=  0.227ms
[pe-async] round=  8 R=10 dirty=     1076 runs=      756 filter= 43.471ms semisort=  0.119ms
[pe-async] round=  9 R=11 dirty=     1070 runs=      503 filter= 43.688ms semisort=  0.107ms
[pe-async] round= 10 R=12 dirty=      446 runs=      335 filter= 43.663ms semisort=  0.066ms
[pe-async] round= 11 R=13 dirty=      332 runs=       97 filter= 43.603ms semisort=  0.046ms
[pe-async] round= 12 R=14 dirty=      116 runs=       87 filter= 43.450ms semisort=  0.021ms
[pe-async] round= 13 R=15 dirty=       62 runs=       22 filter= 43.401ms semisort=  0.015ms
[pe-async] round= 14 R=16 dirty=       74 runs=       33 filter= 43.595ms semisort=  0.016ms
[pe-async] round= 15 R=17 dirty=       60 runs=       27 filter= 43.612ms semisort=  0.014ms
[pe-async] round= 16 R=18 dirty=       42 runs=       17 filter= 43.630ms semisort=  0.012ms
[pe-async] round= 17 R=19 dirty=       53 runs=       21 filter= 43.750ms semisort=  0.012ms
[pe-async] round= 18 R=20 dirty=       59 runs=       26 filter= 43.652ms semisort=  0.014ms
[pe-async] round= 19 R=21 dirty=       48 runs=       20 filter= 43.496ms semisort=  0.013ms
[pe-async] round= 20 R=22 dirty=       42 runs=       18 filter= 43.516ms semisort=  0.010ms
[pe-async] round= 21 R=23 dirty=       34 runs=       14 filter= 43.380ms semisort=  0.011ms
[pe-async] round= 22 R=24 dirty=       52 runs=       21 filter= 43.529ms semisort=  0.013ms
[pe-async] round= 23 R=25 dirty=       30 runs=       19 filter= 43.359ms semisort=  0.010ms
[pe-async] round= 24 R=26 dirty=       23 runs=        9 filter= 43.385ms semisort=  0.009ms
[pe-async] round= 25 R=27 dirty=       12 runs=        6 filter= 43.654ms semisort=  0.007ms
[pe-async] round= 26 R=28 dirty=       22 runs=        8 filter= 43.331ms semisort=  0.008ms
[pe-async] round= 27 R=29 dirty=       14 runs=       10 filter= 43.406ms semisort=  0.007ms
[pe-async] round= 28 R=30 dirty=        6 runs=        3 filter= 43.426ms semisort=  0.006ms
[pe-async] round= 29 R=31 dirty=        2 runs=        2 filter= 43.901ms semisort=  0.006ms
[pe-async] round= 30 R=32 dirty=        0 filter= 43.678ms (clean break)
[pe-async] round=  0 R=2 dirty=  2924790 runs=  1811005 filter= 42.888ms semisort=165.353ms
[pe-async] round=  1 R=3 dirty=    34208 runs=    12876 filter= 52.638ms semisort=  3.432ms
[pe-async] round=  2 R=4 dirty=    25466 runs=    16674 filter= 47.763ms semisort=  2.306ms
[pe-async] round=  3 R=5 dirty=    12528 runs=     6135 filter= 44.733ms semisort=  1.204ms
[pe-async] round=  4 R=6 dirty=    13701 runs=     6539 filter= 43.641ms semisort=  1.159ms
[pe-async] round=  5 R=7 dirty=     8146 runs=     5772 filter= 43.425ms semisort=  0.698ms
[pe-async] round=  6 R=8 dirty=     5069 runs=     2381 filter= 43.321ms semisort=  0.449ms
[pe-async] round=  7 R=9 dirty=     2448 runs=     1510 filter= 43.317ms semisort=  0.228ms
[pe-async] round=  8 R=10 dirty=     1076 runs=      756 filter= 43.257ms semisort=  0.119ms
[pe-async] round=  9 R=11 dirty=     1070 runs=      503 filter= 43.471ms semisort=  0.106ms
[pe-async] round= 10 R=12 dirty=      446 runs=      335 filter= 43.518ms semisort=  0.066ms
[pe-async] round= 11 R=13 dirty=      332 runs=       97 filter= 43.845ms semisort=  0.041ms
[pe-async] round= 12 R=14 dirty=      116 runs=       87 filter= 43.762ms semisort=  0.022ms
[pe-async] round= 13 R=15 dirty=       62 runs=       22 filter= 43.772ms semisort=  0.016ms
[pe-async] round= 14 R=16 dirty=       74 runs=       33 filter= 43.622ms semisort=  0.017ms
[pe-async] round= 15 R=17 dirty=       60 runs=       27 filter= 43.762ms semisort=  0.014ms
[pe-async] round= 16 R=18 dirty=       42 runs=       17 filter= 43.383ms semisort=  0.012ms
[pe-async] round= 17 R=19 dirty=       53 runs=       21 filter= 43.445ms semisort=  0.012ms
[pe-async] round= 18 R=20 dirty=       59 runs=       26 filter= 43.633ms semisort=  0.013ms
[pe-async] round= 19 R=21 dirty=       48 runs=       20 filter= 43.595ms semisort=  0.012ms
[pe-async] round= 20 R=22 dirty=       42 runs=       18 filter= 43.307ms semisort=  0.011ms
[pe-async] round= 21 R=23 dirty=       34 runs=       14 filter= 43.451ms semisort=  0.010ms
[pe-async] round= 22 R=24 dirty=       52 runs=       21 filter= 43.616ms semisort=  0.013ms
[pe-async] round= 23 R=25 dirty=       30 runs=       19 filter= 43.503ms semisort=  0.010ms
[pe-async] round= 24 R=26 dirty=       23 runs=        9 filter= 43.379ms semisort=  0.009ms
[pe-async] round= 25 R=27 dirty=       12 runs=        6 filter= 43.570ms semisort=  0.007ms
[pe-async] round= 26 R=28 dirty=       22 runs=        8 filter= 43.603ms semisort=  0.008ms
[pe-async] round= 27 R=29 dirty=       14 runs=       10 filter= 43.401ms semisort=  0.006ms
[pe-async] round= 28 R=30 dirty=        6 runs=        3 filter= 43.231ms semisort=  0.006ms
[pe-async] round= 29 R=31 dirty=        2 runs=        2 filter= 43.570ms semisort=  0.005ms
[pe-async] round= 30 R=32 dirty=        0 filter= 43.367ms (clean break)
[pe-async] round=  0 R=2 dirty=  2924790 runs=  1811005 filter= 43.090ms semisort=164.482ms
[pe-async] round=  1 R=3 dirty=    34208 runs=    12876 filter= 52.309ms semisort=  3.445ms
[pe-async] round=  2 R=4 dirty=    25466 runs=    16674 filter= 47.806ms semisort=  2.318ms
[pe-async] round=  3 R=5 dirty=    12528 runs=     6135 filter= 44.769ms semisort=  1.196ms
[pe-async] round=  4 R=6 dirty=    13701 runs=     6539 filter= 43.749ms semisort=  1.165ms
[pe-async] round=  5 R=7 dirty=     8146 runs=     5772 filter= 43.503ms semisort=  0.697ms
[pe-async] round=  6 R=8 dirty=     5069 runs=     2381 filter= 43.772ms semisort=  0.498ms
[pe-async] round=  7 R=9 dirty=     2448 runs=     1510 filter= 43.438ms semisort=  0.227ms
[pe-async] round=  8 R=10 dirty=     1076 runs=      756 filter= 43.405ms semisort=  0.119ms
[pe-async] round=  9 R=11 dirty=     1070 runs=      503 filter= 43.526ms semisort=  0.119ms
[pe-async] round= 10 R=12 dirty=      446 runs=      335 filter= 43.607ms semisort=  0.066ms
[pe-async] round= 11 R=13 dirty=      332 runs=       97 filter= 43.607ms semisort=  0.046ms
[pe-async] round= 12 R=14 dirty=      116 runs=       87 filter= 43.611ms semisort=  0.023ms
[pe-async] round= 13 R=15 dirty=       62 runs=       22 filter= 43.324ms semisort=  0.015ms
[pe-async] round= 14 R=16 dirty=       74 runs=       33 filter= 43.379ms semisort=  0.017ms
[pe-async] round= 15 R=17 dirty=       60 runs=       27 filter= 43.600ms semisort=  0.014ms
[pe-async] round= 16 R=18 dirty=       42 runs=       17 filter= 43.473ms semisort=  0.012ms
[pe-async] round= 17 R=19 dirty=       53 runs=       21 filter= 43.869ms semisort=  0.014ms
[pe-async] round= 18 R=20 dirty=       59 runs=       26 filter= 43.560ms semisort=  0.013ms
[pe-async] round= 19 R=21 dirty=       48 runs=       20 filter= 43.561ms semisort=  0.012ms
[pe-async] round= 20 R=22 dirty=       42 runs=       18 filter= 43.626ms semisort=  0.011ms
[pe-async] round= 21 R=23 dirty=       34 runs=       14 filter= 43.557ms semisort=  0.010ms
[pe-async] round= 22 R=24 dirty=       52 runs=       21 filter= 43.706ms semisort=  0.011ms
[pe-async] round= 23 R=25 dirty=       30 runs=       19 filter= 43.762ms semisort=  0.010ms
[pe-async] round= 24 R=26 dirty=       23 runs=        9 filter= 43.702ms semisort=  0.009ms
[pe-async] round= 25 R=27 dirty=       12 runs=        6 filter= 43.617ms semisort=  0.007ms
[pe-async] round= 26 R=28 dirty=       22 runs=        8 filter= 43.673ms semisort=  0.009ms
[pe-async] round= 27 R=29 dirty=       14 runs=       10 filter= 43.610ms semisort=  0.006ms
[pe-async] round= 28 R=30 dirty=        6 runs=        3 filter= 43.355ms semisort=  0.005ms
[pe-async] round= 29 R=31 dirty=        2 runs=        2 filter= 43.436ms semisort=  0.005ms
[pe-async] round= 30 R=32 dirty=        0 filter= 43.623ms (clean break)
[pe-async] round=  0 R=2 dirty=  2924790 runs=  1811005 filter= 42.949ms semisort=164.846ms
[pe-async] round=  1 R=3 dirty=    34208 runs=    12876 filter= 52.318ms semisort=  3.434ms
[pe-async] round=  2 R=4 dirty=    25466 runs=    16674 filter= 47.838ms semisort=  2.263ms
[pe-async] round=  3 R=5 dirty=    12528 runs=     6135 filter= 44.551ms semisort=  1.245ms
[pe-async] round=  4 R=6 dirty=    13701 runs=     6539 filter= 43.819ms semisort=  1.149ms
[pe-async] round=  5 R=7 dirty=     8146 runs=     5772 filter= 43.610ms semisort=  0.733ms
[pe-async] round=  6 R=8 dirty=     5069 runs=     2381 filter= 43.349ms semisort=  0.453ms
[pe-async] round=  7 R=9 dirty=     2448 runs=     1510 filter= 43.320ms semisort=  0.233ms
[pe-async] round=  8 R=10 dirty=     1076 runs=      756 filter= 43.348ms semisort=  0.118ms
[pe-async] round=  9 R=11 dirty=     1070 runs=      503 filter= 43.400ms semisort=  0.105ms
[pe-async] round= 10 R=12 dirty=      446 runs=      335 filter= 43.575ms semisort=  0.065ms
[pe-async] round= 11 R=13 dirty=      332 runs=       97 filter= 43.489ms semisort=  0.046ms
[pe-async] round= 12 R=14 dirty=      116 runs=       87 filter= 43.628ms semisort=  0.023ms
[pe-async] round= 13 R=15 dirty=       62 runs=       22 filter= 43.320ms semisort=  0.015ms
[pe-async] round= 14 R=16 dirty=       74 runs=       33 filter= 43.453ms semisort=  0.016ms
[pe-async] round= 15 R=17 dirty=       60 runs=       27 filter= 43.537ms semisort=  0.014ms
[pe-async] round= 16 R=18 dirty=       42 runs=       17 filter= 43.615ms semisort=  0.011ms
[pe-async] round= 17 R=19 dirty=       53 runs=       21 filter= 43.315ms semisort=  0.013ms
[pe-async] round= 18 R=20 dirty=       59 runs=       26 filter= 43.388ms semisort=  0.012ms
[pe-async] round= 19 R=21 dirty=       48 runs=       20 filter= 43.384ms semisort=  0.013ms
[pe-async] round= 20 R=22 dirty=       42 runs=       18 filter= 43.637ms semisort=  0.012ms
[pe-async] round= 21 R=23 dirty=       34 runs=       14 filter= 43.648ms semisort=  0.011ms
[pe-async] round= 22 R=24 dirty=       52 runs=       21 filter= 43.394ms semisort=  0.012ms
[pe-async] round= 23 R=25 dirty=       30 runs=       19 filter= 43.970ms semisort=  0.011ms
[pe-async] round= 24 R=26 dirty=       23 runs=        9 filter= 43.794ms semisort=  0.010ms
[pe-async] round= 25 R=27 dirty=       12 runs=        6 filter= 43.918ms semisort=  0.008ms
[pe-async] round= 26 R=28 dirty=       22 runs=        8 filter= 43.680ms semisort=  0.008ms
[pe-async] round= 27 R=29 dirty=       14 runs=       10 filter= 43.603ms semisort=  0.007ms
[pe-async] round= 28 R=30 dirty=        6 runs=        3 filter= 43.699ms semisort=  0.006ms
[pe-async] round= 29 R=31 dirty=        2 runs=        2 filter= 43.619ms semisort=  0.005ms
[pe-async] round= 30 R=32 dirty=        0 filter= 43.292ms (clean break)
[pe-async] round=  0 R=2 dirty=  2924790 runs=  1811005 filter= 43.035ms semisort=165.538ms
[pe-async] round=  1 R=3 dirty=    34208 runs=    12876 filter= 52.781ms semisort=  3.466ms
[pe-async] round=  2 R=4 dirty=    25466 runs=    16674 filter= 47.783ms semisort=  2.370ms
[pe-async] round=  3 R=5 dirty=    12528 runs=     6135 filter= 44.370ms semisort=  1.232ms
[pe-async] round=  4 R=6 dirty=    13701 runs=     6539 filter= 43.802ms semisort=  1.189ms
[pe-async] round=  5 R=7 dirty=     8146 runs=     5772 filter= 43.873ms semisort=  0.707ms
[pe-async] round=  6 R=8 dirty=     5069 runs=     2381 filter= 43.479ms semisort=  0.450ms
[pe-async] round=  7 R=9 dirty=     2448 runs=     1510 filter= 43.838ms semisort=  0.251ms
[pe-async] round=  8 R=10 dirty=     1076 runs=      756 filter= 43.736ms semisort=  0.118ms
[pe-async] round=  9 R=11 dirty=     1070 runs=      503 filter= 43.649ms semisort=  0.118ms
[pe-async] round= 10 R=12 dirty=      446 runs=      335 filter= 43.549ms semisort=  0.065ms
[pe-async] round= 11 R=13 dirty=      332 runs=       97 filter= 43.339ms semisort=  0.042ms
[pe-async] round= 12 R=14 dirty=      116 runs=       87 filter= 43.196ms semisort=  0.021ms
[pe-async] round= 13 R=15 dirty=       62 runs=       22 filter= 43.633ms semisort=  0.015ms
[pe-async] round= 14 R=16 dirty=       74 runs=       33 filter= 43.619ms semisort=  0.017ms
[pe-async] round= 15 R=17 dirty=       60 runs=       27 filter= 43.308ms semisort=  0.014ms
[pe-async] round= 16 R=18 dirty=       42 runs=       17 filter= 43.448ms semisort=  0.012ms
[pe-async] round= 17 R=19 dirty=       53 runs=       21 filter= 43.377ms semisort=  0.015ms
[pe-async] round= 18 R=20 dirty=       59 runs=       26 filter= 43.566ms semisort=  0.013ms
[pe-async] round= 19 R=21 dirty=       48 runs=       20 filter= 43.635ms semisort=  0.011ms
[pe-async] round= 20 R=22 dirty=       42 runs=       18 filter= 43.705ms semisort=  0.012ms
[pe-async] round= 21 R=23 dirty=       34 runs=       14 filter= 43.589ms semisort=  0.011ms
[pe-async] round= 22 R=24 dirty=       52 runs=       21 filter= 43.623ms semisort=  0.013ms
[pe-async] round= 23 R=25 dirty=       30 runs=       19 filter= 43.311ms semisort=  0.010ms
[pe-async] round= 24 R=26 dirty=       23 runs=        9 filter= 43.557ms semisort=  0.009ms
[pe-async] round= 25 R=27 dirty=       12 runs=        6 filter= 43.432ms semisort=  0.008ms
[pe-async] round= 26 R=28 dirty=       22 runs=        8 filter= 43.383ms semisort=  0.008ms
[pe-async] round= 27 R=29 dirty=       14 runs=       10 filter= 43.498ms semisort=  0.007ms
[pe-async] round= 28 R=30 dirty=        6 runs=        3 filter= 43.651ms semisort=  0.005ms
[pe-async] round= 29 R=31 dirty=        2 runs=        2 filter= 43.645ms semisort=  0.006ms
[pe-async] round= 30 R=32 dirty=        0 filter= 43.770ms (clean break)
[pe-async] round=  0 R=2 dirty=  2924790 runs=  1811005 filter= 43.049ms semisort=165.425ms
[pe-async] round=  1 R=3 dirty=    34208 runs=    12876 filter= 52.687ms semisort=  3.424ms
[pe-async] round=  2 R=4 dirty=    25466 runs=    16674 filter= 47.747ms semisort=  2.314ms
[pe-async] round=  3 R=5 dirty=    12528 runs=     6135 filter= 44.862ms semisort=  1.233ms
[pe-async] round=  4 R=6 dirty=    13701 runs=     6539 filter= 43.725ms semisort=  1.165ms
[pe-async] round=  5 R=7 dirty=     8146 runs=     5772 filter= 43.467ms semisort=  0.697ms
[pe-async] round=  6 R=8 dirty=     5069 runs=     2381 filter= 43.658ms semisort=  0.499ms
[pe-async] round=  7 R=9 dirty=     2448 runs=     1510 filter= 43.472ms semisort=  0.230ms
[pe-async] round=  8 R=10 dirty=     1076 runs=      756 filter= 43.436ms semisort=  0.123ms
[pe-async] round=  9 R=11 dirty=     1070 runs=      503 filter= 43.626ms semisort=  0.105ms
[pe-async] round= 10 R=12 dirty=      446 runs=      335 filter= 43.490ms semisort=  0.066ms
[pe-async] round= 11 R=13 dirty=      332 runs=       97 filter= 43.751ms semisort=  0.042ms
[pe-async] round= 12 R=14 dirty=      116 runs=       87 filter= 43.852ms semisort=  0.021ms
[pe-async] round= 13 R=15 dirty=       62 runs=       22 filter= 43.636ms semisort=  0.015ms
[pe-async] round= 14 R=16 dirty=       74 runs=       33 filter= 43.593ms semisort=  0.016ms
[pe-async] round= 15 R=17 dirty=       60 runs=       27 filter= 43.730ms semisort=  0.015ms
[pe-async] round= 16 R=18 dirty=       42 runs=       17 filter= 43.667ms semisort=  0.011ms
[pe-async] round= 17 R=19 dirty=       53 runs=       21 filter= 43.419ms semisort=  0.014ms
[pe-async] round= 18 R=20 dirty=       59 runs=       26 filter= 43.252ms semisort=  0.013ms
[pe-async] round= 19 R=21 dirty=       48 runs=       20 filter= 43.685ms semisort=  0.012ms
[pe-async] round= 20 R=22 dirty=       42 runs=       18 filter= 43.330ms semisort=  0.011ms
[pe-async] round= 21 R=23 dirty=       34 runs=       14 filter= 43.650ms semisort=  0.011ms
[pe-async] round= 22 R=24 dirty=       52 runs=       21 filter= 43.634ms semisort=  0.012ms
[pe-async] round= 23 R=25 dirty=       30 runs=       19 filter= 43.635ms semisort=  0.011ms
[pe-async] round= 24 R=26 dirty=       23 runs=        9 filter= 43.289ms semisort=  0.009ms
[pe-async] round= 25 R=27 dirty=       12 runs=        6 filter= 43.516ms semisort=  0.007ms
[pe-async] round= 26 R=28 dirty=       22 runs=        8 filter= 43.623ms semisort=  0.008ms
[pe-async] round= 27 R=29 dirty=       14 runs=       10 filter= 43.627ms semisort=  0.007ms
[pe-async] round= 28 R=30 dirty=        6 runs=        3 filter= 43.368ms semisort=  0.005ms
[pe-async] round= 29 R=31 dirty=        2 runs=        2 filter= 43.406ms semisort=  0.005ms
[pe-async] round= 30 R=32 dirty=        0 filter= 43.589ms (clean break)
