[gates_bench] ./miter-cc-benchmarks/iwls22_with_not/h5m-n01-xits.gates ...
  literals=613618  NOT=249946  gates=1105612  total_classes=1969176  read=0.012s parse=0.058s build=0.110s
[pe] round=  0 work=  1951640 frontier=  1321252 next=       88 consolidate=279.643ms frontier= 37.777ms semisort= 81.262ms (keyed=16.799ms group_by=  2.766ms per_group= 8.198ms)
[pe] round=  1 work=       88 frontier=     3371 next=       14 consolidate=  0.070ms frontier=  0.007ms semisort=  0.435ms (keyed= 0.008ms group_by=  0.164ms per_group= 0.115ms)
[pe] round=  2 work=       14 frontier=     1204 next=        0 consolidate=  0.015ms frontier=  0.003ms semisort=  0.189ms (keyed= 0.002ms group_by=  0.053ms per_group= 0.085ms)
[pe] round=  0 work=  1951640 frontier=  1321252 next=       88 consolidate=272.437ms frontier= 32.552ms semisort= 78.590ms (keyed=16.405ms group_by=  2.809ms per_group= 8.004ms)
[pe] round=  1 work=       88 frontier=     3371 next=       14 consolidate=  0.074ms frontier=  0.007ms semisort=  0.483ms (keyed= 0.007ms group_by=  0.158ms per_group= 0.106ms)
[pe] round=  2 work=       14 frontier=     1204 next=        0 consolidate=  0.015ms frontier=  0.003ms semisort=  0.173ms (keyed= 0.003ms group_by=  0.040ms per_group= 0.020ms)
[pe] round=  0 work=  1951640 frontier=  1321252 next=       88 consolidate=287.951ms frontier= 32.666ms semisort= 78.512ms (keyed=16.457ms group_by=  2.894ms per_group= 7.943ms)
[pe] round=  1 work=       88 frontier=     3371 next=       14 consolidate=  0.073ms frontier=  0.007ms semisort=  0.412ms (keyed= 0.007ms group_by=  0.145ms per_group= 0.108ms)
[pe] round=  2 work=       14 frontier=     1204 next=        0 consolidate=  0.016ms frontier=  0.003ms semisort=  0.177ms (keyed= 0.002ms group_by=  0.035ms per_group= 0.020ms)
[pe] round=  0 work=  1951640 frontier=  1321252 next=       88 consolidate=288.686ms frontier= 32.470ms semisort= 78.340ms (keyed=16.361ms group_by=  2.803ms per_group= 8.146ms)
[pe] round=  1 work=       88 frontier=     3371 next=       14 consolidate=  0.072ms frontier=  0.007ms semisort=  0.356ms (keyed= 0.008ms group_by=  0.155ms per_group= 0.044ms)
[pe] round=  2 work=       14 frontier=     1204 next=        0 consolidate=  0.019ms frontier=  0.003ms semisort=  0.263ms (keyed= 0.002ms group_by=  0.036ms per_group= 0.020ms)
[pe] round=  0 work=  1951640 frontier=  1321252 next=       88 consolidate=293.127ms frontier= 32.201ms semisort= 77.917ms (keyed=16.383ms group_by=  2.776ms per_group= 8.043ms)
[pe] round=  1 work=       88 frontier=     3371 next=       14 consolidate=  0.072ms frontier=  0.007ms semisort=  0.427ms (keyed= 0.007ms group_by=  0.158ms per_group= 0.109ms)
[pe] round=  2 work=       14 frontier=     1204 next=        0 consolidate=  0.015ms frontier=  0.003ms semisort=  0.207ms (keyed= 0.002ms group_by=  0.039ms per_group= 0.020ms)
[pe] round=  0 work=  1951640 frontier=  1321252 next=       88 consolidate=292.720ms frontier= 32.070ms semisort= 78.629ms (keyed=16.599ms group_by=  2.796ms per_group= 8.191ms)
[pe] round=  1 work=       88 frontier=     3371 next=       14 consolidate=  0.136ms frontier=  0.010ms semisort=  0.391ms (keyed= 0.008ms group_by=  0.151ms per_group= 0.109ms)
[pe] round=  2 work=       14 frontier=     1204 next=        0 consolidate=  0.015ms frontier=  0.003ms semisort=  0.236ms (keyed= 0.002ms group_by=  0.038ms per_group= 0.020ms)
[pe-async] round=  0 R=2 dirty=  1321252 runs=   734836 filter=  9.665ms semisort= 36.941ms
[pe-async] round=  1 R=3 dirty=     3360 runs=     1737 filter= 10.180ms semisort=  0.233ms
[pe-async] round=  2 R=4 dirty=     1189 runs=     1159 filter=  9.944ms semisort=  0.167ms
[pe-async] round=  3 R=5 dirty=        0 filter=  9.603ms (clean break)
[pe-async] round=  0 R=2 dirty=  1321252 runs=   734836 filter=  8.193ms semisort= 36.364ms
[pe-async] round=  1 R=3 dirty=     3360 runs=     1737 filter=  9.846ms semisort=  0.292ms
[pe-async] round=  2 R=4 dirty=     1189 runs=     1159 filter=  9.523ms semisort=  0.166ms
[pe-async] round=  3 R=5 dirty=        0 filter=  9.776ms (clean break)
[pe-async] round=  0 R=2 dirty=  1321252 runs=   734836 filter=  8.220ms semisort= 36.589ms
[pe-async] round=  1 R=3 dirty=     3360 runs=     1737 filter=  9.893ms semisort=  0.297ms
[pe-async] round=  2 R=4 dirty=     1189 runs=     1159 filter=  9.709ms semisort=  0.106ms
[pe-async] round=  3 R=5 dirty=        0 filter=  9.608ms (clean break)
[pe-async] round=  0 R=2 dirty=  1321252 runs=   734836 filter=  8.173ms semisort= 36.207ms
[pe-async] round=  1 R=3 dirty=     3360 runs=     1737 filter=  9.826ms semisort=  0.230ms
[pe-async] round=  2 R=4 dirty=     1189 runs=     1159 filter=  9.743ms semisort=  0.165ms
[pe-async] round=  3 R=5 dirty=        0 filter=  9.749ms (clean break)
[pe-async] round=  0 R=2 dirty=  1321252 runs=   734836 filter=  8.272ms semisort= 36.417ms
[pe-async] round=  1 R=3 dirty=     3360 runs=     1737 filter=  9.835ms semisort=  0.412ms
[pe-async] round=  2 R=4 dirty=     1189 runs=     1159 filter=  9.742ms semisort=  0.091ms
[pe-async] round=  3 R=5 dirty=        0 filter=  9.688ms (clean break)
[pe-async] round=  0 R=2 dirty=  1321252 runs=   734836 filter=  8.333ms semisort= 36.392ms
[pe-async] round=  1 R=3 dirty=     3360 runs=     1737 filter=  9.864ms semisort=  0.353ms
[pe-async] round=  2 R=4 dirty=     1189 runs=     1159 filter=  9.681ms semisort=  0.088ms
[pe-async] round=  3 R=5 dirty=        0 filter=  9.603ms (clean break)
