[gates_bench] ./miter-cc-benchmarks/hwmcc12_with_not/6s114-xits-opt.gates ...
  literals=3211512  NOT=1061874  gates=4390625  total_classes=8664011  read=0.053s parse=0.051s build=0.149s
[pe] round=  0 work=  8509525 frontier=  5063084 next=    59086 consolidate=190.933ms frontier= 28.147ms semisort= 58.764ms (keyed= 9.786ms group_by=  1.604ms per_group= 6.402ms)
[pe] round=  1 work=    59086 frontier=   551494 next=    13151 consolidate=  5.574ms frontier=  2.575ms semisort=  7.477ms (keyed= 1.517ms group_by=  0.212ms per_group= 1.245ms)
[pe] round=  2 work=    13151 frontier=   120430 next=    10937 consolidate=  1.270ms frontier=  0.260ms semisort=  3.511ms (keyed= 0.378ms group_by=  1.489ms per_group= 0.602ms)
[pe] round=  3 work=    10937 frontier=    64865 next=     7757 consolidate=  1.177ms frontier=  0.152ms semisort=  2.057ms (keyed= 0.158ms group_by=  0.715ms per_group= 0.438ms)
[pe] round=  4 work=     7757 frontier=    25747 next=     3790 consolidate=  1.544ms frontier=  0.216ms semisort=  0.941ms (keyed= 0.014ms group_by=  0.290ms per_group= 0.225ms)
[pe] round=  5 work=     3790 frontier=    12633 next=     1812 consolidate=  0.799ms frontier=  0.112ms semisort=  0.481ms (keyed= 0.011ms group_by=  0.101ms per_group= 0.148ms)
[pe] round=  6 work=     1812 frontier=     6864 next=      994 consolidate=  0.389ms frontier=  0.072ms semisort=  0.691ms (keyed= 0.011ms group_by=  0.416ms per_group= 0.127ms)
[pe] round=  7 work=      994 frontier=     3763 next=      546 consolidate=  0.275ms frontier=  0.060ms semisort=  0.382ms (keyed= 0.013ms group_by=  0.191ms per_group= 0.085ms)
[pe] round=  8 work=      546 frontier=     2568 next=      361 consolidate=  0.108ms frontier=  0.032ms semisort=  0.372ms (keyed= 0.006ms group_by=  0.158ms per_group= 0.091ms)
[pe] round=  9 work=      361 frontier=     1974 next=      271 consolidate=  0.096ms frontier=  0.021ms semisort=  0.186ms (keyed= 0.006ms group_by=  0.069ms per_group= 0.033ms)
[pe] round= 10 work=      271 frontier=      934 next=      119 consolidate=  0.098ms frontier=  0.013ms semisort=  0.161ms (keyed= 0.002ms group_by=  0.034ms per_group= 0.046ms)
[pe] round= 11 work=      119 frontier=      539 next=       96 consolidate=  0.058ms frontier=  0.006ms semisort=  0.120ms (keyed= 0.001ms group_by=  0.022ms per_group= 0.037ms)
[pe] round= 12 work=       96 frontier=      455 next=       75 consolidate=  0.027ms frontier=  0.006ms semisort=  0.086ms (keyed= 0.001ms group_by=  0.014ms per_group= 0.026ms)
[pe] round= 13 work=       75 frontier=      522 next=       87 consolidate=  0.060ms frontier=  0.005ms semisort=  0.083ms (keyed= 0.002ms group_by=  0.019ms per_group= 0.037ms)
[pe] round= 14 work=       87 frontier=      349 next=       67 consolidate=  0.066ms frontier=  0.005ms semisort=  0.060ms (keyed= 0.001ms group_by=  0.012ms per_group= 0.022ms)
[pe] round= 15 work=       67 frontier=      315 next=       56 consolidate=  0.036ms frontier=  0.005ms semisort=  0.064ms (keyed= 0.001ms group_by=  0.012ms per_group= 0.026ms)
[pe] round= 16 work=       56 frontier=      294 next=       48 consolidate=  0.033ms frontier=  0.003ms semisort=  0.055ms (keyed= 0.001ms group_by=  0.009ms per_group= 0.013ms)
[pe] round= 17 work=       48 frontier=      546 next=      104 consolidate=  0.025ms frontier=  0.004ms semisort=  0.092ms (keyed= 0.002ms group_by=  0.019ms per_group= 0.035ms)
[pe] round= 18 work=      104 frontier=     1028 next=       86 consolidate=  0.060ms frontier=  0.007ms semisort=  0.100ms (keyed= 0.003ms group_by=  0.036ms per_group= 0.027ms)
[pe] round= 19 work=       86 frontier=      674 next=       34 consolidate=  0.060ms frontier=  0.005ms semisort=  0.069ms (keyed= 0.002ms group_by=  0.020ms per_group= 0.023ms)
[pe] round= 20 work=       34 frontier=      184 next=       31 consolidate=  0.026ms frontier=  0.003ms semisort=  0.041ms (keyed= 0.000ms group_by=  0.006ms per_group= 0.013ms)
[pe] round= 21 work=       31 frontier=      202 next=       27 consolidate=  0.028ms frontier=  0.003ms semisort=  0.037ms (keyed= 0.001ms group_by=  0.007ms per_group= 0.016ms)
[pe] round= 22 work=       27 frontier=      161 next=       25 consolidate=  0.031ms frontier=  0.002ms semisort=  0.034ms (keyed= 0.001ms group_by=  0.006ms per_group= 0.012ms)
[pe] round= 23 work=       25 frontier=      155 next=       25 consolidate=  0.016ms frontier=  0.003ms semisort=  0.035ms (keyed= 0.001ms group_by=  0.005ms per_group= 0.011ms)
[pe] round= 24 work=       25 frontier=      150 next=       25 consolidate=  0.021ms frontier=  0.002ms semisort=  0.037ms (keyed= 0.001ms group_by=  0.005ms per_group= 0.018ms)
[pe] round= 25 work=       25 frontier=      182 next=       25 consolidate=  0.027ms frontier=  0.001ms semisort=  0.039ms (keyed= 0.000ms group_by=  0.006ms per_group= 0.011ms)
[pe] round= 26 work=       25 frontier=      152 next=       23 consolidate=  0.027ms frontier=  0.002ms semisort=  0.029ms (keyed= 0.000ms group_by=  0.005ms per_group= 0.010ms)
[pe] round= 27 work=       23 frontier=      139 next=       21 consolidate=  0.016ms frontier=  0.002ms semisort=  0.030ms (keyed= 0.001ms group_by=  0.005ms per_group= 0.013ms)
[pe] round= 28 work=       21 frontier=      127 next=       21 consolidate=  0.021ms frontier=  0.001ms semisort=  0.029ms (keyed= 0.001ms group_by=  0.004ms per_group= 0.009ms)
[pe] round= 29 work=       21 frontier=      126 next=       16 consolidate=  0.022ms frontier=  0.002ms semisort=  0.026ms (keyed= 0.000ms group_by=  0.005ms per_group= 0.007ms)
[pe] round= 30 work=       16 frontier=       86 next=       14 consolidate=  0.011ms frontier=  0.002ms semisort=  0.020ms (keyed= 0.000ms group_by=  0.003ms per_group= 0.007ms)
[pe] round= 31 work=       14 frontier=       85 next=       14 consolidate=  0.016ms frontier=  0.001ms semisort=  0.022ms (keyed= 0.000ms group_by=  0.003ms per_group= 0.009ms)
[pe] round= 32 work=       14 frontier=       77 next=       14 consolidate=  0.017ms frontier=  0.002ms semisort=  0.021ms (keyed= 0.001ms group_by=  0.003ms per_group= 0.008ms)
[pe] round= 33 work=       14 frontier=      106 next=       12 consolidate=  0.016ms frontier=  0.001ms semisort=  0.024ms (keyed= 0.001ms group_by=  0.004ms per_group= 0.008ms)
[pe] round= 34 work=       12 frontier=       67 next=       10 consolidate=  0.010ms frontier=  0.002ms semisort=  0.019ms (keyed= 0.000ms group_by=  0.003ms per_group= 0.007ms)
[pe] round= 35 work=       10 frontier=       54 next=        6 consolidate=  0.012ms frontier=  0.001ms semisort=  0.012ms (keyed= 0.000ms group_by=  0.002ms per_group= 0.003ms)
[pe] round= 36 work=        6 frontier=       23 next=        4 consolidate=  0.006ms frontier=  0.001ms semisort=  0.007ms (keyed= 0.000ms group_by=  0.001ms per_group= 0.002ms)
[pe] round= 37 work=        4 frontier=       41 next=        4 consolidate=  0.005ms frontier=  0.001ms semisort=  0.009ms (keyed= 0.000ms group_by=  0.002ms per_group= 0.002ms)
[pe] round= 38 work=        4 frontier=       24 next=        5 consolidate=  0.005ms frontier=  0.001ms semisort=  0.007ms (keyed= 0.000ms group_by=  0.001ms per_group= 0.003ms)
[pe] round= 39 work=        5 frontier=       13 next=        3 consolidate=  0.006ms frontier=  0.001ms semisort=  0.005ms (keyed= 0.000ms group_by=  0.001ms per_group= 0.002ms)
[pe] round= 40 work=        3 frontier=        4 next=        2 consolidate=  0.004ms frontier=  0.001ms semisort=  0.003ms (keyed= 0.000ms group_by=  0.000ms per_group= 0.001ms)
[pe] round= 41 work=        2 frontier=       26 next=        2 consolidate=  0.003ms frontier=  0.001ms semisort=  0.006ms (keyed= 0.000ms group_by=  0.001ms per_group= 0.002ms)
[pe] round= 42 work=        2 frontier=        8 next=        2 consolidate=  0.002ms frontier=  0.000ms semisort=  0.003ms (keyed= 0.000ms group_by=  0.001ms per_group= 0.001ms)
[pe] round= 43 work=        2 frontier=        8 next=        2 consolidate=  0.002ms frontier=  0.000ms semisort=  0.004ms (keyed= 0.000ms group_by=  0.000ms per_group= 0.001ms)
[pe] round= 44 work=        2 frontier=        4 next=        2 consolidate=  0.002ms frontier=  0.000ms semisort=  0.003ms (keyed= 0.000ms group_by=  0.000ms per_group= 0.001ms)
[pe] round= 45 work=        2 frontier=       26 next=        2 consolidate=  0.003ms frontier=  0.000ms semisort=  0.006ms (keyed= 0.000ms group_by=  0.001ms per_group= 0.001ms)
[pe] round= 46 work=        2 frontier=        8 next=        2 consolidate=  0.003ms frontier=  0.000ms semisort=  0.003ms (keyed= 0.000ms group_by=  0.000ms per_group= 0.001ms)
[pe] round= 47 work=        2 frontier=        8 next=        2 consolidate=  0.003ms frontier=  0.000ms semisort=  0.004ms (keyed= 0.000ms group_by=  0.000ms per_group= 0.001ms)
[pe] round= 48 work=        2 frontier=        4 next=        2 consolidate=  0.003ms frontier=  0.000ms semisort=  0.003ms (keyed= 0.000ms group_by=  0.000ms per_group= 0.001ms)
[pe] round= 49 work=        2 frontier=       20 next=        2 consolidate=  0.003ms frontier=  0.000ms semisort=  0.005ms (keyed= 0.000ms group_by=  0.001ms per_group= 0.001ms)
[pe] round= 50 work=        2 frontier=        4 next=        2 consolidate=  0.003ms frontier=  0.000ms semisort=  0.002ms (keyed= 0.000ms group_by=  0.000ms per_group= 0.001ms)
[pe] round= 51 work=        2 (tail-skip: all parents empty)
[pe] round=  0 work=  8509525 frontier=  5063084 next=    59086 consolidate=195.778ms frontier= 23.128ms semisort= 59.156ms (keyed=10.517ms group_by=  1.582ms per_group= 6.432ms)
[pe] round=  1 work=    59086 frontier=   551494 next=    13151 consolidate=  6.610ms frontier=  1.860ms semisort=  7.545ms (keyed= 1.548ms group_by=  0.205ms per_group= 1.100ms)
[pe] round=  2 work=    13151 frontier=   120430 next=    10937 consolidate=  1.300ms frontier=  0.216ms semisort=  3.029ms (keyed= 0.036ms group_by=  1.213ms per_group= 0.774ms)
[pe] round=  3 work=    10937 frontier=    64865 next=     7757 consolidate=  1.138ms frontier=  0.231ms semisort=  2.006ms (keyed= 0.097ms group_by=  0.737ms per_group= 0.454ms)
[pe] round=  4 work=     7757 frontier=    25747 next=     3790 consolidate=  1.568ms frontier=  0.241ms semisort=  0.912ms (keyed= 0.014ms group_by=  0.268ms per_group= 0.243ms)
[pe] round=  5 work=     3790 frontier=    12633 next=     1812 consolidate=  0.789ms frontier=  0.116ms semisort=  0.580ms (keyed= 0.010ms group_by=  0.171ms per_group= 0.147ms)
[pe] round=  6 work=     1812 frontier=     6864 next=      994 consolidate=  0.404ms frontier=  0.071ms semisort=  0.701ms (keyed= 0.011ms group_by=  0.443ms per_group= 0.112ms)
[pe] round=  7 work=      994 frontier=     3763 next=      546 consolidate=  0.271ms frontier=  0.059ms semisort=  0.514ms (keyed= 0.083ms group_by=  0.215ms per_group= 0.120ms)
[pe] round=  8 work=      546 frontier=     2568 next=      361 consolidate=  0.113ms frontier=  0.032ms semisort=  0.375ms (keyed= 0.006ms group_by=  0.161ms per_group= 0.092ms)
[pe] round=  9 work=      361 frontier=     1974 next=      271 consolidate=  0.091ms frontier=  0.020ms semisort=  0.205ms (keyed= 0.005ms group_by=  0.067ms per_group= 0.035ms)
[pe] round= 10 work=      271 frontier=      934 next=      119 consolidate=  0.085ms frontier=  0.014ms semisort=  0.161ms (keyed= 0.002ms group_by=  0.034ms per_group= 0.047ms)
[pe] round= 11 work=      119 frontier=      539 next=       96 consolidate=  0.056ms frontier=  0.007ms semisort=  0.117ms (keyed= 0.001ms group_by=  0.023ms per_group= 0.036ms)
[pe] round= 12 work=       96 frontier=      455 next=       75 consolidate=  0.029ms frontier=  0.006ms semisort=  0.082ms (keyed= 0.001ms group_by=  0.014ms per_group= 0.022ms)
[pe] round= 13 work=       75 frontier=      522 next=       87 consolidate=  0.056ms frontier=  0.004ms semisort=  0.094ms (keyed= 0.001ms group_by=  0.019ms per_group= 0.024ms)
[pe] round= 14 work=       87 frontier=      349 next=       67 consolidate=  0.054ms frontier=  0.005ms semisort=  0.070ms (keyed= 0.001ms group_by=  0.012ms per_group= 0.025ms)
[pe] round= 15 work=       67 frontier=      315 next=       56 consolidate=  0.063ms frontier=  0.004ms semisort=  0.061ms (keyed= 0.001ms group_by=  0.012ms per_group= 0.021ms)
[pe] round= 16 work=       56 frontier=      294 next=       48 consolidate=  0.022ms frontier=  0.005ms semisort=  0.061ms (keyed= 0.001ms group_by=  0.014ms per_group= 0.015ms)
[pe] round= 17 work=       48 frontier=      546 next=      104 consolidate=  0.048ms frontier=  0.002ms semisort=  0.089ms (keyed= 0.002ms group_by=  0.017ms per_group= 0.048ms)
[pe] round= 18 work=      104 frontier=     1028 next=       86 consolidate=  0.073ms frontier=  0.006ms semisort=  0.159ms (keyed= 0.002ms group_by=  0.033ms per_group= 0.043ms)
[pe] round= 19 work=       86 frontier=      674 next=       34 consolidate=  0.059ms frontier=  0.005ms semisort=  0.083ms (keyed= 0.001ms group_by=  0.018ms per_group= 0.016ms)
[pe] round= 20 work=       34 frontier=      184 next=       31 consolidate=  0.036ms frontier=  0.002ms semisort=  0.035ms (keyed= 0.001ms group_by=  0.006ms per_group= 0.011ms)
[pe] round= 21 work=       31 frontier=      202 next=       27 consolidate=  0.034ms frontier=  0.002ms semisort=  0.038ms (keyed= 0.001ms group_by=  0.007ms per_group= 0.013ms)
[pe] round= 22 work=       27 frontier=      161 next=       25 consolidate=  0.028ms frontier=  0.002ms semisort=  0.039ms (keyed= 0.001ms group_by=  0.006ms per_group= 0.013ms)
[pe] round= 23 work=       25 frontier=      155 next=       25 consolidate=  0.027ms frontier=  0.002ms semisort=  0.035ms (keyed= 0.001ms group_by=  0.005ms per_group= 0.011ms)
[pe] round= 24 work=       25 frontier=      150 next=       25 consolidate=  0.027ms frontier=  0.002ms semisort=  0.032ms (keyed= 0.000ms group_by=  0.005ms per_group= 0.010ms)
[pe] round= 25 work=       25 frontier=      182 next=       25 consolidate=  0.015ms frontier=  0.003ms semisort=  0.034ms (keyed= 0.001ms group_by=  0.006ms per_group= 0.015ms)
[pe] round= 26 work=       25 frontier=      152 next=       23 consolidate=  0.015ms frontier=  0.006ms semisort=  0.032ms (keyed= 0.001ms group_by=  0.005ms per_group= 0.011ms)
[pe] round= 27 work=       23 frontier=      139 next=       21 consolidate=  0.026ms frontier=  0.002ms semisort=  0.031ms (keyed= 0.001ms group_by=  0.005ms per_group= 0.010ms)
[pe] round= 28 work=       21 frontier=      127 next=       21 consolidate=  0.023ms frontier=  0.002ms semisort=  0.029ms (keyed= 0.000ms group_by=  0.005ms per_group= 0.009ms)
[pe] round= 29 work=       21 frontier=      126 next=       16 consolidate=  0.014ms frontier=  0.003ms semisort=  0.023ms (keyed= 0.001ms group_by=  0.004ms per_group= 0.009ms)
[pe] round= 30 work=       16 frontier=       86 next=       14 consolidate=  0.017ms frontier=  0.002ms semisort=  0.020ms (keyed= 0.000ms group_by=  0.003ms per_group= 0.007ms)
[pe] round= 31 work=       14 frontier=       85 next=       14 consolidate=  0.012ms frontier=  0.002ms semisort=  0.021ms (keyed= 0.000ms group_by=  0.003ms per_group= 0.009ms)
[pe] round= 32 work=       14 frontier=       77 next=       14 consolidate=  0.015ms frontier=  0.002ms semisort=  0.019ms (keyed= 0.001ms group_by=  0.003ms per_group= 0.007ms)
[pe] round= 33 work=       14 frontier=      106 next=       12 consolidate=  0.012ms frontier=  0.002ms semisort=  0.022ms (keyed= 0.001ms group_by=  0.003ms per_group= 0.008ms)
[pe] round= 34 work=       12 frontier=       67 next=       10 consolidate=  0.012ms frontier=  0.002ms semisort=  0.017ms (keyed= 0.000ms group_by=  0.003ms per_group= 0.005ms)
[pe] round= 35 work=       10 frontier=       54 next=        6 consolidate=  0.009ms frontier=  0.002ms semisort=  0.015ms (keyed= 0.000ms group_by=  0.002ms per_group= 0.006ms)
[pe] round= 36 work=        6 frontier=       23 next=        4 consolidate=  0.008ms frontier=  0.001ms semisort=  0.007ms (keyed= 0.000ms group_by=  0.001ms per_group= 0.002ms)
[pe] round= 37 work=        4 frontier=       41 next=        4 consolidate=  0.005ms frontier=  0.001ms semisort=  0.010ms (keyed= 0.000ms group_by=  0.002ms per_group= 0.002ms)
[pe] round= 38 work=        4 frontier=       24 next=        5 consolidate=  0.005ms frontier=  0.001ms semisort=  0.007ms (keyed= 0.000ms group_by=  0.001ms per_group= 0.003ms)
[pe] round= 39 work=        5 frontier=       13 next=        3 consolidate=  0.006ms frontier=  0.001ms semisort=  0.005ms (keyed= 0.000ms group_by=  0.001ms per_group= 0.002ms)
[pe] round= 40 work=        3 frontier=        4 next=        2 consolidate=  0.006ms frontier=  0.001ms semisort=  0.003ms (keyed= 0.000ms group_by=  0.000ms per_group= 0.001ms)
[pe] round= 41 work=        2 frontier=       26 next=        2 consolidate=  0.003ms frontier=  0.001ms semisort=  0.006ms (keyed= 0.000ms group_by=  0.001ms per_group= 0.002ms)
[pe] round= 42 work=        2 frontier=        8 next=        2 consolidate=  0.003ms frontier=  0.001ms semisort=  0.004ms (keyed= 0.000ms group_by=  0.001ms per_group= 0.001ms)
[pe] round= 43 work=        2 frontier=        8 next=        2 consolidate=  0.003ms frontier=  0.000ms semisort=  0.004ms (keyed= 0.000ms group_by=  0.000ms per_group= 0.001ms)
[pe] round= 44 work=        2 frontier=        4 next=        2 consolidate=  0.003ms frontier=  0.000ms semisort=  0.003ms (keyed= 0.000ms group_by=  0.000ms per_group= 0.001ms)
[pe] round= 45 work=        2 frontier=       26 next=        2 consolidate=  0.003ms frontier=  0.000ms semisort=  0.006ms (keyed= 0.000ms group_by=  0.001ms per_group= 0.001ms)
[pe] round= 46 work=        2 frontier=        8 next=        2 consolidate=  0.003ms frontier=  0.000ms semisort=  0.003ms (keyed= 0.000ms group_by=  0.000ms per_group= 0.001ms)
[pe] round= 47 work=        2 frontier=        8 next=        2 consolidate=  0.003ms frontier=  0.000ms semisort=  0.004ms (keyed= 0.000ms group_by=  0.000ms per_group= 0.001ms)
[pe] round= 48 work=        2 frontier=        4 next=        2 consolidate=  0.003ms frontier=  0.000ms semisort=  0.003ms (keyed= 0.000ms group_by=  0.000ms per_group= 0.001ms)
[pe] round= 49 work=        2 frontier=       20 next=        2 consolidate=  0.003ms frontier=  0.000ms semisort=  0.006ms (keyed= 0.000ms group_by=  0.001ms per_group= 0.002ms)
[pe] round= 50 work=        2 frontier=        4 next=        2 consolidate=  0.003ms frontier=  0.000ms semisort=  0.002ms (keyed= 0.000ms group_by=  0.000ms per_group= 0.001ms)
[pe] round= 51 work=        2 (tail-skip: all parents empty)
[pe] round=  0 work=  8509525 frontier=  5063084 next=    59086 consolidate=206.526ms frontier= 23.185ms semisort= 59.242ms (keyed=10.211ms group_by=  1.604ms per_group= 6.639ms)
[pe] round=  1 work=    59086 frontier=   551494 next=    13151 consolidate=  5.969ms frontier=  1.949ms semisort=  7.486ms (keyed= 1.468ms group_by=  0.204ms per_group= 1.071ms)
[pe] round=  2 work=    13151 frontier=   120430 next=    10937 consolidate=  1.317ms frontier=  0.166ms semisort=  4.000ms (keyed= 0.035ms group_by=  2.106ms per_group= 0.711ms)
[pe] round=  3 work=    10937 frontier=    64865 next=     7757 consolidate=  1.315ms frontier=  0.289ms semisort=  1.887ms (keyed= 0.021ms group_by=  0.707ms per_group= 0.461ms)
[pe] round=  4 work=     7757 frontier=    25747 next=     3790 consolidate=  1.564ms frontier=  0.241ms semisort=  0.945ms (keyed= 0.016ms group_by=  0.281ms per_group= 0.244ms)
[pe] round=  5 work=     3790 frontier=    12633 next=     1812 consolidate=  0.812ms frontier=  0.118ms semisort=  0.579ms (keyed= 0.014ms group_by=  0.189ms per_group= 0.142ms)
[pe] round=  6 work=     1812 frontier=     6864 next=      994 consolidate=  0.386ms frontier=  0.073ms semisort=  0.677ms (keyed= 0.013ms group_by=  0.404ms per_group= 0.109ms)
[pe] round=  7 work=      994 frontier=     3763 next=      546 consolidate=  0.256ms frontier=  0.058ms semisort=  0.381ms (keyed= 0.012ms group_by=  0.178ms per_group= 0.098ms)
[pe] round=  8 work=      546 frontier=     2568 next=      361 consolidate=  0.115ms frontier=  0.033ms semisort=  0.381ms (keyed= 0.006ms group_by=  0.161ms per_group= 0.091ms)
[pe] round=  9 work=      361 frontier=     1974 next=      271 consolidate=  0.092ms frontier=  0.021ms semisort=  0.257ms (keyed= 0.005ms group_by=  0.070ms per_group= 0.088ms)
[pe] round= 10 work=      271 frontier=      934 next=      119 consolidate=  0.115ms frontier=  0.013ms semisort=  0.158ms (keyed= 0.002ms group_by=  0.032ms per_group= 0.048ms)
[pe] round= 11 work=      119 frontier=      539 next=       96 consolidate=  0.058ms frontier=  0.006ms semisort=  0.116ms (keyed= 0.001ms group_by=  0.021ms per_group= 0.036ms)
[pe] round= 12 work=       96 frontier=      455 next=       75 consolidate=  0.031ms frontier=  0.006ms semisort=  0.092ms (keyed= 0.001ms group_by=  0.013ms per_group= 0.026ms)
[pe] round= 13 work=       75 frontier=      522 next=       87 consolidate=  0.030ms frontier=  0.006ms semisort=  0.087ms (keyed= 0.001ms group_by=  0.018ms per_group= 0.018ms)
[pe] round= 14 work=       87 frontier=      349 next=       67 consolidate=  0.057ms frontier=  0.006ms semisort=  0.067ms (keyed= 0.001ms group_by=  0.012ms per_group= 0.028ms)
[pe] round= 15 work=       67 frontier=      315 next=       56 consolidate=  0.051ms frontier=  0.004ms semisort=  0.061ms (keyed= 0.001ms group_by=  0.013ms per_group= 0.028ms)
[pe] round= 16 work=       56 frontier=      294 next=       48 consolidate=  0.027ms frontier=  0.005ms semisort=  0.063ms (keyed= 0.001ms group_by=  0.010ms per_group= 0.020ms)
[pe] round= 17 work=       48 frontier=      546 next=      104 consolidate=  0.048ms frontier=  0.003ms semisort=  0.092ms (keyed= 0.001ms group_by=  0.016ms per_group= 0.043ms)
[pe] round= 18 work=      104 frontier=     1028 next=       86 consolidate=  0.075ms frontier=  0.006ms semisort=  0.159ms (keyed= 0.002ms group_by=  0.030ms per_group= 0.051ms)
[pe] round= 19 work=       86 frontier=      674 next=       34 consolidate=  0.061ms frontier=  0.005ms semisort=  0.085ms (keyed= 0.001ms group_by=  0.017ms per_group= 0.020ms)
[pe] round= 20 work=       34 frontier=      184 next=       31 consolidate=  0.035ms frontier=  0.002ms semisort=  0.038ms (keyed= 0.000ms group_by=  0.006ms per_group= 0.012ms)
[pe] round= 21 work=       31 frontier=      202 next=       27 consolidate=  0.032ms frontier=  0.002ms semisort=  0.039ms (keyed= 0.001ms group_by=  0.007ms per_group= 0.012ms)
[pe] round= 22 work=       27 frontier=      161 next=       25 consolidate=  0.030ms frontier=  0.002ms semisort=  0.037ms (keyed= 0.001ms group_by=  0.006ms per_group= 0.012ms)
[pe] round= 23 work=       25 frontier=      155 next=       25 consolidate=  0.027ms frontier=  0.001ms semisort=  0.037ms (keyed= 0.000ms group_by=  0.005ms per_group= 0.012ms)
[pe] round= 24 work=       25 frontier=      150 next=       25 consolidate=  0.026ms frontier=  0.001ms semisort=  0.035ms (keyed= 0.000ms group_by=  0.005ms per_group= 0.015ms)
[pe] round= 25 work=       25 frontier=      182 next=       25 consolidate=  0.018ms frontier=  0.002ms semisort=  0.035ms (keyed= 0.000ms group_by=  0.006ms per_group= 0.011ms)
[pe] round= 26 work=       25 frontier=      152 next=       23 consolidate=  0.016ms frontier=  0.003ms semisort=  0.030ms (keyed= 0.001ms group_by=  0.005ms per_group= 0.009ms)
[pe] round= 27 work=       23 frontier=      139 next=       21 consolidate=  0.024ms frontier=  0.001ms semisort=  0.031ms (keyed= 0.001ms group_by=  0.005ms per_group= 0.013ms)
[pe] round= 28 work=       21 frontier=      127 next=       21 consolidate=  0.023ms frontier=  0.002ms semisort=  0.031ms (keyed= 0.000ms group_by=  0.004ms per_group= 0.010ms)
[pe] round= 29 work=       21 frontier=      126 next=       16 consolidate=  0.015ms frontier=  0.002ms semisort=  0.026ms (keyed= 0.000ms group_by=  0.004ms per_group= 0.009ms)
[pe] round= 30 work=       16 frontier=       86 next=       14 consolidate=  0.018ms frontier=  0.002ms semisort=  0.021ms (keyed= 0.000ms group_by=  0.003ms per_group= 0.007ms)
[pe] round= 31 work=       14 frontier=       85 next=       14 consolidate=  0.014ms frontier=  0.002ms semisort=  0.021ms (keyed= 0.001ms group_by=  0.003ms per_group= 0.008ms)
[pe] round= 32 work=       14 frontier=       77 next=       14 consolidate=  0.013ms frontier=  0.002ms semisort=  0.020ms (keyed= 0.001ms group_by=  0.003ms per_group= 0.007ms)
[pe] round= 33 work=       14 frontier=      106 next=       12 consolidate=  0.016ms frontier=  0.001ms semisort=  0.026ms (keyed= 0.001ms group_by=  0.003ms per_group= 0.008ms)
[pe] round= 34 work=       12 frontier=       67 next=       10 consolidate=  0.012ms frontier=  0.002ms semisort=  0.018ms (keyed= 0.001ms group_by=  0.003ms per_group= 0.005ms)
[pe] round= 35 work=       10 frontier=       54 next=        6 consolidate=  0.012ms frontier=  0.001ms semisort=  0.015ms (keyed= 0.000ms group_by=  0.002ms per_group= 0.005ms)
[pe] round= 36 work=        6 frontier=       23 next=        4 consolidate=  0.007ms frontier=  0.002ms semisort=  0.008ms (keyed= 0.000ms group_by=  0.001ms per_group= 0.002ms)
[pe] round= 37 work=        4 frontier=       41 next=        4 consolidate=  0.005ms frontier=  0.001ms semisort=  0.010ms (keyed= 0.000ms group_by=  0.002ms per_group= 0.003ms)
[pe] round= 38 work=        4 frontier=       24 next=        5 consolidate=  0.005ms frontier=  0.001ms semisort=  0.008ms (keyed= 0.000ms group_by=  0.001ms per_group= 0.002ms)
[pe] round= 39 work=        5 frontier=       13 next=        3 consolidate=  0.005ms frontier=  0.001ms semisort=  0.005ms (keyed= 0.000ms group_by=  0.001ms per_group= 0.002ms)
[pe] round= 40 work=        3 frontier=        4 next=        2 consolidate=  0.005ms frontier=  0.001ms semisort=  0.003ms (keyed= 0.000ms group_by=  0.000ms per_group= 0.001ms)
[pe] round= 41 work=        2 frontier=       26 next=        2 consolidate=  0.003ms frontier=  0.001ms semisort=  0.006ms (keyed= 0.000ms group_by=  0.001ms per_group= 0.002ms)
[pe] round= 42 work=        2 frontier=        8 next=        2 consolidate=  0.003ms frontier=  0.000ms semisort=  0.003ms (keyed= 0.000ms group_by=  0.000ms per_group= 0.001ms)
[pe] round= 43 work=        2 frontier=        8 next=        2 consolidate=  0.003ms frontier=  0.000ms semisort=  0.004ms (keyed= 0.000ms group_by=  0.000ms per_group= 0.001ms)
[pe] round= 44 work=        2 frontier=        4 next=        2 consolidate=  0.006ms frontier=  0.000ms semisort=  0.003ms (keyed= 0.000ms group_by=  0.000ms per_group= 0.001ms)
[pe] round= 45 work=        2 frontier=       26 next=        2 consolidate=  0.003ms frontier=  0.000ms semisort=  0.006ms (keyed= 0.000ms group_by=  0.001ms per_group= 0.001ms)
[pe] round= 46 work=        2 frontier=        8 next=        2 consolidate=  0.003ms frontier=  0.000ms semisort=  0.003ms (keyed= 0.000ms group_by=  0.000ms per_group= 0.001ms)
[pe] round= 47 work=        2 frontier=        8 next=        2 consolidate=  0.003ms frontier=  0.000ms semisort=  0.004ms (keyed= 0.000ms group_by=  0.000ms per_group= 0.001ms)
[pe] round= 48 work=        2 frontier=        4 next=        2 consolidate=  0.003ms frontier=  0.000ms semisort=  0.003ms (keyed= 0.000ms group_by=  0.000ms per_group= 0.001ms)
[pe] round= 49 work=        2 frontier=       20 next=        2 consolidate=  0.003ms frontier=  0.000ms semisort=  0.005ms (keyed= 0.000ms group_by=  0.001ms per_group= 0.001ms)
[pe] round= 50 work=        2 frontier=        4 next=        2 consolidate=  0.003ms frontier=  0.000ms semisort=  0.002ms (keyed= 0.000ms group_by=  0.000ms per_group= 0.001ms)
[pe] round= 51 work=        2 (tail-skip: all parents empty)
[pe] round=  0 work=  8509525 frontier=  5063084 next=    59086 consolidate=212.727ms frontier= 23.909ms semisort= 59.964ms (keyed=10.426ms group_by=  1.568ms per_group= 6.609ms)
[pe] round=  1 work=    59086 frontier=   551494 next=    13151 consolidate=  6.149ms frontier=  2.073ms semisort=  7.468ms (keyed= 1.434ms group_by=  0.200ms per_group= 1.105ms)
[pe] round=  2 work=    13151 frontier=   120430 next=    10937 consolidate=  1.318ms frontier=  0.231ms semisort=  3.308ms (keyed= 0.037ms group_by=  1.476ms per_group= 0.713ms)
[pe] round=  3 work=    10937 frontier=    64865 next=     7757 consolidate=  1.125ms frontier=  0.239ms semisort=  2.087ms (keyed= 0.044ms group_by=  0.760ms per_group= 0.556ms)
[pe] round=  4 work=     7757 frontier=    25747 next=     3790 consolidate=  1.606ms frontier=  0.237ms semisort=  1.031ms (keyed= 0.015ms group_by=  0.366ms per_group= 0.229ms)
[pe] round=  5 work=     3790 frontier=    12633 next=     1812 consolidate=  0.807ms frontier=  0.115ms semisort=  0.501ms (keyed= 0.011ms group_by=  0.101ms per_group= 0.156ms)
[pe] round=  6 work=     1812 frontier=     6864 next=      994 consolidate=  0.371ms frontier=  0.075ms semisort=  0.671ms (keyed= 0.011ms group_by=  0.409ms per_group= 0.120ms)
[pe] round=  7 work=      994 frontier=     3763 next=      546 consolidate=  0.273ms frontier=  0.061ms semisort=  0.385ms (keyed= 0.009ms group_by=  0.208ms per_group= 0.080ms)
[pe] round=  8 work=      546 frontier=     2568 next=      361 consolidate=  0.159ms frontier=  0.036ms semisort=  0.371ms (keyed= 0.007ms group_by=  0.168ms per_group= 0.088ms)
[pe] round=  9 work=      361 frontier=     1974 next=      271 consolidate=  0.097ms frontier=  0.020ms semisort=  0.218ms (keyed= 0.006ms group_by=  0.069ms per_group= 0.035ms)
[pe] round= 10 work=      271 frontier=      934 next=      119 consolidate=  0.104ms frontier=  0.014ms semisort=  0.161ms (keyed= 0.002ms group_by=  0.035ms per_group= 0.046ms)
[pe] round= 11 work=      119 frontier=      539 next=       96 consolidate=  0.057ms frontier=  0.007ms semisort=  0.118ms (keyed= 0.001ms group_by=  0.023ms per_group= 0.036ms)
[pe] round= 12 work=       96 frontier=      455 next=       75 consolidate=  0.030ms frontier=  0.006ms semisort=  0.083ms (keyed= 0.001ms group_by=  0.014ms per_group= 0.022ms)
[pe] round= 13 work=       75 frontier=      522 next=       87 consolidate=  0.059ms frontier=  0.004ms semisort=  0.086ms (keyed= 0.002ms group_by=  0.020ms per_group= 0.025ms)
[pe] round= 14 work=       87 frontier=      349 next=       67 consolidate=  0.055ms frontier=  0.006ms semisort=  0.076ms (keyed= 0.001ms group_by=  0.013ms per_group= 0.026ms)
[pe] round= 15 work=       67 frontier=      315 next=       56 consolidate=  0.061ms frontier=  0.004ms semisort=  0.065ms (keyed= 0.001ms group_by=  0.012ms per_group= 0.022ms)
[pe] round= 16 work=       56 frontier=      294 next=       48 consolidate=  0.052ms frontier=  0.003ms semisort=  0.055ms (keyed= 0.001ms group_by=  0.013ms per_group= 0.016ms)
[pe] round= 17 work=       48 frontier=      546 next=      104 consolidate=  0.033ms frontier=  0.003ms semisort=  0.092ms (keyed= 0.002ms group_by=  0.019ms per_group= 0.036ms)
[pe] round= 18 work=      104 frontier=     1028 next=       86 consolidate=  0.074ms frontier=  0.006ms semisort=  0.158ms (keyed= 0.002ms group_by=  0.034ms per_group= 0.044ms)
[pe] round= 19 work=       86 frontier=      674 next=       34 consolidate=  0.057ms frontier=  0.005ms semisort=  0.090ms (keyed= 0.001ms group_by=  0.019ms per_group= 0.019ms)
[pe] round= 20 work=       34 frontier=      184 next=       31 consolidate=  0.036ms frontier=  0.002ms semisort=  0.038ms (keyed= 0.001ms group_by=  0.006ms per_group= 0.014ms)
[pe] round= 21 work=       31 frontier=      202 next=       27 consolidate=  0.031ms frontier=  0.002ms semisort=  0.035ms (keyed= 0.001ms group_by=  0.006ms per_group= 0.014ms)
[pe] round= 22 work=       27 frontier=      161 next=       25 consolidate=  0.028ms frontier=  0.002ms semisort=  0.041ms (keyed= 0.001ms group_by=  0.007ms per_group= 0.013ms)
[pe] round= 23 work=       25 frontier=      155 next=       25 consolidate=  0.026ms frontier=  0.002ms semisort=  0.033ms (keyed= 0.000ms group_by=  0.005ms per_group= 0.011ms)
[pe] round= 24 work=       25 frontier=      150 next=       25 consolidate=  0.026ms frontier=  0.001ms semisort=  0.033ms (keyed= 0.000ms group_by=  0.005ms per_group= 0.012ms)
[pe] round= 25 work=       25 frontier=      182 next=       25 consolidate=  0.021ms frontier=  0.002ms semisort=  0.034ms (keyed= 0.001ms group_by=  0.006ms per_group= 0.013ms)
[pe] round= 26 work=       25 frontier=      152 next=       23 consolidate=  0.017ms frontier=  0.003ms semisort=  0.036ms (keyed= 0.001ms group_by=  0.005ms per_group= 0.011ms)
[pe] round= 27 work=       23 frontier=      139 next=       21 consolidate=  0.026ms frontier=  0.002ms semisort=  0.032ms (keyed= 0.000ms group_by=  0.005ms per_group= 0.011ms)
[pe] round= 28 work=       21 frontier=      127 next=       21 consolidate=  0.014ms frontier=  0.003ms semisort=  0.026ms (keyed= 0.001ms group_by=  0.005ms per_group= 0.010ms)
[pe] round= 29 work=       21 frontier=      126 next=       16 consolidate=  0.024ms frontier=  0.002ms semisort=  0.026ms (keyed= 0.001ms group_by=  0.004ms per_group= 0.009ms)
[pe] round= 30 work=       16 frontier=       86 next=       14 consolidate=  0.016ms frontier=  0.001ms semisort=  0.019ms (keyed= 0.000ms group_by=  0.003ms per_group= 0.007ms)
[pe] round= 31 work=       14 frontier=       85 next=       14 consolidate=  0.013ms frontier=  0.002ms semisort=  0.021ms (keyed= 0.000ms group_by=  0.004ms per_group= 0.007ms)
[pe] round= 32 work=       14 frontier=       77 next=       14 consolidate=  0.015ms frontier=  0.001ms semisort=  0.018ms (keyed= 0.000ms group_by=  0.003ms per_group= 0.007ms)
[pe] round= 33 work=       14 frontier=      106 next=       12 consolidate=  0.012ms frontier=  0.002ms semisort=  0.022ms (keyed= 0.001ms group_by=  0.003ms per_group= 0.008ms)
[pe] round= 34 work=       12 frontier=       67 next=       10 consolidate=  0.015ms frontier=  0.001ms semisort=  0.016ms (keyed= 0.000ms group_by=  0.003ms per_group= 0.004ms)
[pe] round= 35 work=       10 frontier=       54 next=        6 consolidate=  0.010ms frontier=  0.002ms semisort=  0.012ms (keyed= 0.000ms group_by=  0.002ms per_group= 0.004ms)
[pe] round= 36 work=        6 frontier=       23 next=        4 consolidate=  0.007ms frontier=  0.002ms semisort=  0.007ms (keyed= 0.000ms group_by=  0.001ms per_group= 0.002ms)
[pe] round= 37 work=        4 frontier=       41 next=        4 consolidate=  0.005ms frontier=  0.001ms semisort=  0.010ms (keyed= 0.000ms group_by=  0.002ms per_group= 0.002ms)
[pe] round= 38 work=        4 frontier=       24 next=        5 consolidate=  0.005ms frontier=  0.001ms semisort=  0.008ms (keyed= 0.000ms group_by=  0.001ms per_group= 0.003ms)
[pe] round= 39 work=        5 frontier=       13 next=        3 consolidate=  0.005ms frontier=  0.001ms semisort=  0.005ms (keyed= 0.000ms group_by=  0.001ms per_group= 0.002ms)
[pe] round= 40 work=        3 frontier=        4 next=        2 consolidate=  0.005ms frontier=  0.001ms semisort=  0.003ms (keyed= 0.000ms group_by=  0.000ms per_group= 0.001ms)
[pe] round= 41 work=        2 frontier=       26 next=        2 consolidate=  0.003ms frontier=  0.001ms semisort=  0.007ms (keyed= 0.000ms group_by=  0.001ms per_group= 0.002ms)
[pe] round= 42 work=        2 frontier=        8 next=        2 consolidate=  0.003ms frontier=  0.000ms semisort=  0.003ms (keyed= 0.000ms group_by=  0.000ms per_group= 0.001ms)
[pe] round= 43 work=        2 frontier=        8 next=        2 consolidate=  0.002ms frontier=  0.000ms semisort=  0.004ms (keyed= 0.000ms group_by=  0.000ms per_group= 0.001ms)
[pe] round= 44 work=        2 frontier=        4 next=        2 consolidate=  0.003ms frontier=  0.000ms semisort=  0.002ms (keyed= 0.000ms group_by=  0.000ms per_group= 0.001ms)
[pe] round= 45 work=        2 frontier=       26 next=        2 consolidate=  0.003ms frontier=  0.000ms semisort=  0.006ms (keyed= 0.000ms group_by=  0.001ms per_group= 0.001ms)
[pe] round= 46 work=        2 frontier=        8 next=        2 consolidate=  0.003ms frontier=  0.000ms semisort=  0.003ms (keyed= 0.000ms group_by=  0.001ms per_group= 0.001ms)
[pe] round= 47 work=        2 frontier=        8 next=        2 consolidate=  0.003ms frontier=  0.000ms semisort=  0.004ms (keyed= 0.000ms group_by=  0.000ms per_group= 0.001ms)
[pe] round= 48 work=        2 frontier=        4 next=        2 consolidate=  0.003ms frontier=  0.000ms semisort=  0.003ms (keyed= 0.000ms group_by=  0.000ms per_group= 0.001ms)
[pe] round= 49 work=        2 frontier=       20 next=        2 consolidate=  0.003ms frontier=  0.000ms semisort=  0.006ms (keyed= 0.000ms group_by=  0.001ms per_group= 0.002ms)
[pe] round= 50 work=        2 frontier=        4 next=        2 consolidate=  0.003ms frontier=  0.000ms semisort=  0.002ms (keyed= 0.000ms group_by=  0.000ms per_group= 0.001ms)
[pe] round= 51 work=        2 (tail-skip: all parents empty)
[pe] round=  0 work=  8509525 frontier=  5063084 next=    59086 consolidate=216.870ms frontier= 23.427ms semisort= 60.956ms (keyed=10.629ms group_by=  1.597ms per_group= 6.913ms)
[pe] round=  1 work=    59086 frontier=   551494 next=    13151 consolidate=  5.972ms frontier=  2.419ms semisort=  7.903ms (keyed= 1.937ms group_by=  0.216ms per_group= 1.094ms)
[pe] round=  2 work=    13151 frontier=   120430 next=    10937 consolidate=  1.330ms frontier=  0.233ms semisort=  4.026ms (keyed= 0.036ms group_by=  2.177ms per_group= 0.720ms)
[pe] round=  3 work=    10937 frontier=    64865 next=     7757 consolidate=  1.208ms frontier=  0.144ms semisort=  2.152ms (keyed= 0.120ms group_by=  0.858ms per_group= 0.482ms)
[pe] round=  4 work=     7757 frontier=    25747 next=     3790 consolidate=  1.616ms frontier=  0.197ms semisort=  0.914ms (keyed= 0.016ms group_by=  0.270ms per_group= 0.232ms)
[pe] round=  5 work=     3790 frontier=    12633 next=     1812 consolidate=  0.871ms frontier=  0.118ms semisort=  0.558ms (keyed= 0.014ms group_by=  0.183ms per_group= 0.138ms)
[pe] round=  6 work=     1812 frontier=     6864 next=      994 consolidate=  0.389ms frontier=  0.074ms semisort=  0.734ms (keyed= 0.012ms group_by=  0.436ms per_group= 0.139ms)
[pe] round=  7 work=      994 frontier=     3763 next=      546 consolidate=  0.281ms frontier=  0.059ms semisort=  0.395ms (keyed= 0.009ms group_by=  0.197ms per_group= 0.101ms)
[pe] round=  8 work=      546 frontier=     2568 next=      361 consolidate=  0.114ms frontier=  0.032ms semisort=  0.379ms (keyed= 0.007ms group_by=  0.173ms per_group= 0.080ms)
[pe] round=  9 work=      361 frontier=     1974 next=      271 consolidate=  0.096ms frontier=  0.022ms semisort=  0.222ms (keyed= 0.005ms group_by=  0.071ms per_group= 0.045ms)
[pe] round= 10 work=      271 frontier=      934 next=      119 consolidate=  0.099ms frontier=  0.014ms semisort=  0.160ms (keyed= 0.002ms group_by=  0.034ms per_group= 0.048ms)
[pe] round= 11 work=      119 frontier=      539 next=       96 consolidate=  0.061ms frontier=  0.007ms semisort=  0.120ms (keyed= 0.001ms group_by=  0.022ms per_group= 0.038ms)
[pe] round= 12 work=       96 frontier=      455 next=       75 consolidate=  0.029ms frontier=  0.006ms semisort=  0.083ms (keyed= 0.001ms group_by=  0.014ms per_group= 0.021ms)
[pe] round= 13 work=       75 frontier=      522 next=       87 consolidate=  0.060ms frontier=  0.005ms semisort=  0.089ms (keyed= 0.001ms group_by=  0.020ms per_group= 0.024ms)
[pe] round= 14 work=       87 frontier=      349 next=       67 consolidate=  0.057ms frontier=  0.006ms semisort=  0.073ms (keyed= 0.001ms group_by=  0.012ms per_group= 0.029ms)
[pe] round= 15 work=       67 frontier=      315 next=       56 consolidate=  0.044ms frontier=  0.005ms semisort=  0.073ms (keyed= 0.001ms group_by=  0.013ms per_group= 0.023ms)
[pe] round= 16 work=       56 frontier=      294 next=       48 consolidate=  0.055ms frontier=  0.003ms semisort=  0.054ms (keyed= 0.001ms group_by=  0.010ms per_group= 0.026ms)
[pe] round= 17 work=       48 frontier=      546 next=      104 consolidate=  0.034ms frontier=  0.004ms semisort=  0.098ms (keyed= 0.001ms group_by=  0.018ms per_group= 0.022ms)
[pe] round= 18 work=      104 frontier=     1028 next=       86 consolidate=  0.061ms frontier=  0.007ms semisort=  0.138ms (keyed= 0.002ms group_by=  0.036ms per_group= 0.044ms)
[pe] round= 19 work=       86 frontier=      674 next=       34 consolidate=  0.064ms frontier=  0.005ms semisort=  0.091ms (keyed= 0.001ms group_by=  0.017ms per_group= 0.018ms)
[pe] round= 20 work=       34 frontier=      184 next=       31 consolidate=  0.035ms frontier=  0.003ms semisort=  0.040ms (keyed= 0.001ms group_by=  0.005ms per_group= 0.017ms)
[pe] round= 21 work=       31 frontier=      202 next=       27 consolidate=  0.032ms frontier=  0.002ms semisort=  0.038ms (keyed= 0.001ms group_by=  0.006ms per_group= 0.016ms)
[pe] round= 22 work=       27 frontier=      161 next=       25 consolidate=  0.028ms frontier=  0.002ms semisort=  0.035ms (keyed= 0.001ms group_by=  0.005ms per_group= 0.015ms)
[pe] round= 23 work=       25 frontier=      155 next=       25 consolidate=  0.027ms frontier=  0.002ms semisort=  0.042ms (keyed= 0.001ms group_by=  0.004ms per_group= 0.012ms)
[pe] round= 24 work=       25 frontier=      150 next=       25 consolidate=  0.027ms frontier=  0.001ms semisort=  0.031ms (keyed= 0.000ms group_by=  0.004ms per_group= 0.010ms)
[pe] round= 25 work=       25 frontier=      182 next=       25 consolidate=  0.026ms frontier=  0.001ms semisort=  0.039ms (keyed= 0.000ms group_by=  0.005ms per_group= 0.013ms)
[pe] round= 26 work=       25 frontier=      152 next=       23 consolidate=  0.027ms frontier=  0.002ms semisort=  0.030ms (keyed= 0.000ms group_by=  0.005ms per_group= 0.010ms)
[pe] round= 27 work=       23 frontier=      139 next=       21 consolidate=  0.014ms frontier=  0.003ms semisort=  0.028ms (keyed= 0.000ms group_by=  0.004ms per_group= 0.009ms)
[pe] round= 28 work=       21 frontier=      127 next=       21 consolidate=  0.025ms frontier=  0.002ms semisort=  0.035ms (keyed= 0.001ms group_by=  0.004ms per_group= 0.009ms)
[pe] round= 29 work=       21 frontier=      126 next=       16 consolidate=  0.024ms frontier=  0.001ms semisort=  0.026ms (keyed= 0.001ms group_by=  0.004ms per_group= 0.009ms)
[pe] round= 30 work=       16 frontier=       86 next=       14 consolidate=  0.017ms frontier=  0.002ms semisort=  0.023ms (keyed= 0.001ms group_by=  0.003ms per_group= 0.008ms)
[pe] round= 31 work=       14 frontier=       85 next=       14 consolidate=  0.012ms frontier=  0.002ms semisort=  0.020ms (keyed= 0.001ms group_by=  0.004ms per_group= 0.007ms)
[pe] round= 32 work=       14 frontier=       77 next=       14 consolidate=  0.017ms frontier=  0.001ms semisort=  0.019ms (keyed= 0.000ms group_by=  0.003ms per_group= 0.006ms)
[pe] round= 33 work=       14 frontier=      106 next=       12 consolidate=  0.013ms frontier=  0.002ms semisort=  0.023ms (keyed= 0.001ms group_by=  0.003ms per_group= 0.008ms)
[pe] round= 34 work=       12 frontier=       67 next=       10 consolidate=  0.014ms frontier=  0.001ms semisort=  0.017ms (keyed= 0.000ms group_by=  0.004ms per_group= 0.004ms)
[pe] round= 35 work=       10 frontier=       54 next=        6 consolidate=  0.011ms frontier=  0.002ms semisort=  0.012ms (keyed= 0.000ms group_by=  0.002ms per_group= 0.004ms)
[pe] round= 36 work=        6 frontier=       23 next=        4 consolidate=  0.006ms frontier=  0.001ms semisort=  0.007ms (keyed= 0.000ms group_by=  0.001ms per_group= 0.002ms)
[pe] round= 37 work=        4 frontier=       41 next=        4 consolidate=  0.006ms frontier=  0.001ms semisort=  0.009ms (keyed= 0.000ms group_by=  0.001ms per_group= 0.002ms)
[pe] round= 38 work=        4 frontier=       24 next=        5 consolidate=  0.005ms frontier=  0.001ms semisort=  0.008ms (keyed= 0.000ms group_by=  0.001ms per_group= 0.003ms)
[pe] round= 39 work=        5 frontier=       13 next=        3 consolidate=  0.006ms frontier=  0.001ms semisort=  0.005ms (keyed= 0.000ms group_by=  0.001ms per_group= 0.002ms)
[pe] round= 40 work=        3 frontier=        4 next=        2 consolidate=  0.004ms frontier=  0.001ms semisort=  0.003ms (keyed= 0.000ms group_by=  0.000ms per_group= 0.001ms)
[pe] round= 41 work=        2 frontier=       26 next=        2 consolidate=  0.003ms frontier=  0.001ms semisort=  0.007ms (keyed= 0.000ms group_by=  0.001ms per_group= 0.002ms)
[pe] round= 42 work=        2 frontier=        8 next=        2 consolidate=  0.003ms frontier=  0.000ms semisort=  0.003ms (keyed= 0.000ms group_by=  0.000ms per_group= 0.001ms)
[pe] round= 43 work=        2 frontier=        8 next=        2 consolidate=  0.003ms frontier=  0.000ms semisort=  0.004ms (keyed= 0.000ms group_by=  0.000ms per_group= 0.001ms)
[pe] round= 44 work=        2 frontier=        4 next=        2 consolidate=  0.002ms frontier=  0.000ms semisort=  0.003ms (keyed= 0.000ms group_by=  0.000ms per_group= 0.001ms)
[pe] round= 45 work=        2 frontier=       26 next=        2 consolidate=  0.003ms frontier=  0.000ms semisort=  0.007ms (keyed= 0.000ms group_by=  0.001ms per_group= 0.001ms)
[pe] round= 46 work=        2 frontier=        8 next=        2 consolidate=  0.002ms frontier=  0.000ms semisort=  0.003ms (keyed= 0.000ms group_by=  0.000ms per_group= 0.001ms)
[pe] round= 47 work=        2 frontier=        8 next=        2 consolidate=  0.003ms frontier=  0.000ms semisort=  0.004ms (keyed= 0.000ms group_by=  0.000ms per_group= 0.001ms)
[pe] round= 48 work=        2 frontier=        4 next=        2 consolidate=  0.003ms frontier=  0.000ms semisort=  0.003ms (keyed= 0.000ms group_by=  0.000ms per_group= 0.001ms)
[pe] round= 49 work=        2 frontier=       20 next=        2 consolidate=  0.003ms frontier=  0.000ms semisort=  0.005ms (keyed= 0.000ms group_by=  0.001ms per_group= 0.001ms)
[pe] round= 50 work=        2 frontier=        4 next=        2 consolidate=  0.003ms frontier=  0.000ms semisort=  0.002ms (keyed= 0.000ms group_by=  0.000ms per_group= 0.001ms)
[pe] round= 51 work=        2 (tail-skip: all parents empty)
[pe] round=  0 work=  8509525 frontier=  5063084 next=    59086 consolidate=220.012ms frontier= 23.441ms semisort= 59.862ms (keyed=10.036ms group_by=  1.566ms per_group= 6.858ms)
[pe] round=  1 work=    59086 frontier=   551494 next=    13151 consolidate=  6.359ms frontier=  2.043ms semisort=  7.732ms (keyed= 1.519ms group_by=  0.219ms per_group= 1.265ms)
[pe] round=  2 work=    13151 frontier=   120430 next=    10937 consolidate=  1.314ms frontier=  0.235ms semisort=  3.437ms (keyed= 0.037ms group_by=  1.485ms per_group= 0.720ms)
[pe] round=  3 work=    10937 frontier=    64865 next=     7757 consolidate=  1.330ms frontier=  0.224ms semisort=  2.273ms (keyed= 0.169ms group_by=  0.870ms per_group= 0.487ms)
[pe] round=  4 work=     7757 frontier=    25747 next=     3790 consolidate=  1.649ms frontier=  0.237ms semisort=  0.989ms (keyed= 0.016ms group_by=  0.329ms per_group= 0.248ms)
[pe] round=  5 work=     3790 frontier=    12633 next=     1812 consolidate=  0.848ms frontier=  0.225ms semisort=  0.587ms (keyed= 0.014ms group_by=  0.177ms per_group= 0.140ms)
[pe] round=  6 work=     1812 frontier=     6864 next=      994 consolidate=  0.388ms frontier=  0.074ms semisort=  0.797ms (keyed= 0.010ms group_by=  0.435ms per_group= 0.144ms)
[pe] round=  7 work=      994 frontier=     3763 next=      546 consolidate=  0.269ms frontier=  0.058ms semisort=  0.389ms (keyed= 0.012ms group_by=  0.200ms per_group= 0.082ms)
[pe] round=  8 work=      546 frontier=     2568 next=      361 consolidate=  0.114ms frontier=  0.033ms semisort=  0.383ms (keyed= 0.007ms group_by=  0.186ms per_group= 0.092ms)
[pe] round=  9 work=      361 frontier=     1974 next=      271 consolidate=  0.116ms frontier=  0.020ms semisort=  0.279ms (keyed= 0.006ms group_by=  0.089ms per_group= 0.080ms)
[pe] round= 10 work=      271 frontier=      934 next=      119 consolidate=  0.108ms frontier=  0.016ms semisort=  0.235ms (keyed= 0.002ms group_by=  0.034ms per_group= 0.049ms)
[pe] round= 11 work=      119 frontier=      539 next=       96 consolidate=  0.081ms frontier=  0.006ms semisort=  0.120ms (keyed= 0.001ms group_by=  0.023ms per_group= 0.036ms)
[pe] round= 12 work=       96 frontier=      455 next=       75 consolidate=  0.028ms frontier=  0.007ms semisort=  0.083ms (keyed= 0.001ms group_by=  0.013ms per_group= 0.022ms)
[pe] round= 13 work=       75 frontier=      522 next=       87 consolidate=  0.059ms frontier=  0.005ms semisort=  0.103ms (keyed= 0.001ms group_by=  0.019ms per_group= 0.031ms)
[pe] round= 14 work=       87 frontier=      349 next=       67 consolidate=  0.046ms frontier=  0.007ms semisort=  0.072ms (keyed= 0.001ms group_by=  0.012ms per_group= 0.027ms)
[pe] round= 15 work=       67 frontier=      315 next=       56 consolidate=  0.066ms frontier=  0.004ms semisort=  0.066ms (keyed= 0.001ms group_by=  0.013ms per_group= 0.022ms)
[pe] round= 16 work=       56 frontier=      294 next=       48 consolidate=  0.053ms frontier=  0.003ms semisort=  0.055ms (keyed= 0.001ms group_by=  0.010ms per_group= 0.026ms)
[pe] round= 17 work=       48 frontier=      546 next=      104 consolidate=  0.037ms frontier=  0.004ms semisort=  0.102ms (keyed= 0.001ms group_by=  0.017ms per_group= 0.026ms)
[pe] round= 18 work=      104 frontier=     1028 next=       86 consolidate=  0.062ms frontier=  0.006ms semisort=  0.141ms (keyed= 0.003ms group_by=  0.036ms per_group= 0.043ms)
[pe] round= 19 work=       86 frontier=      674 next=       34 consolidate=  0.069ms frontier=  0.005ms semisort=  0.101ms (keyed= 0.001ms group_by=  0.021ms per_group= 0.019ms)
[pe] round= 20 work=       34 frontier=      184 next=       31 consolidate=  0.034ms frontier=  0.003ms semisort=  0.037ms (keyed= 0.000ms group_by=  0.006ms per_group= 0.013ms)
[pe] round= 21 work=       31 frontier=      202 next=       27 consolidate=  0.030ms frontier=  0.003ms semisort=  0.037ms (keyed= 0.001ms group_by=  0.006ms per_group= 0.015ms)
[pe] round= 22 work=       27 frontier=      161 next=       25 consolidate=  0.029ms frontier=  0.002ms semisort=  0.033ms (keyed= 0.001ms group_by=  0.005ms per_group= 0.012ms)
[pe] round= 23 work=       25 frontier=      155 next=       25 consolidate=  0.029ms frontier=  0.002ms semisort=  0.033ms (keyed= 0.001ms group_by=  0.005ms per_group= 0.013ms)
[pe] round= 24 work=       25 frontier=      150 next=       25 consolidate=  0.028ms frontier=  0.001ms semisort=  0.035ms (keyed= 0.001ms group_by=  0.005ms per_group= 0.012ms)
[pe] round= 25 work=       25 frontier=      182 next=       25 consolidate=  0.021ms frontier=  0.002ms semisort=  0.034ms (keyed= 0.001ms group_by=  0.005ms per_group= 0.012ms)
[pe] round= 26 work=       25 frontier=      152 next=       23 consolidate=  0.019ms frontier=  0.003ms semisort=  0.033ms (keyed= 0.001ms group_by=  0.005ms per_group= 0.013ms)
[pe] round= 27 work=       23 frontier=      139 next=       21 consolidate=  0.016ms frontier=  0.008ms semisort=  0.029ms (keyed= 0.001ms group_by=  0.005ms per_group= 0.010ms)
[pe] round= 28 work=       21 frontier=      127 next=       21 consolidate=  0.025ms frontier=  0.002ms semisort=  0.028ms (keyed= 0.001ms group_by=  0.004ms per_group= 0.010ms)
[pe] round= 29 work=       21 frontier=      126 next=       16 consolidate=  0.016ms frontier=  0.002ms semisort=  0.025ms (keyed= 0.001ms group_by=  0.004ms per_group= 0.009ms)
[pe] round= 30 work=       16 frontier=       86 next=       14 consolidate=  0.012ms frontier=  0.002ms semisort=  0.019ms (keyed= 0.000ms group_by=  0.003ms per_group= 0.007ms)
[pe] round= 31 work=       14 frontier=       85 next=       14 consolidate=  0.014ms frontier=  0.002ms semisort=  0.022ms (keyed= 0.001ms group_by=  0.003ms per_group= 0.008ms)
[pe] round= 32 work=       14 frontier=       77 next=       14 consolidate=  0.014ms frontier=  0.002ms semisort=  0.020ms (keyed= 0.001ms group_by=  0.003ms per_group= 0.007ms)
[pe] round= 33 work=       14 frontier=      106 next=       12 consolidate=  0.013ms frontier=  0.001ms semisort=  0.023ms (keyed= 0.001ms group_by=  0.003ms per_group= 0.008ms)
[pe] round= 34 work=       12 frontier=       67 next=       10 consolidate=  0.012ms frontier=  0.002ms semisort=  0.017ms (keyed= 0.000ms group_by=  0.003ms per_group= 0.004ms)
[pe] round= 35 work=       10 frontier=       54 next=        6 consolidate=  0.012ms frontier=  0.001ms semisort=  0.013ms (keyed= 0.000ms group_by=  0.002ms per_group= 0.004ms)
[pe] round= 36 work=        6 frontier=       23 next=        4 consolidate=  0.007ms frontier=  0.001ms semisort=  0.006ms (keyed= 0.000ms group_by=  0.001ms per_group= 0.002ms)
[pe] round= 37 work=        4 frontier=       41 next=        4 consolidate=  0.005ms frontier=  0.001ms semisort=  0.009ms (keyed= 0.000ms group_by=  0.001ms per_group= 0.003ms)
[pe] round= 38 work=        4 frontier=       24 next=        5 consolidate=  0.006ms frontier=  0.001ms semisort=  0.007ms (keyed= 0.000ms group_by=  0.001ms per_group= 0.002ms)
[pe] round= 39 work=        5 frontier=       13 next=        3 consolidate=  0.005ms frontier=  0.001ms semisort=  0.005ms (keyed= 0.000ms group_by=  0.001ms per_group= 0.002ms)
[pe] round= 40 work=        3 frontier=        4 next=        2 consolidate=  0.004ms frontier=  0.001ms semisort=  0.003ms (keyed= 0.000ms group_by=  0.000ms per_group= 0.001ms)
[pe] round= 41 work=        2 frontier=       26 next=        2 consolidate=  0.003ms frontier=  0.001ms semisort=  0.006ms (keyed= 0.000ms group_by=  0.001ms per_group= 0.002ms)
[pe] round= 42 work=        2 frontier=        8 next=        2 consolidate=  0.003ms frontier=  0.000ms semisort=  0.003ms (keyed= 0.000ms group_by=  0.001ms per_group= 0.001ms)
[pe] round= 43 work=        2 frontier=        8 next=        2 consolidate=  0.003ms frontier=  0.000ms semisort=  0.004ms (keyed= 0.000ms group_by=  0.000ms per_group= 0.001ms)
[pe] round= 44 work=        2 frontier=        4 next=        2 consolidate=  0.002ms frontier=  0.000ms semisort=  0.002ms (keyed= 0.000ms group_by=  0.000ms per_group= 0.001ms)
[pe] round= 45 work=        2 frontier=       26 next=        2 consolidate=  0.003ms frontier=  0.000ms semisort=  0.007ms (keyed= 0.000ms group_by=  0.001ms per_group= 0.002ms)
[pe] round= 46 work=        2 frontier=        8 next=        2 consolidate=  0.003ms frontier=  0.000ms semisort=  0.003ms (keyed= 0.000ms group_by=  0.000ms per_group= 0.001ms)
[pe] round= 47 work=        2 frontier=        8 next=        2 consolidate=  0.003ms frontier=  0.000ms semisort=  0.003ms (keyed= 0.000ms group_by=  0.000ms per_group= 0.001ms)
[pe] round= 48 work=        2 frontier=        4 next=        2 consolidate=  0.002ms frontier=  0.000ms semisort=  0.002ms (keyed= 0.000ms group_by=  0.000ms per_group= 0.001ms)
[pe] round= 49 work=        2 frontier=       20 next=        2 consolidate=  0.003ms frontier=  0.000ms semisort=  0.006ms (keyed= 0.000ms group_by=  0.001ms per_group= 0.002ms)
[pe] round= 50 work=        2 frontier=        4 next=        2 consolidate=  0.003ms frontier=  0.000ms semisort=  0.002ms (keyed= 0.000ms group_by=  0.000ms per_group= 0.001ms)
[pe] round= 51 work=        2 (tail-skip: all parents empty)
[pe-async] round=  0 R=2 dirty=  5063084 runs=  3311279 filter=  7.327ms semisort= 21.874ms
[pe-async] round=  1 R=3 dirty=   551494 runs=   413678 filter=  7.946ms semisort=  3.549ms
[pe-async] round=  2 R=4 dirty=   118530 runs=    90571 filter=  7.194ms semisort=  4.809ms
[pe-async] round=  3 R=5 dirty=    63130 runs=    43838 filter=  6.835ms semisort=  2.227ms
[pe-async] round=  4 R=6 dirty=    21921 runs=    13199 filter=  6.453ms semisort=  0.781ms
[pe-async] round=  5 R=7 dirty=    11018 runs=     6046 filter=  6.233ms semisort=  0.414ms
[pe-async] round=  6 R=8 dirty=     6096 runs=     3487 filter=  6.194ms semisort=  0.269ms
[pe-async] round=  7 R=9 dirty=     3453 runs=     1863 filter=  6.055ms semisort=  0.196ms
[pe-async] round=  8 R=10 dirty=     2383 runs=     1485 filter=  5.865ms semisort=  0.122ms
[pe-async] round=  9 R=11 dirty=     1846 runs=     1095 filter=  5.844ms semisort=  0.108ms
[pe-async] round= 10 R=12 dirty=      844 runs=      563 filter=  5.788ms semisort=  0.092ms
[pe-async] round= 11 R=13 dirty=      539 runs=      301 filter=  5.808ms semisort=  0.073ms
[pe-async] round= 12 R=14 dirty=      455 runs=      286 filter=  5.859ms semisort=  0.057ms
[pe-async] round= 13 R=15 dirty=      522 runs=      306 filter=  5.762ms semisort=  0.064ms
[pe-async] round= 14 R=16 dirty=      349 runs=      212 filter=  5.773ms semisort=  0.053ms
[pe-async] round= 15 R=17 dirty=      315 runs=      189 filter=  5.699ms semisort=  0.044ms
[pe-async] round= 16 R=18 dirty=      294 runs=      179 filter=  5.763ms semisort=  0.048ms
[pe-async] round= 17 R=19 dirty=      546 runs=      311 filter=  5.722ms semisort=  0.065ms
[pe-async] round= 18 R=20 dirty=     1000 runs=      395 filter=  5.707ms semisort=  0.081ms
[pe-async] round= 19 R=21 dirty=      654 runs=      308 filter=  5.648ms semisort=  0.053ms
[pe-async] round= 20 R=22 dirty=      184 runs=      118 filter=  5.691ms semisort=  0.035ms
[pe-async] round= 21 R=23 dirty=      202 runs=      129 filter=  5.640ms semisort=  0.032ms
[pe-async] round= 22 R=24 dirty=      161 runs=      107 filter=  5.603ms semisort=  0.028ms
[pe-async] round= 23 R=25 dirty=      155 runs=       96 filter=  5.654ms semisort=  0.030ms
[pe-async] round= 24 R=26 dirty=      150 runs=       97 filter=  5.688ms semisort=  0.028ms
[pe-async] round= 25 R=27 dirty=      182 runs=      115 filter=  5.681ms semisort=  0.028ms
[pe-async] round= 26 R=28 dirty=      152 runs=      101 filter=  5.539ms semisort=  0.028ms
[pe-async] round= 27 R=29 dirty=      139 runs=       86 filter=  5.408ms semisort=  0.025ms
[pe-async] round= 28 R=30 dirty=      127 runs=       80 filter=  5.528ms semisort=  0.024ms
[pe-async] round= 29 R=31 dirty=      126 runs=       82 filter=  5.374ms semisort=  0.024ms
[pe-async] round= 30 R=32 dirty=       86 runs=       58 filter=  5.563ms semisort=  0.020ms
[pe-async] round= 31 R=33 dirty=       85 runs=       52 filter=  5.629ms semisort=  0.019ms
[pe-async] round= 32 R=34 dirty=       77 runs=       50 filter=  5.709ms semisort=  0.021ms
[pe-async] round= 33 R=35 dirty=      106 runs=       68 filter=  5.593ms semisort=  0.019ms
[pe-async] round= 34 R=36 dirty=       67 runs=       47 filter=  5.539ms semisort=  0.018ms
[pe-async] round= 35 R=37 dirty=       54 runs=       34 filter=  5.413ms semisort=  0.017ms
[pe-async] round= 36 R=38 dirty=       23 runs=       15 filter=  5.616ms semisort=  0.011ms
[pe-async] round= 37 R=39 dirty=       41 runs=       23 filter=  5.630ms semisort=  0.011ms
[pe-async] round= 38 R=40 dirty=       24 runs=       14 filter=  5.601ms semisort=  0.010ms
[pe-async] round= 39 R=41 dirty=       13 runs=        6 filter=  5.676ms semisort=  0.009ms
[pe-async] round= 40 R=42 dirty=        4 runs=        2 filter=  5.468ms semisort=  0.007ms
[pe-async] round= 41 R=43 dirty=       26 runs=       14 filter=  5.384ms semisort=  0.010ms
[pe-async] round= 42 R=44 dirty=        8 runs=        6 filter=  5.346ms semisort=  0.008ms
[pe-async] round= 43 R=45 dirty=        8 runs=        2 filter=  5.580ms semisort=  0.007ms
[pe-async] round= 44 R=46 dirty=        4 runs=        2 filter=  5.547ms semisort=  0.008ms
[pe-async] round= 45 R=47 dirty=       26 runs=       14 filter=  5.519ms semisort=  0.009ms
[pe-async] round= 46 R=48 dirty=        8 runs=        6 filter=  5.594ms semisort=  0.008ms
[pe-async] round= 47 R=49 dirty=        8 runs=        2 filter=  5.507ms semisort=  0.008ms
[pe-async] round= 48 R=50 dirty=        4 runs=        2 filter=  5.562ms semisort=  0.007ms
[pe-async] round= 49 R=51 dirty=       20 runs=       14 filter=  5.552ms semisort=  0.009ms
[pe-async] round= 50 R=52 dirty=        4 runs=        2 filter=  5.475ms semisort=  0.007ms
[pe-async] round= 51 R=53 dirty=        0 filter=  5.418ms (clean break)
[pe-async] round=  0 R=2 dirty=  5063084 runs=  3311279 filter=  6.096ms semisort= 22.369ms
[pe-async] round=  1 R=3 dirty=   551494 runs=   413678 filter=  7.495ms semisort=  3.713ms
[pe-async] round=  2 R=4 dirty=   118530 runs=    90571 filter=  6.946ms semisort=  4.837ms
[pe-async] round=  3 R=5 dirty=    63130 runs=    43838 filter=  6.543ms semisort=  2.181ms
[pe-async] round=  4 R=6 dirty=    21921 runs=    13199 filter=  6.331ms semisort=  0.781ms
[pe-async] round=  5 R=7 dirty=    11018 runs=     6046 filter=  6.120ms semisort=  0.416ms
[pe-async] round=  6 R=8 dirty=     6096 runs=     3487 filter=  5.975ms semisort=  0.263ms
[pe-async] round=  7 R=9 dirty=     3453 runs=     1863 filter=  6.055ms semisort=  0.199ms
[pe-async] round=  8 R=10 dirty=     2383 runs=     1485 filter=  6.075ms semisort=  0.122ms
[pe-async] round=  9 R=11 dirty=     1846 runs=     1095 filter=  5.956ms semisort=  0.142ms
[pe-async] round= 10 R=12 dirty=      844 runs=      563 filter=  5.922ms semisort=  0.096ms
[pe-async] round= 11 R=13 dirty=      539 runs=      301 filter=  5.817ms semisort=  0.074ms
[pe-async] round= 12 R=14 dirty=      455 runs=      286 filter=  5.672ms semisort=  0.057ms
[pe-async] round= 13 R=15 dirty=      522 runs=      306 filter=  5.761ms semisort=  0.068ms
[pe-async] round= 14 R=16 dirty=      349 runs=      212 filter=  5.668ms semisort=  0.052ms
[pe-async] round= 15 R=17 dirty=      315 runs=      189 filter=  5.857ms semisort=  0.048ms
[pe-async] round= 16 R=18 dirty=      294 runs=      179 filter=  5.774ms semisort=  0.044ms
[pe-async] round= 17 R=19 dirty=      546 runs=      311 filter=  5.787ms semisort=  0.066ms
[pe-async] round= 18 R=20 dirty=     1000 runs=      395 filter=  5.662ms semisort=  0.079ms
[pe-async] round= 19 R=21 dirty=      654 runs=      308 filter=  5.764ms semisort=  0.058ms
[pe-async] round= 20 R=22 dirty=      184 runs=      118 filter=  5.727ms semisort=  0.034ms
[pe-async] round= 21 R=23 dirty=      202 runs=      129 filter=  5.627ms semisort=  0.030ms
[pe-async] round= 22 R=24 dirty=      161 runs=      107 filter=  5.578ms semisort=  0.033ms
[pe-async] round= 23 R=25 dirty=      155 runs=       96 filter=  5.678ms semisort=  0.030ms
[pe-async] round= 24 R=26 dirty=      150 runs=       97 filter=  5.784ms semisort=  0.028ms
[pe-async] round= 25 R=27 dirty=      182 runs=      115 filter=  5.451ms semisort=  0.030ms
[pe-async] round= 26 R=28 dirty=      152 runs=      101 filter=  5.792ms semisort=  0.029ms
[pe-async] round= 27 R=29 dirty=      139 runs=       86 filter=  5.773ms semisort=  0.025ms
[pe-async] round= 28 R=30 dirty=      127 runs=       80 filter=  5.613ms semisort=  0.032ms
[pe-async] round= 29 R=31 dirty=      126 runs=       82 filter=  5.709ms semisort=  0.024ms
[pe-async] round= 30 R=32 dirty=       86 runs=       58 filter=  5.773ms semisort=  0.021ms
[pe-async] round= 31 R=33 dirty=       85 runs=       52 filter=  5.682ms semisort=  0.020ms
[pe-async] round= 32 R=34 dirty=       77 runs=       50 filter=  5.559ms semisort=  0.019ms
[pe-async] round= 33 R=35 dirty=      106 runs=       68 filter=  5.549ms semisort=  0.022ms
[pe-async] round= 34 R=36 dirty=       67 runs=       47 filter=  5.760ms semisort=  0.019ms
[pe-async] round= 35 R=37 dirty=       54 runs=       34 filter=  5.665ms semisort=  0.017ms
[pe-async] round= 36 R=38 dirty=       23 runs=       15 filter=  5.536ms semisort=  0.011ms
[pe-async] round= 37 R=39 dirty=       41 runs=       23 filter=  5.558ms semisort=  0.011ms
[pe-async] round= 38 R=40 dirty=       24 runs=       14 filter=  5.596ms semisort=  0.010ms
[pe-async] round= 39 R=41 dirty=       13 runs=        6 filter=  5.571ms semisort=  0.008ms
[pe-async] round= 40 R=42 dirty=        4 runs=        2 filter=  5.544ms semisort=  0.007ms
[pe-async] round= 41 R=43 dirty=       26 runs=       14 filter=  5.589ms semisort=  0.009ms
[pe-async] round= 42 R=44 dirty=        8 runs=        6 filter=  5.726ms semisort=  0.008ms
[pe-async] round= 43 R=45 dirty=        8 runs=        2 filter=  5.629ms semisort=  0.008ms
[pe-async] round= 44 R=46 dirty=        4 runs=        2 filter=  5.685ms semisort=  0.007ms
[pe-async] round= 45 R=47 dirty=       26 runs=       14 filter=  5.503ms semisort=  0.009ms
[pe-async] round= 46 R=48 dirty=        8 runs=        6 filter=  5.405ms semisort=  0.007ms
[pe-async] round= 47 R=49 dirty=        8 runs=        2 filter=  5.707ms semisort=  0.008ms
[pe-async] round= 48 R=50 dirty=        4 runs=        2 filter=  5.488ms semisort=  0.006ms
[pe-async] round= 49 R=51 dirty=       20 runs=       14 filter=  5.573ms semisort=  0.009ms
[pe-async] round= 50 R=52 dirty=        4 runs=        2 filter=  5.645ms semisort=  0.007ms
[pe-async] round= 51 R=53 dirty=        0 filter=  5.468ms (clean break)
[pe-async] round=  0 R=2 dirty=  5063084 runs=  3311279 filter=  6.190ms semisort= 21.996ms
[pe-async] round=  1 R=3 dirty=   551494 runs=   413678 filter=  7.696ms semisort=  3.636ms
[pe-async] round=  2 R=4 dirty=   118530 runs=    90571 filter=  7.100ms semisort=  4.841ms
[pe-async] round=  3 R=5 dirty=    63130 runs=    43838 filter=  6.736ms semisort=  2.185ms
[pe-async] round=  4 R=6 dirty=    21921 runs=    13199 filter=  6.382ms semisort=  0.844ms
[pe-async] round=  5 R=7 dirty=    11018 runs=     6046 filter=  6.148ms semisort=  0.418ms
[pe-async] round=  6 R=8 dirty=     6096 runs=     3487 filter=  5.920ms semisort=  0.289ms
[pe-async] round=  7 R=9 dirty=     3453 runs=     1863 filter=  5.912ms semisort=  0.197ms
[pe-async] round=  8 R=10 dirty=     2383 runs=     1485 filter=  5.903ms semisort=  0.122ms
[pe-async] round=  9 R=11 dirty=     1846 runs=     1095 filter=  5.950ms semisort=  0.147ms
[pe-async] round= 10 R=12 dirty=      844 runs=      563 filter=  5.795ms semisort=  0.093ms
[pe-async] round= 11 R=13 dirty=      539 runs=      301 filter=  5.672ms semisort=  0.071ms
[pe-async] round= 12 R=14 dirty=      455 runs=      286 filter=  5.906ms semisort=  0.059ms
[pe-async] round= 13 R=15 dirty=      522 runs=      306 filter=  5.765ms semisort=  0.065ms
[pe-async] round= 14 R=16 dirty=      349 runs=      212 filter=  5.833ms semisort=  0.051ms
[pe-async] round= 15 R=17 dirty=      315 runs=      189 filter=  5.809ms semisort=  0.045ms
[pe-async] round= 16 R=18 dirty=      294 runs=      179 filter=  5.774ms semisort=  0.041ms
[pe-async] round= 17 R=19 dirty=      546 runs=      311 filter=  5.944ms semisort=  0.070ms
[pe-async] round= 18 R=20 dirty=     1000 runs=      395 filter=  6.083ms semisort=  0.082ms
[pe-async] round= 19 R=21 dirty=      654 runs=      308 filter=  6.093ms semisort=  0.053ms
[pe-async] round= 20 R=22 dirty=      184 runs=      118 filter=  6.051ms semisort=  0.030ms
[pe-async] round= 21 R=23 dirty=      202 runs=      129 filter=  6.067ms semisort=  0.030ms
[pe-async] round= 22 R=24 dirty=      161 runs=      107 filter=  6.086ms semisort=  0.026ms
[pe-async] round= 23 R=25 dirty=      155 runs=       96 filter=  6.130ms semisort=  0.027ms
[pe-async] round= 24 R=26 dirty=      150 runs=       97 filter=  5.944ms semisort=  0.028ms
[pe-async] round= 25 R=27 dirty=      182 runs=      115 filter=  5.953ms semisort=  0.028ms
[pe-async] round= 26 R=28 dirty=      152 runs=      101 filter=  5.976ms semisort=  0.025ms
[pe-async] round= 27 R=29 dirty=      139 runs=       86 filter=  6.176ms semisort=  0.026ms
[pe-async] round= 28 R=30 dirty=      127 runs=       80 filter=  5.848ms semisort=  0.025ms
[pe-async] round= 29 R=31 dirty=      126 runs=       82 filter=  6.215ms semisort=  0.023ms
[pe-async] round= 30 R=32 dirty=       86 runs=       58 filter=  5.866ms semisort=  0.019ms
[pe-async] round= 31 R=33 dirty=       85 runs=       52 filter=  5.779ms semisort=  0.019ms
[pe-async] round= 32 R=34 dirty=       77 runs=       50 filter=  5.960ms semisort=  0.019ms
[pe-async] round= 33 R=35 dirty=      106 runs=       68 filter=  6.081ms semisort=  0.021ms
[pe-async] round= 34 R=36 dirty=       67 runs=       47 filter=  5.946ms semisort=  0.021ms
[pe-async] round= 35 R=37 dirty=       54 runs=       34 filter=  5.811ms semisort=  0.016ms
[pe-async] round= 36 R=38 dirty=       23 runs=       15 filter=  6.076ms semisort=  0.011ms
[pe-async] round= 37 R=39 dirty=       41 runs=       23 filter=  6.047ms semisort=  0.012ms
[pe-async] round= 38 R=40 dirty=       24 runs=       14 filter=  6.109ms semisort=  0.011ms
[pe-async] round= 39 R=41 dirty=       13 runs=        6 filter=  5.862ms semisort=  0.009ms
[pe-async] round= 40 R=42 dirty=        4 runs=        2 filter=  5.975ms semisort=  0.007ms
[pe-async] round= 41 R=43 dirty=       26 runs=       14 filter=  5.922ms semisort=  0.009ms
[pe-async] round= 42 R=44 dirty=        8 runs=        6 filter=  5.993ms semisort=  0.008ms
[pe-async] round= 43 R=45 dirty=        8 runs=        2 filter=  5.922ms semisort=  0.008ms
[pe-async] round= 44 R=46 dirty=        4 runs=        2 filter=  5.939ms semisort=  0.007ms
[pe-async] round= 45 R=47 dirty=       26 runs=       14 filter=  5.919ms semisort=  0.009ms
[pe-async] round= 46 R=48 dirty=        8 runs=        6 filter=  5.984ms semisort=  0.009ms
[pe-async] round= 47 R=49 dirty=        8 runs=        2 filter=  5.946ms semisort=  0.008ms
[pe-async] round= 48 R=50 dirty=        4 runs=        2 filter=  6.011ms semisort=  0.008ms
[pe-async] round= 49 R=51 dirty=       20 runs=       14 filter=  5.807ms semisort=  0.008ms
[pe-async] round= 50 R=52 dirty=        4 runs=        2 filter=  6.116ms semisort=  0.006ms
[pe-async] round= 51 R=53 dirty=        0 filter=  5.769ms (clean break)
[pe-async] round=  0 R=2 dirty=  5063084 runs=  3311279 filter=  6.187ms semisort= 22.159ms
[pe-async] round=  1 R=3 dirty=   551494 runs=   413678 filter=  7.718ms semisort=  3.702ms
[pe-async] round=  2 R=4 dirty=   118530 runs=    90571 filter=  7.048ms semisort=  4.890ms
[pe-async] round=  3 R=5 dirty=    63130 runs=    43838 filter=  6.699ms semisort=  2.199ms
[pe-async] round=  4 R=6 dirty=    21921 runs=    13199 filter=  6.326ms semisort=  0.748ms
[pe-async] round=  5 R=7 dirty=    11018 runs=     6046 filter=  6.245ms semisort=  0.421ms
[pe-async] round=  6 R=8 dirty=     6096 runs=     3487 filter=  6.189ms semisort=  0.262ms
[pe-async] round=  7 R=9 dirty=     3453 runs=     1863 filter=  6.178ms semisort=  0.181ms
[pe-async] round=  8 R=10 dirty=     2383 runs=     1485 filter=  5.958ms semisort=  0.133ms
[pe-async] round=  9 R=11 dirty=     1846 runs=     1095 filter=  5.831ms semisort=  0.116ms
[pe-async] round= 10 R=12 dirty=      844 runs=      563 filter=  6.018ms semisort=  0.089ms
[pe-async] round= 11 R=13 dirty=      539 runs=      301 filter=  5.829ms semisort=  0.071ms
[pe-async] round= 12 R=14 dirty=      455 runs=      286 filter=  5.785ms semisort=  0.063ms
[pe-async] round= 13 R=15 dirty=      522 runs=      306 filter=  5.745ms semisort=  0.068ms
[pe-async] round= 14 R=16 dirty=      349 runs=      212 filter=  5.669ms semisort=  0.051ms
[pe-async] round= 15 R=17 dirty=      315 runs=      189 filter=  5.800ms semisort=  0.044ms
[pe-async] round= 16 R=18 dirty=      294 runs=      179 filter=  5.899ms semisort=  0.042ms
[pe-async] round= 17 R=19 dirty=      546 runs=      311 filter=  5.908ms semisort=  0.072ms
[pe-async] round= 18 R=20 dirty=     1000 runs=      395 filter=  5.881ms semisort=  0.085ms
[pe-async] round= 19 R=21 dirty=      654 runs=      308 filter=  5.815ms semisort=  0.053ms
[pe-async] round= 20 R=22 dirty=      184 runs=      118 filter=  5.746ms semisort=  0.036ms
[pe-async] round= 21 R=23 dirty=      202 runs=      129 filter=  5.818ms semisort=  0.032ms
[pe-async] round= 22 R=24 dirty=      161 runs=      107 filter=  5.814ms semisort=  0.029ms
[pe-async] round= 23 R=25 dirty=      155 runs=       96 filter=  5.586ms semisort=  0.029ms
[pe-async] round= 24 R=26 dirty=      150 runs=       97 filter=  5.671ms semisort=  0.027ms
[pe-async] round= 25 R=27 dirty=      182 runs=      115 filter=  5.716ms semisort=  0.029ms
[pe-async] round= 26 R=28 dirty=      152 runs=      101 filter=  5.692ms semisort=  0.027ms
[pe-async] round= 27 R=29 dirty=      139 runs=       86 filter=  5.761ms semisort=  0.026ms
[pe-async] round= 28 R=30 dirty=      127 runs=       80 filter=  5.609ms semisort=  0.024ms
[pe-async] round= 29 R=31 dirty=      126 runs=       82 filter=  5.726ms semisort=  0.023ms
[pe-async] round= 30 R=32 dirty=       86 runs=       58 filter=  5.642ms semisort=  0.019ms
[pe-async] round= 31 R=33 dirty=       85 runs=       52 filter=  5.713ms semisort=  0.019ms
[pe-async] round= 32 R=34 dirty=       77 runs=       50 filter=  5.710ms semisort=  0.020ms
[pe-async] round= 33 R=35 dirty=      106 runs=       68 filter=  5.751ms semisort=  0.021ms
[pe-async] round= 34 R=36 dirty=       67 runs=       47 filter=  5.617ms semisort=  0.020ms
[pe-async] round= 35 R=37 dirty=       54 runs=       34 filter=  5.807ms semisort=  0.018ms
[pe-async] round= 36 R=38 dirty=       23 runs=       15 filter=  5.777ms semisort=  0.011ms
[pe-async] round= 37 R=39 dirty=       41 runs=       23 filter=  5.609ms semisort=  0.011ms
[pe-async] round= 38 R=40 dirty=       24 runs=       14 filter=  5.809ms semisort=  0.010ms
[pe-async] round= 39 R=41 dirty=       13 runs=        6 filter=  5.712ms semisort=  0.008ms
[pe-async] round= 40 R=42 dirty=        4 runs=        2 filter=  5.556ms semisort=  0.007ms
[pe-async] round= 41 R=43 dirty=       26 runs=       14 filter=  5.666ms semisort=  0.009ms
[pe-async] round= 42 R=44 dirty=        8 runs=        6 filter=  5.756ms semisort=  0.008ms
[pe-async] round= 43 R=45 dirty=        8 runs=        2 filter=  5.602ms semisort=  0.007ms
[pe-async] round= 44 R=46 dirty=        4 runs=        2 filter=  5.518ms semisort=  0.006ms
[pe-async] round= 45 R=47 dirty=       26 runs=       14 filter=  5.764ms semisort=  0.009ms
[pe-async] round= 46 R=48 dirty=        8 runs=        6 filter=  5.670ms semisort=  0.007ms
[pe-async] round= 47 R=49 dirty=        8 runs=        2 filter=  5.668ms semisort=  0.008ms
[pe-async] round= 48 R=50 dirty=        4 runs=        2 filter=  5.589ms semisort=  0.007ms
[pe-async] round= 49 R=51 dirty=       20 runs=       14 filter=  5.803ms semisort=  0.008ms
[pe-async] round= 50 R=52 dirty=        4 runs=        2 filter=  5.815ms semisort=  0.007ms
[pe-async] round= 51 R=53 dirty=        0 filter=  5.562ms (clean break)
[pe-async] round=  0 R=2 dirty=  5063084 runs=  3311279 filter=  5.967ms semisort= 22.291ms
[pe-async] round=  1 R=3 dirty=   551494 runs=   413678 filter=  8.160ms semisort=  3.875ms
[pe-async] round=  2 R=4 dirty=   118530 runs=    90571 filter=  7.457ms semisort=  4.704ms
[pe-async] round=  3 R=5 dirty=    63130 runs=    43838 filter=  7.163ms semisort=  2.273ms
[pe-async] round=  4 R=6 dirty=    21921 runs=    13199 filter=  6.693ms semisort=  0.785ms
[pe-async] round=  5 R=7 dirty=    11018 runs=     6046 filter=  6.559ms semisort=  0.433ms
[pe-async] round=  6 R=8 dirty=     6096 runs=     3487 filter=  6.535ms semisort=  0.290ms
[pe-async] round=  7 R=9 dirty=     3453 runs=     1863 filter=  6.629ms semisort=  0.193ms
[pe-async] round=  8 R=10 dirty=     2383 runs=     1485 filter=  6.329ms semisort=  0.125ms
[pe-async] round=  9 R=11 dirty=     1846 runs=     1095 filter=  6.397ms semisort=  0.111ms
[pe-async] round= 10 R=12 dirty=      844 runs=      563 filter=  6.170ms semisort=  0.100ms
[pe-async] round= 11 R=13 dirty=      539 runs=      301 filter=  6.273ms semisort=  0.074ms
[pe-async] round= 12 R=14 dirty=      455 runs=      286 filter=  6.399ms semisort=  0.059ms
[pe-async] round= 13 R=15 dirty=      522 runs=      306 filter=  6.492ms semisort=  0.065ms
[pe-async] round= 14 R=16 dirty=      349 runs=      212 filter=  6.261ms semisort=  0.052ms
[pe-async] round= 15 R=17 dirty=      315 runs=      189 filter=  6.115ms semisort=  0.055ms
[pe-async] round= 16 R=18 dirty=      294 runs=      179 filter=  6.144ms semisort=  0.037ms
[pe-async] round= 17 R=19 dirty=      546 runs=      311 filter=  6.121ms semisort=  0.068ms
[pe-async] round= 18 R=20 dirty=     1000 runs=      395 filter=  6.016ms semisort=  0.084ms
[pe-async] round= 19 R=21 dirty=      654 runs=      308 filter=  6.146ms semisort=  0.058ms
[pe-async] round= 20 R=22 dirty=      184 runs=      118 filter=  6.122ms semisort=  0.031ms
[pe-async] round= 21 R=23 dirty=      202 runs=      129 filter=  6.070ms semisort=  0.030ms
[pe-async] round= 22 R=24 dirty=      161 runs=      107 filter=  5.978ms semisort=  0.027ms
[pe-async] round= 23 R=25 dirty=      155 runs=       96 filter=  6.049ms semisort=  0.031ms
[pe-async] round= 24 R=26 dirty=      150 runs=       97 filter=  6.183ms semisort=  0.028ms
[pe-async] round= 25 R=27 dirty=      182 runs=      115 filter=  6.047ms semisort=  0.029ms
[pe-async] round= 26 R=28 dirty=      152 runs=      101 filter=  6.270ms semisort=  0.029ms
[pe-async] round= 27 R=29 dirty=      139 runs=       86 filter=  5.977ms semisort=  0.024ms
[pe-async] round= 28 R=30 dirty=      127 runs=       80 filter=  6.004ms semisort=  0.043ms
[pe-async] round= 29 R=31 dirty=      126 runs=       82 filter=  5.995ms semisort=  0.023ms
[pe-async] round= 30 R=32 dirty=       86 runs=       58 filter=  5.722ms semisort=  0.020ms
[pe-async] round= 31 R=33 dirty=       85 runs=       52 filter=  5.731ms semisort=  0.021ms
[pe-async] round= 32 R=34 dirty=       77 runs=       50 filter=  5.963ms semisort=  0.018ms
[pe-async] round= 33 R=35 dirty=      106 runs=       68 filter=  5.665ms semisort=  0.021ms
[pe-async] round= 34 R=36 dirty=       67 runs=       47 filter=  5.773ms semisort=  0.021ms
[pe-async] round= 35 R=37 dirty=       54 runs=       34 filter=  5.733ms semisort=  0.018ms
[pe-async] round= 36 R=38 dirty=       23 runs=       15 filter=  5.719ms semisort=  0.011ms
[pe-async] round= 37 R=39 dirty=       41 runs=       23 filter=  5.722ms semisort=  0.011ms
[pe-async] round= 38 R=40 dirty=       24 runs=       14 filter=  5.726ms semisort=  0.016ms
[pe-async] round= 39 R=41 dirty=       13 runs=        6 filter=  5.678ms semisort=  0.008ms
[pe-async] round= 40 R=42 dirty=        4 runs=        2 filter=  5.855ms semisort=  0.008ms
[pe-async] round= 41 R=43 dirty=       26 runs=       14 filter=  5.726ms semisort=  0.009ms
[pe-async] round= 42 R=44 dirty=        8 runs=        6 filter=  5.651ms semisort=  0.007ms
[pe-async] round= 43 R=45 dirty=        8 runs=        2 filter=  5.730ms semisort=  0.007ms
[pe-async] round= 44 R=46 dirty=        4 runs=        2 filter=  5.591ms semisort=  0.006ms
[pe-async] round= 45 R=47 dirty=       26 runs=       14 filter=  5.572ms semisort=  0.009ms
[pe-async] round= 46 R=48 dirty=        8 runs=        6 filter=  5.689ms semisort=  0.007ms
[pe-async] round= 47 R=49 dirty=        8 runs=        2 filter=  5.635ms semisort=  0.007ms
[pe-async] round= 48 R=50 dirty=        4 runs=        2 filter=  5.694ms semisort=  0.007ms
[pe-async] round= 49 R=51 dirty=       20 runs=       14 filter=  5.678ms semisort=  0.008ms
[pe-async] round= 50 R=52 dirty=        4 runs=        2 filter=  5.592ms semisort=  0.006ms
[pe-async] round= 51 R=53 dirty=        0 filter=  5.662ms (clean break)
[pe-async] round=  0 R=2 dirty=  5063084 runs=  3311279 filter=  6.200ms semisort= 23.023ms
[pe-async] round=  1 R=3 dirty=   551494 runs=   413678 filter=  7.950ms semisort=  3.823ms
[pe-async] round=  2 R=4 dirty=   118530 runs=    90571 filter=  7.191ms semisort=  4.989ms
[pe-async] round=  3 R=5 dirty=    63130 runs=    43838 filter=  6.801ms semisort=  2.259ms
[pe-async] round=  4 R=6 dirty=    21921 runs=    13199 filter=  6.432ms semisort=  0.787ms
[pe-async] round=  5 R=7 dirty=    11018 runs=     6046 filter=  6.510ms semisort=  0.418ms
[pe-async] round=  6 R=8 dirty=     6096 runs=     3487 filter=  6.306ms semisort=  0.297ms
[pe-async] round=  7 R=9 dirty=     3453 runs=     1863 filter=  6.268ms semisort=  0.197ms
[pe-async] round=  8 R=10 dirty=     2383 runs=     1485 filter=  6.192ms semisort=  0.140ms
[pe-async] round=  9 R=11 dirty=     1846 runs=     1095 filter=  5.941ms semisort=  0.117ms
[pe-async] round= 10 R=12 dirty=      844 runs=      563 filter=  6.084ms semisort=  0.098ms
[pe-async] round= 11 R=13 dirty=      539 runs=      301 filter=  5.898ms semisort=  0.071ms
[pe-async] round= 12 R=14 dirty=      455 runs=      286 filter=  5.937ms semisort=  0.065ms
[pe-async] round= 13 R=15 dirty=      522 runs=      306 filter=  5.915ms semisort=  0.070ms
[pe-async] round= 14 R=16 dirty=      349 runs=      212 filter=  5.855ms semisort=  0.052ms
[pe-async] round= 15 R=17 dirty=      315 runs=      189 filter=  5.864ms semisort=  0.047ms
[pe-async] round= 16 R=18 dirty=      294 runs=      179 filter=  5.935ms semisort=  0.042ms
[pe-async] round= 17 R=19 dirty=      546 runs=      311 filter=  5.882ms semisort=  0.069ms
[pe-async] round= 18 R=20 dirty=     1000 runs=      395 filter=  5.860ms semisort=  0.079ms
[pe-async] round= 19 R=21 dirty=      654 runs=      308 filter=  5.655ms semisort=  0.055ms
[pe-async] round= 20 R=22 dirty=      184 runs=      118 filter=  5.754ms semisort=  0.033ms
[pe-async] round= 21 R=23 dirty=      202 runs=      129 filter=  5.986ms semisort=  0.031ms
[pe-async] round= 22 R=24 dirty=      161 runs=      107 filter=  5.715ms semisort=  0.030ms
[pe-async] round= 23 R=25 dirty=      155 runs=       96 filter=  5.855ms semisort=  0.029ms
[pe-async] round= 24 R=26 dirty=      150 runs=       97 filter=  5.693ms semisort=  0.027ms
[pe-async] round= 25 R=27 dirty=      182 runs=      115 filter=  5.757ms semisort=  0.029ms
[pe-async] round= 26 R=28 dirty=      152 runs=      101 filter=  5.758ms semisort=  0.028ms
[pe-async] round= 27 R=29 dirty=      139 runs=       86 filter=  5.831ms semisort=  0.025ms
[pe-async] round= 28 R=30 dirty=      127 runs=       80 filter=  5.960ms semisort=  0.025ms
[pe-async] round= 29 R=31 dirty=      126 runs=       82 filter=  5.849ms semisort=  0.026ms
[pe-async] round= 30 R=32 dirty=       86 runs=       58 filter=  5.873ms semisort=  0.021ms
[pe-async] round= 31 R=33 dirty=       85 runs=       52 filter=  5.934ms semisort=  0.020ms
[pe-async] round= 32 R=34 dirty=       77 runs=       50 filter=  5.843ms semisort=  0.019ms
[pe-async] round= 33 R=35 dirty=      106 runs=       68 filter=  5.653ms semisort=  0.023ms
[pe-async] round= 34 R=36 dirty=       67 runs=       47 filter=  5.605ms semisort=  0.020ms
[pe-async] round= 35 R=37 dirty=       54 runs=       34 filter=  5.878ms semisort=  0.014ms
[pe-async] round= 36 R=38 dirty=       23 runs=       15 filter=  5.853ms semisort=  0.011ms
[pe-async] round= 37 R=39 dirty=       41 runs=       23 filter=  5.864ms semisort=  0.011ms
[pe-async] round= 38 R=40 dirty=       24 runs=       14 filter=  5.689ms semisort=  0.011ms
[pe-async] round= 39 R=41 dirty=       13 runs=        6 filter=  5.633ms semisort=  0.008ms
[pe-async] round= 40 R=42 dirty=        4 runs=        2 filter=  5.930ms semisort=  0.006ms
[pe-async] round= 41 R=43 dirty=       26 runs=       14 filter=  5.826ms semisort=  0.009ms
[pe-async] round= 42 R=44 dirty=        8 runs=        6 filter=  5.933ms semisort=  0.007ms
[pe-async] round= 43 R=45 dirty=        8 runs=        2 filter=  5.709ms semisort=  0.006ms
[pe-async] round= 44 R=46 dirty=        4 runs=        2 filter=  5.761ms semisort=  0.006ms
[pe-async] round= 45 R=47 dirty=       26 runs=       14 filter=  5.760ms semisort=  0.009ms
[pe-async] round= 46 R=48 dirty=        8 runs=        6 filter=  5.828ms semisort=  0.007ms
[pe-async] round= 47 R=49 dirty=        8 runs=        2 filter=  5.783ms semisort=  0.007ms
[pe-async] round= 48 R=50 dirty=        4 runs=        2 filter=  5.850ms semisort=  0.006ms
[pe-async] round= 49 R=51 dirty=       20 runs=       14 filter=  5.761ms semisort=  0.009ms
[pe-async] round= 50 R=52 dirty=        4 runs=        2 filter=  5.713ms semisort=  0.006ms
[pe-async] round= 51 R=53 dirty=        0 filter=  5.807ms (clean break)
