[gates_bench] ./miter-cc-benchmarks/iwls22_with_not/h5m-n06-ands.gates ...
  literals=3206860  NOT=1500349  gates=4663996  total_classes=9371205  read=0.055s parse=0.051s build=0.151s
[pe] round=  0 work=  9346445 frontier=  6046272 next=        8 consolidate=207.496ms frontier= 28.635ms semisort= 67.008ms (keyed=12.524ms group_by=  2.073ms per_group= 6.190ms)
[pe] round=  1 work=        8 frontier=       56 next=        8 consolidate=  0.027ms frontier=  0.005ms semisort=  0.029ms (keyed= 0.001ms group_by=  0.004ms per_group= 0.010ms)
[pe] round=  2 work=        8 frontier=       40 next=        0 consolidate=  0.012ms frontier=  0.001ms semisort=  0.011ms (keyed= 0.000ms group_by=  0.004ms per_group= 0.001ms)
[pe] round=  0 work=  9346445 frontier=  6046272 next=        8 consolidate=210.456ms frontier= 26.385ms semisort= 67.597ms (keyed=13.088ms group_by=  2.038ms per_group= 6.150ms)
[pe] round=  1 work=        8 frontier=       56 next=        8 consolidate=  0.027ms frontier=  0.005ms semisort=  0.038ms (keyed= 0.001ms group_by=  0.005ms per_group= 0.010ms)
[pe] round=  2 work=        8 frontier=       40 next=        0 consolidate=  0.012ms frontier=  0.001ms semisort=  0.012ms (keyed= 0.000ms group_by=  0.005ms per_group= 0.001ms)
[pe] round=  0 work=  9346445 frontier=  6046272 next=        8 consolidate=223.955ms frontier= 24.760ms semisort= 67.866ms (keyed=12.845ms group_by=  2.022ms per_group= 6.173ms)
[pe] round=  1 work=        8 frontier=       56 next=        8 consolidate=  0.026ms frontier=  0.006ms semisort=  0.036ms (keyed= 0.001ms group_by=  0.005ms per_group= 0.017ms)
[pe] round=  2 work=        8 frontier=       40 next=        0 consolidate=  0.012ms frontier=  0.001ms semisort=  0.010ms (keyed= 0.000ms group_by=  0.003ms per_group= 0.002ms)
[pe] round=  0 work=  9346445 frontier=  6046272 next=        8 consolidate=229.441ms frontier= 25.923ms semisort= 66.161ms (keyed=12.547ms group_by=  1.983ms per_group= 6.208ms)
[pe] round=  1 work=        8 frontier=       56 next=        8 consolidate=  0.029ms frontier=  0.006ms semisort=  0.035ms (keyed= 0.001ms group_by=  0.006ms per_group= 0.015ms)
[pe] round=  2 work=        8 frontier=       40 next=        0 consolidate=  0.018ms frontier=  0.001ms semisort=  0.012ms (keyed= 0.000ms group_by=  0.005ms per_group= 0.002ms)
[pe] round=  0 work=  9346445 frontier=  6046272 next=        8 consolidate=235.154ms frontier= 25.622ms semisort= 66.868ms (keyed=12.705ms group_by=  2.044ms per_group= 6.288ms)
[pe] round=  1 work=        8 frontier=       56 next=        8 consolidate=  0.029ms frontier=  0.006ms semisort=  0.039ms (keyed= 0.001ms group_by=  0.006ms per_group= 0.019ms)
[pe] round=  2 work=        8 frontier=       40 next=        0 consolidate=  0.013ms frontier=  0.001ms semisort=  0.013ms (keyed= 0.000ms group_by=  0.006ms per_group= 0.002ms)
[pe] round=  0 work=  9346445 frontier=  6046272 next=        8 consolidate=240.511ms frontier= 27.125ms semisort= 66.752ms (keyed=12.498ms group_by=  2.056ms per_group= 6.111ms)
[pe] round=  1 work=        8 frontier=       56 next=        8 consolidate=  0.029ms frontier=  0.006ms semisort=  0.033ms (keyed= 0.002ms group_by=  0.006ms per_group= 0.011ms)
[pe] round=  2 work=        8 frontier=       40 next=        0 consolidate=  0.011ms frontier=  0.001ms semisort=  0.011ms (keyed= 0.000ms group_by=  0.004ms per_group= 0.002ms)
[pe-async] round=  0 R=2 dirty=  6046272 runs=  3411223 filter=  7.805ms semisort= 24.972ms
[pe-async] round=  1 R=3 dirty=       56 runs=        8 filter=  7.865ms semisort=  0.020ms
[pe-async] round=  2 R=4 dirty=       40 runs=       24 filter=  7.207ms semisort=  0.014ms
[pe-async] round=  3 R=5 dirty=        0 filter=  6.885ms (clean break)
[pe-async] round=  0 R=2 dirty=  6046272 runs=  3411223 filter=  6.685ms semisort= 24.654ms
[pe-async] round=  1 R=3 dirty=       56 runs=        8 filter=  7.503ms semisort=  0.020ms
[pe-async] round=  2 R=4 dirty=       40 runs=       24 filter=  6.808ms semisort=  0.014ms
[pe-async] round=  3 R=5 dirty=        0 filter=  6.630ms (clean break)
[pe-async] round=  0 R=2 dirty=  6046272 runs=  3411223 filter=  6.808ms semisort= 24.257ms
[pe-async] round=  1 R=3 dirty=       56 runs=        8 filter=  7.702ms semisort=  0.022ms
[pe-async] round=  2 R=4 dirty=       40 runs=       24 filter=  7.262ms semisort=  0.015ms
[pe-async] round=  3 R=5 dirty=        0 filter=  6.910ms (clean break)
[pe-async] round=  0 R=2 dirty=  6046272 runs=  3411223 filter=  6.334ms semisort= 24.805ms
[pe-async] round=  1 R=3 dirty=       56 runs=        8 filter=  7.122ms semisort=  0.020ms
[pe-async] round=  2 R=4 dirty=       40 runs=       24 filter=  6.742ms semisort=  0.014ms
[pe-async] round=  3 R=5 dirty=        0 filter=  6.565ms (clean break)
[pe-async] round=  0 R=2 dirty=  6046272 runs=  3411223 filter=  6.541ms semisort= 24.305ms
[pe-async] round=  1 R=3 dirty=       56 runs=        8 filter=  7.527ms semisort=  0.024ms
[pe-async] round=  2 R=4 dirty=       40 runs=       24 filter=  6.967ms semisort=  0.013ms
[pe-async] round=  3 R=5 dirty=        0 filter=  6.682ms (clean break)
[pe-async] round=  0 R=2 dirty=  6046272 runs=  3411223 filter=  6.685ms semisort= 24.921ms
[pe-async] round=  1 R=3 dirty=       56 runs=        8 filter=  7.438ms semisort=  0.022ms
[pe-async] round=  2 R=4 dirty=       40 runs=       24 filter=  6.936ms semisort=  0.013ms
[pe-async] round=  3 R=5 dirty=        0 filter=  6.716ms (clean break)
