[gates_bench] ./miter-cc-benchmarks/hwmcc12_with_not/6s100-ands-opt.gates ...
  literals=3040530  NOT=1304136  gates=3442638  total_classes=7787304  read=0.040s parse=0.033s build=0.120s
[pe] round=  0 work=  7660166 frontier=  4343127 next=    33820 consolidate= 95.612ms frontier= 15.059ms semisort= 29.790ms (keyed= 8.102ms group_by=  0.805ms per_group= 2.831ms)
[pe] round=  1 work=    33820 frontier=   275400 next=    35127 consolidate=  2.075ms frontier=  0.223ms semisort=  2.797ms (keyed= 1.096ms group_by=  0.127ms per_group= 0.617ms)
[pe] round=  2 work=    35127 frontier=   166185 next=    10264 consolidate=  1.937ms frontier=  0.224ms semisort=  3.191ms (keyed= 0.051ms group_by=  1.790ms per_group= 0.542ms)
[pe] round=  3 work=    10264 frontier=    92844 next=    12764 consolidate=  0.727ms frontier=  0.142ms semisort=  2.163ms (keyed= 0.026ms group_by=  1.117ms per_group= 0.518ms)
[pe] round=  4 work=    12764 frontier=    43536 next=     9486 consolidate=  0.923ms frontier=  0.132ms semisort=  0.940ms (keyed= 0.019ms group_by=  0.356ms per_group= 0.265ms)
[pe] round=  5 work=     9486 frontier=    25405 next=     1523 consolidate=  1.514ms frontier=  0.244ms semisort=  0.586ms (keyed= 0.017ms group_by=  0.245ms per_group= 0.114ms)
[pe] round=  6 work=     1523 frontier=     5975 next=      615 consolidate=  0.341ms frontier=  0.068ms semisort=  0.572ms (keyed= 0.011ms group_by=  0.378ms per_group= 0.093ms)
[pe] round=  7 work=      615 frontier=     1441 next=      150 consolidate=  0.167ms frontier=  0.027ms semisort=  0.236ms (keyed= 0.006ms group_by=  0.107ms per_group= 0.054ms)
[pe] round=  8 work=      150 frontier=      468 next=       95 consolidate=  0.068ms frontier=  0.008ms semisort=  0.069ms (keyed= 0.002ms group_by=  0.017ms per_group= 0.028ms)
[pe] round=  9 work=       95 frontier=      236 next=       86 consolidate=  0.034ms frontier=  0.006ms semisort=  0.048ms (keyed= 0.001ms group_by=  0.009ms per_group= 0.017ms)
[pe] round= 10 work=       86 frontier=      302 next=       67 consolidate=  0.035ms frontier=  0.005ms semisort=  0.046ms (keyed= 0.001ms group_by=  0.011ms per_group= 0.016ms)
[pe] round= 11 work=       67 frontier=      137 next=       64 consolidate=  0.035ms frontier=  0.005ms semisort=  0.037ms (keyed= 0.001ms group_by=  0.006ms per_group= 0.015ms)
[pe] round= 12 work=       64 frontier=      256 next=       64 consolidate=  0.036ms frontier=  0.004ms semisort=  0.040ms (keyed= 0.001ms group_by=  0.008ms per_group= 0.013ms)
[pe] round= 13 work=       64 frontier=      128 next=        0 consolidate=  0.031ms frontier=  0.004ms semisort=  0.024ms (keyed= 0.001ms group_by=  0.008ms per_group= 0.004ms)
[pe] round=  0 work=  7660166 frontier=  4343127 next=    33820 consolidate= 93.014ms frontier= 12.499ms semisort= 26.988ms (keyed= 5.326ms group_by=  0.764ms per_group= 2.817ms)
[pe] round=  1 work=    33820 frontier=   275400 next=    35127 consolidate=  2.175ms frontier=  0.211ms semisort=  2.385ms (keyed= 0.693ms group_by=  0.107ms per_group= 0.616ms)
[pe] round=  2 work=    35127 frontier=   166185 next=    10264 consolidate=  1.870ms frontier=  0.249ms semisort=  3.084ms (keyed= 0.048ms group_by=  1.755ms per_group= 0.434ms)
[pe] round=  3 work=    10264 frontier=    92844 next=    12764 consolidate=  0.635ms frontier=  0.124ms semisort=  2.204ms (keyed= 0.022ms group_by=  1.253ms per_group= 0.427ms)
[pe] round=  4 work=    12764 frontier=    43536 next=     9486 consolidate=  0.835ms frontier=  0.147ms semisort=  1.000ms (keyed= 0.020ms group_by=  0.411ms per_group= 0.267ms)
[pe] round=  5 work=     9486 frontier=    25405 next=     1523 consolidate=  1.462ms frontier=  0.266ms semisort=  0.789ms (keyed= 0.016ms group_by=  0.433ms per_group= 0.131ms)
[pe] round=  6 work=     1523 frontier=     5975 next=      615 consolidate=  0.272ms frontier=  0.070ms semisort=  0.555ms (keyed= 0.010ms group_by=  0.357ms per_group= 0.102ms)
[pe] round=  7 work=      615 frontier=     1441 next=      150 consolidate=  0.155ms frontier=  0.029ms semisort=  0.240ms (keyed= 0.005ms group_by=  0.108ms per_group= 0.054ms)
[pe] round=  8 work=      150 frontier=      468 next=       95 consolidate=  0.072ms frontier=  0.008ms semisort=  0.068ms (keyed= 0.002ms group_by=  0.015ms per_group= 0.027ms)
[pe] round=  9 work=       95 frontier=      236 next=       86 consolidate=  0.032ms frontier=  0.006ms semisort=  0.045ms (keyed= 0.001ms group_by=  0.007ms per_group= 0.015ms)
[pe] round= 10 work=       86 frontier=      302 next=       67 consolidate=  0.035ms frontier=  0.005ms semisort=  0.047ms (keyed= 0.001ms group_by=  0.011ms per_group= 0.017ms)
[pe] round= 11 work=       67 frontier=      137 next=       64 consolidate=  0.044ms frontier=  0.004ms semisort=  0.036ms (keyed= 0.001ms group_by=  0.005ms per_group= 0.015ms)
[pe] round= 12 work=       64 frontier=      256 next=       64 consolidate=  0.038ms frontier=  0.003ms semisort=  0.039ms (keyed= 0.001ms group_by=  0.008ms per_group= 0.014ms)
[pe] round= 13 work=       64 frontier=      128 next=        0 consolidate=  0.034ms frontier=  0.004ms semisort=  0.023ms (keyed= 0.001ms group_by=  0.005ms per_group= 0.006ms)
[pe] round=  0 work=  7660166 frontier=  4343127 next=    33820 consolidate= 95.721ms frontier= 12.513ms semisort= 26.892ms (keyed= 5.391ms group_by=  0.755ms per_group= 2.860ms)
[pe] round=  1 work=    33820 frontier=   275400 next=    35127 consolidate=  2.027ms frontier=  0.222ms semisort=  2.209ms (keyed= 0.500ms group_by=  0.119ms per_group= 0.613ms)
[pe] round=  2 work=    35127 frontier=   166185 next=    10264 consolidate=  1.835ms frontier=  0.226ms semisort=  2.953ms (keyed= 0.045ms group_by=  1.639ms per_group= 0.436ms)
[pe] round=  3 work=    10264 frontier=    92844 next=    12764 consolidate=  0.647ms frontier=  0.127ms semisort=  1.815ms (keyed= 0.023ms group_by=  0.818ms per_group= 0.452ms)
[pe] round=  4 work=    12764 frontier=    43536 next=     9486 consolidate=  0.843ms frontier=  0.128ms semisort=  0.981ms (keyed= 0.021ms group_by=  0.374ms per_group= 0.277ms)
[pe] round=  5 work=     9486 frontier=    25405 next=     1523 consolidate=  1.514ms frontier=  0.245ms semisort=  0.725ms (keyed= 0.016ms group_by=  0.347ms per_group= 0.145ms)
[pe] round=  6 work=     1523 frontier=     5975 next=      615 consolidate=  0.321ms frontier=  0.069ms semisort=  0.578ms (keyed= 0.012ms group_by=  0.379ms per_group= 0.094ms)
[pe] round=  7 work=      615 frontier=     1441 next=      150 consolidate=  0.159ms frontier=  0.029ms semisort=  0.235ms (keyed= 0.006ms group_by=  0.115ms per_group= 0.053ms)
[pe] round=  8 work=      150 frontier=      468 next=       95 consolidate=  0.078ms frontier=  0.008ms semisort=  0.080ms (keyed= 0.002ms group_by=  0.023ms per_group= 0.027ms)
[pe] round=  9 work=       95 frontier=      236 next=       86 consolidate=  0.045ms frontier=  0.006ms semisort=  0.042ms (keyed= 0.001ms group_by=  0.008ms per_group= 0.015ms)
[pe] round= 10 work=       86 frontier=      302 next=       67 consolidate=  0.046ms frontier=  0.005ms semisort=  0.050ms (keyed= 0.001ms group_by=  0.011ms per_group= 0.018ms)
[pe] round= 11 work=       67 frontier=      137 next=       64 consolidate=  0.041ms frontier=  0.005ms semisort=  0.038ms (keyed= 0.001ms group_by=  0.006ms per_group= 0.013ms)
[pe] round= 12 work=       64 frontier=      256 next=       64 consolidate=  0.036ms frontier=  0.003ms semisort=  0.043ms (keyed= 0.001ms group_by=  0.010ms per_group= 0.015ms)
[pe] round= 13 work=       64 frontier=      128 next=        0 consolidate=  0.033ms frontier=  0.005ms semisort=  0.023ms (keyed= 0.001ms group_by=  0.005ms per_group= 0.006ms)
[pe] round=  0 work=  7660166 frontier=  4343127 next=    33820 consolidate= 98.735ms frontier= 26.279ms semisort= 26.814ms (keyed= 5.266ms group_by=  0.769ms per_group= 2.867ms)
[pe] round=  1 work=    33820 frontier=   275400 next=    35127 consolidate=  2.178ms frontier=  0.222ms semisort=  2.337ms (keyed= 0.616ms group_by=  0.119ms per_group= 0.626ms)
[pe] round=  2 work=    35127 frontier=   166185 next=    10264 consolidate=  1.841ms frontier=  0.244ms semisort=  2.959ms (keyed= 0.051ms group_by=  1.632ms per_group= 0.445ms)
[pe] round=  3 work=    10264 frontier=    92844 next=    12764 consolidate=  0.638ms frontier=  0.129ms semisort=  1.943ms (keyed= 0.023ms group_by=  0.979ms per_group= 0.444ms)
[pe] round=  4 work=    12764 frontier=    43536 next=     9486 consolidate=  0.780ms frontier=  0.134ms semisort=  1.036ms (keyed= 0.018ms group_by=  0.429ms per_group= 0.280ms)
[pe] round=  5 work=     9486 frontier=    25405 next=     1523 consolidate=  1.559ms frontier=  0.223ms semisort=  0.704ms (keyed= 0.019ms group_by=  0.326ms per_group= 0.145ms)
[pe] round=  6 work=     1523 frontier=     5975 next=      615 consolidate=  0.351ms frontier=  0.075ms semisort=  0.566ms (keyed= 0.012ms group_by=  0.356ms per_group= 0.113ms)
[pe] round=  7 work=      615 frontier=     1441 next=      150 consolidate=  0.156ms frontier=  0.029ms semisort=  0.260ms (keyed= 0.004ms group_by=  0.103ms per_group= 0.072ms)
[pe] round=  8 work=      150 frontier=      468 next=       95 consolidate=  0.053ms frontier=  0.009ms semisort=  0.083ms (keyed= 0.002ms group_by=  0.014ms per_group= 0.041ms)
[pe] round=  9 work=       95 frontier=      236 next=       86 consolidate=  0.046ms frontier=  0.005ms semisort=  0.048ms (keyed= 0.001ms group_by=  0.008ms per_group= 0.018ms)
[pe] round= 10 work=       86 frontier=      302 next=       67 consolidate=  0.058ms frontier=  0.004ms semisort=  0.047ms (keyed= 0.001ms group_by=  0.009ms per_group= 0.016ms)
[pe] round= 11 work=       67 frontier=      137 next=       64 consolidate=  0.035ms frontier=  0.004ms semisort=  0.033ms (keyed= 0.001ms group_by=  0.005ms per_group= 0.012ms)
[pe] round= 12 work=       64 frontier=      256 next=       64 consolidate=  0.025ms frontier=  0.004ms semisort=  0.041ms (keyed= 0.001ms group_by=  0.009ms per_group= 0.014ms)
[pe] round= 13 work=       64 frontier=      128 next=        0 consolidate=  0.024ms frontier=  0.004ms semisort=  0.023ms (keyed= 0.001ms group_by=  0.004ms per_group= 0.006ms)
[pe] round=  0 work=  7660166 frontier=  4343127 next=    33820 consolidate= 99.863ms frontier= 13.457ms semisort= 26.412ms (keyed= 5.267ms group_by=  0.760ms per_group= 2.854ms)
[pe] round=  1 work=    33820 frontier=   275400 next=    35127 consolidate=  2.007ms frontier=  0.220ms semisort=  2.478ms (keyed= 0.671ms group_by=  0.113ms per_group= 0.617ms)
[pe] round=  2 work=    35127 frontier=   166185 next=    10264 consolidate=  1.932ms frontier=  0.251ms semisort=  3.180ms (keyed= 0.049ms group_by=  1.839ms per_group= 0.459ms)
[pe] round=  3 work=    10264 frontier=    92844 next=    12764 consolidate=  0.700ms frontier=  0.173ms semisort=  2.022ms (keyed= 0.026ms group_by=  1.041ms per_group= 0.441ms)
[pe] round=  4 work=    12764 frontier=    43536 next=     9486 consolidate=  0.827ms frontier=  0.137ms semisort=  0.942ms (keyed= 0.019ms group_by=  0.350ms per_group= 0.267ms)
[pe] round=  5 work=     9486 frontier=    25405 next=     1523 consolidate=  1.500ms frontier=  0.222ms semisort=  0.720ms (keyed= 0.015ms group_by=  0.358ms per_group= 0.130ms)
[pe] round=  6 work=     1523 frontier=     5975 next=      615 consolidate=  0.268ms frontier=  0.084ms semisort=  0.566ms (keyed= 0.015ms group_by=  0.379ms per_group= 0.089ms)
[pe] round=  7 work=      615 frontier=     1441 next=      150 consolidate=  0.157ms frontier=  0.028ms semisort=  0.255ms (keyed= 0.005ms group_by=  0.102ms per_group= 0.070ms)
[pe] round=  8 work=      150 frontier=      468 next=       95 consolidate=  0.055ms frontier=  0.008ms semisort=  0.086ms (keyed= 0.002ms group_by=  0.015ms per_group= 0.030ms)
[pe] round=  9 work=       95 frontier=      236 next=       86 consolidate=  0.065ms frontier=  0.005ms semisort=  0.048ms (keyed= 0.001ms group_by=  0.008ms per_group= 0.016ms)
[pe] round= 10 work=       86 frontier=      302 next=       67 consolidate=  0.038ms frontier=  0.005ms semisort=  0.051ms (keyed= 0.001ms group_by=  0.011ms per_group= 0.017ms)
[pe] round= 11 work=       67 frontier=      137 next=       64 consolidate=  0.026ms frontier=  0.005ms semisort=  0.037ms (keyed= 0.001ms group_by=  0.006ms per_group= 0.015ms)
[pe] round= 12 work=       64 frontier=      256 next=       64 consolidate=  0.029ms frontier=  0.004ms semisort=  0.041ms (keyed= 0.001ms group_by=  0.010ms per_group= 0.013ms)
[pe] round= 13 work=       64 frontier=      128 next=        0 consolidate=  0.030ms frontier=  0.004ms semisort=  0.025ms (keyed= 0.001ms group_by=  0.004ms per_group= 0.004ms)
[pe] round=  0 work=  7660166 frontier=  4343127 next=    33820 consolidate=100.091ms frontier= 12.290ms semisort= 26.716ms (keyed= 5.473ms group_by=  0.760ms per_group= 2.858ms)
[pe] round=  1 work=    33820 frontier=   275400 next=    35127 consolidate=  2.260ms frontier=  0.221ms semisort=  2.292ms (keyed= 0.574ms group_by=  0.117ms per_group= 0.628ms)
[pe] round=  2 work=    35127 frontier=   166185 next=    10264 consolidate=  1.806ms frontier=  0.258ms semisort=  3.222ms (keyed= 0.051ms group_by=  1.868ms per_group= 0.454ms)
[pe] round=  3 work=    10264 frontier=    92844 next=    12764 consolidate=  0.641ms frontier=  0.124ms semisort=  1.896ms (keyed= 0.023ms group_by=  0.919ms per_group= 0.448ms)
[pe] round=  4 work=    12764 frontier=    43536 next=     9486 consolidate=  0.910ms frontier=  0.149ms semisort=  1.045ms (keyed= 0.018ms group_by=  0.444ms per_group= 0.273ms)
[pe] round=  5 work=     9486 frontier=    25405 next=     1523 consolidate=  1.560ms frontier=  0.229ms semisort=  0.635ms (keyed= 0.016ms group_by=  0.258ms per_group= 0.133ms)
[pe] round=  6 work=     1523 frontier=     5975 next=      615 consolidate=  0.279ms frontier=  0.083ms semisort=  0.566ms (keyed= 0.014ms group_by=  0.374ms per_group= 0.094ms)
[pe] round=  7 work=      615 frontier=     1441 next=      150 consolidate=  0.154ms frontier=  0.029ms semisort=  0.257ms (keyed= 0.004ms group_by=  0.108ms per_group= 0.067ms)
[pe] round=  8 work=      150 frontier=      468 next=       95 consolidate=  0.058ms frontier=  0.008ms semisort=  0.084ms (keyed= 0.002ms group_by=  0.017ms per_group= 0.034ms)
[pe] round=  9 work=       95 frontier=      236 next=       86 consolidate=  0.049ms frontier=  0.006ms semisort=  0.047ms (keyed= 0.001ms group_by=  0.008ms per_group= 0.016ms)
[pe] round= 10 work=       86 frontier=      302 next=       67 consolidate=  0.037ms frontier=  0.005ms semisort=  0.050ms (keyed= 0.001ms group_by=  0.010ms per_group= 0.015ms)
[pe] round= 11 work=       67 frontier=      137 next=       64 consolidate=  0.036ms frontier=  0.004ms semisort=  0.035ms (keyed= 0.001ms group_by=  0.006ms per_group= 0.012ms)
[pe] round= 12 work=       64 frontier=      256 next=       64 consolidate=  0.038ms frontier=  0.004ms semisort=  0.043ms (keyed= 0.001ms group_by=  0.012ms per_group= 0.013ms)
[pe] round= 13 work=       64 frontier=      128 next=        0 consolidate=  0.041ms frontier=  0.003ms semisort=  0.021ms (keyed= 0.001ms group_by=  0.005ms per_group= 0.005ms)
[pe-async] round=  0 R=2 dirty=  4343127 runs=  2757114 filter=  2.994ms semisort= 10.304ms
[pe-async] round=  1 R=3 dirty=   272857 runs=   104580 filter=  3.080ms semisort=  1.411ms
[pe-async] round=  2 R=4 dirty=   158389 runs=   142228 filter=  2.800ms semisort=  0.823ms
[pe-async] round=  3 R=5 dirty=    92276 runs=    65413 filter=  2.596ms semisort=  3.033ms
[pe-async] round=  4 R=6 dirty=    42803 runs=    16260 filter=  2.516ms semisort=  1.320ms
[pe-async] round=  5 R=7 dirty=    25366 runs=    21108 filter=  2.393ms semisort=  0.733ms
[pe-async] round=  6 R=8 dirty=     5325 runs=     3567 filter=  2.351ms semisort=  0.223ms
[pe-async] round=  7 R=9 dirty=     1441 runs=     1128 filter=  2.267ms semisort=  0.103ms
[pe-async] round=  8 R=10 dirty=      419 runs=      168 filter=  2.204ms semisort=  0.060ms
[pe-async] round=  9 R=11 dirty=      236 runs=      110 filter=  2.201ms semisort=  0.044ms
[pe-async] round= 10 R=12 dirty=      294 runs=       97 filter=  2.175ms semisort=  0.034ms
[pe-async] round= 11 R=13 dirty=      137 runs=       70 filter=  2.161ms semisort=  0.031ms
[pe-async] round= 12 R=14 dirty=      256 runs=       64 filter=  2.145ms semisort=  0.030ms
[pe-async] round= 13 R=15 dirty=      128 runs=      128 filter=  2.140ms semisort=  0.017ms
[pe-async] round= 14 R=16 dirty=        0 filter=  2.157ms (clean break)
[pe-async] round=  0 R=2 dirty=  4343127 runs=  2757114 filter=  2.467ms semisort= 10.650ms
[pe-async] round=  1 R=3 dirty=   272857 runs=   104580 filter=  2.914ms semisort=  1.512ms
[pe-async] round=  2 R=4 dirty=   158389 runs=   142228 filter=  2.686ms semisort=  0.843ms
[pe-async] round=  3 R=5 dirty=    92276 runs=    65413 filter=  2.517ms semisort=  2.952ms
[pe-async] round=  4 R=6 dirty=    42803 runs=    16260 filter=  2.440ms semisort=  1.322ms
[pe-async] round=  5 R=7 dirty=    25366 runs=    21108 filter=  2.344ms semisort=  0.727ms
[pe-async] round=  6 R=8 dirty=     5325 runs=     3567 filter=  2.312ms semisort=  0.212ms
[pe-async] round=  7 R=9 dirty=     1441 runs=     1128 filter=  2.235ms semisort=  0.101ms
[pe-async] round=  8 R=10 dirty=      419 runs=      168 filter=  2.184ms semisort=  0.055ms
[pe-async] round=  9 R=11 dirty=      236 runs=      110 filter=  2.187ms semisort=  0.037ms
[pe-async] round= 10 R=12 dirty=      294 runs=       97 filter=  2.196ms semisort=  0.035ms
[pe-async] round= 11 R=13 dirty=      137 runs=       70 filter=  2.194ms semisort=  0.031ms
[pe-async] round= 12 R=14 dirty=      256 runs=       64 filter=  2.173ms semisort=  0.032ms
[pe-async] round= 13 R=15 dirty=      128 runs=      128 filter=  2.191ms semisort=  0.016ms
[pe-async] round= 14 R=16 dirty=        0 filter=  2.188ms (clean break)
[pe-async] round=  0 R=2 dirty=  4343127 runs=  2757114 filter=  2.419ms semisort=  9.724ms
[pe-async] round=  1 R=3 dirty=   272857 runs=   104580 filter=  2.773ms semisort=  1.418ms
[pe-async] round=  2 R=4 dirty=   158389 runs=   142228 filter=  2.534ms semisort=  0.969ms
[pe-async] round=  3 R=5 dirty=    92276 runs=    65413 filter=  2.387ms semisort=  3.078ms
[pe-async] round=  4 R=6 dirty=    42803 runs=    16260 filter=  2.326ms semisort=  1.318ms
[pe-async] round=  5 R=7 dirty=    25366 runs=    21108 filter=  2.216ms semisort=  0.766ms
[pe-async] round=  6 R=8 dirty=     5325 runs=     3567 filter=  2.153ms semisort=  0.214ms
[pe-async] round=  7 R=9 dirty=     1441 runs=     1128 filter=  2.120ms semisort=  0.106ms
[pe-async] round=  8 R=10 dirty=      419 runs=      168 filter=  2.088ms semisort=  0.052ms
[pe-async] round=  9 R=11 dirty=      236 runs=      110 filter=  2.102ms semisort=  0.037ms
[pe-async] round= 10 R=12 dirty=      294 runs=       97 filter=  2.089ms semisort=  0.034ms
[pe-async] round= 11 R=13 dirty=      137 runs=       70 filter=  2.076ms semisort=  0.026ms
[pe-async] round= 12 R=14 dirty=      256 runs=       64 filter=  2.066ms semisort=  0.032ms
[pe-async] round= 13 R=15 dirty=      128 runs=      128 filter=  2.063ms semisort=  0.015ms
[pe-async] round= 14 R=16 dirty=        0 filter=  2.052ms (clean break)
[pe-async] round=  0 R=2 dirty=  4343127 runs=  2757114 filter=  2.419ms semisort= 10.465ms
[pe-async] round=  1 R=3 dirty=   272857 runs=   104580 filter=  2.807ms semisort=  1.395ms
[pe-async] round=  2 R=4 dirty=   158389 runs=   142228 filter=  2.600ms semisort=  0.892ms
[pe-async] round=  3 R=5 dirty=    92276 runs=    65413 filter=  2.472ms semisort=  2.959ms
[pe-async] round=  4 R=6 dirty=    42803 runs=    16260 filter=  2.331ms semisort=  1.299ms
[pe-async] round=  5 R=7 dirty=    25366 runs=    21108 filter=  2.259ms semisort=  0.747ms
[pe-async] round=  6 R=8 dirty=     5325 runs=     3567 filter=  2.200ms semisort=  0.214ms
[pe-async] round=  7 R=9 dirty=     1441 runs=     1128 filter=  2.154ms semisort=  0.105ms
[pe-async] round=  8 R=10 dirty=      419 runs=      168 filter=  2.121ms semisort=  0.059ms
[pe-async] round=  9 R=11 dirty=      236 runs=      110 filter=  2.090ms semisort=  0.039ms
[pe-async] round= 10 R=12 dirty=      294 runs=       97 filter=  2.094ms semisort=  0.035ms
[pe-async] round= 11 R=13 dirty=      137 runs=       70 filter=  2.108ms semisort=  0.033ms
[pe-async] round= 12 R=14 dirty=      256 runs=       64 filter=  2.132ms semisort=  0.033ms
[pe-async] round= 13 R=15 dirty=      128 runs=      128 filter=  2.080ms semisort=  0.016ms
[pe-async] round= 14 R=16 dirty=        0 filter=  2.080ms (clean break)
[pe-async] round=  0 R=2 dirty=  4343127 runs=  2757114 filter=  2.384ms semisort= 10.359ms
[pe-async] round=  1 R=3 dirty=   272857 runs=   104580 filter=  2.774ms semisort=  1.596ms
[pe-async] round=  2 R=4 dirty=   158389 runs=   142228 filter=  2.550ms semisort=  0.968ms
[pe-async] round=  3 R=5 dirty=    92276 runs=    65413 filter=  2.421ms semisort=  3.096ms
[pe-async] round=  4 R=6 dirty=    42803 runs=    16260 filter=  2.324ms semisort=  1.369ms
[pe-async] round=  5 R=7 dirty=    25366 runs=    21108 filter=  2.214ms semisort=  0.768ms
[pe-async] round=  6 R=8 dirty=     5325 runs=     3567 filter=  2.206ms semisort=  0.219ms
[pe-async] round=  7 R=9 dirty=     1441 runs=     1128 filter=  2.124ms semisort=  0.104ms
[pe-async] round=  8 R=10 dirty=      419 runs=      168 filter=  2.074ms semisort=  0.055ms
[pe-async] round=  9 R=11 dirty=      236 runs=      110 filter=  2.063ms semisort=  0.035ms
[pe-async] round= 10 R=12 dirty=      294 runs=       97 filter=  2.069ms semisort=  0.038ms
[pe-async] round= 11 R=13 dirty=      137 runs=       70 filter=  2.073ms semisort=  0.031ms
[pe-async] round= 12 R=14 dirty=      256 runs=       64 filter=  2.075ms semisort=  0.031ms
[pe-async] round= 13 R=15 dirty=      128 runs=      128 filter=  2.045ms semisort=  0.016ms
[pe-async] round= 14 R=16 dirty=        0 filter=  2.070ms (clean break)
[pe-async] round=  0 R=2 dirty=  4343127 runs=  2757114 filter=  2.444ms semisort= 10.170ms
[pe-async] round=  1 R=3 dirty=   272857 runs=   104580 filter=  2.844ms semisort=  1.502ms
[pe-async] round=  2 R=4 dirty=   158389 runs=   142228 filter=  2.560ms semisort=  0.982ms
[pe-async] round=  3 R=5 dirty=    92276 runs=    65413 filter=  2.477ms semisort=  2.967ms
[pe-async] round=  4 R=6 dirty=    42803 runs=    16260 filter=  2.395ms semisort=  1.284ms
[pe-async] round=  5 R=7 dirty=    25366 runs=    21108 filter=  2.274ms semisort=  0.747ms
[pe-async] round=  6 R=8 dirty=     5325 runs=     3567 filter=  2.223ms semisort=  0.217ms
[pe-async] round=  7 R=9 dirty=     1441 runs=     1128 filter=  2.143ms semisort=  0.108ms
[pe-async] round=  8 R=10 dirty=      419 runs=      168 filter=  2.102ms semisort=  0.048ms
[pe-async] round=  9 R=11 dirty=      236 runs=      110 filter=  2.134ms semisort=  0.034ms
[pe-async] round= 10 R=12 dirty=      294 runs=       97 filter=  2.099ms semisort=  0.038ms
[pe-async] round= 11 R=13 dirty=      137 runs=       70 filter=  2.114ms semisort=  0.028ms
[pe-async] round= 12 R=14 dirty=      256 runs=       64 filter=  2.105ms semisort=  0.030ms
[pe-async] round= 13 R=15 dirty=      128 runs=      128 filter=  2.102ms semisort=  0.017ms
[pe-async] round= 14 R=16 dirty=        0 filter=  2.081ms (clean break)
