[gates_bench] ./miter-cc-benchmarks/hwmcc12_with_not/6s114-xits-opt.gates ...
  literals=3211512  NOT=1061874  gates=4390625  total_classes=8664011  read=0.053s parse=0.053s build=0.167s
[pe] round=  0 work=  8509525 frontier=  5063084 next=    59086 consolidate= 63.103ms frontier= 15.004ms semisort= 19.748ms (keyed= 6.614ms group_by=  0.756ms per_group= 1.773ms)
[pe] round=  1 work=    59086 frontier=   551494 next=    13151 consolidate=  2.464ms frontier=  3.190ms semisort=  3.090ms (keyed= 0.752ms group_by=  0.108ms per_group= 1.019ms)
[pe] round=  2 work=    13151 frontier=   120430 next=    10937 consolidate=  0.597ms frontier=  0.209ms semisort=  2.502ms (keyed= 0.249ms group_by=  1.509ms per_group= 0.266ms)
[pe] round=  3 work=    10937 frontier=    64865 next=     7757 consolidate=  0.501ms frontier=  0.216ms semisort=  1.496ms (keyed= 0.038ms group_by=  0.882ms per_group= 0.246ms)
[pe] round=  4 work=     7757 frontier=    25747 next=     3790 consolidate=  1.093ms frontier=  0.219ms semisort=  0.793ms (keyed= 0.030ms group_by=  0.348ms per_group= 0.168ms)
[pe] round=  5 work=     3790 frontier=    12633 next=     1812 consolidate=  0.646ms frontier=  0.135ms semisort=  0.523ms (keyed= 0.027ms group_by=  0.197ms per_group= 0.133ms)
[pe] round=  6 work=     1812 frontier=     6864 next=      994 consolidate=  0.394ms frontier=  0.097ms semisort=  0.819ms (keyed= 0.025ms group_by=  0.573ms per_group= 0.110ms)
[pe] round=  7 work=      994 frontier=     3763 next=      546 consolidate=  0.250ms frontier=  0.066ms semisort=  0.340ms (keyed= 0.012ms group_by=  0.156ms per_group= 0.081ms)
[pe] round=  8 work=      546 frontier=     2568 next=      361 consolidate=  0.157ms frontier=  0.038ms semisort=  0.306ms (keyed= 0.008ms group_by=  0.163ms per_group= 0.063ms)
[pe] round=  9 work=      361 frontier=     1974 next=      271 consolidate=  0.122ms frontier=  0.028ms semisort=  0.214ms (keyed= 0.006ms group_by=  0.090ms per_group= 0.043ms)
[pe] round= 10 work=      271 frontier=      934 next=      119 consolidate=  0.094ms frontier=  0.033ms semisort=  0.161ms (keyed= 0.003ms group_by=  0.052ms per_group= 0.037ms)
[pe] round= 11 work=      119 frontier=      539 next=       96 consolidate=  0.059ms frontier=  0.034ms semisort=  0.137ms (keyed= 0.002ms group_by=  0.039ms per_group= 0.035ms)
[pe] round= 12 work=       96 frontier=      455 next=       75 consolidate=  0.056ms frontier=  0.007ms semisort=  0.095ms (keyed= 0.002ms group_by=  0.021ms per_group= 0.025ms)
[pe] round= 13 work=       75 frontier=      522 next=       87 consolidate=  0.040ms frontier=  0.008ms semisort=  0.108ms (keyed= 0.002ms group_by=  0.031ms per_group= 0.032ms)
[pe] round= 14 work=       87 frontier=      349 next=       67 consolidate=  0.038ms frontier=  0.008ms semisort=  0.104ms (keyed= 0.001ms group_by=  0.023ms per_group= 0.034ms)
[pe] round= 15 work=       67 frontier=      315 next=       56 consolidate=  0.058ms frontier=  0.007ms semisort=  0.100ms (keyed= 0.002ms group_by=  0.022ms per_group= 0.033ms)
[pe] round= 16 work=       56 frontier=      294 next=       48 consolidate=  0.051ms frontier=  0.006ms semisort=  0.090ms (keyed= 0.002ms group_by=  0.022ms per_group= 0.025ms)
[pe] round= 17 work=       48 frontier=      546 next=      104 consolidate=  0.042ms frontier=  0.005ms semisort=  0.124ms (keyed= 0.002ms group_by=  0.028ms per_group= 0.040ms)
[pe] round= 18 work=      104 frontier=     1028 next=       86 consolidate=  0.050ms frontier=  0.008ms semisort=  0.184ms (keyed= 0.004ms group_by=  0.052ms per_group= 0.058ms)
[pe] round= 19 work=       86 frontier=      674 next=       34 consolidate=  0.050ms frontier=  0.008ms semisort=  0.100ms (keyed= 0.002ms group_by=  0.033ms per_group= 0.026ms)
[pe] round= 20 work=       34 frontier=      184 next=       31 consolidate=  0.031ms frontier=  0.004ms semisort=  0.057ms (keyed= 0.001ms group_by=  0.011ms per_group= 0.022ms)
[pe] round= 21 work=       31 frontier=      202 next=       27 consolidate=  0.032ms frontier=  0.004ms semisort=  0.063ms (keyed= 0.001ms group_by=  0.010ms per_group= 0.026ms)
[pe] round= 22 work=       27 frontier=      161 next=       25 consolidate=  0.026ms frontier=  0.003ms semisort=  0.048ms (keyed= 0.001ms group_by=  0.008ms per_group= 0.017ms)
[pe] round= 23 work=       25 frontier=      155 next=       25 consolidate=  0.026ms frontier=  0.004ms semisort=  0.049ms (keyed= 0.001ms group_by=  0.008ms per_group= 0.019ms)
[pe] round= 24 work=       25 frontier=      150 next=       25 consolidate=  0.024ms frontier=  0.004ms semisort=  0.054ms (keyed= 0.001ms group_by=  0.008ms per_group= 0.021ms)
[pe] round= 25 work=       25 frontier=      182 next=       25 consolidate=  0.031ms frontier=  0.004ms semisort=  0.058ms (keyed= 0.001ms group_by=  0.008ms per_group= 0.016ms)
[pe] round= 26 work=       25 frontier=      152 next=       23 consolidate=  0.030ms frontier=  0.004ms semisort=  0.069ms (keyed= 0.001ms group_by=  0.007ms per_group= 0.036ms)
[pe] round= 27 work=       23 frontier=      139 next=       21 consolidate=  0.021ms frontier=  0.003ms semisort=  0.042ms (keyed= 0.001ms group_by=  0.005ms per_group= 0.016ms)
[pe] round= 28 work=       21 frontier=      127 next=       21 consolidate=  0.021ms frontier=  0.003ms semisort=  0.053ms (keyed= 0.001ms group_by=  0.006ms per_group= 0.024ms)
[pe] round= 29 work=       21 frontier=      126 next=       16 consolidate=  0.021ms frontier=  0.003ms semisort=  0.047ms (keyed= 0.001ms group_by=  0.007ms per_group= 0.022ms)
[pe] round= 30 work=       16 frontier=       86 next=       14 consolidate=  0.025ms frontier=  0.003ms semisort=  0.042ms (keyed= 0.001ms group_by=  0.004ms per_group= 0.016ms)
[pe] round= 31 work=       14 frontier=       85 next=       14 consolidate=  0.020ms frontier=  0.003ms semisort=  0.035ms (keyed= 0.001ms group_by=  0.006ms per_group= 0.013ms)
[pe] round= 32 work=       14 frontier=       77 next=       14 consolidate=  0.016ms frontier=  0.003ms semisort=  0.043ms (keyed= 0.001ms group_by=  0.004ms per_group= 0.017ms)
[pe] round= 33 work=       14 frontier=      106 next=       12 consolidate=  0.016ms frontier=  0.002ms semisort=  0.029ms (keyed= 0.001ms group_by=  0.003ms per_group= 0.009ms)
[pe] round= 34 work=       12 frontier=       67 next=       10 consolidate=  0.020ms frontier=  0.002ms semisort=  0.044ms (keyed= 0.001ms group_by=  0.005ms per_group= 0.016ms)
[pe] round= 35 work=       10 frontier=       54 next=        6 consolidate=  0.017ms frontier=  0.002ms semisort=  0.029ms (keyed= 0.000ms group_by=  0.002ms per_group= 0.017ms)
[pe] round= 36 work=        6 frontier=       23 next=        4 consolidate=  0.015ms frontier=  0.002ms semisort=  0.009ms (keyed= 0.000ms group_by=  0.001ms per_group= 0.003ms)
[pe] round= 37 work=        4 frontier=       41 next=        4 consolidate=  0.013ms frontier=  0.002ms semisort=  0.014ms (keyed= 0.000ms group_by=  0.003ms per_group= 0.003ms)
[pe] round= 38 work=        4 frontier=       24 next=        5 consolidate=  0.009ms frontier=  0.001ms semisort=  0.008ms (keyed= 0.000ms group_by=  0.001ms per_group= 0.003ms)
[pe] round= 39 work=        5 frontier=       13 next=        3 consolidate=  0.006ms frontier=  0.001ms semisort=  0.006ms (keyed= 0.000ms group_by=  0.001ms per_group= 0.002ms)
[pe] round= 40 work=        3 frontier=        4 next=        2 consolidate=  0.003ms frontier=  0.001ms semisort=  0.003ms (keyed= 0.000ms group_by=  0.000ms per_group= 0.001ms)
[pe] round= 41 work=        2 frontier=       26 next=        2 consolidate=  0.003ms frontier=  0.001ms semisort=  0.007ms (keyed= 0.000ms group_by=  0.001ms per_group= 0.002ms)
[pe] round= 42 work=        2 frontier=        8 next=        2 consolidate=  0.003ms frontier=  0.001ms semisort=  0.004ms (keyed= 0.000ms group_by=  0.001ms per_group= 0.002ms)
[pe] round= 43 work=        2 frontier=        8 next=        2 consolidate=  0.003ms frontier=  0.001ms semisort=  0.005ms (keyed= 0.000ms group_by=  0.000ms per_group= 0.001ms)
[pe] round= 44 work=        2 frontier=        4 next=        2 consolidate=  0.003ms frontier=  0.001ms semisort=  0.003ms (keyed= 0.000ms group_by=  0.000ms per_group= 0.001ms)
[pe] round= 45 work=        2 frontier=       26 next=        2 consolidate=  0.003ms frontier=  0.001ms semisort=  0.008ms (keyed= 0.000ms group_by=  0.001ms per_group= 0.002ms)
[pe] round= 46 work=        2 frontier=        8 next=        2 consolidate=  0.003ms frontier=  0.001ms semisort=  0.004ms (keyed= 0.000ms group_by=  0.001ms per_group= 0.002ms)
[pe] round= 47 work=        2 frontier=        8 next=        2 consolidate=  0.004ms frontier=  0.001ms semisort=  0.008ms (keyed= 0.000ms group_by=  0.000ms per_group= 0.002ms)
[pe] round= 48 work=        2 frontier=        4 next=        2 consolidate=  0.003ms frontier=  0.001ms semisort=  0.003ms (keyed= 0.000ms group_by=  0.000ms per_group= 0.001ms)
[pe] round= 49 work=        2 frontier=       20 next=        2 consolidate=  0.004ms frontier=  0.001ms semisort=  0.007ms (keyed= 0.000ms group_by=  0.001ms per_group= 0.002ms)
[pe] round= 50 work=        2 frontier=        4 next=        2 consolidate=  0.003ms frontier=  0.001ms semisort=  0.003ms (keyed= 0.000ms group_by=  0.000ms per_group= 0.001ms)
[pe] round= 51 work=        2 (tail-skip: all parents empty)
[pe] round=  0 work=  8509525 frontier=  5063084 next=    59086 consolidate= 42.020ms frontier= 13.219ms semisort= 20.498ms (keyed= 7.492ms group_by=  0.461ms per_group= 1.751ms)
[pe] round=  1 work=    59086 frontier=   551494 next=    13151 consolidate=  2.589ms frontier=  1.844ms semisort=  2.613ms (keyed= 0.839ms group_by=  0.123ms per_group= 0.400ms)
[pe] round=  2 work=    13151 frontier=   120430 next=    10937 consolidate=  0.602ms frontier=  0.201ms semisort=  2.255ms (keyed= 0.025ms group_by=  1.500ms per_group= 0.274ms)
[pe] round=  3 work=    10937 frontier=    64865 next=     7757 consolidate=  0.480ms frontier=  0.181ms semisort=  1.406ms (keyed= 0.052ms group_by=  0.746ms per_group= 0.226ms)
[pe] round=  4 work=     7757 frontier=    25747 next=     3790 consolidate=  1.311ms frontier=  0.222ms semisort=  0.787ms (keyed= 0.030ms group_by=  0.333ms per_group= 0.173ms)
[pe] round=  5 work=     3790 frontier=    12633 next=     1812 consolidate=  0.746ms frontier=  0.145ms semisort=  0.469ms (keyed= 0.019ms group_by=  0.163ms per_group= 0.137ms)
[pe] round=  6 work=     1812 frontier=     6864 next=      994 consolidate=  0.384ms frontier=  0.090ms semisort=  0.846ms (keyed= 0.020ms group_by=  0.609ms per_group= 0.099ms)
[pe] round=  7 work=      994 frontier=     3763 next=      546 consolidate=  0.235ms frontier=  0.052ms semisort=  0.530ms (keyed= 0.011ms group_by=  0.364ms per_group= 0.062ms)
[pe] round=  8 work=      546 frontier=     2568 next=      361 consolidate=  0.170ms frontier=  0.043ms semisort=  0.292ms (keyed= 0.008ms group_by=  0.155ms per_group= 0.050ms)
[pe] round=  9 work=      361 frontier=     1974 next=      271 consolidate=  0.128ms frontier=  0.027ms semisort=  0.212ms (keyed= 0.006ms group_by=  0.089ms per_group= 0.048ms)
[pe] round= 10 work=      271 frontier=      934 next=      119 consolidate=  0.095ms frontier=  0.030ms semisort=  0.152ms (keyed= 0.003ms group_by=  0.053ms per_group= 0.044ms)
[pe] round= 11 work=      119 frontier=      539 next=       96 consolidate=  0.055ms frontier=  0.010ms semisort=  0.143ms (keyed= 0.002ms group_by=  0.038ms per_group= 0.044ms)
[pe] round= 12 work=       96 frontier=      455 next=       75 consolidate=  0.037ms frontier=  0.007ms semisort=  0.095ms (keyed= 0.002ms group_by=  0.023ms per_group= 0.032ms)
[pe] round= 13 work=       75 frontier=      522 next=       87 consolidate=  0.039ms frontier=  0.008ms semisort=  0.127ms (keyed= 0.002ms group_by=  0.031ms per_group= 0.031ms)
[pe] round= 14 work=       87 frontier=      349 next=       67 consolidate=  0.042ms frontier=  0.008ms semisort=  0.101ms (keyed= 0.002ms group_by=  0.020ms per_group= 0.031ms)
[pe] round= 15 work=       67 frontier=      315 next=       56 consolidate=  0.039ms frontier=  0.007ms semisort=  0.094ms (keyed= 0.001ms group_by=  0.024ms per_group= 0.028ms)
[pe] round= 16 work=       56 frontier=      294 next=       48 consolidate=  0.053ms frontier=  0.006ms semisort=  0.080ms (keyed= 0.001ms group_by=  0.021ms per_group= 0.028ms)
[pe] round= 17 work=       48 frontier=      546 next=      104 consolidate=  0.036ms frontier=  0.006ms semisort=  0.125ms (keyed= 0.002ms group_by=  0.026ms per_group= 0.038ms)
[pe] round= 18 work=      104 frontier=     1028 next=       86 consolidate=  0.045ms frontier=  0.009ms semisort=  0.167ms (keyed= 0.003ms group_by=  0.054ms per_group= 0.063ms)
[pe] round= 19 work=       86 frontier=      674 next=       34 consolidate=  0.043ms frontier=  0.006ms semisort=  0.113ms (keyed= 0.003ms group_by=  0.032ms per_group= 0.033ms)
[pe] round= 20 work=       34 frontier=      184 next=       31 consolidate=  0.030ms frontier=  0.005ms semisort=  0.067ms (keyed= 0.001ms group_by=  0.013ms per_group= 0.024ms)
[pe] round= 21 work=       31 frontier=      202 next=       27 consolidate=  0.032ms frontier=  0.004ms semisort=  0.060ms (keyed= 0.001ms group_by=  0.009ms per_group= 0.021ms)
[pe] round= 22 work=       27 frontier=      161 next=       25 consolidate=  0.036ms frontier=  0.004ms semisort=  0.075ms (keyed= 0.001ms group_by=  0.013ms per_group= 0.035ms)
[pe] round= 23 work=       25 frontier=      155 next=       25 consolidate=  0.031ms frontier=  0.003ms semisort=  0.054ms (keyed= 0.001ms group_by=  0.006ms per_group= 0.026ms)
[pe] round= 24 work=       25 frontier=      150 next=       25 consolidate=  0.031ms frontier=  0.004ms semisort=  0.047ms (keyed= 0.001ms group_by=  0.007ms per_group= 0.015ms)
[pe] round= 25 work=       25 frontier=      182 next=       25 consolidate=  0.039ms frontier=  0.004ms semisort=  0.053ms (keyed= 0.001ms group_by=  0.006ms per_group= 0.018ms)
[pe] round= 26 work=       25 frontier=      152 next=       23 consolidate=  0.028ms frontier=  0.004ms semisort=  0.047ms (keyed= 0.001ms group_by=  0.007ms per_group= 0.015ms)
[pe] round= 27 work=       23 frontier=      139 next=       21 consolidate=  0.030ms frontier=  0.013ms semisort=  0.058ms (keyed= 0.001ms group_by=  0.006ms per_group= 0.017ms)
[pe] round= 28 work=       21 frontier=      127 next=       21 consolidate=  0.024ms frontier=  0.003ms semisort=  0.042ms (keyed= 0.001ms group_by=  0.004ms per_group= 0.020ms)
[pe] round= 29 work=       21 frontier=      126 next=       16 consolidate=  0.027ms frontier=  0.004ms semisort=  0.063ms (keyed= 0.001ms group_by=  0.006ms per_group= 0.032ms)
[pe] round= 30 work=       16 frontier=       86 next=       14 consolidate=  0.031ms frontier=  0.003ms semisort=  0.038ms (keyed= 0.001ms group_by=  0.004ms per_group= 0.019ms)
[pe] round= 31 work=       14 frontier=       85 next=       14 consolidate=  0.030ms frontier=  0.002ms semisort=  0.044ms (keyed= 0.001ms group_by=  0.007ms per_group= 0.020ms)
[pe] round= 32 work=       14 frontier=       77 next=       14 consolidate=  0.017ms frontier=  0.003ms semisort=  0.033ms (keyed= 0.001ms group_by=  0.004ms per_group= 0.013ms)
[pe] round= 33 work=       14 frontier=      106 next=       12 consolidate=  0.020ms frontier=  0.003ms semisort=  0.032ms (keyed= 0.001ms group_by=  0.005ms per_group= 0.012ms)
[pe] round= 34 work=       12 frontier=       67 next=       10 consolidate=  0.014ms frontier=  0.002ms semisort=  0.030ms (keyed= 0.001ms group_by=  0.005ms per_group= 0.008ms)
[pe] round= 35 work=       10 frontier=       54 next=        6 consolidate=  0.015ms frontier=  0.002ms semisort=  0.028ms (keyed= 0.001ms group_by=  0.002ms per_group= 0.008ms)
[pe] round= 36 work=        6 frontier=       23 next=        4 consolidate=  0.020ms frontier=  0.002ms semisort=  0.007ms (keyed= 0.000ms group_by=  0.001ms per_group= 0.003ms)
[pe] round= 37 work=        4 frontier=       41 next=        4 consolidate=  0.011ms frontier=  0.001ms semisort=  0.012ms (keyed= 0.000ms group_by=  0.002ms per_group= 0.003ms)
[pe] round= 38 work=        4 frontier=       24 next=        5 consolidate=  0.012ms frontier=  0.002ms semisort=  0.010ms (keyed= 0.000ms group_by=  0.001ms per_group= 0.004ms)
[pe] round= 39 work=        5 frontier=       13 next=        3 consolidate=  0.010ms frontier=  0.002ms semisort=  0.007ms (keyed= 0.000ms group_by=  0.001ms per_group= 0.002ms)
[pe] round= 40 work=        3 frontier=        4 next=        2 consolidate=  0.009ms frontier=  0.001ms semisort=  0.004ms (keyed= 0.000ms group_by=  0.000ms per_group= 0.002ms)
[pe] round= 41 work=        2 frontier=       26 next=        2 consolidate=  0.004ms frontier=  0.001ms semisort=  0.008ms (keyed= 0.000ms group_by=  0.001ms per_group= 0.002ms)
[pe] round= 42 work=        2 frontier=        8 next=        2 consolidate=  0.003ms frontier=  0.000ms semisort=  0.004ms (keyed= 0.000ms group_by=  0.001ms per_group= 0.001ms)
[pe] round= 43 work=        2 frontier=        8 next=        2 consolidate=  0.003ms frontier=  0.000ms semisort=  0.005ms (keyed= 0.000ms group_by=  0.000ms per_group= 0.002ms)
[pe] round= 44 work=        2 frontier=        4 next=        2 consolidate=  0.002ms frontier=  0.000ms semisort=  0.002ms (keyed= 0.000ms group_by=  0.000ms per_group= 0.001ms)
[pe] round= 45 work=        2 frontier=       26 next=        2 consolidate=  0.003ms frontier=  0.000ms semisort=  0.008ms (keyed= 0.000ms group_by=  0.001ms per_group= 0.002ms)
[pe] round= 46 work=        2 frontier=        8 next=        2 consolidate=  0.003ms frontier=  0.001ms semisort=  0.005ms (keyed= 0.000ms group_by=  0.001ms per_group= 0.002ms)
[pe] round= 47 work=        2 frontier=        8 next=        2 consolidate=  0.003ms frontier=  0.001ms semisort=  0.004ms (keyed= 0.000ms group_by=  0.000ms per_group= 0.001ms)
[pe] round= 48 work=        2 frontier=        4 next=        2 consolidate=  0.003ms frontier=  0.001ms semisort=  0.003ms (keyed= 0.000ms group_by=  0.000ms per_group= 0.001ms)
[pe] round= 49 work=        2 frontier=       20 next=        2 consolidate=  0.004ms frontier=  0.001ms semisort=  0.007ms (keyed= 0.000ms group_by=  0.001ms per_group= 0.002ms)
[pe] round= 50 work=        2 frontier=        4 next=        2 consolidate=  0.003ms frontier=  0.001ms semisort=  0.003ms (keyed= 0.000ms group_by=  0.000ms per_group= 0.001ms)
[pe] round= 51 work=        2 (tail-skip: all parents empty)
[pe] round=  0 work=  8509525 frontier=  5063084 next=    59086 consolidate= 44.789ms frontier= 11.698ms semisort= 18.514ms (keyed= 5.932ms group_by=  0.458ms per_group= 1.792ms)
[pe] round=  1 work=    59086 frontier=   551494 next=    13151 consolidate=  2.828ms frontier=  2.397ms semisort=  2.621ms (keyed= 0.872ms group_by=  0.103ms per_group= 0.409ms)
[pe] round=  2 work=    13151 frontier=   120430 next=    10937 consolidate=  0.580ms frontier=  0.192ms semisort=  2.175ms (keyed= 0.025ms group_by=  1.479ms per_group= 0.256ms)
[pe] round=  3 work=    10937 frontier=    64865 next=     7757 consolidate=  0.518ms frontier=  0.196ms semisort=  1.420ms (keyed= 0.034ms group_by=  0.724ms per_group= 0.257ms)
[pe] round=  4 work=     7757 frontier=    25747 next=     3790 consolidate=  1.511ms frontier=  0.217ms semisort=  0.808ms (keyed= 0.021ms group_by=  0.379ms per_group= 0.154ms)
[pe] round=  5 work=     3790 frontier=    12633 next=     1812 consolidate=  0.744ms frontier=  0.148ms semisort=  0.499ms (keyed= 0.027ms group_by=  0.193ms per_group= 0.129ms)
[pe] round=  6 work=     1812 frontier=     6864 next=      994 consolidate=  0.402ms frontier=  0.078ms semisort=  0.837ms (keyed= 0.019ms group_by=  0.610ms per_group= 0.098ms)
[pe] round=  7 work=      994 frontier=     3763 next=      546 consolidate=  0.260ms frontier=  0.062ms semisort=  0.485ms (keyed= 0.016ms group_by=  0.325ms per_group= 0.054ms)
[pe] round=  8 work=      546 frontier=     2568 next=      361 consolidate=  0.176ms frontier=  0.038ms semisort=  0.446ms (keyed= 0.007ms group_by=  0.297ms per_group= 0.059ms)
[pe] round=  9 work=      361 frontier=     1974 next=      271 consolidate=  0.114ms frontier=  0.027ms semisort=  0.406ms (keyed= 0.007ms group_by=  0.272ms per_group= 0.055ms)
[pe] round= 10 work=      271 frontier=      934 next=      119 consolidate=  0.097ms frontier=  0.033ms semisort=  0.148ms (keyed= 0.003ms group_by=  0.050ms per_group= 0.034ms)
[pe] round= 11 work=      119 frontier=      539 next=       96 consolidate=  0.051ms frontier=  0.010ms semisort=  0.140ms (keyed= 0.002ms group_by=  0.039ms per_group= 0.041ms)
[pe] round= 12 work=       96 frontier=      455 next=       75 consolidate=  0.069ms frontier=  0.008ms semisort=  0.104ms (keyed= 0.002ms group_by=  0.027ms per_group= 0.035ms)
[pe] round= 13 work=       75 frontier=      522 next=       87 consolidate=  0.044ms frontier=  0.008ms semisort=  0.110ms (keyed= 0.002ms group_by=  0.034ms per_group= 0.037ms)
[pe] round= 14 work=       87 frontier=      349 next=       67 consolidate=  0.033ms frontier=  0.008ms semisort=  0.096ms (keyed= 0.002ms group_by=  0.026ms per_group= 0.031ms)
[pe] round= 15 work=       67 frontier=      315 next=       56 consolidate=  0.045ms frontier=  0.007ms semisort=  0.113ms (keyed= 0.002ms group_by=  0.023ms per_group= 0.040ms)
[pe] round= 16 work=       56 frontier=      294 next=       48 consolidate=  0.048ms frontier=  0.005ms semisort=  0.095ms (keyed= 0.001ms group_by=  0.020ms per_group= 0.029ms)
[pe] round= 17 work=       48 frontier=      546 next=      104 consolidate=  0.035ms frontier=  0.006ms semisort=  0.112ms (keyed= 0.002ms group_by=  0.028ms per_group= 0.034ms)
[pe] round= 18 work=      104 frontier=     1028 next=       86 consolidate=  0.055ms frontier=  0.010ms semisort=  0.139ms (keyed= 0.004ms group_by=  0.052ms per_group= 0.035ms)
[pe] round= 19 work=       86 frontier=      674 next=       34 consolidate=  0.048ms frontier=  0.008ms semisort=  0.103ms (keyed= 0.003ms group_by=  0.033ms per_group= 0.025ms)
[pe] round= 20 work=       34 frontier=      184 next=       31 consolidate=  0.026ms frontier=  0.005ms semisort=  0.082ms (keyed= 0.001ms group_by=  0.012ms per_group= 0.044ms)
[pe] round= 21 work=       31 frontier=      202 next=       27 consolidate=  0.039ms frontier=  0.004ms semisort=  0.073ms (keyed= 0.001ms group_by=  0.009ms per_group= 0.022ms)
[pe] round= 22 work=       27 frontier=      161 next=       25 consolidate=  0.024ms frontier=  0.009ms semisort=  0.067ms (keyed= 0.001ms group_by=  0.012ms per_group= 0.027ms)
[pe] round= 23 work=       25 frontier=      155 next=       25 consolidate=  0.033ms frontier=  0.003ms semisort=  0.050ms (keyed= 0.001ms group_by=  0.007ms per_group= 0.022ms)
[pe] round= 24 work=       25 frontier=      150 next=       25 consolidate=  0.031ms frontier=  0.004ms semisort=  0.049ms (keyed= 0.001ms group_by=  0.007ms per_group= 0.018ms)
[pe] round= 25 work=       25 frontier=      182 next=       25 consolidate=  0.032ms frontier=  0.004ms semisort=  0.074ms (keyed= 0.001ms group_by=  0.008ms per_group= 0.033ms)
[pe] round= 26 work=       25 frontier=      152 next=       23 consolidate=  0.029ms frontier=  0.004ms semisort=  0.043ms (keyed= 0.001ms group_by=  0.007ms per_group= 0.016ms)
[pe] round= 27 work=       23 frontier=      139 next=       21 consolidate=  0.030ms frontier=  0.003ms semisort=  0.044ms (keyed= 0.001ms group_by=  0.005ms per_group= 0.018ms)
[pe] round= 28 work=       21 frontier=      127 next=       21 consolidate=  0.030ms frontier=  0.003ms semisort=  0.045ms (keyed= 0.001ms group_by=  0.006ms per_group= 0.017ms)
[pe] round= 29 work=       21 frontier=      126 next=       16 consolidate=  0.032ms frontier=  0.003ms semisort=  0.037ms (keyed= 0.001ms group_by=  0.006ms per_group= 0.012ms)
[pe] round= 30 work=       16 frontier=       86 next=       14 consolidate=  0.026ms frontier=  0.003ms semisort=  0.040ms (keyed= 0.001ms group_by=  0.004ms per_group= 0.012ms)
[pe] round= 31 work=       14 frontier=       85 next=       14 consolidate=  0.020ms frontier=  0.003ms semisort=  0.037ms (keyed= 0.001ms group_by=  0.005ms per_group= 0.012ms)
[pe] round= 32 work=       14 frontier=       77 next=       14 consolidate=  0.018ms frontier=  0.002ms semisort=  0.022ms (keyed= 0.001ms group_by=  0.003ms per_group= 0.007ms)
[pe] round= 33 work=       14 frontier=      106 next=       12 consolidate=  0.021ms frontier=  0.003ms semisort=  0.035ms (keyed= 0.001ms group_by=  0.005ms per_group= 0.011ms)
[pe] round= 34 work=       12 frontier=       67 next=       10 consolidate=  0.018ms frontier=  0.002ms semisort=  0.045ms (keyed= 0.001ms group_by=  0.005ms per_group= 0.013ms)
[pe] round= 35 work=       10 frontier=       54 next=        6 consolidate=  0.022ms frontier=  0.002ms semisort=  0.029ms (keyed= 0.000ms group_by=  0.003ms per_group= 0.015ms)
[pe] round= 36 work=        6 frontier=       23 next=        4 consolidate=  0.017ms frontier=  0.002ms semisort=  0.014ms (keyed= 0.000ms group_by=  0.001ms per_group= 0.007ms)
[pe] round= 37 work=        4 frontier=       41 next=        4 consolidate=  0.016ms frontier=  0.002ms semisort=  0.014ms (keyed= 0.000ms group_by=  0.003ms per_group= 0.004ms)
[pe] round= 38 work=        4 frontier=       24 next=        5 consolidate=  0.006ms frontier=  0.001ms semisort=  0.008ms (keyed= 0.000ms group_by=  0.001ms per_group= 0.003ms)
[pe] round= 39 work=        5 frontier=       13 next=        3 consolidate=  0.006ms frontier=  0.001ms semisort=  0.006ms (keyed= 0.000ms group_by=  0.001ms per_group= 0.002ms)
[pe] round= 40 work=        3 frontier=        4 next=        2 consolidate=  0.004ms frontier=  0.001ms semisort=  0.003ms (keyed= 0.000ms group_by=  0.000ms per_group= 0.001ms)
[pe] round= 41 work=        2 frontier=       26 next=        2 consolidate=  0.003ms frontier=  0.001ms semisort=  0.007ms (keyed= 0.000ms group_by=  0.001ms per_group= 0.002ms)
[pe] round= 42 work=        2 frontier=        8 next=        2 consolidate=  0.003ms frontier=  0.001ms semisort=  0.004ms (keyed= 0.000ms group_by=  0.001ms per_group= 0.002ms)
[pe] round= 43 work=        2 frontier=        8 next=        2 consolidate=  0.003ms frontier=  0.001ms semisort=  0.005ms (keyed= 0.000ms group_by=  0.000ms per_group= 0.002ms)
[pe] round= 44 work=        2 frontier=        4 next=        2 consolidate=  0.003ms frontier=  0.001ms semisort=  0.004ms (keyed= 0.000ms group_by=  0.000ms per_group= 0.001ms)
[pe] round= 45 work=        2 frontier=       26 next=        2 consolidate=  0.004ms frontier=  0.001ms semisort=  0.008ms (keyed= 0.000ms group_by=  0.001ms per_group= 0.002ms)
[pe] round= 46 work=        2 frontier=        8 next=        2 consolidate=  0.003ms frontier=  0.001ms semisort=  0.005ms (keyed= 0.000ms group_by=  0.001ms per_group= 0.002ms)
[pe] round= 47 work=        2 frontier=        8 next=        2 consolidate=  0.004ms frontier=  0.001ms semisort=  0.005ms (keyed= 0.000ms group_by=  0.000ms per_group= 0.002ms)
[pe] round= 48 work=        2 frontier=        4 next=        2 consolidate=  0.003ms frontier=  0.001ms semisort=  0.003ms (keyed= 0.000ms group_by=  0.000ms per_group= 0.001ms)
[pe] round= 49 work=        2 frontier=       20 next=        2 consolidate=  0.004ms frontier=  0.001ms semisort=  0.007ms (keyed= 0.000ms group_by=  0.001ms per_group= 0.002ms)
[pe] round= 50 work=        2 frontier=        4 next=        2 consolidate=  0.003ms frontier=  0.001ms semisort=  0.003ms (keyed= 0.000ms group_by=  0.000ms per_group= 0.001ms)
[pe] round= 51 work=        2 (tail-skip: all parents empty)
[pe] round=  0 work=  8509525 frontier=  5063084 next=    59086 consolidate= 44.980ms frontier= 12.313ms semisort= 18.730ms (keyed= 6.071ms group_by=  0.444ms per_group= 1.761ms)
[pe] round=  1 work=    59086 frontier=   551494 next=    13151 consolidate=  2.901ms frontier=  1.962ms semisort=  2.568ms (keyed= 0.812ms group_by=  0.129ms per_group= 0.411ms)
[pe] round=  2 work=    13151 frontier=   120430 next=    10937 consolidate=  0.567ms frontier=  0.174ms semisort=  2.181ms (keyed= 0.037ms group_by=  1.425ms per_group= 0.258ms)
[pe] round=  3 work=    10937 frontier=    64865 next=     7757 consolidate=  0.525ms frontier=  0.215ms semisort=  1.570ms (keyed= 0.044ms group_by=  0.781ms per_group= 0.328ms)
[pe] round=  4 work=     7757 frontier=    25747 next=     3790 consolidate=  1.476ms frontier=  0.240ms semisort=  0.797ms (keyed= 0.021ms group_by=  0.358ms per_group= 0.172ms)
[pe] round=  5 work=     3790 frontier=    12633 next=     1812 consolidate=  0.769ms frontier=  0.146ms semisort=  0.496ms (keyed= 0.019ms group_by=  0.166ms per_group= 0.146ms)
[pe] round=  6 work=     1812 frontier=     6864 next=      994 consolidate=  0.401ms frontier=  0.078ms semisort=  0.912ms (keyed= 0.024ms group_by=  0.675ms per_group= 0.099ms)
[pe] round=  7 work=      994 frontier=     3763 next=      546 consolidate=  0.273ms frontier=  0.067ms semisort=  0.480ms (keyed= 0.010ms group_by=  0.327ms per_group= 0.053ms)
[pe] round=  8 work=      546 frontier=     2568 next=      361 consolidate=  0.183ms frontier=  0.048ms semisort=  0.424ms (keyed= 0.007ms group_by=  0.286ms per_group= 0.056ms)
[pe] round=  9 work=      361 frontier=     1974 next=      271 consolidate=  0.103ms frontier=  0.033ms semisort=  0.276ms (keyed= 0.007ms group_by=  0.141ms per_group= 0.045ms)
[pe] round= 10 work=      271 frontier=      934 next=      119 consolidate=  0.089ms frontier=  0.025ms semisort=  0.173ms (keyed= 0.003ms group_by=  0.072ms per_group= 0.040ms)
[pe] round= 11 work=      119 frontier=      539 next=       96 consolidate=  0.049ms frontier=  0.010ms semisort=  0.134ms (keyed= 0.002ms group_by=  0.054ms per_group= 0.028ms)
[pe] round= 12 work=       96 frontier=      455 next=       75 consolidate=  0.050ms frontier=  0.007ms semisort=  0.130ms (keyed= 0.002ms group_by=  0.043ms per_group= 0.035ms)
[pe] round= 13 work=       75 frontier=      522 next=       87 consolidate=  0.054ms frontier=  0.008ms semisort=  0.123ms (keyed= 0.002ms group_by=  0.045ms per_group= 0.027ms)
[pe] round= 14 work=       87 frontier=      349 next=       67 consolidate=  0.054ms frontier=  0.007ms semisort=  0.104ms (keyed= 0.001ms group_by=  0.028ms per_group= 0.027ms)
[pe] round= 15 work=       67 frontier=      315 next=       56 consolidate=  0.037ms frontier=  0.007ms semisort=  0.106ms (keyed= 0.002ms group_by=  0.028ms per_group= 0.035ms)
[pe] round= 16 work=       56 frontier=      294 next=       48 consolidate=  0.039ms frontier=  0.006ms semisort=  0.103ms (keyed= 0.001ms group_by=  0.025ms per_group= 0.028ms)
[pe] round= 17 work=       48 frontier=      546 next=      104 consolidate=  0.039ms frontier=  0.006ms semisort=  0.136ms (keyed= 0.002ms group_by=  0.042ms per_group= 0.038ms)
[pe] round= 18 work=      104 frontier=     1028 next=       86 consolidate=  0.052ms frontier=  0.009ms semisort=  0.151ms (keyed= 0.003ms group_by=  0.064ms per_group= 0.036ms)
[pe] round= 19 work=       86 frontier=      674 next=       34 consolidate=  0.047ms frontier=  0.008ms semisort=  0.113ms (keyed= 0.002ms group_by=  0.044ms per_group= 0.029ms)
[pe] round= 20 work=       34 frontier=      184 next=       31 consolidate=  0.030ms frontier=  0.005ms semisort=  0.061ms (keyed= 0.001ms group_by=  0.010ms per_group= 0.024ms)
[pe] round= 21 work=       31 frontier=      202 next=       27 consolidate=  0.023ms frontier=  0.004ms semisort=  0.171ms (keyed= 0.001ms group_by=  0.113ms per_group= 0.019ms)
[pe] round= 22 work=       27 frontier=      161 next=       25 consolidate=  0.032ms frontier=  0.016ms semisort=  0.068ms (keyed= 0.001ms group_by=  0.011ms per_group= 0.029ms)
[pe] round= 23 work=       25 frontier=      155 next=       25 consolidate=  0.028ms frontier=  0.004ms semisort=  0.058ms (keyed= 0.001ms group_by=  0.008ms per_group= 0.018ms)
[pe] round= 24 work=       25 frontier=      150 next=       25 consolidate=  0.022ms frontier=  0.003ms semisort=  0.043ms (keyed= 0.001ms group_by=  0.005ms per_group= 0.015ms)
[pe] round= 25 work=       25 frontier=      182 next=       25 consolidate=  0.026ms frontier=  0.004ms semisort=  0.061ms (keyed= 0.001ms group_by=  0.008ms per_group= 0.028ms)
[pe] round= 26 work=       25 frontier=      152 next=       23 consolidate=  0.029ms frontier=  0.003ms semisort=  0.070ms (keyed= 0.001ms group_by=  0.008ms per_group= 0.037ms)
[pe] round= 27 work=       23 frontier=      139 next=       21 consolidate=  0.025ms frontier=  0.004ms semisort=  0.053ms (keyed= 0.001ms group_by=  0.007ms per_group= 0.022ms)
[pe] round= 28 work=       21 frontier=      127 next=       21 consolidate=  0.022ms frontier=  0.003ms semisort=  0.044ms (keyed= 0.001ms group_by=  0.006ms per_group= 0.020ms)
[pe] round= 29 work=       21 frontier=      126 next=       16 consolidate=  0.023ms frontier=  0.003ms semisort=  0.034ms (keyed= 0.001ms group_by=  0.004ms per_group= 0.009ms)
[pe] round= 30 work=       16 frontier=       86 next=       14 consolidate=  0.030ms frontier=  0.003ms semisort=  0.029ms (keyed= 0.001ms group_by=  0.004ms per_group= 0.011ms)
[pe] round= 31 work=       14 frontier=       85 next=       14 consolidate=  0.019ms frontier=  0.003ms semisort=  0.032ms (keyed= 0.001ms group_by=  0.006ms per_group= 0.011ms)
[pe] round= 32 work=       14 frontier=       77 next=       14 consolidate=  0.018ms frontier=  0.003ms semisort=  0.034ms (keyed= 0.001ms group_by=  0.004ms per_group= 0.015ms)
[pe] round= 33 work=       14 frontier=      106 next=       12 consolidate=  0.018ms frontier=  0.003ms semisort=  0.038ms (keyed= 0.001ms group_by=  0.005ms per_group= 0.018ms)
[pe] round= 34 work=       12 frontier=       67 next=       10 consolidate=  0.013ms frontier=  0.002ms semisort=  0.023ms (keyed= 0.001ms group_by=  0.003ms per_group= 0.005ms)
[pe] round= 35 work=       10 frontier=       54 next=        6 consolidate=  0.012ms frontier=  0.002ms semisort=  0.034ms (keyed= 0.001ms group_by=  0.002ms per_group= 0.016ms)
[pe] round= 36 work=        6 frontier=       23 next=        4 consolidate=  0.017ms frontier=  0.002ms semisort=  0.009ms (keyed= 0.000ms group_by=  0.001ms per_group= 0.003ms)
[pe] round= 37 work=        4 frontier=       41 next=        4 consolidate=  0.014ms frontier=  0.002ms semisort=  0.028ms (keyed= 0.001ms group_by=  0.003ms per_group= 0.013ms)
[pe] round= 38 work=        4 frontier=       24 next=        5 consolidate=  0.012ms frontier=  0.002ms semisort=  0.010ms (keyed= 0.000ms group_by=  0.001ms per_group= 0.004ms)
[pe] round= 39 work=        5 frontier=       13 next=        3 consolidate=  0.011ms frontier=  0.002ms semisort=  0.006ms (keyed= 0.000ms group_by=  0.001ms per_group= 0.002ms)
[pe] round= 40 work=        3 frontier=        4 next=        2 consolidate=  0.004ms frontier=  0.001ms semisort=  0.003ms (keyed= 0.000ms group_by=  0.000ms per_group= 0.002ms)
[pe] round= 41 work=        2 frontier=       26 next=        2 consolidate=  0.004ms frontier=  0.001ms semisort=  0.008ms (keyed= 0.000ms group_by=  0.001ms per_group= 0.002ms)
[pe] round= 42 work=        2 frontier=        8 next=        2 consolidate=  0.004ms frontier=  0.001ms semisort=  0.004ms (keyed= 0.000ms group_by=  0.001ms per_group= 0.002ms)
[pe] round= 43 work=        2 frontier=        8 next=        2 consolidate=  0.003ms frontier=  0.001ms semisort=  0.005ms (keyed= 0.000ms group_by=  0.000ms per_group= 0.002ms)
[pe] round= 44 work=        2 frontier=        4 next=        2 consolidate=  0.003ms frontier=  0.001ms semisort=  0.003ms (keyed= 0.000ms group_by=  0.000ms per_group= 0.001ms)
[pe] round= 45 work=        2 frontier=       26 next=        2 consolidate=  0.004ms frontier=  0.001ms semisort=  0.008ms (keyed= 0.000ms group_by=  0.001ms per_group= 0.002ms)
[pe] round= 46 work=        2 frontier=        8 next=        2 consolidate=  0.003ms frontier=  0.001ms semisort=  0.004ms (keyed= 0.000ms group_by=  0.001ms per_group= 0.002ms)
[pe] round= 47 work=        2 frontier=        8 next=        2 consolidate=  0.004ms frontier=  0.001ms semisort=  0.004ms (keyed= 0.000ms group_by=  0.000ms per_group= 0.001ms)
[pe] round= 48 work=        2 frontier=        4 next=        2 consolidate=  0.003ms frontier=  0.000ms semisort=  0.003ms (keyed= 0.000ms group_by=  0.000ms per_group= 0.001ms)
[pe] round= 49 work=        2 frontier=       20 next=        2 consolidate=  0.003ms frontier=  0.000ms semisort=  0.007ms (keyed= 0.000ms group_by=  0.001ms per_group= 0.002ms)
[pe] round= 50 work=        2 frontier=        4 next=        2 consolidate=  0.003ms frontier=  0.000ms semisort=  0.002ms (keyed= 0.000ms group_by=  0.000ms per_group= 0.001ms)
[pe] round= 51 work=        2 (tail-skip: all parents empty)
[pe] round=  0 work=  8509525 frontier=  5063084 next=    59086 consolidate= 45.028ms frontier= 12.187ms semisort= 18.188ms (keyed= 5.605ms group_by=  0.460ms per_group= 1.776ms)
[pe] round=  1 work=    59086 frontier=   551494 next=    13151 consolidate=  2.669ms frontier=  1.866ms semisort=  2.529ms (keyed= 0.746ms group_by=  0.095ms per_group= 0.411ms)
[pe] round=  2 work=    13151 frontier=   120430 next=    10937 consolidate=  0.574ms frontier=  0.186ms semisort=  2.140ms (keyed= 0.027ms group_by=  1.414ms per_group= 0.277ms)
[pe] round=  3 work=    10937 frontier=    64865 next=     7757 consolidate=  0.500ms frontier=  0.183ms semisort=  1.466ms (keyed= 0.019ms group_by=  0.779ms per_group= 0.223ms)
[pe] round=  4 work=     7757 frontier=    25747 next=     3790 consolidate=  1.578ms frontier=  0.215ms semisort=  0.799ms (keyed= 0.025ms group_by=  0.388ms per_group= 0.141ms)
[pe] round=  5 work=     3790 frontier=    12633 next=     1812 consolidate=  0.786ms frontier=  0.138ms semisort=  0.507ms (keyed= 0.022ms group_by=  0.179ms per_group= 0.138ms)
[pe] round=  6 work=     1812 frontier=     6864 next=      994 consolidate=  0.405ms frontier=  0.087ms semisort=  0.915ms (keyed= 0.022ms group_by=  0.692ms per_group= 0.089ms)
[pe] round=  7 work=      994 frontier=     3763 next=      546 consolidate=  0.282ms frontier=  0.070ms semisort=  0.542ms (keyed= 0.023ms group_by=  0.336ms per_group= 0.089ms)
[pe] round=  8 work=      546 frontier=     2568 next=      361 consolidate=  0.179ms frontier=  0.047ms semisort=  0.439ms (keyed= 0.009ms group_by=  0.299ms per_group= 0.040ms)
[pe] round=  9 work=      361 frontier=     1974 next=      271 consolidate=  0.117ms frontier=  0.034ms semisort=  0.315ms (keyed= 0.007ms group_by=  0.173ms per_group= 0.051ms)
[pe] round= 10 work=      271 frontier=      934 next=      119 consolidate=  0.100ms frontier=  0.039ms semisort=  0.186ms (keyed= 0.003ms group_by=  0.088ms per_group= 0.034ms)
[pe] round= 11 work=      119 frontier=      539 next=       96 consolidate=  0.049ms frontier=  0.010ms semisort=  0.136ms (keyed= 0.002ms group_by=  0.047ms per_group= 0.036ms)
[pe] round= 12 work=       96 frontier=      455 next=       75 consolidate=  0.042ms frontier=  0.007ms semisort=  0.114ms (keyed= 0.002ms group_by=  0.024ms per_group= 0.033ms)
[pe] round= 13 work=       75 frontier=      522 next=       87 consolidate=  0.045ms frontier=  0.007ms semisort=  0.128ms (keyed= 0.002ms group_by=  0.033ms per_group= 0.043ms)
[pe] round= 14 work=       87 frontier=      349 next=       67 consolidate=  0.048ms frontier=  0.008ms semisort=  0.086ms (keyed= 0.001ms group_by=  0.014ms per_group= 0.030ms)
[pe] round= 15 work=       67 frontier=      315 next=       56 consolidate=  0.054ms frontier=  0.007ms semisort=  0.128ms (keyed= 0.002ms group_by=  0.024ms per_group= 0.029ms)
[pe] round= 16 work=       56 frontier=      294 next=       48 consolidate=  0.038ms frontier=  0.006ms semisort=  0.097ms (keyed= 0.001ms group_by=  0.022ms per_group= 0.034ms)
[pe] round= 17 work=       48 frontier=      546 next=      104 consolidate=  0.053ms frontier=  0.006ms semisort=  0.118ms (keyed= 0.002ms group_by=  0.030ms per_group= 0.038ms)
[pe] round= 18 work=      104 frontier=     1028 next=       86 consolidate=  0.055ms frontier=  0.010ms semisort=  0.181ms (keyed= 0.003ms group_by=  0.065ms per_group= 0.052ms)
[pe] round= 19 work=       86 frontier=      674 next=       34 consolidate=  0.036ms frontier=  0.008ms semisort=  0.144ms (keyed= 0.002ms group_by=  0.047ms per_group= 0.044ms)
[pe] round= 20 work=       34 frontier=      184 next=       31 consolidate=  0.028ms frontier=  0.005ms semisort=  0.085ms (keyed= 0.001ms group_by=  0.015ms per_group= 0.033ms)
[pe] round= 21 work=       31 frontier=      202 next=       27 consolidate=  0.039ms frontier=  0.004ms semisort=  0.069ms (keyed= 0.001ms group_by=  0.010ms per_group= 0.026ms)
[pe] round= 22 work=       27 frontier=      161 next=       25 consolidate=  0.033ms frontier=  0.004ms semisort=  0.072ms (keyed= 0.001ms group_by=  0.012ms per_group= 0.022ms)
[pe] round= 23 work=       25 frontier=      155 next=       25 consolidate=  0.032ms frontier=  0.003ms semisort=  0.052ms (keyed= 0.001ms group_by=  0.008ms per_group= 0.020ms)
[pe] round= 24 work=       25 frontier=      150 next=       25 consolidate=  0.028ms frontier=  0.004ms semisort=  0.061ms (keyed= 0.001ms group_by=  0.007ms per_group= 0.025ms)
[pe] round= 25 work=       25 frontier=      182 next=       25 consolidate=  0.031ms frontier=  0.004ms semisort=  0.066ms (keyed= 0.001ms group_by=  0.007ms per_group= 0.024ms)
[pe] round= 26 work=       25 frontier=      152 next=       23 consolidate=  0.032ms frontier=  0.004ms semisort=  0.056ms (keyed= 0.001ms group_by=  0.007ms per_group= 0.023ms)
[pe] round= 27 work=       23 frontier=      139 next=       21 consolidate=  0.031ms frontier=  0.003ms semisort=  0.053ms (keyed= 0.001ms group_by=  0.005ms per_group= 0.021ms)
[pe] round= 28 work=       21 frontier=      127 next=       21 consolidate=  0.021ms frontier=  0.003ms semisort=  0.051ms (keyed= 0.001ms group_by=  0.006ms per_group= 0.018ms)
[pe] round= 29 work=       21 frontier=      126 next=       16 consolidate=  0.041ms frontier=  0.003ms semisort=  0.065ms (keyed= 0.001ms group_by=  0.011ms per_group= 0.026ms)
[pe] round= 30 work=       16 frontier=       86 next=       14 consolidate=  0.030ms frontier=  0.003ms semisort=  0.044ms (keyed= 0.001ms group_by=  0.004ms per_group= 0.011ms)
[pe] round= 31 work=       14 frontier=       85 next=       14 consolidate=  0.028ms frontier=  0.003ms semisort=  0.046ms (keyed= 0.001ms group_by=  0.006ms per_group= 0.016ms)
[pe] round= 32 work=       14 frontier=       77 next=       14 consolidate=  0.025ms frontier=  0.003ms semisort=  0.036ms (keyed= 0.001ms group_by=  0.004ms per_group= 0.014ms)
[pe] round= 33 work=       14 frontier=      106 next=       12 consolidate=  0.017ms frontier=  0.002ms semisort=  0.048ms (keyed= 0.001ms group_by=  0.005ms per_group= 0.018ms)
[pe] round= 34 work=       12 frontier=       67 next=       10 consolidate=  0.025ms frontier=  0.002ms semisort=  0.023ms (keyed= 0.000ms group_by=  0.005ms per_group= 0.006ms)
[pe] round= 35 work=       10 frontier=       54 next=        6 consolidate=  0.023ms frontier=  0.002ms semisort=  0.028ms (keyed= 0.000ms group_by=  0.003ms per_group= 0.016ms)
[pe] round= 36 work=        6 frontier=       23 next=        4 consolidate=  0.016ms frontier=  0.001ms semisort=  0.009ms (keyed= 0.000ms group_by=  0.001ms per_group= 0.003ms)
[pe] round= 37 work=        4 frontier=       41 next=        4 consolidate=  0.012ms frontier=  0.002ms semisort=  0.016ms (keyed= 0.001ms group_by=  0.003ms per_group= 0.004ms)
[pe] round= 38 work=        4 frontier=       24 next=        5 consolidate=  0.008ms frontier=  0.002ms semisort=  0.010ms (keyed= 0.000ms group_by=  0.001ms per_group= 0.004ms)
[pe] round= 39 work=        5 frontier=       13 next=        3 consolidate=  0.011ms frontier=  0.002ms semisort=  0.006ms (keyed= 0.000ms group_by=  0.001ms per_group= 0.002ms)
[pe] round= 40 work=        3 frontier=        4 next=        2 consolidate=  0.004ms frontier=  0.001ms semisort=  0.004ms (keyed= 0.000ms group_by=  0.001ms per_group= 0.002ms)
[pe] round= 41 work=        2 frontier=       26 next=        2 consolidate=  0.004ms frontier=  0.001ms semisort=  0.016ms (keyed= 0.000ms group_by=  0.001ms per_group= 0.002ms)
[pe] round= 42 work=        2 frontier=        8 next=        2 consolidate=  0.003ms frontier=  0.000ms semisort=  0.004ms (keyed= 0.000ms group_by=  0.001ms per_group= 0.001ms)
[pe] round= 43 work=        2 frontier=        8 next=        2 consolidate=  0.003ms frontier=  0.000ms semisort=  0.004ms (keyed= 0.000ms group_by=  0.000ms per_group= 0.001ms)
[pe] round= 44 work=        2 frontier=        4 next=        2 consolidate=  0.003ms frontier=  0.001ms semisort=  0.003ms (keyed= 0.000ms group_by=  0.000ms per_group= 0.001ms)
[pe] round= 45 work=        2 frontier=       26 next=        2 consolidate=  0.004ms frontier=  0.001ms semisort=  0.008ms (keyed= 0.000ms group_by=  0.001ms per_group= 0.002ms)
[pe] round= 46 work=        2 frontier=        8 next=        2 consolidate=  0.004ms frontier=  0.001ms semisort=  0.004ms (keyed= 0.000ms group_by=  0.001ms per_group= 0.002ms)
[pe] round= 47 work=        2 frontier=        8 next=        2 consolidate=  0.003ms frontier=  0.001ms semisort=  0.005ms (keyed= 0.000ms group_by=  0.000ms per_group= 0.001ms)
[pe] round= 48 work=        2 frontier=        4 next=        2 consolidate=  0.003ms frontier=  0.001ms semisort=  0.003ms (keyed= 0.000ms group_by=  0.000ms per_group= 0.001ms)
[pe] round= 49 work=        2 frontier=       20 next=        2 consolidate=  0.003ms frontier=  0.001ms semisort=  0.007ms (keyed= 0.000ms group_by=  0.001ms per_group= 0.002ms)
[pe] round= 50 work=        2 frontier=        4 next=        2 consolidate=  0.003ms frontier=  0.000ms semisort=  0.002ms (keyed= 0.000ms group_by=  0.000ms per_group= 0.001ms)
[pe] round= 51 work=        2 (tail-skip: all parents empty)
[pe] round=  0 work=  8509525 frontier=  5063084 next=    59086 consolidate= 44.417ms frontier= 11.525ms semisort= 18.682ms (keyed= 6.104ms group_by=  0.435ms per_group= 1.807ms)
[pe] round=  1 work=    59086 frontier=   551494 next=    13151 consolidate=  2.759ms frontier=  2.057ms semisort=  2.603ms (keyed= 0.810ms group_by=  0.142ms per_group= 0.426ms)
[pe] round=  2 work=    13151 frontier=   120430 next=    10937 consolidate=  0.562ms frontier=  0.221ms semisort=  2.334ms (keyed= 0.027ms group_by=  1.626ms per_group= 0.258ms)
[pe] round=  3 work=    10937 frontier=    64865 next=     7757 consolidate=  0.536ms frontier=  0.190ms semisort=  1.291ms (keyed= 0.032ms group_by=  0.752ms per_group= 0.221ms)
[pe] round=  4 work=     7757 frontier=    25747 next=     3790 consolidate=  1.603ms frontier=  0.217ms semisort=  0.884ms (keyed= 0.029ms group_by=  0.429ms per_group= 0.174ms)
[pe] round=  5 work=     3790 frontier=    12633 next=     1812 consolidate=  0.781ms frontier=  0.134ms semisort=  0.495ms (keyed= 0.021ms group_by=  0.176ms per_group= 0.137ms)
[pe] round=  6 work=     1812 frontier=     6864 next=      994 consolidate=  0.399ms frontier=  0.102ms semisort=  0.949ms (keyed= 0.017ms group_by=  0.717ms per_group= 0.090ms)
[pe] round=  7 work=      994 frontier=     3763 next=      546 consolidate=  0.277ms frontier=  0.066ms semisort=  0.440ms (keyed= 0.019ms group_by=  0.267ms per_group= 0.053ms)
[pe] round=  8 work=      546 frontier=     2568 next=      361 consolidate=  0.183ms frontier=  0.044ms semisort=  0.431ms (keyed= 0.011ms group_by=  0.288ms per_group= 0.055ms)
[pe] round=  9 work=      361 frontier=     1974 next=      271 consolidate=  0.119ms frontier=  0.028ms semisort=  0.248ms (keyed= 0.007ms group_by=  0.112ms per_group= 0.044ms)
[pe] round= 10 work=      271 frontier=      934 next=      119 consolidate=  0.107ms frontier=  0.032ms semisort=  0.180ms (keyed= 0.003ms group_by=  0.066ms per_group= 0.044ms)
[pe] round= 11 work=      119 frontier=      539 next=       96 consolidate=  0.068ms frontier=  0.010ms semisort=  0.134ms (keyed= 0.002ms group_by=  0.050ms per_group= 0.030ms)
[pe] round= 12 work=       96 frontier=      455 next=       75 consolidate=  0.042ms frontier=  0.007ms semisort=  0.117ms (keyed= 0.002ms group_by=  0.042ms per_group= 0.030ms)
[pe] round= 13 work=       75 frontier=      522 next=       87 consolidate=  0.053ms frontier=  0.008ms semisort=  0.119ms (keyed= 0.002ms group_by=  0.046ms per_group= 0.035ms)
[pe] round= 14 work=       87 frontier=      349 next=       67 consolidate=  0.047ms frontier=  0.008ms semisort=  0.098ms (keyed= 0.002ms group_by=  0.019ms per_group= 0.028ms)
[pe] round= 15 work=       67 frontier=      315 next=       56 consolidate=  0.057ms frontier=  0.007ms semisort=  0.089ms (keyed= 0.001ms group_by=  0.017ms per_group= 0.030ms)
[pe] round= 16 work=       56 frontier=      294 next=       48 consolidate=  0.053ms frontier=  0.006ms semisort=  0.098ms (keyed= 0.001ms group_by=  0.016ms per_group= 0.029ms)
[pe] round= 17 work=       48 frontier=      546 next=      104 consolidate=  0.030ms frontier=  0.006ms semisort=  0.121ms (keyed= 0.002ms group_by=  0.039ms per_group= 0.028ms)
[pe] round= 18 work=      104 frontier=     1028 next=       86 consolidate=  0.046ms frontier=  0.009ms semisort=  0.170ms (keyed= 0.003ms group_by=  0.076ms per_group= 0.046ms)
[pe] round= 19 work=       86 frontier=      674 next=       34 consolidate=  0.053ms frontier=  0.008ms semisort=  0.110ms (keyed= 0.003ms group_by=  0.047ms per_group= 0.026ms)
[pe] round= 20 work=       34 frontier=      184 next=       31 consolidate=  0.031ms frontier=  0.005ms semisort=  0.072ms (keyed= 0.001ms group_by=  0.010ms per_group= 0.024ms)
[pe] round= 21 work=       31 frontier=      202 next=       27 consolidate=  0.039ms frontier=  0.004ms semisort=  0.064ms (keyed= 0.001ms group_by=  0.010ms per_group= 0.026ms)
[pe] round= 22 work=       27 frontier=      161 next=       25 consolidate=  0.034ms frontier=  0.003ms semisort=  0.066ms (keyed= 0.001ms group_by=  0.013ms per_group= 0.025ms)
[pe] round= 23 work=       25 frontier=      155 next=       25 consolidate=  0.031ms frontier=  0.004ms semisort=  0.063ms (keyed= 0.001ms group_by=  0.008ms per_group= 0.024ms)
[pe] round= 24 work=       25 frontier=      150 next=       25 consolidate=  0.033ms frontier=  0.003ms semisort=  0.040ms (keyed= 0.001ms group_by=  0.006ms per_group= 0.013ms)
[pe] round= 25 work=       25 frontier=      182 next=       25 consolidate=  0.037ms frontier=  0.004ms semisort=  0.057ms (keyed= 0.001ms group_by=  0.008ms per_group= 0.024ms)
[pe] round= 26 work=       25 frontier=      152 next=       23 consolidate=  0.038ms frontier=  0.003ms semisort=  0.049ms (keyed= 0.001ms group_by=  0.007ms per_group= 0.018ms)
[pe] round= 27 work=       23 frontier=      139 next=       21 consolidate=  0.020ms frontier=  0.003ms semisort=  0.068ms (keyed= 0.001ms group_by=  0.005ms per_group= 0.032ms)
[pe] round= 28 work=       21 frontier=      127 next=       21 consolidate=  0.033ms frontier=  0.003ms semisort=  0.051ms (keyed= 0.001ms group_by=  0.006ms per_group= 0.023ms)
[pe] round= 29 work=       21 frontier=      126 next=       16 consolidate=  0.029ms frontier=  0.003ms semisort=  0.042ms (keyed= 0.001ms group_by=  0.006ms per_group= 0.017ms)
[pe] round= 30 work=       16 frontier=       86 next=       14 consolidate=  0.022ms frontier=  0.003ms semisort=  0.034ms (keyed= 0.000ms group_by=  0.004ms per_group= 0.015ms)
[pe] round= 31 work=       14 frontier=       85 next=       14 consolidate=  0.018ms frontier=  0.003ms semisort=  0.033ms (keyed= 0.001ms group_by=  0.006ms per_group= 0.009ms)
[pe] round= 32 work=       14 frontier=       77 next=       14 consolidate=  0.022ms frontier=  0.003ms semisort=  0.031ms (keyed= 0.001ms group_by=  0.003ms per_group= 0.013ms)
[pe] round= 33 work=       14 frontier=      106 next=       12 consolidate=  0.015ms frontier=  0.003ms semisort=  0.039ms (keyed= 0.001ms group_by=  0.005ms per_group= 0.017ms)
[pe] round= 34 work=       12 frontier=       67 next=       10 consolidate=  0.021ms frontier=  0.003ms semisort=  0.028ms (keyed= 0.001ms group_by=  0.003ms per_group= 0.010ms)
[pe] round= 35 work=       10 frontier=       54 next=        6 consolidate=  0.016ms frontier=  0.002ms semisort=  0.035ms (keyed= 0.001ms group_by=  0.002ms per_group= 0.015ms)
[pe] round= 36 work=        6 frontier=       23 next=        4 consolidate=  0.014ms frontier=  0.002ms semisort=  0.010ms (keyed= 0.000ms group_by=  0.001ms per_group= 0.003ms)
[pe] round= 37 work=        4 frontier=       41 next=        4 consolidate=  0.016ms frontier=  0.002ms semisort=  0.014ms (keyed= 0.000ms group_by=  0.003ms per_group= 0.004ms)
[pe] round= 38 work=        4 frontier=       24 next=        5 consolidate=  0.012ms frontier=  0.002ms semisort=  0.009ms (keyed= 0.000ms group_by=  0.001ms per_group= 0.003ms)
[pe] round= 39 work=        5 frontier=       13 next=        3 consolidate=  0.006ms frontier=  0.001ms semisort=  0.005ms (keyed= 0.000ms group_by=  0.001ms per_group= 0.002ms)
[pe] round= 40 work=        3 frontier=        4 next=        2 consolidate=  0.003ms frontier=  0.001ms semisort=  0.002ms (keyed= 0.000ms group_by=  0.000ms per_group= 0.001ms)
[pe] round= 41 work=        2 frontier=       26 next=        2 consolidate=  0.003ms frontier=  0.001ms semisort=  0.006ms (keyed= 0.000ms group_by=  0.001ms per_group= 0.002ms)
[pe] round= 42 work=        2 frontier=        8 next=        2 consolidate=  0.003ms frontier=  0.001ms semisort=  0.004ms (keyed= 0.000ms group_by=  0.001ms per_group= 0.002ms)
[pe] round= 43 work=        2 frontier=        8 next=        2 consolidate=  0.003ms frontier=  0.001ms semisort=  0.005ms (keyed= 0.000ms group_by=  0.001ms per_group= 0.002ms)
[pe] round= 44 work=        2 frontier=        4 next=        2 consolidate=  0.003ms frontier=  0.001ms semisort=  0.003ms (keyed= 0.000ms group_by=  0.000ms per_group= 0.001ms)
[pe] round= 45 work=        2 frontier=       26 next=        2 consolidate=  0.003ms frontier=  0.001ms semisort=  0.008ms (keyed= 0.000ms group_by=  0.001ms per_group= 0.002ms)
[pe] round= 46 work=        2 frontier=        8 next=        2 consolidate=  0.003ms frontier=  0.001ms semisort=  0.004ms (keyed= 0.000ms group_by=  0.001ms per_group= 0.001ms)
[pe] round= 47 work=        2 frontier=        8 next=        2 consolidate=  0.003ms frontier=  0.001ms semisort=  0.004ms (keyed= 0.000ms group_by=  0.000ms per_group= 0.001ms)
[pe] round= 48 work=        2 frontier=        4 next=        2 consolidate=  0.002ms frontier=  0.000ms semisort=  0.002ms (keyed= 0.000ms group_by=  0.000ms per_group= 0.001ms)
[pe] round= 49 work=        2 frontier=       20 next=        2 consolidate=  0.003ms frontier=  0.000ms semisort=  0.006ms (keyed= 0.000ms group_by=  0.001ms per_group= 0.002ms)
[pe] round= 50 work=        2 frontier=        4 next=        2 consolidate=  0.002ms frontier=  0.000ms semisort=  0.002ms (keyed= 0.000ms group_by=  0.000ms per_group= 0.001ms)
[pe] round= 51 work=        2 (tail-skip: all parents empty)
[pe-async] round=  0 R=2 dirty=  5063084 runs=  3311279 filter=  1.816ms semisort=  7.535ms
[pe-async] round=  1 R=3 dirty=   551494 runs=   413678 filter=  1.981ms semisort=  1.410ms
[pe-async] round=  2 R=4 dirty=   118530 runs=    90571 filter=  1.667ms semisort=  4.348ms
[pe-async] round=  3 R=5 dirty=    63130 runs=    43838 filter=  1.584ms semisort=  2.197ms
[pe-async] round=  4 R=6 dirty=    21921 runs=    13199 filter=  1.483ms semisort=  0.738ms
[pe-async] round=  5 R=7 dirty=    11018 runs=     6046 filter=  1.439ms semisort=  0.425ms
[pe-async] round=  6 R=8 dirty=     6096 runs=     3487 filter=  1.423ms semisort=  0.242ms
[pe-async] round=  7 R=9 dirty=     3453 runs=     1863 filter=  1.427ms semisort=  0.190ms
[pe-async] round=  8 R=10 dirty=     2383 runs=     1485 filter=  1.438ms semisort=  0.157ms
[pe-async] round=  9 R=11 dirty=     1846 runs=     1095 filter=  1.418ms semisort=  0.137ms
[pe-async] round= 10 R=12 dirty=      844 runs=      563 filter=  1.454ms semisort=  0.080ms
[pe-async] round= 11 R=13 dirty=      539 runs=      301 filter=  1.413ms semisort=  0.077ms
[pe-async] round= 12 R=14 dirty=      455 runs=      286 filter=  1.432ms semisort=  0.060ms
[pe-async] round= 13 R=15 dirty=      522 runs=      306 filter=  1.386ms semisort=  0.093ms
[pe-async] round= 14 R=16 dirty=      349 runs=      212 filter=  1.405ms semisort=  0.066ms
[pe-async] round= 15 R=17 dirty=      315 runs=      189 filter=  1.392ms semisort=  0.063ms
[pe-async] round= 16 R=18 dirty=      294 runs=      179 filter=  1.412ms semisort=  0.065ms
[pe-async] round= 17 R=19 dirty=      546 runs=      311 filter=  1.411ms semisort=  0.077ms
[pe-async] round= 18 R=20 dirty=     1000 runs=      395 filter=  1.392ms semisort=  0.094ms
[pe-async] round= 19 R=21 dirty=      654 runs=      308 filter=  1.388ms semisort=  0.069ms
[pe-async] round= 20 R=22 dirty=      184 runs=      118 filter=  1.415ms semisort=  0.056ms
[pe-async] round= 21 R=23 dirty=      202 runs=      129 filter=  1.395ms semisort=  0.049ms
[pe-async] round= 22 R=24 dirty=      161 runs=      107 filter=  1.378ms semisort=  0.045ms
[pe-async] round= 23 R=25 dirty=      155 runs=       96 filter=  1.359ms semisort=  0.063ms
[pe-async] round= 24 R=26 dirty=      150 runs=       97 filter=  1.403ms semisort=  0.060ms
[pe-async] round= 25 R=27 dirty=      182 runs=      115 filter=  1.375ms semisort=  0.052ms
[pe-async] round= 26 R=28 dirty=      152 runs=      101 filter=  1.421ms semisort=  0.047ms
[pe-async] round= 27 R=29 dirty=      139 runs=       86 filter=  1.437ms semisort=  0.054ms
[pe-async] round= 28 R=30 dirty=      127 runs=       80 filter=  1.370ms semisort=  0.042ms
[pe-async] round= 29 R=31 dirty=      126 runs=       82 filter=  1.385ms semisort=  0.035ms
[pe-async] round= 30 R=32 dirty=       86 runs=       58 filter=  1.357ms semisort=  0.032ms
[pe-async] round= 31 R=33 dirty=       85 runs=       52 filter=  1.399ms semisort=  0.031ms
[pe-async] round= 32 R=34 dirty=       77 runs=       50 filter=  1.387ms semisort=  0.036ms
[pe-async] round= 33 R=35 dirty=      106 runs=       68 filter=  1.367ms semisort=  0.039ms
[pe-async] round= 34 R=36 dirty=       67 runs=       47 filter=  1.382ms semisort=  0.035ms
[pe-async] round= 35 R=37 dirty=       54 runs=       34 filter=  1.376ms semisort=  0.034ms
[pe-async] round= 36 R=38 dirty=       23 runs=       15 filter=  1.385ms semisort=  0.013ms
[pe-async] round= 37 R=39 dirty=       41 runs=       23 filter=  1.372ms semisort=  0.017ms
[pe-async] round= 38 R=40 dirty=       24 runs=       14 filter=  1.403ms semisort=  0.013ms
[pe-async] round= 39 R=41 dirty=       13 runs=        6 filter=  1.345ms semisort=  0.011ms
[pe-async] round= 40 R=42 dirty=        4 runs=        2 filter=  1.405ms semisort=  0.008ms
[pe-async] round= 41 R=43 dirty=       26 runs=       14 filter=  1.379ms semisort=  0.011ms
[pe-async] round= 42 R=44 dirty=        8 runs=        6 filter=  1.431ms semisort=  0.010ms
[pe-async] round= 43 R=45 dirty=        8 runs=        2 filter=  1.383ms semisort=  0.009ms
[pe-async] round= 44 R=46 dirty=        4 runs=        2 filter=  1.374ms semisort=  0.009ms
[pe-async] round= 45 R=47 dirty=       26 runs=       14 filter=  1.370ms semisort=  0.012ms
[pe-async] round= 46 R=48 dirty=        8 runs=        6 filter=  1.353ms semisort=  0.009ms
[pe-async] round= 47 R=49 dirty=        8 runs=        2 filter=  1.372ms semisort=  0.010ms
[pe-async] round= 48 R=50 dirty=        4 runs=        2 filter=  1.350ms semisort=  0.008ms
[pe-async] round= 49 R=51 dirty=       20 runs=       14 filter=  1.364ms semisort=  0.011ms
[pe-async] round= 50 R=52 dirty=        4 runs=        2 filter=  1.347ms semisort=  0.008ms
[pe-async] round= 51 R=53 dirty=        0 filter=  1.394ms (clean break)
[pe-async] round=  0 R=2 dirty=  5063084 runs=  3311279 filter=  1.654ms semisort=  7.972ms
[pe-async] round=  1 R=3 dirty=   551494 runs=   413678 filter=  2.053ms semisort=  1.631ms
[pe-async] round=  2 R=4 dirty=   118530 runs=    90571 filter=  1.763ms semisort=  4.226ms
[pe-async] round=  3 R=5 dirty=    63130 runs=    43838 filter=  1.603ms semisort=  2.101ms
[pe-async] round=  4 R=6 dirty=    21921 runs=    13199 filter=  1.561ms semisort=  0.802ms
[pe-async] round=  5 R=7 dirty=    11018 runs=     6046 filter=  1.498ms semisort=  0.418ms
[pe-async] round=  6 R=8 dirty=     6096 runs=     3487 filter=  1.471ms semisort=  0.271ms
[pe-async] round=  7 R=9 dirty=     3453 runs=     1863 filter=  1.477ms semisort=  0.211ms
[pe-async] round=  8 R=10 dirty=     2383 runs=     1485 filter=  1.473ms semisort=  0.153ms
[pe-async] round=  9 R=11 dirty=     1846 runs=     1095 filter=  1.431ms semisort=  0.120ms
[pe-async] round= 10 R=12 dirty=      844 runs=      563 filter=  1.442ms semisort=  0.085ms
[pe-async] round= 11 R=13 dirty=      539 runs=      301 filter=  1.451ms semisort=  0.067ms
[pe-async] round= 12 R=14 dirty=      455 runs=      286 filter=  1.454ms semisort=  0.072ms
[pe-async] round= 13 R=15 dirty=      522 runs=      306 filter=  1.420ms semisort=  0.068ms
[pe-async] round= 14 R=16 dirty=      349 runs=      212 filter=  1.429ms semisort=  0.074ms
[pe-async] round= 15 R=17 dirty=      315 runs=      189 filter=  1.415ms semisort=  0.065ms
[pe-async] round= 16 R=18 dirty=      294 runs=      179 filter=  1.394ms semisort=  0.068ms
[pe-async] round= 17 R=19 dirty=      546 runs=      311 filter=  1.415ms semisort=  0.072ms
[pe-async] round= 18 R=20 dirty=     1000 runs=      395 filter=  1.396ms semisort=  0.092ms
[pe-async] round= 19 R=21 dirty=      654 runs=      308 filter=  1.422ms semisort=  0.061ms
[pe-async] round= 20 R=22 dirty=      184 runs=      118 filter=  1.438ms semisort=  0.051ms
[pe-async] round= 21 R=23 dirty=      202 runs=      129 filter=  1.437ms semisort=  0.043ms
[pe-async] round= 22 R=24 dirty=      161 runs=      107 filter=  1.423ms semisort=  0.052ms
[pe-async] round= 23 R=25 dirty=      155 runs=       96 filter=  1.459ms semisort=  0.040ms
[pe-async] round= 24 R=26 dirty=      150 runs=       97 filter=  1.438ms semisort=  0.041ms
[pe-async] round= 25 R=27 dirty=      182 runs=      115 filter=  1.426ms semisort=  0.054ms
[pe-async] round= 26 R=28 dirty=      152 runs=      101 filter=  1.384ms semisort=  0.053ms
[pe-async] round= 27 R=29 dirty=      139 runs=       86 filter=  1.419ms semisort=  0.040ms
[pe-async] round= 28 R=30 dirty=      127 runs=       80 filter=  1.410ms semisort=  0.040ms
[pe-async] round= 29 R=31 dirty=      126 runs=       82 filter=  1.397ms semisort=  0.041ms
[pe-async] round= 30 R=32 dirty=       86 runs=       58 filter=  1.398ms semisort=  0.027ms
[pe-async] round= 31 R=33 dirty=       85 runs=       52 filter=  1.393ms semisort=  0.038ms
[pe-async] round= 32 R=34 dirty=       77 runs=       50 filter=  1.405ms semisort=  0.026ms
[pe-async] round= 33 R=35 dirty=      106 runs=       68 filter=  1.373ms semisort=  0.045ms
[pe-async] round= 34 R=36 dirty=       67 runs=       47 filter=  1.403ms semisort=  0.031ms
[pe-async] round= 35 R=37 dirty=       54 runs=       34 filter=  1.411ms semisort=  0.036ms
[pe-async] round= 36 R=38 dirty=       23 runs=       15 filter=  1.396ms semisort=  0.014ms
[pe-async] round= 37 R=39 dirty=       41 runs=       23 filter=  1.441ms semisort=  0.014ms
[pe-async] round= 38 R=40 dirty=       24 runs=       14 filter=  1.385ms semisort=  0.014ms
[pe-async] round= 39 R=41 dirty=       13 runs=        6 filter=  1.401ms semisort=  0.011ms
[pe-async] round= 40 R=42 dirty=        4 runs=        2 filter=  1.409ms semisort=  0.009ms
[pe-async] round= 41 R=43 dirty=       26 runs=       14 filter=  1.395ms semisort=  0.012ms
[pe-async] round= 42 R=44 dirty=        8 runs=        6 filter=  1.392ms semisort=  0.025ms
[pe-async] round= 43 R=45 dirty=        8 runs=        2 filter=  1.414ms semisort=  0.009ms
[pe-async] round= 44 R=46 dirty=        4 runs=        2 filter=  1.424ms semisort=  0.008ms
[pe-async] round= 45 R=47 dirty=       26 runs=       14 filter=  1.376ms semisort=  0.011ms
[pe-async] round= 46 R=48 dirty=        8 runs=        6 filter=  1.437ms semisort=  0.010ms
[pe-async] round= 47 R=49 dirty=        8 runs=        2 filter=  1.382ms semisort=  0.009ms
[pe-async] round= 48 R=50 dirty=        4 runs=        2 filter=  1.402ms semisort=  0.008ms
[pe-async] round= 49 R=51 dirty=       20 runs=       14 filter=  1.421ms semisort=  0.011ms
[pe-async] round= 50 R=52 dirty=        4 runs=        2 filter=  1.435ms semisort=  0.008ms
[pe-async] round= 51 R=53 dirty=        0 filter=  1.381ms (clean break)
[pe-async] round=  0 R=2 dirty=  5063084 runs=  3311279 filter=  1.569ms semisort=  7.943ms
[pe-async] round=  1 R=3 dirty=   551494 runs=   413678 filter=  1.901ms semisort=  1.237ms
[pe-async] round=  2 R=4 dirty=   118530 runs=    90571 filter=  1.646ms semisort=  4.435ms
[pe-async] round=  3 R=5 dirty=    63130 runs=    43838 filter=  1.490ms semisort=  2.078ms
[pe-async] round=  4 R=6 dirty=    21921 runs=    13199 filter=  1.443ms semisort=  0.734ms
[pe-async] round=  5 R=7 dirty=    11018 runs=     6046 filter=  1.421ms semisort=  0.445ms
[pe-async] round=  6 R=8 dirty=     6096 runs=     3487 filter=  1.412ms semisort=  0.260ms
[pe-async] round=  7 R=9 dirty=     3453 runs=     1863 filter=  1.370ms semisort=  0.204ms
[pe-async] round=  8 R=10 dirty=     2383 runs=     1485 filter=  1.412ms semisort=  0.148ms
[pe-async] round=  9 R=11 dirty=     1846 runs=     1095 filter=  1.370ms semisort=  0.136ms
[pe-async] round= 10 R=12 dirty=      844 runs=      563 filter=  1.360ms semisort=  0.083ms
[pe-async] round= 11 R=13 dirty=      539 runs=      301 filter=  1.378ms semisort=  0.066ms
[pe-async] round= 12 R=14 dirty=      455 runs=      286 filter=  1.395ms semisort=  0.079ms
[pe-async] round= 13 R=15 dirty=      522 runs=      306 filter=  1.352ms semisort=  0.086ms
[pe-async] round= 14 R=16 dirty=      349 runs=      212 filter=  1.442ms semisort=  0.067ms
[pe-async] round= 15 R=17 dirty=      315 runs=      189 filter=  1.402ms semisort=  0.065ms
[pe-async] round= 16 R=18 dirty=      294 runs=      179 filter=  1.347ms semisort=  0.070ms
[pe-async] round= 17 R=19 dirty=      546 runs=      311 filter=  1.364ms semisort=  0.080ms
[pe-async] round= 18 R=20 dirty=     1000 runs=      395 filter=  1.367ms semisort=  0.090ms
[pe-async] round= 19 R=21 dirty=      654 runs=      308 filter=  1.378ms semisort=  0.077ms
[pe-async] round= 20 R=22 dirty=      184 runs=      118 filter=  1.359ms semisort=  0.053ms
[pe-async] round= 21 R=23 dirty=      202 runs=      129 filter=  1.427ms semisort=  0.059ms
[pe-async] round= 22 R=24 dirty=      161 runs=      107 filter=  1.347ms semisort=  0.044ms
[pe-async] round= 23 R=25 dirty=      155 runs=       96 filter=  1.357ms semisort=  0.039ms
[pe-async] round= 24 R=26 dirty=      150 runs=       97 filter=  1.385ms semisort=  0.039ms
[pe-async] round= 25 R=27 dirty=      182 runs=      115 filter=  1.379ms semisort=  0.049ms
[pe-async] round= 26 R=28 dirty=      152 runs=      101 filter=  1.342ms semisort=  0.048ms
[pe-async] round= 27 R=29 dirty=      139 runs=       86 filter=  1.379ms semisort=  0.054ms
[pe-async] round= 28 R=30 dirty=      127 runs=       80 filter=  1.395ms semisort=  0.049ms
[pe-async] round= 29 R=31 dirty=      126 runs=       82 filter=  1.369ms semisort=  0.040ms
[pe-async] round= 30 R=32 dirty=       86 runs=       58 filter=  1.335ms semisort=  0.032ms
[pe-async] round= 31 R=33 dirty=       85 runs=       52 filter=  1.335ms semisort=  0.038ms
[pe-async] round= 32 R=34 dirty=       77 runs=       50 filter=  1.322ms semisort=  0.040ms
[pe-async] round= 33 R=35 dirty=      106 runs=       68 filter=  1.334ms semisort=  0.042ms
[pe-async] round= 34 R=36 dirty=       67 runs=       47 filter=  1.340ms semisort=  0.031ms
[pe-async] round= 35 R=37 dirty=       54 runs=       34 filter=  1.420ms semisort=  0.031ms
[pe-async] round= 36 R=38 dirty=       23 runs=       15 filter=  1.409ms semisort=  0.014ms
[pe-async] round= 37 R=39 dirty=       41 runs=       23 filter=  1.395ms semisort=  0.020ms
[pe-async] round= 38 R=40 dirty=       24 runs=       14 filter=  1.372ms semisort=  0.015ms
[pe-async] round= 39 R=41 dirty=       13 runs=        6 filter=  1.357ms semisort=  0.012ms
[pe-async] round= 40 R=42 dirty=        4 runs=        2 filter=  1.330ms semisort=  0.010ms
[pe-async] round= 41 R=43 dirty=       26 runs=       14 filter=  1.388ms semisort=  0.011ms
[pe-async] round= 42 R=44 dirty=        8 runs=        6 filter=  1.360ms semisort=  0.041ms
[pe-async] round= 43 R=45 dirty=        8 runs=        2 filter=  1.351ms semisort=  0.009ms
[pe-async] round= 44 R=46 dirty=        4 runs=        2 filter=  1.392ms semisort=  0.008ms
[pe-async] round= 45 R=47 dirty=       26 runs=       14 filter=  1.346ms semisort=  0.011ms
[pe-async] round= 46 R=48 dirty=        8 runs=        6 filter=  1.339ms semisort=  0.010ms
[pe-async] round= 47 R=49 dirty=        8 runs=        2 filter=  1.370ms semisort=  0.009ms
[pe-async] round= 48 R=50 dirty=        4 runs=        2 filter=  1.370ms semisort=  0.008ms
[pe-async] round= 49 R=51 dirty=       20 runs=       14 filter=  1.346ms semisort=  0.011ms
[pe-async] round= 50 R=52 dirty=        4 runs=        2 filter=  1.337ms semisort=  0.009ms
[pe-async] round= 51 R=53 dirty=        0 filter=  1.319ms (clean break)
[pe-async] round=  0 R=2 dirty=  5063084 runs=  3311279 filter=  1.595ms semisort=  8.602ms
[pe-async] round=  1 R=3 dirty=   551494 runs=   413678 filter=  1.929ms semisort=  1.295ms
[pe-async] round=  2 R=4 dirty=   118530 runs=    90571 filter=  1.649ms semisort=  4.273ms
[pe-async] round=  3 R=5 dirty=    63130 runs=    43838 filter=  1.556ms semisort=  2.160ms
[pe-async] round=  4 R=6 dirty=    21921 runs=    13199 filter=  1.479ms semisort=  0.750ms
[pe-async] round=  5 R=7 dirty=    11018 runs=     6046 filter=  1.418ms semisort=  0.450ms
[pe-async] round=  6 R=8 dirty=     6096 runs=     3487 filter=  1.418ms semisort=  0.271ms
[pe-async] round=  7 R=9 dirty=     3453 runs=     1863 filter=  1.437ms semisort=  0.180ms
[pe-async] round=  8 R=10 dirty=     2383 runs=     1485 filter=  1.400ms semisort=  0.151ms
[pe-async] round=  9 R=11 dirty=     1846 runs=     1095 filter=  1.430ms semisort=  0.148ms
[pe-async] round= 10 R=12 dirty=      844 runs=      563 filter=  1.392ms semisort=  0.073ms
[pe-async] round= 11 R=13 dirty=      539 runs=      301 filter=  1.395ms semisort=  0.068ms
[pe-async] round= 12 R=14 dirty=      455 runs=      286 filter=  1.374ms semisort=  0.072ms
[pe-async] round= 13 R=15 dirty=      522 runs=      306 filter=  1.410ms semisort=  0.078ms
[pe-async] round= 14 R=16 dirty=      349 runs=      212 filter=  1.395ms semisort=  0.074ms
[pe-async] round= 15 R=17 dirty=      315 runs=      189 filter=  1.391ms semisort=  0.077ms
[pe-async] round= 16 R=18 dirty=      294 runs=      179 filter=  1.383ms semisort=  0.058ms
[pe-async] round= 17 R=19 dirty=      546 runs=      311 filter=  1.380ms semisort=  0.075ms
[pe-async] round= 18 R=20 dirty=     1000 runs=      395 filter=  1.359ms semisort=  0.096ms
[pe-async] round= 19 R=21 dirty=      654 runs=      308 filter=  1.384ms semisort=  0.065ms
[pe-async] round= 20 R=22 dirty=      184 runs=      118 filter=  1.370ms semisort=  0.054ms
[pe-async] round= 21 R=23 dirty=      202 runs=      129 filter=  1.420ms semisort=  0.056ms
[pe-async] round= 22 R=24 dirty=      161 runs=      107 filter=  1.385ms semisort=  0.046ms
[pe-async] round= 23 R=25 dirty=      155 runs=       96 filter=  1.373ms semisort=  0.047ms
[pe-async] round= 24 R=26 dirty=      150 runs=       97 filter=  1.381ms semisort=  0.046ms
[pe-async] round= 25 R=27 dirty=      182 runs=      115 filter=  1.404ms semisort=  0.047ms
[pe-async] round= 26 R=28 dirty=      152 runs=      101 filter=  1.372ms semisort=  0.059ms
[pe-async] round= 27 R=29 dirty=      139 runs=       86 filter=  1.366ms semisort=  0.038ms
[pe-async] round= 28 R=30 dirty=      127 runs=       80 filter=  1.386ms semisort=  0.050ms
[pe-async] round= 29 R=31 dirty=      126 runs=       82 filter=  1.383ms semisort=  0.034ms
[pe-async] round= 30 R=32 dirty=       86 runs=       58 filter=  1.449ms semisort=  0.028ms
[pe-async] round= 31 R=33 dirty=       85 runs=       52 filter=  1.377ms semisort=  0.039ms
[pe-async] round= 32 R=34 dirty=       77 runs=       50 filter=  1.360ms semisort=  0.037ms
[pe-async] round= 33 R=35 dirty=      106 runs=       68 filter=  1.389ms semisort=  0.039ms
[pe-async] round= 34 R=36 dirty=       67 runs=       47 filter=  1.382ms semisort=  0.051ms
[pe-async] round= 35 R=37 dirty=       54 runs=       34 filter=  1.378ms semisort=  0.027ms
[pe-async] round= 36 R=38 dirty=       23 runs=       15 filter=  1.382ms semisort=  0.013ms
[pe-async] round= 37 R=39 dirty=       41 runs=       23 filter=  1.412ms semisort=  0.016ms
[pe-async] round= 38 R=40 dirty=       24 runs=       14 filter=  1.386ms semisort=  0.013ms
[pe-async] round= 39 R=41 dirty=       13 runs=        6 filter=  1.409ms semisort=  0.010ms
[pe-async] round= 40 R=42 dirty=        4 runs=        2 filter=  1.382ms semisort=  0.008ms
[pe-async] round= 41 R=43 dirty=       26 runs=       14 filter=  1.437ms semisort=  0.011ms
[pe-async] round= 42 R=44 dirty=        8 runs=        6 filter=  1.400ms semisort=  0.010ms
[pe-async] round= 43 R=45 dirty=        8 runs=        2 filter=  1.357ms semisort=  0.009ms
[pe-async] round= 44 R=46 dirty=        4 runs=        2 filter=  1.401ms semisort=  0.008ms
[pe-async] round= 45 R=47 dirty=       26 runs=       14 filter=  1.392ms semisort=  0.012ms
[pe-async] round= 46 R=48 dirty=        8 runs=        6 filter=  1.347ms semisort=  0.010ms
[pe-async] round= 47 R=49 dirty=        8 runs=        2 filter=  1.369ms semisort=  0.010ms
[pe-async] round= 48 R=50 dirty=        4 runs=        2 filter=  1.397ms semisort=  0.009ms
[pe-async] round= 49 R=51 dirty=       20 runs=       14 filter=  1.388ms semisort=  0.011ms
[pe-async] round= 50 R=52 dirty=        4 runs=        2 filter=  1.361ms semisort=  0.009ms
[pe-async] round= 51 R=53 dirty=        0 filter=  1.352ms (clean break)
[pe-async] round=  0 R=2 dirty=  5063084 runs=  3311279 filter=  1.621ms semisort=  7.782ms
[pe-async] round=  1 R=3 dirty=   551494 runs=   413678 filter=  1.975ms semisort=  1.396ms
[pe-async] round=  2 R=4 dirty=   118530 runs=    90571 filter=  1.695ms semisort=  4.547ms
[pe-async] round=  3 R=5 dirty=    63130 runs=    43838 filter=  1.565ms semisort=  2.104ms
[pe-async] round=  4 R=6 dirty=    21921 runs=    13199 filter=  1.528ms semisort=  0.823ms
[pe-async] round=  5 R=7 dirty=    11018 runs=     6046 filter=  1.433ms semisort=  0.415ms
[pe-async] round=  6 R=8 dirty=     6096 runs=     3487 filter=  1.425ms semisort=  0.263ms
[pe-async] round=  7 R=9 dirty=     3453 runs=     1863 filter=  1.436ms semisort=  0.212ms
[pe-async] round=  8 R=10 dirty=     2383 runs=     1485 filter=  1.465ms semisort=  0.159ms
[pe-async] round=  9 R=11 dirty=     1846 runs=     1095 filter=  1.496ms semisort=  0.128ms
[pe-async] round= 10 R=12 dirty=      844 runs=      563 filter=  1.437ms semisort=  0.080ms
[pe-async] round= 11 R=13 dirty=      539 runs=      301 filter=  1.483ms semisort=  0.081ms
[pe-async] round= 12 R=14 dirty=      455 runs=      286 filter=  1.416ms semisort=  0.068ms
[pe-async] round= 13 R=15 dirty=      522 runs=      306 filter=  1.428ms semisort=  0.071ms
[pe-async] round= 14 R=16 dirty=      349 runs=      212 filter=  1.439ms semisort=  0.072ms
[pe-async] round= 15 R=17 dirty=      315 runs=      189 filter=  1.400ms semisort=  0.058ms
[pe-async] round= 16 R=18 dirty=      294 runs=      179 filter=  1.436ms semisort=  0.054ms
[pe-async] round= 17 R=19 dirty=      546 runs=      311 filter=  1.444ms semisort=  0.079ms
[pe-async] round= 18 R=20 dirty=     1000 runs=      395 filter=  1.459ms semisort=  0.097ms
[pe-async] round= 19 R=21 dirty=      654 runs=      308 filter=  1.413ms semisort=  0.081ms
[pe-async] round= 20 R=22 dirty=      184 runs=      118 filter=  1.438ms semisort=  0.045ms
[pe-async] round= 21 R=23 dirty=      202 runs=      129 filter=  1.410ms semisort=  0.042ms
[pe-async] round= 22 R=24 dirty=      161 runs=      107 filter=  1.406ms semisort=  0.041ms
[pe-async] round= 23 R=25 dirty=      155 runs=       96 filter=  1.449ms semisort=  0.057ms
[pe-async] round= 24 R=26 dirty=      150 runs=       97 filter=  1.467ms semisort=  0.045ms
[pe-async] round= 25 R=27 dirty=      182 runs=      115 filter=  1.412ms semisort=  0.053ms
[pe-async] round= 26 R=28 dirty=      152 runs=      101 filter=  1.398ms semisort=  0.049ms
[pe-async] round= 27 R=29 dirty=      139 runs=       86 filter=  1.386ms semisort=  0.046ms
[pe-async] round= 28 R=30 dirty=      127 runs=       80 filter=  1.441ms semisort=  0.049ms
[pe-async] round= 29 R=31 dirty=      126 runs=       82 filter=  1.413ms semisort=  0.049ms
[pe-async] round= 30 R=32 dirty=       86 runs=       58 filter=  1.420ms semisort=  0.028ms
[pe-async] round= 31 R=33 dirty=       85 runs=       52 filter=  1.401ms semisort=  0.044ms
[pe-async] round= 32 R=34 dirty=       77 runs=       50 filter=  1.421ms semisort=  0.032ms
[pe-async] round= 33 R=35 dirty=      106 runs=       68 filter=  1.435ms semisort=  0.042ms
[pe-async] round= 34 R=36 dirty=       67 runs=       47 filter=  1.387ms semisort=  0.024ms
[pe-async] round= 35 R=37 dirty=       54 runs=       34 filter=  1.387ms semisort=  0.031ms
[pe-async] round= 36 R=38 dirty=       23 runs=       15 filter=  1.393ms semisort=  0.020ms
[pe-async] round= 37 R=39 dirty=       41 runs=       23 filter=  1.381ms semisort=  0.016ms
[pe-async] round= 38 R=40 dirty=       24 runs=       14 filter=  1.421ms semisort=  0.014ms
[pe-async] round= 39 R=41 dirty=       13 runs=        6 filter=  1.382ms semisort=  0.011ms
[pe-async] round= 40 R=42 dirty=        4 runs=        2 filter=  1.412ms semisort=  0.009ms
[pe-async] round= 41 R=43 dirty=       26 runs=       14 filter=  1.376ms semisort=  0.012ms
[pe-async] round= 42 R=44 dirty=        8 runs=        6 filter=  1.375ms semisort=  0.010ms
[pe-async] round= 43 R=45 dirty=        8 runs=        2 filter=  1.415ms semisort=  0.010ms
[pe-async] round= 44 R=46 dirty=        4 runs=        2 filter=  1.377ms semisort=  0.008ms
[pe-async] round= 45 R=47 dirty=       26 runs=       14 filter=  1.379ms semisort=  0.018ms
[pe-async] round= 46 R=48 dirty=        8 runs=        6 filter=  1.378ms semisort=  0.010ms
[pe-async] round= 47 R=49 dirty=        8 runs=        2 filter=  1.391ms semisort=  0.010ms
[pe-async] round= 48 R=50 dirty=        4 runs=        2 filter=  1.403ms semisort=  0.008ms
[pe-async] round= 49 R=51 dirty=       20 runs=       14 filter=  1.399ms semisort=  0.011ms
[pe-async] round= 50 R=52 dirty=        4 runs=        2 filter=  1.390ms semisort=  0.008ms
[pe-async] round= 51 R=53 dirty=        0 filter=  1.380ms (clean break)
[pe-async] round=  0 R=2 dirty=  5063084 runs=  3311279 filter=  1.584ms semisort=  6.793ms
[pe-async] round=  1 R=3 dirty=   551494 runs=   413678 filter=  1.934ms semisort=  1.322ms
[pe-async] round=  2 R=4 dirty=   118530 runs=    90571 filter=  1.662ms semisort=  4.404ms
[pe-async] round=  3 R=5 dirty=    63130 runs=    43838 filter=  1.549ms semisort=  2.107ms
[pe-async] round=  4 R=6 dirty=    21921 runs=    13199 filter=  1.461ms semisort=  0.748ms
[pe-async] round=  5 R=7 dirty=    11018 runs=     6046 filter=  1.461ms semisort=  0.428ms
[pe-async] round=  6 R=8 dirty=     6096 runs=     3487 filter=  1.436ms semisort=  0.269ms
[pe-async] round=  7 R=9 dirty=     3453 runs=     1863 filter=  1.410ms semisort=  0.200ms
[pe-async] round=  8 R=10 dirty=     2383 runs=     1485 filter=  1.426ms semisort=  0.153ms
[pe-async] round=  9 R=11 dirty=     1846 runs=     1095 filter=  1.379ms semisort=  0.137ms
[pe-async] round= 10 R=12 dirty=      844 runs=      563 filter=  1.399ms semisort=  0.084ms
[pe-async] round= 11 R=13 dirty=      539 runs=      301 filter=  1.399ms semisort=  0.079ms
[pe-async] round= 12 R=14 dirty=      455 runs=      286 filter=  1.411ms semisort=  0.064ms
[pe-async] round= 13 R=15 dirty=      522 runs=      306 filter=  1.371ms semisort=  0.077ms
[pe-async] round= 14 R=16 dirty=      349 runs=      212 filter=  1.385ms semisort=  0.073ms
[pe-async] round= 15 R=17 dirty=      315 runs=      189 filter=  1.408ms semisort=  0.074ms
[pe-async] round= 16 R=18 dirty=      294 runs=      179 filter=  1.392ms semisort=  0.060ms
[pe-async] round= 17 R=19 dirty=      546 runs=      311 filter=  1.379ms semisort=  0.071ms
[pe-async] round= 18 R=20 dirty=     1000 runs=      395 filter=  1.397ms semisort=  0.077ms
[pe-async] round= 19 R=21 dirty=      654 runs=      308 filter=  1.388ms semisort=  0.079ms
[pe-async] round= 20 R=22 dirty=      184 runs=      118 filter=  1.383ms semisort=  0.050ms
[pe-async] round= 21 R=23 dirty=      202 runs=      129 filter=  1.373ms semisort=  0.052ms
[pe-async] round= 22 R=24 dirty=      161 runs=      107 filter=  1.378ms semisort=  0.041ms
[pe-async] round= 23 R=25 dirty=      155 runs=       96 filter=  1.374ms semisort=  0.050ms
[pe-async] round= 24 R=26 dirty=      150 runs=       97 filter=  1.420ms semisort=  0.051ms
[pe-async] round= 25 R=27 dirty=      182 runs=      115 filter=  1.408ms semisort=  0.049ms
[pe-async] round= 26 R=28 dirty=      152 runs=      101 filter=  1.399ms semisort=  0.045ms
[pe-async] round= 27 R=29 dirty=      139 runs=       86 filter=  1.357ms semisort=  0.053ms
[pe-async] round= 28 R=30 dirty=      127 runs=       80 filter=  1.380ms semisort=  0.032ms
[pe-async] round= 29 R=31 dirty=      126 runs=       82 filter=  1.370ms semisort=  0.037ms
[pe-async] round= 30 R=32 dirty=       86 runs=       58 filter=  1.396ms semisort=  0.046ms
[pe-async] round= 31 R=33 dirty=       85 runs=       52 filter=  1.383ms semisort=  0.040ms
[pe-async] round= 32 R=34 dirty=       77 runs=       50 filter=  1.355ms semisort=  0.028ms
[pe-async] round= 33 R=35 dirty=      106 runs=       68 filter=  1.388ms semisort=  0.043ms
[pe-async] round= 34 R=36 dirty=       67 runs=       47 filter=  1.345ms semisort=  0.030ms
[pe-async] round= 35 R=37 dirty=       54 runs=       34 filter=  1.335ms semisort=  0.028ms
[pe-async] round= 36 R=38 dirty=       23 runs=       15 filter=  1.396ms semisort=  0.013ms
[pe-async] round= 37 R=39 dirty=       41 runs=       23 filter=  1.414ms semisort=  0.024ms
[pe-async] round= 38 R=40 dirty=       24 runs=       14 filter=  1.406ms semisort=  0.021ms
[pe-async] round= 39 R=41 dirty=       13 runs=        6 filter=  1.399ms semisort=  0.011ms
[pe-async] round= 40 R=42 dirty=        4 runs=        2 filter=  1.357ms semisort=  0.009ms
[pe-async] round= 41 R=43 dirty=       26 runs=       14 filter=  1.352ms semisort=  0.012ms
[pe-async] round= 42 R=44 dirty=        8 runs=        6 filter=  1.366ms semisort=  0.011ms
[pe-async] round= 43 R=45 dirty=        8 runs=        2 filter=  1.377ms semisort=  0.013ms
[pe-async] round= 44 R=46 dirty=        4 runs=        2 filter=  1.358ms semisort=  0.008ms
[pe-async] round= 45 R=47 dirty=       26 runs=       14 filter=  1.367ms semisort=  0.012ms
[pe-async] round= 46 R=48 dirty=        8 runs=        6 filter=  1.368ms semisort=  0.009ms
[pe-async] round= 47 R=49 dirty=        8 runs=        2 filter=  1.413ms semisort=  0.010ms
[pe-async] round= 48 R=50 dirty=        4 runs=        2 filter=  1.347ms semisort=  0.009ms
[pe-async] round= 49 R=51 dirty=       20 runs=       14 filter=  1.409ms semisort=  0.011ms
[pe-async] round= 50 R=52 dirty=        4 runs=        2 filter=  1.373ms semisort=  0.008ms
[pe-async] round= 51 R=53 dirty=        0 filter=  1.366ms (clean break)
