[gates_bench] ./miter-cc-benchmarks/hwmcc12_with_not/6s125-ands-opt.gates ...
  literals=13211558  NOT=5806462  gates=15232733  total_classes=34250753  read=0.283s parse=0.222s build=0.650s
[pe] round=  0 work= 33960755 frontier= 20090685 next=    51031 consolidate=172.167ms frontier= 48.388ms semisort=203.350ms (keyed=163.450ms group_by=  1.019ms per_group= 5.875ms)
[pe] round=  1 work=    51031 frontier=   279540 next=    54531 consolidate=  1.302ms frontier=  0.385ms semisort=  2.240ms (keyed= 0.931ms group_by=  0.096ms per_group= 0.415ms)
[pe] round=  2 work=    54531 frontier=   172078 next=    18833 consolidate=  1.319ms frontier=  0.397ms semisort=  3.319ms (keyed= 0.126ms group_by=  2.284ms per_group= 0.317ms)
[pe] round=  3 work=    18833 frontier=    80269 next=    11779 consolidate=  0.689ms frontier=  0.266ms semisort=  1.325ms (keyed= 0.039ms group_by=  0.715ms per_group= 0.236ms)
[pe] round=  4 work=    11779 frontier=    41897 next=     6582 consolidate=  0.549ms frontier=  0.232ms semisort=  0.890ms (keyed= 0.023ms group_by=  0.435ms per_group= 0.176ms)
[pe] round=  5 work=     6582 frontier=    22693 next=     2079 consolidate=  1.405ms frontier=  0.225ms semisort=  0.639ms (keyed= 0.036ms group_by=  0.283ms per_group= 0.144ms)
[pe] round=  6 work=     2079 frontier=     5646 next=     1281 consolidate=  0.433ms frontier=  0.097ms semisort=  0.665ms (keyed= 0.027ms group_by=  0.398ms per_group= 0.103ms)
[pe] round=  7 work=     1281 frontier=     4813 next=     1044 consolidate=  0.335ms frontier=  0.078ms semisort=  0.514ms (keyed= 0.021ms group_by=  0.288ms per_group= 0.075ms)
[pe] round=  8 work=     1044 frontier=     2138 next=       91 consolidate=  0.290ms frontier=  0.088ms semisort=  0.260ms (keyed= 0.009ms group_by=  0.138ms per_group= 0.046ms)
[pe] round=  9 work=       91 frontier=      365 next=       75 consolidate=  0.060ms frontier=  0.009ms semisort=  0.102ms (keyed= 0.003ms group_by=  0.023ms per_group= 0.039ms)
[pe] round= 10 work=       75 frontier=      166 next=        4 consolidate=  0.058ms frontier=  0.008ms semisort=  0.053ms (keyed= 0.001ms group_by=  0.014ms per_group= 0.007ms)
[pe] round= 11 work=        4 frontier=       12 next=        2 consolidate=  0.013ms frontier=  0.002ms semisort=  0.007ms (keyed= 0.000ms group_by=  0.001ms per_group= 0.002ms)
[pe] round= 12 work=        2 frontier=        4 next=        0 consolidate=  0.003ms frontier=  0.001ms semisort=  0.003ms (keyed= 0.000ms group_by=  0.000ms per_group= 0.001ms)
[pe] round=  0 work= 33960755 frontier= 20090685 next=    51031 consolidate=134.099ms frontier= 34.610ms semisort= 76.793ms (keyed=36.797ms group_by=  1.030ms per_group= 5.837ms)
[pe] round=  1 work=    51031 frontier=   279540 next=    54531 consolidate=  1.381ms frontier=  0.348ms semisort=  1.783ms (keyed= 0.490ms group_by=  0.102ms per_group= 0.353ms)
[pe] round=  2 work=    54531 frontier=   172078 next=    18833 consolidate=  1.291ms frontier=  0.422ms semisort=  2.902ms (keyed= 0.063ms group_by=  1.765ms per_group= 0.467ms)
[pe] round=  3 work=    18833 frontier=    80269 next=    11779 consolidate=  0.715ms frontier=  0.238ms semisort=  1.367ms (keyed= 0.041ms group_by=  0.788ms per_group= 0.221ms)
[pe] round=  4 work=    11779 frontier=    41897 next=     6582 consolidate=  0.515ms frontier=  0.204ms semisort=  0.904ms (keyed= 0.031ms group_by=  0.404ms per_group= 0.202ms)
[pe] round=  5 work=     6582 frontier=    22693 next=     2079 consolidate=  1.314ms frontier=  0.230ms semisort=  0.680ms (keyed= 0.028ms group_by=  0.269ms per_group= 0.197ms)
[pe] round=  6 work=     2079 frontier=     5646 next=     1281 consolidate=  0.463ms frontier=  0.085ms semisort=  0.627ms (keyed= 0.025ms group_by=  0.375ms per_group= 0.107ms)
[pe] round=  7 work=     1281 frontier=     4813 next=     1044 consolidate=  0.333ms frontier=  0.085ms semisort=  0.471ms (keyed= 0.022ms group_by=  0.271ms per_group= 0.067ms)
[pe] round=  8 work=     1044 frontier=     2138 next=       91 consolidate=  0.281ms frontier=  0.067ms semisort=  0.272ms (keyed= 0.010ms group_by=  0.136ms per_group= 0.053ms)
[pe] round=  9 work=       91 frontier=      365 next=       75 consolidate=  0.067ms frontier=  0.009ms semisort=  0.113ms (keyed= 0.002ms group_by=  0.027ms per_group= 0.031ms)
[pe] round= 10 work=       75 frontier=      166 next=        4 consolidate=  0.071ms frontier=  0.008ms semisort=  0.046ms (keyed= 0.001ms group_by=  0.012ms per_group= 0.008ms)
[pe] round= 11 work=        4 frontier=       12 next=        2 consolidate=  0.017ms frontier=  0.002ms semisort=  0.007ms (keyed= 0.000ms group_by=  0.001ms per_group= 0.002ms)
[pe] round= 12 work=        2 frontier=        4 next=        0 consolidate=  0.003ms frontier=  0.001ms semisort=  0.003ms (keyed= 0.000ms group_by=  0.000ms per_group= 0.001ms)
[pe] round=  0 work= 33960755 frontier= 20090685 next=    51031 consolidate=142.911ms frontier= 33.713ms semisort= 78.320ms (keyed=38.013ms group_by=  1.073ms per_group= 6.143ms)
[pe] round=  1 work=    51031 frontier=   279540 next=    54531 consolidate=  1.406ms frontier=  0.450ms semisort=  1.914ms (keyed= 0.522ms group_by=  0.144ms per_group= 0.355ms)
[pe] round=  2 work=    54531 frontier=   172078 next=    18833 consolidate=  1.398ms frontier=  0.409ms semisort=  2.894ms (keyed= 0.060ms group_by=  1.761ms per_group= 0.480ms)
[pe] round=  3 work=    18833 frontier=    80269 next=    11779 consolidate=  0.716ms frontier=  0.230ms semisort=  1.506ms (keyed= 0.037ms group_by=  0.914ms per_group= 0.227ms)
[pe] round=  4 work=    11779 frontier=    41897 next=     6582 consolidate=  0.551ms frontier=  0.224ms semisort=  0.917ms (keyed= 0.025ms group_by=  0.481ms per_group= 0.182ms)
[pe] round=  5 work=     6582 frontier=    22693 next=     2079 consolidate=  1.366ms frontier=  0.209ms semisort=  0.841ms (keyed= 0.038ms group_by=  0.451ms per_group= 0.172ms)
[pe] round=  6 work=     2079 frontier=     5646 next=     1281 consolidate=  0.523ms frontier=  0.100ms semisort=  0.805ms (keyed= 0.034ms group_by=  0.555ms per_group= 0.098ms)
[pe] round=  7 work=     1281 frontier=     4813 next=     1044 consolidate=  0.328ms frontier=  0.078ms semisort=  0.388ms (keyed= 0.026ms group_by=  0.190ms per_group= 0.068ms)
[pe] round=  8 work=     1044 frontier=     2138 next=       91 consolidate=  0.307ms frontier=  0.080ms semisort=  0.285ms (keyed= 0.007ms group_by=  0.139ms per_group= 0.057ms)
[pe] round=  9 work=       91 frontier=      365 next=       75 consolidate=  0.042ms frontier=  0.010ms semisort=  0.095ms (keyed= 0.003ms group_by=  0.027ms per_group= 0.030ms)
[pe] round= 10 work=       75 frontier=      166 next=        4 consolidate=  0.051ms frontier=  0.016ms semisort=  0.053ms (keyed= 0.001ms group_by=  0.016ms per_group= 0.007ms)
[pe] round= 11 work=        4 frontier=       12 next=        2 consolidate=  0.015ms frontier=  0.002ms semisort=  0.007ms (keyed= 0.000ms group_by=  0.001ms per_group= 0.002ms)
[pe] round= 12 work=        2 frontier=        4 next=        0 consolidate=  0.003ms frontier=  0.001ms semisort=  0.003ms (keyed= 0.000ms group_by=  0.000ms per_group= 0.001ms)
[pe] round=  0 work= 33960755 frontier= 20090685 next=    51031 consolidate=144.073ms frontier= 33.009ms semisort= 79.351ms (keyed=38.375ms group_by=  1.049ms per_group= 6.616ms)
[pe] round=  1 work=    51031 frontier=   279540 next=    54531 consolidate=  1.431ms frontier=  0.401ms semisort=  1.776ms (keyed= 0.478ms group_by=  0.094ms per_group= 0.382ms)
[pe] round=  2 work=    54531 frontier=   172078 next=    18833 consolidate=  1.407ms frontier=  0.433ms semisort=  2.849ms (keyed= 0.058ms group_by=  1.782ms per_group= 0.425ms)
[pe] round=  3 work=    18833 frontier=    80269 next=    11779 consolidate=  0.765ms frontier=  0.246ms semisort=  1.493ms (keyed= 0.032ms group_by=  0.805ms per_group= 0.312ms)
[pe] round=  4 work=    11779 frontier=    41897 next=     6582 consolidate=  0.588ms frontier=  0.196ms semisort=  0.941ms (keyed= 0.028ms group_by=  0.449ms per_group= 0.194ms)
[pe] round=  5 work=     6582 frontier=    22693 next=     2079 consolidate=  1.439ms frontier=  0.228ms semisort=  0.710ms (keyed= 0.035ms group_by=  0.312ms per_group= 0.187ms)
[pe] round=  6 work=     2079 frontier=     5646 next=     1281 consolidate=  0.534ms frontier=  0.105ms semisort=  0.832ms (keyed= 0.027ms group_by=  0.526ms per_group= 0.154ms)
[pe] round=  7 work=     1281 frontier=     4813 next=     1044 consolidate=  0.331ms frontier=  0.086ms semisort=  0.467ms (keyed= 0.017ms group_by=  0.255ms per_group= 0.084ms)
[pe] round=  8 work=     1044 frontier=     2138 next=       91 consolidate=  0.288ms frontier=  0.072ms semisort=  0.392ms (keyed= 0.008ms group_by=  0.248ms per_group= 0.045ms)
[pe] round=  9 work=       91 frontier=      365 next=       75 consolidate=  0.071ms frontier=  0.010ms semisort=  0.111ms (keyed= 0.003ms group_by=  0.021ms per_group= 0.027ms)
[pe] round= 10 work=       75 frontier=      166 next=        4 consolidate=  0.055ms frontier=  0.006ms semisort=  0.046ms (keyed= 0.001ms group_by=  0.011ms per_group= 0.005ms)
[pe] round= 11 work=        4 frontier=       12 next=        2 consolidate=  0.017ms frontier=  0.002ms semisort=  0.007ms (keyed= 0.000ms group_by=  0.001ms per_group= 0.002ms)
[pe] round= 12 work=        2 frontier=        4 next=        0 consolidate=  0.003ms frontier=  0.001ms semisort=  0.003ms (keyed= 0.000ms group_by=  0.001ms per_group= 0.001ms)
[pe] round=  0 work= 33960755 frontier= 20090685 next=    51031 consolidate=149.878ms frontier= 29.821ms semisort= 76.808ms (keyed=36.340ms group_by=  1.045ms per_group= 6.184ms)
[pe] round=  1 work=    51031 frontier=   279540 next=    54531 consolidate=  1.465ms frontier=  0.439ms semisort=  1.824ms (keyed= 0.494ms group_by=  0.120ms per_group= 0.377ms)
[pe] round=  2 work=    54531 frontier=   172078 next=    18833 consolidate=  1.418ms frontier=  0.435ms semisort=  2.864ms (keyed= 0.055ms group_by=  1.834ms per_group= 0.358ms)
[pe] round=  3 work=    18833 frontier=    80269 next=    11779 consolidate=  0.792ms frontier=  0.271ms semisort=  1.469ms (keyed= 0.047ms group_by=  0.849ms per_group= 0.237ms)
[pe] round=  4 work=    11779 frontier=    41897 next=     6582 consolidate=  0.561ms frontier=  0.266ms semisort=  0.902ms (keyed= 0.030ms group_by=  0.463ms per_group= 0.151ms)
[pe] round=  5 work=     6582 frontier=    22693 next=     2079 consolidate=  1.502ms frontier=  0.240ms semisort=  0.713ms (keyed= 0.029ms group_by=  0.314ms per_group= 0.185ms)
[pe] round=  6 work=     2079 frontier=     5646 next=     1281 consolidate=  0.565ms frontier=  0.106ms semisort=  0.830ms (keyed= 0.029ms group_by=  0.538ms per_group= 0.152ms)
[pe] round=  7 work=     1281 frontier=     4813 next=     1044 consolidate=  0.368ms frontier=  0.083ms semisort=  0.485ms (keyed= 0.032ms group_by=  0.241ms per_group= 0.103ms)
[pe] round=  8 work=     1044 frontier=     2138 next=       91 consolidate=  0.297ms frontier=  0.078ms semisort=  0.293ms (keyed= 0.009ms group_by=  0.141ms per_group= 0.065ms)
[pe] round=  9 work=       91 frontier=      365 next=       75 consolidate=  0.054ms frontier=  0.009ms semisort=  0.096ms (keyed= 0.002ms group_by=  0.022ms per_group= 0.031ms)
[pe] round= 10 work=       75 frontier=      166 next=        4 consolidate=  0.046ms frontier=  0.008ms semisort=  0.073ms (keyed= 0.001ms group_by=  0.013ms per_group= 0.019ms)
[pe] round= 11 work=        4 frontier=       12 next=        2 consolidate=  0.012ms frontier=  0.002ms semisort=  0.007ms (keyed= 0.000ms group_by=  0.001ms per_group= 0.002ms)
[pe] round= 12 work=        2 frontier=        4 next=        0 consolidate=  0.003ms frontier=  0.001ms semisort=  0.003ms (keyed= 0.000ms group_by=  0.000ms per_group= 0.001ms)
[pe] round=  0 work= 33960755 frontier= 20090685 next=    51031 consolidate=150.781ms frontier= 31.404ms semisort= 77.838ms (keyed=37.250ms group_by=  1.035ms per_group= 6.141ms)
[pe] round=  1 work=    51031 frontier=   279540 next=    54531 consolidate=  1.488ms frontier=  0.432ms semisort=  1.753ms (keyed= 0.483ms group_by=  0.093ms per_group= 0.373ms)
[pe] round=  2 work=    54531 frontier=   172078 next=    18833 consolidate=  1.447ms frontier=  0.427ms semisort=  2.855ms (keyed= 0.063ms group_by=  1.701ms per_group= 0.451ms)
[pe] round=  3 work=    18833 frontier=    80269 next=    11779 consolidate=  0.746ms frontier=  0.237ms semisort=  1.382ms (keyed= 0.033ms group_by=  0.803ms per_group= 0.223ms)
[pe] round=  4 work=    11779 frontier=    41897 next=     6582 consolidate=  0.570ms frontier=  0.209ms semisort=  0.951ms (keyed= 0.032ms group_by=  0.488ms per_group= 0.188ms)
[pe] round=  5 work=     6582 frontier=    22693 next=     2079 consolidate=  1.590ms frontier=  0.222ms semisort=  0.722ms (keyed= 0.031ms group_by=  0.327ms per_group= 0.173ms)
[pe] round=  6 work=     2079 frontier=     5646 next=     1281 consolidate=  0.543ms frontier=  0.095ms semisort=  0.716ms (keyed= 0.028ms group_by=  0.421ms per_group= 0.134ms)
[pe] round=  7 work=     1281 frontier=     4813 next=     1044 consolidate=  0.386ms frontier=  0.075ms semisort=  0.505ms (keyed= 0.029ms group_by=  0.300ms per_group= 0.063ms)
[pe] round=  8 work=     1044 frontier=     2138 next=       91 consolidate=  0.326ms frontier=  0.077ms semisort=  0.322ms (keyed= 0.008ms group_by=  0.205ms per_group= 0.059ms)
[pe] round=  9 work=       91 frontier=      365 next=       75 consolidate=  0.056ms frontier=  0.009ms semisort=  0.112ms (keyed= 0.002ms group_by=  0.020ms per_group= 0.034ms)
[pe] round= 10 work=       75 frontier=      166 next=        4 consolidate=  0.058ms frontier=  0.008ms semisort=  0.043ms (keyed= 0.001ms group_by=  0.014ms per_group= 0.007ms)
[pe] round= 11 work=        4 frontier=       12 next=        2 consolidate=  0.007ms frontier=  0.002ms semisort=  0.007ms (keyed= 0.000ms group_by=  0.001ms per_group= 0.002ms)
[pe] round= 12 work=        2 frontier=        4 next=        0 consolidate=  0.003ms frontier=  0.001ms semisort=  0.003ms (keyed= 0.000ms group_by=  0.000ms per_group= 0.001ms)
[pe-async] round=  0 R=2 dirty= 20090685 runs= 12532659 filter=  7.504ms semisort= 31.306ms
[pe-async] round=  1 R=3 dirty=   278726 runs=    96861 filter=  7.782ms semisort=  1.643ms
[pe-async] round=  2 R=4 dirty=   161307 runs=   114945 filter=  6.896ms semisort=  0.766ms
[pe-async] round=  3 R=5 dirty=    79216 runs=    44519 filter=  6.359ms semisort=  3.220ms
[pe-async] round=  4 R=6 dirty=    41834 runs=    22832 filter=  6.484ms semisort=  1.647ms
[pe-async] round=  5 R=7 dirty=    22057 runs=    14385 filter=  6.538ms semisort=  0.852ms
[pe-async] round=  6 R=8 dirty=     5609 runs=     4027 filter=  5.832ms semisort=  0.306ms
[pe-async] round=  7 R=9 dirty=     4813 runs=     1656 filter=  5.907ms semisort=  0.518ms
[pe-async] round=  8 R=10 dirty=     1290 runs=     1162 filter=  5.827ms semisort=  0.098ms
[pe-async] round=  9 R=11 dirty=      359 runs=      126 filter=  5.818ms semisort=  0.048ms
[pe-async] round= 10 R=12 dirty=      115 runs=      107 filter=  5.666ms semisort=  0.052ms
[pe-async] round= 11 R=13 dirty=       10 runs=        4 filter=  5.587ms semisort=  0.024ms
[pe-async] round= 12 R=14 dirty=        4 runs=        4 filter=  5.739ms semisort=  0.010ms
[pe-async] round= 13 R=15 dirty=        0 filter=  6.203ms (clean break)
[pe-async] round=  0 R=2 dirty= 20090685 runs= 12532659 filter=  7.261ms semisort= 34.109ms
[pe-async] round=  1 R=3 dirty=   278726 runs=    96861 filter=  7.794ms semisort=  1.462ms
[pe-async] round=  2 R=4 dirty=   161307 runs=   114945 filter=  7.062ms semisort=  0.751ms
[pe-async] round=  3 R=5 dirty=    79216 runs=    44519 filter=  6.661ms semisort=  3.228ms
[pe-async] round=  4 R=6 dirty=    41834 runs=    22832 filter=  6.356ms semisort=  1.411ms
[pe-async] round=  5 R=7 dirty=    22057 runs=    14385 filter=  6.167ms semisort=  0.879ms
[pe-async] round=  6 R=8 dirty=     5609 runs=     4027 filter=  6.013ms semisort=  0.288ms
[pe-async] round=  7 R=9 dirty=     4813 runs=     1656 filter=  6.374ms semisort=  0.279ms
[pe-async] round=  8 R=10 dirty=     1290 runs=     1162 filter=  5.888ms semisort=  0.156ms
[pe-async] round=  9 R=11 dirty=      359 runs=      126 filter=  5.959ms semisort=  0.088ms
[pe-async] round= 10 R=12 dirty=      115 runs=      107 filter=  5.958ms semisort=  0.037ms
[pe-async] round= 11 R=13 dirty=       10 runs=        4 filter=  5.861ms semisort=  0.028ms
[pe-async] round= 12 R=14 dirty=        4 runs=        4 filter=  6.004ms semisort=  0.009ms
[pe-async] round= 13 R=15 dirty=        0 filter=  6.164ms (clean break)
[pe-async] round=  0 R=2 dirty= 20090685 runs= 12532659 filter=  6.389ms semisort= 33.862ms
[pe-async] round=  1 R=3 dirty=   278726 runs=    96861 filter=  7.161ms semisort=  1.156ms
[pe-async] round=  2 R=4 dirty=   161307 runs=   114945 filter=  6.537ms semisort=  0.802ms
[pe-async] round=  3 R=5 dirty=    79216 runs=    44519 filter=  6.558ms semisort=  3.174ms
[pe-async] round=  4 R=6 dirty=    41834 runs=    22832 filter=  6.226ms semisort=  1.423ms
[pe-async] round=  5 R=7 dirty=    22057 runs=    14385 filter=  6.109ms semisort=  0.882ms
[pe-async] round=  6 R=8 dirty=     5609 runs=     4027 filter=  5.944ms semisort=  0.288ms
[pe-async] round=  7 R=9 dirty=     4813 runs=     1656 filter=  5.873ms semisort=  0.265ms
[pe-async] round=  8 R=10 dirty=     1290 runs=     1162 filter=  5.730ms semisort=  0.124ms
[pe-async] round=  9 R=11 dirty=      359 runs=      126 filter=  5.681ms semisort=  0.091ms
[pe-async] round= 10 R=12 dirty=      115 runs=      107 filter=  5.619ms semisort=  0.045ms
[pe-async] round= 11 R=13 dirty=       10 runs=        4 filter=  5.648ms semisort=  0.012ms
[pe-async] round= 12 R=14 dirty=        4 runs=        4 filter=  5.566ms semisort=  0.029ms
[pe-async] round= 13 R=15 dirty=        0 filter=  5.550ms (clean break)
[pe-async] round=  0 R=2 dirty= 20090685 runs= 12532659 filter=  7.489ms semisort= 33.836ms
[pe-async] round=  1 R=3 dirty=   278726 runs=    96861 filter=  7.548ms semisort=  1.185ms
[pe-async] round=  2 R=4 dirty=   161307 runs=   114945 filter=  6.835ms semisort=  0.799ms
[pe-async] round=  3 R=5 dirty=    79216 runs=    44519 filter=  6.464ms semisort=  3.056ms
[pe-async] round=  4 R=6 dirty=    41834 runs=    22832 filter=  6.227ms semisort=  1.400ms
[pe-async] round=  5 R=7 dirty=    22057 runs=    14385 filter=  6.024ms semisort=  0.801ms
[pe-async] round=  6 R=8 dirty=     5609 runs=     4027 filter=  5.881ms semisort=  0.282ms
[pe-async] round=  7 R=9 dirty=     4813 runs=     1656 filter=  5.788ms semisort=  0.288ms
[pe-async] round=  8 R=10 dirty=     1290 runs=     1162 filter=  5.731ms semisort=  0.136ms
[pe-async] round=  9 R=11 dirty=      359 runs=      126 filter=  5.705ms semisort=  0.077ms
[pe-async] round= 10 R=12 dirty=      115 runs=      107 filter=  5.679ms semisort=  0.047ms
[pe-async] round= 11 R=13 dirty=       10 runs=        4 filter=  5.680ms semisort=  0.013ms
[pe-async] round= 12 R=14 dirty=        4 runs=        4 filter=  5.609ms semisort=  0.023ms
[pe-async] round= 13 R=15 dirty=        0 filter=  5.590ms (clean break)
[pe-async] round=  0 R=2 dirty= 20090685 runs= 12532659 filter=  7.336ms semisort= 32.944ms
[pe-async] round=  1 R=3 dirty=   278726 runs=    96861 filter=  7.823ms semisort=  1.174ms
[pe-async] round=  2 R=4 dirty=   161307 runs=   114945 filter=  7.078ms semisort=  0.814ms
[pe-async] round=  3 R=5 dirty=    79216 runs=    44519 filter=  6.754ms semisort=  2.987ms
[pe-async] round=  4 R=6 dirty=    41834 runs=    22832 filter=  6.580ms semisort=  1.409ms
[pe-async] round=  5 R=7 dirty=    22057 runs=    14385 filter=  6.277ms semisort=  0.802ms
[pe-async] round=  6 R=8 dirty=     5609 runs=     4027 filter=  5.957ms semisort=  0.285ms
[pe-async] round=  7 R=9 dirty=     4813 runs=     1656 filter=  6.221ms semisort=  0.266ms
[pe-async] round=  8 R=10 dirty=     1290 runs=     1162 filter=  6.093ms semisort=  0.142ms
[pe-async] round=  9 R=11 dirty=      359 runs=      126 filter=  6.400ms semisort=  0.292ms
[pe-async] round= 10 R=12 dirty=      115 runs=      107 filter=  5.894ms semisort=  0.046ms
[pe-async] round= 11 R=13 dirty=       10 runs=        4 filter=  5.824ms semisort=  0.023ms
[pe-async] round= 12 R=14 dirty=        4 runs=        4 filter=  5.827ms semisort=  0.011ms
[pe-async] round= 13 R=15 dirty=        0 filter=  5.862ms (clean break)
[pe-async] round=  0 R=2 dirty= 20090685 runs= 12532659 filter=  6.757ms semisort= 34.733ms
[pe-async] round=  1 R=3 dirty=   278726 runs=    96861 filter=  7.115ms semisort=  1.155ms
[pe-async] round=  2 R=4 dirty=   161307 runs=   114945 filter=  6.496ms semisort=  0.783ms
[pe-async] round=  3 R=5 dirty=    79216 runs=    44519 filter=  6.177ms semisort=  3.039ms
[pe-async] round=  4 R=6 dirty=    41834 runs=    22832 filter=  5.950ms semisort=  1.431ms
[pe-async] round=  5 R=7 dirty=    22057 runs=    14385 filter=  5.723ms semisort=  0.845ms
[pe-async] round=  6 R=8 dirty=     5609 runs=     4027 filter=  5.604ms semisort=  0.304ms
[pe-async] round=  7 R=9 dirty=     4813 runs=     1656 filter=  5.470ms semisort=  0.270ms
[pe-async] round=  8 R=10 dirty=     1290 runs=     1162 filter=  5.438ms semisort=  0.123ms
[pe-async] round=  9 R=11 dirty=      359 runs=      126 filter=  5.373ms semisort=  0.057ms
[pe-async] round= 10 R=12 dirty=      115 runs=      107 filter=  5.340ms semisort=  0.041ms
[pe-async] round= 11 R=13 dirty=       10 runs=        4 filter=  5.315ms semisort=  0.034ms
[pe-async] round= 12 R=14 dirty=        4 runs=        4 filter=  5.291ms semisort=  0.010ms
[pe-async] round= 13 R=15 dirty=        0 filter=  5.645ms (clean break)
