[bench] running small ...
[pe] round=  0 work=     1720 frontier=    17118 next=     7959 consolidate=  0.721ms frontier=  0.315ms semisort=  3.474ms (keyed= 0.000ms group_by=  1.890ms per_group= 0.816ms)
[pe] round=  1 work=     7959 frontier=        0 next=        0 consolidate=  0.861ms frontier=  0.170ms semisort=  0.000ms (break)
[pe] round=  0 work=     1720 frontier=    17118 next=     7959 consolidate=  0.480ms frontier=  0.050ms semisort=  2.230ms (keyed= 0.000ms group_by=  1.298ms per_group= 0.331ms)
[pe] round=  1 work=     7959 frontier=        0 next=        0 consolidate=  0.587ms frontier=  0.171ms semisort=  0.000ms (break)
[pe] round=  0 work=     1720 frontier=    17118 next=     7959 consolidate=  0.177ms frontier=  0.048ms semisort=  1.630ms (keyed= 0.000ms group_by=  1.160ms per_group= 0.087ms)
[pe] round=  1 work=     7959 frontier=        0 next=        0 consolidate=  0.763ms frontier=  0.167ms semisort=  0.000ms (break)
[pe] round=  0 work=     1720 frontier=    17118 next=     7959 consolidate=  0.195ms frontier=  0.049ms semisort=  1.689ms (keyed= 0.000ms group_by=  1.238ms per_group= 0.087ms)
[pe] round=  1 work=     7959 frontier=        0 next=        0 consolidate=  0.640ms frontier=  0.168ms semisort=  0.000ms (break)
[pe] round=  0 work=     1720 frontier=    17118 next=     7959 consolidate=  0.183ms frontier=  0.097ms semisort=  1.797ms (keyed= 0.000ms group_by=  1.109ms per_group= 0.312ms)
[pe] round=  1 work=     7959 frontier=        0 next=        0 consolidate=  0.475ms frontier=  0.170ms semisort=  0.000ms (break)
[pe] round=  0 work=     1720 frontier=    17118 next=     7959 consolidate=  0.196ms frontier=  0.064ms semisort=  1.514ms (keyed= 0.000ms group_by=  1.058ms per_group= 0.096ms)
[pe] round=  1 work=     7959 frontier=        0 next=        0 consolidate=  0.485ms frontier=  0.170ms semisort=  0.000ms (break)
[bench] running medium ...
[pe] round=  0 work=    17367 frontier=   347448 next=   160295 consolidate=  0.586ms frontier=  0.444ms semisort=  7.119ms (keyed= 0.000ms group_by=  2.688ms per_group= 1.425ms)
[pe] round=  1 work=   160295 frontier=        0 next=        0 consolidate=  3.204ms frontier=  0.724ms semisort=  0.000ms (break)
[pe] round=  0 work=    17367 frontier=   347448 next=   160295 consolidate=  0.568ms frontier=  0.364ms semisort=  6.028ms (keyed= 0.000ms group_by=  1.930ms per_group= 1.235ms)
[pe] round=  1 work=   160295 frontier=        0 next=        0 consolidate=  2.727ms frontier=  0.637ms semisort=  0.000ms (break)
[pe] round=  0 work=    17367 frontier=   347448 next=   160295 consolidate=  0.554ms frontier=  0.337ms semisort=  5.975ms (keyed= 0.000ms group_by=  2.069ms per_group= 1.075ms)
[pe] round=  1 work=   160295 frontier=        0 next=        0 consolidate=  2.746ms frontier=  0.710ms semisort=  0.000ms (break)
[pe] round=  0 work=    17367 frontier=   347448 next=   160295 consolidate=  0.551ms frontier=  0.313ms semisort=  6.296ms (keyed= 0.000ms group_by=  2.242ms per_group= 1.124ms)
[pe] round=  1 work=   160295 frontier=        0 next=        0 consolidate=  2.595ms frontier=  0.603ms semisort=  0.000ms (break)
[pe] round=  0 work=    17367 frontier=   347448 next=   160295 consolidate=  0.546ms frontier=  0.269ms semisort=  6.199ms (keyed= 0.000ms group_by=  2.118ms per_group= 1.143ms)
[pe] round=  1 work=   160295 frontier=        0 next=        0 consolidate=  2.676ms frontier=  0.692ms semisort=  0.000ms (break)
[pe] round=  0 work=    17367 frontier=   347448 next=   160295 consolidate=  0.530ms frontier=  0.403ms semisort=  5.953ms (keyed= 0.000ms group_by=  1.911ms per_group= 1.164ms)
[pe] round=  1 work=   160295 frontier=        0 next=        0 consolidate=  2.699ms frontier=  0.586ms semisort=  0.000ms (break)
[bench] running large ...
[pe] round=  0 work=    86518 frontier=  1730227 next=   737662 consolidate=  2.381ms frontier=  1.595ms semisort= 37.712ms (keyed= 0.000ms group_by= 11.286ms per_group= 6.021ms)
[pe] round=  1 work=   737662 frontier=        0 next=        0 consolidate= 12.268ms frontier=  2.942ms semisort=  0.000ms (break)
[pe] round=  0 work=    86518 frontier=  1730227 next=   737662 consolidate=  1.896ms frontier=  0.575ms semisort= 32.908ms (keyed= 0.000ms group_by=  8.373ms per_group= 5.100ms)
[pe] round=  1 work=   737662 frontier=        0 next=        0 consolidate= 11.781ms frontier=  2.105ms semisort=  0.000ms (break)
[pe] round=  0 work=    86518 frontier=  1730227 next=   737662 consolidate=  1.869ms frontier=  0.569ms semisort= 32.716ms (keyed= 0.000ms group_by=  9.141ms per_group= 4.847ms)
[pe] round=  1 work=   737662 frontier=        0 next=        0 consolidate=  9.408ms frontier=  2.110ms semisort=  0.000ms (break)
[pe] round=  0 work=    86518 frontier=  1730227 next=   737662 consolidate=  1.867ms frontier=  0.575ms semisort= 33.753ms (keyed= 0.000ms group_by=  9.821ms per_group= 4.896ms)
[pe] round=  1 work=   737662 frontier=        0 next=        0 consolidate= 11.457ms frontier=  2.436ms semisort=  0.000ms (break)
[pe] round=  0 work=    86518 frontier=  1730227 next=   737662 consolidate=  1.891ms frontier=  0.610ms semisort= 33.310ms (keyed= 0.000ms group_by=  9.030ms per_group= 4.996ms)
[pe] round=  1 work=   737662 frontier=        0 next=        0 consolidate= 10.152ms frontier=  2.140ms semisort=  0.000ms (break)
[pe] round=  0 work=    86518 frontier=  1730227 next=   737662 consolidate=  1.823ms frontier=  0.621ms semisort= 33.229ms (keyed= 0.000ms group_by=  9.408ms per_group= 4.980ms)
[pe] round=  1 work=   737662 frontier=        0 next=        0 consolidate=  9.643ms frontier=  1.916ms semisort=  0.000ms (break)
[bench] running deep-s ...
[pe] round=  0 work=     1720 frontier=     5755 next=     2393 consolidate=  0.156ms frontier=  0.055ms semisort=  0.723ms (keyed= 0.000ms group_by=  0.478ms per_group= 0.067ms)
[pe] round=  1 work=     2393 frontier=     4828 next=     1048 consolidate=  0.246ms frontier=  0.061ms semisort=  0.542ms (keyed= 0.000ms group_by=  0.352ms per_group= 0.070ms)
[pe] round=  2 work=     1048 frontier=     2096 next=        0 consolidate=  0.138ms frontier=  0.060ms semisort=  0.280ms (keyed= 0.000ms group_by=  0.208ms per_group= 0.034ms)
[pe] round=  0 work=     1720 frontier=     5755 next=     2393 consolidate=  0.145ms frontier=  0.049ms semisort=  0.634ms (keyed= 0.000ms group_by=  0.386ms per_group= 0.066ms)
[pe] round=  1 work=     2393 frontier=     4828 next=     1048 consolidate=  0.199ms frontier=  0.065ms semisort=  0.524ms (keyed= 0.000ms group_by=  0.357ms per_group= 0.050ms)
[pe] round=  2 work=     1048 frontier=     2096 next=        0 consolidate=  0.136ms frontier=  0.055ms semisort=  0.244ms (keyed= 0.000ms group_by=  0.175ms per_group= 0.032ms)
[pe] round=  0 work=     1720 frontier=     5755 next=     2393 consolidate=  0.145ms frontier=  0.053ms semisort=  0.619ms (keyed= 0.000ms group_by=  0.382ms per_group= 0.066ms)
[pe] round=  1 work=     2393 frontier=     4828 next=     1048 consolidate=  0.197ms frontier=  0.070ms semisort=  0.501ms (keyed= 0.000ms group_by=  0.339ms per_group= 0.047ms)
[pe] round=  2 work=     1048 frontier=     2096 next=        0 consolidate=  0.139ms frontier=  0.062ms semisort=  0.244ms (keyed= 0.000ms group_by=  0.174ms per_group= 0.029ms)
[pe] round=  0 work=     1720 frontier=     5755 next=     2393 consolidate=  0.165ms frontier=  0.052ms semisort=  0.653ms (keyed= 0.000ms group_by=  0.387ms per_group= 0.089ms)
[pe] round=  1 work=     2393 frontier=     4828 next=     1048 consolidate=  0.192ms frontier=  0.068ms semisort=  0.502ms (keyed= 0.000ms group_by=  0.336ms per_group= 0.050ms)
[pe] round=  2 work=     1048 frontier=     2096 next=        0 consolidate=  0.130ms frontier=  0.056ms semisort=  0.255ms (keyed= 0.000ms group_by=  0.179ms per_group= 0.027ms)
[pe] round=  0 work=     1720 frontier=     5755 next=     2393 consolidate=  0.144ms frontier=  0.048ms semisort=  0.619ms (keyed= 0.000ms group_by=  0.387ms per_group= 0.060ms)
[pe] round=  1 work=     2393 frontier=     4828 next=     1048 consolidate=  0.197ms frontier=  0.068ms semisort=  0.511ms (keyed= 0.000ms group_by=  0.350ms per_group= 0.046ms)
[pe] round=  2 work=     1048 frontier=     2096 next=        0 consolidate=  0.138ms frontier=  0.055ms semisort=  0.242ms (keyed= 0.000ms group_by=  0.174ms per_group= 0.031ms)
[pe] round=  0 work=     1720 frontier=     5755 next=     2393 consolidate=  0.142ms frontier=  0.045ms semisort=  0.633ms (keyed= 0.000ms group_by=  0.381ms per_group= 0.082ms)
[pe] round=  1 work=     2393 frontier=     4828 next=     1048 consolidate=  0.213ms frontier=  0.062ms semisort=  0.521ms (keyed= 0.000ms group_by=  0.343ms per_group= 0.049ms)
[pe] round=  2 work=     1048 frontier=     2096 next=        0 consolidate=  0.144ms frontier=  0.064ms semisort=  0.262ms (keyed= 0.000ms group_by=  0.191ms per_group= 0.029ms)
[bench] running deep-m ...
[pe] round=  0 work=    17367 frontier=   115794 next=    47572 consolidate=  0.510ms frontier=  0.320ms semisort= 12.664ms (keyed= 0.000ms group_by= 11.249ms per_group= 0.441ms)
[pe] round=  1 work=    47572 frontier=    95336 next=    26271 consolidate=  1.001ms frontier=  0.243ms semisort=  9.955ms (keyed= 0.000ms group_by=  8.711ms per_group= 0.357ms)
[pe] round=  2 work=    26271 frontier=    52514 next=        0 consolidate=  0.919ms frontier=  0.250ms semisort=  5.828ms (keyed= 0.000ms group_by=  5.182ms per_group= 0.141ms)
[pe] round=  0 work=    17367 frontier=   115794 next=    47572 consolidate=  0.488ms frontier=  0.263ms semisort= 11.981ms (keyed= 0.000ms group_by= 10.664ms per_group= 0.423ms)
[pe] round=  1 work=    47572 frontier=    95336 next=    26271 consolidate=  1.207ms frontier=  0.233ms semisort=  9.852ms (keyed= 0.000ms group_by=  8.627ms per_group= 0.345ms)
[pe] round=  2 work=    26271 frontier=    52514 next=        0 consolidate=  0.843ms frontier=  0.231ms semisort=  5.761ms (keyed= 0.000ms group_by=  5.126ms per_group= 0.145ms)
[pe] round=  0 work=    17367 frontier=   115794 next=    47572 consolidate=  0.485ms frontier=  0.264ms semisort= 11.922ms (keyed= 0.000ms group_by= 10.617ms per_group= 0.424ms)
[pe] round=  1 work=    47572 frontier=    95336 next=    26271 consolidate=  1.052ms frontier=  0.287ms semisort=  9.721ms (keyed= 0.000ms group_by=  8.573ms per_group= 0.332ms)
[pe] round=  2 work=    26271 frontier=    52514 next=        0 consolidate=  0.827ms frontier=  0.245ms semisort=  6.235ms (keyed= 0.000ms group_by=  5.616ms per_group= 0.132ms)
[pe] round=  0 work=    17367 frontier=   115794 next=    47572 consolidate=  0.506ms frontier=  0.479ms semisort= 12.859ms (keyed= 0.000ms group_by= 11.489ms per_group= 0.424ms)
[pe] round=  1 work=    47572 frontier=    95336 next=    26271 consolidate=  1.005ms frontier=  0.243ms semisort=  9.734ms (keyed= 0.000ms group_by=  8.522ms per_group= 0.349ms)
[pe] round=  2 work=    26271 frontier=    52514 next=        0 consolidate=  0.831ms frontier=  0.209ms semisort=  5.760ms (keyed= 0.000ms group_by=  5.124ms per_group= 0.135ms)
[pe] round=  0 work=    17367 frontier=   115794 next=    47572 consolidate=  0.459ms frontier=  0.280ms semisort= 11.856ms (keyed= 0.000ms group_by= 10.594ms per_group= 0.393ms)
[pe] round=  1 work=    47572 frontier=    95336 next=    26271 consolidate=  0.993ms frontier=  0.261ms semisort=  9.777ms (keyed= 0.000ms group_by=  8.614ms per_group= 0.338ms)
[pe] round=  2 work=    26271 frontier=    52514 next=        0 consolidate=  0.841ms frontier=  0.212ms semisort=  5.714ms (keyed= 0.000ms group_by=  5.098ms per_group= 0.132ms)
[pe] round=  0 work=    17367 frontier=   115794 next=    47572 consolidate=  0.711ms frontier=  0.273ms semisort= 13.058ms (keyed= 0.000ms group_by= 11.746ms per_group= 0.417ms)
[pe] round=  1 work=    47572 frontier=    95336 next=    26271 consolidate=  0.966ms frontier=  0.255ms semisort=  9.712ms (keyed= 0.000ms group_by=  8.542ms per_group= 0.344ms)
[pe] round=  2 work=    26271 frontier=    52514 next=        0 consolidate=  0.857ms frontier=  0.235ms semisort=  5.814ms (keyed= 0.000ms group_by=  5.202ms per_group= 0.136ms)
[bench] running deep-l ...
[pe] round=  0 work=    86518 frontier=   576676 next=   225233 consolidate=  1.948ms frontier=  0.786ms semisort= 11.228ms (keyed= 0.000ms group_by=  3.658ms per_group= 2.076ms)
[pe] round=  1 work=   225233 frontier=   450223 next=   116944 consolidate=  4.634ms frontier=  0.876ms semisort= 11.522ms (keyed= 0.000ms group_by=  4.907ms per_group= 1.741ms)
[pe] round=  2 work=   116944 frontier=   233969 next=        0 consolidate=  3.937ms frontier=  0.881ms semisort=  5.634ms (keyed= 0.000ms group_by=  2.784ms per_group= 0.469ms)
[pe] round=  0 work=    86518 frontier=   576676 next=   225233 consolidate=  1.661ms frontier=  0.351ms semisort=  9.925ms (keyed= 0.000ms group_by=  3.256ms per_group= 1.640ms)
[pe] round=  1 work=   225233 frontier=   450223 next=   116944 consolidate=  3.686ms frontier=  0.739ms semisort=  9.656ms (keyed= 0.000ms group_by=  3.515ms per_group= 1.609ms)
[pe] round=  2 work=   116944 frontier=   233969 next=        0 consolidate=  3.602ms frontier=  0.793ms semisort=  5.339ms (keyed= 0.000ms group_by=  2.624ms per_group= 0.451ms)
[pe] round=  0 work=    86518 frontier=   576676 next=   225233 consolidate=  1.513ms frontier=  0.348ms semisort= 10.045ms (keyed= 0.000ms group_by=  3.270ms per_group= 1.617ms)
[pe] round=  1 work=   225233 frontier=   450223 next=   116944 consolidate=  3.799ms frontier=  0.692ms semisort=  9.635ms (keyed= 0.000ms group_by=  3.520ms per_group= 1.622ms)
[pe] round=  2 work=   116944 frontier=   233969 next=        0 consolidate=  3.577ms frontier=  0.807ms semisort=  5.268ms (keyed= 0.000ms group_by=  2.532ms per_group= 0.443ms)
[pe] round=  0 work=    86518 frontier=   576676 next=   225233 consolidate=  2.691ms frontier=  0.361ms semisort=  9.973ms (keyed= 0.000ms group_by=  3.358ms per_group= 1.593ms)
[pe] round=  1 work=   225233 frontier=   450223 next=   116944 consolidate=  3.933ms frontier=  0.735ms semisort=  9.558ms (keyed= 0.000ms group_by=  3.494ms per_group= 1.623ms)
[pe] round=  2 work=   116944 frontier=   233969 next=        0 consolidate=  3.540ms frontier=  0.802ms semisort=  5.229ms (keyed= 0.000ms group_by=  2.522ms per_group= 0.438ms)
[pe] round=  0 work=    86518 frontier=   576676 next=   225233 consolidate=  1.585ms frontier=  0.368ms semisort= 10.033ms (keyed= 0.000ms group_by=  3.407ms per_group= 1.615ms)
[pe] round=  1 work=   225233 frontier=   450223 next=   116944 consolidate=  3.759ms frontier=  0.710ms semisort=  9.509ms (keyed= 0.000ms group_by=  3.485ms per_group= 1.600ms)
[pe] round=  2 work=   116944 frontier=   233969 next=        0 consolidate=  3.628ms frontier=  0.800ms semisort=  5.263ms (keyed= 0.000ms group_by=  2.589ms per_group= 0.432ms)
[pe] round=  0 work=    86518 frontier=   576676 next=   225233 consolidate=  1.809ms frontier=  0.374ms semisort= 10.167ms (keyed= 0.000ms group_by=  3.058ms per_group= 1.807ms)
[pe] round=  1 work=   225233 frontier=   450223 next=   116944 consolidate=  3.968ms frontier=  0.751ms semisort=  9.908ms (keyed= 0.000ms group_by=  3.545ms per_group= 1.671ms)
[pe] round=  2 work=   116944 frontier=   233969 next=        0 consolidate=  3.744ms frontier=  0.902ms semisort=  5.380ms (keyed= 0.000ms group_by=  2.638ms per_group= 0.444ms)
