[bench] running small ...
[pe] round=  0 work=     1720 frontier=    17118 next=     7959 consolidate=  0.523ms frontier=  0.073ms semisort=  2.907ms (keyed= 0.000ms group_by=  1.605ms per_group= 0.350ms)
[pe] round=  1 work=     7959 frontier=        0 next=        0 consolidate=  0.789ms frontier=  0.165ms semisort=  0.000ms (break)
[pe] round=  0 work=     1720 frontier=    17118 next=     7959 consolidate=  0.253ms frontier=  0.042ms semisort=  1.872ms (keyed= 0.000ms group_by=  1.031ms per_group= 0.296ms)
[pe] round=  1 work=     7959 frontier=        0 next=        0 consolidate=  0.700ms frontier=  0.160ms semisort=  0.000ms (break)
[pe] round=  0 work=     1720 frontier=    17118 next=     7959 consolidate=  0.246ms frontier=  0.043ms semisort=  1.800ms (keyed= 0.000ms group_by=  0.961ms per_group= 0.273ms)
[pe] round=  1 work=     7959 frontier=        0 next=        0 consolidate=  0.693ms frontier=  0.161ms semisort=  0.000ms (break)
[pe] round=  0 work=     1720 frontier=    17118 next=     7959 consolidate=  0.186ms frontier=  0.042ms semisort=  1.827ms (keyed= 0.000ms group_by=  0.956ms per_group= 0.279ms)
[pe] round=  1 work=     7959 frontier=        0 next=        0 consolidate=  0.745ms frontier=  0.161ms semisort=  0.000ms (break)
[pe] round=  0 work=     1720 frontier=    17118 next=     7959 consolidate=  0.192ms frontier=  0.042ms semisort=  1.848ms (keyed= 0.000ms group_by=  0.994ms per_group= 0.292ms)
[pe] round=  1 work=     7959 frontier=        0 next=        0 consolidate=  0.669ms frontier=  0.161ms semisort=  0.000ms (break)
[pe] round=  0 work=     1720 frontier=    17118 next=     7959 consolidate=  0.197ms frontier=  0.041ms semisort=  1.969ms (keyed= 0.000ms group_by=  1.019ms per_group= 0.279ms)
[pe] round=  1 work=     7959 frontier=        0 next=        0 consolidate=  0.676ms frontier=  0.163ms semisort=  0.000ms (break)
[bench] running medium ...
[pe] round=  0 work=    17367 frontier=   347448 next=   160295 consolidate=  2.777ms frontier=  0.775ms semisort= 27.391ms (keyed= 0.000ms group_by=  8.858ms per_group= 4.756ms)
[pe] round=  1 work=   160295 frontier=        0 next=        0 consolidate=  8.605ms frontier=  1.389ms semisort=  0.000ms (break)
[pe] round=  0 work=    17367 frontier=   347448 next=   160295 consolidate=  1.270ms frontier=  0.458ms semisort= 25.244ms (keyed= 0.000ms group_by=  7.501ms per_group= 4.570ms)
[pe] round=  1 work=   160295 frontier=        0 next=        0 consolidate=  8.827ms frontier=  1.381ms semisort=  0.000ms (break)
[pe] round=  0 work=    17367 frontier=   347448 next=   160295 consolidate=  1.587ms frontier=  0.439ms semisort= 24.823ms (keyed= 0.000ms group_by=  7.419ms per_group= 4.413ms)
[pe] round=  1 work=   160295 frontier=        0 next=        0 consolidate=  8.649ms frontier=  1.375ms semisort=  0.000ms (break)
[pe] round=  0 work=    17367 frontier=   347448 next=   160295 consolidate=  1.266ms frontier=  0.518ms semisort= 25.184ms (keyed= 0.000ms group_by=  7.593ms per_group= 4.509ms)
[pe] round=  1 work=   160295 frontier=        0 next=        0 consolidate=  8.981ms frontier=  1.292ms semisort=  0.000ms (break)
[pe] round=  0 work=    17367 frontier=   347448 next=   160295 consolidate=  1.517ms frontier=  0.757ms semisort= 24.367ms (keyed= 0.000ms group_by=  7.287ms per_group= 4.101ms)
[pe] round=  1 work=   160295 frontier=        0 next=        0 consolidate=  8.899ms frontier=  1.509ms semisort=  0.000ms (break)
[pe] round=  0 work=    17367 frontier=   347448 next=   160295 consolidate=  1.409ms frontier=  0.589ms semisort= 25.059ms (keyed= 0.000ms group_by=  8.114ms per_group= 4.183ms)
[pe] round=  1 work=   160295 frontier=        0 next=        0 consolidate=  7.788ms frontier=  1.230ms semisort=  0.000ms (break)
[bench] running large ...
[pe] round=  0 work=    86518 frontier=  1730227 next=   737662 consolidate= 10.982ms frontier=  3.723ms semisort=178.553ms (keyed= 0.000ms group_by= 42.507ms per_group=29.953ms)
[pe] round=  1 work=   737662 frontier=        0 next=        0 consolidate= 45.360ms frontier=  5.270ms semisort=  0.000ms (break)
[pe] round=  0 work=    86518 frontier=  1730227 next=   737662 consolidate=  9.032ms frontier=  1.522ms semisort=172.707ms (keyed= 0.000ms group_by= 35.498ms per_group=31.353ms)
[pe] round=  1 work=   737662 frontier=        0 next=        0 consolidate= 45.397ms frontier=  5.454ms semisort=  0.000ms (break)
[pe] round=  0 work=    86518 frontier=  1730227 next=   737662 consolidate=  9.314ms frontier=  1.703ms semisort=175.824ms (keyed= 0.000ms group_by= 37.975ms per_group=28.412ms)
[pe] round=  1 work=   737662 frontier=        0 next=        0 consolidate= 44.572ms frontier=  5.230ms semisort=  0.000ms (break)
[pe] round=  0 work=    86518 frontier=  1730227 next=   737662 consolidate=  9.171ms frontier=  1.528ms semisort=172.373ms (keyed= 0.000ms group_by= 38.360ms per_group=27.632ms)
[pe] round=  1 work=   737662 frontier=        0 next=        0 consolidate= 48.134ms frontier=  5.859ms semisort=  0.000ms (break)
[pe] round=  0 work=    86518 frontier=  1730227 next=   737662 consolidate= 11.315ms frontier=  1.760ms semisort=230.781ms (keyed= 0.000ms group_by= 51.390ms per_group=37.805ms)
[pe] round=  1 work=   737662 frontier=        0 next=        0 consolidate= 49.426ms frontier=  5.880ms semisort=  0.000ms (break)
[pe] round=  0 work=    86518 frontier=  1730227 next=   737662 consolidate=  9.333ms frontier=  1.692ms semisort=173.470ms (keyed= 0.000ms group_by= 41.869ms per_group=28.489ms)
[pe] round=  1 work=   737662 frontier=        0 next=        0 consolidate= 45.801ms frontier=  5.491ms semisort=  0.000ms (break)
[bench] running deep-s ...
[pe] round=  0 work=     1720 frontier=     5755 next=     2393 consolidate=  0.221ms frontier=  0.036ms semisort=  0.967ms (keyed= 0.000ms group_by=  0.545ms per_group= 0.151ms)
[pe] round=  1 work=     2393 frontier=     4828 next=     1048 consolidate=  0.351ms frontier=  0.061ms semisort=  0.841ms (keyed= 0.000ms group_by=  0.429ms per_group= 0.163ms)
[pe] round=  2 work=     1048 frontier=     2096 next=        0 consolidate=  0.268ms frontier=  0.080ms semisort=  0.388ms (keyed= 0.000ms group_by=  0.231ms per_group= 0.034ms)
[pe] round=  0 work=     1720 frontier=     5755 next=     2393 consolidate=  0.228ms frontier=  0.034ms semisort=  0.890ms (keyed= 0.000ms group_by=  0.335ms per_group= 0.273ms)
[pe] round=  1 work=     2393 frontier=     4828 next=     1048 consolidate=  0.298ms frontier=  0.056ms semisort=  0.723ms (keyed= 0.000ms group_by=  0.349ms per_group= 0.119ms)
[pe] round=  2 work=     1048 frontier=     2096 next=        0 consolidate=  0.261ms frontier=  0.089ms semisort=  0.315ms (keyed= 0.000ms group_by=  0.167ms per_group= 0.041ms)
[pe] round=  0 work=     1720 frontier=     5755 next=     2393 consolidate=  0.192ms frontier=  0.032ms semisort=  0.781ms (keyed= 0.000ms group_by=  0.373ms per_group= 0.137ms)
[pe] round=  1 work=     2393 frontier=     4828 next=     1048 consolidate=  0.268ms frontier=  0.073ms semisort=  0.713ms (keyed= 0.000ms group_by=  0.333ms per_group= 0.115ms)
[pe] round=  2 work=     1048 frontier=     2096 next=        0 consolidate=  0.235ms frontier=  0.076ms semisort=  0.344ms (keyed= 0.000ms group_by=  0.196ms per_group= 0.033ms)
[pe] round=  0 work=     1720 frontier=     5755 next=     2393 consolidate=  0.204ms frontier=  0.033ms semisort=  0.776ms (keyed= 0.000ms group_by=  0.343ms per_group= 0.136ms)
[pe] round=  1 work=     2393 frontier=     4828 next=     1048 consolidate=  0.343ms frontier=  0.054ms semisort=  0.716ms (keyed= 0.000ms group_by=  0.366ms per_group= 0.129ms)
[pe] round=  2 work=     1048 frontier=     2096 next=        0 consolidate=  0.240ms frontier=  0.083ms semisort=  0.326ms (keyed= 0.000ms group_by=  0.167ms per_group= 0.034ms)
[pe] round=  0 work=     1720 frontier=     5755 next=     2393 consolidate=  0.199ms frontier=  0.033ms semisort=  0.783ms (keyed= 0.000ms group_by=  0.382ms per_group= 0.132ms)
[pe] round=  1 work=     2393 frontier=     4828 next=     1048 consolidate=  0.316ms frontier=  0.057ms semisort=  0.675ms (keyed= 0.000ms group_by=  0.329ms per_group= 0.113ms)
[pe] round=  2 work=     1048 frontier=     2096 next=        0 consolidate=  0.237ms frontier=  0.082ms semisort=  0.312ms (keyed= 0.000ms group_by=  0.166ms per_group= 0.033ms)
[pe] round=  0 work=     1720 frontier=     5755 next=     2393 consolidate=  0.258ms frontier=  0.032ms semisort=  0.817ms (keyed= 0.000ms group_by=  0.347ms per_group= 0.206ms)
[pe] round=  1 work=     2393 frontier=     4828 next=     1048 consolidate=  0.317ms frontier=  0.053ms semisort=  0.803ms (keyed= 0.000ms group_by=  0.437ms per_group= 0.118ms)
[pe] round=  2 work=     1048 frontier=     2096 next=        0 consolidate=  0.233ms frontier=  0.076ms semisort=  0.309ms (keyed= 0.000ms group_by=  0.162ms per_group= 0.032ms)
[bench] running deep-m ...
[pe] round=  0 work=    17367 frontier=   115794 next=    47572 consolidate=  1.729ms frontier=  0.584ms semisort= 21.322ms (keyed= 0.000ms group_by= 13.373ms per_group= 2.287ms)
[pe] round=  1 work=    47572 frontier=    95336 next=    26271 consolidate=  3.621ms frontier=  0.571ms semisort= 17.171ms (keyed= 0.000ms group_by=  9.957ms per_group= 2.327ms)
[pe] round=  2 work=    26271 frontier=    52514 next=        0 consolidate=  4.226ms frontier=  0.891ms semisort=  9.747ms (keyed= 0.000ms group_by=  6.230ms per_group= 0.556ms)
[pe] round=  0 work=    17367 frontier=   115794 next=    47572 consolidate=  1.365ms frontier=  0.428ms semisort= 17.878ms (keyed= 0.000ms group_by= 10.641ms per_group= 2.146ms)
[pe] round=  1 work=    47572 frontier=    95336 next=    26271 consolidate=  3.797ms frontier=  0.624ms semisort= 16.655ms (keyed= 0.000ms group_by=  9.857ms per_group= 2.042ms)
[pe] round=  2 work=    26271 frontier=    52514 next=        0 consolidate=  3.583ms frontier=  0.729ms semisort=  9.190ms (keyed= 0.000ms group_by=  5.873ms per_group= 0.478ms)
[pe] round=  0 work=    17367 frontier=   115794 next=    47572 consolidate=  1.316ms frontier=  0.544ms semisort= 17.781ms (keyed= 0.000ms group_by= 11.391ms per_group= 1.908ms)
[pe] round=  1 work=    47572 frontier=    95336 next=    26271 consolidate=  3.345ms frontier=  0.562ms semisort= 16.758ms (keyed= 0.000ms group_by=  9.870ms per_group= 2.122ms)
[pe] round=  2 work=    26271 frontier=    52514 next=        0 consolidate=  4.091ms frontier=  0.730ms semisort=  9.222ms (keyed= 0.000ms group_by=  6.083ms per_group= 0.443ms)
[pe] round=  0 work=    17367 frontier=   115794 next=    47572 consolidate=  1.369ms frontier=  0.327ms semisort= 17.522ms (keyed= 0.000ms group_by= 10.790ms per_group= 2.006ms)
[pe] round=  1 work=    47572 frontier=    95336 next=    26271 consolidate=  3.831ms frontier=  0.612ms semisort= 16.106ms (keyed= 0.000ms group_by=  9.665ms per_group= 1.985ms)
[pe] round=  2 work=    26271 frontier=    52514 next=        0 consolidate=  3.544ms frontier=  0.768ms semisort=  9.124ms (keyed= 0.000ms group_by=  5.913ms per_group= 0.471ms)
[pe] round=  0 work=    17367 frontier=   115794 next=    47572 consolidate=  1.390ms frontier=  0.523ms semisort= 16.292ms (keyed= 0.000ms group_by=  9.924ms per_group= 1.886ms)
[pe] round=  1 work=    47572 frontier=    95336 next=    26271 consolidate=  3.261ms frontier=  0.525ms semisort= 15.943ms (keyed= 0.000ms group_by=  9.472ms per_group= 1.794ms)
[pe] round=  2 work=    26271 frontier=    52514 next=        0 consolidate=  3.724ms frontier=  0.781ms semisort=  9.204ms (keyed= 0.000ms group_by=  5.914ms per_group= 0.510ms)
[pe] round=  0 work=    17367 frontier=   115794 next=    47572 consolidate=  1.731ms frontier=  0.396ms semisort= 17.273ms (keyed= 0.000ms group_by= 10.587ms per_group= 2.017ms)
[pe] round=  1 work=    47572 frontier=    95336 next=    26271 consolidate=  3.828ms frontier=  0.623ms semisort= 16.162ms (keyed= 0.000ms group_by=  9.663ms per_group= 2.063ms)
[pe] round=  2 work=    26271 frontier=    52514 next=        0 consolidate=  3.945ms frontier=  0.780ms semisort=  9.591ms (keyed= 0.000ms group_by=  6.316ms per_group= 0.505ms)
[bench] running deep-l ...
[pe] round=  0 work=    86518 frontier=   576676 next=   225233 consolidate=  8.734ms frontier=  1.468ms semisort= 51.555ms (keyed= 0.000ms group_by= 15.089ms per_group= 8.512ms)
[pe] round=  1 work=   225233 frontier=   450223 next=   116944 consolidate= 20.713ms frontier=  1.957ms semisort= 61.017ms (keyed= 0.000ms group_by= 22.310ms per_group=11.556ms)
[pe] round=  2 work=   116944 frontier=   233969 next=        0 consolidate= 18.204ms frontier=  3.567ms semisort= 29.892ms (keyed= 0.000ms group_by= 13.809ms per_group= 2.503ms)
[pe] round=  0 work=    86518 frontier=   576676 next=   225233 consolidate=  8.749ms frontier=  0.958ms semisort= 51.421ms (keyed= 0.000ms group_by= 15.470ms per_group= 8.323ms)
[pe] round=  1 work=   225233 frontier=   450223 next=   116944 consolidate= 18.890ms frontier=  1.766ms semisort= 58.451ms (keyed= 0.000ms group_by= 20.609ms per_group=11.507ms)
[pe] round=  2 work=   116944 frontier=   233969 next=        0 consolidate= 19.372ms frontier=  3.774ms semisort= 29.053ms (keyed= 0.000ms group_by= 13.296ms per_group= 2.212ms)
[pe] round=  0 work=    86518 frontier=   576676 next=   225233 consolidate=  8.849ms frontier=  0.948ms semisort= 51.956ms (keyed= 0.000ms group_by= 14.679ms per_group= 8.755ms)
[pe] round=  1 work=   225233 frontier=   450223 next=   116944 consolidate= 19.420ms frontier=  1.899ms semisort= 57.701ms (keyed= 0.000ms group_by= 20.709ms per_group=11.359ms)
[pe] round=  2 work=   116944 frontier=   233969 next=        0 consolidate= 18.153ms frontier=  3.516ms semisort= 29.298ms (keyed= 0.000ms group_by= 13.283ms per_group= 2.333ms)
[pe] round=  0 work=    86518 frontier=   576676 next=   225233 consolidate=  8.640ms frontier=  0.964ms semisort= 50.009ms (keyed= 0.000ms group_by= 13.903ms per_group= 8.356ms)
[pe] round=  1 work=   225233 frontier=   450223 next=   116944 consolidate= 19.566ms frontier=  1.753ms semisort= 58.712ms (keyed= 0.000ms group_by= 20.021ms per_group=11.924ms)
[pe] round=  2 work=   116944 frontier=   233969 next=        0 consolidate= 18.413ms frontier=  3.571ms semisort= 30.056ms (keyed= 0.000ms group_by= 13.621ms per_group= 2.601ms)
[pe] round=  0 work=    86518 frontier=   576676 next=   225233 consolidate=  8.573ms frontier=  0.942ms semisort= 51.758ms (keyed= 0.000ms group_by= 15.572ms per_group= 8.550ms)
[pe] round=  1 work=   225233 frontier=   450223 next=   116944 consolidate= 19.157ms frontier=  1.843ms semisort= 58.681ms (keyed= 0.000ms group_by= 20.867ms per_group=11.541ms)
[pe] round=  2 work=   116944 frontier=   233969 next=        0 consolidate= 18.642ms frontier=  3.695ms semisort= 29.720ms (keyed= 0.000ms group_by= 13.733ms per_group= 2.293ms)
[pe] round=  0 work=    86518 frontier=   576676 next=   225233 consolidate=  9.031ms frontier=  0.972ms semisort= 51.324ms (keyed= 0.000ms group_by= 14.893ms per_group= 8.672ms)
[pe] round=  1 work=   225233 frontier=   450223 next=   116944 consolidate= 19.316ms frontier=  1.776ms semisort= 59.518ms (keyed= 0.000ms group_by= 21.051ms per_group=11.839ms)
[pe] round=  2 work=   116944 frontier=   233969 next=        0 consolidate= 18.454ms frontier=  3.623ms semisort= 29.350ms (keyed= 0.000ms group_by= 13.556ms per_group= 2.099ms)
