[synthetic_bench] grid n=175 d=2 classes=122848 merges=175 ...
[pe] round=  0 work=      350 frontier=   122500 next=    61250 consolidate=  2.162ms frontier=  0.098ms semisort= 10.629ms (keyed= 0.202ms group_by=  8.464ms per_group= 0.802ms)
[pe] round=  1 work=    61250 frontier=    61250 next=    28482 consolidate=  1.894ms frontier=  0.696ms semisort=  2.907ms (keyed= 0.057ms group_by=  1.671ms per_group= 0.334ms)
[pe] round=  2 work=    28482 frontier=    28482 next=    16384 consolidate=  1.164ms frontier=  0.429ms semisort=  1.622ms (keyed= 0.034ms group_by=  0.805ms per_group= 0.334ms)
[pe] round=  3 work=    16384 frontier=    16384 next=     8192 consolidate=  1.425ms frontier=  0.302ms semisort=  0.871ms (keyed= 0.023ms group_by=  0.437ms per_group= 0.151ms)
[pe] round=  4 work=     8192 frontier=     8192 next=     4096 consolidate=  1.111ms frontier=  0.425ms semisort=  1.777ms (keyed= 0.024ms group_by=  1.257ms per_group= 0.164ms)
[pe] round=  5 work=     4096 frontier=     4096 next=     2048 consolidate=  0.638ms frontier=  0.263ms semisort=  0.803ms (keyed= 0.020ms group_by=  0.489ms per_group= 0.107ms)
[pe] round=  6 work=     2048 frontier=     2048 next=     1024 consolidate=  0.509ms frontier=  0.112ms semisort=  0.475ms (keyed= 0.013ms group_by=  0.258ms per_group= 0.061ms)
[pe] round=  7 work=     1024 frontier=     1024 next=      512 consolidate=  0.163ms frontier=  0.074ms semisort=  0.267ms (keyed= 0.007ms group_by=  0.134ms per_group= 0.043ms)
[pe] round=  8 work=      512 frontier=      512 next=      256 consolidate=  0.130ms frontier=  0.070ms semisort=  0.186ms (keyed= 0.004ms group_by=  0.078ms per_group= 0.038ms)
[pe] round=  9 work=      256 frontier=      256 next=      128 consolidate=  0.102ms frontier=  0.044ms semisort=  0.106ms (keyed= 0.003ms group_by=  0.034ms per_group= 0.026ms)
[pe] round= 10 work=      128 frontier=      128 next=       64 consolidate=  0.076ms frontier=  0.041ms semisort=  0.083ms (keyed= 0.002ms group_by=  0.018ms per_group= 0.032ms)
[pe] round= 11 work=       64 frontier=       64 next=       32 consolidate=  0.060ms frontier=  0.027ms semisort=  0.052ms (keyed= 0.001ms group_by=  0.010ms per_group= 0.012ms)
[pe] round= 12 work=       32 frontier=       32 next=       16 consolidate=  0.024ms frontier=  0.007ms semisort=  0.030ms (keyed= 0.001ms group_by=  0.005ms per_group= 0.008ms)
[pe] round= 13 work=       16 frontier=       16 next=        8 consolidate=  0.023ms frontier=  0.006ms semisort=  0.012ms (keyed= 0.001ms group_by=  0.003ms per_group= 0.003ms)
[pe] round= 14 work=        8 frontier=        8 next=        4 consolidate=  0.012ms frontier=  0.004ms semisort=  0.007ms (keyed= 0.000ms group_by=  0.002ms per_group= 0.002ms)
[pe] round= 15 work=        4 frontier=        4 next=        2 consolidate=  0.006ms frontier=  0.002ms semisort=  0.005ms (keyed= 0.000ms group_by=  0.002ms per_group= 0.001ms)
[pe] round= 16 work=        2 frontier=        0 next=        0 consolidate=  0.004ms frontier=  0.001ms semisort=  0.000ms (break)
[pe] round=  0 work=      350 frontier=   122500 next=    61250 consolidate=  0.097ms frontier=  0.063ms semisort=  3.583ms (keyed= 0.081ms group_by=  2.024ms per_group= 0.582ms)
[pe] round=  1 work=    61250 frontier=    61250 next=    28482 consolidate=  1.773ms frontier=  0.568ms semisort=  1.985ms (keyed= 0.047ms group_by=  0.925ms per_group= 0.303ms)
[pe] round=  2 work=    28482 frontier=    28482 next=    16384 consolidate=  1.007ms frontier=  0.416ms semisort=  1.254ms (keyed= 0.028ms group_by=  0.481ms per_group= 0.331ms)
[pe] round=  3 work=    16384 frontier=    16384 next=     8192 consolidate=  1.558ms frontier=  0.315ms semisort=  0.847ms (keyed= 0.020ms group_by=  0.410ms per_group= 0.143ms)
[pe] round=  4 work=     8192 frontier=     8192 next=     4096 consolidate=  0.962ms frontier=  0.395ms semisort=  1.485ms (keyed= 0.017ms group_by=  1.065ms per_group= 0.082ms)
[pe] round=  5 work=     4096 frontier=     4096 next=     2048 consolidate=  0.626ms frontier=  0.220ms semisort=  0.822ms (keyed= 0.018ms group_by=  0.545ms per_group= 0.057ms)
[pe] round=  6 work=     2048 frontier=     2048 next=     1024 consolidate=  0.228ms frontier=  0.115ms semisort=  0.475ms (keyed= 0.014ms group_by=  0.259ms per_group= 0.051ms)
[pe] round=  7 work=     1024 frontier=     1024 next=      512 consolidate=  0.431ms frontier=  0.078ms semisort=  0.269ms (keyed= 0.008ms group_by=  0.133ms per_group= 0.041ms)
[pe] round=  8 work=      512 frontier=      512 next=      256 consolidate=  0.121ms frontier=  0.059ms semisort=  0.169ms (keyed= 0.004ms group_by=  0.068ms per_group= 0.033ms)
[pe] round=  9 work=      256 frontier=      256 next=      128 consolidate=  0.083ms frontier=  0.045ms semisort=  0.106ms (keyed= 0.003ms group_by=  0.032ms per_group= 0.027ms)
[pe] round= 10 work=      128 frontier=      128 next=       64 consolidate=  0.063ms frontier=  0.036ms semisort=  0.079ms (keyed= 0.002ms group_by=  0.016ms per_group= 0.030ms)
[pe] round= 11 work=       64 frontier=       64 next=       32 consolidate=  0.062ms frontier=  0.028ms semisort=  0.048ms (keyed= 0.002ms group_by=  0.009ms per_group= 0.015ms)
[pe] round= 12 work=       32 frontier=       32 next=       16 consolidate=  0.027ms frontier=  0.009ms semisort=  0.022ms (keyed= 0.001ms group_by=  0.005ms per_group= 0.005ms)
[pe] round= 13 work=       16 frontier=       16 next=        8 consolidate=  0.018ms frontier=  0.006ms semisort=  0.011ms (keyed= 0.001ms group_by=  0.003ms per_group= 0.003ms)
[pe] round= 14 work=        8 frontier=        8 next=        4 consolidate=  0.013ms frontier=  0.003ms semisort=  0.007ms (keyed= 0.001ms group_by=  0.002ms per_group= 0.002ms)
[pe] round= 15 work=        4 frontier=        4 next=        2 consolidate=  0.006ms frontier=  0.002ms semisort=  0.005ms (keyed= 0.000ms group_by=  0.001ms per_group= 0.001ms)
[pe] round= 16 work=        2 frontier=        0 next=        0 consolidate=  0.004ms frontier=  0.001ms semisort=  0.000ms (break)
[pe] round=  0 work=      350 frontier=   122500 next=    61250 consolidate=  0.089ms frontier=  0.062ms semisort=  3.295ms (keyed= 0.080ms group_by=  1.881ms per_group= 0.542ms)
[pe] round=  1 work=    61250 frontier=    61250 next=    28482 consolidate=  1.656ms frontier=  0.595ms semisort=  2.016ms (keyed= 0.049ms group_by=  0.875ms per_group= 0.365ms)
[pe] round=  2 work=    28482 frontier=    28482 next=    16384 consolidate=  1.007ms frontier=  0.389ms semisort=  1.405ms (keyed= 0.027ms group_by=  0.539ms per_group= 0.411ms)
[pe] round=  3 work=    16384 frontier=    16384 next=     8192 consolidate=  1.516ms frontier=  0.295ms semisort=  0.814ms (keyed= 0.020ms group_by=  0.388ms per_group= 0.150ms)
[pe] round=  4 work=     8192 frontier=     8192 next=     4096 consolidate=  1.006ms frontier=  0.406ms semisort=  1.569ms (keyed= 0.019ms group_by=  1.138ms per_group= 0.082ms)
[pe] round=  5 work=     4096 frontier=     4096 next=     2048 consolidate=  1.811ms frontier=  0.220ms semisort=  0.817ms (keyed= 0.020ms group_by=  0.528ms per_group= 0.067ms)
[pe] round=  6 work=     2048 frontier=     2048 next=     1024 consolidate=  0.244ms frontier=  0.113ms semisort=  0.508ms (keyed= 0.012ms group_by=  0.313ms per_group= 0.053ms)
[pe] round=  7 work=     1024 frontier=     1024 next=      512 consolidate=  0.152ms frontier=  0.072ms semisort=  0.275ms (keyed= 0.008ms group_by=  0.135ms per_group= 0.042ms)
[pe] round=  8 work=      512 frontier=      512 next=      256 consolidate=  0.370ms frontier=  0.061ms semisort=  0.203ms (keyed= 0.004ms group_by=  0.071ms per_group= 0.063ms)
[pe] round=  9 work=      256 frontier=      256 next=      128 consolidate=  0.089ms frontier=  0.045ms semisort=  0.107ms (keyed= 0.003ms group_by=  0.034ms per_group= 0.022ms)
[pe] round= 10 work=      128 frontier=      128 next=       64 consolidate=  0.058ms frontier=  0.032ms semisort=  0.067ms (keyed= 0.002ms group_by=  0.018ms per_group= 0.018ms)
[pe] round= 11 work=       64 frontier=       64 next=       32 consolidate=  0.042ms frontier=  0.028ms semisort=  0.040ms (keyed= 0.001ms group_by=  0.010ms per_group= 0.010ms)
[pe] round= 12 work=       32 frontier=       32 next=       16 consolidate=  0.024ms frontier=  0.009ms semisort=  0.017ms (keyed= 0.001ms group_by=  0.004ms per_group= 0.005ms)
[pe] round= 13 work=       16 frontier=       16 next=        8 consolidate=  0.019ms frontier=  0.006ms semisort=  0.010ms (keyed= 0.001ms group_by=  0.002ms per_group= 0.003ms)
[pe] round= 14 work=        8 frontier=        8 next=        4 consolidate=  0.013ms frontier=  0.003ms semisort=  0.007ms (keyed= 0.000ms group_by=  0.002ms per_group= 0.002ms)
[pe] round= 15 work=        4 frontier=        4 next=        2 consolidate=  0.007ms frontier=  0.002ms semisort=  0.004ms (keyed= 0.000ms group_by=  0.001ms per_group= 0.001ms)
[pe] round= 16 work=        2 frontier=        0 next=        0 consolidate=  0.004ms frontier=  0.001ms semisort=  0.000ms (break)
[pe] round=  0 work=      350 frontier=   122500 next=    61250 consolidate=  0.088ms frontier=  0.062ms semisort=  3.377ms (keyed= 0.089ms group_by=  1.940ms per_group= 0.463ms)
[pe] round=  1 work=    61250 frontier=    61250 next=    28482 consolidate=  1.855ms frontier=  0.578ms semisort=  1.884ms (keyed= 0.047ms group_by=  0.911ms per_group= 0.297ms)
[pe] round=  2 work=    28482 frontier=    28482 next=    16384 consolidate=  1.028ms frontier=  0.403ms semisort=  1.332ms (keyed= 0.027ms group_by=  0.526ms per_group= 0.400ms)
[pe] round=  3 work=    16384 frontier=    16384 next=     8192 consolidate=  1.539ms frontier=  0.261ms semisort=  0.754ms (keyed= 0.020ms group_by=  0.351ms per_group= 0.129ms)
[pe] round=  4 work=     8192 frontier=     8192 next=     4096 consolidate=  0.927ms frontier=  0.375ms semisort=  1.779ms (keyed= 0.021ms group_by=  1.353ms per_group= 0.081ms)
[pe] round=  5 work=     4096 frontier=     4096 next=     2048 consolidate=  0.643ms frontier=  0.207ms semisort=  0.963ms (keyed= 0.019ms group_by=  0.708ms per_group= 0.057ms)
[pe] round=  6 work=     2048 frontier=     2048 next=     1024 consolidate=  0.229ms frontier=  0.129ms semisort=  0.441ms (keyed= 0.013ms group_by=  0.266ms per_group= 0.043ms)
[pe] round=  7 work=     1024 frontier=     1024 next=      512 consolidate=  0.148ms frontier=  0.072ms semisort=  0.273ms (keyed= 0.009ms group_by=  0.130ms per_group= 0.041ms)
[pe] round=  8 work=      512 frontier=      512 next=      256 consolidate=  0.109ms frontier=  0.065ms semisort=  0.162ms (keyed= 0.003ms group_by=  0.065ms per_group= 0.037ms)
[pe] round=  9 work=      256 frontier=      256 next=      128 consolidate=  0.067ms frontier=  0.039ms semisort=  0.114ms (keyed= 0.002ms group_by=  0.034ms per_group= 0.025ms)
[pe] round= 10 work=      128 frontier=      128 next=       64 consolidate=  0.069ms frontier=  0.031ms semisort=  0.067ms (keyed= 0.002ms group_by=  0.018ms per_group= 0.017ms)
[pe] round= 11 work=       64 frontier=       64 next=       32 consolidate=  0.034ms frontier=  0.014ms semisort=  0.028ms (keyed= 0.001ms group_by=  0.009ms per_group= 0.008ms)
[pe] round= 12 work=       32 frontier=       32 next=       16 consolidate=  0.021ms frontier=  0.008ms semisort=  0.017ms (keyed= 0.001ms group_by=  0.005ms per_group= 0.005ms)
[pe] round= 13 work=       16 frontier=       16 next=        8 consolidate=  0.020ms frontier=  0.006ms semisort=  0.010ms (keyed= 0.001ms group_by=  0.003ms per_group= 0.003ms)
[pe] round= 14 work=        8 frontier=        8 next=        4 consolidate=  0.014ms frontier=  0.003ms semisort=  0.007ms (keyed= 0.000ms group_by=  0.001ms per_group= 0.002ms)
[pe] round= 15 work=        4 frontier=        4 next=        2 consolidate=  0.007ms frontier=  0.002ms semisort=  0.004ms (keyed= 0.000ms group_by=  0.001ms per_group= 0.001ms)
[pe] round= 16 work=        2 frontier=        0 next=        0 consolidate=  0.004ms frontier=  0.001ms semisort=  0.000ms (break)
[pe] round=  0 work=      350 frontier=   122500 next=    61250 consolidate=  0.093ms frontier=  0.064ms semisort=  3.359ms (keyed= 0.074ms group_by=  2.022ms per_group= 0.512ms)
[pe] round=  1 work=    61250 frontier=    61250 next=    28482 consolidate=  1.767ms frontier=  0.514ms semisort=  1.869ms (keyed= 0.047ms group_by=  0.885ms per_group= 0.293ms)
[pe] round=  2 work=    28482 frontier=    28482 next=    16384 consolidate=  0.933ms frontier=  0.347ms semisort=  1.292ms (keyed= 0.044ms group_by=  0.523ms per_group= 0.359ms)
[pe] round=  3 work=    16384 frontier=    16384 next=     8192 consolidate=  1.450ms frontier=  0.272ms semisort=  0.763ms (keyed= 0.023ms group_by=  0.361ms per_group= 0.134ms)
[pe] round=  4 work=     8192 frontier=     8192 next=     4096 consolidate=  0.948ms frontier=  0.383ms semisort=  1.815ms (keyed= 0.018ms group_by=  1.402ms per_group= 0.080ms)
[pe] round=  5 work=     4096 frontier=     4096 next=     2048 consolidate=  0.629ms frontier=  0.207ms semisort=  1.032ms (keyed= 0.017ms group_by=  0.759ms per_group= 0.065ms)
[pe] round=  6 work=     2048 frontier=     2048 next=     1024 consolidate=  0.222ms frontier=  0.111ms semisort=  0.519ms (keyed= 0.012ms group_by=  0.373ms per_group= 0.035ms)
[pe] round=  7 work=     1024 frontier=     1024 next=      512 consolidate=  0.148ms frontier=  0.068ms semisort=  0.311ms (keyed= 0.008ms group_by=  0.200ms per_group= 0.027ms)
[pe] round=  8 work=      512 frontier=      512 next=      256 consolidate=  0.110ms frontier=  0.049ms semisort=  0.190ms (keyed= 0.004ms group_by=  0.085ms per_group= 0.035ms)
[pe] round=  9 work=      256 frontier=      256 next=      128 consolidate=  0.071ms frontier=  0.037ms semisort=  0.115ms (keyed= 0.003ms group_by=  0.045ms per_group= 0.025ms)
[pe] round= 10 work=      128 frontier=      128 next=       64 consolidate=  0.077ms frontier=  0.027ms semisort=  0.063ms (keyed= 0.002ms group_by=  0.019ms per_group= 0.019ms)
[pe] round= 11 work=       64 frontier=       64 next=       32 consolidate=  0.041ms frontier=  0.017ms semisort=  0.043ms (keyed= 0.002ms group_by=  0.010ms per_group= 0.013ms)
[pe] round= 12 work=       32 frontier=       32 next=       16 consolidate=  0.031ms frontier=  0.009ms semisort=  0.019ms (keyed= 0.001ms group_by=  0.005ms per_group= 0.005ms)
[pe] round= 13 work=       16 frontier=       16 next=        8 consolidate=  0.018ms frontier=  0.005ms semisort=  0.010ms (keyed= 0.001ms group_by=  0.003ms per_group= 0.003ms)
[pe] round= 14 work=        8 frontier=        8 next=        4 consolidate=  0.014ms frontier=  0.004ms semisort=  0.007ms (keyed= 0.000ms group_by=  0.002ms per_group= 0.002ms)
[pe] round= 15 work=        4 frontier=        4 next=        2 consolidate=  0.007ms frontier=  0.002ms semisort=  0.004ms (keyed= 0.000ms group_by=  0.001ms per_group= 0.001ms)
[pe] round= 16 work=        2 frontier=        0 next=        0 consolidate=  0.004ms frontier=  0.001ms semisort=  0.000ms (break)
[pe] round=  0 work=      350 frontier=   122500 next=    61250 consolidate=  0.087ms frontier=  0.061ms semisort=  3.311ms (keyed= 0.080ms group_by=  1.960ms per_group= 0.538ms)
[pe] round=  1 work=    61250 frontier=    61250 next=    28482 consolidate=  1.721ms frontier=  0.500ms semisort=  1.896ms (keyed= 0.043ms group_by=  0.969ms per_group= 0.260ms)
[pe] round=  2 work=    28482 frontier=    28482 next=    16384 consolidate=  0.910ms frontier=  0.352ms semisort=  1.163ms (keyed= 0.025ms group_by=  0.451ms per_group= 0.314ms)
[pe] round=  3 work=    16384 frontier=    16384 next=     8192 consolidate=  1.466ms frontier=  0.249ms semisort=  0.708ms (keyed= 0.022ms group_by=  0.329ms per_group= 0.127ms)
[pe] round=  4 work=     8192 frontier=     8192 next=     4096 consolidate=  0.752ms frontier=  0.393ms semisort=  1.697ms (keyed= 0.019ms group_by=  1.260ms per_group= 0.112ms)
[pe] round=  5 work=     4096 frontier=     4096 next=     2048 consolidate=  0.546ms frontier=  0.206ms semisort=  0.803ms (keyed= 0.020ms group_by=  0.544ms per_group= 0.058ms)
[pe] round=  6 work=     2048 frontier=     2048 next=     1024 consolidate=  0.241ms frontier=  0.130ms semisort=  0.551ms (keyed= 0.012ms group_by=  0.387ms per_group= 0.040ms)
[pe] round=  7 work=     1024 frontier=     1024 next=      512 consolidate=  0.146ms frontier=  0.072ms semisort=  0.260ms (keyed= 0.009ms group_by=  0.131ms per_group= 0.038ms)
[pe] round=  8 work=      512 frontier=      512 next=      256 consolidate=  0.119ms frontier=  0.053ms semisort=  0.157ms (keyed= 0.004ms group_by=  0.069ms per_group= 0.030ms)
[pe] round=  9 work=      256 frontier=      256 next=      128 consolidate=  0.074ms frontier=  0.043ms semisort=  0.102ms (keyed= 0.003ms group_by=  0.035ms per_group= 0.024ms)
[pe] round= 10 work=      128 frontier=      128 next=       64 consolidate=  0.071ms frontier=  0.028ms semisort=  0.066ms (keyed= 0.002ms group_by=  0.018ms per_group= 0.017ms)
[pe] round= 11 work=       64 frontier=       64 next=       32 consolidate=  0.044ms frontier=  0.016ms semisort=  0.043ms (keyed= 0.001ms group_by=  0.009ms per_group= 0.013ms)
[pe] round= 12 work=       32 frontier=       32 next=       16 consolidate=  0.024ms frontier=  0.010ms semisort=  0.022ms (keyed= 0.001ms group_by=  0.005ms per_group= 0.007ms)
[pe] round= 13 work=       16 frontier=       16 next=        8 consolidate=  0.017ms frontier=  0.006ms semisort=  0.011ms (keyed= 0.001ms group_by=  0.003ms per_group= 0.003ms)
[pe] round= 14 work=        8 frontier=        8 next=        4 consolidate=  0.015ms frontier=  0.004ms semisort=  0.007ms (keyed= 0.000ms group_by=  0.001ms per_group= 0.002ms)
[pe] round= 15 work=        4 frontier=        4 next=        2 consolidate=  0.007ms frontier=  0.002ms semisort=  0.004ms (keyed= 0.000ms group_by=  0.001ms per_group= 0.001ms)
[pe] round= 16 work=        2 frontier=        0 next=        0 consolidate=  0.004ms frontier=  0.001ms semisort=  0.000ms (break)
