[synthetic_bench] grid n=190 d=2 classes=144778 merges=190 ...
[pe] round=  0 work=      380 frontier=   144400 next=    72200 consolidate=  0.375ms frontier=  0.495ms semisort= 15.335ms (keyed= 1.219ms group_by=  7.020ms per_group= 3.388ms)
[pe] round=  1 work=    72200 frontier=    72200 next=    32768 consolidate= 11.200ms frontier=  1.651ms semisort=  7.243ms (keyed= 0.112ms group_by=  2.107ms per_group= 1.590ms)
[pe] round=  2 work=    32768 frontier=    32768 next=    16384 consolidate=  5.448ms frontier=  0.898ms semisort=  3.056ms (keyed= 0.031ms group_by=  1.045ms per_group= 0.728ms)
[pe] round=  3 work=    16384 frontier=    16384 next=     8192 consolidate=  2.846ms frontier=  0.539ms semisort=  1.784ms (keyed= 0.018ms group_by=  0.558ms per_group= 0.384ms)
[pe] round=  4 work=     8192 frontier=     8192 next=     6664 consolidate=  1.435ms frontier=  0.355ms semisort=  1.474ms (keyed= 0.011ms group_by=  0.669ms per_group= 0.316ms)
[pe] round=  5 work=     6664 frontier=     6664 next=     4096 consolidate=  1.215ms frontier=  0.317ms semisort=  1.015ms (keyed= 0.010ms group_by=  0.456ms per_group= 0.194ms)
[pe] round=  6 work=     4096 frontier=     4096 next=     2048 consolidate=  1.019ms frontier=  0.203ms semisort=  0.605ms (keyed= 0.007ms group_by=  0.264ms per_group= 0.116ms)
[pe] round=  7 work=     2048 frontier=     2048 next=     1024 consolidate=  0.421ms frontier=  0.106ms semisort=  0.302ms (keyed= 0.006ms group_by=  0.127ms per_group= 0.057ms)
[pe] round=  8 work=     1024 frontier=     1024 next=      512 consolidate=  0.223ms frontier=  0.075ms semisort=  0.200ms (keyed= 0.019ms group_by=  0.064ms per_group= 0.047ms)
[pe] round=  9 work=      512 frontier=      512 next=      256 consolidate=  0.133ms frontier=  0.044ms semisort=  0.121ms (keyed= 0.002ms group_by=  0.033ms per_group= 0.036ms)
[pe] round= 10 work=      256 frontier=      256 next=      128 consolidate=  0.065ms frontier=  0.019ms semisort=  0.056ms (keyed= 0.001ms group_by=  0.017ms per_group= 0.017ms)
[pe] round= 11 work=      128 frontier=      128 next=       64 consolidate=  0.047ms frontier=  0.012ms semisort=  0.033ms (keyed= 0.001ms group_by=  0.008ms per_group= 0.010ms)
[pe] round= 12 work=       64 frontier=       64 next=       32 consolidate=  0.022ms frontier=  0.007ms semisort=  0.017ms (keyed= 0.001ms group_by=  0.004ms per_group= 0.005ms)
[pe] round= 13 work=       32 frontier=       32 next=       16 consolidate=  0.018ms frontier=  0.004ms semisort=  0.011ms (keyed= 0.000ms group_by=  0.002ms per_group= 0.003ms)
[pe] round= 14 work=       16 frontier=       16 next=        8 consolidate=  0.008ms frontier=  0.003ms semisort=  0.006ms (keyed= 0.000ms group_by=  0.001ms per_group= 0.002ms)
[pe] round= 15 work=        8 frontier=        8 next=        4 consolidate=  0.005ms frontier=  0.002ms semisort=  0.004ms (keyed= 0.000ms group_by=  0.001ms per_group= 0.001ms)
[pe] round= 16 work=        4 frontier=        4 next=        2 consolidate=  0.003ms frontier=  0.001ms semisort=  0.003ms (keyed= 0.000ms group_by=  0.001ms per_group= 0.001ms)
[pe] round= 17 work=        2 frontier=        0 next=        0 consolidate=  0.002ms frontier=  0.001ms semisort=  0.000ms (break)
[pe] round=  0 work=      380 frontier=   144400 next=    72200 consolidate=  0.172ms frontier=  0.106ms semisort= 13.386ms (keyed= 0.256ms group_by=  6.012ms per_group= 3.392ms)
[pe] round=  1 work=    72200 frontier=    72200 next=    32768 consolidate= 11.056ms frontier=  1.788ms semisort=  6.752ms (keyed= 0.097ms group_by=  2.048ms per_group= 1.414ms)
[pe] round=  2 work=    32768 frontier=    32768 next=    16384 consolidate=  5.181ms frontier=  0.912ms semisort=  3.087ms (keyed= 0.031ms group_by=  1.095ms per_group= 0.730ms)
[pe] round=  3 work=    16384 frontier=    16384 next=     8192 consolidate=  2.876ms frontier=  0.523ms semisort=  1.700ms (keyed= 0.019ms group_by=  0.509ms per_group= 0.383ms)
[pe] round=  4 work=     8192 frontier=     8192 next=     6664 consolidate=  1.482ms frontier=  0.368ms semisort=  1.580ms (keyed= 0.011ms group_by=  0.821ms per_group= 0.288ms)
[pe] round=  5 work=     6664 frontier=     6664 next=     4096 consolidate=  1.180ms frontier=  0.306ms semisort=  0.976ms (keyed= 0.010ms group_by=  0.436ms per_group= 0.176ms)
[pe] round=  6 work=     4096 frontier=     4096 next=     2048 consolidate=  0.951ms frontier=  0.217ms semisort=  0.622ms (keyed= 0.007ms group_by=  0.262ms per_group= 0.131ms)
[pe] round=  7 work=     2048 frontier=     2048 next=     1024 consolidate=  0.436ms frontier=  0.121ms semisort=  0.361ms (keyed= 0.006ms group_by=  0.130ms per_group= 0.077ms)
[pe] round=  8 work=     1024 frontier=     1024 next=      512 consolidate=  0.215ms frontier=  0.074ms semisort=  0.184ms (keyed= 0.004ms group_by=  0.079ms per_group= 0.030ms)
[pe] round=  9 work=      512 frontier=      512 next=      256 consolidate=  0.136ms frontier=  0.043ms semisort=  0.113ms (keyed= 0.002ms group_by=  0.034ms per_group= 0.035ms)
[pe] round= 10 work=      256 frontier=      256 next=      128 consolidate=  0.063ms frontier=  0.019ms semisort=  0.056ms (keyed= 0.001ms group_by=  0.017ms per_group= 0.017ms)
[pe] round= 11 work=      128 frontier=      128 next=       64 consolidate=  0.043ms frontier=  0.011ms semisort=  0.033ms (keyed= 0.001ms group_by=  0.008ms per_group= 0.012ms)
[pe] round= 12 work=       64 frontier=       64 next=       32 consolidate=  0.024ms frontier=  0.007ms semisort=  0.018ms (keyed= 0.001ms group_by=  0.004ms per_group= 0.005ms)
[pe] round= 13 work=       32 frontier=       32 next=       16 consolidate=  0.018ms frontier=  0.004ms semisort=  0.011ms (keyed= 0.000ms group_by=  0.002ms per_group= 0.003ms)
[pe] round= 14 work=       16 frontier=       16 next=        8 consolidate=  0.008ms frontier=  0.003ms semisort=  0.006ms (keyed= 0.000ms group_by=  0.002ms per_group= 0.002ms)
[pe] round= 15 work=        8 frontier=        8 next=        4 consolidate=  0.005ms frontier=  0.002ms semisort=  0.004ms (keyed= 0.000ms group_by=  0.001ms per_group= 0.001ms)
[pe] round= 16 work=        4 frontier=        4 next=        2 consolidate=  0.003ms frontier=  0.001ms semisort=  0.003ms (keyed= 0.000ms group_by=  0.001ms per_group= 0.001ms)
[pe] round= 17 work=        2 frontier=        0 next=        0 consolidate=  0.002ms frontier=  0.001ms semisort=  0.000ms (break)
[pe] round=  0 work=      380 frontier=   144400 next=    72200 consolidate=  0.175ms frontier=  0.103ms semisort= 12.525ms (keyed= 0.249ms group_by=  5.691ms per_group= 3.294ms)
[pe] round=  1 work=    72200 frontier=    72200 next=    32768 consolidate= 10.373ms frontier=  1.715ms semisort=  6.405ms (keyed= 0.099ms group_by=  1.809ms per_group= 1.303ms)
[pe] round=  2 work=    32768 frontier=    32768 next=    16384 consolidate=  4.836ms frontier=  0.809ms semisort=  2.743ms (keyed= 0.030ms group_by=  0.811ms per_group= 0.700ms)
[pe] round=  3 work=    16384 frontier=    16384 next=     8192 consolidate=  2.745ms frontier=  0.467ms semisort=  1.658ms (keyed= 0.017ms group_by=  0.520ms per_group= 0.354ms)
[pe] round=  4 work=     8192 frontier=     8192 next=     6664 consolidate=  1.370ms frontier=  0.398ms semisort=  1.376ms (keyed= 0.011ms group_by=  0.661ms per_group= 0.274ms)
[pe] round=  5 work=     6664 frontier=     6664 next=     4096 consolidate=  1.178ms frontier=  0.315ms semisort=  1.046ms (keyed= 0.010ms group_by=  0.479ms per_group= 0.219ms)
[pe] round=  6 work=     4096 frontier=     4096 next=     2048 consolidate=  0.973ms frontier=  0.216ms semisort=  0.611ms (keyed= 0.007ms group_by=  0.265ms per_group= 0.130ms)
[pe] round=  7 work=     2048 frontier=     2048 next=     1024 consolidate=  0.425ms frontier=  0.105ms semisort=  0.326ms (keyed= 0.006ms group_by=  0.129ms per_group= 0.068ms)
[pe] round=  8 work=     1024 frontier=     1024 next=      512 consolidate=  0.217ms frontier=  0.074ms semisort=  0.230ms (keyed= 0.004ms group_by=  0.067ms per_group= 0.051ms)
[pe] round=  9 work=      512 frontier=      512 next=      256 consolidate=  0.134ms frontier=  0.061ms semisort=  0.107ms (keyed= 0.002ms group_by=  0.034ms per_group= 0.035ms)
[pe] round= 10 work=      256 frontier=      256 next=      128 consolidate=  0.064ms frontier=  0.018ms semisort=  0.057ms (keyed= 0.001ms group_by=  0.017ms per_group= 0.018ms)
[pe] round= 11 work=      128 frontier=      128 next=       64 consolidate=  0.044ms frontier=  0.012ms semisort=  0.034ms (keyed= 0.001ms group_by=  0.009ms per_group= 0.012ms)
[pe] round= 12 work=       64 frontier=       64 next=       32 consolidate=  0.022ms frontier=  0.007ms semisort=  0.017ms (keyed= 0.001ms group_by=  0.004ms per_group= 0.005ms)
[pe] round= 13 work=       32 frontier=       32 next=       16 consolidate=  0.018ms frontier=  0.004ms semisort=  0.011ms (keyed= 0.000ms group_by=  0.002ms per_group= 0.003ms)
[pe] round= 14 work=       16 frontier=       16 next=        8 consolidate=  0.007ms frontier=  0.003ms semisort=  0.006ms (keyed= 0.000ms group_by=  0.001ms per_group= 0.002ms)
[pe] round= 15 work=        8 frontier=        8 next=        4 consolidate=  0.006ms frontier=  0.002ms semisort=  0.004ms (keyed= 0.000ms group_by=  0.001ms per_group= 0.001ms)
[pe] round= 16 work=        4 frontier=        4 next=        2 consolidate=  0.003ms frontier=  0.001ms semisort=  0.003ms (keyed= 0.000ms group_by=  0.001ms per_group= 0.001ms)
[pe] round= 17 work=        2 frontier=        0 next=        0 consolidate=  0.002ms frontier=  0.001ms semisort=  0.000ms (break)
[pe] round=  0 work=      380 frontier=   144400 next=    72200 consolidate=  0.165ms frontier=  0.105ms semisort= 12.565ms (keyed= 0.268ms group_by=  5.851ms per_group= 3.158ms)
[pe] round=  1 work=    72200 frontier=    72200 next=    32768 consolidate=  9.992ms frontier=  1.748ms semisort=  6.412ms (keyed= 0.097ms group_by=  2.023ms per_group= 1.308ms)
[pe] round=  2 work=    32768 frontier=    32768 next=    16384 consolidate=  4.775ms frontier=  0.932ms semisort=  2.710ms (keyed= 0.030ms group_by=  0.791ms per_group= 0.675ms)
[pe] round=  3 work=    16384 frontier=    16384 next=     8192 consolidate=  2.694ms frontier=  0.505ms semisort=  1.702ms (keyed= 0.018ms group_by=  0.544ms per_group= 0.390ms)
[pe] round=  4 work=     8192 frontier=     8192 next=     6664 consolidate=  1.392ms frontier=  0.371ms semisort=  1.376ms (keyed= 0.011ms group_by=  0.641ms per_group= 0.254ms)
[pe] round=  5 work=     6664 frontier=     6664 next=     4096 consolidate=  1.172ms frontier=  0.316ms semisort=  1.006ms (keyed= 0.010ms group_by=  0.463ms per_group= 0.195ms)
[pe] round=  6 work=     4096 frontier=     4096 next=     2048 consolidate=  0.754ms frontier=  0.194ms semisort=  0.625ms (keyed= 0.007ms group_by=  0.263ms per_group= 0.132ms)
[pe] round=  7 work=     2048 frontier=     2048 next=     1024 consolidate=  0.426ms frontier=  0.106ms semisort=  0.306ms (keyed= 0.006ms group_by=  0.130ms per_group= 0.067ms)
[pe] round=  8 work=     1024 frontier=     1024 next=      512 consolidate=  0.236ms frontier=  0.074ms semisort=  0.181ms (keyed= 0.004ms group_by=  0.064ms per_group= 0.032ms)
[pe] round=  9 work=      512 frontier=      512 next=      256 consolidate=  0.126ms frontier=  0.043ms semisort=  0.110ms (keyed= 0.002ms group_by=  0.034ms per_group= 0.034ms)
[pe] round= 10 work=      256 frontier=      256 next=      128 consolidate=  0.064ms frontier=  0.019ms semisort=  0.056ms (keyed= 0.001ms group_by=  0.017ms per_group= 0.015ms)
[pe] round= 11 work=      128 frontier=      128 next=       64 consolidate=  0.045ms frontier=  0.012ms semisort=  0.033ms (keyed= 0.001ms group_by=  0.008ms per_group= 0.012ms)
[pe] round= 12 work=       64 frontier=       64 next=       32 consolidate=  0.021ms frontier=  0.007ms semisort=  0.018ms (keyed= 0.001ms group_by=  0.004ms per_group= 0.006ms)
[pe] round= 13 work=       32 frontier=       32 next=       16 consolidate=  0.018ms frontier=  0.004ms semisort=  0.011ms (keyed= 0.000ms group_by=  0.002ms per_group= 0.003ms)
[pe] round= 14 work=       16 frontier=       16 next=        8 consolidate=  0.008ms frontier=  0.003ms semisort=  0.006ms (keyed= 0.000ms group_by=  0.001ms per_group= 0.002ms)
[pe] round= 15 work=        8 frontier=        8 next=        4 consolidate=  0.005ms frontier=  0.002ms semisort=  0.004ms (keyed= 0.000ms group_by=  0.001ms per_group= 0.001ms)
[pe] round= 16 work=        4 frontier=        4 next=        2 consolidate=  0.003ms frontier=  0.001ms semisort=  0.003ms (keyed= 0.000ms group_by=  0.001ms per_group= 0.001ms)
[pe] round= 17 work=        2 frontier=        0 next=        0 consolidate=  0.002ms frontier=  0.001ms semisort=  0.000ms (break)
[pe] round=  0 work=      380 frontier=   144400 next=    72200 consolidate=  0.178ms frontier=  0.124ms semisort= 12.509ms (keyed= 0.266ms group_by=  5.655ms per_group= 3.279ms)
[pe] round=  1 work=    72200 frontier=    72200 next=    32768 consolidate= 10.061ms frontier=  1.672ms semisort=  6.392ms (keyed= 0.097ms group_by=  1.780ms per_group= 1.363ms)
[pe] round=  2 work=    32768 frontier=    32768 next=    16384 consolidate=  4.732ms frontier=  0.803ms semisort=  2.675ms (keyed= 0.032ms group_by=  0.821ms per_group= 0.677ms)
[pe] round=  3 work=    16384 frontier=    16384 next=     8192 consolidate=  2.882ms frontier=  0.468ms semisort=  1.519ms (keyed= 0.017ms group_by=  0.391ms per_group= 0.355ms)
[pe] round=  4 work=     8192 frontier=     8192 next=     6664 consolidate=  1.387ms frontier=  0.361ms semisort=  1.596ms (keyed= 0.011ms group_by=  0.848ms per_group= 0.275ms)
[pe] round=  5 work=     6664 frontier=     6664 next=     4096 consolidate=  1.207ms frontier=  0.307ms semisort=  0.975ms (keyed= 0.010ms group_by=  0.437ms per_group= 0.169ms)
[pe] round=  6 work=     4096 frontier=     4096 next=     2048 consolidate=  0.727ms frontier=  0.229ms semisort=  0.624ms (keyed= 0.007ms group_by=  0.267ms per_group= 0.132ms)
[pe] round=  7 work=     2048 frontier=     2048 next=     1024 consolidate=  0.424ms frontier=  0.103ms semisort=  0.334ms (keyed= 0.006ms group_by=  0.130ms per_group= 0.084ms)
[pe] round=  8 work=     1024 frontier=     1024 next=      512 consolidate=  0.214ms frontier=  0.086ms semisort=  0.186ms (keyed= 0.004ms group_by=  0.065ms per_group= 0.030ms)
[pe] round=  9 work=      512 frontier=      512 next=      256 consolidate=  0.129ms frontier=  0.043ms semisort=  0.113ms (keyed= 0.002ms group_by=  0.034ms per_group= 0.035ms)
[pe] round= 10 work=      256 frontier=      256 next=      128 consolidate=  0.075ms frontier=  0.019ms semisort=  0.057ms (keyed= 0.001ms group_by=  0.017ms per_group= 0.017ms)
[pe] round= 11 work=      128 frontier=      128 next=       64 consolidate=  0.043ms frontier=  0.011ms semisort=  0.034ms (keyed= 0.001ms group_by=  0.008ms per_group= 0.012ms)
[pe] round= 12 work=       64 frontier=       64 next=       32 consolidate=  0.022ms frontier=  0.007ms semisort=  0.017ms (keyed= 0.001ms group_by=  0.004ms per_group= 0.005ms)
[pe] round= 13 work=       32 frontier=       32 next=       16 consolidate=  0.019ms frontier=  0.004ms semisort=  0.010ms (keyed= 0.000ms group_by=  0.002ms per_group= 0.003ms)
[pe] round= 14 work=       16 frontier=       16 next=        8 consolidate=  0.008ms frontier=  0.003ms semisort=  0.006ms (keyed= 0.000ms group_by=  0.002ms per_group= 0.002ms)
[pe] round= 15 work=        8 frontier=        8 next=        4 consolidate=  0.005ms frontier=  0.002ms semisort=  0.004ms (keyed= 0.000ms group_by=  0.001ms per_group= 0.001ms)
[pe] round= 16 work=        4 frontier=        4 next=        2 consolidate=  0.003ms frontier=  0.001ms semisort=  0.003ms (keyed= 0.000ms group_by=  0.001ms per_group= 0.001ms)
[pe] round= 17 work=        2 frontier=        0 next=        0 consolidate=  0.002ms frontier=  0.001ms semisort=  0.000ms (break)
[pe] round=  0 work=      380 frontier=   144400 next=    72200 consolidate=  0.179ms frontier=  0.152ms semisort= 12.564ms (keyed= 0.240ms group_by=  5.609ms per_group= 3.385ms)
[pe] round=  1 work=    72200 frontier=    72200 next=    32768 consolidate= 10.441ms frontier=  1.706ms semisort=  6.376ms (keyed= 0.097ms group_by=  2.058ms per_group= 1.332ms)
[pe] round=  2 work=    32768 frontier=    32768 next=    16384 consolidate=  4.863ms frontier=  0.887ms semisort=  2.745ms (keyed= 0.031ms group_by=  0.769ms per_group= 0.684ms)
[pe] round=  3 work=    16384 frontier=    16384 next=     8192 consolidate=  2.685ms frontier=  0.485ms semisort=  1.640ms (keyed= 0.017ms group_by=  0.516ms per_group= 0.353ms)
[pe] round=  4 work=     8192 frontier=     8192 next=     6664 consolidate=  1.446ms frontier=  0.373ms semisort=  1.426ms (keyed= 0.010ms group_by=  0.684ms per_group= 0.266ms)
[pe] round=  5 work=     6664 frontier=     6664 next=     4096 consolidate=  1.136ms frontier=  0.314ms semisort=  1.062ms (keyed= 0.010ms group_by=  0.483ms per_group= 0.188ms)
[pe] round=  6 work=     4096 frontier=     4096 next=     2048 consolidate=  0.756ms frontier=  0.228ms semisort=  0.613ms (keyed= 0.007ms group_by=  0.267ms per_group= 0.129ms)
[pe] round=  7 work=     2048 frontier=     2048 next=     1024 consolidate=  0.429ms frontier=  0.100ms semisort=  0.364ms (keyed= 0.006ms group_by=  0.130ms per_group= 0.078ms)
[pe] round=  8 work=     1024 frontier=     1024 next=      512 consolidate=  0.211ms frontier=  0.073ms semisort=  0.212ms (keyed= 0.004ms group_by=  0.081ms per_group= 0.058ms)
[pe] round=  9 work=      512 frontier=      512 next=      256 consolidate=  0.128ms frontier=  0.044ms semisort=  0.113ms (keyed= 0.002ms group_by=  0.034ms per_group= 0.034ms)
[pe] round= 10 work=      256 frontier=      256 next=      128 consolidate=  0.061ms frontier=  0.018ms semisort=  0.060ms (keyed= 0.001ms group_by=  0.024ms per_group= 0.014ms)
[pe] round= 11 work=      128 frontier=      128 next=       64 consolidate=  0.043ms frontier=  0.012ms semisort=  0.033ms (keyed= 0.001ms group_by=  0.008ms per_group= 0.012ms)
[pe] round= 12 work=       64 frontier=       64 next=       32 consolidate=  0.019ms frontier=  0.007ms semisort=  0.018ms (keyed= 0.001ms group_by=  0.004ms per_group= 0.006ms)
[pe] round= 13 work=       32 frontier=       32 next=       16 consolidate=  0.019ms frontier=  0.004ms semisort=  0.010ms (keyed= 0.000ms group_by=  0.002ms per_group= 0.003ms)
[pe] round= 14 work=       16 frontier=       16 next=        8 consolidate=  0.008ms frontier=  0.003ms semisort=  0.006ms (keyed= 0.000ms group_by=  0.001ms per_group= 0.002ms)
[pe] round= 15 work=        8 frontier=        8 next=        4 consolidate=  0.005ms frontier=  0.002ms semisort=  0.004ms (keyed= 0.000ms group_by=  0.001ms per_group= 0.001ms)
[pe] round= 16 work=        4 frontier=        4 next=        2 consolidate=  0.003ms frontier=  0.001ms semisort=  0.003ms (keyed= 0.000ms group_by=  0.001ms per_group= 0.001ms)
[pe] round= 17 work=        2 frontier=        0 next=        0 consolidate=  0.002ms frontier=  0.001ms semisort=  0.000ms (break)
