[synthetic_bench] grid n=160 d=2 classes=102718 merges=160 ...
[pe] round=  0 work=      320 frontier=   102400 next=    51200 consolidate=  0.559ms frontier=  0.360ms semisort= 10.672ms (keyed= 0.199ms group_by=  5.147ms per_group= 2.382ms)
[pe] round=  1 work=    51200 frontier=    51200 next=    18432 consolidate=  7.666ms frontier=  1.434ms semisort=  4.818ms (keyed= 0.058ms group_by=  1.651ms per_group= 0.985ms)
[pe] round=  2 work=    18432 frontier=    18432 next=    16384 consolidate=  3.537ms frontier=  0.633ms semisort=  2.184ms (keyed= 0.021ms group_by=  0.612ms per_group= 0.665ms)
[pe] round=  3 work=    16384 frontier=    16384 next=     8192 consolidate=  2.987ms frontier=  0.526ms semisort=  1.498ms (keyed= 0.020ms group_by=  0.461ms per_group= 0.401ms)
[pe] round=  4 work=     8192 frontier=     8192 next=     4096 consolidate=  1.836ms frontier=  0.363ms semisort=  1.208ms (keyed= 0.011ms group_by=  0.583ms per_group= 0.203ms)
[pe] round=  5 work=     4096 frontier=     4096 next=     2048 consolidate=  1.033ms frontier=  0.205ms semisort=  0.666ms (keyed= 0.008ms group_by=  0.276ms per_group= 0.165ms)
[pe] round=  6 work=     2048 frontier=     2048 next=     1024 consolidate=  0.460ms frontier=  0.109ms semisort=  0.376ms (keyed= 0.006ms group_by=  0.152ms per_group= 0.085ms)
[pe] round=  7 work=     1024 frontier=     1024 next=      512 consolidate=  0.232ms frontier=  0.076ms semisort=  0.181ms (keyed= 0.004ms group_by=  0.068ms per_group= 0.033ms)
[pe] round=  8 work=      512 frontier=      512 next=      256 consolidate=  0.139ms frontier=  0.041ms semisort=  0.142ms (keyed= 0.003ms group_by=  0.052ms per_group= 0.040ms)
[pe] round=  9 work=      256 frontier=      256 next=      128 consolidate=  0.069ms frontier=  0.023ms semisort=  0.061ms (keyed= 0.001ms group_by=  0.017ms per_group= 0.013ms)
[pe] round= 10 work=      128 frontier=      128 next=       64 consolidate=  0.053ms frontier=  0.012ms semisort=  0.034ms (keyed= 0.001ms group_by=  0.008ms per_group= 0.010ms)
[pe] round= 11 work=       64 frontier=       64 next=       32 consolidate=  0.020ms frontier=  0.007ms semisort=  0.018ms (keyed= 0.001ms group_by=  0.004ms per_group= 0.005ms)
[pe] round= 12 work=       32 frontier=       32 next=       16 consolidate=  0.018ms frontier=  0.004ms semisort=  0.010ms (keyed= 0.000ms group_by=  0.002ms per_group= 0.003ms)
[pe] round= 13 work=       16 frontier=       16 next=        8 consolidate=  0.008ms frontier=  0.003ms semisort=  0.006ms (keyed= 0.000ms group_by=  0.001ms per_group= 0.002ms)
[pe] round= 14 work=        8 frontier=        8 next=        4 consolidate=  0.005ms frontier=  0.002ms semisort=  0.004ms (keyed= 0.000ms group_by=  0.001ms per_group= 0.001ms)
[pe] round= 15 work=        4 frontier=        4 next=        2 consolidate=  0.003ms frontier=  0.001ms semisort=  0.003ms (keyed= 0.000ms group_by=  0.001ms per_group= 0.001ms)
[pe] round= 16 work=        2 frontier=        0 next=        0 consolidate=  0.002ms frontier=  0.001ms semisort=  0.000ms (break)
[pe] round=  0 work=      320 frontier=   102400 next=    51200 consolidate=  0.125ms frontier=  0.103ms semisort= 12.074ms (keyed= 0.114ms group_by=  5.204ms per_group= 3.471ms)
[pe] round=  1 work=    51200 frontier=    51200 next=    18432 consolidate=  9.250ms frontier=  1.851ms semisort=  5.028ms (keyed= 0.066ms group_by=  1.723ms per_group= 1.129ms)
[pe] round=  2 work=    18432 frontier=    18432 next=    16384 consolidate=  5.436ms frontier=  0.867ms semisort=  2.839ms (keyed= 0.030ms group_by=  0.869ms per_group= 0.815ms)
[pe] round=  3 work=    16384 frontier=    16384 next=     8192 consolidate=  4.554ms frontier=  0.667ms semisort=  1.920ms (keyed= 0.026ms group_by=  0.723ms per_group= 0.465ms)
[pe] round=  4 work=     8192 frontier=     8192 next=     4096 consolidate=  2.171ms frontier=  0.716ms semisort=  2.218ms (keyed= 0.016ms group_by=  1.283ms per_group= 0.273ms)
[pe] round=  5 work=     4096 frontier=     4096 next=     2048 consolidate=  1.112ms frontier=  0.371ms semisort=  1.140ms (keyed= 0.011ms group_by=  0.642ms per_group= 0.157ms)
[pe] round=  6 work=     2048 frontier=     2048 next=     1024 consolidate=  0.614ms frontier=  0.194ms semisort=  0.655ms (keyed= 0.009ms group_by=  0.346ms per_group= 0.124ms)
[pe] round=  7 work=     1024 frontier=     1024 next=      512 consolidate=  0.334ms frontier=  0.100ms semisort=  0.338ms (keyed= 0.007ms group_by=  0.158ms per_group= 0.075ms)
[pe] round=  8 work=      512 frontier=      512 next=      256 consolidate=  0.177ms frontier=  0.077ms semisort=  0.206ms (keyed= 0.005ms group_by=  0.077ms per_group= 0.067ms)
[pe] round=  9 work=      256 frontier=      256 next=      128 consolidate=  0.111ms frontier=  0.050ms semisort=  0.117ms (keyed= 0.003ms group_by=  0.039ms per_group= 0.034ms)
[pe] round= 10 work=      128 frontier=      128 next=       64 consolidate=  0.052ms frontier=  0.030ms semisort=  0.064ms (keyed= 0.002ms group_by=  0.020ms per_group= 0.011ms)
[pe] round= 11 work=       64 frontier=       64 next=       32 consolidate=  0.042ms frontier=  0.016ms semisort=  0.042ms (keyed= 0.001ms group_by=  0.010ms per_group= 0.015ms)
[pe] round= 12 work=       32 frontier=       32 next=       16 consolidate=  0.029ms frontier=  0.010ms semisort=  0.023ms (keyed= 0.001ms group_by=  0.006ms per_group= 0.007ms)
[pe] round= 13 work=       16 frontier=       16 next=        8 consolidate=  0.022ms frontier=  0.006ms semisort=  0.014ms (keyed= 0.001ms group_by=  0.003ms per_group= 0.004ms)
[pe] round= 14 work=        8 frontier=        8 next=        4 consolidate=  0.010ms frontier=  0.004ms semisort=  0.009ms (keyed= 0.001ms group_by=  0.002ms per_group= 0.003ms)
[pe] round= 15 work=        4 frontier=        4 next=        2 consolidate=  0.008ms frontier=  0.003ms semisort=  0.006ms (keyed= 0.001ms group_by=  0.001ms per_group= 0.001ms)
[pe] round= 16 work=        2 frontier=        0 next=        0 consolidate=  0.005ms frontier=  0.002ms semisort=  0.000ms (break)
[pe] round=  0 work=      320 frontier=   102400 next=    51200 consolidate=  0.168ms frontier=  0.122ms semisort= 10.167ms (keyed= 0.120ms group_by=  4.309ms per_group= 2.528ms)
[pe] round=  1 work=    51200 frontier=    51200 next=    18432 consolidate=  9.164ms frontier=  1.820ms semisort=  4.910ms (keyed= 0.065ms group_by=  1.706ms per_group= 1.079ms)
[pe] round=  2 work=    18432 frontier=    18432 next=    16384 consolidate=  4.792ms frontier=  0.757ms semisort=  2.320ms (keyed= 0.026ms group_by=  0.656ms per_group= 0.673ms)
[pe] round=  3 work=    16384 frontier=    16384 next=     8192 consolidate=  4.216ms frontier=  0.594ms semisort=  1.683ms (keyed= 0.025ms group_by=  0.502ms per_group= 0.461ms)
[pe] round=  4 work=     8192 frontier=     8192 next=     4096 consolidate=  2.399ms frontier=  0.712ms semisort=  2.177ms (keyed= 0.014ms group_by=  1.284ms per_group= 0.272ms)
[pe] round=  5 work=     4096 frontier=     4096 next=     2048 consolidate=  1.183ms frontier=  0.378ms semisort=  1.135ms (keyed= 0.011ms group_by=  0.660ms per_group= 0.147ms)
[pe] round=  6 work=     2048 frontier=     2048 next=     1024 consolidate=  0.622ms frontier=  0.198ms semisort=  0.593ms (keyed= 0.008ms group_by=  0.321ms per_group= 0.092ms)
[pe] round=  7 work=     1024 frontier=     1024 next=      512 consolidate=  0.345ms frontier=  0.102ms semisort=  0.344ms (keyed= 0.007ms group_by=  0.159ms per_group= 0.073ms)
[pe] round=  8 work=      512 frontier=      512 next=      256 consolidate=  0.179ms frontier=  0.077ms semisort=  0.213ms (keyed= 0.005ms group_by=  0.092ms per_group= 0.056ms)
[pe] round=  9 work=      256 frontier=      256 next=      128 consolidate=  0.101ms frontier=  0.051ms semisort=  0.115ms (keyed= 0.003ms group_by=  0.040ms per_group= 0.033ms)
[pe] round= 10 work=      128 frontier=      128 next=       64 consolidate=  0.052ms frontier=  0.029ms semisort=  0.063ms (keyed= 0.002ms group_by=  0.020ms per_group= 0.011ms)
[pe] round= 11 work=       64 frontier=       64 next=       32 consolidate=  0.042ms frontier=  0.017ms semisort=  0.045ms (keyed= 0.001ms group_by=  0.010ms per_group= 0.013ms)
[pe] round= 12 work=       32 frontier=       32 next=       16 consolidate=  0.042ms frontier=  0.010ms semisort=  0.023ms (keyed= 0.001ms group_by=  0.006ms per_group= 0.007ms)
[pe] round= 13 work=       16 frontier=       16 next=        8 consolidate=  0.022ms frontier=  0.006ms semisort=  0.014ms (keyed= 0.001ms group_by=  0.004ms per_group= 0.004ms)
[pe] round= 14 work=        8 frontier=        8 next=        4 consolidate=  0.012ms frontier=  0.004ms semisort=  0.010ms (keyed= 0.001ms group_by=  0.002ms per_group= 0.003ms)
[pe] round= 15 work=        4 frontier=        4 next=        2 consolidate=  0.008ms frontier=  0.003ms semisort=  0.006ms (keyed= 0.001ms group_by=  0.001ms per_group= 0.001ms)
[pe] round= 16 work=        2 frontier=        0 next=        0 consolidate=  0.005ms frontier=  0.002ms semisort=  0.000ms (break)
[pe] round=  0 work=      320 frontier=   102400 next=    51200 consolidate=  0.189ms frontier=  0.117ms semisort=  9.979ms (keyed= 0.126ms group_by=  4.015ms per_group= 2.500ms)
[pe] round=  1 work=    51200 frontier=    51200 next=    18432 consolidate=  8.888ms frontier=  1.947ms semisort=  5.011ms (keyed= 0.063ms group_by=  1.740ms per_group= 1.121ms)
[pe] round=  2 work=    18432 frontier=    18432 next=    16384 consolidate=  4.680ms frontier=  0.676ms semisort=  2.264ms (keyed= 0.027ms group_by=  0.643ms per_group= 0.687ms)
[pe] round=  3 work=    16384 frontier=    16384 next=     8192 consolidate=  4.367ms frontier=  0.584ms semisort=  1.673ms (keyed= 0.025ms group_by=  0.562ms per_group= 0.445ms)
[pe] round=  4 work=     8192 frontier=     8192 next=     4096 consolidate=  2.115ms frontier=  0.703ms semisort=  2.232ms (keyed= 0.015ms group_by=  1.313ms per_group= 0.263ms)
[pe] round=  5 work=     4096 frontier=     4096 next=     2048 consolidate=  1.105ms frontier=  0.392ms semisort=  1.172ms (keyed= 0.011ms group_by=  0.643ms per_group= 0.169ms)
[pe] round=  6 work=     2048 frontier=     2048 next=     1024 consolidate=  0.591ms frontier=  0.194ms semisort=  0.584ms (keyed= 0.009ms group_by=  0.318ms per_group= 0.080ms)
[pe] round=  7 work=     1024 frontier=     1024 next=      512 consolidate=  0.339ms frontier=  0.096ms semisort=  0.332ms (keyed= 0.007ms group_by=  0.157ms per_group= 0.069ms)
[pe] round=  8 work=      512 frontier=      512 next=      256 consolidate=  0.171ms frontier=  0.078ms semisort=  0.216ms (keyed= 0.005ms group_by=  0.093ms per_group= 0.058ms)
[pe] round=  9 work=      256 frontier=      256 next=      128 consolidate=  0.107ms frontier=  0.051ms semisort=  0.116ms (keyed= 0.003ms group_by=  0.040ms per_group= 0.031ms)
[pe] round= 10 work=      128 frontier=      128 next=       64 consolidate=  0.059ms frontier=  0.027ms semisort=  0.061ms (keyed= 0.002ms group_by=  0.020ms per_group= 0.013ms)
[pe] round= 11 work=       64 frontier=       64 next=       32 consolidate=  0.045ms frontier=  0.016ms semisort=  0.038ms (keyed= 0.001ms group_by=  0.010ms per_group= 0.013ms)
[pe] round= 12 work=       32 frontier=       32 next=       16 consolidate=  0.023ms frontier=  0.010ms semisort=  0.023ms (keyed= 0.001ms group_by=  0.006ms per_group= 0.007ms)
[pe] round= 13 work=       16 frontier=       16 next=        8 consolidate=  0.021ms frontier=  0.006ms semisort=  0.014ms (keyed= 0.001ms group_by=  0.003ms per_group= 0.004ms)
[pe] round= 14 work=        8 frontier=        8 next=        4 consolidate=  0.010ms frontier=  0.004ms semisort=  0.010ms (keyed= 0.001ms group_by=  0.002ms per_group= 0.003ms)
[pe] round= 15 work=        4 frontier=        4 next=        2 consolidate=  0.007ms frontier=  0.003ms semisort=  0.006ms (keyed= 0.001ms group_by=  0.002ms per_group= 0.001ms)
[pe] round= 16 work=        2 frontier=        0 next=        0 consolidate=  0.005ms frontier=  0.002ms semisort=  0.000ms (break)
[pe] round=  0 work=      320 frontier=   102400 next=    51200 consolidate=  0.163ms frontier=  0.115ms semisort=  9.175ms (keyed= 0.121ms group_by=  3.371ms per_group= 2.565ms)
[pe] round=  1 work=    51200 frontier=    51200 next=    18432 consolidate=  8.181ms frontier=  1.444ms semisort=  4.165ms (keyed= 0.055ms group_by=  1.341ms per_group= 0.911ms)
[pe] round=  2 work=    18432 frontier=    18432 next=    16384 consolidate=  3.492ms frontier=  0.607ms semisort=  1.934ms (keyed= 0.021ms group_by=  0.591ms per_group= 0.582ms)
[pe] round=  3 work=    16384 frontier=    16384 next=     8192 consolidate=  3.079ms frontier=  0.532ms semisort=  1.426ms (keyed= 0.020ms group_by=  0.430ms per_group= 0.376ms)
[pe] round=  4 work=     8192 frontier=     8192 next=     4096 consolidate=  1.518ms frontier=  0.391ms semisort=  1.313ms (keyed= 0.012ms group_by=  0.670ms per_group= 0.208ms)
[pe] round=  5 work=     4096 frontier=     4096 next=     2048 consolidate=  0.801ms frontier=  0.234ms semisort=  0.696ms (keyed= 0.008ms group_by=  0.330ms per_group= 0.144ms)
[pe] round=  6 work=     2048 frontier=     2048 next=     1024 consolidate=  0.428ms frontier=  0.116ms semisort=  0.370ms (keyed= 0.007ms group_by=  0.172ms per_group= 0.066ms)
[pe] round=  7 work=     1024 frontier=     1024 next=      512 consolidate=  0.225ms frontier=  0.082ms semisort=  0.215ms (keyed= 0.004ms group_by=  0.095ms per_group= 0.052ms)
[pe] round=  8 work=      512 frontier=      512 next=      256 consolidate=  0.138ms frontier=  0.048ms semisort=  0.113ms (keyed= 0.003ms group_by=  0.040ms per_group= 0.031ms)
[pe] round=  9 work=      256 frontier=      256 next=      128 consolidate=  0.060ms frontier=  0.027ms semisort=  0.066ms (keyed= 0.001ms group_by=  0.020ms per_group= 0.015ms)
[pe] round= 10 work=      128 frontier=      128 next=       64 consolidate=  0.041ms frontier=  0.015ms semisort=  0.037ms (keyed= 0.001ms group_by=  0.010ms per_group= 0.012ms)
[pe] round= 11 work=       64 frontier=       64 next=       32 consolidate=  0.042ms frontier=  0.008ms semisort=  0.020ms (keyed= 0.001ms group_by=  0.005ms per_group= 0.006ms)
[pe] round= 12 work=       32 frontier=       32 next=       16 consolidate=  0.021ms frontier=  0.005ms semisort=  0.012ms (keyed= 0.001ms group_by=  0.003ms per_group= 0.004ms)
[pe] round= 13 work=       16 frontier=       16 next=        8 consolidate=  0.010ms frontier=  0.003ms semisort=  0.007ms (keyed= 0.000ms group_by=  0.002ms per_group= 0.002ms)
[pe] round= 14 work=        8 frontier=        8 next=        4 consolidate=  0.006ms frontier=  0.002ms semisort=  0.005ms (keyed= 0.000ms group_by=  0.001ms per_group= 0.001ms)
[pe] round= 15 work=        4 frontier=        4 next=        2 consolidate=  0.004ms frontier=  0.001ms semisort=  0.003ms (keyed= 0.000ms group_by=  0.001ms per_group= 0.001ms)
[pe] round= 16 work=        2 frontier=        0 next=        0 consolidate=  0.003ms frontier=  0.001ms semisort=  0.000ms (break)
[pe] round=  0 work=      320 frontier=   102400 next=    51200 consolidate=  0.125ms frontier=  0.091ms semisort=  7.950ms (keyed= 0.096ms group_by=  3.109ms per_group= 2.043ms)
[pe] round=  1 work=    51200 frontier=    51200 next=    18432 consolidate=  7.179ms frontier=  1.492ms semisort=  3.942ms (keyed= 0.052ms group_by=  1.228ms per_group= 0.895ms)
[pe] round=  2 work=    18432 frontier=    18432 next=    16384 consolidate=  3.410ms frontier=  0.507ms semisort=  1.845ms (keyed= 0.020ms group_by=  0.565ms per_group= 0.548ms)
[pe] round=  3 work=    16384 frontier=    16384 next=     8192 consolidate=  3.027ms frontier=  0.526ms semisort=  1.468ms (keyed= 0.019ms group_by=  0.459ms per_group= 0.367ms)
[pe] round=  4 work=     8192 frontier=     8192 next=     4096 consolidate=  1.486ms frontier=  0.401ms semisort=  1.313ms (keyed= 0.012ms group_by=  0.672ms per_group= 0.205ms)
[pe] round=  5 work=     4096 frontier=     4096 next=     2048 consolidate=  0.769ms frontier=  0.240ms semisort=  0.700ms (keyed= 0.008ms group_by=  0.329ms per_group= 0.132ms)
[pe] round=  6 work=     2048 frontier=     2048 next=     1024 consolidate=  0.421ms frontier=  0.111ms semisort=  0.367ms (keyed= 0.007ms group_by=  0.167ms per_group= 0.068ms)
[pe] round=  7 work=     1024 frontier=     1024 next=      512 consolidate=  0.224ms frontier=  0.081ms semisort=  0.214ms (keyed= 0.004ms group_by=  0.095ms per_group= 0.054ms)
[pe] round=  8 work=      512 frontier=      512 next=      256 consolidate=  0.139ms frontier=  0.047ms semisort=  0.116ms (keyed= 0.003ms group_by=  0.049ms per_group= 0.025ms)
[pe] round=  9 work=      256 frontier=      256 next=      128 consolidate=  0.065ms frontier=  0.027ms semisort=  0.066ms (keyed= 0.001ms group_by=  0.020ms per_group= 0.016ms)
[pe] round= 10 work=      128 frontier=      128 next=       64 consolidate=  0.040ms frontier=  0.015ms semisort=  0.037ms (keyed= 0.001ms group_by=  0.010ms per_group= 0.012ms)
[pe] round= 11 work=       64 frontier=       64 next=       32 consolidate=  0.019ms frontier=  0.009ms semisort=  0.021ms (keyed= 0.001ms group_by=  0.006ms per_group= 0.007ms)
[pe] round= 12 work=       32 frontier=       32 next=       16 consolidate=  0.022ms frontier=  0.005ms semisort=  0.011ms (keyed= 0.001ms group_by=  0.003ms per_group= 0.003ms)
[pe] round= 13 work=       16 frontier=       16 next=        8 consolidate=  0.011ms frontier=  0.003ms semisort=  0.007ms (keyed= 0.000ms group_by=  0.002ms per_group= 0.002ms)
[pe] round= 14 work=        8 frontier=        8 next=        4 consolidate=  0.007ms frontier=  0.002ms semisort=  0.005ms (keyed= 0.000ms group_by=  0.001ms per_group= 0.001ms)
[pe] round= 15 work=        4 frontier=        4 next=        2 consolidate=  0.004ms frontier=  0.001ms semisort=  0.003ms (keyed= 0.000ms group_by=  0.001ms per_group= 0.001ms)
[pe] round= 16 work=        2 frontier=        0 next=        0 consolidate=  0.003ms frontier=  0.001ms semisort=  0.000ms (break)
