[synthetic_bench] grid n=160 d=2 classes=102718 merges=160 ...
[pe] round=  0 work=      320 frontier=   102400 next=    51200 consolidate=  0.702ms frontier=  0.050ms semisort=  5.588ms (keyed= 0.091ms group_by=  4.076ms per_group= 0.572ms)
[pe] round=  1 work=    51200 frontier=    51200 next=    18432 consolidate=  1.941ms frontier=  0.505ms semisort=  1.796ms (keyed= 0.033ms group_by=  0.864ms per_group= 0.231ms)
[pe] round=  2 work=    18432 frontier=    18432 next=    16384 consolidate=  1.661ms frontier=  0.219ms semisort=  0.764ms (keyed= 0.012ms group_by=  0.285ms per_group= 0.218ms)
[pe] round=  3 work=    16384 frontier=    16384 next=     8192 consolidate=  1.306ms frontier=  0.178ms semisort=  0.578ms (keyed= 0.015ms group_by=  0.287ms per_group= 0.101ms)
[pe] round=  4 work=     8192 frontier=     8192 next=     4096 consolidate=  1.133ms frontier=  0.325ms semisort=  1.352ms (keyed= 0.008ms group_by=  1.001ms per_group= 0.094ms)
[pe] round=  5 work=     4096 frontier=     4096 next=     2048 consolidate=  0.545ms frontier=  0.201ms semisort=  0.523ms (keyed= 0.006ms group_by=  0.315ms per_group= 0.067ms)
[pe] round=  6 work=     2048 frontier=     2048 next=     1024 consolidate=  0.189ms frontier=  0.093ms semisort=  0.289ms (keyed= 0.005ms group_by=  0.175ms per_group= 0.031ms)
[pe] round=  7 work=     1024 frontier=     1024 next=      512 consolidate=  0.117ms frontier=  0.056ms semisort=  0.394ms (keyed= 0.005ms group_by=  0.321ms per_group= 0.021ms)
[pe] round=  8 work=      512 frontier=      512 next=      256 consolidate=  0.066ms frontier=  0.037ms semisort=  0.093ms (keyed= 0.003ms group_by=  0.045ms per_group= 0.013ms)
[pe] round=  9 work=      256 frontier=      256 next=      128 consolidate=  0.040ms frontier=  0.026ms semisort=  0.054ms (keyed= 0.002ms group_by=  0.020ms per_group= 0.010ms)
[pe] round= 10 work=      128 frontier=      128 next=       64 consolidate=  0.024ms frontier=  0.016ms semisort=  0.034ms (keyed= 0.001ms group_by=  0.010ms per_group= 0.008ms)
[pe] round= 11 work=       64 frontier=       64 next=       32 consolidate=  0.015ms frontier=  0.009ms semisort=  0.023ms (keyed= 0.001ms group_by=  0.006ms per_group= 0.007ms)
[pe] round= 12 work=       32 frontier=       32 next=       16 consolidate=  0.010ms frontier=  0.006ms semisort=  0.013ms (keyed= 0.001ms group_by=  0.003ms per_group= 0.003ms)
[pe] round= 13 work=       16 frontier=       16 next=        8 consolidate=  0.007ms frontier=  0.004ms semisort=  0.008ms (keyed= 0.000ms group_by=  0.002ms per_group= 0.002ms)
[pe] round= 14 work=        8 frontier=        8 next=        4 consolidate=  0.006ms frontier=  0.002ms semisort=  0.005ms (keyed= 0.000ms group_by=  0.001ms per_group= 0.001ms)
[pe] round= 15 work=        4 frontier=        4 next=        2 consolidate=  0.004ms frontier=  0.001ms semisort=  0.003ms (keyed= 0.000ms group_by=  0.001ms per_group= 0.001ms)
[pe] round= 16 work=        2 frontier=        0 next=        0 consolidate=  0.003ms frontier=  0.001ms semisort=  0.000ms (break)
[pe] round=  0 work=      320 frontier=   102400 next=    51200 consolidate=  0.053ms frontier=  0.047ms semisort=  2.852ms (keyed= 0.036ms group_by=  1.610ms per_group= 0.468ms)
[pe] round=  1 work=    51200 frontier=    51200 next=    18432 consolidate=  1.841ms frontier=  0.458ms semisort=  1.378ms (keyed= 0.020ms group_by=  0.640ms per_group= 0.228ms)
[pe] round=  2 work=    18432 frontier=    18432 next=    16384 consolidate=  1.539ms frontier=  0.211ms semisort=  0.683ms (keyed= 0.013ms group_by=  0.289ms per_group= 0.146ms)
[pe] round=  3 work=    16384 frontier=    16384 next=     8192 consolidate=  1.488ms frontier=  0.177ms semisort=  0.560ms (keyed= 0.013ms group_by=  0.261ms per_group= 0.113ms)
[pe] round=  4 work=     8192 frontier=     8192 next=     4096 consolidate=  0.897ms frontier=  0.318ms semisort=  1.132ms (keyed= 0.008ms group_by=  0.811ms per_group= 0.064ms)
[pe] round=  5 work=     4096 frontier=     4096 next=     2048 consolidate=  0.551ms frontier=  0.196ms semisort=  0.548ms (keyed= 0.007ms group_by=  0.348ms per_group= 0.059ms)
[pe] round=  6 work=     2048 frontier=     2048 next=     1024 consolidate=  0.181ms frontier=  0.093ms semisort=  0.296ms (keyed= 0.005ms group_by=  0.187ms per_group= 0.026ms)
[pe] round=  7 work=     1024 frontier=     1024 next=      512 consolidate=  0.118ms frontier=  0.055ms semisort=  0.160ms (keyed= 0.004ms group_by=  0.086ms per_group= 0.021ms)
[pe] round=  8 work=      512 frontier=      512 next=      256 consolidate=  0.062ms frontier=  0.036ms semisort=  0.096ms (keyed= 0.003ms group_by=  0.047ms per_group= 0.014ms)
[pe] round=  9 work=      256 frontier=      256 next=      128 consolidate=  0.040ms frontier=  0.024ms semisort=  0.054ms (keyed= 0.002ms group_by=  0.020ms per_group= 0.010ms)
[pe] round= 10 work=      128 frontier=      128 next=       64 consolidate=  0.023ms frontier=  0.016ms semisort=  0.035ms (keyed= 0.001ms group_by=  0.010ms per_group= 0.009ms)
[pe] round= 11 work=       64 frontier=       64 next=       32 consolidate=  0.014ms frontier=  0.009ms semisort=  0.022ms (keyed= 0.001ms group_by=  0.006ms per_group= 0.007ms)
[pe] round= 12 work=       32 frontier=       32 next=       16 consolidate=  0.010ms frontier=  0.006ms semisort=  0.012ms (keyed= 0.001ms group_by=  0.003ms per_group= 0.004ms)
[pe] round= 13 work=       16 frontier=       16 next=        8 consolidate=  0.007ms frontier=  0.004ms semisort=  0.008ms (keyed= 0.000ms group_by=  0.002ms per_group= 0.002ms)
[pe] round= 14 work=        8 frontier=        8 next=        4 consolidate=  0.006ms frontier=  0.002ms semisort=  0.005ms (keyed= 0.000ms group_by=  0.001ms per_group= 0.001ms)
[pe] round= 15 work=        4 frontier=        4 next=        2 consolidate=  0.004ms frontier=  0.001ms semisort=  0.003ms (keyed= 0.000ms group_by=  0.001ms per_group= 0.001ms)
[pe] round= 16 work=        2 frontier=        0 next=        0 consolidate=  0.003ms frontier=  0.001ms semisort=  0.000ms (break)
[pe] round=  0 work=      320 frontier=   102400 next=    51200 consolidate=  0.052ms frontier=  0.048ms semisort=  2.693ms (keyed= 0.031ms group_by=  1.526ms per_group= 0.445ms)
[pe] round=  1 work=    51200 frontier=    51200 next=    18432 consolidate=  1.889ms frontier=  0.435ms semisort=  1.400ms (keyed= 0.022ms group_by=  0.657ms per_group= 0.232ms)
[pe] round=  2 work=    18432 frontier=    18432 next=    16384 consolidate=  1.807ms frontier=  0.207ms semisort=  0.632ms (keyed= 0.011ms group_by=  0.251ms per_group= 0.143ms)
[pe] round=  3 work=    16384 frontier=    16384 next=     8192 consolidate=  1.211ms frontier=  0.172ms semisort=  0.567ms (keyed= 0.014ms group_by=  0.270ms per_group= 0.108ms)
[pe] round=  4 work=     8192 frontier=     8192 next=     4096 consolidate=  0.885ms frontier=  0.316ms semisort=  1.121ms (keyed= 0.007ms group_by=  0.809ms per_group= 0.059ms)
[pe] round=  5 work=     4096 frontier=     4096 next=     2048 consolidate=  0.357ms frontier=  0.193ms semisort=  0.551ms (keyed= 0.008ms group_by=  0.341ms per_group= 0.062ms)
[pe] round=  6 work=     2048 frontier=     2048 next=     1024 consolidate=  0.183ms frontier=  0.090ms semisort=  0.296ms (keyed= 0.006ms group_by=  0.184ms per_group= 0.029ms)
[pe] round=  7 work=     1024 frontier=     1024 next=      512 consolidate=  0.112ms frontier=  0.057ms semisort=  0.173ms (keyed= 0.004ms group_by=  0.085ms per_group= 0.020ms)
[pe] round=  8 work=      512 frontier=      512 next=      256 consolidate=  0.064ms frontier=  0.037ms semisort=  0.093ms (keyed= 0.003ms group_by=  0.043ms per_group= 0.014ms)
[pe] round=  9 work=      256 frontier=      256 next=      128 consolidate=  0.039ms frontier=  0.026ms semisort=  0.054ms (keyed= 0.002ms group_by=  0.020ms per_group= 0.011ms)
[pe] round= 10 work=      128 frontier=      128 next=       64 consolidate=  0.023ms frontier=  0.016ms semisort=  0.035ms (keyed= 0.001ms group_by=  0.010ms per_group= 0.008ms)
[pe] round= 11 work=       64 frontier=       64 next=       32 consolidate=  0.014ms frontier=  0.020ms semisort=  0.023ms (keyed= 0.001ms group_by=  0.006ms per_group= 0.007ms)
[pe] round= 12 work=       32 frontier=       32 next=       16 consolidate=  0.010ms frontier=  0.006ms semisort=  0.013ms (keyed= 0.001ms group_by=  0.003ms per_group= 0.004ms)
[pe] round= 13 work=       16 frontier=       16 next=        8 consolidate=  0.007ms frontier=  0.004ms semisort=  0.008ms (keyed= 0.000ms group_by=  0.002ms per_group= 0.002ms)
[pe] round= 14 work=        8 frontier=        8 next=        4 consolidate=  0.006ms frontier=  0.002ms semisort=  0.005ms (keyed= 0.000ms group_by=  0.001ms per_group= 0.001ms)
[pe] round= 15 work=        4 frontier=        4 next=        2 consolidate=  0.004ms frontier=  0.001ms semisort=  0.003ms (keyed= 0.000ms group_by=  0.001ms per_group= 0.001ms)
[pe] round= 16 work=        2 frontier=        0 next=        0 consolidate=  0.003ms frontier=  0.001ms semisort=  0.000ms (break)
[pe] round=  0 work=      320 frontier=   102400 next=    51200 consolidate=  0.054ms frontier=  0.048ms semisort=  2.739ms (keyed= 0.031ms group_by=  1.496ms per_group= 0.508ms)
[pe] round=  1 work=    51200 frontier=    51200 next=    18432 consolidate=  1.826ms frontier=  0.449ms semisort=  1.385ms (keyed= 0.020ms group_by=  0.659ms per_group= 0.225ms)
[pe] round=  2 work=    18432 frontier=    18432 next=    16384 consolidate=  1.764ms frontier=  0.219ms semisort=  0.658ms (keyed= 0.010ms group_by=  0.267ms per_group= 0.147ms)
[pe] round=  3 work=    16384 frontier=    16384 next=     8192 consolidate=  1.203ms frontier=  0.173ms semisort=  0.579ms (keyed= 0.016ms group_by=  0.283ms per_group= 0.103ms)
[pe] round=  4 work=     8192 frontier=     8192 next=     4096 consolidate=  0.859ms frontier=  0.324ms semisort=  1.224ms (keyed= 0.008ms group_by=  0.881ms per_group= 0.085ms)
[pe] round=  5 work=     4096 frontier=     4096 next=     2048 consolidate=  0.357ms frontier=  0.197ms semisort=  0.549ms (keyed= 0.006ms group_by=  0.345ms per_group= 0.058ms)
[pe] round=  6 work=     2048 frontier=     2048 next=     1024 consolidate=  0.456ms frontier=  0.093ms semisort=  0.296ms (keyed= 0.005ms group_by=  0.185ms per_group= 0.026ms)
[pe] round=  7 work=     1024 frontier=     1024 next=      512 consolidate=  0.114ms frontier=  0.056ms semisort=  0.159ms (keyed= 0.004ms group_by=  0.085ms per_group= 0.020ms)
[pe] round=  8 work=      512 frontier=      512 next=      256 consolidate=  0.062ms frontier=  0.037ms semisort=  0.091ms (keyed= 0.003ms group_by=  0.043ms per_group= 0.014ms)
[pe] round=  9 work=      256 frontier=      256 next=      128 consolidate=  0.041ms frontier=  0.026ms semisort=  0.055ms (keyed= 0.002ms group_by=  0.020ms per_group= 0.010ms)
[pe] round= 10 work=      128 frontier=      128 next=       64 consolidate=  0.023ms frontier=  0.016ms semisort=  0.034ms (keyed= 0.001ms group_by=  0.010ms per_group= 0.008ms)
[pe] round= 11 work=       64 frontier=       64 next=       32 consolidate=  0.015ms frontier=  0.009ms semisort=  0.023ms (keyed= 0.001ms group_by=  0.005ms per_group= 0.007ms)
[pe] round= 12 work=       32 frontier=       32 next=       16 consolidate=  0.010ms frontier=  0.006ms semisort=  0.012ms (keyed= 0.001ms group_by=  0.003ms per_group= 0.004ms)
[pe] round= 13 work=       16 frontier=       16 next=        8 consolidate=  0.008ms frontier=  0.004ms semisort=  0.008ms (keyed= 0.000ms group_by=  0.002ms per_group= 0.002ms)
[pe] round= 14 work=        8 frontier=        8 next=        4 consolidate=  0.007ms frontier=  0.002ms semisort=  0.005ms (keyed= 0.000ms group_by=  0.001ms per_group= 0.001ms)
[pe] round= 15 work=        4 frontier=        4 next=        2 consolidate=  0.004ms frontier=  0.001ms semisort=  0.003ms (keyed= 0.000ms group_by=  0.001ms per_group= 0.001ms)
[pe] round= 16 work=        2 frontier=        0 next=        0 consolidate=  0.003ms frontier=  0.001ms semisort=  0.000ms (break)
[pe] round=  0 work=      320 frontier=   102400 next=    51200 consolidate=  0.053ms frontier=  0.047ms semisort=  2.856ms (keyed= 0.032ms group_by=  1.687ms per_group= 0.453ms)
[pe] round=  1 work=    51200 frontier=    51200 next=    18432 consolidate=  1.873ms frontier=  0.421ms semisort=  1.390ms (keyed= 0.021ms group_by=  0.655ms per_group= 0.228ms)
[pe] round=  2 work=    18432 frontier=    18432 next=    16384 consolidate=  1.523ms frontier=  0.223ms semisort=  0.672ms (keyed= 0.012ms group_by=  0.286ms per_group= 0.145ms)
[pe] round=  3 work=    16384 frontier=    16384 next=     8192 consolidate=  1.294ms frontier=  0.173ms semisort=  0.594ms (keyed= 0.012ms group_by=  0.309ms per_group= 0.098ms)
[pe] round=  4 work=     8192 frontier=     8192 next=     4096 consolidate=  1.170ms frontier=  0.320ms semisort=  1.253ms (keyed= 0.008ms group_by=  0.917ms per_group= 0.078ms)
[pe] round=  5 work=     4096 frontier=     4096 next=     2048 consolidate=  0.355ms frontier=  0.201ms semisort=  0.571ms (keyed= 0.007ms group_by=  0.393ms per_group= 0.038ms)
[pe] round=  6 work=     2048 frontier=     2048 next=     1024 consolidate=  0.185ms frontier=  0.091ms semisort=  0.294ms (keyed= 0.006ms group_by=  0.185ms per_group= 0.026ms)
[pe] round=  7 work=     1024 frontier=     1024 next=      512 consolidate=  0.119ms frontier=  0.056ms semisort=  0.158ms (keyed= 0.004ms group_by=  0.085ms per_group= 0.020ms)
[pe] round=  8 work=      512 frontier=      512 next=      256 consolidate=  0.063ms frontier=  0.036ms semisort=  0.090ms (keyed= 0.003ms group_by=  0.042ms per_group= 0.013ms)
[pe] round=  9 work=      256 frontier=      256 next=      128 consolidate=  0.038ms frontier=  0.025ms semisort=  0.054ms (keyed= 0.002ms group_by=  0.020ms per_group= 0.011ms)
[pe] round= 10 work=      128 frontier=      128 next=       64 consolidate=  0.024ms frontier=  0.016ms semisort=  0.034ms (keyed= 0.001ms group_by=  0.010ms per_group= 0.008ms)
[pe] round= 11 work=       64 frontier=       64 next=       32 consolidate=  0.015ms frontier=  0.009ms semisort=  0.022ms (keyed= 0.001ms group_by=  0.005ms per_group= 0.007ms)
[pe] round= 12 work=       32 frontier=       32 next=       16 consolidate=  0.010ms frontier=  0.006ms semisort=  0.012ms (keyed= 0.001ms group_by=  0.003ms per_group= 0.003ms)
[pe] round= 13 work=       16 frontier=       16 next=        8 consolidate=  0.007ms frontier=  0.003ms semisort=  0.008ms (keyed= 0.000ms group_by=  0.002ms per_group= 0.002ms)
[pe] round= 14 work=        8 frontier=        8 next=        4 consolidate=  0.006ms frontier=  0.002ms semisort=  0.005ms (keyed= 0.000ms group_by=  0.001ms per_group= 0.001ms)
[pe] round= 15 work=        4 frontier=        4 next=        2 consolidate=  0.004ms frontier=  0.002ms semisort=  0.003ms (keyed= 0.000ms group_by=  0.001ms per_group= 0.001ms)
[pe] round= 16 work=        2 frontier=        0 next=        0 consolidate=  0.003ms frontier=  0.001ms semisort=  0.000ms (break)
[pe] round=  0 work=      320 frontier=   102400 next=    51200 consolidate=  0.054ms frontier=  0.050ms semisort=  2.663ms (keyed= 0.031ms group_by=  1.438ms per_group= 0.516ms)
[pe] round=  1 work=    51200 frontier=    51200 next=    18432 consolidate=  1.862ms frontier=  0.422ms semisort=  1.422ms (keyed= 0.020ms group_by=  0.664ms per_group= 0.237ms)
[pe] round=  2 work=    18432 frontier=    18432 next=    16384 consolidate=  1.523ms frontier=  0.222ms semisort=  0.660ms (keyed= 0.010ms group_by=  0.266ms per_group= 0.148ms)
[pe] round=  3 work=    16384 frontier=    16384 next=     8192 consolidate=  1.522ms frontier=  0.175ms semisort=  0.566ms (keyed= 0.013ms group_by=  0.274ms per_group= 0.103ms)
[pe] round=  4 work=     8192 frontier=     8192 next=     4096 consolidate=  0.922ms frontier=  0.317ms semisort=  1.254ms (keyed= 0.008ms group_by=  0.915ms per_group= 0.083ms)
[pe] round=  5 work=     4096 frontier=     4096 next=     2048 consolidate=  0.359ms frontier=  0.193ms semisort=  0.648ms (keyed= 0.007ms group_by=  0.471ms per_group= 0.039ms)
[pe] round=  6 work=     2048 frontier=     2048 next=     1024 consolidate=  0.187ms frontier=  0.093ms semisort=  0.294ms (keyed= 0.006ms group_by=  0.183ms per_group= 0.028ms)
[pe] round=  7 work=     1024 frontier=     1024 next=      512 consolidate=  0.121ms frontier=  0.056ms semisort=  0.161ms (keyed= 0.004ms group_by=  0.086ms per_group= 0.021ms)
[pe] round=  8 work=      512 frontier=      512 next=      256 consolidate=  0.063ms frontier=  0.036ms semisort=  0.093ms (keyed= 0.003ms group_by=  0.043ms per_group= 0.014ms)
[pe] round=  9 work=      256 frontier=      256 next=      128 consolidate=  0.039ms frontier=  0.025ms semisort=  0.053ms (keyed= 0.002ms group_by=  0.020ms per_group= 0.010ms)
[pe] round= 10 work=      128 frontier=      128 next=       64 consolidate=  0.023ms frontier=  0.016ms semisort=  0.035ms (keyed= 0.001ms group_by=  0.010ms per_group= 0.009ms)
[pe] round= 11 work=       64 frontier=       64 next=       32 consolidate=  0.015ms frontier=  0.009ms semisort=  0.022ms (keyed= 0.001ms group_by=  0.006ms per_group= 0.007ms)
[pe] round= 12 work=       32 frontier=       32 next=       16 consolidate=  0.011ms frontier=  0.006ms semisort=  0.012ms (keyed= 0.001ms group_by=  0.003ms per_group= 0.004ms)
[pe] round= 13 work=       16 frontier=       16 next=        8 consolidate=  0.007ms frontier=  0.004ms semisort=  0.008ms (keyed= 0.000ms group_by=  0.002ms per_group= 0.002ms)
[pe] round= 14 work=        8 frontier=        8 next=        4 consolidate=  0.006ms frontier=  0.002ms semisort=  0.005ms (keyed= 0.000ms group_by=  0.001ms per_group= 0.001ms)
[pe] round= 15 work=        4 frontier=        4 next=        2 consolidate=  0.004ms frontier=  0.002ms semisort=  0.003ms (keyed= 0.000ms group_by=  0.001ms per_group= 0.001ms)
[pe] round= 16 work=        2 frontier=        0 next=        0 consolidate=  0.003ms frontier=  0.001ms semisort=  0.000ms (break)
