[synthetic_bench] grid n=185 d=2 classes=137268 merges=185 ...
[pe] round=  0 work=      370 frontier=   136900 next=    68450 consolidate=  0.399ms frontier=  0.606ms semisort= 14.666ms (keyed= 1.114ms group_by=  7.191ms per_group= 3.229ms)
[pe] round=  1 work=    68450 frontier=    68450 next=    32768 consolidate= 10.038ms frontier=  1.485ms semisort=  6.745ms (keyed= 0.106ms group_by=  2.114ms per_group= 1.398ms)
[pe] round=  2 work=    32768 frontier=    32768 next=    16384 consolidate=  5.171ms frontier=  0.909ms semisort=  2.851ms (keyed= 0.031ms group_by=  0.950ms per_group= 0.692ms)
[pe] round=  3 work=    16384 frontier=    16384 next=     8192 consolidate=  2.785ms frontier=  0.577ms semisort=  1.540ms (keyed= 0.019ms group_by=  0.488ms per_group= 0.368ms)
[pe] round=  4 work=     8192 frontier=     8192 next=     4096 consolidate=  1.663ms frontier=  0.347ms semisort=  1.283ms (keyed= 0.012ms group_by=  0.592ms per_group= 0.221ms)
[pe] round=  5 work=     4096 frontier=     4096 next=     2914 consolidate=  1.051ms frontier=  0.226ms semisort=  0.672ms (keyed= 0.007ms group_by=  0.289ms per_group= 0.147ms)
[pe] round=  6 work=     2914 frontier=     2914 next=     2048 consolidate=  0.576ms frontier=  0.137ms semisort=  0.489ms (keyed= 0.006ms group_by=  0.198ms per_group= 0.115ms)
[pe] round=  7 work=     2048 frontier=     2048 next=     1024 consolidate=  0.422ms frontier=  0.103ms semisort=  0.319ms (keyed= 0.006ms group_by=  0.130ms per_group= 0.069ms)
[pe] round=  8 work=     1024 frontier=     1024 next=      512 consolidate=  0.218ms frontier=  0.075ms semisort=  0.204ms (keyed= 0.004ms group_by=  0.080ms per_group= 0.059ms)
[pe] round=  9 work=      512 frontier=      512 next=      256 consolidate=  0.133ms frontier=  0.042ms semisort=  0.114ms (keyed= 0.002ms group_by=  0.033ms per_group= 0.035ms)
[pe] round= 10 work=      256 frontier=      256 next=      128 consolidate=  0.063ms frontier=  0.021ms semisort=  0.056ms (keyed= 0.001ms group_by=  0.016ms per_group= 0.015ms)
[pe] round= 11 work=      128 frontier=      128 next=       64 consolidate=  0.044ms frontier=  0.012ms semisort=  0.031ms (keyed= 0.001ms group_by=  0.008ms per_group= 0.010ms)
[pe] round= 12 work=       64 frontier=       64 next=       32 consolidate=  0.022ms frontier=  0.007ms semisort=  0.016ms (keyed= 0.001ms group_by=  0.004ms per_group= 0.005ms)
[pe] round= 13 work=       32 frontier=       32 next=       16 consolidate=  0.017ms frontier=  0.004ms semisort=  0.010ms (keyed= 0.000ms group_by=  0.002ms per_group= 0.003ms)
[pe] round= 14 work=       16 frontier=       16 next=        8 consolidate=  0.008ms frontier=  0.003ms semisort=  0.006ms (keyed= 0.000ms group_by=  0.001ms per_group= 0.002ms)
[pe] round= 15 work=        8 frontier=        8 next=        4 consolidate=  0.005ms frontier=  0.002ms semisort=  0.004ms (keyed= 0.000ms group_by=  0.001ms per_group= 0.001ms)
[pe] round= 16 work=        4 frontier=        4 next=        2 consolidate=  0.003ms frontier=  0.001ms semisort=  0.003ms (keyed= 0.000ms group_by=  0.001ms per_group= 0.001ms)
[pe] round= 17 work=        2 frontier=        0 next=        0 consolidate=  0.002ms frontier=  0.001ms semisort=  0.000ms (break)
[pe] round=  0 work=      370 frontier=   136900 next=    68450 consolidate=  0.175ms frontier=  0.114ms semisort= 11.693ms (keyed= 0.237ms group_by=  5.518ms per_group= 2.909ms)
[pe] round=  1 work=    68450 frontier=    68450 next=    32768 consolidate=  9.886ms frontier=  1.563ms semisort=  6.265ms (keyed= 0.087ms group_by=  2.047ms per_group= 1.310ms)
[pe] round=  2 work=    32768 frontier=    32768 next=    16384 consolidate=  4.872ms frontier=  0.923ms semisort=  2.687ms (keyed= 0.031ms group_by=  0.888ms per_group= 0.691ms)
[pe] round=  3 work=    16384 frontier=    16384 next=     8192 consolidate=  2.825ms frontier=  0.522ms semisort=  1.496ms (keyed= 0.018ms group_by=  0.513ms per_group= 0.387ms)
[pe] round=  4 work=     8192 frontier=     8192 next=     4096 consolidate=  1.414ms frontier=  0.346ms semisort=  1.270ms (keyed= 0.011ms group_by=  0.600ms per_group= 0.229ms)
[pe] round=  5 work=     4096 frontier=     4096 next=     2914 consolidate=  0.726ms frontier=  0.200ms semisort=  0.938ms (keyed= 0.008ms group_by=  0.535ms per_group= 0.155ms)
[pe] round=  6 work=     2914 frontier=     2914 next=     2048 consolidate=  0.551ms frontier=  0.135ms semisort=  0.452ms (keyed= 0.007ms group_by=  0.187ms per_group= 0.091ms)
[pe] round=  7 work=     2048 frontier=     2048 next=     1024 consolidate=  0.426ms frontier=  0.105ms semisort=  0.318ms (keyed= 0.006ms group_by=  0.128ms per_group= 0.069ms)
[pe] round=  8 work=     1024 frontier=     1024 next=      512 consolidate=  0.227ms frontier=  0.075ms semisort=  0.179ms (keyed= 0.004ms group_by=  0.079ms per_group= 0.036ms)
[pe] round=  9 work=      512 frontier=      512 next=      256 consolidate=  0.134ms frontier=  0.042ms semisort=  0.113ms (keyed= 0.002ms group_by=  0.033ms per_group= 0.035ms)
[pe] round= 10 work=      256 frontier=      256 next=      128 consolidate=  0.062ms frontier=  0.024ms semisort=  0.058ms (keyed= 0.001ms group_by=  0.017ms per_group= 0.012ms)
[pe] round= 11 work=      128 frontier=      128 next=       64 consolidate=  0.052ms frontier=  0.012ms semisort=  0.032ms (keyed= 0.001ms group_by=  0.008ms per_group= 0.011ms)
[pe] round= 12 work=       64 frontier=       64 next=       32 consolidate=  0.022ms frontier=  0.007ms semisort=  0.017ms (keyed= 0.001ms group_by=  0.004ms per_group= 0.005ms)
[pe] round= 13 work=       32 frontier=       32 next=       16 consolidate=  0.018ms frontier=  0.004ms semisort=  0.010ms (keyed= 0.000ms group_by=  0.002ms per_group= 0.003ms)
[pe] round= 14 work=       16 frontier=       16 next=        8 consolidate=  0.008ms frontier=  0.003ms semisort=  0.006ms (keyed= 0.000ms group_by=  0.001ms per_group= 0.002ms)
[pe] round= 15 work=        8 frontier=        8 next=        4 consolidate=  0.005ms frontier=  0.002ms semisort=  0.004ms (keyed= 0.000ms group_by=  0.001ms per_group= 0.001ms)
[pe] round= 16 work=        4 frontier=        4 next=        2 consolidate=  0.003ms frontier=  0.001ms semisort=  0.003ms (keyed= 0.000ms group_by=  0.001ms per_group= 0.001ms)
[pe] round= 17 work=        2 frontier=        0 next=        0 consolidate=  0.002ms frontier=  0.001ms semisort=  0.000ms (break)
[pe] round=  0 work=      370 frontier=   136900 next=    68450 consolidate=  0.162ms frontier=  0.129ms semisort= 11.750ms (keyed= 0.227ms group_by=  5.410ms per_group= 2.914ms)
[pe] round=  1 work=    68450 frontier=    68450 next=    32768 consolidate=  9.943ms frontier=  1.578ms semisort=  8.397ms (keyed= 0.090ms group_by=  2.025ms per_group= 3.220ms)
[pe] round=  2 work=    32768 frontier=    32768 next=    16384 consolidate=  5.416ms frontier=  0.926ms semisort=  2.937ms (keyed= 0.033ms group_by=  0.937ms per_group= 0.722ms)
[pe] round=  3 work=    16384 frontier=    16384 next=     8192 consolidate=  2.961ms frontier=  0.590ms semisort=  1.575ms (keyed= 0.018ms group_by=  0.477ms per_group= 0.364ms)
[pe] round=  4 work=     8192 frontier=     8192 next=     4096 consolidate=  1.425ms frontier=  0.335ms semisort=  1.245ms (keyed= 0.012ms group_by=  0.599ms per_group= 0.229ms)
[pe] round=  5 work=     4096 frontier=     4096 next=     2914 consolidate=  0.755ms frontier=  0.200ms semisort=  0.671ms (keyed= 0.007ms group_by=  0.287ms per_group= 0.147ms)
[pe] round=  6 work=     2914 frontier=     2914 next=     2048 consolidate=  0.581ms frontier=  0.115ms semisort=  0.501ms (keyed= 0.010ms group_by=  0.197ms per_group= 0.119ms)
[pe] round=  7 work=     2048 frontier=     2048 next=     1024 consolidate=  0.425ms frontier=  0.103ms semisort=  0.342ms (keyed= 0.006ms group_by=  0.132ms per_group= 0.081ms)
[pe] round=  8 work=     1024 frontier=     1024 next=      512 consolidate=  0.215ms frontier=  0.074ms semisort=  0.202ms (keyed= 0.004ms group_by=  0.080ms per_group= 0.060ms)
[pe] round=  9 work=      512 frontier=      512 next=      256 consolidate=  0.134ms frontier=  0.042ms semisort=  0.113ms (keyed= 0.002ms group_by=  0.033ms per_group= 0.035ms)
[pe] round= 10 work=      256 frontier=      256 next=      128 consolidate=  0.060ms frontier=  0.020ms semisort=  0.057ms (keyed= 0.001ms group_by=  0.017ms per_group= 0.016ms)
[pe] round= 11 work=      128 frontier=      128 next=       64 consolidate=  0.045ms frontier=  0.012ms semisort=  0.031ms (keyed= 0.001ms group_by=  0.008ms per_group= 0.011ms)
[pe] round= 12 work=       64 frontier=       64 next=       32 consolidate=  0.022ms frontier=  0.007ms semisort=  0.017ms (keyed= 0.001ms group_by=  0.004ms per_group= 0.005ms)
[pe] round= 13 work=       32 frontier=       32 next=       16 consolidate=  0.018ms frontier=  0.004ms semisort=  0.010ms (keyed= 0.000ms group_by=  0.002ms per_group= 0.003ms)
[pe] round= 14 work=       16 frontier=       16 next=        8 consolidate=  0.008ms frontier=  0.003ms semisort=  0.006ms (keyed= 0.000ms group_by=  0.001ms per_group= 0.002ms)
[pe] round= 15 work=        8 frontier=        8 next=        4 consolidate=  0.005ms frontier=  0.002ms semisort=  0.004ms (keyed= 0.000ms group_by=  0.001ms per_group= 0.001ms)
[pe] round= 16 work=        4 frontier=        4 next=        2 consolidate=  0.003ms frontier=  0.001ms semisort=  0.003ms (keyed= 0.000ms group_by=  0.001ms per_group= 0.001ms)
[pe] round= 17 work=        2 frontier=        0 next=        0 consolidate=  0.002ms frontier=  0.001ms semisort=  0.000ms (break)
[pe] round=  0 work=      370 frontier=   136900 next=    68450 consolidate=  0.189ms frontier=  0.119ms semisort= 11.567ms (keyed= 0.227ms group_by=  5.368ms per_group= 2.915ms)
[pe] round=  1 work=    68450 frontier=    68450 next=    32768 consolidate=  9.885ms frontier=  1.454ms semisort=  6.124ms (keyed= 0.091ms group_by=  1.884ms per_group= 1.312ms)
[pe] round=  2 work=    32768 frontier=    32768 next=    16384 consolidate=  4.684ms frontier=  0.964ms semisort=  2.710ms (keyed= 0.031ms group_by=  0.823ms per_group= 0.691ms)
[pe] round=  3 work=    16384 frontier=    16384 next=     8192 consolidate=  2.824ms frontier=  0.462ms semisort=  1.423ms (keyed= 0.018ms group_by=  0.465ms per_group= 0.357ms)
[pe] round=  4 work=     8192 frontier=     8192 next=     4096 consolidate=  1.430ms frontier=  0.334ms semisort=  1.455ms (keyed= 0.011ms group_by=  0.816ms per_group= 0.213ms)
[pe] round=  5 work=     4096 frontier=     4096 next=     2914 consolidate=  0.756ms frontier=  0.206ms semisort=  0.670ms (keyed= 0.007ms group_by=  0.277ms per_group= 0.158ms)
[pe] round=  6 work=     2914 frontier=     2914 next=     2048 consolidate=  0.592ms frontier=  0.123ms semisort=  0.461ms (keyed= 0.007ms group_by=  0.188ms per_group= 0.105ms)
[pe] round=  7 work=     2048 frontier=     2048 next=     1024 consolidate=  0.425ms frontier=  0.103ms semisort=  0.318ms (keyed= 0.006ms group_by=  0.132ms per_group= 0.069ms)
[pe] round=  8 work=     1024 frontier=     1024 next=      512 consolidate=  0.206ms frontier=  0.076ms semisort=  0.202ms (keyed= 0.004ms group_by=  0.080ms per_group= 0.060ms)
[pe] round=  9 work=      512 frontier=      512 next=      256 consolidate=  0.136ms frontier=  0.043ms semisort=  0.133ms (keyed= 0.002ms group_by=  0.033ms per_group= 0.052ms)
[pe] round= 10 work=      256 frontier=      256 next=      128 consolidate=  0.062ms frontier=  0.021ms semisort=  0.056ms (keyed= 0.001ms group_by=  0.017ms per_group= 0.014ms)
[pe] round= 11 work=      128 frontier=      128 next=       64 consolidate=  0.050ms frontier=  0.012ms semisort=  0.032ms (keyed= 0.001ms group_by=  0.009ms per_group= 0.011ms)
[pe] round= 12 work=       64 frontier=       64 next=       32 consolidate=  0.039ms frontier=  0.007ms semisort=  0.017ms (keyed= 0.001ms group_by=  0.004ms per_group= 0.005ms)
[pe] round= 13 work=       32 frontier=       32 next=       16 consolidate=  0.018ms frontier=  0.004ms semisort=  0.010ms (keyed= 0.000ms group_by=  0.002ms per_group= 0.003ms)
[pe] round= 14 work=       16 frontier=       16 next=        8 consolidate=  0.008ms frontier=  0.003ms semisort=  0.006ms (keyed= 0.000ms group_by=  0.001ms per_group= 0.002ms)
[pe] round= 15 work=        8 frontier=        8 next=        4 consolidate=  0.005ms frontier=  0.002ms semisort=  0.004ms (keyed= 0.000ms group_by=  0.001ms per_group= 0.001ms)
[pe] round= 16 work=        4 frontier=        4 next=        2 consolidate=  0.003ms frontier=  0.001ms semisort=  0.003ms (keyed= 0.000ms group_by=  0.001ms per_group= 0.001ms)
[pe] round= 17 work=        2 frontier=        0 next=        0 consolidate=  0.002ms frontier=  0.001ms semisort=  0.000ms (break)
[pe] round=  0 work=      370 frontier=   136900 next=    68450 consolidate=  0.164ms frontier=  0.124ms semisort= 11.429ms (keyed= 0.229ms group_by=  5.109ms per_group= 2.994ms)
[pe] round=  1 work=    68450 frontier=    68450 next=    32768 consolidate=  9.878ms frontier=  1.585ms semisort=  5.961ms (keyed= 0.090ms group_by=  1.855ms per_group= 1.331ms)
[pe] round=  2 work=    32768 frontier=    32768 next=    16384 consolidate=  4.875ms frontier=  0.891ms semisort=  2.637ms (keyed= 0.032ms group_by=  0.801ms per_group= 0.682ms)
[pe] round=  3 work=    16384 frontier=    16384 next=     8192 consolidate=  2.859ms frontier=  0.512ms semisort=  1.478ms (keyed= 0.018ms group_by=  0.450ms per_group= 0.374ms)
[pe] round=  4 work=     8192 frontier=     8192 next=     4096 consolidate=  1.390ms frontier=  0.334ms semisort=  1.234ms (keyed= 0.011ms group_by=  0.597ms per_group= 0.218ms)
[pe] round=  5 work=     4096 frontier=     4096 next=     2914 consolidate=  1.001ms frontier=  0.221ms semisort=  0.662ms (keyed= 0.007ms group_by=  0.291ms per_group= 0.144ms)
[pe] round=  6 work=     2914 frontier=     2914 next=     2048 consolidate=  0.567ms frontier=  0.124ms semisort=  0.490ms (keyed= 0.007ms group_by=  0.200ms per_group= 0.122ms)
[pe] round=  7 work=     2048 frontier=     2048 next=     1024 consolidate=  0.431ms frontier=  0.105ms semisort=  0.335ms (keyed= 0.006ms group_by=  0.138ms per_group= 0.085ms)
[pe] round=  8 work=     1024 frontier=     1024 next=      512 consolidate=  0.217ms frontier=  0.076ms semisort=  0.200ms (keyed= 0.004ms group_by=  0.079ms per_group= 0.059ms)
[pe] round=  9 work=      512 frontier=      512 next=      256 consolidate=  0.131ms frontier=  0.042ms semisort=  0.113ms (keyed= 0.002ms group_by=  0.033ms per_group= 0.036ms)
[pe] round= 10 work=      256 frontier=      256 next=      128 consolidate=  0.060ms frontier=  0.023ms semisort=  0.056ms (keyed= 0.001ms group_by=  0.017ms per_group= 0.012ms)
[pe] round= 11 work=      128 frontier=      128 next=       64 consolidate=  0.050ms frontier=  0.011ms semisort=  0.031ms (keyed= 0.001ms group_by=  0.008ms per_group= 0.011ms)
[pe] round= 12 work=       64 frontier=       64 next=       32 consolidate=  0.020ms frontier=  0.007ms semisort=  0.016ms (keyed= 0.001ms group_by=  0.004ms per_group= 0.005ms)
[pe] round= 13 work=       32 frontier=       32 next=       16 consolidate=  0.018ms frontier=  0.004ms semisort=  0.010ms (keyed= 0.000ms group_by=  0.002ms per_group= 0.003ms)
[pe] round= 14 work=       16 frontier=       16 next=        8 consolidate=  0.009ms frontier=  0.002ms semisort=  0.006ms (keyed= 0.000ms group_by=  0.001ms per_group= 0.002ms)
[pe] round= 15 work=        8 frontier=        8 next=        4 consolidate=  0.005ms frontier=  0.002ms semisort=  0.004ms (keyed= 0.000ms group_by=  0.001ms per_group= 0.001ms)
[pe] round= 16 work=        4 frontier=        4 next=        2 consolidate=  0.003ms frontier=  0.001ms semisort=  0.003ms (keyed= 0.000ms group_by=  0.001ms per_group= 0.001ms)
[pe] round= 17 work=        2 frontier=        0 next=        0 consolidate=  0.002ms frontier=  0.001ms semisort=  0.000ms (break)
[pe] round=  0 work=      370 frontier=   136900 next=    68450 consolidate=  0.161ms frontier=  0.131ms semisort= 11.158ms (keyed= 0.225ms group_by=  4.902ms per_group= 3.070ms)
[pe] round=  1 work=    68450 frontier=    68450 next=    32768 consolidate=  9.368ms frontier=  1.464ms semisort=  5.868ms (keyed= 0.089ms group_by=  1.704ms per_group= 1.285ms)
[pe] round=  2 work=    32768 frontier=    32768 next=    16384 consolidate=  4.826ms frontier=  0.820ms semisort=  2.562ms (keyed= 0.030ms group_by=  0.814ms per_group= 0.666ms)
[pe] round=  3 work=    16384 frontier=    16384 next=     8192 consolidate=  2.720ms frontier=  0.449ms semisort=  1.368ms (keyed= 0.017ms group_by=  0.430ms per_group= 0.365ms)
[pe] round=  4 work=     8192 frontier=     8192 next=     4096 consolidate=  1.416ms frontier=  0.329ms semisort=  1.241ms (keyed= 0.011ms group_by=  0.651ms per_group= 0.190ms)
[pe] round=  5 work=     4096 frontier=     4096 next=     2914 consolidate=  0.733ms frontier=  0.235ms semisort=  0.705ms (keyed= 0.007ms group_by=  0.339ms per_group= 0.147ms)
[pe] round=  6 work=     2914 frontier=     2914 next=     2048 consolidate=  0.577ms frontier=  0.123ms semisort=  0.491ms (keyed= 0.007ms group_by=  0.205ms per_group= 0.119ms)
[pe] round=  7 work=     2048 frontier=     2048 next=     1024 consolidate=  0.428ms frontier=  0.106ms semisort=  0.333ms (keyed= 0.006ms group_by=  0.135ms per_group= 0.088ms)
[pe] round=  8 work=     1024 frontier=     1024 next=      512 consolidate=  0.213ms frontier=  0.074ms semisort=  0.211ms (keyed= 0.004ms group_by=  0.080ms per_group= 0.060ms)
[pe] round=  9 work=      512 frontier=      512 next=      256 consolidate=  0.131ms frontier=  0.042ms semisort=  0.112ms (keyed= 0.002ms group_by=  0.033ms per_group= 0.034ms)
[pe] round= 10 work=      256 frontier=      256 next=      128 consolidate=  0.071ms frontier=  0.020ms semisort=  0.056ms (keyed= 0.001ms group_by=  0.017ms per_group= 0.016ms)
[pe] round= 11 work=      128 frontier=      128 next=       64 consolidate=  0.046ms frontier=  0.012ms semisort=  0.031ms (keyed= 0.001ms group_by=  0.008ms per_group= 0.011ms)
[pe] round= 12 work=       64 frontier=       64 next=       32 consolidate=  0.022ms frontier=  0.007ms semisort=  0.016ms (keyed= 0.001ms group_by=  0.004ms per_group= 0.005ms)
[pe] round= 13 work=       32 frontier=       32 next=       16 consolidate=  0.018ms frontier=  0.004ms semisort=  0.010ms (keyed= 0.000ms group_by=  0.002ms per_group= 0.003ms)
[pe] round= 14 work=       16 frontier=       16 next=        8 consolidate=  0.008ms frontier=  0.003ms semisort=  0.006ms (keyed= 0.000ms group_by=  0.001ms per_group= 0.002ms)
[pe] round= 15 work=        8 frontier=        8 next=        4 consolidate=  0.005ms frontier=  0.002ms semisort=  0.004ms (keyed= 0.000ms group_by=  0.001ms per_group= 0.001ms)
[pe] round= 16 work=        4 frontier=        4 next=        2 consolidate=  0.003ms frontier=  0.001ms semisort=  0.003ms (keyed= 0.000ms group_by=  0.001ms per_group= 0.001ms)
[pe] round= 17 work=        2 frontier=        0 next=        0 consolidate=  0.002ms frontier=  0.001ms semisort=  0.000ms (break)
