[synthetic_bench] grid n=180 d=2 classes=129958 merges=180 ...
[pe] round=  0 work=      360 frontier=   129600 next=    64800 consolidate=  1.194ms frontier=  0.311ms semisort=  5.018ms (keyed= 0.105ms group_by=  2.738ms per_group= 0.995ms)
[pe] round=  1 work=    64800 frontier=    64800 next=    32032 consolidate=  3.110ms frontier=  0.589ms semisort=  2.837ms (keyed= 0.041ms group_by=  1.163ms per_group= 0.481ms)
[pe] round=  2 work=    32032 frontier=    32032 next=    16384 consolidate=  1.642ms frontier=  0.358ms semisort=  1.114ms (keyed= 0.017ms group_by=  0.396ms per_group= 0.262ms)
[pe] round=  3 work=    16384 frontier=    16384 next=     8192 consolidate=  1.378ms frontier=  0.198ms semisort=  0.520ms (keyed= 0.013ms group_by=  0.148ms per_group= 0.127ms)
[pe] round=  4 work=     8192 frontier=     8192 next=     4096 consolidate=  0.921ms frontier=  0.270ms semisort=  0.964ms (keyed= 0.010ms group_by=  0.608ms per_group= 0.094ms)
[pe] round=  5 work=     4096 frontier=     4096 next=     2048 consolidate=  0.573ms frontier=  0.150ms semisort=  0.557ms (keyed= 0.009ms group_by=  0.337ms per_group= 0.075ms)
[pe] round=  6 work=     2048 frontier=     2048 next=     1024 consolidate=  0.228ms frontier=  0.117ms semisort=  0.298ms (keyed= 0.005ms group_by=  0.161ms per_group= 0.050ms)
[pe] round=  7 work=     1024 frontier=     1024 next=      512 consolidate=  0.138ms frontier=  0.048ms semisort=  0.166ms (keyed= 0.004ms group_by=  0.068ms per_group= 0.040ms)
[pe] round=  8 work=      512 frontier=      512 next=      256 consolidate=  0.068ms frontier=  0.031ms semisort=  0.093ms (keyed= 0.003ms group_by=  0.042ms per_group= 0.017ms)
[pe] round=  9 work=      256 frontier=      256 next=      128 consolidate=  0.041ms frontier=  0.021ms semisort=  0.048ms (keyed= 0.001ms group_by=  0.018ms per_group= 0.009ms)
[pe] round= 10 work=      128 frontier=      128 next=       64 consolidate=  0.025ms frontier=  0.014ms semisort=  0.032ms (keyed= 0.001ms group_by=  0.009ms per_group= 0.009ms)
[pe] round= 11 work=       64 frontier=       64 next=       32 consolidate=  0.017ms frontier=  0.008ms semisort=  0.020ms (keyed= 0.001ms group_by=  0.005ms per_group= 0.006ms)
[pe] round= 12 work=       32 frontier=       32 next=       16 consolidate=  0.012ms frontier=  0.005ms semisort=  0.010ms (keyed= 0.000ms group_by=  0.002ms per_group= 0.003ms)
[pe] round= 13 work=       16 frontier=       16 next=        8 consolidate=  0.008ms frontier=  0.003ms semisort=  0.006ms (keyed= 0.000ms group_by=  0.001ms per_group= 0.002ms)
[pe] round= 14 work=        8 frontier=        8 next=        4 consolidate=  0.005ms frontier=  0.002ms semisort=  0.004ms (keyed= 0.000ms group_by=  0.001ms per_group= 0.001ms)
[pe] round= 15 work=        4 frontier=        4 next=        2 consolidate=  0.003ms frontier=  0.001ms semisort=  0.003ms (keyed= 0.000ms group_by=  0.001ms per_group= 0.001ms)
[pe] round= 16 work=        2 frontier=        0 next=        0 consolidate=  0.002ms frontier=  0.001ms semisort=  0.000ms (break)
[pe] round=  0 work=      360 frontier=   129600 next=    64800 consolidate=  0.099ms frontier=  0.056ms semisort=  4.038ms (keyed= 0.048ms group_by=  1.981ms per_group= 0.899ms)
[pe] round=  1 work=    64800 frontier=    64800 next=    32032 consolidate=  2.991ms frontier=  0.608ms semisort=  1.939ms (keyed= 0.035ms group_by=  0.618ms per_group= 0.418ms)
[pe] round=  2 work=    32032 frontier=    32032 next=    16384 consolidate=  1.595ms frontier=  0.477ms semisort=  1.254ms (keyed= 0.017ms group_by=  0.564ms per_group= 0.240ms)
[pe] round=  3 work=    16384 frontier=    16384 next=     8192 consolidate=  1.584ms frontier=  0.209ms semisort=  0.654ms (keyed= 0.016ms group_by=  0.264ms per_group= 0.133ms)
[pe] round=  4 work=     8192 frontier=     8192 next=     4096 consolidate=  0.988ms frontier=  0.299ms semisort=  1.145ms (keyed= 0.013ms group_by=  0.745ms per_group= 0.102ms)
[pe] round=  5 work=     4096 frontier=     4096 next=     2048 consolidate=  0.695ms frontier=  0.157ms semisort=  0.585ms (keyed= 0.007ms group_by=  0.375ms per_group= 0.052ms)
[pe] round=  6 work=     2048 frontier=     2048 next=     1024 consolidate=  0.221ms frontier=  0.122ms semisort=  0.300ms (keyed= 0.006ms group_by=  0.180ms per_group= 0.035ms)
[pe] round=  7 work=     1024 frontier=     1024 next=      512 consolidate=  0.151ms frontier=  0.052ms semisort=  0.161ms (keyed= 0.005ms group_by=  0.086ms per_group= 0.021ms)
[pe] round=  8 work=      512 frontier=      512 next=      256 consolidate=  0.074ms frontier=  0.035ms semisort=  0.097ms (keyed= 0.003ms group_by=  0.043ms per_group= 0.019ms)
[pe] round=  9 work=      256 frontier=      256 next=      128 consolidate=  0.043ms frontier=  0.024ms semisort=  0.052ms (keyed= 0.002ms group_by=  0.020ms per_group= 0.010ms)
[pe] round= 10 work=      128 frontier=      128 next=       64 consolidate=  0.053ms frontier=  0.015ms semisort=  0.034ms (keyed= 0.001ms group_by=  0.010ms per_group= 0.009ms)
[pe] round= 11 work=       64 frontier=       64 next=       32 consolidate=  0.019ms frontier=  0.009ms semisort=  0.021ms (keyed= 0.001ms group_by=  0.005ms per_group= 0.006ms)
[pe] round= 12 work=       32 frontier=       32 next=       16 consolidate=  0.009ms frontier=  0.005ms semisort=  0.012ms (keyed= 0.001ms group_by=  0.003ms per_group= 0.003ms)
[pe] round= 13 work=       16 frontier=       16 next=        8 consolidate=  0.007ms frontier=  0.003ms semisort=  0.008ms (keyed= 0.000ms group_by=  0.002ms per_group= 0.002ms)
[pe] round= 14 work=        8 frontier=        8 next=        4 consolidate=  0.006ms frontier=  0.002ms semisort=  0.005ms (keyed= 0.000ms group_by=  0.001ms per_group= 0.001ms)
[pe] round= 15 work=        4 frontier=        4 next=        2 consolidate=  0.004ms frontier=  0.001ms semisort=  0.003ms (keyed= 0.000ms group_by=  0.001ms per_group= 0.001ms)
[pe] round= 16 work=        2 frontier=        0 next=        0 consolidate=  0.003ms frontier=  0.001ms semisort=  0.000ms (break)
[pe] round=  0 work=      360 frontier=   129600 next=    64800 consolidate=  0.104ms frontier=  0.066ms semisort=  3.678ms (keyed= 0.048ms group_by=  1.705ms per_group= 0.873ms)
[pe] round=  1 work=    64800 frontier=    64800 next=    32032 consolidate=  2.872ms frontier=  0.555ms semisort=  1.968ms (keyed= 0.033ms group_by=  0.645ms per_group= 0.432ms)
[pe] round=  2 work=    32032 frontier=    32032 next=    16384 consolidate=  1.564ms frontier=  0.353ms semisort=  0.910ms (keyed= 0.017ms group_by=  0.276ms per_group= 0.230ms)
[pe] round=  3 work=    16384 frontier=    16384 next=     8192 consolidate=  1.536ms frontier=  0.194ms semisort=  0.526ms (keyed= 0.014ms group_by=  0.156ms per_group= 0.127ms)
[pe] round=  4 work=     8192 frontier=     8192 next=     4096 consolidate=  0.957ms frontier=  0.300ms semisort=  1.033ms (keyed= 0.009ms group_by=  0.670ms per_group= 0.079ms)
[pe] round=  5 work=     4096 frontier=     4096 next=     2048 consolidate=  0.640ms frontier=  0.156ms semisort=  0.568ms (keyed= 0.009ms group_by=  0.352ms per_group= 0.059ms)
[pe] round=  6 work=     2048 frontier=     2048 next=     1024 consolidate=  0.486ms frontier=  0.113ms semisort=  0.306ms (keyed= 0.007ms group_by=  0.188ms per_group= 0.030ms)
[pe] round=  7 work=     1024 frontier=     1024 next=      512 consolidate=  0.148ms frontier=  0.051ms semisort=  0.162ms (keyed= 0.004ms group_by=  0.083ms per_group= 0.027ms)
[pe] round=  8 work=      512 frontier=      512 next=      256 consolidate=  0.073ms frontier=  0.036ms semisort=  0.096ms (keyed= 0.003ms group_by=  0.042ms per_group= 0.018ms)
[pe] round=  9 work=      256 frontier=      256 next=      128 consolidate=  0.044ms frontier=  0.024ms semisort=  0.052ms (keyed= 0.002ms group_by=  0.020ms per_group= 0.009ms)
[pe] round= 10 work=      128 frontier=      128 next=       64 consolidate=  0.044ms frontier=  0.015ms semisort=  0.033ms (keyed= 0.001ms group_by=  0.010ms per_group= 0.007ms)
[pe] round= 11 work=       64 frontier=       64 next=       32 consolidate=  0.019ms frontier=  0.009ms semisort=  0.021ms (keyed= 0.001ms group_by=  0.006ms per_group= 0.006ms)
[pe] round= 12 work=       32 frontier=       32 next=       16 consolidate=  0.010ms frontier=  0.005ms semisort=  0.011ms (keyed= 0.001ms group_by=  0.003ms per_group= 0.003ms)
[pe] round= 13 work=       16 frontier=       16 next=        8 consolidate=  0.007ms frontier=  0.003ms semisort=  0.007ms (keyed= 0.000ms group_by=  0.002ms per_group= 0.002ms)
[pe] round= 14 work=        8 frontier=        8 next=        4 consolidate=  0.005ms frontier=  0.002ms semisort=  0.005ms (keyed= 0.000ms group_by=  0.001ms per_group= 0.001ms)
[pe] round= 15 work=        4 frontier=        4 next=        2 consolidate=  0.004ms frontier=  0.001ms semisort=  0.003ms (keyed= 0.000ms group_by=  0.001ms per_group= 0.001ms)
[pe] round= 16 work=        2 frontier=        0 next=        0 consolidate=  0.003ms frontier=  0.001ms semisort=  0.000ms (break)
[pe] round=  0 work=      360 frontier=   129600 next=    64800 consolidate=  0.108ms frontier=  0.057ms semisort=  3.620ms (keyed= 0.045ms group_by=  1.704ms per_group= 0.848ms)
[pe] round=  1 work=    64800 frontier=    64800 next=    32032 consolidate=  2.838ms frontier=  0.528ms semisort=  2.052ms (keyed= 0.032ms group_by=  0.709ms per_group= 0.452ms)
[pe] round=  2 work=    32032 frontier=    32032 next=    16384 consolidate=  1.497ms frontier=  0.335ms semisort=  0.911ms (keyed= 0.016ms group_by=  0.283ms per_group= 0.234ms)
[pe] round=  3 work=    16384 frontier=    16384 next=     8192 consolidate=  1.458ms frontier=  0.199ms semisort=  0.500ms (keyed= 0.013ms group_by=  0.142ms per_group= 0.123ms)
[pe] round=  4 work=     8192 frontier=     8192 next=     4096 consolidate=  1.072ms frontier=  0.295ms semisort=  1.034ms (keyed= 0.011ms group_by=  0.673ms per_group= 0.072ms)
[pe] round=  5 work=     4096 frontier=     4096 next=     2048 consolidate=  0.634ms frontier=  0.155ms semisort=  0.566ms (keyed= 0.007ms group_by=  0.375ms per_group= 0.044ms)
[pe] round=  6 work=     2048 frontier=     2048 next=     1024 consolidate=  0.217ms frontier=  0.120ms semisort=  0.297ms (keyed= 0.007ms group_by=  0.184ms per_group= 0.027ms)
[pe] round=  7 work=     1024 frontier=     1024 next=      512 consolidate=  0.146ms frontier=  0.048ms semisort=  0.157ms (keyed= 0.004ms group_by=  0.085ms per_group= 0.021ms)
[pe] round=  8 work=      512 frontier=      512 next=      256 consolidate=  0.072ms frontier=  0.035ms semisort=  0.093ms (keyed= 0.003ms group_by=  0.039ms per_group= 0.017ms)
[pe] round=  9 work=      256 frontier=      256 next=      128 consolidate=  0.044ms frontier=  0.024ms semisort=  0.050ms (keyed= 0.002ms group_by=  0.020ms per_group= 0.009ms)
[pe] round= 10 work=      128 frontier=      128 next=       64 consolidate=  0.050ms frontier=  0.014ms semisort=  0.034ms (keyed= 0.001ms group_by=  0.010ms per_group= 0.008ms)
[pe] round= 11 work=       64 frontier=       64 next=       32 consolidate=  0.018ms frontier=  0.009ms semisort=  0.021ms (keyed= 0.001ms group_by=  0.005ms per_group= 0.007ms)
[pe] round= 12 work=       32 frontier=       32 next=       16 consolidate=  0.011ms frontier=  0.005ms semisort=  0.011ms (keyed= 0.001ms group_by=  0.003ms per_group= 0.003ms)
[pe] round= 13 work=       16 frontier=       16 next=        8 consolidate=  0.007ms frontier=  0.003ms semisort=  0.007ms (keyed= 0.000ms group_by=  0.002ms per_group= 0.002ms)
[pe] round= 14 work=        8 frontier=        8 next=        4 consolidate=  0.005ms frontier=  0.002ms semisort=  0.005ms (keyed= 0.000ms group_by=  0.001ms per_group= 0.001ms)
[pe] round= 15 work=        4 frontier=        4 next=        2 consolidate=  0.004ms frontier=  0.002ms semisort=  0.003ms (keyed= 0.000ms group_by=  0.001ms per_group= 0.001ms)
[pe] round= 16 work=        2 frontier=        0 next=        0 consolidate=  0.003ms frontier=  0.001ms semisort=  0.000ms (break)
[pe] round=  0 work=      360 frontier=   129600 next=    64800 consolidate=  0.109ms frontier=  0.063ms semisort=  3.935ms (keyed= 0.054ms group_by=  1.914ms per_group= 0.912ms)
[pe] round=  1 work=    64800 frontier=    64800 next=    32032 consolidate=  2.867ms frontier=  0.561ms semisort=  1.891ms (keyed= 0.033ms group_by=  0.638ms per_group= 0.402ms)
[pe] round=  2 work=    32032 frontier=    32032 next=    16384 consolidate=  1.431ms frontier=  0.336ms semisort=  0.876ms (keyed= 0.016ms group_by=  0.267ms per_group= 0.221ms)
[pe] round=  3 work=    16384 frontier=    16384 next=     8192 consolidate=  1.542ms frontier=  0.195ms semisort=  0.494ms (keyed= 0.014ms group_by=  0.146ms per_group= 0.124ms)
[pe] round=  4 work=     8192 frontier=     8192 next=     4096 consolidate=  0.940ms frontier=  0.311ms semisort=  1.044ms (keyed= 0.010ms group_by=  0.689ms per_group= 0.072ms)
[pe] round=  5 work=     4096 frontier=     4096 next=     2048 consolidate=  0.623ms frontier=  0.154ms semisort=  0.560ms (keyed= 0.007ms group_by=  0.362ms per_group= 0.052ms)
[pe] round=  6 work=     2048 frontier=     2048 next=     1024 consolidate=  0.230ms frontier=  0.113ms semisort=  0.298ms (keyed= 0.007ms group_by=  0.183ms per_group= 0.029ms)
[pe] round=  7 work=     1024 frontier=     1024 next=      512 consolidate=  0.144ms frontier=  0.054ms semisort=  0.178ms (keyed= 0.004ms group_by=  0.099ms per_group= 0.022ms)
[pe] round=  8 work=      512 frontier=      512 next=      256 consolidate=  0.344ms frontier=  0.035ms semisort=  0.103ms (keyed= 0.003ms group_by=  0.045ms per_group= 0.024ms)
[pe] round=  9 work=      256 frontier=      256 next=      128 consolidate=  0.044ms frontier=  0.024ms semisort=  0.051ms (keyed= 0.002ms group_by=  0.020ms per_group= 0.009ms)
[pe] round= 10 work=      128 frontier=      128 next=       64 consolidate=  0.054ms frontier=  0.015ms semisort=  0.033ms (keyed= 0.001ms group_by=  0.010ms per_group= 0.009ms)
[pe] round= 11 work=       64 frontier=       64 next=       32 consolidate=  0.020ms frontier=  0.009ms semisort=  0.021ms (keyed= 0.001ms group_by=  0.005ms per_group= 0.006ms)
[pe] round= 12 work=       32 frontier=       32 next=       16 consolidate=  0.010ms frontier=  0.005ms semisort=  0.011ms (keyed= 0.001ms group_by=  0.003ms per_group= 0.003ms)
[pe] round= 13 work=       16 frontier=       16 next=        8 consolidate=  0.007ms frontier=  0.004ms semisort=  0.008ms (keyed= 0.000ms group_by=  0.002ms per_group= 0.002ms)
[pe] round= 14 work=        8 frontier=        8 next=        4 consolidate=  0.005ms frontier=  0.002ms semisort=  0.005ms (keyed= 0.000ms group_by=  0.001ms per_group= 0.001ms)
[pe] round= 15 work=        4 frontier=        4 next=        2 consolidate=  0.005ms frontier=  0.002ms semisort=  0.003ms (keyed= 0.000ms group_by=  0.001ms per_group= 0.001ms)
[pe] round= 16 work=        2 frontier=        0 next=        0 consolidate=  0.003ms frontier=  0.001ms semisort=  0.000ms (break)
[pe] round=  0 work=      360 frontier=   129600 next=    64800 consolidate=  0.106ms frontier=  0.058ms semisort=  3.674ms (keyed= 0.045ms group_by=  1.768ms per_group= 0.857ms)
[pe] round=  1 work=    64800 frontier=    64800 next=    32032 consolidate=  2.871ms frontier=  0.539ms semisort=  1.944ms (keyed= 0.032ms group_by=  0.649ms per_group= 0.413ms)
[pe] round=  2 work=    32032 frontier=    32032 next=    16384 consolidate=  1.515ms frontier=  0.333ms semisort=  0.890ms (keyed= 0.021ms group_by=  0.272ms per_group= 0.228ms)
[pe] round=  3 work=    16384 frontier=    16384 next=     8192 consolidate=  1.485ms frontier=  0.188ms semisort=  0.491ms (keyed= 0.014ms group_by=  0.141ms per_group= 0.125ms)
[pe] round=  4 work=     8192 frontier=     8192 next=     4096 consolidate=  0.970ms frontier=  0.299ms semisort=  1.062ms (keyed= 0.011ms group_by=  0.691ms per_group= 0.089ms)
[pe] round=  5 work=     4096 frontier=     4096 next=     2048 consolidate=  0.629ms frontier=  0.155ms semisort=  0.567ms (keyed= 0.009ms group_by=  0.369ms per_group= 0.043ms)
[pe] round=  6 work=     2048 frontier=     2048 next=     1024 consolidate=  0.202ms frontier=  0.119ms semisort=  0.299ms (keyed= 0.005ms group_by=  0.187ms per_group= 0.028ms)
[pe] round=  7 work=     1024 frontier=     1024 next=      512 consolidate=  0.153ms frontier=  0.051ms semisort=  0.169ms (keyed= 0.004ms group_by=  0.098ms per_group= 0.018ms)
[pe] round=  8 work=      512 frontier=      512 next=      256 consolidate=  0.074ms frontier=  0.035ms semisort=  0.099ms (keyed= 0.003ms group_by=  0.043ms per_group= 0.018ms)
[pe] round=  9 work=      256 frontier=      256 next=      128 consolidate=  0.043ms frontier=  0.024ms semisort=  0.051ms (keyed= 0.002ms group_by=  0.020ms per_group= 0.009ms)
[pe] round= 10 work=      128 frontier=      128 next=       64 consolidate=  0.054ms frontier=  0.014ms semisort=  0.033ms (keyed= 0.001ms group_by=  0.010ms per_group= 0.008ms)
[pe] round= 11 work=       64 frontier=       64 next=       32 consolidate=  0.018ms frontier=  0.009ms semisort=  0.021ms (keyed= 0.001ms group_by=  0.005ms per_group= 0.007ms)
[pe] round= 12 work=       32 frontier=       32 next=       16 consolidate=  0.019ms frontier=  0.005ms semisort=  0.011ms (keyed= 0.001ms group_by=  0.003ms per_group= 0.003ms)
[pe] round= 13 work=       16 frontier=       16 next=        8 consolidate=  0.007ms frontier=  0.003ms semisort=  0.008ms (keyed= 0.000ms group_by=  0.002ms per_group= 0.002ms)
[pe] round= 14 work=        8 frontier=        8 next=        4 consolidate=  0.005ms frontier=  0.002ms semisort=  0.005ms (keyed= 0.000ms group_by=  0.001ms per_group= 0.001ms)
[pe] round= 15 work=        4 frontier=        4 next=        2 consolidate=  0.004ms frontier=  0.001ms semisort=  0.003ms (keyed= 0.000ms group_by=  0.001ms per_group= 0.001ms)
[pe] round= 16 work=        2 frontier=        0 next=        0 consolidate=  0.003ms frontier=  0.001ms semisort=  0.000ms (break)
