[synthetic_bench] grid n=175 d=2 classes=122848 merges=175 ...
[pe] round=  0 work=      350 frontier=   122500 next=    61250 consolidate=  0.816ms frontier=  0.063ms semisort=  7.292ms (keyed= 0.147ms group_by=  3.674ms per_group= 1.655ms)
[pe] round=  1 work=    61250 frontier=    61250 next=    28482 consolidate=  5.121ms frontier=  0.942ms semisort=  3.814ms (keyed= 0.046ms group_by=  1.326ms per_group= 0.783ms)
[pe] round=  2 work=    28482 frontier=    28482 next=    16384 consolidate=  2.727ms frontier=  0.533ms semisort=  1.760ms (keyed= 0.021ms group_by=  0.590ms per_group= 0.429ms)
[pe] round=  3 work=    16384 frontier=    16384 next=     8192 consolidate=  1.942ms frontier=  0.325ms semisort=  1.003ms (keyed= 0.015ms group_by=  0.333ms per_group= 0.231ms)
[pe] round=  4 work=     8192 frontier=     8192 next=     4096 consolidate=  1.255ms frontier=  0.343ms semisort=  1.083ms (keyed= 0.011ms group_by=  0.631ms per_group= 0.126ms)
[pe] round=  5 work=     4096 frontier=     4096 next=     2048 consolidate=  0.782ms frontier=  0.209ms semisort=  0.542ms (keyed= 0.009ms group_by=  0.289ms per_group= 0.076ms)
[pe] round=  6 work=     2048 frontier=     2048 next=     1024 consolidate=  0.319ms frontier=  0.106ms semisort=  0.290ms (keyed= 0.005ms group_by=  0.148ms per_group= 0.039ms)
[pe] round=  7 work=     1024 frontier=     1024 next=      512 consolidate=  0.156ms frontier=  0.083ms semisort=  0.151ms (keyed= 0.004ms group_by=  0.071ms per_group= 0.024ms)
[pe] round=  8 work=      512 frontier=      512 next=      256 consolidate=  0.081ms frontier=  0.032ms semisort=  0.119ms (keyed= 0.003ms group_by=  0.053ms per_group= 0.028ms)
[pe] round=  9 work=      256 frontier=      256 next=      128 consolidate=  0.059ms frontier=  0.020ms semisort=  0.053ms (keyed= 0.002ms group_by=  0.017ms per_group= 0.012ms)
[pe] round= 10 work=      128 frontier=      128 next=       64 consolidate=  0.040ms frontier=  0.014ms semisort=  0.030ms (keyed= 0.001ms group_by=  0.009ms per_group= 0.007ms)
[pe] round= 11 work=       64 frontier=       64 next=       32 consolidate=  0.037ms frontier=  0.006ms semisort=  0.021ms (keyed= 0.001ms group_by=  0.005ms per_group= 0.006ms)
[pe] round= 12 work=       32 frontier=       32 next=       16 consolidate=  0.011ms frontier=  0.004ms semisort=  0.011ms (keyed= 0.000ms group_by=  0.003ms per_group= 0.003ms)
[pe] round= 13 work=       16 frontier=       16 next=        8 consolidate=  0.011ms frontier=  0.002ms semisort=  0.006ms (keyed= 0.000ms group_by=  0.001ms per_group= 0.002ms)
[pe] round= 14 work=        8 frontier=        8 next=        4 consolidate=  0.005ms frontier=  0.002ms semisort=  0.004ms (keyed= 0.000ms group_by=  0.001ms per_group= 0.001ms)
[pe] round= 15 work=        4 frontier=        4 next=        2 consolidate=  0.003ms frontier=  0.001ms semisort=  0.003ms (keyed= 0.000ms group_by=  0.001ms per_group= 0.001ms)
[pe] round= 16 work=        2 frontier=        0 next=        0 consolidate=  0.002ms frontier=  0.001ms semisort=  0.000ms (break)
[pe] round=  0 work=      350 frontier=   122500 next=    61250 consolidate=  0.122ms frontier=  0.062ms semisort=  6.033ms (keyed= 0.072ms group_by=  2.656ms per_group= 1.490ms)
[pe] round=  1 work=    61250 frontier=    61250 next=    28482 consolidate=  5.320ms frontier=  0.978ms semisort=  3.275ms (keyed= 0.043ms group_by=  1.039ms per_group= 0.732ms)
[pe] round=  2 work=    28482 frontier=    28482 next=    16384 consolidate=  2.532ms frontier=  0.562ms semisort=  1.643ms (keyed= 0.020ms group_by=  0.517ms per_group= 0.407ms)
[pe] round=  3 work=    16384 frontier=    16384 next=     8192 consolidate=  1.934ms frontier=  0.322ms semisort=  0.954ms (keyed= 0.015ms group_by=  0.327ms per_group= 0.229ms)
[pe] round=  4 work=     8192 frontier=     8192 next=     4096 consolidate=  1.265ms frontier=  0.330ms semisort=  1.278ms (keyed= 0.012ms group_by=  0.631ms per_group= 0.129ms)
[pe] round=  5 work=     4096 frontier=     4096 next=     2048 consolidate=  0.768ms frontier=  0.207ms semisort=  0.527ms (keyed= 0.008ms group_by=  0.278ms per_group= 0.076ms)
[pe] round=  6 work=     2048 frontier=     2048 next=     1024 consolidate=  0.310ms frontier=  0.106ms semisort=  0.273ms (keyed= 0.007ms group_by=  0.140ms per_group= 0.039ms)
[pe] round=  7 work=     1024 frontier=     1024 next=      512 consolidate=  0.159ms frontier=  0.079ms semisort=  0.150ms (keyed= 0.004ms group_by=  0.072ms per_group= 0.023ms)
[pe] round=  8 work=      512 frontier=      512 next=      256 consolidate=  0.082ms frontier=  0.032ms semisort=  0.110ms (keyed= 0.003ms group_by=  0.039ms per_group= 0.038ms)
[pe] round=  9 work=      256 frontier=      256 next=      128 consolidate=  0.059ms frontier=  0.020ms semisort=  0.053ms (keyed= 0.002ms group_by=  0.017ms per_group= 0.013ms)
[pe] round= 10 work=      128 frontier=      128 next=       64 consolidate=  0.051ms frontier=  0.012ms semisort=  0.031ms (keyed= 0.001ms group_by=  0.009ms per_group= 0.008ms)
[pe] round= 11 work=       64 frontier=       64 next=       32 consolidate=  0.034ms frontier=  0.007ms semisort=  0.018ms (keyed= 0.001ms group_by=  0.005ms per_group= 0.006ms)
[pe] round= 12 work=       32 frontier=       32 next=       16 consolidate=  0.013ms frontier=  0.004ms semisort=  0.011ms (keyed= 0.000ms group_by=  0.003ms per_group= 0.003ms)
[pe] round= 13 work=       16 frontier=       16 next=        8 consolidate=  0.008ms frontier=  0.003ms semisort=  0.007ms (keyed= 0.000ms group_by=  0.001ms per_group= 0.002ms)
[pe] round= 14 work=        8 frontier=        8 next=        4 consolidate=  0.005ms frontier=  0.002ms semisort=  0.004ms (keyed= 0.000ms group_by=  0.001ms per_group= 0.001ms)
[pe] round= 15 work=        4 frontier=        4 next=        2 consolidate=  0.003ms frontier=  0.001ms semisort=  0.003ms (keyed= 0.000ms group_by=  0.001ms per_group= 0.001ms)
[pe] round= 16 work=        2 frontier=        0 next=        0 consolidate=  0.002ms frontier=  0.001ms semisort=  0.000ms (break)
[pe] round=  0 work=      350 frontier=   122500 next=    61250 consolidate=  0.116ms frontier=  0.380ms semisort=  6.048ms (keyed= 0.072ms group_by=  2.820ms per_group= 1.444ms)
[pe] round=  1 work=    61250 frontier=    61250 next=    28482 consolidate=  4.725ms frontier=  0.972ms semisort=  3.212ms (keyed= 0.042ms group_by=  1.024ms per_group= 0.714ms)
[pe] round=  2 work=    28482 frontier=    28482 next=    16384 consolidate=  2.442ms frontier=  0.574ms semisort=  1.442ms (keyed= 0.020ms group_by=  0.449ms per_group= 0.383ms)
[pe] round=  3 work=    16384 frontier=    16384 next=     8192 consolidate=  1.895ms frontier=  0.296ms semisort=  0.850ms (keyed= 0.015ms group_by=  0.244ms per_group= 0.220ms)
[pe] round=  4 work=     8192 frontier=     8192 next=     4096 consolidate=  1.256ms frontier=  0.332ms semisort=  1.017ms (keyed= 0.010ms group_by=  0.577ms per_group= 0.129ms)
[pe] round=  5 work=     4096 frontier=     4096 next=     2048 consolidate=  0.526ms frontier=  0.206ms semisort=  0.528ms (keyed= 0.009ms group_by=  0.277ms per_group= 0.078ms)
[pe] round=  6 work=     2048 frontier=     2048 next=     1024 consolidate=  0.312ms frontier=  0.105ms semisort=  0.282ms (keyed= 0.007ms group_by=  0.138ms per_group= 0.039ms)
[pe] round=  7 work=     1024 frontier=     1024 next=      512 consolidate=  0.153ms frontier=  0.078ms semisort=  0.150ms (keyed= 0.004ms group_by=  0.072ms per_group= 0.025ms)
[pe] round=  8 work=      512 frontier=      512 next=      256 consolidate=  0.084ms frontier=  0.031ms semisort=  0.096ms (keyed= 0.003ms group_by=  0.034ms per_group= 0.027ms)
[pe] round=  9 work=      256 frontier=      256 next=      128 consolidate=  0.068ms frontier=  0.020ms semisort=  0.055ms (keyed= 0.002ms group_by=  0.017ms per_group= 0.016ms)
[pe] round= 10 work=      128 frontier=      128 next=       64 consolidate=  0.036ms frontier=  0.013ms semisort=  0.031ms (keyed= 0.001ms group_by=  0.009ms per_group= 0.007ms)
[pe] round= 11 work=       64 frontier=       64 next=       32 consolidate=  0.028ms frontier=  0.007ms semisort=  0.018ms (keyed= 0.001ms group_by=  0.005ms per_group= 0.006ms)
[pe] round= 12 work=       32 frontier=       32 next=       16 consolidate=  0.011ms frontier=  0.005ms semisort=  0.011ms (keyed= 0.000ms group_by=  0.003ms per_group= 0.003ms)
[pe] round= 13 work=       16 frontier=       16 next=        8 consolidate=  0.010ms frontier=  0.003ms semisort=  0.007ms (keyed= 0.000ms group_by=  0.001ms per_group= 0.002ms)
[pe] round= 14 work=        8 frontier=        8 next=        4 consolidate=  0.006ms frontier=  0.002ms semisort=  0.005ms (keyed= 0.000ms group_by=  0.001ms per_group= 0.001ms)
[pe] round= 15 work=        4 frontier=        4 next=        2 consolidate=  0.003ms frontier=  0.001ms semisort=  0.003ms (keyed= 0.000ms group_by=  0.001ms per_group= 0.001ms)
[pe] round= 16 work=        2 frontier=        0 next=        0 consolidate=  0.002ms frontier=  0.001ms semisort=  0.000ms (break)
[pe] round=  0 work=      350 frontier=   122500 next=    61250 consolidate=  0.120ms frontier=  0.063ms semisort=  5.845ms (keyed= 0.072ms group_by=  2.654ms per_group= 1.424ms)
[pe] round=  1 work=    61250 frontier=    61250 next=    28482 consolidate=  4.724ms frontier=  0.867ms semisort=  3.052ms (keyed= 0.040ms group_by=  0.948ms per_group= 0.676ms)
[pe] round=  2 work=    28482 frontier=    28482 next=    16384 consolidate=  2.396ms frontier=  0.556ms semisort=  1.408ms (keyed= 0.019ms group_by=  0.423ms per_group= 0.378ms)
[pe] round=  3 work=    16384 frontier=    16384 next=     8192 consolidate=  1.894ms frontier=  0.298ms semisort=  0.989ms (keyed= 0.015ms group_by=  0.318ms per_group= 0.210ms)
[pe] round=  4 work=     8192 frontier=     8192 next=     4096 consolidate=  0.982ms frontier=  0.327ms semisort=  1.011ms (keyed= 0.010ms group_by=  0.579ms per_group= 0.125ms)
[pe] round=  5 work=     4096 frontier=     4096 next=     2048 consolidate=  0.757ms frontier=  0.203ms semisort=  0.533ms (keyed= 0.009ms group_by=  0.278ms per_group= 0.076ms)
[pe] round=  6 work=     2048 frontier=     2048 next=     1024 consolidate=  0.312ms frontier=  0.106ms semisort=  0.274ms (keyed= 0.007ms group_by=  0.138ms per_group= 0.037ms)
[pe] round=  7 work=     1024 frontier=     1024 next=      512 consolidate=  0.147ms frontier=  0.079ms semisort=  0.147ms (keyed= 0.004ms group_by=  0.071ms per_group= 0.023ms)
[pe] round=  8 work=      512 frontier=      512 next=      256 consolidate=  0.078ms frontier=  0.033ms semisort=  0.113ms (keyed= 0.002ms group_by=  0.039ms per_group= 0.039ms)
[pe] round=  9 work=      256 frontier=      256 next=      128 consolidate=  0.068ms frontier=  0.020ms semisort=  0.053ms (keyed= 0.001ms group_by=  0.017ms per_group= 0.015ms)
[pe] round= 10 work=      128 frontier=      128 next=       64 consolidate=  0.034ms frontier=  0.013ms semisort=  0.028ms (keyed= 0.001ms group_by=  0.009ms per_group= 0.007ms)
[pe] round= 11 work=       64 frontier=       64 next=       32 consolidate=  0.038ms frontier=  0.006ms semisort=  0.020ms (keyed= 0.001ms group_by=  0.005ms per_group= 0.006ms)
[pe] round= 12 work=       32 frontier=       32 next=       16 consolidate=  0.011ms frontier=  0.004ms semisort=  0.011ms (keyed= 0.000ms group_by=  0.003ms per_group= 0.003ms)
[pe] round= 13 work=       16 frontier=       16 next=        8 consolidate=  0.010ms frontier=  0.003ms semisort=  0.007ms (keyed= 0.000ms group_by=  0.001ms per_group= 0.002ms)
[pe] round= 14 work=        8 frontier=        8 next=        4 consolidate=  0.005ms frontier=  0.002ms semisort=  0.005ms (keyed= 0.000ms group_by=  0.001ms per_group= 0.001ms)
[pe] round= 15 work=        4 frontier=        4 next=        2 consolidate=  0.003ms frontier=  0.001ms semisort=  0.003ms (keyed= 0.000ms group_by=  0.001ms per_group= 0.001ms)
[pe] round= 16 work=        2 frontier=        0 next=        0 consolidate=  0.002ms frontier=  0.002ms semisort=  0.000ms (break)
[pe] round=  0 work=      350 frontier=   122500 next=    61250 consolidate=  0.113ms frontier=  0.060ms semisort=  5.618ms (keyed= 0.071ms group_by=  2.368ms per_group= 1.424ms)
[pe] round=  1 work=    61250 frontier=    61250 next=    28482 consolidate=  4.757ms frontier=  0.909ms semisort=  3.203ms (keyed= 0.043ms group_by=  0.966ms per_group= 0.687ms)
[pe] round=  2 work=    28482 frontier=    28482 next=    16384 consolidate=  2.396ms frontier=  0.532ms semisort=  1.416ms (keyed= 0.020ms group_by=  0.431ms per_group= 0.379ms)
[pe] round=  3 work=    16384 frontier=    16384 next=     8192 consolidate=  1.880ms frontier=  0.302ms semisort=  0.954ms (keyed= 0.015ms group_by=  0.265ms per_group= 0.227ms)
[pe] round=  4 work=     8192 frontier=     8192 next=     4096 consolidate=  1.197ms frontier=  0.326ms semisort=  1.017ms (keyed= 0.010ms group_by=  0.580ms per_group= 0.123ms)
[pe] round=  5 work=     4096 frontier=     4096 next=     2048 consolidate=  0.755ms frontier=  0.203ms semisort=  0.525ms (keyed= 0.009ms group_by=  0.288ms per_group= 0.066ms)
[pe] round=  6 work=     2048 frontier=     2048 next=     1024 consolidate=  0.300ms frontier=  0.103ms semisort=  0.282ms (keyed= 0.007ms group_by=  0.142ms per_group= 0.038ms)
[pe] round=  7 work=     1024 frontier=     1024 next=      512 consolidate=  0.165ms frontier=  0.080ms semisort=  0.150ms (keyed= 0.004ms group_by=  0.071ms per_group= 0.024ms)
[pe] round=  8 work=      512 frontier=      512 next=      256 consolidate=  0.092ms frontier=  0.032ms semisort=  0.099ms (keyed= 0.003ms group_by=  0.036ms per_group= 0.027ms)
[pe] round=  9 work=      256 frontier=      256 next=      128 consolidate=  0.063ms frontier=  0.020ms semisort=  0.059ms (keyed= 0.002ms group_by=  0.017ms per_group= 0.021ms)
[pe] round= 10 work=      128 frontier=      128 next=       64 consolidate=  0.035ms frontier=  0.013ms semisort=  0.028ms (keyed= 0.001ms group_by=  0.008ms per_group= 0.007ms)
[pe] round= 11 work=       64 frontier=       64 next=       32 consolidate=  0.037ms frontier=  0.006ms semisort=  0.018ms (keyed= 0.001ms group_by=  0.005ms per_group= 0.006ms)
[pe] round= 12 work=       32 frontier=       32 next=       16 consolidate=  0.011ms frontier=  0.004ms semisort=  0.011ms (keyed= 0.000ms group_by=  0.002ms per_group= 0.003ms)
[pe] round= 13 work=       16 frontier=       16 next=        8 consolidate=  0.010ms frontier=  0.002ms semisort=  0.006ms (keyed= 0.000ms group_by=  0.001ms per_group= 0.002ms)
[pe] round= 14 work=        8 frontier=        8 next=        4 consolidate=  0.005ms frontier=  0.002ms semisort=  0.004ms (keyed= 0.000ms group_by=  0.001ms per_group= 0.001ms)
[pe] round= 15 work=        4 frontier=        4 next=        2 consolidate=  0.003ms frontier=  0.001ms semisort=  0.003ms (keyed= 0.000ms group_by=  0.001ms per_group= 0.001ms)
[pe] round= 16 work=        2 frontier=        0 next=        0 consolidate=  0.002ms frontier=  0.001ms semisort=  0.000ms (break)
[pe] round=  0 work=      350 frontier=   122500 next=    61250 consolidate=  0.124ms frontier=  0.059ms semisort=  5.563ms (keyed= 0.070ms group_by=  2.402ms per_group= 1.403ms)
[pe] round=  1 work=    61250 frontier=    61250 next=    28482 consolidate=  4.673ms frontier=  0.805ms semisort=  3.193ms (keyed= 0.045ms group_by=  1.048ms per_group= 0.685ms)
[pe] round=  2 work=    28482 frontier=    28482 next=    16384 consolidate=  2.429ms frontier=  0.537ms semisort=  1.418ms (keyed= 0.019ms group_by=  0.432ms per_group= 0.372ms)
[pe] round=  3 work=    16384 frontier=    16384 next=     8192 consolidate=  1.859ms frontier=  0.300ms semisort=  0.882ms (keyed= 0.015ms group_by=  0.285ms per_group= 0.214ms)
[pe] round=  4 work=     8192 frontier=     8192 next=     4096 consolidate=  1.009ms frontier=  0.329ms semisort=  1.003ms (keyed= 0.010ms group_by=  0.578ms per_group= 0.118ms)
[pe] round=  5 work=     4096 frontier=     4096 next=     2048 consolidate=  0.749ms frontier=  0.203ms semisort=  0.518ms (keyed= 0.009ms group_by=  0.279ms per_group= 0.071ms)
[pe] round=  6 work=     2048 frontier=     2048 next=     1024 consolidate=  0.303ms frontier=  0.104ms semisort=  0.278ms (keyed= 0.005ms group_by=  0.138ms per_group= 0.042ms)
[pe] round=  7 work=     1024 frontier=     1024 next=      512 consolidate=  0.157ms frontier=  0.081ms semisort=  0.148ms (keyed= 0.004ms group_by=  0.071ms per_group= 0.023ms)
[pe] round=  8 work=      512 frontier=      512 next=      256 consolidate=  0.100ms frontier=  0.032ms semisort=  0.113ms (keyed= 0.002ms group_by=  0.036ms per_group= 0.041ms)
[pe] round=  9 work=      256 frontier=      256 next=      128 consolidate=  0.068ms frontier=  0.020ms semisort=  0.059ms (keyed= 0.002ms group_by=  0.017ms per_group= 0.021ms)
[pe] round= 10 work=      128 frontier=      128 next=       64 consolidate=  0.034ms frontier=  0.013ms semisort=  0.029ms (keyed= 0.001ms group_by=  0.009ms per_group= 0.007ms)
[pe] round= 11 work=       64 frontier=       64 next=       32 consolidate=  0.038ms frontier=  0.006ms semisort=  0.018ms (keyed= 0.001ms group_by=  0.005ms per_group= 0.006ms)
[pe] round= 12 work=       32 frontier=       32 next=       16 consolidate=  0.011ms frontier=  0.004ms semisort=  0.010ms (keyed= 0.000ms group_by=  0.002ms per_group= 0.003ms)
[pe] round= 13 work=       16 frontier=       16 next=        8 consolidate=  0.010ms frontier=  0.003ms semisort=  0.006ms (keyed= 0.000ms group_by=  0.001ms per_group= 0.002ms)
[pe] round= 14 work=        8 frontier=        8 next=        4 consolidate=  0.005ms frontier=  0.002ms semisort=  0.004ms (keyed= 0.000ms group_by=  0.001ms per_group= 0.001ms)
[pe] round= 15 work=        4 frontier=        4 next=        2 consolidate=  0.003ms frontier=  0.001ms semisort=  0.003ms (keyed= 0.000ms group_by=  0.001ms per_group= 0.001ms)
[pe] round= 16 work=        2 frontier=        0 next=        0 consolidate=  0.002ms frontier=  0.001ms semisort=  0.000ms (break)
