[synthetic_bench] grid n=180 d=2 classes=129958 merges=180 ...
[pe] round=  0 work=      360 frontier=   129600 next=    64800 consolidate=  3.308ms frontier=  0.093ms semisort= 14.136ms (keyed= 0.177ms group_by= 11.912ms per_group= 0.930ms)
[pe] round=  1 work=    64800 frontier=    64800 next=    32032 consolidate=  1.862ms frontier=  0.599ms semisort=  2.895ms (keyed= 0.056ms group_by=  1.416ms per_group= 0.309ms)
[pe] round=  2 work=    32032 frontier=    32032 next=    16384 consolidate=  1.131ms frontier=  0.502ms semisort=  2.182ms (keyed= 0.034ms group_by=  1.197ms per_group= 0.435ms)
[pe] round=  3 work=    16384 frontier=    16384 next=     8192 consolidate=  1.710ms frontier=  0.283ms semisort=  0.755ms (keyed= 0.024ms group_by=  0.380ms per_group= 0.110ms)
[pe] round=  4 work=     8192 frontier=     8192 next=     4096 consolidate=  1.074ms frontier=  0.351ms semisort=  1.682ms (keyed= 0.023ms group_by=  1.187ms per_group= 0.152ms)
[pe] round=  5 work=     4096 frontier=     4096 next=     2048 consolidate=  0.611ms frontier=  0.243ms semisort=  1.136ms (keyed= 0.022ms group_by=  0.766ms per_group= 0.156ms)
[pe] round=  6 work=     2048 frontier=     2048 next=     1024 consolidate=  0.506ms frontier=  0.117ms semisort=  0.462ms (keyed= 0.013ms group_by=  0.266ms per_group= 0.058ms)
[pe] round=  7 work=     1024 frontier=     1024 next=      512 consolidate=  0.153ms frontier=  0.087ms semisort=  0.270ms (keyed= 0.008ms group_by=  0.125ms per_group= 0.047ms)
[pe] round=  8 work=      512 frontier=      512 next=      256 consolidate=  0.137ms frontier=  0.057ms semisort=  0.183ms (keyed= 0.005ms group_by=  0.075ms per_group= 0.035ms)
[pe] round=  9 work=      256 frontier=      256 next=      128 consolidate=  0.086ms frontier=  0.047ms semisort=  0.126ms (keyed= 0.003ms group_by=  0.037ms per_group= 0.035ms)
[pe] round= 10 work=      128 frontier=      128 next=       64 consolidate=  0.068ms frontier=  0.040ms semisort=  0.092ms (keyed= 0.002ms group_by=  0.019ms per_group= 0.034ms)
[pe] round= 11 work=       64 frontier=       64 next=       32 consolidate=  0.052ms frontier=  0.024ms semisort=  0.058ms (keyed= 0.001ms group_by=  0.010ms per_group= 0.024ms)
[pe] round= 12 work=       32 frontier=       32 next=       16 consolidate=  0.035ms frontier=  0.007ms semisort=  0.037ms (keyed= 0.001ms group_by=  0.006ms per_group= 0.009ms)
[pe] round= 13 work=       16 frontier=       16 next=        8 consolidate=  0.017ms frontier=  0.006ms semisort=  0.011ms (keyed= 0.001ms group_by=  0.003ms per_group= 0.003ms)
[pe] round= 14 work=        8 frontier=        8 next=        4 consolidate=  0.012ms frontier=  0.004ms semisort=  0.008ms (keyed= 0.001ms group_by=  0.002ms per_group= 0.002ms)
[pe] round= 15 work=        4 frontier=        4 next=        2 consolidate=  0.006ms frontier=  0.002ms semisort=  0.004ms (keyed= 0.000ms group_by=  0.001ms per_group= 0.001ms)
[pe] round= 16 work=        2 frontier=        0 next=        0 consolidate=  0.004ms frontier=  0.001ms semisort=  0.000ms (break)
[pe] round=  0 work=      360 frontier=   129600 next=    64800 consolidate=  0.099ms frontier=  0.065ms semisort=  3.061ms (keyed= 0.080ms group_by=  1.737ms per_group= 0.349ms)
[pe] round=  1 work=    64800 frontier=    64800 next=    32032 consolidate=  1.455ms frontier=  0.598ms semisort=  2.253ms (keyed= 0.051ms group_by=  1.251ms per_group= 0.291ms)
[pe] round=  2 work=    32032 frontier=    32032 next=    16384 consolidate=  1.004ms frontier=  0.442ms semisort=  1.438ms (keyed= 0.032ms group_by=  0.671ms per_group= 0.330ms)
[pe] round=  3 work=    16384 frontier=    16384 next=     8192 consolidate=  1.480ms frontier=  0.285ms semisort=  0.790ms (keyed= 0.042ms group_by=  0.384ms per_group= 0.125ms)
[pe] round=  4 work=     8192 frontier=     8192 next=     4096 consolidate=  0.938ms frontier=  0.352ms semisort=  2.731ms (keyed= 0.021ms group_by=  2.281ms per_group= 0.079ms)
[pe] round=  5 work=     4096 frontier=     4096 next=     2048 consolidate=  1.009ms frontier=  0.211ms semisort=  1.106ms (keyed= 0.019ms group_by=  0.809ms per_group= 0.072ms)
[pe] round=  6 work=     2048 frontier=     2048 next=     1024 consolidate=  0.277ms frontier=  0.132ms semisort=  0.503ms (keyed= 0.013ms group_by=  0.302ms per_group= 0.050ms)
[pe] round=  7 work=     1024 frontier=     1024 next=      512 consolidate=  0.167ms frontier=  0.084ms semisort=  0.275ms (keyed= 0.007ms group_by=  0.141ms per_group= 0.044ms)
[pe] round=  8 work=      512 frontier=      512 next=      256 consolidate=  0.120ms frontier=  0.070ms semisort=  0.212ms (keyed= 0.007ms group_by=  0.083ms per_group= 0.039ms)
[pe] round=  9 work=      256 frontier=      256 next=      128 consolidate=  0.086ms frontier=  0.047ms semisort=  0.127ms (keyed= 0.003ms group_by=  0.040ms per_group= 0.032ms)
[pe] round= 10 work=      128 frontier=      128 next=       64 consolidate=  0.083ms frontier=  0.032ms semisort=  0.090ms (keyed= 0.003ms group_by=  0.022ms per_group= 0.026ms)
[pe] round= 11 work=       64 frontier=       64 next=       32 consolidate=  0.044ms frontier=  0.022ms semisort=  0.053ms (keyed= 0.002ms group_by=  0.011ms per_group= 0.016ms)
[pe] round= 12 work=       32 frontier=       32 next=       16 consolidate=  0.038ms frontier=  0.011ms semisort=  0.025ms (keyed= 0.001ms group_by=  0.005ms per_group= 0.011ms)
[pe] round= 13 work=       16 frontier=       16 next=        8 consolidate=  0.026ms frontier=  0.006ms semisort=  0.013ms (keyed= 0.001ms group_by=  0.003ms per_group= 0.004ms)
[pe] round= 14 work=        8 frontier=        8 next=        4 consolidate=  0.017ms frontier=  0.004ms semisort=  0.009ms (keyed= 0.001ms group_by=  0.002ms per_group= 0.002ms)
[pe] round= 15 work=        4 frontier=        4 next=        2 consolidate=  0.008ms frontier=  0.003ms semisort=  0.006ms (keyed= 0.001ms group_by=  0.001ms per_group= 0.001ms)
[pe] round= 16 work=        2 frontier=        0 next=        0 consolidate=  0.005ms frontier=  0.001ms semisort=  0.000ms (break)
[pe] round=  0 work=      360 frontier=   129600 next=    64800 consolidate=  0.103ms frontier=  0.065ms semisort=  3.597ms (keyed= 0.078ms group_by=  2.002ms per_group= 0.781ms)
[pe] round=  1 work=    64800 frontier=    64800 next=    32032 consolidate=  1.392ms frontier=  0.551ms semisort=  2.075ms (keyed= 0.082ms group_by=  1.126ms per_group= 0.260ms)
[pe] round=  2 work=    32032 frontier=    32032 next=    16384 consolidate=  1.020ms frontier=  0.355ms semisort=  1.391ms (keyed= 0.030ms group_by=  0.684ms per_group= 0.334ms)
[pe] round=  3 work=    16384 frontier=    16384 next=     8192 consolidate=  1.451ms frontier=  0.252ms semisort=  0.806ms (keyed= 0.028ms group_by=  0.429ms per_group= 0.112ms)
[pe] round=  4 work=     8192 frontier=     8192 next=     4096 consolidate=  0.954ms frontier=  0.345ms semisort=  1.641ms (keyed= 0.020ms group_by=  1.230ms per_group= 0.083ms)
[pe] round=  5 work=     4096 frontier=     4096 next=     2048 consolidate=  0.854ms frontier=  0.190ms semisort=  0.786ms (keyed= 0.017ms group_by=  0.522ms per_group= 0.064ms)
[pe] round=  6 work=     2048 frontier=     2048 next=     1024 consolidate=  0.229ms frontier=  0.114ms semisort=  0.693ms (keyed= 0.010ms group_by=  0.526ms per_group= 0.043ms)
[pe] round=  7 work=     1024 frontier=     1024 next=      512 consolidate=  0.154ms frontier=  0.078ms semisort=  0.275ms (keyed= 0.009ms group_by=  0.126ms per_group= 0.046ms)
[pe] round=  8 work=      512 frontier=      512 next=      256 consolidate=  0.122ms frontier=  0.061ms semisort=  0.169ms (keyed= 0.004ms group_by=  0.067ms per_group= 0.030ms)
[pe] round=  9 work=      256 frontier=      256 next=      128 consolidate=  0.085ms frontier=  0.048ms semisort=  0.132ms (keyed= 0.002ms group_by=  0.035ms per_group= 0.031ms)
[pe] round= 10 work=      128 frontier=      128 next=       64 consolidate=  0.078ms frontier=  0.025ms semisort=  0.069ms (keyed= 0.002ms group_by=  0.018ms per_group= 0.021ms)
[pe] round= 11 work=       64 frontier=       64 next=       32 consolidate=  0.060ms frontier=  0.023ms semisort=  0.053ms (keyed= 0.001ms group_by=  0.010ms per_group= 0.021ms)
[pe] round= 12 work=       32 frontier=       32 next=       16 consolidate=  0.030ms frontier=  0.009ms semisort=  0.021ms (keyed= 0.001ms group_by=  0.006ms per_group= 0.007ms)
[pe] round= 13 work=       16 frontier=       16 next=        8 consolidate=  0.017ms frontier=  0.005ms semisort=  0.011ms (keyed= 0.001ms group_by=  0.003ms per_group= 0.003ms)
[pe] round= 14 work=        8 frontier=        8 next=        4 consolidate=  0.014ms frontier=  0.004ms semisort=  0.008ms (keyed= 0.001ms group_by=  0.002ms per_group= 0.002ms)
[pe] round= 15 work=        4 frontier=        4 next=        2 consolidate=  0.007ms frontier=  0.002ms semisort=  0.005ms (keyed= 0.000ms group_by=  0.001ms per_group= 0.001ms)
[pe] round= 16 work=        2 frontier=        0 next=        0 consolidate=  0.005ms frontier=  0.001ms semisort=  0.000ms (break)
[pe] round=  0 work=      360 frontier=   129600 next=    64800 consolidate=  0.107ms frontier=  0.064ms semisort=  3.398ms (keyed= 0.077ms group_by=  1.962ms per_group= 0.636ms)
[pe] round=  1 work=    64800 frontier=    64800 next=    32032 consolidate=  1.387ms frontier=  0.545ms semisort=  1.916ms (keyed= 0.043ms group_by=  0.961ms per_group= 0.290ms)
[pe] round=  2 work=    32032 frontier=    32032 next=    16384 consolidate=  0.922ms frontier=  0.361ms semisort=  1.295ms (keyed= 0.031ms group_by=  0.581ms per_group= 0.339ms)
[pe] round=  3 work=    16384 frontier=    16384 next=     8192 consolidate=  1.449ms frontier=  0.264ms semisort=  0.687ms (keyed= 0.024ms group_by=  0.324ms per_group= 0.116ms)
[pe] round=  4 work=     8192 frontier=     8192 next=     4096 consolidate=  1.211ms frontier=  0.343ms semisort=  1.501ms (keyed= 0.017ms group_by=  1.096ms per_group= 0.082ms)
[pe] round=  5 work=     4096 frontier=     4096 next=     2048 consolidate=  0.622ms frontier=  0.192ms semisort=  0.847ms (keyed= 0.021ms group_by=  0.579ms per_group= 0.068ms)
[pe] round=  6 work=     2048 frontier=     2048 next=     1024 consolidate=  0.229ms frontier=  0.114ms semisort=  0.474ms (keyed= 0.015ms group_by=  0.275ms per_group= 0.060ms)
[pe] round=  7 work=     1024 frontier=     1024 next=      512 consolidate=  0.153ms frontier=  0.078ms semisort=  0.279ms (keyed= 0.010ms group_by=  0.134ms per_group= 0.039ms)
[pe] round=  8 work=      512 frontier=      512 next=      256 consolidate=  0.128ms frontier=  0.054ms semisort=  0.177ms (keyed= 0.004ms group_by=  0.071ms per_group= 0.031ms)
[pe] round=  9 work=      256 frontier=      256 next=      128 consolidate=  0.095ms frontier=  0.042ms semisort=  0.112ms (keyed= 0.002ms group_by=  0.035ms per_group= 0.028ms)
[pe] round= 10 work=      128 frontier=      128 next=       64 consolidate=  0.073ms frontier=  0.032ms semisort=  0.075ms (keyed= 0.002ms group_by=  0.019ms per_group= 0.022ms)
[pe] round= 11 work=       64 frontier=       64 next=       32 consolidate=  0.052ms frontier=  0.018ms semisort=  0.045ms (keyed= 0.001ms group_by=  0.010ms per_group= 0.015ms)
[pe] round= 12 work=       32 frontier=       32 next=       16 consolidate=  0.030ms frontier=  0.011ms semisort=  0.020ms (keyed= 0.001ms group_by=  0.005ms per_group= 0.007ms)
[pe] round= 13 work=       16 frontier=       16 next=        8 consolidate=  0.023ms frontier=  0.006ms semisort=  0.011ms (keyed= 0.001ms group_by=  0.003ms per_group= 0.003ms)
[pe] round= 14 work=        8 frontier=        8 next=        4 consolidate=  0.017ms frontier=  0.004ms semisort=  0.008ms (keyed= 0.001ms group_by=  0.002ms per_group= 0.002ms)
[pe] round= 15 work=        4 frontier=        4 next=        2 consolidate=  0.007ms frontier=  0.002ms semisort=  0.004ms (keyed= 0.000ms group_by=  0.001ms per_group= 0.001ms)
[pe] round= 16 work=        2 frontier=        0 next=        0 consolidate=  0.004ms frontier=  0.001ms semisort=  0.000ms (break)
[pe] round=  0 work=      360 frontier=   129600 next=    64800 consolidate=  0.103ms frontier=  0.066ms semisort=  3.121ms (keyed= 0.073ms group_by=  1.983ms per_group= 0.347ms)
[pe] round=  1 work=    64800 frontier=    64800 next=    32032 consolidate=  1.438ms frontier=  0.534ms semisort=  1.933ms (keyed= 0.049ms group_by=  1.013ms per_group= 0.286ms)
[pe] round=  2 work=    32032 frontier=    32032 next=    16384 consolidate=  1.030ms frontier=  0.369ms semisort=  1.427ms (keyed= 0.029ms group_by=  0.598ms per_group= 0.455ms)
[pe] round=  3 work=    16384 frontier=    16384 next=     8192 consolidate=  1.451ms frontier=  0.288ms semisort=  0.682ms (keyed= 0.025ms group_by=  0.325ms per_group= 0.116ms)
[pe] round=  4 work=     8192 frontier=     8192 next=     4096 consolidate=  1.273ms frontier=  0.347ms semisort=  1.562ms (keyed= 0.017ms group_by=  1.153ms per_group= 0.086ms)
[pe] round=  5 work=     4096 frontier=     4096 next=     2048 consolidate=  0.613ms frontier=  0.185ms semisort=  0.852ms (keyed= 0.020ms group_by=  0.568ms per_group= 0.078ms)
[pe] round=  6 work=     2048 frontier=     2048 next=     1024 consolidate=  0.228ms frontier=  0.119ms semisort=  0.460ms (keyed= 0.013ms group_by=  0.271ms per_group= 0.051ms)
[pe] round=  7 work=     1024 frontier=     1024 next=      512 consolidate=  0.164ms frontier=  0.077ms semisort=  0.282ms (keyed= 0.009ms group_by=  0.152ms per_group= 0.036ms)
[pe] round=  8 work=      512 frontier=      512 next=      256 consolidate=  0.130ms frontier=  0.058ms semisort=  0.188ms (keyed= 0.004ms group_by=  0.074ms per_group= 0.039ms)
[pe] round=  9 work=      256 frontier=      256 next=      128 consolidate=  0.098ms frontier=  0.046ms semisort=  0.121ms (keyed= 0.003ms group_by=  0.038ms per_group= 0.033ms)
[pe] round= 10 work=      128 frontier=      128 next=       64 consolidate=  0.082ms frontier=  0.030ms semisort=  0.081ms (keyed= 0.002ms group_by=  0.020ms per_group= 0.023ms)
[pe] round= 11 work=       64 frontier=       64 next=       32 consolidate=  0.068ms frontier=  0.024ms semisort=  0.049ms (keyed= 0.001ms group_by=  0.010ms per_group= 0.015ms)
[pe] round= 12 work=       32 frontier=       32 next=       16 consolidate=  0.030ms frontier=  0.018ms semisort=  0.019ms (keyed= 0.001ms group_by=  0.006ms per_group= 0.006ms)
[pe] round= 13 work=       16 frontier=       16 next=        8 consolidate=  0.025ms frontier=  0.006ms semisort=  0.012ms (keyed= 0.001ms group_by=  0.003ms per_group= 0.003ms)
[pe] round= 14 work=        8 frontier=        8 next=        4 consolidate=  0.015ms frontier=  0.004ms semisort=  0.008ms (keyed= 0.001ms group_by=  0.002ms per_group= 0.002ms)
[pe] round= 15 work=        4 frontier=        4 next=        2 consolidate=  0.007ms frontier=  0.002ms semisort=  0.005ms (keyed= 0.000ms group_by=  0.001ms per_group= 0.001ms)
[pe] round= 16 work=        2 frontier=        0 next=        0 consolidate=  0.004ms frontier=  0.001ms semisort=  0.000ms (break)
[pe] round=  0 work=      360 frontier=   129600 next=    64800 consolidate=  0.105ms frontier=  0.066ms semisort=  3.500ms (keyed= 0.079ms group_by=  2.036ms per_group= 0.684ms)
[pe] round=  1 work=    64800 frontier=    64800 next=    32032 consolidate=  1.504ms frontier=  0.495ms semisort=  1.778ms (keyed= 0.046ms group_by=  0.986ms per_group= 0.240ms)
[pe] round=  2 work=    32032 frontier=    32032 next=    16384 consolidate=  0.873ms frontier=  0.383ms semisort=  1.322ms (keyed= 0.030ms group_by=  0.647ms per_group= 0.300ms)
[pe] round=  3 work=    16384 frontier=    16384 next=     8192 consolidate=  1.449ms frontier=  0.279ms semisort=  0.672ms (keyed= 0.027ms group_by=  0.315ms per_group= 0.111ms)
[pe] round=  4 work=     8192 frontier=     8192 next=     4096 consolidate=  1.246ms frontier=  0.344ms semisort=  1.494ms (keyed= 0.018ms group_by=  1.093ms per_group= 0.082ms)
[pe] round=  5 work=     4096 frontier=     4096 next=     2048 consolidate=  0.621ms frontier=  0.189ms semisort=  0.829ms (keyed= 0.023ms group_by=  0.560ms per_group= 0.069ms)
[pe] round=  6 work=     2048 frontier=     2048 next=     1024 consolidate=  0.227ms frontier=  0.120ms semisort=  0.467ms (keyed= 0.013ms group_by=  0.279ms per_group= 0.049ms)
[pe] round=  7 work=     1024 frontier=     1024 next=      512 consolidate=  0.151ms frontier=  0.076ms semisort=  0.268ms (keyed= 0.009ms group_by=  0.133ms per_group= 0.045ms)
[pe] round=  8 work=      512 frontier=      512 next=      256 consolidate=  0.118ms frontier=  0.057ms semisort=  0.186ms (keyed= 0.004ms group_by=  0.069ms per_group= 0.045ms)
[pe] round=  9 work=      256 frontier=      256 next=      128 consolidate=  0.100ms frontier=  0.054ms semisort=  0.106ms (keyed= 0.002ms group_by=  0.036ms per_group= 0.025ms)
[pe] round= 10 work=      128 frontier=      128 next=       64 consolidate=  0.081ms frontier=  0.033ms semisort=  0.070ms (keyed= 0.002ms group_by=  0.018ms per_group= 0.020ms)
[pe] round= 11 work=       64 frontier=       64 next=       32 consolidate=  0.044ms frontier=  0.016ms semisort=  0.050ms (keyed= 0.001ms group_by=  0.010ms per_group= 0.017ms)
[pe] round= 12 work=       32 frontier=       32 next=       16 consolidate=  0.027ms frontier=  0.011ms semisort=  0.023ms (keyed= 0.001ms group_by=  0.006ms per_group= 0.010ms)
[pe] round= 13 work=       16 frontier=       16 next=        8 consolidate=  0.024ms frontier=  0.006ms semisort=  0.011ms (keyed= 0.001ms group_by=  0.003ms per_group= 0.003ms)
[pe] round= 14 work=        8 frontier=        8 next=        4 consolidate=  0.013ms frontier=  0.004ms semisort=  0.007ms (keyed= 0.001ms group_by=  0.002ms per_group= 0.002ms)
[pe] round= 15 work=        4 frontier=        4 next=        2 consolidate=  0.005ms frontier=  0.001ms semisort=  0.003ms (keyed= 0.000ms group_by=  0.001ms per_group= 0.001ms)
[pe] round= 16 work=        2 frontier=        0 next=        0 consolidate=  0.003ms frontier=  0.001ms semisort=  0.000ms (break)
