=== trial 0 (T=32) ===
[pe] round=  0 work=      643 frontier=     1230 next=      118 consolidate=  2.791ms frontier=  0.363ms semisort=  1.773ms (keyed= 0.000ms group_by=  1.452ms per_group= 0.249ms)
[pe] round=  1 work=      118 frontier=      576 next=        8 consolidate=  0.361ms frontier=  0.007ms semisort=  0.375ms (keyed= 0.000ms group_by=  0.318ms per_group= 0.020ms)
[pe] round=  2 work=        8 frontier=       48 next=        0 consolidate=  0.007ms frontier=  0.002ms semisort=  0.017ms (keyed= 0.000ms group_by=  0.007ms per_group= 0.002ms)
timing: read=0.22ms parse=1.39ms build=8.56ms close=6.19ms check=0.00ms dtor=0.06ms
=== trial 1 (T=32) ===
[pe] round=  0 work=      643 frontier=     1230 next=      118 consolidate=  2.618ms frontier=  0.387ms semisort=  1.681ms (keyed= 0.000ms group_by=  1.381ms per_group= 0.222ms)
[pe] round=  1 work=      118 frontier=      576 next=        8 consolidate=  0.458ms frontier=  0.007ms semisort=  0.264ms (keyed= 0.000ms group_by=  0.202ms per_group= 0.021ms)
[pe] round=  2 work=        8 frontier=       48 next=        0 consolidate=  0.006ms frontier=  0.001ms semisort=  0.016ms (keyed= 0.000ms group_by=  0.007ms per_group= 0.002ms)
timing: read=0.20ms parse=1.36ms build=8.08ms close=5.78ms check=0.00ms dtor=0.05ms
=== trial 2 (T=32) ===
[pe] round=  0 work=      643 frontier=     1230 next=      118 consolidate=  3.149ms frontier=  0.251ms semisort=  1.691ms (keyed= 0.000ms group_by=  1.317ms per_group= 0.295ms)
[pe] round=  1 work=      118 frontier=      576 next=        8 consolidate=  0.213ms frontier=  0.007ms semisort=  0.374ms (keyed= 0.000ms group_by=  0.180ms per_group= 0.159ms)
[pe] round=  2 work=        8 frontier=       48 next=        0 consolidate=  0.006ms frontier=  0.001ms semisort=  0.015ms (keyed= 0.000ms group_by=  0.007ms per_group= 0.001ms)
timing: read=0.22ms parse=1.36ms build=7.45ms close=6.19ms check=0.00ms dtor=0.05ms
=== trial 3 (T=32) ===
[pe] round=  0 work=      643 frontier=     1230 next=      118 consolidate=  3.849ms frontier=  0.368ms semisort=  1.650ms (keyed= 0.000ms group_by=  1.192ms per_group= 0.372ms)
[pe] round=  1 work=      118 frontier=      576 next=        8 consolidate=  0.631ms frontier=  0.008ms semisort=  0.238ms (keyed= 0.000ms group_by=  0.176ms per_group= 0.023ms)
[pe] round=  2 work=        8 frontier=       48 next=        0 consolidate=  0.006ms frontier=  0.001ms semisort=  0.014ms (keyed= 0.000ms group_by=  0.007ms per_group= 0.001ms)
timing: read=0.22ms parse=1.36ms build=7.93ms close=7.27ms check=0.00ms dtor=0.06ms
=== trial 4 (T=32) ===
[pe] round=  0 work=      643 frontier=     1230 next=      118 consolidate=  4.942ms frontier=  0.323ms semisort=  1.288ms (keyed= 0.000ms group_by=  1.119ms per_group= 0.071ms)
[pe] round=  1 work=      118 frontier=      576 next=        8 consolidate=  0.348ms frontier=  0.007ms semisort=  0.381ms (keyed= 0.000ms group_by=  0.318ms per_group= 0.022ms)
[pe] round=  2 work=        8 frontier=       48 next=        0 consolidate=  0.006ms frontier=  0.002ms semisort=  0.020ms (keyed= 0.000ms group_by=  0.007ms per_group= 0.002ms)
timing: read=0.32ms parse=1.39ms build=9.13ms close=7.82ms check=0.00ms dtor=0.05ms
