=== trial 0 (T=8) ===
[pe] round=  0 work=      526 frontier=     1034 next=       98 consolidate=  0.845ms frontier=  0.182ms semisort=  0.681ms (keyed= 0.000ms group_by=  0.527ms per_group= 0.060ms)
[pe] round=  1 work=       98 frontier=      509 next=       10 consolidate=  0.280ms frontier=  0.006ms semisort=  0.097ms (keyed= 0.000ms group_by=  0.046ms per_group= 0.013ms)
[pe] round=  2 work=       10 frontier=       35 next=        0 consolidate=  0.006ms frontier=  0.001ms semisort=  0.012ms (keyed= 0.000ms group_by=  0.005ms per_group= 0.001ms)
timing: read=0.21ms parse=1.37ms build=3.52ms close=2.37ms check=0.00ms dtor=0.07ms
=== trial 1 (T=8) ===
[pe] round=  0 work=      526 frontier=     1034 next=       98 consolidate=  0.809ms frontier=  0.411ms semisort=  0.509ms (keyed= 0.000ms group_by=  0.347ms per_group= 0.068ms)
[pe] round=  1 work=       98 frontier=      509 next=       10 consolidate=  0.261ms frontier=  0.008ms semisort=  0.107ms (keyed= 0.000ms group_by=  0.044ms per_group= 0.015ms)
[pe] round=  2 work=       10 frontier=       35 next=        0 consolidate=  0.006ms frontier=  0.001ms semisort=  0.011ms (keyed= 0.000ms group_by=  0.005ms per_group= 0.001ms)
timing: read=0.23ms parse=1.36ms build=3.57ms close=2.41ms check=0.00ms dtor=0.07ms
=== trial 2 (T=8) ===
[pe] round=  0 work=      526 frontier=     1034 next=       98 consolidate=  0.701ms frontier=  0.334ms semisort=  0.751ms (keyed= 0.000ms group_by=  0.429ms per_group= 0.231ms)
[pe] round=  1 work=       98 frontier=      509 next=       10 consolidate=  0.042ms frontier=  0.006ms semisort=  0.109ms (keyed= 0.000ms group_by=  0.045ms per_group= 0.016ms)
[pe] round=  2 work=       10 frontier=       35 next=        0 consolidate=  0.005ms frontier=  0.001ms semisort=  0.017ms (keyed= 0.000ms group_by=  0.005ms per_group= 0.001ms)
timing: read=0.20ms parse=1.39ms build=3.49ms close=2.35ms check=0.00ms dtor=0.07ms
=== trial 3 (T=8) ===
[pe] round=  0 work=      526 frontier=     1034 next=       98 consolidate=  0.826ms frontier=  0.336ms semisort=  0.587ms (keyed= 0.000ms group_by=  0.417ms per_group= 0.067ms)
[pe] round=  1 work=       98 frontier=      509 next=       10 consolidate=  0.483ms frontier=  0.162ms semisort=  0.106ms (keyed= 0.000ms group_by=  0.041ms per_group= 0.018ms)
[pe] round=  2 work=       10 frontier=       35 next=        0 consolidate=  0.009ms frontier=  0.002ms semisort=  0.012ms (keyed= 0.000ms group_by=  0.006ms per_group= 0.001ms)
timing: read=0.19ms parse=1.43ms build=3.85ms close=2.78ms check=0.00ms dtor=0.06ms
=== trial 4 (T=8) ===
[pe] round=  0 work=      526 frontier=     1034 next=       98 consolidate=  0.848ms frontier=  0.416ms semisort=  0.777ms (keyed= 0.000ms group_by=  0.469ms per_group= 0.215ms)
[pe] round=  1 work=       98 frontier=      509 next=       10 consolidate=  0.192ms frontier=  0.007ms semisort=  0.100ms (keyed= 0.000ms group_by=  0.046ms per_group= 0.014ms)
[pe] round=  2 work=       10 frontier=       35 next=        0 consolidate=  0.005ms frontier=  0.001ms semisort=  0.011ms (keyed= 0.000ms group_by=  0.005ms per_group= 0.002ms)
timing: read=0.22ms parse=1.36ms build=3.49ms close=2.71ms check=0.00ms dtor=0.07ms
