=== trial 0 (T=4) ===
[pe] round=  0 work=    87571 frontier=   152433 next=    21951 consolidate= 11.784ms frontier=  2.929ms semisort= 15.610ms (keyed= 0.000ms group_by=  5.218ms per_group= 2.188ms)
[pe] round=  1 work=    21951 frontier=   146310 next=    14870 consolidate=  3.860ms frontier=  0.787ms semisort= 14.419ms (keyed= 0.000ms group_by=  4.376ms per_group= 1.826ms)
[pe] round=  2 work=    14870 frontier=   149481 next=    10014 consolidate=  2.629ms frontier=  0.535ms semisort= 12.308ms (keyed= 0.000ms group_by=  3.671ms per_group= 1.416ms)
[pe] round=  3 work=    10014 frontier=   172870 next=     6596 consolidate=  2.109ms frontier=  0.402ms semisort= 12.051ms (keyed= 0.000ms group_by=  3.965ms per_group= 1.077ms)
[pe] round=  4 work=     6596 frontier=   187232 next=     3571 consolidate=  1.383ms frontier=  0.343ms semisort= 12.837ms (keyed= 0.000ms group_by=  4.547ms per_group= 0.839ms)
[pe] round=  5 work=     3571 frontier=   191801 next=     1816 consolidate=  0.766ms frontier=  0.251ms semisort= 11.308ms (keyed= 0.000ms group_by=  4.110ms per_group= 0.591ms)
[pe] round=  6 work=     1816 frontier=   192169 next=     1296 consolidate=  0.499ms frontier=  0.215ms semisort= 10.577ms (keyed= 0.000ms group_by=  3.962ms per_group= 0.595ms)
[pe] round=  7 work=     1296 frontier=   194969 next=      659 consolidate=  0.400ms frontier=  0.236ms semisort= 10.428ms (keyed= 0.000ms group_by=  3.906ms per_group= 0.520ms)
[pe] round=  8 work=      659 frontier=   195547 next=      344 consolidate=  0.258ms frontier=  0.181ms semisort=  9.695ms (keyed= 0.000ms group_by=  3.652ms per_group= 0.427ms)
[pe] round=  9 work=      344 frontier=   196055 next=      207 consolidate=  0.169ms frontier=  0.137ms semisort=  9.547ms (keyed= 0.000ms group_by=  3.329ms per_group= 0.399ms)
[pe] round= 10 work=      207 frontier=   196324 next=      101 consolidate=  0.135ms frontier=  0.141ms semisort=  9.238ms (keyed= 0.000ms group_by=  3.379ms per_group= 0.355ms)
[pe] round= 11 work=      101 frontier=   196425 next=       38 consolidate=  0.103ms frontier=  0.111ms semisort=  9.112ms (keyed= 0.000ms group_by=  3.839ms per_group= 0.263ms)
[pe] round= 12 work=       38 frontier=   196489 next=       26 consolidate=  0.093ms frontier=  0.108ms semisort=  9.736ms (keyed= 0.000ms group_by=  3.678ms per_group= 0.274ms)
[pe] round= 13 work=       26 frontier=   196515 next=       11 consolidate=  0.080ms frontier=  0.105ms semisort=  8.108ms (keyed= 0.000ms group_by=  3.344ms per_group= 0.210ms)
[pe] round= 14 work=       11 frontier=   196524 next=        6 consolidate=  0.071ms frontier=  0.114ms semisort=  9.315ms (keyed= 0.000ms group_by=  3.531ms per_group= 0.214ms)
[pe] round= 15 work=        6 frontier=   196528 next=        2 consolidate=  0.073ms frontier=  0.106ms semisort=  8.582ms (keyed= 0.000ms group_by=  3.222ms per_group= 0.196ms)
[pe] round= 16 work=        2 frontier=     2487 next=        0 consolidate=  0.007ms frontier=  0.007ms semisort=  0.236ms (keyed= 0.000ms group_by=  0.152ms per_group= 0.009ms)
timing: read=15.22ms parse=326.59ms build=410.47ms close=208.71ms check=0.00ms dtor=8.57ms
=== trial 1 (T=4) ===
[pe] round=  0 work=    87571 frontier=   152433 next=    21951 consolidate= 11.852ms frontier=  3.114ms semisort= 16.104ms (keyed= 0.000ms group_by=  5.605ms per_group= 2.290ms)
[pe] round=  1 work=    21951 frontier=   146310 next=    14870 consolidate=  3.967ms frontier=  0.782ms semisort= 14.596ms (keyed= 0.000ms group_by=  4.609ms per_group= 1.911ms)
[pe] round=  2 work=    14870 frontier=   149481 next=    10014 consolidate=  2.666ms frontier=  0.528ms semisort= 12.080ms (keyed= 0.000ms group_by=  3.754ms per_group= 1.274ms)
[pe] round=  3 work=    10014 frontier=   172870 next=     6596 consolidate=  2.060ms frontier=  0.494ms semisort= 11.337ms (keyed= 0.000ms group_by=  3.590ms per_group= 1.103ms)
[pe] round=  4 work=     6596 frontier=   187232 next=     3571 consolidate=  1.308ms frontier=  0.331ms semisort= 11.560ms (keyed= 0.000ms group_by=  4.137ms per_group= 0.794ms)
[pe] round=  5 work=     3571 frontier=   191801 next=     1816 consolidate=  0.832ms frontier=  0.245ms semisort= 10.586ms (keyed= 0.000ms group_by=  3.947ms per_group= 0.567ms)
[pe] round=  6 work=     1816 frontier=   192169 next=     1296 consolidate=  0.535ms frontier=  0.224ms semisort=  9.538ms (keyed= 0.000ms group_by=  3.572ms per_group= 0.508ms)
[pe] round=  7 work=     1296 frontier=   194969 next=      659 consolidate=  0.442ms frontier=  0.228ms semisort= 10.667ms (keyed= 0.000ms group_by=  4.364ms per_group= 0.480ms)
[pe] round=  8 work=      659 frontier=   195547 next=      344 consolidate=  0.242ms frontier=  0.186ms semisort= 10.300ms (keyed= 0.000ms group_by=  3.859ms per_group= 0.379ms)
[pe] round=  9 work=      344 frontier=   196055 next=      207 consolidate=  0.168ms frontier=  0.139ms semisort= 10.792ms (keyed= 0.000ms group_by=  4.429ms per_group= 0.383ms)
[pe] round= 10 work=      207 frontier=   196324 next=      101 consolidate=  0.156ms frontier=  0.163ms semisort= 10.548ms (keyed= 0.000ms group_by=  4.545ms per_group= 0.316ms)
[pe] round= 11 work=      101 frontier=   196425 next=       38 consolidate=  0.131ms frontier=  0.132ms semisort=  9.680ms (keyed= 0.000ms group_by=  3.449ms per_group= 0.203ms)
[pe] round= 12 work=       38 frontier=   196489 next=       26 consolidate=  0.098ms frontier=  0.149ms semisort=  9.781ms (keyed= 0.000ms group_by=  4.685ms per_group= 0.107ms)
[pe] round= 13 work=       26 frontier=   196515 next=       11 consolidate=  0.093ms frontier=  0.119ms semisort=  8.114ms (keyed= 0.000ms group_by=  3.531ms per_group= 0.165ms)
[pe] round= 14 work=       11 frontier=   196524 next=        6 consolidate=  0.072ms frontier=  0.122ms semisort=  8.539ms (keyed= 0.000ms group_by=  4.430ms per_group= 0.175ms)
[pe] round= 15 work=        6 frontier=   196528 next=        2 consolidate=  0.080ms frontier=  0.121ms semisort=  9.114ms (keyed= 0.000ms group_by=  3.610ms per_group= 0.146ms)
[pe] round= 16 work=        2 frontier=     2487 next=        0 consolidate=  0.005ms frontier=  0.013ms semisort=  0.221ms (keyed= 0.000ms group_by=  0.142ms per_group= 0.010ms)
timing: read=15.05ms parse=326.06ms build=389.73ms close=209.82ms check=0.00ms dtor=8.80ms
=== trial 2 (T=4) ===
[pe] round=  0 work=    87571 frontier=   152433 next=    21951 consolidate= 12.246ms frontier=  3.126ms semisort= 15.707ms (keyed= 0.000ms group_by=  5.554ms per_group= 2.221ms)
[pe] round=  1 work=    21951 frontier=   146310 next=    14870 consolidate=  4.007ms frontier=  0.838ms semisort= 14.915ms (keyed= 0.000ms group_by=  4.521ms per_group= 1.849ms)
[pe] round=  2 work=    14870 frontier=   149481 next=    10014 consolidate=  2.618ms frontier=  0.543ms semisort= 12.641ms (keyed= 0.000ms group_by=  3.634ms per_group= 1.272ms)
[pe] round=  3 work=    10014 frontier=   172870 next=     6596 consolidate=  2.099ms frontier=  0.454ms semisort= 11.521ms (keyed= 0.000ms group_by=  3.529ms per_group= 1.030ms)
[pe] round=  4 work=     6596 frontier=   187232 next=     3571 consolidate=  1.417ms frontier=  0.354ms semisort= 11.042ms (keyed= 0.000ms group_by=  3.631ms per_group= 0.762ms)
[pe] round=  5 work=     3571 frontier=   191801 next=     1816 consolidate=  0.904ms frontier=  0.249ms semisort= 11.126ms (keyed= 0.000ms group_by=  3.460ms per_group= 0.636ms)
[pe] round=  6 work=     1816 frontier=   192169 next=     1296 consolidate=  0.522ms frontier=  0.224ms semisort=  9.824ms (keyed= 0.000ms group_by=  3.201ms per_group= 0.475ms)
[pe] round=  7 work=     1296 frontier=   194969 next=      659 consolidate=  0.429ms frontier=  0.204ms semisort= 10.274ms (keyed= 0.000ms group_by=  3.761ms per_group= 0.560ms)
[pe] round=  8 work=      659 frontier=   195547 next=      344 consolidate=  0.267ms frontier=  0.180ms semisort=  9.689ms (keyed= 0.000ms group_by=  3.365ms per_group= 0.457ms)
[pe] round=  9 work=      344 frontier=   196055 next=      207 consolidate=  0.163ms frontier=  0.153ms semisort= 10.069ms (keyed= 0.000ms group_by=  3.497ms per_group= 0.383ms)
[pe] round= 10 work=      207 frontier=   196324 next=      101 consolidate=  0.140ms frontier=  0.171ms semisort=  9.191ms (keyed= 0.000ms group_by=  3.582ms per_group= 0.332ms)
[pe] round= 11 work=      101 frontier=   196425 next=       38 consolidate=  0.111ms frontier=  0.110ms semisort=  8.514ms (keyed= 0.000ms group_by=  3.219ms per_group= 0.225ms)
[pe] round= 12 work=       38 frontier=   196489 next=       26 consolidate=  0.103ms frontier=  0.106ms semisort=  9.018ms (keyed= 0.000ms group_by=  3.524ms per_group= 0.141ms)
[pe] round= 13 work=       26 frontier=   196515 next=       11 consolidate=  0.083ms frontier=  0.115ms semisort=  8.408ms (keyed= 0.000ms group_by=  3.255ms per_group= 0.140ms)
[pe] round= 14 work=       11 frontier=   196524 next=        6 consolidate=  0.064ms frontier=  0.092ms semisort=  7.701ms (keyed= 0.000ms group_by=  3.130ms per_group= 0.080ms)
[pe] round= 15 work=        6 frontier=   196528 next=        2 consolidate=  0.056ms frontier=  0.119ms semisort=  8.887ms (keyed= 0.000ms group_by=  3.317ms per_group= 0.100ms)
[pe] round= 16 work=        2 frontier=     2487 next=        0 consolidate=  0.007ms frontier=  0.004ms semisort=  0.229ms (keyed= 0.000ms group_by=  0.149ms per_group= 0.007ms)
timing: read=14.87ms parse=327.18ms build=391.34ms close=205.36ms check=0.00ms dtor=9.41ms
=== trial 3 (T=4) ===
[pe] round=  0 work=    87571 frontier=   152433 next=    21951 consolidate= 12.157ms frontier=  3.094ms semisort= 16.315ms (keyed= 0.000ms group_by=  5.594ms per_group= 2.353ms)
[pe] round=  1 work=    21951 frontier=   146310 next=    14870 consolidate=  4.172ms frontier=  0.875ms semisort= 14.620ms (keyed= 0.000ms group_by=  4.294ms per_group= 1.976ms)
[pe] round=  2 work=    14870 frontier=   149481 next=    10014 consolidate=  2.774ms frontier=  0.564ms semisort= 12.166ms (keyed= 0.000ms group_by=  3.391ms per_group= 1.282ms)
[pe] round=  3 work=    10014 frontier=   172870 next=     6596 consolidate=  2.115ms frontier=  0.453ms semisort= 11.610ms (keyed= 0.000ms group_by=  3.362ms per_group= 1.028ms)
[pe] round=  4 work=     6596 frontier=   187232 next=     3571 consolidate=  1.442ms frontier=  0.354ms semisort= 10.840ms (keyed= 0.000ms group_by=  3.506ms per_group= 0.781ms)
[pe] round=  5 work=     3571 frontier=   191801 next=     1816 consolidate=  0.814ms frontier=  0.272ms semisort= 10.109ms (keyed= 0.000ms group_by=  3.700ms per_group= 0.563ms)
[pe] round=  6 work=     1816 frontier=   192169 next=     1296 consolidate=  0.520ms frontier=  0.226ms semisort= 10.334ms (keyed= 0.000ms group_by=  3.613ms per_group= 0.667ms)
[pe] round=  7 work=     1296 frontier=   194969 next=      659 consolidate=  0.430ms frontier=  0.225ms semisort= 10.013ms (keyed= 0.000ms group_by=  3.838ms per_group= 0.642ms)
[pe] round=  8 work=      659 frontier=   195547 next=      344 consolidate=  0.267ms frontier=  0.224ms semisort=  9.279ms (keyed= 0.000ms group_by=  3.686ms per_group= 0.456ms)
[pe] round=  9 work=      344 frontier=   196055 next=      207 consolidate=  0.171ms frontier=  0.186ms semisort=  9.690ms (keyed= 0.000ms group_by=  3.733ms per_group= 0.432ms)
[pe] round= 10 work=      207 frontier=   196324 next=      101 consolidate=  0.153ms frontier=  0.177ms semisort=  9.423ms (keyed= 0.000ms group_by=  3.658ms per_group= 0.494ms)
[pe] round= 11 work=      101 frontier=   196425 next=       38 consolidate=  0.119ms frontier=  0.118ms semisort=  8.851ms (keyed= 0.000ms group_by=  3.987ms per_group= 0.281ms)
[pe] round= 12 work=       38 frontier=   196489 next=       26 consolidate=  0.103ms frontier=  0.123ms semisort=  9.515ms (keyed= 0.000ms group_by=  3.982ms per_group= 0.288ms)
[pe] round= 13 work=       26 frontier=   196515 next=       11 consolidate=  0.094ms frontier=  0.113ms semisort=  9.502ms (keyed= 0.000ms group_by=  3.906ms per_group= 0.179ms)
[pe] round= 14 work=       11 frontier=   196524 next=        6 consolidate=  0.074ms frontier=  0.115ms semisort=  8.840ms (keyed= 0.000ms group_by=  3.855ms per_group= 0.193ms)
[pe] round= 15 work=        6 frontier=   196528 next=        2 consolidate=  0.088ms frontier=  0.139ms semisort=  8.637ms (keyed= 0.000ms group_by=  3.773ms per_group= 0.213ms)
[pe] round= 16 work=        2 frontier=     2487 next=        0 consolidate=  0.008ms frontier=  0.009ms semisort=  0.285ms (keyed= 0.000ms group_by=  0.173ms per_group= 0.011ms)
timing: read=14.96ms parse=331.62ms build=396.09ms close=207.52ms check=0.00ms dtor=9.69ms
=== trial 4 (T=4) ===
[pe] round=  0 work=    87571 frontier=   152433 next=    21951 consolidate= 11.830ms frontier=  3.129ms semisort= 15.906ms (keyed= 0.000ms group_by=  5.475ms per_group= 2.500ms)
[pe] round=  1 work=    21951 frontier=   146310 next=    14870 consolidate=  3.849ms frontier=  0.750ms semisort= 14.396ms (keyed= 0.000ms group_by=  4.379ms per_group= 1.875ms)
[pe] round=  2 work=    14870 frontier=   149481 next=    10014 consolidate=  2.719ms frontier=  0.571ms semisort= 11.982ms (keyed= 0.000ms group_by=  3.540ms per_group= 1.248ms)
[pe] round=  3 work=    10014 frontier=   172870 next=     6596 consolidate=  2.150ms frontier=  0.488ms semisort= 12.215ms (keyed= 0.000ms group_by=  3.709ms per_group= 1.029ms)
[pe] round=  4 work=     6596 frontier=   187232 next=     3571 consolidate=  1.424ms frontier=  0.363ms semisort= 10.963ms (keyed= 0.000ms group_by=  3.737ms per_group= 0.833ms)
[pe] round=  5 work=     3571 frontier=   191801 next=     1816 consolidate=  0.809ms frontier=  0.241ms semisort= 10.792ms (keyed= 0.000ms group_by=  3.741ms per_group= 0.613ms)
[pe] round=  6 work=     1816 frontier=   192169 next=     1296 consolidate=  0.504ms frontier=  0.227ms semisort= 10.118ms (keyed= 0.000ms group_by=  3.717ms per_group= 0.539ms)
[pe] round=  7 work=     1296 frontier=   194969 next=      659 consolidate=  0.427ms frontier=  0.208ms semisort=  9.866ms (keyed= 0.000ms group_by=  3.815ms per_group= 0.478ms)
[pe] round=  8 work=      659 frontier=   195547 next=      344 consolidate=  0.274ms frontier=  0.184ms semisort=  8.938ms (keyed= 0.000ms group_by=  3.326ms per_group= 0.411ms)
[pe] round=  9 work=      344 frontier=   196055 next=      207 consolidate=  0.162ms frontier=  0.179ms semisort=  9.034ms (keyed= 0.000ms group_by=  3.615ms per_group= 0.412ms)
[pe] round= 10 work=      207 frontier=   196324 next=      101 consolidate=  0.131ms frontier=  0.126ms semisort=  9.414ms (keyed= 0.000ms group_by=  3.639ms per_group= 0.326ms)
[pe] round= 11 work=      101 frontier=   196425 next=       38 consolidate=  0.107ms frontier=  0.136ms semisort=  8.356ms (keyed= 0.000ms group_by=  3.158ms per_group= 0.194ms)
[pe] round= 12 work=       38 frontier=   196489 next=       26 consolidate=  0.143ms frontier=  0.126ms semisort=  8.484ms (keyed= 0.000ms group_by=  3.159ms per_group= 0.136ms)
[pe] round= 13 work=       26 frontier=   196515 next=       11 consolidate=  0.105ms frontier=  0.106ms semisort=  8.535ms (keyed= 0.000ms group_by=  3.356ms per_group= 0.210ms)
[pe] round= 14 work=       11 frontier=   196524 next=        6 consolidate=  0.076ms frontier=  0.097ms semisort=  7.993ms (keyed= 0.000ms group_by=  3.273ms per_group= 0.145ms)
[pe] round= 15 work=        6 frontier=   196528 next=        2 consolidate=  0.067ms frontier=  0.093ms semisort=  7.687ms (keyed= 0.000ms group_by=  3.088ms per_group= 0.171ms)
[pe] round= 16 work=        2 frontier=     2487 next=        0 consolidate=  0.007ms frontier=  0.007ms semisort=  0.253ms (keyed= 0.000ms group_by=  0.165ms per_group= 0.010ms)
timing: read=13.98ms parse=334.12ms build=404.62ms close=201.01ms check=0.00ms dtor=10.05ms
