=== trial 0 (T=1) ===
[pe] round=  0 work=   119731 frontier=   220614 next=    27235 consolidate= 39.314ms frontier=  5.658ms semisort= 70.225ms (keyed= 0.000ms group_by= 22.906ms per_group= 7.501ms)
[pe] round=  1 work=    27235 frontier=   202011 next=    19277 consolidate= 12.321ms frontier=  1.524ms semisort= 63.168ms (keyed= 0.000ms group_by= 19.484ms per_group= 6.535ms)
[pe] round=  2 work=    19277 frontier=   226700 next=    16156 consolidate=  6.479ms frontier=  1.015ms semisort= 62.590ms (keyed= 0.000ms group_by= 17.305ms per_group= 5.141ms)
[pe] round=  3 work=    16156 frontier=   245666 next=     5774 consolidate=  4.140ms frontier=  0.796ms semisort= 57.991ms (keyed= 0.000ms group_by= 15.156ms per_group= 3.282ms)
[pe] round=  4 work=     5774 frontier=   243648 next=     1867 consolidate=  1.742ms frontier=  0.352ms semisort= 54.533ms (keyed= 0.000ms group_by= 13.638ms per_group= 1.995ms)
[pe] round=  5 work=     1867 frontier=   230549 next=      509 consolidate=  0.763ms frontier=  0.262ms semisort= 48.658ms (keyed= 0.000ms group_by= 11.912ms per_group= 1.242ms)
[pe] round=  6 work=      509 frontier=   231149 next=       40 consolidate=  0.280ms frontier=  0.173ms semisort= 45.449ms (keyed= 0.000ms group_by= 11.516ms per_group= 0.564ms)
[pe] round=  7 work=       40 frontier=   113340 next=       19 consolidate=  0.107ms frontier=  0.089ms semisort= 22.930ms (keyed= 0.000ms group_by=  5.347ms per_group= 0.221ms)
[pe] round=  8 work=       19 frontier=   122641 next=       17 consolidate=  0.101ms frontier=  0.084ms semisort= 21.587ms (keyed= 0.000ms group_by=  5.791ms per_group= 0.190ms)
[pe] round=  9 work=       17 frontier=    46449 next=       10 consolidate=  0.043ms frontier=  0.018ms semisort=  8.907ms (keyed= 0.000ms group_by=  2.291ms per_group= 0.091ms)
[pe] round= 10 work=       10 frontier=     4088 next=        0 consolidate=  0.012ms frontier=  0.004ms semisort=  0.525ms (keyed= 0.000ms group_by=  0.191ms per_group= 0.010ms)
timing: read=20.72ms parse=443.89ms build=601.92ms close=543.19ms check=0.00ms dtor=3.06ms
=== trial 1 (T=1) ===
[pe] round=  0 work=   119731 frontier=   220614 next=    27235 consolidate= 39.074ms frontier=  5.826ms semisort= 58.034ms (keyed= 0.000ms group_by= 22.088ms per_group= 6.778ms)
[pe] round=  1 work=    27235 frontier=   202011 next=    19277 consolidate= 11.743ms frontier=  1.514ms semisort= 52.177ms (keyed= 0.000ms group_by= 18.760ms per_group= 5.858ms)
[pe] round=  2 work=    19277 frontier=   226700 next=    16156 consolidate=  6.473ms frontier=  0.976ms semisort= 49.985ms (keyed= 0.000ms group_by= 16.414ms per_group= 4.630ms)
[pe] round=  3 work=    16156 frontier=   245666 next=     5774 consolidate=  4.162ms frontier=  0.765ms semisort= 44.083ms (keyed= 0.000ms group_by= 14.867ms per_group= 3.079ms)
[pe] round=  4 work=     5774 frontier=   243648 next=     1867 consolidate=  1.691ms frontier=  0.341ms semisort= 39.610ms (keyed= 0.000ms group_by= 12.960ms per_group= 1.915ms)
[pe] round=  5 work=     1867 frontier=   230549 next=      509 consolidate=  0.723ms frontier=  0.236ms semisort= 34.077ms (keyed= 0.000ms group_by= 11.565ms per_group= 1.236ms)
[pe] round=  6 work=      509 frontier=   231149 next=       40 consolidate=  0.262ms frontier=  0.164ms semisort= 32.482ms (keyed= 0.000ms group_by= 11.671ms per_group= 0.525ms)
[pe] round=  7 work=       40 frontier=   113340 next=       19 consolidate=  0.099ms frontier=  0.086ms semisort= 16.785ms (keyed= 0.000ms group_by=  5.166ms per_group= 0.274ms)
[pe] round=  8 work=       19 frontier=   122641 next=       17 consolidate=  0.090ms frontier=  0.076ms semisort= 16.060ms (keyed= 0.000ms group_by=  5.679ms per_group= 0.184ms)
[pe] round=  9 work=       17 frontier=    46449 next=       10 consolidate=  0.042ms frontier=  0.016ms semisort=  6.887ms (keyed= 0.000ms group_by=  2.216ms per_group= 0.091ms)
[pe] round= 10 work=       10 frontier=     4088 next=        0 consolidate=  0.013ms frontier=  0.004ms semisort=  0.464ms (keyed= 0.000ms group_by=  0.229ms per_group= 0.012ms)
timing: read=21.38ms parse=439.75ms build=590.94ms close=436.26ms check=0.00ms dtor=2.74ms
=== trial 2 (T=1) ===
[pe] round=  0 work=   119731 frontier=   220614 next=    27235 consolidate= 37.844ms frontier=  5.599ms semisort= 54.391ms (keyed= 0.000ms group_by= 21.877ms per_group= 6.810ms)
[pe] round=  1 work=    27235 frontier=   202011 next=    19277 consolidate= 10.421ms frontier=  1.449ms semisort= 49.440ms (keyed= 0.000ms group_by= 18.675ms per_group= 5.838ms)
[pe] round=  2 work=    19277 frontier=   226700 next=    16156 consolidate=  5.692ms frontier=  0.887ms semisort= 45.368ms (keyed= 0.000ms group_by= 16.559ms per_group= 4.614ms)
[pe] round=  3 work=    16156 frontier=   245666 next=     5774 consolidate=  3.625ms frontier=  0.734ms semisort= 42.403ms (keyed= 0.000ms group_by= 15.307ms per_group= 3.034ms)
[pe] round=  4 work=     5774 frontier=   243648 next=     1867 consolidate=  1.575ms frontier=  0.340ms semisort= 38.871ms (keyed= 0.000ms group_by= 13.355ms per_group= 1.887ms)
[pe] round=  5 work=     1867 frontier=   230549 next=      509 consolidate=  0.661ms frontier=  0.238ms semisort= 33.089ms (keyed= 0.000ms group_by= 11.734ms per_group= 1.205ms)
[pe] round=  6 work=      509 frontier=   231149 next=       40 consolidate=  0.252ms frontier=  0.165ms semisort= 30.313ms (keyed= 0.000ms group_by= 11.361ms per_group= 0.536ms)
[pe] round=  7 work=       40 frontier=   113340 next=       19 consolidate=  0.089ms frontier=  0.080ms semisort= 15.277ms (keyed= 0.000ms group_by=  5.298ms per_group= 0.223ms)
[pe] round=  8 work=       19 frontier=   122641 next=       17 consolidate=  0.095ms frontier=  0.079ms semisort= 16.321ms (keyed= 0.000ms group_by=  5.527ms per_group= 0.202ms)
[pe] round=  9 work=       17 frontier=    46449 next=       10 consolidate=  0.041ms frontier=  0.016ms semisort=  7.015ms (keyed= 0.000ms group_by=  2.210ms per_group= 0.089ms)
[pe] round= 10 work=       10 frontier=     4088 next=        0 consolidate=  0.013ms frontier=  0.004ms semisort=  0.435ms (keyed= 0.000ms group_by=  0.193ms per_group= 0.010ms)
timing: read=19.42ms parse=439.59ms build=575.99ms close=414.20ms check=0.00ms dtor=2.86ms
=== trial 3 (T=1) ===
[pe] round=  0 work=   119731 frontier=   220614 next=    27235 consolidate= 38.704ms frontier=  5.606ms semisort= 54.971ms (keyed= 0.000ms group_by= 21.443ms per_group= 6.646ms)
[pe] round=  1 work=    27235 frontier=   202011 next=    19277 consolidate= 10.288ms frontier=  1.429ms semisort= 49.429ms (keyed= 0.000ms group_by= 18.910ms per_group= 5.782ms)
[pe] round=  2 work=    19277 frontier=   226700 next=    16156 consolidate=  5.705ms frontier=  0.901ms semisort= 47.127ms (keyed= 0.000ms group_by= 16.154ms per_group= 4.556ms)
[pe] round=  3 work=    16156 frontier=   245666 next=     5774 consolidate=  3.713ms frontier=  0.744ms semisort= 43.460ms (keyed= 0.000ms group_by= 14.720ms per_group= 2.995ms)
[pe] round=  4 work=     5774 frontier=   243648 next=     1867 consolidate=  1.572ms frontier=  0.333ms semisort= 39.855ms (keyed= 0.000ms group_by= 12.968ms per_group= 1.929ms)
[pe] round=  5 work=     1867 frontier=   230549 next=      509 consolidate=  0.690ms frontier=  0.241ms semisort= 34.807ms (keyed= 0.000ms group_by= 11.607ms per_group= 1.252ms)
[pe] round=  6 work=      509 frontier=   231149 next=       40 consolidate=  0.253ms frontier=  0.168ms semisort= 32.833ms (keyed= 0.000ms group_by= 11.392ms per_group= 0.526ms)
[pe] round=  7 work=       40 frontier=   113340 next=       19 consolidate=  0.099ms frontier=  0.084ms semisort= 15.590ms (keyed= 0.000ms group_by=  5.461ms per_group= 0.264ms)
[pe] round=  8 work=       19 frontier=   122641 next=       17 consolidate=  0.103ms frontier=  0.084ms semisort= 15.427ms (keyed= 0.000ms group_by=  5.781ms per_group= 0.196ms)
[pe] round=  9 work=       17 frontier=    46449 next=       10 consolidate=  0.040ms frontier=  0.016ms semisort=  6.687ms (keyed= 0.000ms group_by=  2.242ms per_group= 0.091ms)
[pe] round= 10 work=       10 frontier=     4088 next=        0 consolidate=  0.013ms frontier=  0.004ms semisort=  0.436ms (keyed= 0.000ms group_by=  0.197ms per_group= 0.009ms)
timing: read=20.42ms parse=435.14ms build=570.64ms close=422.76ms check=0.00ms dtor=2.97ms
=== trial 4 (T=1) ===
[pe] round=  0 work=   119731 frontier=   220614 next=    27235 consolidate= 38.545ms frontier=  5.477ms semisort= 63.233ms (keyed= 0.000ms group_by= 21.938ms per_group= 6.829ms)
[pe] round=  1 work=    27235 frontier=   202011 next=    19277 consolidate= 10.780ms frontier=  1.484ms semisort= 57.939ms (keyed= 0.000ms group_by= 18.782ms per_group= 5.915ms)
[pe] round=  2 work=    19277 frontier=   226700 next=    16156 consolidate=  5.924ms frontier=  0.919ms semisort= 56.412ms (keyed= 0.000ms group_by= 16.352ms per_group= 4.743ms)
[pe] round=  3 work=    16156 frontier=   245666 next=     5774 consolidate=  3.713ms frontier=  0.751ms semisort= 51.909ms (keyed= 0.000ms group_by= 14.801ms per_group= 2.987ms)
[pe] round=  4 work=     5774 frontier=   243648 next=     1867 consolidate=  1.536ms frontier=  0.336ms semisort= 47.804ms (keyed= 0.000ms group_by= 12.886ms per_group= 1.880ms)
[pe] round=  5 work=     1867 frontier=   230549 next=      509 consolidate=  0.675ms frontier=  0.245ms semisort= 43.214ms (keyed= 0.000ms group_by= 11.629ms per_group= 1.271ms)
[pe] round=  6 work=      509 frontier=   231149 next=       40 consolidate=  0.264ms frontier=  0.170ms semisort= 39.698ms (keyed= 0.000ms group_by= 11.412ms per_group= 0.545ms)
[pe] round=  7 work=       40 frontier=   113340 next=       19 consolidate=  0.097ms frontier=  0.082ms semisort= 20.508ms (keyed= 0.000ms group_by=  5.416ms per_group= 0.215ms)
[pe] round=  8 work=       19 frontier=   122641 next=       17 consolidate=  0.087ms frontier=  0.081ms semisort= 19.685ms (keyed= 0.000ms group_by=  5.530ms per_group= 0.190ms)
[pe] round=  9 work=       17 frontier=    46449 next=       10 consolidate=  0.040ms frontier=  0.017ms semisort=  7.690ms (keyed= 0.000ms group_by=  2.165ms per_group= 0.110ms)
[pe] round= 10 work=       10 frontier=     4088 next=        0 consolidate=  0.012ms frontier=  0.004ms semisort=  0.447ms (keyed= 0.000ms group_by=  0.187ms per_group= 0.009ms)
timing: read=19.60ms parse=439.06ms build=572.37ms close=491.10ms check=0.00ms dtor=2.69ms
