=== trial 0 (T=4) ===
[pe] round=  0 work=    85761 frontier=   145419 next=    19833 consolidate= 10.876ms frontier=  2.815ms semisort= 15.325ms (keyed= 0.000ms group_by=  5.656ms per_group= 1.982ms)
[pe] round=  1 work=    19833 frontier=   138526 next=    12320 consolidate=  3.523ms frontier=  0.641ms semisort= 13.521ms (keyed= 0.000ms group_by=  4.451ms per_group= 1.517ms)
[pe] round=  2 work=    12320 frontier=   141768 next=     9575 consolidate=  2.017ms frontier=  0.560ms semisort= 11.404ms (keyed= 0.000ms group_by=  3.510ms per_group= 1.240ms)
[pe] round=  3 work=     9575 frontier=   161882 next=     5621 consolidate=  1.597ms frontier=  0.384ms semisort= 10.756ms (keyed= 0.000ms group_by=  3.403ms per_group= 0.978ms)
[pe] round=  4 work=     5621 frontier=   173935 next=     2550 consolidate=  0.940ms frontier=  0.262ms semisort=  9.654ms (keyed= 0.000ms group_by=  3.438ms per_group= 0.628ms)
[pe] round=  5 work=     2550 frontier=   178711 next=     1289 consolidate=  0.530ms frontier=  0.164ms semisort=  9.052ms (keyed= 0.000ms group_by=  3.540ms per_group= 0.549ms)
[pe] round=  6 work=     1289 frontier=   180666 next=      630 consolidate=  0.359ms frontier=  0.168ms semisort=  9.129ms (keyed= 0.000ms group_by=  3.676ms per_group= 0.419ms)
[pe] round=  7 work=      630 frontier=   180789 next=      214 consolidate=  0.207ms frontier=  0.129ms semisort=  8.616ms (keyed= 0.000ms group_by=  3.479ms per_group= 0.356ms)
[pe] round=  8 work=      214 frontier=   180322 next=      122 consolidate=  0.117ms frontier=  0.149ms semisort=  7.841ms (keyed= 0.000ms group_by=  3.430ms per_group= 0.336ms)
[pe] round=  9 work=      122 frontier=   180364 next=       51 consolidate=  0.102ms frontier=  0.093ms semisort=  8.522ms (keyed= 0.000ms group_by=  3.630ms per_group= 0.289ms)
[pe] round= 10 work=       51 frontier=   180390 next=       21 consolidate=  0.094ms frontier=  0.090ms semisort=  7.833ms (keyed= 0.000ms group_by=  3.397ms per_group= 0.172ms)
[pe] round= 11 work=       21 frontier=   180362 next=       15 consolidate=  0.094ms frontier=  0.088ms semisort=  7.624ms (keyed= 0.000ms group_by=  3.582ms per_group= 0.171ms)
[pe] round= 12 work=       15 frontier=   180360 next=        8 consolidate=  0.090ms frontier=  0.099ms semisort=  7.747ms (keyed= 0.000ms group_by=  3.519ms per_group= 0.172ms)
[pe] round= 13 work=        8 frontier=     1885 next=        9 consolidate=  0.007ms frontier=  0.003ms semisort=  0.241ms (keyed= 0.000ms group_by=  0.134ms per_group= 0.021ms)
[pe] round= 14 work=        9 frontier=   180372 next=        0 consolidate=  0.087ms frontier=  0.078ms semisort=  7.282ms (keyed= 0.000ms group_by=  3.366ms per_group= 0.137ms)
timing: read=19.90ms parse=334.46ms build=377.86ms close=165.16ms check=0.00ms dtor=5.70ms
=== trial 1 (T=4) ===
[pe] round=  0 work=    85761 frontier=   145419 next=    19833 consolidate= 10.788ms frontier=  2.784ms semisort= 14.971ms (keyed= 0.000ms group_by=  5.247ms per_group= 2.011ms)
[pe] round=  1 work=    19833 frontier=   138526 next=    12320 consolidate=  3.559ms frontier=  0.690ms semisort= 12.792ms (keyed= 0.000ms group_by=  4.134ms per_group= 1.514ms)
[pe] round=  2 work=    12320 frontier=   141768 next=     9575 consolidate=  2.075ms frontier=  0.410ms semisort= 10.926ms (keyed= 0.000ms group_by=  3.428ms per_group= 1.214ms)
[pe] round=  3 work=     9575 frontier=   161882 next=     5621 consolidate=  1.607ms frontier=  0.386ms semisort=  9.973ms (keyed= 0.000ms group_by=  3.082ms per_group= 0.850ms)
[pe] round=  4 work=     5621 frontier=   173935 next=     2550 consolidate=  0.948ms frontier=  0.269ms semisort=  9.337ms (keyed= 0.000ms group_by=  3.145ms per_group= 0.609ms)
[pe] round=  5 work=     2550 frontier=   178711 next=     1289 consolidate=  0.490ms frontier=  0.192ms semisort=  9.417ms (keyed= 0.000ms group_by=  3.132ms per_group= 0.528ms)
[pe] round=  6 work=     1289 frontier=   180666 next=      630 consolidate=  0.319ms frontier=  0.363ms semisort=  8.203ms (keyed= 0.000ms group_by=  3.177ms per_group= 0.391ms)
[pe] round=  7 work=      630 frontier=   180789 next=      214 consolidate=  0.185ms frontier=  0.158ms semisort=  8.523ms (keyed= 0.000ms group_by=  3.854ms per_group= 0.340ms)
[pe] round=  8 work=      214 frontier=   180322 next=      122 consolidate=  0.149ms frontier=  0.135ms semisort=  8.195ms (keyed= 0.000ms group_by=  3.790ms per_group= 0.359ms)
[pe] round=  9 work=      122 frontier=   180364 next=       51 consolidate=  0.107ms frontier=  0.106ms semisort=  7.886ms (keyed= 0.000ms group_by=  3.718ms per_group= 0.337ms)
[pe] round= 10 work=       51 frontier=   180390 next=       21 consolidate=  0.079ms frontier=  0.099ms semisort=  7.519ms (keyed= 0.000ms group_by=  3.568ms per_group= 0.300ms)
[pe] round= 11 work=       21 frontier=   180362 next=       15 consolidate=  0.087ms frontier=  0.101ms semisort=  7.239ms (keyed= 0.000ms group_by=  3.101ms per_group= 0.177ms)
[pe] round= 12 work=       15 frontier=   180360 next=        8 consolidate=  0.093ms frontier=  0.094ms semisort=  7.103ms (keyed= 0.000ms group_by=  3.087ms per_group= 0.185ms)
[pe] round= 13 work=        8 frontier=     1885 next=        9 consolidate=  0.010ms frontier=  0.004ms semisort=  0.225ms (keyed= 0.000ms group_by=  0.120ms per_group= 0.018ms)
[pe] round= 14 work=        9 frontier=   180372 next=        0 consolidate=  0.079ms frontier=  0.098ms semisort=  6.785ms (keyed= 0.000ms group_by=  2.873ms per_group= 0.133ms)
timing: read=18.85ms parse=331.34ms build=377.29ms close=159.78ms check=0.00ms dtor=5.44ms
=== trial 2 (T=4) ===
[pe] round=  0 work=    85761 frontier=   145419 next=    19833 consolidate= 11.563ms frontier=  2.867ms semisort= 16.021ms (keyed= 0.000ms group_by=  5.494ms per_group= 2.353ms)
[pe] round=  1 work=    19833 frontier=   138526 next=    12320 consolidate=  3.693ms frontier=  0.816ms semisort= 14.477ms (keyed= 0.000ms group_by=  4.396ms per_group= 1.712ms)
[pe] round=  2 work=    12320 frontier=   141768 next=     9575 consolidate=  2.144ms frontier=  0.549ms semisort= 12.164ms (keyed= 0.000ms group_by=  3.599ms per_group= 1.407ms)
[pe] round=  3 work=     9575 frontier=   161882 next=     5621 consolidate=  1.684ms frontier=  0.368ms semisort= 11.898ms (keyed= 0.000ms group_by=  3.409ms per_group= 1.015ms)
[pe] round=  4 work=     5621 frontier=   173935 next=     2550 consolidate=  0.947ms frontier=  0.272ms semisort= 10.726ms (keyed= 0.000ms group_by=  3.710ms per_group= 0.674ms)
[pe] round=  5 work=     2550 frontier=   178711 next=     1289 consolidate=  0.533ms frontier=  0.204ms semisort= 10.994ms (keyed= 0.000ms group_by=  3.871ms per_group= 0.546ms)
[pe] round=  6 work=     1289 frontier=   180666 next=      630 consolidate=  0.322ms frontier=  0.158ms semisort=  9.578ms (keyed= 0.000ms group_by=  3.935ms per_group= 0.434ms)
[pe] round=  7 work=      630 frontier=   180789 next=      214 consolidate=  0.227ms frontier=  0.143ms semisort=  9.384ms (keyed= 0.000ms group_by=  3.891ms per_group= 0.406ms)
[pe] round=  8 work=      214 frontier=   180322 next=      122 consolidate=  0.138ms frontier=  0.149ms semisort=  9.958ms (keyed= 0.000ms group_by=  4.272ms per_group= 0.399ms)
[pe] round=  9 work=      122 frontier=   180364 next=       51 consolidate=  0.100ms frontier=  0.119ms semisort=  8.382ms (keyed= 0.000ms group_by=  3.908ms per_group= 0.263ms)
[pe] round= 10 work=       51 frontier=   180390 next=       21 consolidate=  0.106ms frontier=  0.094ms semisort=  8.427ms (keyed= 0.000ms group_by=  3.402ms per_group= 0.147ms)
[pe] round= 11 work=       21 frontier=   180362 next=       15 consolidate=  0.098ms frontier=  0.099ms semisort=  8.165ms (keyed= 0.000ms group_by=  3.827ms per_group= 0.215ms)
[pe] round= 12 work=       15 frontier=   180360 next=        8 consolidate=  0.086ms frontier=  0.100ms semisort=  8.389ms (keyed= 0.000ms group_by=  4.106ms per_group= 0.263ms)
[pe] round= 13 work=        8 frontier=     1885 next=        9 consolidate=  0.011ms frontier=  0.003ms semisort=  0.218ms (keyed= 0.000ms group_by=  0.113ms per_group= 0.014ms)
[pe] round= 14 work=        9 frontier=   180372 next=        0 consolidate=  0.081ms frontier=  0.096ms semisort=  7.688ms (keyed= 0.000ms group_by=  3.621ms per_group= 0.112ms)
timing: read=18.76ms parse=337.47ms build=377.09ms close=178.72ms check=0.00ms dtor=6.07ms
=== trial 3 (T=4) ===
[pe] round=  0 work=    85761 frontier=   145419 next=    19833 consolidate= 10.899ms frontier=  2.753ms semisort= 14.987ms (keyed= 0.000ms group_by=  5.291ms per_group= 2.050ms)
[pe] round=  1 work=    19833 frontier=   138526 next=    12320 consolidate=  3.446ms frontier=  0.833ms semisort= 13.021ms (keyed= 0.000ms group_by=  4.362ms per_group= 1.512ms)
[pe] round=  2 work=    12320 frontier=   141768 next=     9575 consolidate=  2.041ms frontier=  0.491ms semisort= 10.793ms (keyed= 0.000ms group_by=  3.588ms per_group= 1.246ms)
[pe] round=  3 work=     9575 frontier=   161882 next=     5621 consolidate=  1.548ms frontier=  0.395ms semisort= 10.583ms (keyed= 0.000ms group_by=  3.587ms per_group= 0.822ms)
[pe] round=  4 work=     5621 frontier=   173935 next=     2550 consolidate=  0.883ms frontier=  0.243ms semisort= 10.000ms (keyed= 0.000ms group_by=  3.189ms per_group= 0.675ms)
[pe] round=  5 work=     2550 frontier=   178711 next=     1289 consolidate=  0.508ms frontier=  0.168ms semisort=  8.832ms (keyed= 0.000ms group_by=  3.108ms per_group= 0.504ms)
[pe] round=  6 work=     1289 frontier=   180666 next=      630 consolidate=  0.500ms frontier=  0.166ms semisort=  8.945ms (keyed= 0.000ms group_by=  3.595ms per_group= 0.399ms)
[pe] round=  7 work=      630 frontier=   180789 next=      214 consolidate=  0.218ms frontier=  0.135ms semisort=  7.743ms (keyed= 0.000ms group_by=  3.330ms per_group= 0.356ms)
[pe] round=  8 work=      214 frontier=   180322 next=      122 consolidate=  0.136ms frontier=  0.153ms semisort=  8.016ms (keyed= 0.000ms group_by=  3.251ms per_group= 0.318ms)
[pe] round=  9 work=      122 frontier=   180364 next=       51 consolidate=  0.106ms frontier=  0.123ms semisort=  7.663ms (keyed= 0.000ms group_by=  3.411ms per_group= 0.307ms)
[pe] round= 10 work=       51 frontier=   180390 next=       21 consolidate=  0.095ms frontier=  0.111ms semisort=  7.245ms (keyed= 0.000ms group_by=  3.064ms per_group= 0.182ms)
[pe] round= 11 work=       21 frontier=   180362 next=       15 consolidate=  0.093ms frontier=  0.095ms semisort=  7.373ms (keyed= 0.000ms group_by=  3.072ms per_group= 0.214ms)
[pe] round= 12 work=       15 frontier=   180360 next=        8 consolidate=  0.085ms frontier=  0.091ms semisort=  7.335ms (keyed= 0.000ms group_by=  3.606ms per_group= 0.196ms)
[pe] round= 13 work=        8 frontier=     1885 next=        9 consolidate=  0.009ms frontier=  0.004ms semisort=  0.210ms (keyed= 0.000ms group_by=  0.108ms per_group= 0.011ms)
[pe] round= 14 work=        9 frontier=   180372 next=        0 consolidate=  0.056ms frontier=  0.100ms semisort=  7.202ms (keyed= 0.000ms group_by=  3.280ms per_group= 0.087ms)
timing: read=19.40ms parse=329.74ms build=374.94ms close=160.48ms check=0.00ms dtor=5.95ms
=== trial 4 (T=4) ===
[pe] round=  0 work=    85761 frontier=   145419 next=    19833 consolidate= 11.530ms frontier=  2.773ms semisort= 15.693ms (keyed= 0.000ms group_by=  5.382ms per_group= 2.294ms)
[pe] round=  1 work=    19833 frontier=   138526 next=    12320 consolidate=  3.480ms frontier=  0.709ms semisort= 14.312ms (keyed= 0.000ms group_by=  4.708ms per_group= 1.684ms)
[pe] round=  2 work=    12320 frontier=   141768 next=     9575 consolidate=  2.195ms frontier=  0.501ms semisort= 12.592ms (keyed= 0.000ms group_by=  3.788ms per_group= 1.405ms)
[pe] round=  3 work=     9575 frontier=   161882 next=     5621 consolidate=  1.618ms frontier=  0.379ms semisort= 11.648ms (keyed= 0.000ms group_by=  3.433ms per_group= 1.012ms)
[pe] round=  4 work=     5621 frontier=   173935 next=     2550 consolidate=  0.896ms frontier=  0.265ms semisort= 10.630ms (keyed= 0.000ms group_by=  3.337ms per_group= 0.685ms)
[pe] round=  5 work=     2550 frontier=   178711 next=     1289 consolidate=  0.517ms frontier=  0.181ms semisort= 12.165ms (keyed= 0.000ms group_by=  3.770ms per_group= 0.607ms)
[pe] round=  6 work=     1289 frontier=   180666 next=      630 consolidate=  0.300ms frontier=  0.152ms semisort=  9.028ms (keyed= 0.000ms group_by=  3.711ms per_group= 0.480ms)
[pe] round=  7 work=      630 frontier=   180789 next=      214 consolidate=  0.212ms frontier=  0.145ms semisort=  9.518ms (keyed= 0.000ms group_by=  3.871ms per_group= 0.428ms)
[pe] round=  8 work=      214 frontier=   180322 next=      122 consolidate=  0.140ms frontier=  0.150ms semisort=  8.620ms (keyed= 0.000ms group_by=  3.656ms per_group= 0.397ms)
[pe] round=  9 work=      122 frontier=   180364 next=       51 consolidate=  0.106ms frontier=  0.103ms semisort=  8.579ms (keyed= 0.000ms group_by=  3.609ms per_group= 0.308ms)
[pe] round= 10 work=       51 frontier=   180390 next=       21 consolidate=  0.093ms frontier=  0.099ms semisort=  8.903ms (keyed= 0.000ms group_by=  3.960ms per_group= 0.260ms)
[pe] round= 11 work=       21 frontier=   180362 next=       15 consolidate=  0.094ms frontier=  0.097ms semisort=  8.995ms (keyed= 0.000ms group_by=  4.038ms per_group= 0.192ms)
[pe] round= 12 work=       15 frontier=   180360 next=        8 consolidate=  0.068ms frontier=  0.090ms semisort=  8.179ms (keyed= 0.000ms group_by=  3.634ms per_group= 0.160ms)
[pe] round= 13 work=        8 frontier=     1885 next=        9 consolidate=  0.008ms frontier=  0.004ms semisort=  0.227ms (keyed= 0.000ms group_by=  0.116ms per_group= 0.021ms)
[pe] round= 14 work=        9 frontier=   180372 next=        0 consolidate=  0.081ms frontier=  0.102ms semisort=  8.278ms (keyed= 0.000ms group_by=  3.942ms per_group= 0.136ms)
timing: read=18.55ms parse=334.91ms build=369.14ms close=178.79ms check=0.00ms dtor=5.67ms
