=== trial 0 (T=4) ===
[pe] round=  0 work=   122019 frontier=   216174 next=    25429 consolidate= 14.900ms frontier=  3.536ms semisort= 22.168ms (keyed= 0.000ms group_by=  7.372ms per_group= 3.337ms)
[pe] round=  1 work=    25429 frontier=   196536 next=    14422 consolidate=  4.629ms frontier=  0.894ms semisort= 19.678ms (keyed= 0.000ms group_by=  6.297ms per_group= 2.331ms)
[pe] round=  2 work=    14422 frontier=   206352 next=     9933 consolidate=  2.415ms frontier=  0.579ms semisort= 16.823ms (keyed= 0.000ms group_by=  5.188ms per_group= 1.831ms)
[pe] round=  3 work=     9933 frontier=   204652 next=     4070 consolidate=  1.948ms frontier=  0.495ms semisort= 15.487ms (keyed= 0.000ms group_by=  4.442ms per_group= 1.084ms)
[pe] round=  4 work=     4070 frontier=   195763 next=     1768 consolidate=  0.819ms frontier=  0.205ms semisort= 13.559ms (keyed= 0.000ms group_by=  3.807ms per_group= 0.921ms)
[pe] round=  5 work=     1768 frontier=   207329 next=     1011 consolidate=  0.437ms frontier=  0.202ms semisort= 11.470ms (keyed= 0.000ms group_by=  3.752ms per_group= 0.606ms)
[pe] round=  6 work=     1011 frontier=   205445 next=      630 consolidate=  0.290ms frontier=  0.188ms semisort= 10.983ms (keyed= 0.000ms group_by=  3.502ms per_group= 0.496ms)
[pe] round=  7 work=      630 frontier=   205640 next=      366 consolidate=  0.236ms frontier=  0.179ms semisort= 10.729ms (keyed= 0.000ms group_by=  3.572ms per_group= 0.468ms)
[pe] round=  8 work=      366 frontier=   150538 next=      293 consolidate=  0.158ms frontier=  0.137ms semisort=  7.620ms (keyed= 0.000ms group_by=  2.796ms per_group= 0.378ms)
[pe] round=  9 work=      293 frontier=   149041 next=      190 consolidate=  0.123ms frontier=  0.121ms semisort=  6.846ms (keyed= 0.000ms group_by=  2.569ms per_group= 0.399ms)
[pe] round= 10 work=      190 frontier=   149104 next=      155 consolidate=  0.118ms frontier=  0.115ms semisort=  6.497ms (keyed= 0.000ms group_by=  2.823ms per_group= 0.301ms)
[pe] round= 11 work=      155 frontier=   148966 next=       68 consolidate=  0.105ms frontier=  0.111ms semisort=  6.288ms (keyed= 0.000ms group_by=  2.850ms per_group= 0.281ms)
[pe] round= 12 work=       68 frontier=   148247 next=       22 consolidate=  0.093ms frontier=  0.089ms semisort=  6.585ms (keyed= 0.000ms group_by=  2.819ms per_group= 0.295ms)
[pe] round= 13 work=       22 frontier=   147918 next=        9 consolidate=  0.070ms frontier=  0.069ms semisort=  6.626ms (keyed= 0.000ms group_by=  2.779ms per_group= 0.192ms)
[pe] round= 14 work=        9 frontier=   147926 next=        0 consolidate=  0.086ms frontier=  0.083ms semisort=  6.015ms (keyed= 0.000ms group_by=  2.760ms per_group= 0.179ms)
timing: read=25.51ms parse=558.14ms build=622.48ms close=207.29ms check=0.00ms dtor=9.72ms
=== trial 1 (T=4) ===
[pe] round=  0 work=   122019 frontier=   216174 next=    25429 consolidate= 14.388ms frontier=  3.216ms semisort= 22.102ms (keyed= 0.000ms group_by=  6.967ms per_group= 3.229ms)
[pe] round=  1 work=    25429 frontier=   196536 next=    14422 consolidate=  4.425ms frontier=  0.923ms semisort= 19.465ms (keyed= 0.000ms group_by=  5.942ms per_group= 2.208ms)
[pe] round=  2 work=    14422 frontier=   206352 next=     9933 consolidate=  2.281ms frontier=  0.473ms semisort= 17.421ms (keyed= 0.000ms group_by=  5.163ms per_group= 1.510ms)
[pe] round=  3 work=     9933 frontier=   204652 next=     4070 consolidate=  1.835ms frontier=  0.423ms semisort= 14.598ms (keyed= 0.000ms group_by=  4.581ms per_group= 0.983ms)
[pe] round=  4 work=     4070 frontier=   195763 next=     1768 consolidate=  0.808ms frontier=  0.207ms semisort= 12.341ms (keyed= 0.000ms group_by=  3.914ms per_group= 0.702ms)
[pe] round=  5 work=     1768 frontier=   207329 next=     1011 consolidate=  0.375ms frontier=  0.211ms semisort= 11.442ms (keyed= 0.000ms group_by=  3.909ms per_group= 0.589ms)
[pe] round=  6 work=     1011 frontier=   205445 next=      630 consolidate=  0.306ms frontier=  0.186ms semisort= 10.630ms (keyed= 0.000ms group_by=  3.723ms per_group= 0.467ms)
[pe] round=  7 work=      630 frontier=   205640 next=      366 consolidate=  0.246ms frontier=  0.166ms semisort= 10.960ms (keyed= 0.000ms group_by=  3.568ms per_group= 0.437ms)
[pe] round=  8 work=      366 frontier=   150538 next=      293 consolidate=  0.134ms frontier=  0.130ms semisort=  8.232ms (keyed= 0.000ms group_by=  2.969ms per_group= 0.401ms)
[pe] round=  9 work=      293 frontier=   149041 next=      190 consolidate=  0.115ms frontier=  0.125ms semisort=  7.651ms (keyed= 0.000ms group_by=  2.962ms per_group= 0.333ms)
[pe] round= 10 work=      190 frontier=   149104 next=      155 consolidate=  0.123ms frontier=  0.117ms semisort=  7.249ms (keyed= 0.000ms group_by=  3.010ms per_group= 0.345ms)
[pe] round= 11 work=      155 frontier=   148966 next=       68 consolidate=  0.098ms frontier=  0.121ms semisort=  7.891ms (keyed= 0.000ms group_by=  3.303ms per_group= 0.288ms)
[pe] round= 12 work=       68 frontier=   148247 next=       22 consolidate=  0.094ms frontier=  0.083ms semisort=  7.107ms (keyed= 0.000ms group_by=  2.884ms per_group= 0.241ms)
[pe] round= 13 work=       22 frontier=   147918 next=        9 consolidate=  0.092ms frontier=  0.071ms semisort=  6.760ms (keyed= 0.000ms group_by=  2.949ms per_group= 0.302ms)
[pe] round= 14 work=        9 frontier=   147926 next=        0 consolidate=  0.079ms frontier=  0.078ms semisort=  6.506ms (keyed= 0.000ms group_by=  2.840ms per_group= 0.125ms)
timing: read=24.81ms parse=571.50ms build=609.49ms close=208.36ms check=0.00ms dtor=9.00ms
=== trial 2 (T=4) ===
[pe] round=  0 work=   122019 frontier=   216174 next=    25429 consolidate= 13.734ms frontier=  3.179ms semisort= 23.296ms (keyed= 0.000ms group_by=  9.185ms per_group= 3.086ms)
[pe] round=  1 work=    25429 frontier=   196536 next=    14422 consolidate=  4.080ms frontier=  0.935ms semisort= 16.806ms (keyed= 0.000ms group_by=  5.730ms per_group= 1.996ms)
[pe] round=  2 work=    14422 frontier=   206352 next=     9933 consolidate=  2.162ms frontier=  0.526ms semisort= 14.415ms (keyed= 0.000ms group_by=  4.991ms per_group= 1.435ms)
[pe] round=  3 work=     9933 frontier=   204652 next=     4070 consolidate=  1.765ms frontier=  0.406ms semisort= 13.157ms (keyed= 0.000ms group_by=  4.200ms per_group= 0.883ms)
[pe] round=  4 work=     4070 frontier=   195763 next=     1768 consolidate=  0.671ms frontier=  0.218ms semisort= 11.375ms (keyed= 0.000ms group_by=  3.718ms per_group= 0.704ms)
[pe] round=  5 work=     1768 frontier=   207329 next=     1011 consolidate=  0.364ms frontier=  0.181ms semisort= 10.315ms (keyed= 0.000ms group_by=  3.724ms per_group= 0.530ms)
[pe] round=  6 work=     1011 frontier=   205445 next=      630 consolidate=  0.272ms frontier=  0.182ms semisort= 10.191ms (keyed= 0.000ms group_by=  3.811ms per_group= 0.556ms)
[pe] round=  7 work=      630 frontier=   205640 next=      366 consolidate=  0.239ms frontier=  0.163ms semisort= 10.456ms (keyed= 0.000ms group_by=  4.128ms per_group= 0.439ms)
[pe] round=  8 work=      366 frontier=   150538 next=      293 consolidate=  0.151ms frontier=  0.147ms semisort=  7.817ms (keyed= 0.000ms group_by=  3.002ms per_group= 0.368ms)
[pe] round=  9 work=      293 frontier=   149041 next=      190 consolidate=  0.116ms frontier=  0.138ms semisort=  7.216ms (keyed= 0.000ms group_by=  3.017ms per_group= 0.355ms)
[pe] round= 10 work=      190 frontier=   149104 next=      155 consolidate=  0.098ms frontier=  0.085ms semisort=  7.240ms (keyed= 0.000ms group_by=  3.037ms per_group= 0.284ms)
[pe] round= 11 work=      155 frontier=   148966 next=       68 consolidate=  0.104ms frontier=  0.085ms semisort=  6.994ms (keyed= 0.000ms group_by=  2.943ms per_group= 0.259ms)
[pe] round= 12 work=       68 frontier=   148247 next=       22 consolidate=  0.078ms frontier=  0.074ms semisort=  6.864ms (keyed= 0.000ms group_by=  2.916ms per_group= 0.253ms)
[pe] round= 13 work=       22 frontier=   147918 next=        9 consolidate=  0.090ms frontier=  0.084ms semisort=  6.779ms (keyed= 0.000ms group_by=  3.002ms per_group= 0.179ms)
[pe] round= 14 work=        9 frontier=   147926 next=        0 consolidate=  0.076ms frontier=  0.074ms semisort=  6.400ms (keyed= 0.000ms group_by=  2.915ms per_group= 0.207ms)
timing: read=25.95ms parse=558.36ms build=616.71ms close=195.66ms check=0.00ms dtor=9.19ms
=== trial 3 (T=4) ===
[pe] round=  0 work=   122019 frontier=   216174 next=    25429 consolidate= 16.191ms frontier=  3.849ms semisort= 22.939ms (keyed= 0.000ms group_by=  6.554ms per_group= 3.476ms)
[pe] round=  1 work=    25429 frontier=   196536 next=    14422 consolidate=  4.991ms frontier=  0.928ms semisort= 19.591ms (keyed= 0.000ms group_by=  5.911ms per_group= 2.334ms)
[pe] round=  2 work=    14422 frontier=   206352 next=     9933 consolidate=  2.516ms frontier=  0.651ms semisort= 16.933ms (keyed= 0.000ms group_by=  5.017ms per_group= 1.815ms)
[pe] round=  3 work=     9933 frontier=   204652 next=     4070 consolidate=  1.978ms frontier=  0.500ms semisort= 14.527ms (keyed= 0.000ms group_by=  4.393ms per_group= 0.947ms)
[pe] round=  4 work=     4070 frontier=   195763 next=     1768 consolidate=  0.810ms frontier=  0.217ms semisort= 12.997ms (keyed= 0.000ms group_by=  3.743ms per_group= 0.807ms)
[pe] round=  5 work=     1768 frontier=   207329 next=     1011 consolidate=  0.485ms frontier=  0.208ms semisort= 10.872ms (keyed= 0.000ms group_by=  3.749ms per_group= 0.640ms)
[pe] round=  6 work=     1011 frontier=   205445 next=      630 consolidate=  0.329ms frontier=  0.197ms semisort=  9.738ms (keyed= 0.000ms group_by=  3.674ms per_group= 0.505ms)
[pe] round=  7 work=      630 frontier=   205640 next=      366 consolidate=  0.279ms frontier=  0.201ms semisort=  9.686ms (keyed= 0.000ms group_by=  3.664ms per_group= 0.473ms)
[pe] round=  8 work=      366 frontier=   150538 next=      293 consolidate=  0.166ms frontier=  0.151ms semisort=  7.609ms (keyed= 0.000ms group_by=  2.725ms per_group= 0.404ms)
[pe] round=  9 work=      293 frontier=   149041 next=      190 consolidate=  0.166ms frontier=  0.159ms semisort=  6.779ms (keyed= 0.000ms group_by=  2.729ms per_group= 0.380ms)
[pe] round= 10 work=      190 frontier=   149104 next=      155 consolidate=  0.112ms frontier=  0.145ms semisort=  6.776ms (keyed= 0.000ms group_by=  2.838ms per_group= 0.325ms)
[pe] round= 11 work=      155 frontier=   148966 next=       68 consolidate=  0.124ms frontier=  0.088ms semisort=  6.502ms (keyed= 0.000ms group_by=  2.722ms per_group= 0.291ms)
[pe] round= 12 work=       68 frontier=   148247 next=       22 consolidate=  0.088ms frontier=  0.106ms semisort=  6.194ms (keyed= 0.000ms group_by=  2.666ms per_group= 0.277ms)
[pe] round= 13 work=       22 frontier=   147918 next=        9 consolidate=  0.074ms frontier=  0.088ms semisort=  6.067ms (keyed= 0.000ms group_by=  2.785ms per_group= 0.197ms)
[pe] round= 14 work=        9 frontier=   147926 next=        0 consolidate=  0.091ms frontier=  0.077ms semisort=  5.864ms (keyed= 0.000ms group_by=  2.754ms per_group= 0.215ms)
timing: read=25.34ms parse=558.54ms build=614.74ms close=204.72ms check=0.00ms dtor=9.59ms
=== trial 4 (T=4) ===
[pe] round=  0 work=   122019 frontier=   216174 next=    25429 consolidate= 15.811ms frontier=  3.925ms semisort= 23.021ms (keyed= 0.000ms group_by=  7.158ms per_group= 3.423ms)
[pe] round=  1 work=    25429 frontier=   196536 next=    14422 consolidate=  4.918ms frontier=  0.913ms semisort= 20.137ms (keyed= 0.000ms group_by=  5.884ms per_group= 2.597ms)
[pe] round=  2 work=    14422 frontier=   206352 next=     9933 consolidate=  2.687ms frontier=  0.615ms semisort= 17.085ms (keyed= 0.000ms group_by=  5.186ms per_group= 1.808ms)
[pe] round=  3 work=     9933 frontier=   204652 next=     4070 consolidate=  2.259ms frontier=  0.481ms semisort= 15.536ms (keyed= 0.000ms group_by=  4.677ms per_group= 1.033ms)
[pe] round=  4 work=     4070 frontier=   195763 next=     1768 consolidate=  0.895ms frontier=  0.287ms semisort= 13.095ms (keyed= 0.000ms group_by=  3.980ms per_group= 0.798ms)
[pe] round=  5 work=     1768 frontier=   207329 next=     1011 consolidate=  0.445ms frontier=  0.211ms semisort= 12.567ms (keyed= 0.000ms group_by=  4.266ms per_group= 0.702ms)
[pe] round=  6 work=     1011 frontier=   205445 next=      630 consolidate=  0.346ms frontier=  0.240ms semisort= 10.188ms (keyed= 0.000ms group_by=  3.792ms per_group= 0.531ms)
[pe] round=  7 work=      630 frontier=   205640 next=      366 consolidate=  0.283ms frontier=  0.191ms semisort= 10.430ms (keyed= 0.000ms group_by=  3.736ms per_group= 0.476ms)
[pe] round=  8 work=      366 frontier=   150538 next=      293 consolidate=  0.178ms frontier=  0.144ms semisort=  7.990ms (keyed= 0.000ms group_by=  3.161ms per_group= 0.490ms)
[pe] round=  9 work=      293 frontier=   149041 next=      190 consolidate=  0.148ms frontier=  0.178ms semisort=  6.629ms (keyed= 0.000ms group_by=  2.783ms per_group= 0.344ms)
[pe] round= 10 work=      190 frontier=   149104 next=      155 consolidate=  0.117ms frontier=  0.115ms semisort=  7.132ms (keyed= 0.000ms group_by=  3.241ms per_group= 0.292ms)
[pe] round= 11 work=      155 frontier=   148966 next=       68 consolidate=  0.110ms frontier=  0.123ms semisort=  6.683ms (keyed= 0.000ms group_by=  2.965ms per_group= 0.293ms)
[pe] round= 12 work=       68 frontier=   148247 next=       22 consolidate=  0.083ms frontier=  0.106ms semisort=  6.471ms (keyed= 0.000ms group_by=  3.110ms per_group= 0.268ms)
[pe] round= 13 work=       22 frontier=   147918 next=        9 consolidate=  0.070ms frontier=  0.100ms semisort=  6.566ms (keyed= 0.000ms group_by=  3.235ms per_group= 0.210ms)
[pe] round= 14 work=        9 frontier=   147926 next=        0 consolidate=  0.100ms frontier=  0.093ms semisort=  6.082ms (keyed= 0.000ms group_by=  3.229ms per_group= 0.240ms)
timing: read=24.64ms parse=567.20ms build=617.13ms close=211.76ms check=0.00ms dtor=10.13ms
