=== trial 0 (T=8) ===
[pe] round=  0 work=   127310 frontier=   234231 next=    27260 consolidate=  9.674ms frontier=  2.319ms semisort= 12.863ms (keyed= 0.000ms group_by=  4.267ms per_group= 1.904ms)
[pe] round=  1 work=    27260 frontier=   210309 next=    15395 consolidate=  2.788ms frontier=  0.651ms semisort= 11.303ms (keyed= 0.000ms group_by=  3.700ms per_group= 1.500ms)
[pe] round=  2 work=    15395 frontier=   213949 next=     9563 consolidate=  1.656ms frontier=  0.404ms semisort=  9.557ms (keyed= 0.000ms group_by=  3.558ms per_group= 1.084ms)
[pe] round=  3 work=     9563 frontier=   206648 next=     5400 consolidate=  1.550ms frontier=  0.399ms semisort=  7.730ms (keyed= 0.000ms group_by=  2.755ms per_group= 0.745ms)
[pe] round=  4 work=     5400 frontier=   200965 next=     3177 consolidate=  0.870ms frontier=  0.304ms semisort=  7.249ms (keyed= 0.000ms group_by=  2.904ms per_group= 0.655ms)
[pe] round=  5 work=     3177 frontier=   160544 next=     2292 consolidate=  0.553ms frontier=  0.184ms semisort=  5.717ms (keyed= 0.000ms group_by=  2.348ms per_group= 0.476ms)
[pe] round=  6 work=     2292 frontier=   143921 next=     1408 consolidate=  0.392ms frontier=  0.180ms semisort=  5.222ms (keyed= 0.000ms group_by=  2.128ms per_group= 0.459ms)
[pe] round=  7 work=     1408 frontier=   138355 next=      814 consolidate=  0.291ms frontier=  0.156ms semisort=  4.729ms (keyed= 0.000ms group_by=  2.000ms per_group= 0.350ms)
[pe] round=  8 work=      814 frontier=   122530 next=      374 consolidate=  0.202ms frontier=  0.123ms semisort=  8.408ms (keyed= 0.000ms group_by=  6.354ms per_group= 0.286ms)
[pe] round=  9 work=      374 frontier=   115542 next=      201 consolidate=  0.155ms frontier=  0.110ms semisort=  7.558ms (keyed= 0.000ms group_by=  5.542ms per_group= 0.254ms)
[pe] round= 10 work=      201 frontier=   118783 next=      213 consolidate=  0.119ms frontier=  0.100ms semisort=  7.798ms (keyed= 0.000ms group_by=  5.792ms per_group= 0.273ms)
[pe] round= 11 work=      213 frontier=   123862 next=      236 consolidate=  0.079ms frontier=  0.085ms semisort=  8.356ms (keyed= 0.000ms group_by=  6.282ms per_group= 0.279ms)
[pe] round= 12 work=      236 frontier=   122251 next=      195 consolidate=  0.083ms frontier=  0.089ms semisort=  8.078ms (keyed= 0.000ms group_by=  6.045ms per_group= 0.297ms)
[pe] round= 13 work=      195 frontier=   114910 next=       95 consolidate=  0.102ms frontier=  0.086ms semisort=  7.574ms (keyed= 0.000ms group_by=  5.695ms per_group= 0.248ms)
[pe] round= 14 work=       95 frontier=    49730 next=       56 consolidate=  0.058ms frontier=  0.052ms semisort=  2.907ms (keyed= 0.000ms group_by=  2.256ms per_group= 0.127ms)
[pe] round= 15 work=       56 frontier=    73599 next=       40 consolidate=  0.067ms frontier=  0.062ms semisort=  4.880ms (keyed= 0.000ms group_by=  3.743ms per_group= 0.178ms)
[pe] round= 16 work=       40 frontier=    44459 next=       61 consolidate=  0.066ms frontier=  0.045ms semisort=  3.337ms (keyed= 0.000ms group_by=  2.497ms per_group= 0.147ms)
[pe] round= 17 work=       61 frontier=    57573 next=      495 consolidate=  0.067ms frontier=  0.060ms semisort=  4.367ms (keyed= 0.000ms group_by=  3.006ms per_group= 0.257ms)
[pe] round= 18 work=      495 frontier=   206223 next=     1775 consolidate=  0.160ms frontier=  0.175ms semisort=  7.458ms (keyed= 0.000ms group_by=  2.628ms per_group= 0.621ms)
[pe] round= 19 work=     1775 frontier=   247595 next=     1338 consolidate=  0.336ms frontier=  0.200ms semisort=  9.213ms (keyed= 0.000ms group_by=  3.145ms per_group= 0.511ms)
[pe] round= 20 work=     1338 frontier=   256181 next=      852 consolidate=  0.324ms frontier=  0.211ms semisort=  8.782ms (keyed= 0.000ms group_by=  3.380ms per_group= 0.495ms)
[pe] round= 21 work=      852 frontier=   261419 next=      423 consolidate=  0.260ms frontier=  0.245ms semisort=  8.668ms (keyed= 0.000ms group_by=  3.125ms per_group= 0.466ms)
[pe] round= 22 work=      423 frontier=   262433 next=      184 consolidate=  0.167ms frontier=  0.166ms semisort=  8.156ms (keyed= 0.000ms group_by=  3.692ms per_group= 0.322ms)
[pe] round= 23 work=      184 frontier=   261480 next=       65 consolidate=  0.124ms frontier=  0.144ms semisort=  7.353ms (keyed= 0.000ms group_by=  2.818ms per_group= 0.311ms)
[pe] round= 24 work=       65 frontier=   261742 next=       20 consolidate=  0.116ms frontier=  0.152ms semisort=  7.177ms (keyed= 0.000ms group_by=  2.990ms per_group= 0.264ms)
[pe] round= 25 work=       20 frontier=   244867 next=        9 consolidate=  0.090ms frontier=  0.131ms semisort=  6.576ms (keyed= 0.000ms group_by=  3.177ms per_group= 0.241ms)
[pe] round= 26 work=        9 frontier=   202740 next=        5 consolidate=  0.056ms frontier=  0.092ms semisort=  5.923ms (keyed= 0.000ms group_by=  3.024ms per_group= 0.291ms)
[pe] round= 27 work=        5 frontier=   202748 next=        4 consolidate=  0.058ms frontier=  0.088ms semisort=  5.598ms (keyed= 0.000ms group_by=  2.738ms per_group= 0.217ms)
[pe] round= 28 work=        4 frontier=   202751 next=        2 consolidate=  0.049ms frontier=  0.107ms semisort=  5.408ms (keyed= 0.000ms group_by=  2.747ms per_group= 0.243ms)
[pe] round= 29 work=        2 frontier=   202752 next=        2 consolidate=  0.044ms frontier=  0.092ms semisort=  5.293ms (keyed= 0.000ms group_by=  3.052ms per_group= 0.100ms)
[pe] round= 30 work=        2 frontier=   202753 next=        0 consolidate=  0.053ms frontier=  0.092ms semisort=  5.486ms (keyed= 0.000ms group_by=  3.108ms per_group= 0.135ms)
timing: read=15.75ms parse=359.94ms build=432.82ms close=251.03ms check=0.00ms dtor=7.54ms
=== trial 1 (T=8) ===
[pe] round=  0 work=   127310 frontier=   234231 next=    27260 consolidate=  9.826ms frontier=  2.479ms semisort= 15.422ms (keyed= 0.000ms group_by=  4.152ms per_group= 3.808ms)
[pe] round=  1 work=    27260 frontier=   210309 next=    15395 consolidate=  2.832ms frontier=  0.641ms semisort= 11.383ms (keyed= 0.000ms group_by=  3.906ms per_group= 1.501ms)
[pe] round=  2 work=    15395 frontier=   213949 next=     9563 consolidate=  1.760ms frontier=  0.390ms semisort= 10.689ms (keyed= 0.000ms group_by=  3.565ms per_group= 1.146ms)
[pe] round=  3 work=     9563 frontier=   206648 next=     5400 consolidate=  1.598ms frontier=  0.402ms semisort=  8.555ms (keyed= 0.000ms group_by=  2.903ms per_group= 0.800ms)
[pe] round=  4 work=     5400 frontier=   200965 next=     3177 consolidate=  1.200ms frontier=  0.248ms semisort=  7.817ms (keyed= 0.000ms group_by=  2.874ms per_group= 0.681ms)
[pe] round=  5 work=     3177 frontier=   160544 next=     2292 consolidate=  0.612ms frontier=  0.197ms semisort=  6.170ms (keyed= 0.000ms group_by=  2.239ms per_group= 0.478ms)
[pe] round=  6 work=     2292 frontier=   143921 next=     1408 consolidate=  0.420ms frontier=  0.191ms semisort=  5.415ms (keyed= 0.000ms group_by=  1.966ms per_group= 0.459ms)
[pe] round=  7 work=     1408 frontier=   138355 next=      814 consolidate=  0.367ms frontier=  0.164ms semisort=  4.752ms (keyed= 0.000ms group_by=  1.786ms per_group= 0.345ms)
[pe] round=  8 work=      814 frontier=   122530 next=      374 consolidate=  0.237ms frontier=  0.144ms semisort=  9.017ms (keyed= 0.000ms group_by=  6.669ms per_group= 0.312ms)
[pe] round=  9 work=      374 frontier=   115542 next=      201 consolidate=  0.140ms frontier=  0.075ms semisort=  8.036ms (keyed= 0.000ms group_by=  5.883ms per_group= 0.247ms)
[pe] round= 10 work=      201 frontier=   118783 next=      213 consolidate=  0.105ms frontier=  0.105ms semisort=  8.236ms (keyed= 0.000ms group_by=  5.943ms per_group= 0.284ms)
[pe] round= 11 work=      213 frontier=   123862 next=      236 consolidate=  0.093ms frontier=  0.088ms semisort=  8.474ms (keyed= 0.000ms group_by=  6.168ms per_group= 0.291ms)
[pe] round= 12 work=      236 frontier=   122251 next=      195 consolidate=  0.103ms frontier=  0.102ms semisort=  8.555ms (keyed= 0.000ms group_by=  6.335ms per_group= 0.279ms)
[pe] round= 13 work=      195 frontier=   114910 next=       95 consolidate=  0.115ms frontier=  0.100ms semisort=  7.762ms (keyed= 0.000ms group_by=  5.695ms per_group= 0.268ms)
[pe] round= 14 work=       95 frontier=    49730 next=       56 consolidate=  0.060ms frontier=  0.070ms semisort=  3.171ms (keyed= 0.000ms group_by=  2.447ms per_group= 0.131ms)
[pe] round= 15 work=       56 frontier=    73599 next=       40 consolidate=  0.068ms frontier=  0.071ms semisort=  4.936ms (keyed= 0.000ms group_by=  3.629ms per_group= 0.172ms)
[pe] round= 16 work=       40 frontier=    44459 next=       61 consolidate=  0.069ms frontier=  0.060ms semisort=  3.019ms (keyed= 0.000ms group_by=  2.131ms per_group= 0.157ms)
[pe] round= 17 work=       61 frontier=    57573 next=      495 consolidate=  0.061ms frontier=  0.057ms semisort=  4.135ms (keyed= 0.000ms group_by=  2.759ms per_group= 0.276ms)
[pe] round= 18 work=      495 frontier=   206223 next=     1775 consolidate=  0.186ms frontier=  0.134ms semisort=  7.433ms (keyed= 0.000ms group_by=  2.461ms per_group= 0.602ms)
[pe] round= 19 work=     1775 frontier=   247595 next=     1338 consolidate=  0.382ms frontier=  0.212ms semisort=  8.721ms (keyed= 0.000ms group_by=  2.595ms per_group= 0.435ms)
[pe] round= 20 work=     1338 frontier=   256181 next=      852 consolidate=  0.289ms frontier=  0.201ms semisort=  8.144ms (keyed= 0.000ms group_by=  2.496ms per_group= 0.457ms)
[pe] round= 21 work=      852 frontier=   261419 next=      423 consolidate=  0.246ms frontier=  0.228ms semisort=  9.126ms (keyed= 0.000ms group_by=  3.049ms per_group= 0.439ms)
[pe] round= 22 work=      423 frontier=   262433 next=      184 consolidate=  0.174ms frontier=  0.132ms semisort=  8.030ms (keyed= 0.000ms group_by=  3.621ms per_group= 0.263ms)
[pe] round= 23 work=      184 frontier=   261480 next=       65 consolidate=  0.131ms frontier=  0.132ms semisort=  7.660ms (keyed= 0.000ms group_by=  2.690ms per_group= 0.289ms)
[pe] round= 24 work=       65 frontier=   261742 next=       20 consolidate=  0.123ms frontier=  0.150ms semisort=  7.470ms (keyed= 0.000ms group_by=  2.850ms per_group= 0.237ms)
[pe] round= 25 work=       20 frontier=   244867 next=        9 consolidate=  0.101ms frontier=  0.116ms semisort=  6.737ms (keyed= 0.000ms group_by=  2.897ms per_group= 0.194ms)
[pe] round= 26 work=        9 frontier=   202740 next=        5 consolidate=  0.056ms frontier=  0.098ms semisort=  5.501ms (keyed= 0.000ms group_by=  2.299ms per_group= 0.169ms)
[pe] round= 27 work=        5 frontier=   202748 next=        4 consolidate=  0.054ms frontier=  0.091ms semisort=  5.335ms (keyed= 0.000ms group_by=  2.342ms per_group= 0.156ms)
[pe] round= 28 work=        4 frontier=   202751 next=        2 consolidate=  0.048ms frontier=  0.094ms semisort=  5.286ms (keyed= 0.000ms group_by=  2.484ms per_group= 0.143ms)
[pe] round= 29 work=        2 frontier=   202752 next=        2 consolidate=  0.045ms frontier=  0.096ms semisort=  5.240ms (keyed= 0.000ms group_by=  2.333ms per_group= 0.147ms)
[pe] round= 30 work=        2 frontier=   202753 next=        0 consolidate=  0.041ms frontier=  0.084ms semisort=  5.133ms (keyed= 0.000ms group_by=  2.346ms per_group= 0.132ms)
timing: read=16.24ms parse=360.11ms build=427.03ms close=258.69ms check=0.00ms dtor=7.73ms
=== trial 2 (T=8) ===
[pe] round=  0 work=   127310 frontier=   234231 next=    27260 consolidate=  9.525ms frontier=  2.559ms semisort= 13.210ms (keyed= 0.000ms group_by=  4.155ms per_group= 1.922ms)
[pe] round=  1 work=    27260 frontier=   210309 next=    15395 consolidate=  2.908ms frontier=  0.660ms semisort= 11.301ms (keyed= 0.000ms group_by=  3.720ms per_group= 1.497ms)
[pe] round=  2 work=    15395 frontier=   213949 next=     9563 consolidate=  1.826ms frontier=  0.444ms semisort= 10.315ms (keyed= 0.000ms group_by=  3.351ms per_group= 1.232ms)
[pe] round=  3 work=     9563 frontier=   206648 next=     5400 consolidate=  1.728ms frontier=  0.446ms semisort=  8.896ms (keyed= 0.000ms group_by=  3.141ms per_group= 0.840ms)
[pe] round=  4 work=     5400 frontier=   200965 next=     3177 consolidate=  1.030ms frontier=  0.299ms semisort=  7.861ms (keyed= 0.000ms group_by=  2.919ms per_group= 0.738ms)
[pe] round=  5 work=     3177 frontier=   160544 next=     2292 consolidate=  0.513ms frontier=  0.199ms semisort=  6.212ms (keyed= 0.000ms group_by=  2.346ms per_group= 0.535ms)
[pe] round=  6 work=     2292 frontier=   143921 next=     1408 consolidate=  0.426ms frontier=  0.180ms semisort=  5.551ms (keyed= 0.000ms group_by=  2.205ms per_group= 0.509ms)
[pe] round=  7 work=     1408 frontier=   138355 next=      814 consolidate=  0.340ms frontier=  0.173ms semisort=  4.825ms (keyed= 0.000ms group_by=  1.924ms per_group= 0.374ms)
[pe] round=  8 work=      814 frontier=   122530 next=      374 consolidate=  0.211ms frontier=  0.125ms semisort=  8.613ms (keyed= 0.000ms group_by=  6.449ms per_group= 0.304ms)
[pe] round=  9 work=      374 frontier=   115542 next=      201 consolidate=  0.158ms frontier=  0.105ms semisort=  8.693ms (keyed= 0.000ms group_by=  6.076ms per_group= 0.276ms)
[pe] round= 10 work=      201 frontier=   118783 next=      213 consolidate=  0.095ms frontier=  0.100ms semisort=  8.309ms (keyed= 0.000ms group_by=  6.087ms per_group= 0.302ms)
[pe] round= 11 work=      213 frontier=   123862 next=      236 consolidate=  0.094ms frontier=  0.109ms semisort=  8.710ms (keyed= 0.000ms group_by=  6.413ms per_group= 0.311ms)
[pe] round= 12 work=      236 frontier=   122251 next=      195 consolidate=  0.093ms frontier=  0.087ms semisort=  8.433ms (keyed= 0.000ms group_by=  6.212ms per_group= 0.326ms)
[pe] round= 13 work=      195 frontier=   114910 next=       95 consolidate=  0.104ms frontier=  0.120ms semisort=  7.972ms (keyed= 0.000ms group_by=  5.924ms per_group= 0.292ms)
[pe] round= 14 work=       95 frontier=    49730 next=       56 consolidate=  0.053ms frontier=  0.057ms semisort=  3.207ms (keyed= 0.000ms group_by=  2.436ms per_group= 0.156ms)
[pe] round= 15 work=       56 frontier=    73599 next=       40 consolidate=  0.074ms frontier=  0.078ms semisort=  5.104ms (keyed= 0.000ms group_by=  3.797ms per_group= 0.196ms)
[pe] round= 16 work=       40 frontier=    44459 next=       61 consolidate=  0.068ms frontier=  0.065ms semisort=  3.244ms (keyed= 0.000ms group_by=  2.270ms per_group= 0.157ms)
[pe] round= 17 work=       61 frontier=    57573 next=      495 consolidate=  0.063ms frontier=  0.066ms semisort=  4.284ms (keyed= 0.000ms group_by=  2.828ms per_group= 0.321ms)
[pe] round= 18 work=      495 frontier=   206223 next=     1775 consolidate=  0.170ms frontier=  0.156ms semisort=  7.057ms (keyed= 0.000ms group_by=  2.397ms per_group= 0.614ms)
[pe] round= 19 work=     1775 frontier=   247595 next=     1338 consolidate=  0.386ms frontier=  0.219ms semisort=  8.744ms (keyed= 0.000ms group_by=  2.597ms per_group= 0.466ms)
[pe] round= 20 work=     1338 frontier=   256181 next=      852 consolidate=  0.294ms frontier=  0.226ms semisort=  7.702ms (keyed= 0.000ms group_by=  2.433ms per_group= 0.489ms)
[pe] round= 21 work=      852 frontier=   261419 next=      423 consolidate=  0.266ms frontier=  0.224ms semisort=  7.787ms (keyed= 0.000ms group_by=  2.392ms per_group= 0.375ms)
[pe] round= 22 work=      423 frontier=   262433 next=      184 consolidate=  0.183ms frontier=  0.151ms semisort=  7.715ms (keyed= 0.000ms group_by=  3.238ms per_group= 0.299ms)
[pe] round= 23 work=      184 frontier=   261480 next=       65 consolidate=  0.125ms frontier=  0.141ms semisort=  6.918ms (keyed= 0.000ms group_by=  2.361ms per_group= 0.245ms)
[pe] round= 24 work=       65 frontier=   261742 next=       20 consolidate=  0.127ms frontier=  0.154ms semisort=  6.673ms (keyed= 0.000ms group_by=  2.333ms per_group= 0.236ms)
[pe] round= 25 work=       20 frontier=   244867 next=        9 consolidate=  0.101ms frontier=  0.127ms semisort=  5.716ms (keyed= 0.000ms group_by=  2.261ms per_group= 0.206ms)
[pe] round= 26 work=        9 frontier=   202740 next=        5 consolidate=  0.054ms frontier=  0.102ms semisort=  5.216ms (keyed= 0.000ms group_by=  2.188ms per_group= 0.178ms)
[pe] round= 27 work=        5 frontier=   202748 next=        4 consolidate=  0.065ms frontier=  0.092ms semisort=  5.030ms (keyed= 0.000ms group_by=  2.230ms per_group= 0.186ms)
[pe] round= 28 work=        4 frontier=   202751 next=        2 consolidate=  0.054ms frontier=  0.098ms semisort=  4.638ms (keyed= 0.000ms group_by=  2.113ms per_group= 0.147ms)
[pe] round= 29 work=        2 frontier=   202752 next=        2 consolidate=  0.045ms frontier=  0.097ms semisort=  4.648ms (keyed= 0.000ms group_by=  2.112ms per_group= 0.108ms)
[pe] round= 30 work=        2 frontier=   202753 next=        0 consolidate=  0.054ms frontier=  0.086ms semisort=  4.715ms (keyed= 0.000ms group_by=  2.171ms per_group= 0.086ms)
timing: read=15.03ms parse=361.02ms build=419.55ms close=250.77ms check=0.00ms dtor=7.71ms
=== trial 3 (T=8) ===
[pe] round=  0 work=   127310 frontier=   234231 next=    27260 consolidate= 10.378ms frontier=  2.677ms semisort= 14.221ms (keyed= 0.000ms group_by=  4.448ms per_group= 2.020ms)
[pe] round=  1 work=    27260 frontier=   210309 next=    15395 consolidate=  3.152ms frontier=  0.698ms semisort= 12.346ms (keyed= 0.000ms group_by=  3.954ms per_group= 1.487ms)
[pe] round=  2 work=    15395 frontier=   213949 next=     9563 consolidate=  1.833ms frontier=  0.430ms semisort= 10.938ms (keyed= 0.000ms group_by=  3.499ms per_group= 1.221ms)
[pe] round=  3 work=     9563 frontier=   206648 next=     5400 consolidate=  1.812ms frontier=  0.454ms semisort=  9.579ms (keyed= 0.000ms group_by=  3.194ms per_group= 0.813ms)
[pe] round=  4 work=     5400 frontier=   200965 next=     3177 consolidate=  1.061ms frontier=  0.294ms semisort=  8.714ms (keyed= 0.000ms group_by=  3.099ms per_group= 0.736ms)
[pe] round=  5 work=     3177 frontier=   160544 next=     2292 consolidate=  0.650ms frontier=  0.250ms semisort=  6.781ms (keyed= 0.000ms group_by=  2.374ms per_group= 0.575ms)
[pe] round=  6 work=     2292 frontier=   143921 next=     1408 consolidate=  0.428ms frontier=  0.187ms semisort=  5.799ms (keyed= 0.000ms group_by=  2.034ms per_group= 0.516ms)
[pe] round=  7 work=     1408 frontier=   138355 next=      814 consolidate=  0.382ms frontier=  0.173ms semisort=  5.461ms (keyed= 0.000ms group_by=  1.974ms per_group= 0.382ms)
[pe] round=  8 work=      814 frontier=   122530 next=      374 consolidate=  0.249ms frontier=  0.113ms semisort=  9.094ms (keyed= 0.000ms group_by=  6.477ms per_group= 0.335ms)
[pe] round=  9 work=      374 frontier=   115542 next=      201 consolidate=  0.152ms frontier=  0.106ms semisort=  8.709ms (keyed= 0.000ms group_by=  6.128ms per_group= 0.310ms)
[pe] round= 10 work=      201 frontier=   118783 next=      213 consolidate=  0.109ms frontier=  0.132ms semisort=  8.466ms (keyed= 0.000ms group_by=  5.921ms per_group= 0.340ms)
[pe] round= 11 work=      213 frontier=   123862 next=      236 consolidate=  0.106ms frontier=  0.099ms semisort=  8.794ms (keyed= 0.000ms group_by=  6.297ms per_group= 0.336ms)
[pe] round= 12 work=      236 frontier=   122251 next=      195 consolidate=  0.109ms frontier=  0.083ms semisort=  8.833ms (keyed= 0.000ms group_by=  6.390ms per_group= 0.333ms)
[pe] round= 13 work=      195 frontier=   114910 next=       95 consolidate=  0.126ms frontier=  0.081ms semisort=  8.126ms (keyed= 0.000ms group_by=  5.988ms per_group= 0.304ms)
[pe] round= 14 work=       95 frontier=    49730 next=       56 consolidate=  0.065ms frontier=  0.059ms semisort=  3.475ms (keyed= 0.000ms group_by=  2.625ms per_group= 0.154ms)
[pe] round= 15 work=       56 frontier=    73599 next=       40 consolidate=  0.073ms frontier=  0.070ms semisort=  5.178ms (keyed= 0.000ms group_by=  3.818ms per_group= 0.198ms)
[pe] round= 16 work=       40 frontier=    44459 next=       61 consolidate=  0.064ms frontier=  0.056ms semisort=  3.368ms (keyed= 0.000ms group_by=  2.341ms per_group= 0.174ms)
[pe] round= 17 work=       61 frontier=    57573 next=      495 consolidate=  0.048ms frontier=  0.083ms semisort=  4.426ms (keyed= 0.000ms group_by=  2.912ms per_group= 0.302ms)
[pe] round= 18 work=      495 frontier=   206223 next=     1775 consolidate=  0.177ms frontier=  0.149ms semisort=  7.989ms (keyed= 0.000ms group_by=  2.415ms per_group= 0.662ms)
[pe] round= 19 work=     1775 frontier=   247595 next=     1338 consolidate=  0.381ms frontier=  0.205ms semisort=  9.471ms (keyed= 0.000ms group_by=  2.851ms per_group= 0.472ms)
[pe] round= 20 work=     1338 frontier=   256181 next=      852 consolidate=  0.326ms frontier=  0.195ms semisort=  9.127ms (keyed= 0.000ms group_by=  2.907ms per_group= 0.478ms)
[pe] round= 21 work=      852 frontier=   261419 next=      423 consolidate=  0.268ms frontier=  0.193ms semisort=  9.810ms (keyed= 0.000ms group_by=  3.187ms per_group= 0.483ms)
[pe] round= 22 work=      423 frontier=   262433 next=      184 consolidate=  0.170ms frontier=  0.160ms semisort=  8.742ms (keyed= 0.000ms group_by=  3.661ms per_group= 0.416ms)
[pe] round= 23 work=      184 frontier=   261480 next=       65 consolidate=  0.131ms frontier=  0.138ms semisort=  8.866ms (keyed= 0.000ms group_by=  3.144ms per_group= 0.355ms)
[pe] round= 24 work=       65 frontier=   261742 next=       20 consolidate=  0.122ms frontier=  0.148ms semisort=  8.799ms (keyed= 0.000ms group_by=  3.249ms per_group= 0.326ms)
[pe] round= 25 work=       20 frontier=   244867 next=        9 consolidate=  0.080ms frontier=  0.111ms semisort=  7.497ms (keyed= 0.000ms group_by=  3.073ms per_group= 0.294ms)
[pe] round= 26 work=        9 frontier=   202740 next=        5 consolidate=  0.047ms frontier=  0.085ms semisort=  6.272ms (keyed= 0.000ms group_by=  2.721ms per_group= 0.210ms)
[pe] round= 27 work=        5 frontier=   202748 next=        4 consolidate=  0.048ms frontier=  0.089ms semisort=  6.097ms (keyed= 0.000ms group_by=  2.759ms per_group= 0.267ms)
[pe] round= 28 work=        4 frontier=   202751 next=        2 consolidate=  0.044ms frontier=  0.082ms semisort=  5.924ms (keyed= 0.000ms group_by=  2.714ms per_group= 0.247ms)
[pe] round= 29 work=        2 frontier=   202752 next=        2 consolidate=  0.046ms frontier=  0.084ms semisort=  5.733ms (keyed= 0.000ms group_by=  2.794ms per_group= 0.184ms)
[pe] round= 30 work=        2 frontier=   202753 next=        0 consolidate=  0.042ms frontier=  0.098ms semisort=  5.546ms (keyed= 0.000ms group_by=  2.687ms per_group= 0.127ms)
timing: read=16.26ms parse=366.21ms build=420.51ms close=277.09ms check=0.00ms dtor=8.92ms
=== trial 4 (T=8) ===
[pe] round=  0 work=   127310 frontier=   234231 next=    27260 consolidate=  9.786ms frontier=  2.575ms semisort= 12.978ms (keyed= 0.000ms group_by=  4.383ms per_group= 1.785ms)
[pe] round=  1 work=    27260 frontier=   210309 next=    15395 consolidate=  2.865ms frontier=  0.584ms semisort= 11.350ms (keyed= 0.000ms group_by=  4.095ms per_group= 1.369ms)
[pe] round=  2 work=    15395 frontier=   213949 next=     9563 consolidate=  1.783ms frontier=  0.437ms semisort=  9.464ms (keyed= 0.000ms group_by=  3.194ms per_group= 1.148ms)
[pe] round=  3 work=     9563 frontier=   206648 next=     5400 consolidate=  1.660ms frontier=  0.439ms semisort=  8.143ms (keyed= 0.000ms group_by=  2.978ms per_group= 0.753ms)
[pe] round=  4 work=     5400 frontier=   200965 next=     3177 consolidate=  1.033ms frontier=  0.254ms semisort=  7.288ms (keyed= 0.000ms group_by=  2.707ms per_group= 0.630ms)
[pe] round=  5 work=     3177 frontier=   160544 next=     2292 consolidate=  0.603ms frontier=  0.191ms semisort=  5.810ms (keyed= 0.000ms group_by=  2.107ms per_group= 0.463ms)
[pe] round=  6 work=     2292 frontier=   143921 next=     1408 consolidate=  0.424ms frontier=  0.188ms semisort=  5.174ms (keyed= 0.000ms group_by=  1.881ms per_group= 0.431ms)
[pe] round=  7 work=     1408 frontier=   138355 next=      814 consolidate=  0.333ms frontier=  0.151ms semisort=  4.803ms (keyed= 0.000ms group_by=  1.815ms per_group= 0.345ms)
[pe] round=  8 work=      814 frontier=   122530 next=      374 consolidate=  0.212ms frontier=  0.089ms semisort=  8.500ms (keyed= 0.000ms group_by=  6.374ms per_group= 0.284ms)
[pe] round=  9 work=      374 frontier=   115542 next=      201 consolidate=  0.120ms frontier=  0.103ms semisort=  7.943ms (keyed= 0.000ms group_by=  5.851ms per_group= 0.243ms)
[pe] round= 10 work=      201 frontier=   118783 next=      213 consolidate=  0.116ms frontier=  0.098ms semisort=  8.163ms (keyed= 0.000ms group_by=  6.014ms per_group= 0.270ms)
[pe] round= 11 work=      213 frontier=   123862 next=      236 consolidate=  0.110ms frontier=  0.101ms semisort=  8.542ms (keyed= 0.000ms group_by=  6.387ms per_group= 0.287ms)
[pe] round= 12 work=      236 frontier=   122251 next=      195 consolidate=  0.089ms frontier=  0.076ms semisort=  8.095ms (keyed= 0.000ms group_by=  5.996ms per_group= 0.284ms)
[pe] round= 13 work=      195 frontier=   114910 next=       95 consolidate=  0.131ms frontier=  0.081ms semisort=  7.981ms (keyed= 0.000ms group_by=  5.996ms per_group= 0.288ms)
[pe] round= 14 work=       95 frontier=    49730 next=       56 consolidate=  0.059ms frontier=  0.070ms semisort=  3.259ms (keyed= 0.000ms group_by=  2.498ms per_group= 0.145ms)
[pe] round= 15 work=       56 frontier=    73599 next=       40 consolidate=  0.073ms frontier=  0.106ms semisort=  5.485ms (keyed= 0.000ms group_by=  4.103ms per_group= 0.192ms)
[pe] round= 16 work=       40 frontier=    44459 next=       61 consolidate=  0.081ms frontier=  0.063ms semisort=  3.228ms (keyed= 0.000ms group_by=  2.301ms per_group= 0.159ms)
[pe] round= 17 work=       61 frontier=    57573 next=      495 consolidate=  0.077ms frontier=  0.071ms semisort=  4.720ms (keyed= 0.000ms group_by=  3.285ms per_group= 0.258ms)
[pe] round= 18 work=      495 frontier=   206223 next=     1775 consolidate=  0.180ms frontier=  0.159ms semisort=  7.144ms (keyed= 0.000ms group_by=  2.383ms per_group= 0.626ms)
[pe] round= 19 work=     1775 frontier=   247595 next=     1338 consolidate=  0.377ms frontier=  0.222ms semisort=  8.743ms (keyed= 0.000ms group_by=  2.635ms per_group= 0.473ms)
[pe] round= 20 work=     1338 frontier=   256181 next=      852 consolidate=  0.297ms frontier=  0.221ms semisort=  7.977ms (keyed= 0.000ms group_by=  2.751ms per_group= 0.396ms)
[pe] round= 21 work=      852 frontier=   261419 next=      423 consolidate=  0.243ms frontier=  0.417ms semisort=  9.598ms (keyed= 0.000ms group_by=  3.581ms per_group= 0.402ms)
[pe] round= 22 work=      423 frontier=   262433 next=      184 consolidate=  0.214ms frontier=  0.181ms semisort=  7.787ms (keyed= 0.000ms group_by=  3.202ms per_group= 0.305ms)
[pe] round= 23 work=      184 frontier=   261480 next=       65 consolidate=  0.144ms frontier=  0.151ms semisort=  7.918ms (keyed= 0.000ms group_by=  2.745ms per_group= 0.249ms)
[pe] round= 24 work=       65 frontier=   261742 next=       20 consolidate=  0.105ms frontier=  0.153ms semisort=  7.730ms (keyed= 0.000ms group_by=  3.133ms per_group= 0.251ms)
[pe] round= 25 work=       20 frontier=   244867 next=        9 consolidate=  0.086ms frontier=  0.131ms semisort=  7.061ms (keyed= 0.000ms group_by=  3.163ms per_group= 0.205ms)
[pe] round= 26 work=        9 frontier=   202740 next=        5 consolidate=  0.054ms frontier=  0.100ms semisort=  5.719ms (keyed= 0.000ms group_by=  2.660ms per_group= 0.166ms)
[pe] round= 27 work=        5 frontier=   202748 next=        4 consolidate=  0.047ms frontier=  0.098ms semisort=  5.387ms (keyed= 0.000ms group_by=  2.480ms per_group= 0.175ms)
[pe] round= 28 work=        4 frontier=   202751 next=        2 consolidate=  0.055ms frontier=  0.097ms semisort=  5.716ms (keyed= 0.000ms group_by=  2.795ms per_group= 0.132ms)
[pe] round= 29 work=        2 frontier=   202752 next=        2 consolidate=  0.055ms frontier=  0.097ms semisort=  5.744ms (keyed= 0.000ms group_by=  2.830ms per_group= 0.102ms)
[pe] round= 30 work=        2 frontier=   202753 next=        0 consolidate=  0.048ms frontier=  0.098ms semisort=  5.480ms (keyed= 0.000ms group_by=  2.672ms per_group= 0.144ms)
timing: read=16.93ms parse=362.17ms build=428.50ms close=256.65ms check=0.00ms dtor=8.11ms
