=== trial 0 (T=8) ===
[pe] round=  0 work=    61664 frontier=   115178 next=    15806 consolidate=  5.372ms frontier=  1.204ms semisort= 10.707ms (keyed= 0.000ms group_by=  6.244ms per_group= 1.129ms)
[pe] round=  1 work=    15806 frontier=   112026 next=     6873 consolidate=  1.729ms frontier=  0.413ms semisort=  9.883ms (keyed= 0.000ms group_by=  6.086ms per_group= 0.784ms)
[pe] round=  2 work=     6873 frontier=   117100 next=     4450 consolidate=  1.175ms frontier=  0.291ms semisort=  9.382ms (keyed= 0.000ms group_by=  5.977ms per_group= 0.537ms)
[pe] round=  3 work=     4450 frontier=   125611 next=     3191 consolidate=  0.742ms frontier=  0.182ms semisort=  9.443ms (keyed= 0.000ms group_by=  6.612ms per_group= 0.443ms)
[pe] round=  4 work=     3191 frontier=   128902 next=      677 consolidate=  0.467ms frontier=  0.176ms semisort=  8.938ms (keyed= 0.000ms group_by=  6.617ms per_group= 0.280ms)
[pe] round=  5 work=      677 frontier=   129810 next=      216 consolidate=  0.166ms frontier=  0.115ms semisort=  8.395ms (keyed= 0.000ms group_by=  6.626ms per_group= 0.235ms)
[pe] round=  6 work=      216 frontier=   129980 next=        0 consolidate=  0.114ms frontier=  0.084ms semisort=  8.031ms (keyed= 0.000ms group_by=  6.594ms per_group= 0.124ms)
timing: read=8.17ms parse=183.93ms build=205.79ms close=79.73ms check=0.00ms dtor=5.70ms
=== trial 1 (T=8) ===
[pe] round=  0 work=    61664 frontier=   115178 next=    15806 consolidate=  5.267ms frontier=  1.247ms semisort=  9.987ms (keyed= 0.000ms group_by=  5.600ms per_group= 1.127ms)
[pe] round=  1 work=    15806 frontier=   112026 next=     6873 consolidate=  1.740ms frontier=  0.361ms semisort=  9.573ms (keyed= 0.000ms group_by=  5.839ms per_group= 0.799ms)
[pe] round=  2 work=     6873 frontier=   117100 next=     4450 consolidate=  1.098ms frontier=  0.283ms semisort=  9.272ms (keyed= 0.000ms group_by=  5.861ms per_group= 0.593ms)
[pe] round=  3 work=     4450 frontier=   125611 next=     3191 consolidate=  0.686ms frontier=  0.181ms semisort=  9.145ms (keyed= 0.000ms group_by=  6.283ms per_group= 0.438ms)
[pe] round=  4 work=     3191 frontier=   128902 next=      677 consolidate=  0.458ms frontier=  0.172ms semisort=  8.864ms (keyed= 0.000ms group_by=  6.512ms per_group= 0.285ms)
[pe] round=  5 work=      677 frontier=   129810 next=      216 consolidate=  0.157ms frontier=  0.107ms semisort=  8.171ms (keyed= 0.000ms group_by=  6.443ms per_group= 0.294ms)
[pe] round=  6 work=      216 frontier=   129980 next=        0 consolidate=  0.104ms frontier=  0.068ms semisort=  7.849ms (keyed= 0.000ms group_by=  6.535ms per_group= 0.139ms)
timing: read=7.99ms parse=182.00ms build=238.75ms close=77.23ms check=0.00ms dtor=5.87ms
=== trial 2 (T=8) ===
[pe] round=  0 work=    61664 frontier=   115178 next=    15806 consolidate=  5.167ms frontier=  1.218ms semisort= 11.134ms (keyed= 0.000ms group_by=  6.650ms per_group= 1.116ms)
[pe] round=  1 work=    15806 frontier=   112026 next=     6873 consolidate=  1.720ms frontier=  0.355ms semisort=  9.895ms (keyed= 0.000ms group_by=  5.960ms per_group= 0.792ms)
[pe] round=  2 work=     6873 frontier=   117100 next=     4450 consolidate=  1.078ms frontier=  0.269ms semisort=  9.478ms (keyed= 0.000ms group_by=  6.042ms per_group= 0.551ms)
[pe] round=  3 work=     4450 frontier=   125611 next=     3191 consolidate=  0.634ms frontier=  0.190ms semisort=  9.465ms (keyed= 0.000ms group_by=  6.429ms per_group= 0.422ms)
[pe] round=  4 work=     3191 frontier=   128902 next=      677 consolidate=  0.444ms frontier=  0.170ms semisort=  8.875ms (keyed= 0.000ms group_by=  6.506ms per_group= 0.310ms)
[pe] round=  5 work=      677 frontier=   129810 next=      216 consolidate=  0.153ms frontier=  0.109ms semisort=  8.293ms (keyed= 0.000ms group_by=  6.507ms per_group= 0.224ms)
[pe] round=  6 work=      216 frontier=   129980 next=        0 consolidate=  0.111ms frontier=  0.083ms semisort=  7.812ms (keyed= 0.000ms group_by=  6.377ms per_group= 0.089ms)
timing: read=7.66ms parse=183.39ms build=205.61ms close=79.15ms check=0.00ms dtor=5.76ms
=== trial 3 (T=8) ===
[pe] round=  0 work=    61664 frontier=   115178 next=    15806 consolidate=  4.985ms frontier=  1.480ms semisort= 10.713ms (keyed= 0.000ms group_by=  6.207ms per_group= 1.146ms)
[pe] round=  1 work=    15806 frontier=   112026 next=     6873 consolidate=  1.751ms frontier=  0.375ms semisort= 10.036ms (keyed= 0.000ms group_by=  6.152ms per_group= 0.800ms)
[pe] round=  2 work=     6873 frontier=   117100 next=     4450 consolidate=  1.135ms frontier=  0.284ms semisort=  9.483ms (keyed= 0.000ms group_by=  6.044ms per_group= 0.588ms)
[pe] round=  3 work=     4450 frontier=   125611 next=     3191 consolidate=  0.703ms frontier=  0.203ms semisort=  9.877ms (keyed= 0.000ms group_by=  6.380ms per_group= 0.459ms)
[pe] round=  4 work=     3191 frontier=   128902 next=      677 consolidate=  0.458ms frontier=  0.169ms semisort=  8.974ms (keyed= 0.000ms group_by=  6.453ms per_group= 0.299ms)
[pe] round=  5 work=      677 frontier=   129810 next=      216 consolidate=  0.154ms frontier=  0.129ms semisort=  8.581ms (keyed= 0.000ms group_by=  6.552ms per_group= 0.338ms)
[pe] round=  6 work=      216 frontier=   129980 next=        0 consolidate=  0.109ms frontier=  0.073ms semisort=  8.289ms (keyed= 0.000ms group_by=  6.695ms per_group= 0.115ms)
timing: read=8.30ms parse=180.18ms build=206.28ms close=80.82ms check=0.00ms dtor=6.15ms
=== trial 4 (T=8) ===
[pe] round=  0 work=    61664 frontier=   115178 next=    15806 consolidate=  5.498ms frontier=  1.343ms semisort= 11.001ms (keyed= 0.000ms group_by=  6.348ms per_group= 1.126ms)
[pe] round=  1 work=    15806 frontier=   112026 next=     6873 consolidate=  1.832ms frontier=  0.380ms semisort= 10.118ms (keyed= 0.000ms group_by=  6.111ms per_group= 0.809ms)
[pe] round=  2 work=     6873 frontier=   117100 next=     4450 consolidate=  1.190ms frontier=  0.286ms semisort=  9.378ms (keyed= 0.000ms group_by=  5.940ms per_group= 0.572ms)
[pe] round=  3 work=     4450 frontier=   125611 next=     3191 consolidate=  0.661ms frontier=  0.185ms semisort=  9.634ms (keyed= 0.000ms group_by=  6.670ms per_group= 0.404ms)
[pe] round=  4 work=     3191 frontier=   128902 next=      677 consolidate=  0.461ms frontier=  0.174ms semisort=  9.011ms (keyed= 0.000ms group_by=  6.394ms per_group= 0.290ms)
[pe] round=  5 work=      677 frontier=   129810 next=      216 consolidate=  0.165ms frontier=  0.133ms semisort=  8.670ms (keyed= 0.000ms group_by=  6.603ms per_group= 0.401ms)
[pe] round=  6 work=      216 frontier=   129980 next=        0 consolidate=  0.104ms frontier=  0.085ms semisort=  7.945ms (keyed= 0.000ms group_by=  6.461ms per_group= 0.108ms)
timing: read=7.50ms parse=183.37ms build=245.05ms close=81.16ms check=0.00ms dtor=6.21ms
