=== trial 0 (T=4) ===
[pe] round=  0 work=   108555 frontier=   185913 next=    26492 consolidate= 15.359ms frontier=  3.909ms semisort= 20.936ms (keyed= 0.000ms group_by=  6.386ms per_group= 3.018ms)
[pe] round=  1 work=    26492 frontier=   175898 next=    16246 consolidate=  5.037ms frontier=  0.968ms semisort= 17.949ms (keyed= 0.000ms group_by=  5.043ms per_group= 2.326ms)
[pe] round=  2 work=    16246 frontier=   178990 next=     8704 consolidate=  2.856ms frontier=  0.662ms semisort= 15.468ms (keyed= 0.000ms group_by=  4.679ms per_group= 1.452ms)
[pe] round=  3 work=     8704 frontier=   182838 next=     4829 consolidate=  1.917ms frontier=  0.503ms semisort= 14.063ms (keyed= 0.000ms group_by=  4.372ms per_group= 1.351ms)
[pe] round=  4 work=     4829 frontier=   144115 next=     2054 consolidate=  1.178ms frontier=  0.419ms semisort= 10.340ms (keyed= 0.000ms group_by=  3.579ms per_group= 0.787ms)
[pe] round=  5 work=     2054 frontier=   152933 next=     2390 consolidate=  0.629ms frontier=  0.245ms semisort= 10.450ms (keyed= 0.000ms group_by=  3.198ms per_group= 0.879ms)
[pe] round=  6 work=     2390 frontier=   196157 next=     3954 consolidate=  0.580ms frontier=  0.217ms semisort= 14.184ms (keyed= 0.000ms group_by=  3.560ms per_group= 0.899ms)
[pe] round=  7 work=     3954 frontier=   212363 next=     2585 consolidate=  0.876ms frontier=  0.279ms semisort= 14.040ms (keyed= 0.000ms group_by=  3.769ms per_group= 0.738ms)
[pe] round=  8 work=     2585 frontier=   218818 next=     1232 consolidate=  0.603ms frontier=  0.252ms semisort= 11.854ms (keyed= 0.000ms group_by=  3.757ms per_group= 0.624ms)
[pe] round=  9 work=     1232 frontier=   221409 next=      653 consolidate=  0.343ms frontier=  0.180ms semisort= 11.073ms (keyed= 0.000ms group_by=  3.724ms per_group= 0.602ms)
[pe] round= 10 work=      653 frontier=   222652 next=      180 consolidate=  0.225ms frontier=  0.148ms semisort= 10.649ms (keyed= 0.000ms group_by=  3.655ms per_group= 0.587ms)
[pe] round= 11 work=      180 frontier=   223039 next=       54 consolidate=  0.129ms frontier=  0.133ms semisort= 11.262ms (keyed= 0.000ms group_by=  3.571ms per_group= 0.402ms)
[pe] round= 12 work=       54 frontier=   223131 next=        0 consolidate=  0.109ms frontier=  0.113ms semisort= 10.995ms (keyed= 0.000ms group_by=  3.760ms per_group= 0.177ms)
timing: read=15.18ms parse=315.28ms build=425.66ms close=216.56ms check=0.00ms dtor=10.40ms
=== trial 1 (T=4) ===
[pe] round=  0 work=   108555 frontier=   185913 next=    26492 consolidate= 14.018ms frontier=  3.673ms semisort= 18.266ms (keyed= 0.000ms group_by=  6.067ms per_group= 2.795ms)
[pe] round=  1 work=    26492 frontier=   175898 next=    16246 consolidate=  4.619ms frontier=  0.995ms semisort= 16.619ms (keyed= 0.000ms group_by=  4.959ms per_group= 2.078ms)
[pe] round=  2 work=    16246 frontier=   178990 next=     8704 consolidate=  2.725ms frontier=  0.628ms semisort= 14.579ms (keyed= 0.000ms group_by=  4.574ms per_group= 1.455ms)
[pe] round=  3 work=     8704 frontier=   182838 next=     4829 consolidate=  1.861ms frontier=  0.444ms semisort= 13.203ms (keyed= 0.000ms group_by=  4.462ms per_group= 1.476ms)
[pe] round=  4 work=     4829 frontier=   144115 next=     2054 consolidate=  1.137ms frontier=  0.284ms semisort= 10.227ms (keyed= 0.000ms group_by=  3.488ms per_group= 0.731ms)
[pe] round=  5 work=     2054 frontier=   152933 next=     2390 consolidate=  0.604ms frontier=  0.208ms semisort=  9.732ms (keyed= 0.000ms group_by=  3.234ms per_group= 0.833ms)
[pe] round=  6 work=     2390 frontier=   196157 next=     3954 consolidate=  0.554ms frontier=  0.225ms semisort= 12.823ms (keyed= 0.000ms group_by=  3.738ms per_group= 0.927ms)
[pe] round=  7 work=     3954 frontier=   212363 next=     2585 consolidate=  0.880ms frontier=  0.296ms semisort= 12.724ms (keyed= 0.000ms group_by=  3.534ms per_group= 0.704ms)
[pe] round=  8 work=     2585 frontier=   218818 next=     1232 consolidate=  0.542ms frontier=  0.267ms semisort= 10.429ms (keyed= 0.000ms group_by=  3.533ms per_group= 0.585ms)
[pe] round=  9 work=     1232 frontier=   221409 next=      653 consolidate=  0.329ms frontier=  0.180ms semisort= 11.126ms (keyed= 0.000ms group_by=  4.208ms per_group= 0.518ms)
[pe] round= 10 work=      653 frontier=   222652 next=      180 consolidate=  0.166ms frontier=  0.148ms semisort= 10.595ms (keyed= 0.000ms group_by=  3.701ms per_group= 0.472ms)
[pe] round= 11 work=      180 frontier=   223039 next=       54 consolidate=  0.121ms frontier=  0.113ms semisort= 10.491ms (keyed= 0.000ms group_by=  3.767ms per_group= 0.379ms)
[pe] round= 12 work=       54 frontier=   223131 next=        0 consolidate=  0.091ms frontier=  0.121ms semisort=  9.911ms (keyed= 0.000ms group_by=  3.504ms per_group= 0.200ms)
timing: read=16.71ms parse=318.24ms build=415.00ms close=201.45ms check=0.00ms dtor=10.44ms
=== trial 2 (T=4) ===
[pe] round=  0 work=   108555 frontier=   185913 next=    26492 consolidate= 14.530ms frontier=  3.525ms semisort= 18.863ms (keyed= 0.000ms group_by=  6.306ms per_group= 2.674ms)
[pe] round=  1 work=    26492 frontier=   175898 next=    16246 consolidate=  4.702ms frontier=  0.954ms semisort= 17.528ms (keyed= 0.000ms group_by=  5.373ms per_group= 2.193ms)
[pe] round=  2 work=    16246 frontier=   178990 next=     8704 consolidate=  2.928ms frontier=  0.630ms semisort= 15.072ms (keyed= 0.000ms group_by=  4.982ms per_group= 1.486ms)
[pe] round=  3 work=     8704 frontier=   182838 next=     4829 consolidate=  1.903ms frontier=  0.511ms semisort= 14.467ms (keyed= 0.000ms group_by=  5.109ms per_group= 1.578ms)
[pe] round=  4 work=     4829 frontier=   144115 next=     2054 consolidate=  1.131ms frontier=  0.310ms semisort= 10.275ms (keyed= 0.000ms group_by=  3.715ms per_group= 0.769ms)
[pe] round=  5 work=     2054 frontier=   152933 next=     2390 consolidate=  0.589ms frontier=  0.198ms semisort= 10.681ms (keyed= 0.000ms group_by=  3.603ms per_group= 0.840ms)
[pe] round=  6 work=     2390 frontier=   196157 next=     3954 consolidate=  0.593ms frontier=  0.222ms semisort= 13.099ms (keyed= 0.000ms group_by=  3.519ms per_group= 0.873ms)
[pe] round=  7 work=     3954 frontier=   212363 next=     2585 consolidate=  0.888ms frontier=  0.277ms semisort= 13.819ms (keyed= 0.000ms group_by=  4.060ms per_group= 0.689ms)
[pe] round=  8 work=     2585 frontier=   218818 next=     1232 consolidate=  0.528ms frontier=  0.216ms semisort= 12.878ms (keyed= 0.000ms group_by=  4.612ms per_group= 0.652ms)
[pe] round=  9 work=     1232 frontier=   221409 next=      653 consolidate=  0.326ms frontier=  0.176ms semisort= 12.682ms (keyed= 0.000ms group_by=  4.106ms per_group= 0.544ms)
[pe] round= 10 work=      653 frontier=   222652 next=      180 consolidate=  0.196ms frontier=  0.156ms semisort= 11.920ms (keyed= 0.000ms group_by=  4.200ms per_group= 0.475ms)
[pe] round= 11 work=      180 frontier=   223039 next=       54 consolidate=  0.112ms frontier=  0.112ms semisort= 12.146ms (keyed= 0.000ms group_by=  4.888ms per_group= 0.446ms)
[pe] round= 12 work=       54 frontier=   223131 next=        0 consolidate=  0.108ms frontier=  0.116ms semisort= 11.447ms (keyed= 0.000ms group_by=  4.432ms per_group= 0.174ms)
timing: read=15.69ms parse=322.41ms build=399.92ms close=215.89ms check=0.00ms dtor=10.31ms
=== trial 3 (T=4) ===
[pe] round=  0 work=   108555 frontier=   185913 next=    26492 consolidate= 14.774ms frontier=  3.786ms semisort= 19.719ms (keyed= 0.000ms group_by=  6.409ms per_group= 2.765ms)
[pe] round=  1 work=    26492 frontier=   175898 next=    16246 consolidate=  4.471ms frontier=  0.834ms semisort= 15.933ms (keyed= 0.000ms group_by=  5.309ms per_group= 2.036ms)
[pe] round=  2 work=    16246 frontier=   178990 next=     8704 consolidate=  2.679ms frontier=  0.582ms semisort= 13.816ms (keyed= 0.000ms group_by=  4.746ms per_group= 1.401ms)
[pe] round=  3 work=     8704 frontier=   182838 next=     4829 consolidate=  1.760ms frontier=  0.408ms semisort= 12.522ms (keyed= 0.000ms group_by=  4.372ms per_group= 1.093ms)
[pe] round=  4 work=     4829 frontier=   144115 next=     2054 consolidate=  1.127ms frontier=  0.379ms semisort=  9.598ms (keyed= 0.000ms group_by=  3.546ms per_group= 0.673ms)
[pe] round=  5 work=     2054 frontier=   152933 next=     2390 consolidate=  0.541ms frontier=  0.182ms semisort=  9.454ms (keyed= 0.000ms group_by=  3.230ms per_group= 0.774ms)
[pe] round=  6 work=     2390 frontier=   196157 next=     3954 consolidate=  0.521ms frontier=  0.203ms semisort= 12.300ms (keyed= 0.000ms group_by=  3.606ms per_group= 0.866ms)
[pe] round=  7 work=     3954 frontier=   212363 next=     2585 consolidate=  0.796ms frontier=  0.253ms semisort= 12.144ms (keyed= 0.000ms group_by=  3.968ms per_group= 0.764ms)
[pe] round=  8 work=     2585 frontier=   218818 next=     1232 consolidate=  0.530ms frontier=  0.229ms semisort= 12.936ms (keyed= 0.000ms group_by=  3.939ms per_group= 0.638ms)
[pe] round=  9 work=     1232 frontier=   221409 next=      653 consolidate=  0.308ms frontier=  0.199ms semisort= 11.989ms (keyed= 0.000ms group_by=  4.173ms per_group= 0.549ms)
[pe] round= 10 work=      653 frontier=   222652 next=      180 consolidate=  0.191ms frontier=  0.172ms semisort= 11.705ms (keyed= 0.000ms group_by=  3.965ms per_group= 0.478ms)
[pe] round= 11 work=      180 frontier=   223039 next=       54 consolidate=  0.111ms frontier=  0.122ms semisort= 10.726ms (keyed= 0.000ms group_by=  4.172ms per_group= 0.369ms)
[pe] round= 12 work=       54 frontier=   223131 next=        0 consolidate=  0.105ms frontier=  0.110ms semisort= 10.839ms (keyed= 0.000ms group_by=  3.870ms per_group= 0.095ms)
timing: read=15.92ms parse=318.43ms build=399.91ms close=204.65ms check=0.00ms dtor=10.30ms
=== trial 4 (T=4) ===
[pe] round=  0 work=   108555 frontier=   185913 next=    26492 consolidate= 14.533ms frontier=  3.394ms semisort= 19.791ms (keyed= 0.000ms group_by=  6.714ms per_group= 2.792ms)
[pe] round=  1 work=    26492 frontier=   175898 next=    16246 consolidate=  4.822ms frontier=  1.049ms semisort= 18.118ms (keyed= 0.000ms group_by=  5.369ms per_group= 2.216ms)
[pe] round=  2 work=    16246 frontier=   178990 next=     8704 consolidate=  2.928ms frontier=  0.686ms semisort= 15.620ms (keyed= 0.000ms group_by=  4.871ms per_group= 1.418ms)
[pe] round=  3 work=     8704 frontier=   182838 next=     4829 consolidate=  1.887ms frontier=  0.466ms semisort= 14.093ms (keyed= 0.000ms group_by=  4.657ms per_group= 1.182ms)
[pe] round=  4 work=     4829 frontier=   144115 next=     2054 consolidate=  1.145ms frontier=  0.295ms semisort= 10.344ms (keyed= 0.000ms group_by=  3.693ms per_group= 0.738ms)
[pe] round=  5 work=     2054 frontier=   152933 next=     2390 consolidate=  0.573ms frontier=  0.201ms semisort= 10.468ms (keyed= 0.000ms group_by=  3.427ms per_group= 0.819ms)
[pe] round=  6 work=     2390 frontier=   196157 next=     3954 consolidate=  0.564ms frontier=  0.220ms semisort= 14.092ms (keyed= 0.000ms group_by=  3.958ms per_group= 1.010ms)
[pe] round=  7 work=     3954 frontier=   212363 next=     2585 consolidate=  0.844ms frontier=  0.285ms semisort= 12.906ms (keyed= 0.000ms group_by=  3.914ms per_group= 0.724ms)
[pe] round=  8 work=     2585 frontier=   218818 next=     1232 consolidate=  0.537ms frontier=  0.215ms semisort= 13.531ms (keyed= 0.000ms group_by=  5.137ms per_group= 0.683ms)
[pe] round=  9 work=     1232 frontier=   221409 next=      653 consolidate=  0.297ms frontier=  0.174ms semisort= 13.357ms (keyed= 0.000ms group_by=  4.658ms per_group= 0.565ms)
[pe] round= 10 work=      653 frontier=   222652 next=      180 consolidate=  0.190ms frontier=  0.163ms semisort= 12.275ms (keyed= 0.000ms group_by=  4.775ms per_group= 0.470ms)
[pe] round= 11 work=      180 frontier=   223039 next=       54 consolidate=  0.109ms frontier=  0.104ms semisort= 12.136ms (keyed= 0.000ms group_by=  4.131ms per_group= 0.384ms)
[pe] round= 12 work=       54 frontier=   223131 next=        0 consolidate=  0.104ms frontier=  0.119ms semisort= 11.935ms (keyed= 0.000ms group_by=  4.754ms per_group= 0.111ms)
timing: read=16.20ms parse=324.05ms build=406.14ms close=219.69ms check=0.00ms dtor=9.86ms
