=== trial 0 (T=1) ===
[pe] round=  0 work=    91248 frontier=   152669 next=    19953 consolidate= 27.693ms frontier=  4.146ms semisort= 40.374ms (keyed= 0.000ms group_by= 16.719ms per_group= 4.664ms)
[pe] round=  1 work=    19953 frontier=   140038 next=    15474 consolidate=  7.987ms frontier=  1.091ms semisort= 33.960ms (keyed= 0.000ms group_by= 13.295ms per_group= 4.235ms)
[pe] round=  2 work=    15474 frontier=   127531 next=    10448 consolidate=  4.798ms frontier=  0.759ms semisort= 26.784ms (keyed= 0.000ms group_by=  9.518ms per_group= 2.646ms)
[pe] round=  3 work=    10448 frontier=   148234 next=     5563 consolidate=  2.652ms frontier=  0.476ms semisort= 27.227ms (keyed= 0.000ms group_by= 10.295ms per_group= 1.940ms)
[pe] round=  4 work=     5563 frontier=   148086 next=     2395 consolidate=  1.480ms frontier=  0.262ms semisort= 24.014ms (keyed= 0.000ms group_by=  8.918ms per_group= 1.448ms)
[pe] round=  5 work=     2395 frontier=   144668 next=      960 consolidate=  0.842ms frontier=  0.181ms semisort= 21.897ms (keyed= 0.000ms group_by=  8.164ms per_group= 1.116ms)
[pe] round=  6 work=      960 frontier=   136594 next=      369 consolidate=  0.490ms frontier=  0.133ms semisort= 18.690ms (keyed= 0.000ms group_by=  7.273ms per_group= 0.539ms)
[pe] round=  7 work=      369 frontier=   140726 next=      244 consolidate=  0.258ms frontier=  0.099ms semisort= 18.877ms (keyed= 0.000ms group_by=  7.393ms per_group= 0.474ms)
[pe] round=  8 work=      244 frontier=    30259 next=      299 consolidate=  0.153ms frontier=  0.030ms semisort=  4.424ms (keyed= 0.000ms group_by=  1.788ms per_group= 0.221ms)
[pe] round=  9 work=      299 frontier=    20472 next=      244 consolidate=  0.144ms frontier=  0.024ms semisort=  2.324ms (keyed= 0.000ms group_by=  1.104ms per_group= 0.158ms)
[pe] round= 10 work=      244 frontier=    17577 next=      114 consolidate=  0.102ms frontier=  0.019ms semisort=  1.794ms (keyed= 0.000ms group_by=  0.938ms per_group= 0.114ms)
[pe] round= 11 work=      114 frontier=    14269 next=       16 consolidate=  0.053ms frontier=  0.014ms semisort=  1.407ms (keyed= 0.000ms group_by=  0.789ms per_group= 0.063ms)
[pe] round= 12 work=       16 frontier=    12766 next=        2 consolidate=  0.013ms frontier=  0.006ms semisort=  1.121ms (keyed= 0.000ms group_by=  0.609ms per_group= 0.047ms)
[pe] round= 13 work=        2 frontier=       32 next=        0 consolidate=  0.003ms frontier=  0.001ms semisort=  0.007ms (keyed= 0.000ms group_by=  0.004ms per_group= 0.001ms)
timing: read=17.67ms parse=379.63ms build=510.09ms close=285.84ms check=0.00ms dtor=2.27ms
=== trial 1 (T=1) ===
[pe] round=  0 work=    91248 frontier=   152669 next=    19953 consolidate= 27.677ms frontier=  4.101ms semisort= 36.684ms (keyed= 0.000ms group_by= 16.212ms per_group= 4.497ms)
[pe] round=  1 work=    19953 frontier=   140038 next=    15474 consolidate=  8.779ms frontier=  1.090ms semisort= 33.553ms (keyed= 0.000ms group_by= 13.616ms per_group= 4.336ms)
[pe] round=  2 work=    15474 frontier=   127531 next=    10448 consolidate=  5.221ms frontier=  0.750ms semisort= 26.651ms (keyed= 0.000ms group_by=  9.533ms per_group= 2.578ms)
[pe] round=  3 work=    10448 frontier=   148234 next=     5563 consolidate=  2.874ms frontier=  0.464ms semisort= 27.761ms (keyed= 0.000ms group_by= 10.421ms per_group= 1.934ms)
[pe] round=  4 work=     5563 frontier=   148086 next=     2395 consolidate=  1.647ms frontier=  0.280ms semisort= 24.146ms (keyed= 0.000ms group_by=  9.031ms per_group= 1.417ms)
[pe] round=  5 work=     2395 frontier=   144668 next=      960 consolidate=  0.885ms frontier=  0.193ms semisort= 21.094ms (keyed= 0.000ms group_by=  8.188ms per_group= 1.100ms)
[pe] round=  6 work=      960 frontier=   136594 next=      369 consolidate=  0.484ms frontier=  0.134ms semisort= 17.864ms (keyed= 0.000ms group_by=  7.228ms per_group= 0.499ms)
[pe] round=  7 work=      369 frontier=   140726 next=      244 consolidate=  0.276ms frontier=  0.114ms semisort= 17.589ms (keyed= 0.000ms group_by=  7.409ms per_group= 0.470ms)
[pe] round=  8 work=      244 frontier=    30259 next=      299 consolidate=  0.165ms frontier=  0.031ms semisort=  4.770ms (keyed= 0.000ms group_by=  1.739ms per_group= 0.212ms)
[pe] round=  9 work=      299 frontier=    20472 next=      244 consolidate=  0.151ms frontier=  0.024ms semisort=  2.489ms (keyed= 0.000ms group_by=  1.123ms per_group= 0.160ms)
[pe] round= 10 work=      244 frontier=    17577 next=      114 consolidate=  0.112ms frontier=  0.019ms semisort=  1.789ms (keyed= 0.000ms group_by=  0.885ms per_group= 0.113ms)
[pe] round= 11 work=      114 frontier=    14269 next=       16 consolidate=  0.056ms frontier=  0.014ms semisort=  1.343ms (keyed= 0.000ms group_by=  0.752ms per_group= 0.057ms)
[pe] round= 12 work=       16 frontier=    12766 next=        2 consolidate=  0.011ms frontier=  0.005ms semisort=  1.111ms (keyed= 0.000ms group_by=  0.613ms per_group= 0.043ms)
[pe] round= 13 work=        2 frontier=       32 next=        0 consolidate=  0.003ms frontier=  0.001ms semisort=  0.007ms (keyed= 0.000ms group_by=  0.004ms per_group= 0.000ms)
timing: read=16.46ms parse=373.75ms build=497.11ms close=281.30ms check=0.00ms dtor=2.29ms
=== trial 2 (T=1) ===
[pe] round=  0 work=    91248 frontier=   152669 next=    19953 consolidate= 27.553ms frontier=  4.285ms semisort= 36.913ms (keyed= 0.000ms group_by= 16.503ms per_group= 4.444ms)
[pe] round=  1 work=    19953 frontier=   140038 next=    15474 consolidate=  7.287ms frontier=  1.090ms semisort= 32.636ms (keyed= 0.000ms group_by= 12.708ms per_group= 4.289ms)
[pe] round=  2 work=    15474 frontier=   127531 next=    10448 consolidate=  4.706ms frontier=  0.785ms semisort= 26.890ms (keyed= 0.000ms group_by=  9.377ms per_group= 2.664ms)
[pe] round=  3 work=    10448 frontier=   148234 next=     5563 consolidate=  2.622ms frontier=  0.469ms semisort= 26.520ms (keyed= 0.000ms group_by= 10.057ms per_group= 1.897ms)
[pe] round=  4 work=     5563 frontier=   148086 next=     2395 consolidate=  1.451ms frontier=  0.259ms semisort= 23.525ms (keyed= 0.000ms group_by=  8.795ms per_group= 1.418ms)
[pe] round=  5 work=     2395 frontier=   144668 next=      960 consolidate=  0.869ms frontier=  0.185ms semisort= 21.769ms (keyed= 0.000ms group_by=  8.139ms per_group= 1.131ms)
[pe] round=  6 work=      960 frontier=   136594 next=      369 consolidate=  0.455ms frontier=  0.134ms semisort= 18.998ms (keyed= 0.000ms group_by=  7.213ms per_group= 0.517ms)
[pe] round=  7 work=      369 frontier=   140726 next=      244 consolidate=  0.259ms frontier=  0.102ms semisort= 17.736ms (keyed= 0.000ms group_by=  7.435ms per_group= 0.413ms)
[pe] round=  8 work=      244 frontier=    30259 next=      299 consolidate=  0.164ms frontier=  0.032ms semisort=  4.581ms (keyed= 0.000ms group_by=  1.820ms per_group= 0.210ms)
[pe] round=  9 work=      299 frontier=    20472 next=      244 consolidate=  0.143ms frontier=  0.024ms semisort=  2.372ms (keyed= 0.000ms group_by=  1.121ms per_group= 0.184ms)
[pe] round= 10 work=      244 frontier=    17577 next=      114 consolidate=  0.103ms frontier=  0.018ms semisort=  1.781ms (keyed= 0.000ms group_by=  0.882ms per_group= 0.115ms)
[pe] round= 11 work=      114 frontier=    14269 next=       16 consolidate=  0.053ms frontier=  0.014ms semisort=  1.382ms (keyed= 0.000ms group_by=  0.795ms per_group= 0.056ms)
[pe] round= 12 work=       16 frontier=    12766 next=        2 consolidate=  0.012ms frontier=  0.005ms semisort=  1.144ms (keyed= 0.000ms group_by=  0.642ms per_group= 0.044ms)
[pe] round= 13 work=        2 frontier=       32 next=        0 consolidate=  0.003ms frontier=  0.001ms semisort=  0.007ms (keyed= 0.000ms group_by=  0.004ms per_group= 0.001ms)
timing: read=16.84ms parse=375.90ms build=495.18ms close=278.27ms check=0.00ms dtor=2.20ms
=== trial 3 (T=1) ===
[pe] round=  0 work=    91248 frontier=   152669 next=    19953 consolidate= 27.510ms frontier=  4.115ms semisort= 38.232ms (keyed= 0.000ms group_by= 16.907ms per_group= 4.427ms)
[pe] round=  1 work=    19953 frontier=   140038 next=    15474 consolidate=  7.485ms frontier=  1.142ms semisort= 33.754ms (keyed= 0.000ms group_by= 13.002ms per_group= 4.207ms)
[pe] round=  2 work=    15474 frontier=   127531 next=    10448 consolidate=  4.701ms frontier=  0.760ms semisort= 27.630ms (keyed= 0.000ms group_by=  9.429ms per_group= 2.551ms)
[pe] round=  3 work=    10448 frontier=   148234 next=     5563 consolidate=  2.630ms frontier=  0.465ms semisort= 26.508ms (keyed= 0.000ms group_by=  9.988ms per_group= 1.888ms)
[pe] round=  4 work=     5563 frontier=   148086 next=     2395 consolidate=  1.461ms frontier=  0.260ms semisort= 24.043ms (keyed= 0.000ms group_by=  8.698ms per_group= 1.428ms)
[pe] round=  5 work=     2395 frontier=   144668 next=      960 consolidate=  0.837ms frontier=  0.187ms semisort= 22.298ms (keyed= 0.000ms group_by=  8.041ms per_group= 1.143ms)
[pe] round=  6 work=      960 frontier=   136594 next=      369 consolidate=  0.461ms frontier=  0.131ms semisort= 18.844ms (keyed= 0.000ms group_by=  7.164ms per_group= 0.575ms)
[pe] round=  7 work=      369 frontier=   140726 next=      244 consolidate=  0.250ms frontier=  0.101ms semisort= 18.729ms (keyed= 0.000ms group_by=  7.324ms per_group= 0.471ms)
[pe] round=  8 work=      244 frontier=    30259 next=      299 consolidate=  0.147ms frontier=  0.028ms semisort=  4.507ms (keyed= 0.000ms group_by=  1.713ms per_group= 0.223ms)
[pe] round=  9 work=      299 frontier=    20472 next=      244 consolidate=  0.143ms frontier=  0.023ms semisort=  2.374ms (keyed= 0.000ms group_by=  1.123ms per_group= 0.161ms)
[pe] round= 10 work=      244 frontier=    17577 next=      114 consolidate=  0.124ms frontier=  0.023ms semisort=  1.780ms (keyed= 0.000ms group_by=  0.926ms per_group= 0.117ms)
[pe] round= 11 work=      114 frontier=    14269 next=       16 consolidate=  0.052ms frontier=  0.013ms semisort=  1.411ms (keyed= 0.000ms group_by=  0.778ms per_group= 0.063ms)
[pe] round= 12 work=       16 frontier=    12766 next=        2 consolidate=  0.012ms frontier=  0.005ms semisort=  1.130ms (keyed= 0.000ms group_by=  0.624ms per_group= 0.047ms)
[pe] round= 13 work=        2 frontier=       32 next=        0 consolidate=  0.003ms frontier=  0.001ms semisort=  0.007ms (keyed= 0.000ms group_by=  0.004ms per_group= 0.000ms)
timing: read=14.68ms parse=381.13ms build=490.42ms close=283.41ms check=0.00ms dtor=2.22ms
=== trial 4 (T=1) ===
[pe] round=  0 work=    91248 frontier=   152669 next=    19953 consolidate= 27.703ms frontier=  4.208ms semisort= 47.501ms (keyed= 0.000ms group_by= 15.869ms per_group= 4.411ms)
[pe] round=  1 work=    19953 frontier=   140038 next=    15474 consolidate=  7.487ms frontier=  1.074ms semisort= 43.311ms (keyed= 0.000ms group_by= 12.673ms per_group= 4.243ms)
[pe] round=  2 work=    15474 frontier=   127531 next=    10448 consolidate=  4.706ms frontier=  0.742ms semisort= 35.525ms (keyed= 0.000ms group_by=  9.163ms per_group= 2.583ms)
[pe] round=  3 work=    10448 frontier=   148234 next=     5563 consolidate=  2.602ms frontier=  0.457ms semisort= 34.751ms (keyed= 0.000ms group_by= 10.139ms per_group= 1.965ms)
[pe] round=  4 work=     5563 frontier=   148086 next=     2395 consolidate=  1.458ms frontier=  0.286ms semisort= 32.129ms (keyed= 0.000ms group_by=  8.818ms per_group= 1.393ms)
[pe] round=  5 work=     2395 frontier=   144668 next=      960 consolidate=  0.838ms frontier=  0.179ms semisort= 27.354ms (keyed= 0.000ms group_by=  8.192ms per_group= 1.126ms)
[pe] round=  6 work=      960 frontier=   136594 next=      369 consolidate=  0.482ms frontier=  0.131ms semisort= 25.476ms (keyed= 0.000ms group_by=  7.250ms per_group= 0.532ms)
[pe] round=  7 work=      369 frontier=   140726 next=      244 consolidate=  0.280ms frontier=  0.105ms semisort= 23.124ms (keyed= 0.000ms group_by=  7.339ms per_group= 0.462ms)
[pe] round=  8 work=      244 frontier=    30259 next=      299 consolidate=  0.156ms frontier=  0.028ms semisort=  5.340ms (keyed= 0.000ms group_by=  1.789ms per_group= 0.221ms)
[pe] round=  9 work=      299 frontier=    20472 next=      244 consolidate=  0.152ms frontier=  0.024ms semisort=  2.643ms (keyed= 0.000ms group_by=  1.150ms per_group= 0.158ms)
[pe] round= 10 work=      244 frontier=    17577 next=      114 consolidate=  0.108ms frontier=  0.018ms semisort=  1.819ms (keyed= 0.000ms group_by=  0.884ms per_group= 0.115ms)
[pe] round= 11 work=      114 frontier=    14269 next=       16 consolidate=  0.056ms frontier=  0.013ms semisort=  1.355ms (keyed= 0.000ms group_by=  0.750ms per_group= 0.061ms)
[pe] round= 12 work=       16 frontier=    12766 next=        2 consolidate=  0.012ms frontier=  0.005ms semisort=  1.203ms (keyed= 0.000ms group_by=  0.673ms per_group= 0.061ms)
[pe] round= 13 work=        2 frontier=       32 next=        0 consolidate=  0.003ms frontier=  0.001ms semisort=  0.007ms (keyed= 0.000ms group_by=  0.004ms per_group= 0.000ms)
timing: read=15.68ms parse=383.68ms build=496.79ms close=343.80ms check=0.00ms dtor=2.34ms
