=== trial 0 (T=64) ===
[pe] round=  0 work=    74304 frontier=   124708 next=    16404 consolidate=  8.929ms frontier=  1.846ms semisort=  8.043ms (keyed= 0.000ms group_by=  6.642ms per_group= 0.447ms)
[pe] round=  1 work=    16404 frontier=   107023 next=    13070 consolidate=  1.049ms frontier=  0.709ms semisort=  6.846ms (keyed= 0.000ms group_by=  5.557ms per_group= 0.419ms)
[pe] round=  2 work=    13070 frontier=   105204 next=     9114 consolidate=  0.724ms frontier=  0.326ms semisort=  6.369ms (keyed= 0.000ms group_by=  5.028ms per_group= 0.501ms)
[pe] round=  3 work=     9114 frontier=   114608 next=     4370 consolidate=  0.975ms frontier=  0.257ms semisort=  6.941ms (keyed= 0.000ms group_by=  5.684ms per_group= 0.413ms)
[pe] round=  4 work=     4370 frontier=   117544 next=     1881 consolidate=  0.527ms frontier=  0.179ms semisort=  8.876ms (keyed= 0.000ms group_by=  7.823ms per_group= 0.344ms)
[pe] round=  5 work=     1881 frontier=   115024 next=      463 consolidate=  0.385ms frontier=  0.125ms semisort=  7.281ms (keyed= 0.000ms group_by=  6.567ms per_group= 0.195ms)
[pe] round=  6 work=      463 frontier=   112161 next=      159 consolidate=  0.169ms frontier=  0.104ms semisort=  7.028ms (keyed= 0.000ms group_by=  6.345ms per_group= 0.203ms)
[pe] round=  7 work=      159 frontier=    22896 next=      352 consolidate=  0.067ms frontier=  0.058ms semisort=  1.662ms (keyed= 0.000ms group_by=  1.289ms per_group= 0.108ms)
[pe] round=  8 work=      352 frontier=    26639 next=      346 consolidate=  0.106ms frontier=  0.064ms semisort=  1.977ms (keyed= 0.000ms group_by=  1.628ms per_group= 0.107ms)
[pe] round=  9 work=      346 frontier=    28632 next=      201 consolidate=  0.101ms frontier=  0.070ms semisort=  2.024ms (keyed= 0.000ms group_by=  1.707ms per_group= 0.107ms)
[pe] round= 10 work=      201 frontier=    17425 next=       53 consolidate=  0.076ms frontier=  0.057ms semisort=  1.114ms (keyed= 0.000ms group_by=  0.893ms per_group= 0.090ms)
[pe] round= 11 work=       53 frontier=     7797 next=       11 consolidate=  0.039ms frontier=  0.034ms semisort=  0.618ms (keyed= 0.000ms group_by=  0.479ms per_group= 0.065ms)
[pe] round= 12 work=       11 frontier=       89 next=        2 consolidate=  0.022ms frontier=  0.004ms semisort=  0.042ms (keyed= 0.000ms group_by=  0.015ms per_group= 0.005ms)
[pe] round= 13 work=        2 frontier=        2 next=        0 consolidate=  0.003ms frontier=  0.001ms semisort=  0.006ms (keyed= 0.000ms group_by=  0.003ms per_group= 0.001ms)
timing: read=12.71ms parse=301.38ms build=396.34ms close=82.51ms check=0.00ms dtor=15.56ms
=== trial 1 (T=64) ===
[pe] round=  0 work=    74304 frontier=   124708 next=    16404 consolidate= 10.078ms frontier=  1.513ms semisort=  8.926ms (keyed= 0.000ms group_by=  7.588ms per_group= 0.396ms)
[pe] round=  1 work=    16404 frontier=   107023 next=    13070 consolidate=  0.746ms frontier=  0.691ms semisort=  6.893ms (keyed= 0.000ms group_by=  5.582ms per_group= 0.484ms)
[pe] round=  2 work=    13070 frontier=   105204 next=     9114 consolidate=  0.540ms frontier=  0.342ms semisort=  6.715ms (keyed= 0.000ms group_by=  5.195ms per_group= 0.458ms)
[pe] round=  3 work=     9114 frontier=   114608 next=     4370 consolidate=  0.935ms frontier=  0.253ms semisort=  7.123ms (keyed= 0.000ms group_by=  6.125ms per_group= 0.284ms)
[pe] round=  4 work=     4370 frontier=   117544 next=     1881 consolidate=  0.587ms frontier=  0.177ms semisort=  6.987ms (keyed= 0.000ms group_by=  6.161ms per_group= 0.220ms)
[pe] round=  5 work=     1881 frontier=   115024 next=      463 consolidate=  0.244ms frontier=  0.130ms semisort=  6.378ms (keyed= 0.000ms group_by=  5.808ms per_group= 0.143ms)
[pe] round=  6 work=      463 frontier=   112161 next=      159 consolidate=  0.143ms frontier=  0.098ms semisort=  6.166ms (keyed= 0.000ms group_by=  5.615ms per_group= 0.132ms)
[pe] round=  7 work=      159 frontier=    22896 next=      352 consolidate=  0.060ms frontier=  0.044ms semisort=  1.465ms (keyed= 0.000ms group_by=  1.160ms per_group= 0.085ms)
[pe] round=  8 work=      352 frontier=    26639 next=      346 consolidate=  0.073ms frontier=  0.120ms semisort=  1.550ms (keyed= 0.000ms group_by=  1.272ms per_group= 0.074ms)
[pe] round=  9 work=      346 frontier=    28632 next=      201 consolidate=  0.082ms frontier=  0.056ms semisort=  1.685ms (keyed= 0.000ms group_by=  1.449ms per_group= 0.077ms)
[pe] round= 10 work=      201 frontier=    17425 next=       53 consolidate=  0.052ms frontier=  0.042ms semisort=  0.987ms (keyed= 0.000ms group_by=  0.815ms per_group= 0.066ms)
[pe] round= 11 work=       53 frontier=     7797 next=       11 consolidate=  0.026ms frontier=  0.024ms semisort=  0.531ms (keyed= 0.000ms group_by=  0.434ms per_group= 0.034ms)
[pe] round= 12 work=       11 frontier=       89 next=        2 consolidate=  0.011ms frontier=  0.003ms semisort=  0.033ms (keyed= 0.000ms group_by=  0.013ms per_group= 0.004ms)
[pe] round= 13 work=        2 frontier=        2 next=        0 consolidate=  0.003ms frontier=  0.001ms semisort=  0.006ms (keyed= 0.000ms group_by=  0.003ms per_group= 0.001ms)
timing: read=13.26ms parse=302.57ms build=421.75ms close=79.42ms check=0.00ms dtor=9.19ms
=== trial 2 (T=64) ===
[pe] round=  0 work=    74304 frontier=   124708 next=    16404 consolidate=  9.066ms frontier=  2.141ms semisort=  8.652ms (keyed= 0.000ms group_by=  7.265ms per_group= 0.458ms)
[pe] round=  1 work=    16404 frontier=   107023 next=    13070 consolidate=  1.056ms frontier=  0.720ms semisort=  6.966ms (keyed= 0.000ms group_by=  5.664ms per_group= 0.440ms)
[pe] round=  2 work=    13070 frontier=   105204 next=     9114 consolidate=  0.813ms frontier=  0.234ms semisort=  6.879ms (keyed= 0.000ms group_by=  5.436ms per_group= 0.546ms)
[pe] round=  3 work=     9114 frontier=   114608 next=     4370 consolidate=  1.090ms frontier=  0.255ms semisort=  6.963ms (keyed= 0.000ms group_by=  5.864ms per_group= 0.298ms)
[pe] round=  4 work=     4370 frontier=   117544 next=     1881 consolidate=  0.603ms frontier=  0.180ms semisort=  7.336ms (keyed= 0.000ms group_by=  6.284ms per_group= 0.341ms)
[pe] round=  5 work=     1881 frontier=   115024 next=      463 consolidate=  0.267ms frontier=  0.128ms semisort=  6.849ms (keyed= 0.000ms group_by=  6.143ms per_group= 0.217ms)
[pe] round=  6 work=      463 frontier=   112161 next=      159 consolidate=  0.157ms frontier=  0.101ms semisort=  6.644ms (keyed= 0.000ms group_by=  6.041ms per_group= 0.133ms)
[pe] round=  7 work=      159 frontier=    22896 next=      352 consolidate=  0.068ms frontier=  0.065ms semisort=  1.712ms (keyed= 0.000ms group_by=  1.371ms per_group= 0.091ms)
[pe] round=  8 work=      352 frontier=    26639 next=      346 consolidate=  0.094ms frontier=  0.053ms semisort=  1.761ms (keyed= 0.000ms group_by=  1.426ms per_group= 0.098ms)
[pe] round=  9 work=      346 frontier=    28632 next=      201 consolidate=  0.085ms frontier=  0.056ms semisort=  1.776ms (keyed= 0.000ms group_by=  1.485ms per_group= 0.083ms)
[pe] round= 10 work=      201 frontier=    17425 next=       53 consolidate=  0.069ms frontier=  0.044ms semisort=  1.206ms (keyed= 0.000ms group_by=  1.016ms per_group= 0.072ms)
[pe] round= 11 work=       53 frontier=     7797 next=       11 consolidate=  0.035ms frontier=  0.023ms semisort=  0.815ms (keyed= 0.000ms group_by=  0.697ms per_group= 0.044ms)
[pe] round= 12 work=       11 frontier=       89 next=        2 consolidate=  0.012ms frontier=  0.004ms semisort=  0.050ms (keyed= 0.000ms group_by=  0.018ms per_group= 0.007ms)
[pe] round= 13 work=        2 frontier=        2 next=        0 consolidate=  0.004ms frontier=  0.001ms semisort=  0.007ms (keyed= 0.000ms group_by=  0.004ms per_group= 0.001ms)
timing: read=13.51ms parse=300.77ms build=427.71ms close=82.17ms check=0.00ms dtor=13.53ms
=== trial 3 (T=64) ===
[pe] round=  0 work=    74304 frontier=   124708 next=    16404 consolidate= 10.047ms frontier=  1.646ms semisort=  8.544ms (keyed= 0.000ms group_by=  7.223ms per_group= 0.401ms)
[pe] round=  1 work=    16404 frontier=   107023 next=    13070 consolidate=  1.048ms frontier=  0.623ms semisort=  6.903ms (keyed= 0.000ms group_by=  5.599ms per_group= 0.532ms)
[pe] round=  2 work=    13070 frontier=   105204 next=     9114 consolidate=  0.570ms frontier=  0.229ms semisort=  6.738ms (keyed= 0.000ms group_by=  5.212ms per_group= 0.489ms)
[pe] round=  3 work=     9114 frontier=   114608 next=     4370 consolidate=  0.908ms frontier=  0.245ms semisort=  6.899ms (keyed= 0.000ms group_by=  5.854ms per_group= 0.279ms)
[pe] round=  4 work=     4370 frontier=   117544 next=     1881 consolidate=  0.567ms frontier=  0.158ms semisort=  6.658ms (keyed= 0.000ms group_by=  5.756ms per_group= 0.247ms)
[pe] round=  5 work=     1881 frontier=   115024 next=      463 consolidate=  0.339ms frontier=  0.149ms semisort=  6.272ms (keyed= 0.000ms group_by=  5.677ms per_group= 0.154ms)
[pe] round=  6 work=      463 frontier=   112161 next=      159 consolidate=  0.136ms frontier=  0.080ms semisort=  6.099ms (keyed= 0.000ms group_by=  5.521ms per_group= 0.136ms)
[pe] round=  7 work=      159 frontier=    22896 next=      352 consolidate=  0.060ms frontier=  0.042ms semisort=  1.458ms (keyed= 0.000ms group_by=  1.159ms per_group= 0.070ms)
[pe] round=  8 work=      352 frontier=    26639 next=      346 consolidate=  0.088ms frontier=  0.047ms semisort=  1.825ms (keyed= 0.000ms group_by=  1.509ms per_group= 0.084ms)
[pe] round=  9 work=      346 frontier=    28632 next=      201 consolidate=  0.081ms frontier=  0.045ms semisort=  1.733ms (keyed= 0.000ms group_by=  1.477ms per_group= 0.081ms)
[pe] round= 10 work=      201 frontier=    17425 next=       53 consolidate=  0.063ms frontier=  0.060ms semisort=  1.099ms (keyed= 0.000ms group_by=  0.927ms per_group= 0.066ms)
[pe] round= 11 work=       53 frontier=     7797 next=       11 consolidate=  0.029ms frontier=  0.025ms semisort=  0.549ms (keyed= 0.000ms group_by=  0.454ms per_group= 0.037ms)
[pe] round= 12 work=       11 frontier=       89 next=        2 consolidate=  0.012ms frontier=  0.003ms semisort=  0.029ms (keyed= 0.000ms group_by=  0.011ms per_group= 0.003ms)
[pe] round= 13 work=        2 frontier=        2 next=        0 consolidate=  0.003ms frontier=  0.001ms semisort=  0.005ms (keyed= 0.000ms group_by=  0.003ms per_group= 0.001ms)
timing: read=14.08ms parse=301.83ms build=426.69ms close=78.34ms check=0.00ms dtor=11.84ms
=== trial 4 (T=64) ===
[pe] round=  0 work=    74304 frontier=   124708 next=    16404 consolidate=  8.868ms frontier=  2.043ms semisort=  8.797ms (keyed= 0.000ms group_by=  7.439ms per_group= 0.409ms)
[pe] round=  1 work=    16404 frontier=   107023 next=    13070 consolidate=  0.846ms frontier=  0.718ms semisort=  6.612ms (keyed= 0.000ms group_by=  5.465ms per_group= 0.326ms)
[pe] round=  2 work=    13070 frontier=   105204 next=     9114 consolidate=  0.553ms frontier=  0.222ms semisort=  6.816ms (keyed= 0.000ms group_by=  5.125ms per_group= 0.524ms)
[pe] round=  3 work=     9114 frontier=   114608 next=     4370 consolidate=  0.966ms frontier=  0.376ms semisort=  7.000ms (keyed= 0.000ms group_by=  5.862ms per_group= 0.324ms)
[pe] round=  4 work=     4370 frontier=   117544 next=     1881 consolidate=  0.493ms frontier=  0.168ms semisort=  7.172ms (keyed= 0.000ms group_by=  6.292ms per_group= 0.254ms)
[pe] round=  5 work=     1881 frontier=   115024 next=      463 consolidate=  0.330ms frontier=  0.124ms semisort=  6.440ms (keyed= 0.000ms group_by=  5.841ms per_group= 0.166ms)
[pe] round=  6 work=      463 frontier=   112161 next=      159 consolidate=  0.117ms frontier=  0.085ms semisort=  6.196ms (keyed= 0.000ms group_by=  5.634ms per_group= 0.145ms)
[pe] round=  7 work=      159 frontier=    22896 next=      352 consolidate=  0.053ms frontier=  0.041ms semisort=  1.434ms (keyed= 0.000ms group_by=  1.130ms per_group= 0.082ms)
[pe] round=  8 work=      352 frontier=    26639 next=      346 consolidate=  0.101ms frontier=  0.052ms semisort=  1.738ms (keyed= 0.000ms group_by=  1.418ms per_group= 0.095ms)
[pe] round=  9 work=      346 frontier=    28632 next=      201 consolidate=  0.067ms frontier=  0.045ms semisort=  1.553ms (keyed= 0.000ms group_by=  1.304ms per_group= 0.082ms)
[pe] round= 10 work=      201 frontier=    17425 next=       53 consolidate=  0.049ms frontier=  0.035ms semisort=  1.061ms (keyed= 0.000ms group_by=  0.897ms per_group= 0.061ms)
[pe] round= 11 work=       53 frontier=     7797 next=       11 consolidate=  0.025ms frontier=  0.030ms semisort=  0.540ms (keyed= 0.000ms group_by=  0.441ms per_group= 0.033ms)
[pe] round= 12 work=       11 frontier=       89 next=        2 consolidate=  0.011ms frontier=  0.002ms semisort=  0.027ms (keyed= 0.000ms group_by=  0.012ms per_group= 0.004ms)
[pe] round= 13 work=        2 frontier=        2 next=        0 consolidate=  0.003ms frontier=  0.001ms semisort=  0.005ms (keyed= 0.000ms group_by=  0.003ms per_group= 0.001ms)
timing: read=13.38ms parse=300.39ms build=442.53ms close=78.85ms check=0.00ms dtor=9.85ms
