=== trial 0 (T=2) ===
[pe] round=  0 work=    99094 frontier=   182589 next=    25994 consolidate= 21.088ms frontier=  4.901ms semisort= 32.940ms (keyed= 0.000ms group_by=  9.897ms per_group= 4.257ms)
[pe] round=  1 work=    25994 frontier=   175966 next=    16755 consolidate=  7.301ms frontier=  1.156ms semisort= 33.166ms (keyed= 0.000ms group_by=  9.885ms per_group= 3.257ms)
[pe] round=  2 work=    16755 frontier=   162858 next=     9757 consolidate=  5.064ms frontier=  0.874ms semisort= 28.484ms (keyed= 0.000ms group_by=  8.662ms per_group= 2.613ms)
[pe] round=  3 work=     9757 frontier=   140750 next=     6817 consolidate=  3.342ms frontier=  0.737ms semisort= 23.322ms (keyed= 0.000ms group_by=  7.159ms per_group= 1.909ms)
[pe] round=  4 work=     6817 frontier=   155842 next=     4185 consolidate=  2.629ms frontier=  0.613ms semisort= 22.671ms (keyed= 0.000ms group_by=  7.699ms per_group= 1.521ms)
[pe] round=  5 work=     4185 frontier=   120086 next=     2781 consolidate=  1.651ms frontier=  0.399ms semisort= 17.439ms (keyed= 0.000ms group_by=  6.591ms per_group= 0.896ms)
[pe] round=  6 work=     2781 frontier=    97447 next=     1626 consolidate=  1.206ms frontier=  0.302ms semisort= 14.414ms (keyed= 0.000ms group_by=  5.464ms per_group= 0.650ms)
[pe] round=  7 work=     1626 frontier=    70752 next=      921 consolidate=  0.729ms frontier=  0.279ms semisort=  8.917ms (keyed= 0.000ms group_by=  3.756ms per_group= 0.364ms)
[pe] round=  8 work=      921 frontier=    48633 next=      319 consolidate=  0.403ms frontier=  0.155ms semisort=  5.279ms (keyed= 0.000ms group_by=  2.767ms per_group= 0.182ms)
[pe] round=  9 work=      319 frontier=    10562 next=       23 consolidate=  0.166ms frontier=  0.043ms semisort=  1.061ms (keyed= 0.000ms group_by=  0.608ms per_group= 0.084ms)
[pe] round= 10 work=       23 frontier=      303 next=       18 consolidate=  0.017ms frontier=  0.003ms semisort=  0.088ms (keyed= 0.000ms group_by=  0.020ms per_group= 0.006ms)
[pe] round= 11 work=       18 frontier=      177 next=       12 consolidate=  0.012ms frontier=  0.002ms semisort=  0.054ms (keyed= 0.000ms group_by=  0.015ms per_group= 0.004ms)
[pe] round= 12 work=       12 frontier=       63 next=        6 consolidate=  0.009ms frontier=  0.002ms semisort=  0.027ms (keyed= 0.000ms group_by=  0.007ms per_group= 0.002ms)
[pe] round= 13 work=        6 frontier=       12 next=        0 consolidate=  0.005ms frontier=  0.001ms semisort=  0.008ms (keyed= 0.000ms group_by=  0.003ms per_group= 0.001ms)
timing: read=17.12ms parse=421.35ms build=471.17ms close=247.64ms check=0.00ms dtor=9.34ms
=== trial 1 (T=2) ===
[pe] round=  0 work=    99094 frontier=   182589 next=    25994 consolidate= 20.276ms frontier=  4.106ms semisort= 29.119ms (keyed= 0.000ms group_by=  9.685ms per_group= 4.249ms)
[pe] round=  1 work=    25994 frontier=   175966 next=    16755 consolidate=  6.906ms frontier=  1.103ms semisort= 28.080ms (keyed= 0.000ms group_by=  9.353ms per_group= 3.087ms)
[pe] round=  2 work=    16755 frontier=   162858 next=     9757 consolidate=  4.534ms frontier=  0.951ms semisort= 24.759ms (keyed= 0.000ms group_by=  8.099ms per_group= 2.442ms)
[pe] round=  3 work=     9757 frontier=   140750 next=     6817 consolidate=  3.032ms frontier=  0.677ms semisort= 19.913ms (keyed= 0.000ms group_by=  6.733ms per_group= 1.758ms)
[pe] round=  4 work=     6817 frontier=   155842 next=     4185 consolidate=  2.505ms frontier=  0.567ms semisort= 19.179ms (keyed= 0.000ms group_by=  7.071ms per_group= 1.399ms)
[pe] round=  5 work=     4185 frontier=   120086 next=     2781 consolidate=  1.556ms frontier=  0.380ms semisort= 16.490ms (keyed= 0.000ms group_by=  7.015ms per_group= 0.888ms)
[pe] round=  6 work=     2781 frontier=    97447 next=     1626 consolidate=  1.114ms frontier=  0.260ms semisort= 13.048ms (keyed= 0.000ms group_by=  5.520ms per_group= 0.611ms)
[pe] round=  7 work=     1626 frontier=    70752 next=      921 consolidate=  0.679ms frontier=  0.203ms semisort=  8.346ms (keyed= 0.000ms group_by=  3.772ms per_group= 0.326ms)
[pe] round=  8 work=      921 frontier=    48633 next=      319 consolidate=  0.375ms frontier=  0.141ms semisort=  5.049ms (keyed= 0.000ms group_by=  2.836ms per_group= 0.178ms)
[pe] round=  9 work=      319 frontier=    10562 next=       23 consolidate=  0.157ms frontier=  0.041ms semisort=  1.055ms (keyed= 0.000ms group_by=  0.631ms per_group= 0.052ms)
[pe] round= 10 work=       23 frontier=      303 next=       18 consolidate=  0.015ms frontier=  0.003ms semisort=  0.086ms (keyed= 0.000ms group_by=  0.020ms per_group= 0.006ms)
[pe] round= 11 work=       18 frontier=      177 next=       12 consolidate=  0.011ms frontier=  0.002ms semisort=  0.055ms (keyed= 0.000ms group_by=  0.016ms per_group= 0.005ms)
[pe] round= 12 work=       12 frontier=       63 next=        6 consolidate=  0.008ms frontier=  0.002ms semisort=  0.026ms (keyed= 0.000ms group_by=  0.007ms per_group= 0.002ms)
[pe] round= 13 work=        6 frontier=       12 next=        0 consolidate=  0.005ms frontier=  0.001ms semisort=  0.009ms (keyed= 0.000ms group_by=  0.004ms per_group= 0.001ms)
timing: read=17.26ms parse=424.11ms build=464.69ms close=221.11ms check=0.00ms dtor=8.45ms
=== trial 2 (T=2) ===
[pe] round=  0 work=    99094 frontier=   182589 next=    25994 consolidate= 22.487ms frontier=  4.149ms semisort= 30.875ms (keyed= 0.000ms group_by= 10.112ms per_group= 4.635ms)
[pe] round=  1 work=    25994 frontier=   175966 next=    16755 consolidate=  7.279ms frontier=  1.147ms semisort= 29.208ms (keyed= 0.000ms group_by=  9.102ms per_group= 3.339ms)
[pe] round=  2 work=    16755 frontier=   162858 next=     9757 consolidate=  5.091ms frontier=  0.887ms semisort= 25.711ms (keyed= 0.000ms group_by=  8.257ms per_group= 2.458ms)
[pe] round=  3 work=     9757 frontier=   140750 next=     6817 consolidate=  3.411ms frontier=  0.760ms semisort= 21.060ms (keyed= 0.000ms group_by=  6.713ms per_group= 1.766ms)
[pe] round=  4 work=     6817 frontier=   155842 next=     4185 consolidate=  2.636ms frontier=  0.567ms semisort= 19.895ms (keyed= 0.000ms group_by=  6.959ms per_group= 1.420ms)
[pe] round=  5 work=     4185 frontier=   120086 next=     2781 consolidate=  1.783ms frontier=  0.392ms semisort= 17.070ms (keyed= 0.000ms group_by=  7.337ms per_group= 0.926ms)
[pe] round=  6 work=     2781 frontier=    97447 next=     1626 consolidate=  1.175ms frontier=  0.286ms semisort= 13.534ms (keyed= 0.000ms group_by=  5.544ms per_group= 0.656ms)
[pe] round=  7 work=     1626 frontier=    70752 next=      921 consolidate=  0.676ms frontier=  0.210ms semisort=  8.571ms (keyed= 0.000ms group_by=  3.996ms per_group= 0.356ms)
[pe] round=  8 work=      921 frontier=    48633 next=      319 consolidate=  0.402ms frontier=  0.119ms semisort=  4.877ms (keyed= 0.000ms group_by=  2.667ms per_group= 0.172ms)
[pe] round=  9 work=      319 frontier=    10562 next=       23 consolidate=  0.159ms frontier=  0.047ms semisort=  1.002ms (keyed= 0.000ms group_by=  0.592ms per_group= 0.054ms)
[pe] round= 10 work=       23 frontier=      303 next=       18 consolidate=  0.016ms frontier=  0.003ms semisort=  0.083ms (keyed= 0.000ms group_by=  0.019ms per_group= 0.006ms)
[pe] round= 11 work=       18 frontier=      177 next=       12 consolidate=  0.012ms frontier=  0.003ms semisort=  0.048ms (keyed= 0.000ms group_by=  0.013ms per_group= 0.005ms)
[pe] round= 12 work=       12 frontier=       63 next=        6 consolidate=  0.008ms frontier=  0.002ms semisort=  0.023ms (keyed= 0.000ms group_by=  0.006ms per_group= 0.002ms)
[pe] round= 13 work=        6 frontier=       12 next=        0 consolidate=  0.005ms frontier=  0.001ms semisort=  0.007ms (keyed= 0.000ms group_by=  0.003ms per_group= 0.001ms)
timing: read=16.37ms parse=420.90ms build=461.92ms close=232.33ms check=0.00ms dtor=7.97ms
=== trial 3 (T=2) ===
[pe] round=  0 work=    99094 frontier=   182589 next=    25994 consolidate= 20.403ms frontier=  4.498ms semisort= 29.555ms (keyed= 0.000ms group_by= 10.002ms per_group= 4.346ms)
[pe] round=  1 work=    25994 frontier=   175966 next=    16755 consolidate=  6.781ms frontier=  1.029ms semisort= 28.111ms (keyed= 0.000ms group_by=  9.512ms per_group= 3.154ms)
[pe] round=  2 work=    16755 frontier=   162858 next=     9757 consolidate=  4.707ms frontier=  0.924ms semisort= 25.128ms (keyed= 0.000ms group_by=  8.434ms per_group= 2.401ms)
[pe] round=  3 work=     9757 frontier=   140750 next=     6817 consolidate=  3.080ms frontier=  0.695ms semisort= 19.655ms (keyed= 0.000ms group_by=  6.518ms per_group= 1.722ms)
[pe] round=  4 work=     6817 frontier=   155842 next=     4185 consolidate=  2.473ms frontier=  0.538ms semisort= 19.524ms (keyed= 0.000ms group_by=  7.087ms per_group= 1.374ms)
[pe] round=  5 work=     4185 frontier=   120086 next=     2781 consolidate=  1.523ms frontier=  0.380ms semisort= 16.316ms (keyed= 0.000ms group_by=  6.843ms per_group= 1.029ms)
[pe] round=  6 work=     2781 frontier=    97447 next=     1626 consolidate=  1.123ms frontier=  0.268ms semisort= 13.194ms (keyed= 0.000ms group_by=  5.588ms per_group= 0.571ms)
[pe] round=  7 work=     1626 frontier=    70752 next=      921 consolidate=  0.684ms frontier=  0.211ms semisort=  8.476ms (keyed= 0.000ms group_by=  3.909ms per_group= 0.361ms)
[pe] round=  8 work=      921 frontier=    48633 next=      319 consolidate=  0.381ms frontier=  0.114ms semisort=  4.802ms (keyed= 0.000ms group_by=  2.768ms per_group= 0.176ms)
[pe] round=  9 work=      319 frontier=    10562 next=       23 consolidate=  0.150ms frontier=  0.037ms semisort=  1.022ms (keyed= 0.000ms group_by=  0.591ms per_group= 0.081ms)
[pe] round= 10 work=       23 frontier=      303 next=       18 consolidate=  0.015ms frontier=  0.003ms semisort=  0.081ms (keyed= 0.000ms group_by=  0.020ms per_group= 0.007ms)
[pe] round= 11 work=       18 frontier=      177 next=       12 consolidate=  0.011ms frontier=  0.003ms semisort=  0.051ms (keyed= 0.000ms group_by=  0.014ms per_group= 0.005ms)
[pe] round= 12 work=       12 frontier=       63 next=        6 consolidate=  0.009ms frontier=  0.002ms semisort=  0.028ms (keyed= 0.000ms group_by=  0.008ms per_group= 0.002ms)
[pe] round= 13 work=        6 frontier=       12 next=        0 consolidate=  0.004ms frontier=  0.001ms semisort=  0.010ms (keyed= 0.000ms group_by=  0.005ms per_group= 0.001ms)
timing: read=16.47ms parse=418.41ms build=460.59ms close=222.44ms check=0.00ms dtor=8.07ms
=== trial 4 (T=2) ===
[pe] round=  0 work=    99094 frontier=   182589 next=    25994 consolidate= 22.214ms frontier=  5.084ms semisort= 30.258ms (keyed= 0.000ms group_by=  9.625ms per_group= 4.487ms)
[pe] round=  1 work=    25994 frontier=   175966 next=    16755 consolidate=  7.775ms frontier=  1.183ms semisort= 29.277ms (keyed= 0.000ms group_by=  9.071ms per_group= 3.199ms)
[pe] round=  2 work=    16755 frontier=   162858 next=     9757 consolidate=  5.437ms frontier=  1.037ms semisort= 25.941ms (keyed= 0.000ms group_by=  8.030ms per_group= 2.528ms)
[pe] round=  3 work=     9757 frontier=   140750 next=     6817 consolidate=  3.534ms frontier=  0.770ms semisort= 21.179ms (keyed= 0.000ms group_by=  6.503ms per_group= 1.811ms)
[pe] round=  4 work=     6817 frontier=   155842 next=     4185 consolidate=  2.913ms frontier=  0.617ms semisort= 20.211ms (keyed= 0.000ms group_by=  6.950ms per_group= 1.506ms)
[pe] round=  5 work=     4185 frontier=   120086 next=     2781 consolidate=  1.804ms frontier=  0.428ms semisort= 17.026ms (keyed= 0.000ms group_by=  6.965ms per_group= 0.962ms)
[pe] round=  6 work=     2781 frontier=    97447 next=     1626 consolidate=  1.267ms frontier=  0.309ms semisort= 14.083ms (keyed= 0.000ms group_by=  6.016ms per_group= 0.600ms)
[pe] round=  7 work=     1626 frontier=    70752 next=      921 consolidate=  0.799ms frontier=  0.224ms semisort=  8.558ms (keyed= 0.000ms group_by=  3.961ms per_group= 0.355ms)
[pe] round=  8 work=      921 frontier=    48633 next=      319 consolidate=  0.430ms frontier=  0.171ms semisort=  4.925ms (keyed= 0.000ms group_by=  2.751ms per_group= 0.209ms)
[pe] round=  9 work=      319 frontier=    10562 next=       23 consolidate=  0.178ms frontier=  0.047ms semisort=  1.055ms (keyed= 0.000ms group_by=  0.630ms per_group= 0.054ms)
[pe] round= 10 work=       23 frontier=      303 next=       18 consolidate=  0.021ms frontier=  0.005ms semisort=  0.099ms (keyed= 0.000ms group_by=  0.020ms per_group= 0.007ms)
[pe] round= 11 work=       18 frontier=      177 next=       12 consolidate=  0.014ms frontier=  0.002ms semisort=  0.051ms (keyed= 0.000ms group_by=  0.015ms per_group= 0.005ms)
[pe] round= 12 work=       12 frontier=       63 next=        6 consolidate=  0.009ms frontier=  0.002ms semisort=  0.026ms (keyed= 0.000ms group_by=  0.007ms per_group= 0.002ms)
[pe] round= 13 work=        6 frontier=       12 next=        0 consolidate=  0.005ms frontier=  0.001ms semisort=  0.007ms (keyed= 0.000ms group_by=  0.003ms per_group= 0.001ms)
timing: read=16.92ms parse=416.28ms build=466.69ms close=235.64ms check=0.00ms dtor=8.85ms
