[synthetic_bench] quartic n=50 d=2 classes=25000098 merges=50 ...
[pe] round=  0 work=      100 frontier= 50000000 next= 12500000 consolidate= 18.710ms frontier= 22.532ms semisort=615.421ms (keyed= 0.000ms group_by=326.720ms per_group=69.879ms)
[pe] round=  1 work= 12500000 frontier= 12500000 next=  4194304 consolidate=228.209ms frontier= 58.046ms semisort=209.176ms (keyed= 0.000ms group_by= 43.602ms per_group=29.411ms)
[pe] round=  2 work=  4194304 frontier=  4194304 next=  4111392 consolidate= 80.336ms frontier= 32.745ms semisort= 91.041ms (keyed= 0.000ms group_by= 21.219ms per_group=17.859ms)
[pe] round=  3 work=  4111392 frontier=  4111392 next=  2097152 consolidate= 86.648ms frontier= 29.342ms semisort= 64.852ms (keyed= 0.000ms group_by= 17.157ms per_group=11.927ms)
[pe] round=  4 work=  2097152 frontier=  2097152 next=  1048576 consolidate= 48.359ms frontier= 18.586ms semisort= 30.068ms (keyed= 0.000ms group_by=  6.794ms per_group= 6.006ms)
[pe] round=  5 work=  1048576 frontier=  1048576 next=   524288 consolidate= 31.191ms frontier=  9.123ms semisort= 20.698ms (keyed= 0.000ms group_by=  3.937ms per_group= 6.787ms)
[pe] round=  6 work=   524288 frontier=   524288 next=   262144 consolidate= 17.182ms frontier=  3.640ms semisort=  9.830ms (keyed= 0.000ms group_by=  2.181ms per_group= 1.831ms)
[pe] round=  7 work=   262144 frontier=   262144 next=   131072 consolidate=  7.586ms frontier=  1.877ms semisort=  4.432ms (keyed= 0.000ms group_by=  1.149ms per_group= 0.921ms)
[pe] round=  8 work=   131072 frontier=   131072 next=    65536 consolidate=  3.551ms frontier=  0.962ms semisort=  2.737ms (keyed= 0.000ms group_by=  0.871ms per_group= 0.528ms)
[pe] round=  9 work=    65536 frontier=    65536 next=    32768 consolidate=  1.775ms frontier=  0.571ms semisort=  4.390ms (keyed= 0.000ms group_by=  3.338ms per_group= 0.311ms)
[pe] round= 10 work=    32768 frontier=    32768 next=    16384 consolidate=  1.024ms frontier=  0.382ms semisort=  2.272ms (keyed= 0.000ms group_by=  1.620ms per_group= 0.201ms)
[pe] round= 11 work=    16384 frontier=    16384 next=     8192 consolidate=  2.253ms frontier=  0.268ms semisort=  1.228ms (keyed= 0.000ms group_by=  0.811ms per_group= 0.134ms)
[pe] round= 12 work=     8192 frontier=     8192 next=     4096 consolidate=  1.330ms frontier=  0.316ms semisort=  0.833ms (keyed= 0.000ms group_by=  0.435ms per_group= 0.087ms)
[pe] round= 13 work=     4096 frontier=     4096 next=     2048 consolidate=  0.717ms frontier=  0.170ms semisort=  0.546ms (keyed= 0.000ms group_by=  0.243ms per_group= 0.120ms)
[pe] round= 14 work=     2048 frontier=     2048 next=     1024 consolidate=  0.563ms frontier=  0.110ms semisort=  0.324ms (keyed= 0.000ms group_by=  0.144ms per_group= 0.056ms)
[pe] round= 15 work=     1024 frontier=     1024 next=      512 consolidate=  0.214ms frontier=  0.091ms semisort=  0.402ms (keyed= 0.000ms group_by=  0.263ms per_group= 0.049ms)
[pe] round= 16 work=      512 frontier=      512 next=      256 consolidate=  0.134ms frontier=  0.055ms semisort=  0.132ms (keyed= 0.000ms group_by=  0.042ms per_group= 0.037ms)
[pe] round= 17 work=      256 frontier=      256 next=      128 consolidate=  0.084ms frontier=  0.044ms semisort=  0.095ms (keyed= 0.000ms group_by=  0.031ms per_group= 0.022ms)
[pe] round= 18 work=      128 frontier=      128 next=       64 consolidate=  0.056ms frontier=  0.030ms semisort=  0.061ms (keyed= 0.000ms group_by=  0.014ms per_group= 0.020ms)
[pe] round= 19 work=       64 frontier=       64 next=       32 consolidate=  0.035ms frontier=  0.023ms semisort=  0.035ms (keyed= 0.000ms group_by=  0.010ms per_group= 0.009ms)
[pe] round= 20 work=       32 frontier=       32 next=       16 consolidate=  0.025ms frontier=  0.007ms semisort=  0.020ms (keyed= 0.000ms group_by=  0.005ms per_group= 0.003ms)
[pe] round= 21 work=       16 frontier=       16 next=        8 consolidate=  0.014ms frontier=  0.004ms semisort=  0.012ms (keyed= 0.000ms group_by=  0.004ms per_group= 0.003ms)
[pe] round= 22 work=        8 frontier=        8 next=        4 consolidate=  0.007ms frontier=  0.002ms semisort=  0.007ms (keyed= 0.000ms group_by=  0.003ms per_group= 0.001ms)
[pe] round= 23 work=        4 frontier=        4 next=        2 consolidate=  0.003ms frontier=  0.001ms semisort=  0.005ms (keyed= 0.000ms group_by=  0.003ms per_group= 0.001ms)
[pe] round= 24 work=        2 frontier=        0 next=        0 consolidate=  0.002ms frontier=  0.001ms semisort=  0.000ms (break)
[pe] round=  0 work=      100 frontier= 50000000 next= 12500000 consolidate=  3.717ms frontier= 10.262ms semisort=391.069ms (keyed= 0.000ms group_by=105.892ms per_group=64.324ms)
[pe] round=  1 work= 12500000 frontier= 12500000 next=  4194304 consolidate=241.426ms frontier= 73.759ms semisort=206.611ms (keyed= 0.000ms group_by= 50.273ms per_group=25.152ms)
[pe] round=  2 work=  4194304 frontier=  4194304 next=  4111392 consolidate= 89.570ms frontier= 27.003ms semisort= 81.354ms (keyed= 0.000ms group_by= 15.203ms per_group=18.789ms)
[pe] round=  3 work=  4111392 frontier=  4111392 next=  2097152 consolidate= 82.009ms frontier= 27.205ms semisort= 61.160ms (keyed= 0.000ms group_by= 16.548ms per_group= 9.758ms)
[pe] round=  4 work=  2097152 frontier=  2097152 next=  1048576 consolidate= 48.470ms frontier= 14.844ms semisort= 29.829ms (keyed= 0.000ms group_by=  6.591ms per_group= 5.976ms)
[pe] round=  5 work=  1048576 frontier=  1048576 next=   524288 consolidate= 29.103ms frontier=  6.926ms semisort= 17.273ms (keyed= 0.000ms group_by=  3.672ms per_group= 3.609ms)
[pe] round=  6 work=   524288 frontier=   524288 next=   262144 consolidate= 17.168ms frontier=  3.580ms semisort=  9.538ms (keyed= 0.000ms group_by=  2.216ms per_group= 1.835ms)
[pe] round=  7 work=   262144 frontier=   262144 next=   131072 consolidate=  7.684ms frontier=  2.188ms semisort=  4.725ms (keyed= 0.000ms group_by=  1.143ms per_group= 0.911ms)
[pe] round=  8 work=   131072 frontier=   131072 next=    65536 consolidate=  3.450ms frontier=  1.004ms semisort=  2.779ms (keyed= 0.000ms group_by=  0.868ms per_group= 0.536ms)
[pe] round=  9 work=    65536 frontier=    65536 next=    32768 consolidate=  1.798ms frontier=  0.585ms semisort=  4.358ms (keyed= 0.000ms group_by=  3.253ms per_group= 0.348ms)
[pe] round= 10 work=    32768 frontier=    32768 next=    16384 consolidate=  1.123ms frontier=  0.382ms semisort=  2.469ms (keyed= 0.000ms group_by=  1.798ms per_group= 0.209ms)
[pe] round= 11 work=    16384 frontier=    16384 next=     8192 consolidate=  2.240ms frontier=  0.279ms semisort=  1.274ms (keyed= 0.000ms group_by=  0.857ms per_group= 0.132ms)
[pe] round= 12 work=     8192 frontier=     8192 next=     4096 consolidate=  1.363ms frontier=  0.312ms semisort=  0.820ms (keyed= 0.000ms group_by=  0.430ms per_group= 0.098ms)
[pe] round= 13 work=     4096 frontier=     4096 next=     2048 consolidate=  0.718ms frontier=  0.171ms semisort=  0.489ms (keyed= 0.000ms group_by=  0.241ms per_group= 0.064ms)
[pe] round= 14 work=     2048 frontier=     2048 next=     1024 consolidate=  0.612ms frontier=  0.134ms semisort=  0.314ms (keyed= 0.000ms group_by=  0.138ms per_group= 0.059ms)
[pe] round= 15 work=     1024 frontier=     1024 next=      512 consolidate=  0.172ms frontier=  0.085ms semisort=  0.209ms (keyed= 0.000ms group_by=  0.069ms per_group= 0.043ms)
[pe] round= 16 work=      512 frontier=      512 next=      256 consolidate=  0.134ms frontier=  0.063ms semisort=  0.154ms (keyed= 0.000ms group_by=  0.048ms per_group= 0.040ms)
[pe] round= 17 work=      256 frontier=      256 next=      128 consolidate=  0.068ms frontier=  0.239ms semisort=  0.104ms (keyed= 0.000ms group_by=  0.031ms per_group= 0.032ms)
[pe] round= 18 work=      128 frontier=      128 next=       64 consolidate=  0.055ms frontier=  0.033ms semisort=  0.068ms (keyed= 0.000ms group_by=  0.015ms per_group= 0.018ms)
[pe] round= 19 work=       64 frontier=       64 next=       32 consolidate=  0.031ms frontier=  0.024ms semisort=  0.056ms (keyed= 0.000ms group_by=  0.010ms per_group= 0.021ms)
[pe] round= 20 work=       32 frontier=       32 next=       16 consolidate=  0.025ms frontier=  0.007ms semisort=  0.024ms (keyed= 0.000ms group_by=  0.007ms per_group= 0.005ms)
[pe] round= 21 work=       16 frontier=       16 next=        8 consolidate=  0.014ms frontier=  0.004ms semisort=  0.017ms (keyed= 0.000ms group_by=  0.004ms per_group= 0.003ms)
[pe] round= 22 work=        8 frontier=        8 next=        4 consolidate=  0.013ms frontier=  0.003ms semisort=  0.008ms (keyed= 0.000ms group_by=  0.003ms per_group= 0.001ms)
[pe] round= 23 work=        4 frontier=        4 next=        2 consolidate=  0.004ms frontier=  0.001ms semisort=  0.005ms (keyed= 0.000ms group_by=  0.003ms per_group= 0.001ms)
[pe] round= 24 work=        2 frontier=        0 next=        0 consolidate=  0.002ms frontier=  0.001ms semisort=  0.000ms (break)
[pe] round=  0 work=      100 frontier= 50000000 next= 12500000 consolidate=  3.884ms frontier= 10.146ms semisort=398.957ms (keyed= 0.000ms group_by=104.197ms per_group=65.995ms)
[pe] round=  1 work= 12500000 frontier= 12500000 next=  4194304 consolidate=249.083ms frontier= 81.153ms semisort=199.626ms (keyed= 0.000ms group_by= 53.160ms per_group=25.134ms)
[pe] round=  2 work=  4194304 frontier=  4194304 next=  4111392 consolidate= 92.784ms frontier= 27.071ms semisort= 78.873ms (keyed= 0.000ms group_by= 14.924ms per_group=20.010ms)
[pe] round=  3 work=  4111392 frontier=  4111392 next=  2097152 consolidate= 91.127ms frontier= 25.755ms semisort= 58.849ms (keyed= 0.000ms group_by= 15.899ms per_group= 9.811ms)
[pe] round=  4 work=  2097152 frontier=  2097152 next=  1048576 consolidate= 49.016ms frontier= 13.255ms semisort= 29.844ms (keyed= 0.000ms group_by=  6.626ms per_group= 6.149ms)
[pe] round=  5 work=  1048576 frontier=  1048576 next=   524288 consolidate= 30.042ms frontier=  7.091ms semisort= 17.083ms (keyed= 0.000ms group_by=  3.840ms per_group= 3.558ms)
[pe] round=  6 work=   524288 frontier=   524288 next=   262144 consolidate= 17.551ms frontier=  3.606ms semisort=  9.329ms (keyed= 0.000ms group_by=  2.199ms per_group= 1.818ms)
[pe] round=  7 work=   262144 frontier=   262144 next=   131072 consolidate=  7.653ms frontier=  1.894ms semisort=  4.410ms (keyed= 0.000ms group_by=  1.130ms per_group= 0.949ms)
[pe] round=  8 work=   131072 frontier=   131072 next=    65536 consolidate=  3.490ms frontier=  1.172ms semisort=  2.717ms (keyed= 0.000ms group_by=  0.855ms per_group= 0.532ms)
[pe] round=  9 work=    65536 frontier=    65536 next=    32768 consolidate=  1.797ms frontier=  0.569ms semisort=  4.356ms (keyed= 0.000ms group_by=  3.271ms per_group= 0.339ms)
[pe] round= 10 work=    32768 frontier=    32768 next=    16384 consolidate=  1.020ms frontier=  0.380ms semisort=  2.345ms (keyed= 0.000ms group_by=  1.667ms per_group= 0.221ms)
[pe] round= 11 work=    16384 frontier=    16384 next=     8192 consolidate=  2.311ms frontier=  0.292ms semisort=  1.272ms (keyed= 0.000ms group_by=  0.838ms per_group= 0.142ms)
[pe] round= 12 work=     8192 frontier=     8192 next=     4096 consolidate=  1.336ms frontier=  0.318ms semisort=  0.853ms (keyed= 0.000ms group_by=  0.460ms per_group= 0.088ms)
[pe] round= 13 work=     4096 frontier=     4096 next=     2048 consolidate=  0.699ms frontier=  0.175ms semisort=  0.511ms (keyed= 0.000ms group_by=  0.247ms per_group= 0.073ms)
[pe] round= 14 work=     2048 frontier=     2048 next=     1024 consolidate=  0.347ms frontier=  0.112ms semisort=  0.318ms (keyed= 0.000ms group_by=  0.133ms per_group= 0.056ms)
[pe] round= 15 work=     1024 frontier=     1024 next=      512 consolidate=  0.214ms frontier=  0.080ms semisort=  0.411ms (keyed= 0.000ms group_by=  0.267ms per_group= 0.056ms)
[pe] round= 16 work=      512 frontier=      512 next=      256 consolidate=  0.120ms frontier=  0.071ms semisort=  0.154ms (keyed= 0.000ms group_by=  0.049ms per_group= 0.035ms)
[pe] round= 17 work=      256 frontier=      256 next=      128 consolidate=  0.095ms frontier=  0.043ms semisort=  0.115ms (keyed= 0.000ms group_by=  0.033ms per_group= 0.022ms)
[pe] round= 18 work=      128 frontier=      128 next=       64 consolidate=  0.057ms frontier=  0.030ms semisort=  0.067ms (keyed= 0.000ms group_by=  0.017ms per_group= 0.019ms)
[pe] round= 19 work=       64 frontier=       64 next=       32 consolidate=  0.034ms frontier=  0.023ms semisort=  0.035ms (keyed= 0.000ms group_by=  0.009ms per_group= 0.008ms)
[pe] round= 20 work=       32 frontier=       32 next=       16 consolidate=  0.030ms frontier=  0.007ms semisort=  0.029ms (keyed= 0.000ms group_by=  0.006ms per_group= 0.006ms)
[pe] round= 21 work=       16 frontier=       16 next=        8 consolidate=  0.016ms frontier=  0.004ms semisort=  0.018ms (keyed= 0.000ms group_by=  0.004ms per_group= 0.003ms)
[pe] round= 22 work=        8 frontier=        8 next=        4 consolidate=  0.011ms frontier=  0.003ms semisort=  0.008ms (keyed= 0.000ms group_by=  0.004ms per_group= 0.001ms)
[pe] round= 23 work=        4 frontier=        4 next=        2 consolidate=  0.004ms frontier=  0.001ms semisort=  0.006ms (keyed= 0.000ms group_by=  0.003ms per_group= 0.001ms)
[pe] round= 24 work=        2 frontier=        0 next=        0 consolidate=  0.002ms frontier=  0.001ms semisort=  0.000ms (break)
[pe] round=  0 work=      100 frontier= 50000000 next= 12500000 consolidate=  3.765ms frontier=  9.711ms semisort=393.402ms (keyed= 0.000ms group_by=104.564ms per_group=65.961ms)
[pe] round=  1 work= 12500000 frontier= 12500000 next=  4194304 consolidate=249.645ms frontier= 74.691ms semisort=193.070ms (keyed= 0.000ms group_by= 52.037ms per_group=25.205ms)
[pe] round=  2 work=  4194304 frontier=  4194304 next=  4111392 consolidate= 92.767ms frontier= 26.590ms semisort= 78.173ms (keyed= 0.000ms group_by= 15.247ms per_group=20.214ms)
[pe] round=  3 work=  4111392 frontier=  4111392 next=  2097152 consolidate= 91.534ms frontier= 24.546ms semisort= 54.872ms (keyed= 0.000ms group_by= 12.806ms per_group=10.277ms)
[pe] round=  4 work=  2097152 frontier=  2097152 next=  1048576 consolidate= 49.698ms frontier= 12.862ms semisort= 29.007ms (keyed= 0.000ms group_by=  7.323ms per_group= 6.099ms)
[pe] round=  5 work=  1048576 frontier=  1048576 next=   524288 consolidate= 29.778ms frontier=  7.103ms semisort= 17.037ms (keyed= 0.000ms group_by=  3.825ms per_group= 3.538ms)
[pe] round=  6 work=   524288 frontier=   524288 next=   262144 consolidate= 17.481ms frontier=  3.636ms semisort=  9.325ms (keyed= 0.000ms group_by=  2.286ms per_group= 1.810ms)
[pe] round=  7 work=   262144 frontier=   262144 next=   131072 consolidate=  7.264ms frontier=  1.904ms semisort=  4.457ms (keyed= 0.000ms group_by=  1.207ms per_group= 0.948ms)
[pe] round=  8 work=   131072 frontier=   131072 next=    65536 consolidate=  3.453ms frontier=  0.982ms semisort=  2.892ms (keyed= 0.000ms group_by=  0.820ms per_group= 0.535ms)
[pe] round=  9 work=    65536 frontier=    65536 next=    32768 consolidate=  1.805ms frontier=  0.588ms semisort=  4.478ms (keyed= 0.000ms group_by=  3.374ms per_group= 0.332ms)
[pe] round= 10 work=    32768 frontier=    32768 next=    16384 consolidate=  1.033ms frontier=  0.376ms semisort=  2.483ms (keyed= 0.000ms group_by=  1.811ms per_group= 0.202ms)
[pe] round= 11 work=    16384 frontier=    16384 next=     8192 consolidate=  2.328ms frontier=  0.289ms semisort=  1.251ms (keyed= 0.000ms group_by=  0.790ms per_group= 0.150ms)
[pe] round= 12 work=     8192 frontier=     8192 next=     4096 consolidate=  1.298ms frontier=  0.308ms semisort=  0.832ms (keyed= 0.000ms group_by=  0.428ms per_group= 0.099ms)
[pe] round= 13 work=     4096 frontier=     4096 next=     2048 consolidate=  0.724ms frontier=  0.177ms semisort=  0.515ms (keyed= 0.000ms group_by=  0.256ms per_group= 0.065ms)
[pe] round= 14 work=     2048 frontier=     2048 next=     1024 consolidate=  0.355ms frontier=  0.109ms semisort=  0.310ms (keyed= 0.000ms group_by=  0.145ms per_group= 0.048ms)
[pe] round= 15 work=     1024 frontier=     1024 next=      512 consolidate=  0.205ms frontier=  0.071ms semisort=  0.201ms (keyed= 0.000ms group_by=  0.065ms per_group= 0.049ms)
[pe] round= 16 work=      512 frontier=      512 next=      256 consolidate=  0.126ms frontier=  0.051ms semisort=  0.134ms (keyed= 0.000ms group_by=  0.044ms per_group= 0.028ms)
[pe] round= 17 work=      256 frontier=      256 next=      128 consolidate=  0.078ms frontier=  0.254ms semisort=  0.111ms (keyed= 0.000ms group_by=  0.033ms per_group= 0.030ms)
[pe] round= 18 work=      128 frontier=      128 next=       64 consolidate=  0.062ms frontier=  0.031ms semisort=  0.060ms (keyed= 0.000ms group_by=  0.014ms per_group= 0.020ms)
[pe] round= 19 work=       64 frontier=       64 next=       32 consolidate=  0.038ms frontier=  0.014ms semisort=  0.049ms (keyed= 0.000ms group_by=  0.010ms per_group= 0.013ms)
[pe] round= 20 work=       32 frontier=       32 next=       16 consolidate=  0.023ms frontier=  0.011ms semisort=  0.028ms (keyed= 0.000ms group_by=  0.006ms per_group= 0.006ms)
[pe] round= 21 work=       16 frontier=       16 next=        8 consolidate=  0.017ms frontier=  0.004ms semisort=  0.012ms (keyed= 0.000ms group_by=  0.004ms per_group= 0.002ms)
[pe] round= 22 work=        8 frontier=        8 next=        4 consolidate=  0.007ms frontier=  0.002ms semisort=  0.008ms (keyed= 0.000ms group_by=  0.003ms per_group= 0.001ms)
[pe] round= 23 work=        4 frontier=        4 next=        2 consolidate=  0.004ms frontier=  0.001ms semisort=  0.006ms (keyed= 0.000ms group_by=  0.003ms per_group= 0.001ms)
[pe] round= 24 work=        2 frontier=        0 next=        0 consolidate=  0.002ms frontier=  0.001ms semisort=  0.000ms (break)
[pe] round=  0 work=      100 frontier= 50000000 next= 12500000 consolidate=  3.780ms frontier=  9.962ms semisort=386.995ms (keyed= 0.000ms group_by=104.415ms per_group=67.252ms)
[pe] round=  1 work= 12500000 frontier= 12500000 next=  4194304 consolidate=257.597ms frontier= 73.383ms semisort=188.629ms (keyed= 0.000ms group_by= 52.851ms per_group=25.521ms)
[pe] round=  2 work=  4194304 frontier=  4194304 next=  4111392 consolidate= 93.785ms frontier= 26.124ms semisort= 77.355ms (keyed= 0.000ms group_by= 14.528ms per_group=20.258ms)
[pe] round=  3 work=  4111392 frontier=  4111392 next=  2097152 consolidate= 92.142ms frontier= 24.319ms semisort= 54.009ms (keyed= 0.000ms group_by= 12.163ms per_group=10.424ms)
[pe] round=  4 work=  2097152 frontier=  2097152 next=  1048576 consolidate= 58.099ms frontier= 14.355ms semisort= 28.588ms (keyed= 0.000ms group_by=  6.728ms per_group= 6.163ms)
[pe] round=  5 work=  1048576 frontier=  1048576 next=   524288 consolidate= 30.133ms frontier=  7.133ms semisort= 16.966ms (keyed= 0.000ms group_by=  3.821ms per_group= 3.513ms)
[pe] round=  6 work=   524288 frontier=   524288 next=   262144 consolidate= 17.711ms frontier=  3.615ms semisort=  9.157ms (keyed= 0.000ms group_by=  2.195ms per_group= 1.828ms)
[pe] round=  7 work=   262144 frontier=   262144 next=   131072 consolidate=  7.444ms frontier=  2.258ms semisort=  4.358ms (keyed= 0.000ms group_by=  1.110ms per_group= 0.940ms)
[pe] round=  8 work=   131072 frontier=   131072 next=    65536 consolidate=  3.485ms frontier=  1.020ms semisort=  2.827ms (keyed= 0.000ms group_by=  0.815ms per_group= 0.535ms)
[pe] round=  9 work=    65536 frontier=    65536 next=    32768 consolidate=  1.771ms frontier=  0.594ms semisort=  4.581ms (keyed= 0.000ms group_by=  3.492ms per_group= 0.337ms)
[pe] round= 10 work=    32768 frontier=    32768 next=    16384 consolidate=  1.018ms frontier=  0.403ms semisort=  2.463ms (keyed= 0.000ms group_by=  1.787ms per_group= 0.203ms)
[pe] round= 11 work=    16384 frontier=    16384 next=     8192 consolidate=  2.310ms frontier=  0.297ms semisort=  1.264ms (keyed= 0.000ms group_by=  0.803ms per_group= 0.150ms)
[pe] round= 12 work=     8192 frontier=     8192 next=     4096 consolidate=  1.399ms frontier=  0.318ms semisort=  0.826ms (keyed= 0.000ms group_by=  0.438ms per_group= 0.088ms)
[pe] round= 13 work=     4096 frontier=     4096 next=     2048 consolidate=  0.720ms frontier=  0.176ms semisort=  0.532ms (keyed= 0.000ms group_by=  0.246ms per_group= 0.069ms)
[pe] round= 14 work=     2048 frontier=     2048 next=     1024 consolidate=  0.345ms frontier=  0.112ms semisort=  0.316ms (keyed= 0.000ms group_by=  0.133ms per_group= 0.054ms)
[pe] round= 15 work=     1024 frontier=     1024 next=      512 consolidate=  0.226ms frontier=  0.080ms semisort=  0.209ms (keyed= 0.000ms group_by=  0.074ms per_group= 0.044ms)
[pe] round= 16 work=      512 frontier=      512 next=      256 consolidate=  0.118ms frontier=  0.060ms semisort=  0.128ms (keyed= 0.000ms group_by=  0.046ms per_group= 0.032ms)
[pe] round= 17 work=      256 frontier=      256 next=      128 consolidate=  0.072ms frontier=  0.042ms semisort=  0.121ms (keyed= 0.000ms group_by=  0.037ms per_group= 0.034ms)
[pe] round= 18 work=      128 frontier=      128 next=       64 consolidate=  0.057ms frontier=  0.028ms semisort=  0.063ms (keyed= 0.000ms group_by=  0.014ms per_group= 0.014ms)
[pe] round= 19 work=       64 frontier=       64 next=       32 consolidate=  0.027ms frontier=  0.014ms semisort=  0.048ms (keyed= 0.000ms group_by=  0.009ms per_group= 0.013ms)
[pe] round= 20 work=       32 frontier=       32 next=       16 consolidate=  0.025ms frontier=  0.011ms semisort=  0.026ms (keyed= 0.000ms group_by=  0.006ms per_group= 0.006ms)
[pe] round= 21 work=       16 frontier=       16 next=        8 consolidate=  0.012ms frontier=  0.004ms semisort=  0.223ms (keyed= 0.000ms group_by=  0.005ms per_group= 0.004ms)
[pe] round= 22 work=        8 frontier=        8 next=        4 consolidate=  0.006ms frontier=  0.002ms semisort=  0.008ms (keyed= 0.000ms group_by=  0.003ms per_group= 0.001ms)
[pe] round= 23 work=        4 frontier=        4 next=        2 consolidate=  0.004ms frontier=  0.001ms semisort=  0.006ms (keyed= 0.000ms group_by=  0.003ms per_group= 0.001ms)
[pe] round= 24 work=        2 frontier=        0 next=        0 consolidate=  0.002ms frontier=  0.001ms semisort=  0.000ms (break)
[pe] round=  0 work=      100 frontier= 50000000 next= 12500000 consolidate=  3.846ms frontier=  9.949ms semisort=379.390ms (keyed= 0.000ms group_by=105.937ms per_group=67.850ms)
[pe] round=  1 work= 12500000 frontier= 12500000 next=  4194304 consolidate=256.665ms frontier= 70.805ms semisort=183.235ms (keyed= 0.000ms group_by= 52.980ms per_group=25.168ms)
[pe] round=  2 work=  4194304 frontier=  4194304 next=  4111392 consolidate= 94.619ms frontier= 24.893ms semisort= 75.979ms (keyed= 0.000ms group_by= 14.939ms per_group=20.030ms)
[pe] round=  3 work=  4111392 frontier=  4111392 next=  2097152 consolidate= 91.880ms frontier= 23.653ms semisort= 53.183ms (keyed= 0.000ms group_by= 12.192ms per_group=10.306ms)
[pe] round=  4 work=  2097152 frontier=  2097152 next=  1048576 consolidate= 60.332ms frontier= 13.905ms semisort= 28.112ms (keyed= 0.000ms group_by=  6.647ms per_group= 6.152ms)
[pe] round=  5 work=  1048576 frontier=  1048576 next=   524288 consolidate= 30.088ms frontier=  6.986ms semisort= 16.423ms (keyed= 0.000ms group_by=  3.774ms per_group= 3.533ms)
[pe] round=  6 work=   524288 frontier=   524288 next=   262144 consolidate= 16.075ms frontier=  3.705ms semisort=  8.980ms (keyed= 0.000ms group_by=  2.100ms per_group= 1.808ms)
[pe] round=  7 work=   262144 frontier=   262144 next=   131072 consolidate=  7.279ms frontier=  2.252ms semisort=  4.411ms (keyed= 0.000ms group_by=  1.185ms per_group= 0.933ms)
[pe] round=  8 work=   131072 frontier=   131072 next=    65536 consolidate=  3.560ms frontier=  1.031ms semisort=  2.878ms (keyed= 0.000ms group_by=  0.816ms per_group= 0.545ms)
[pe] round=  9 work=    65536 frontier=    65536 next=    32768 consolidate=  1.805ms frontier=  0.586ms semisort=  4.526ms (keyed= 0.000ms group_by=  3.395ms per_group= 0.351ms)
[pe] round= 10 work=    32768 frontier=    32768 next=    16384 consolidate=  1.075ms frontier=  0.414ms semisort=  2.467ms (keyed= 0.000ms group_by=  1.756ms per_group= 0.219ms)
[pe] round= 11 work=    16384 frontier=    16384 next=     8192 consolidate=  2.179ms frontier=  0.331ms semisort=  1.319ms (keyed= 0.000ms group_by=  0.856ms per_group= 0.144ms)
[pe] round= 12 work=     8192 frontier=     8192 next=     4096 consolidate=  1.388ms frontier=  0.326ms semisort=  0.882ms (keyed= 0.000ms group_by=  0.467ms per_group= 0.098ms)
[pe] round= 13 work=     4096 frontier=     4096 next=     2048 consolidate=  0.746ms frontier=  0.179ms semisort=  0.529ms (keyed= 0.000ms group_by=  0.250ms per_group= 0.077ms)
[pe] round= 14 work=     2048 frontier=     2048 next=     1024 consolidate=  0.364ms frontier=  0.113ms semisort=  0.307ms (keyed= 0.000ms group_by=  0.131ms per_group= 0.057ms)
[pe] round= 15 work=     1024 frontier=     1024 next=      512 consolidate=  0.207ms frontier=  0.082ms semisort=  0.199ms (keyed= 0.000ms group_by=  0.072ms per_group= 0.047ms)
[pe] round= 16 work=      512 frontier=      512 next=      256 consolidate=  0.142ms frontier=  0.060ms semisort=  0.153ms (keyed= 0.000ms group_by=  0.044ms per_group= 0.044ms)
[pe] round= 17 work=      256 frontier=      256 next=      128 consolidate=  0.083ms frontier=  0.043ms semisort=  0.118ms (keyed= 0.000ms group_by=  0.036ms per_group= 0.025ms)
[pe] round= 18 work=      128 frontier=      128 next=       64 consolidate=  0.055ms frontier=  0.029ms semisort=  0.079ms (keyed= 0.000ms group_by=  0.020ms per_group= 0.023ms)
[pe] round= 19 work=       64 frontier=       64 next=       32 consolidate=  0.032ms frontier=  0.018ms semisort=  0.037ms (keyed= 0.000ms group_by=  0.009ms per_group= 0.012ms)
[pe] round= 20 work=       32 frontier=       32 next=       16 consolidate=  0.027ms frontier=  0.012ms semisort=  0.019ms (keyed= 0.000ms group_by=  0.006ms per_group= 0.005ms)
[pe] round= 21 work=       16 frontier=       16 next=        8 consolidate=  0.014ms frontier=  0.004ms semisort=  0.020ms (keyed= 0.000ms group_by=  0.004ms per_group= 0.003ms)
[pe] round= 22 work=        8 frontier=        8 next=        4 consolidate=  0.018ms frontier=  0.002ms semisort=  0.007ms (keyed= 0.000ms group_by=  0.003ms per_group= 0.001ms)
[pe] round= 23 work=        4 frontier=        4 next=        2 consolidate=  0.004ms frontier=  0.001ms semisort=  0.005ms (keyed= 0.000ms group_by=  0.003ms per_group= 0.001ms)
[pe] round= 24 work=        2 frontier=        0 next=        0 consolidate=  0.002ms frontier=  0.001ms semisort=  0.000ms (break)
