[synthetic_bench] quartic n=50 d=2 classes=25000098 merges=50 ...
[pe] round=  0 work=      100 frontier= 50000000 next= 12500000 consolidate= 30.557ms frontier= 57.410ms semisort=11160.966ms (keyed= 0.000ms group_by=3864.124ms per_group=2893.477ms)
[pe] round=  1 work= 12500000 frontier= 12500000 next=  4194304 consolidate=9495.823ms frontier=1835.397ms semisort=6194.050ms (keyed= 0.000ms group_by=1084.996ms per_group=937.774ms)
[pe] round=  2 work=  4194304 frontier=  4194304 next=  4111392 consolidate=3314.343ms frontier=678.792ms semisort=2653.580ms (keyed= 0.000ms group_by=450.303ms per_group=711.500ms)
[pe] round=  3 work=  4111392 frontier=  4111392 next=  2097152 consolidate=3285.489ms frontier=667.626ms semisort=1853.916ms (keyed= 0.000ms group_by=365.825ms per_group=407.091ms)
[pe] round=  4 work=  2097152 frontier=  2097152 next=  1048576 consolidate=1697.621ms frontier=348.584ms semisort=944.537ms (keyed= 0.000ms group_by=181.296ms per_group=204.718ms)
[pe] round=  5 work=  1048576 frontier=  1048576 next=   524288 consolidate=865.891ms frontier=180.729ms semisort=478.495ms (keyed= 0.000ms group_by= 92.803ms per_group=105.907ms)
[pe] round=  6 work=   524288 frontier=   524288 next=   262144 consolidate=442.726ms frontier= 93.233ms semisort=230.313ms (keyed= 0.000ms group_by= 46.307ms per_group=53.798ms)
[pe] round=  7 work=   262144 frontier=   262144 next=   131072 consolidate=230.317ms frontier= 48.648ms semisort=119.439ms (keyed= 0.000ms group_by= 23.093ms per_group=27.013ms)
[pe] round=  8 work=   131072 frontier=   131072 next=    65536 consolidate=105.136ms frontier= 20.384ms semisort= 57.026ms (keyed= 0.000ms group_by= 12.141ms per_group=13.037ms)
[pe] round=  9 work=    65536 frontier=    65536 next=    32768 consolidate= 51.603ms frontier=  8.411ms semisort= 28.057ms (keyed= 0.000ms group_by=  5.918ms per_group= 5.195ms)
[pe] round= 10 work=    32768 frontier=    32768 next=    16384 consolidate= 25.949ms frontier=  2.603ms semisort= 12.471ms (keyed= 0.000ms group_by=  2.808ms per_group= 1.901ms)
[pe] round= 11 work=    16384 frontier=    16384 next=     8192 consolidate= 12.114ms frontier=  1.152ms semisort=  5.386ms (keyed= 0.000ms group_by=  1.541ms per_group= 0.977ms)
[pe] round= 12 work=     8192 frontier=     8192 next=     4096 consolidate=  4.947ms frontier=  0.486ms semisort=  2.151ms (keyed= 0.000ms group_by=  0.657ms per_group= 0.476ms)
[pe] round= 13 work=     4096 frontier=     4096 next=     2048 consolidate=  2.288ms frontier=  0.242ms semisort=  1.046ms (keyed= 0.000ms group_by=  0.314ms per_group= 0.238ms)
[pe] round= 14 work=     2048 frontier=     2048 next=     1024 consolidate=  1.149ms frontier=  0.107ms semisort=  0.547ms (keyed= 0.000ms group_by=  0.160ms per_group= 0.124ms)
[pe] round= 15 work=     1024 frontier=     1024 next=      512 consolidate=  0.574ms frontier=  0.051ms semisort=  0.255ms (keyed= 0.000ms group_by=  0.077ms per_group= 0.057ms)
[pe] round= 16 work=      512 frontier=      512 next=      256 consolidate=  0.321ms frontier=  0.026ms semisort=  0.131ms (keyed= 0.000ms group_by=  0.040ms per_group= 0.029ms)
[pe] round= 17 work=      256 frontier=      256 next=      128 consolidate=  0.143ms frontier=  0.014ms semisort=  0.066ms (keyed= 0.000ms group_by=  0.021ms per_group= 0.015ms)
[pe] round= 18 work=      128 frontier=      128 next=       64 consolidate=  0.074ms frontier=  0.008ms semisort=  0.037ms (keyed= 0.000ms group_by=  0.012ms per_group= 0.009ms)
[pe] round= 19 work=       64 frontier=       64 next=       32 consolidate=  0.037ms frontier=  0.005ms semisort=  0.020ms (keyed= 0.000ms group_by=  0.007ms per_group= 0.005ms)
[pe] round= 20 work=       32 frontier=       32 next=       16 consolidate=  0.019ms frontier=  0.003ms semisort=  0.012ms (keyed= 0.000ms group_by=  0.005ms per_group= 0.003ms)
[pe] round= 21 work=       16 frontier=       16 next=        8 consolidate=  0.011ms frontier=  0.002ms semisort=  0.008ms (keyed= 0.000ms group_by=  0.004ms per_group= 0.002ms)
[pe] round= 22 work=        8 frontier=        8 next=        4 consolidate=  0.006ms frontier=  0.002ms semisort=  0.006ms (keyed= 0.000ms group_by=  0.003ms per_group= 0.001ms)
[pe] round= 23 work=        4 frontier=        4 next=        2 consolidate=  0.004ms frontier=  0.001ms semisort=  0.005ms (keyed= 0.000ms group_by=  0.003ms per_group= 0.001ms)
[pe] round= 24 work=        2 frontier=        0 next=        0 consolidate=  0.002ms frontier=  0.001ms semisort=  0.000ms (break)
[pe] round=  0 work=      100 frontier= 50000000 next= 12500000 consolidate= 27.750ms frontier= 57.255ms semisort=10926.536ms (keyed= 0.000ms group_by=3671.578ms per_group=2886.633ms)
[pe] round=  1 work= 12500000 frontier= 12500000 next=  4194304 consolidate=12311.546ms frontier=2846.776ms semisort=7323.661ms (keyed= 0.000ms group_by=1732.462ms per_group=936.805ms)
[pe] round=  2 work=  4194304 frontier=  4194304 next=  4111392 consolidate=4175.570ms frontier=982.142ms semisort=2992.805ms (keyed= 0.000ms group_by=458.118ms per_group=887.548ms)
[pe] round=  3 work=  4111392 frontier=  4111392 next=  2097152 consolidate=4096.134ms frontier=960.099ms semisort=1887.494ms (keyed= 0.000ms group_by=364.934ms per_group=417.900ms)
[pe] round=  4 work=  2097152 frontier=  2097152 next=  1048576 consolidate=2093.265ms frontier=495.090ms semisort=945.616ms (keyed= 0.000ms group_by=180.642ms per_group=204.359ms)
[pe] round=  5 work=  1048576 frontier=  1048576 next=   524288 consolidate=1053.121ms frontier=247.646ms semisort=473.694ms (keyed= 0.000ms group_by= 91.426ms per_group=105.603ms)
[pe] round=  6 work=   524288 frontier=   524288 next=   262144 consolidate=523.491ms frontier=124.067ms semisort=227.772ms (keyed= 0.000ms group_by= 44.829ms per_group=53.678ms)
[pe] round=  7 work=   262144 frontier=   262144 next=   131072 consolidate=262.947ms frontier= 61.634ms semisort=118.168ms (keyed= 0.000ms group_by= 23.047ms per_group=26.181ms)
[pe] round=  8 work=   131072 frontier=   131072 next=    65536 consolidate=128.414ms frontier= 25.891ms semisort= 56.803ms (keyed= 0.000ms group_by= 12.112ms per_group=12.968ms)
[pe] round=  9 work=    65536 frontier=    65536 next=    32768 consolidate= 60.536ms frontier=  9.856ms semisort= 27.993ms (keyed= 0.000ms group_by=  5.877ms per_group= 5.225ms)
[pe] round= 10 work=    32768 frontier=    32768 next=    16384 consolidate= 28.435ms frontier=  3.051ms semisort= 12.806ms (keyed= 0.000ms group_by=  3.056ms per_group= 1.946ms)
[pe] round= 11 work=    16384 frontier=    16384 next=     8192 consolidate= 12.908ms frontier=  1.235ms semisort=  5.326ms (keyed= 0.000ms group_by=  1.377ms per_group= 0.984ms)
[pe] round= 12 work=     8192 frontier=     8192 next=     4096 consolidate=  5.023ms frontier=  0.538ms semisort=  2.185ms (keyed= 0.000ms group_by=  0.698ms per_group= 0.469ms)
[pe] round= 13 work=     4096 frontier=     4096 next=     2048 consolidate=  2.298ms frontier=  0.264ms semisort=  1.054ms (keyed= 0.000ms group_by=  0.307ms per_group= 0.233ms)
[pe] round= 14 work=     2048 frontier=     2048 next=     1024 consolidate=  1.166ms frontier=  0.139ms semisort=  0.525ms (keyed= 0.000ms group_by=  0.157ms per_group= 0.118ms)
[pe] round= 15 work=     1024 frontier=     1024 next=      512 consolidate=  0.554ms frontier=  0.053ms semisort=  0.254ms (keyed= 0.000ms group_by=  0.078ms per_group= 0.058ms)
[pe] round= 16 work=      512 frontier=      512 next=      256 consolidate=  0.274ms frontier=  0.027ms semisort=  0.131ms (keyed= 0.000ms group_by=  0.040ms per_group= 0.029ms)
[pe] round= 17 work=      256 frontier=      256 next=      128 consolidate=  0.138ms frontier=  0.014ms semisort=  0.066ms (keyed= 0.000ms group_by=  0.021ms per_group= 0.015ms)
[pe] round= 18 work=      128 frontier=      128 next=       64 consolidate=  0.068ms frontier=  0.008ms semisort=  0.035ms (keyed= 0.000ms group_by=  0.012ms per_group= 0.008ms)
[pe] round= 19 work=       64 frontier=       64 next=       32 consolidate=  0.035ms frontier=  0.005ms semisort=  0.019ms (keyed= 0.000ms group_by=  0.007ms per_group= 0.005ms)
[pe] round= 20 work=       32 frontier=       32 next=       16 consolidate=  0.018ms frontier=  0.003ms semisort=  0.012ms (keyed= 0.000ms group_by=  0.005ms per_group= 0.003ms)
[pe] round= 21 work=       16 frontier=       16 next=        8 consolidate=  0.010ms frontier=  0.002ms semisort=  0.007ms (keyed= 0.000ms group_by=  0.004ms per_group= 0.002ms)
[pe] round= 22 work=        8 frontier=        8 next=        4 consolidate=  0.006ms frontier=  0.002ms semisort=  0.006ms (keyed= 0.000ms group_by=  0.003ms per_group= 0.001ms)
[pe] round= 23 work=        4 frontier=        4 next=        2 consolidate=  0.004ms frontier=  0.001ms semisort=  0.005ms (keyed= 0.000ms group_by=  0.003ms per_group= 0.001ms)
[pe] round= 24 work=        2 frontier=        0 next=        0 consolidate=  0.002ms frontier=  0.001ms semisort=  0.000ms (break)
[pe] round=  0 work=      100 frontier= 50000000 next= 12500000 consolidate= 27.809ms frontier= 57.458ms semisort=10886.329ms (keyed= 0.000ms group_by=3629.578ms per_group=2887.268ms)
[pe] round=  1 work= 12500000 frontier= 12500000 next=  4194304 consolidate=12293.889ms frontier=2857.166ms semisort=7261.397ms (keyed= 0.000ms group_by=1733.300ms per_group=936.985ms)
[pe] round=  2 work=  4194304 frontier=  4194304 next=  4111392 consolidate=4165.013ms frontier=987.959ms semisort=2998.867ms (keyed= 0.000ms group_by=458.801ms per_group=884.136ms)
[pe] round=  3 work=  4111392 frontier=  4111392 next=  2097152 consolidate=4085.979ms frontier=962.144ms semisort=1886.357ms (keyed= 0.000ms group_by=362.540ms per_group=417.103ms)
[pe] round=  4 work=  2097152 frontier=  2097152 next=  1048576 consolidate=2087.916ms frontier=492.192ms semisort=944.771ms (keyed= 0.000ms group_by=180.932ms per_group=204.187ms)
[pe] round=  5 work=  1048576 frontier=  1048576 next=   524288 consolidate=1047.689ms frontier=244.020ms semisort=474.549ms (keyed= 0.000ms group_by= 89.842ms per_group=104.448ms)
[pe] round=  6 work=   524288 frontier=   524288 next=   262144 consolidate=523.948ms frontier=123.898ms semisort=226.905ms (keyed= 0.000ms group_by= 45.019ms per_group=52.736ms)
[pe] round=  7 work=   262144 frontier=   262144 next=   131072 consolidate=262.385ms frontier= 61.317ms semisort=119.897ms (keyed= 0.000ms group_by= 23.623ms per_group=27.126ms)
[pe] round=  8 work=   131072 frontier=   131072 next=    65536 consolidate=129.428ms frontier= 26.110ms semisort= 56.731ms (keyed= 0.000ms group_by= 11.839ms per_group=13.048ms)
[pe] round=  9 work=    65536 frontier=    65536 next=    32768 consolidate= 59.950ms frontier=  9.819ms semisort= 27.836ms (keyed= 0.000ms group_by=  5.661ms per_group= 5.250ms)
[pe] round= 10 work=    32768 frontier=    32768 next=    16384 consolidate= 28.252ms frontier=  2.964ms semisort= 12.656ms (keyed= 0.000ms group_by=  2.858ms per_group= 1.932ms)
[pe] round= 11 work=    16384 frontier=    16384 next=     8192 consolidate= 12.883ms frontier=  1.293ms semisort=  5.259ms (keyed= 0.000ms group_by=  1.383ms per_group= 0.945ms)
[pe] round= 12 work=     8192 frontier=     8192 next=     4096 consolidate=  4.992ms frontier=  0.540ms semisort=  2.133ms (keyed= 0.000ms group_by=  0.667ms per_group= 0.473ms)
[pe] round= 13 work=     4096 frontier=     4096 next=     2048 consolidate=  2.386ms frontier=  0.264ms semisort=  1.071ms (keyed= 0.000ms group_by=  0.340ms per_group= 0.238ms)
[pe] round= 14 work=     2048 frontier=     2048 next=     1024 consolidate=  1.156ms frontier=  0.113ms semisort=  0.522ms (keyed= 0.000ms group_by=  0.157ms per_group= 0.117ms)
[pe] round= 15 work=     1024 frontier=     1024 next=      512 consolidate=  0.612ms frontier=  0.051ms semisort=  0.253ms (keyed= 0.000ms group_by=  0.077ms per_group= 0.057ms)
[pe] round= 16 work=      512 frontier=      512 next=      256 consolidate=  0.283ms frontier=  0.031ms semisort=  0.153ms (keyed= 0.000ms group_by=  0.050ms per_group= 0.036ms)
[pe] round= 17 work=      256 frontier=      256 next=      128 consolidate=  0.154ms frontier=  0.014ms semisort=  0.065ms (keyed= 0.000ms group_by=  0.021ms per_group= 0.015ms)
[pe] round= 18 work=      128 frontier=      128 next=       64 consolidate=  0.075ms frontier=  0.008ms semisort=  0.035ms (keyed= 0.000ms group_by=  0.012ms per_group= 0.008ms)
[pe] round= 19 work=       64 frontier=       64 next=       32 consolidate=  0.037ms frontier=  0.005ms semisort=  0.021ms (keyed= 0.000ms group_by=  0.007ms per_group= 0.005ms)
[pe] round= 20 work=       32 frontier=       32 next=       16 consolidate=  0.020ms frontier=  0.003ms semisort=  0.012ms (keyed= 0.000ms group_by=  0.005ms per_group= 0.003ms)
[pe] round= 21 work=       16 frontier=       16 next=        8 consolidate=  0.011ms frontier=  0.002ms semisort=  0.007ms (keyed= 0.000ms group_by=  0.004ms per_group= 0.002ms)
[pe] round= 22 work=        8 frontier=        8 next=        4 consolidate=  0.005ms frontier=  0.001ms semisort=  0.006ms (keyed= 0.000ms group_by=  0.003ms per_group= 0.001ms)
[pe] round= 23 work=        4 frontier=        4 next=        2 consolidate=  0.003ms frontier=  0.001ms semisort=  0.005ms (keyed= 0.000ms group_by=  0.003ms per_group= 0.001ms)
[pe] round= 24 work=        2 frontier=        0 next=        0 consolidate=  0.002ms frontier=  0.001ms semisort=  0.000ms (break)
[pe] round=  0 work=      100 frontier= 50000000 next= 12500000 consolidate= 27.853ms frontier= 57.189ms semisort=10919.396ms (keyed= 0.000ms group_by=3670.320ms per_group=2878.322ms)
[pe] round=  1 work= 12500000 frontier= 12500000 next=  4194304 consolidate=12327.025ms frontier=2847.144ms semisort=7293.735ms (keyed= 0.000ms group_by=1733.963ms per_group=934.183ms)
[pe] round=  2 work=  4194304 frontier=  4194304 next=  4111392 consolidate=4168.739ms frontier=989.258ms semisort=2996.864ms (keyed= 0.000ms group_by=458.320ms per_group=886.179ms)
[pe] round=  3 work=  4111392 frontier=  4111392 next=  2097152 consolidate=4085.473ms frontier=965.117ms semisort=1883.594ms (keyed= 0.000ms group_by=365.161ms per_group=418.398ms)
[pe] round=  4 work=  2097152 frontier=  2097152 next=  1048576 consolidate=2086.750ms frontier=488.684ms semisort=938.451ms (keyed= 0.000ms group_by=180.217ms per_group=204.159ms)
[pe] round=  5 work=  1048576 frontier=  1048576 next=   524288 consolidate=1048.127ms frontier=245.750ms semisort=471.675ms (keyed= 0.000ms group_by= 89.278ms per_group=104.641ms)
[pe] round=  6 work=   524288 frontier=   524288 next=   262144 consolidate=522.886ms frontier=124.164ms semisort=229.668ms (keyed= 0.000ms group_by= 46.197ms per_group=54.089ms)
[pe] round=  7 work=   262144 frontier=   262144 next=   131072 consolidate=262.728ms frontier= 61.421ms semisort=119.442ms (keyed= 0.000ms group_by= 23.455ms per_group=26.993ms)
[pe] round=  8 work=   131072 frontier=   131072 next=    65536 consolidate=129.017ms frontier= 25.849ms semisort= 57.169ms (keyed= 0.000ms group_by= 12.117ms per_group=13.092ms)
[pe] round=  9 work=    65536 frontier=    65536 next=    32768 consolidate= 59.693ms frontier=  9.865ms semisort= 28.268ms (keyed= 0.000ms group_by=  6.008ms per_group= 5.244ms)
[pe] round= 10 work=    32768 frontier=    32768 next=    16384 consolidate= 28.257ms frontier=  2.946ms semisort= 12.518ms (keyed= 0.000ms group_by=  2.822ms per_group= 1.903ms)
[pe] round= 11 work=    16384 frontier=    16384 next=     8192 consolidate= 12.835ms frontier=  1.258ms semisort=  5.343ms (keyed= 0.000ms group_by=  1.459ms per_group= 0.938ms)
[pe] round= 12 work=     8192 frontier=     8192 next=     4096 consolidate=  5.100ms frontier=  0.551ms semisort=  2.195ms (keyed= 0.000ms group_by=  0.660ms per_group= 0.501ms)
[pe] round= 13 work=     4096 frontier=     4096 next=     2048 consolidate=  2.420ms frontier=  0.270ms semisort=  1.046ms (keyed= 0.000ms group_by=  0.316ms per_group= 0.239ms)
[pe] round= 14 work=     2048 frontier=     2048 next=     1024 consolidate=  1.197ms frontier=  0.112ms semisort=  0.540ms (keyed= 0.000ms group_by=  0.154ms per_group= 0.125ms)
[pe] round= 15 work=     1024 frontier=     1024 next=      512 consolidate=  0.582ms frontier=  0.057ms semisort=  0.254ms (keyed= 0.000ms group_by=  0.077ms per_group= 0.057ms)
[pe] round= 16 work=      512 frontier=      512 next=      256 consolidate=  0.321ms frontier=  0.026ms semisort=  0.129ms (keyed= 0.000ms group_by=  0.040ms per_group= 0.030ms)
[pe] round= 17 work=      256 frontier=      256 next=      128 consolidate=  0.143ms frontier=  0.014ms semisort=  0.067ms (keyed= 0.000ms group_by=  0.021ms per_group= 0.015ms)
[pe] round= 18 work=      128 frontier=      128 next=       64 consolidate=  0.072ms frontier=  0.008ms semisort=  0.036ms (keyed= 0.000ms group_by=  0.012ms per_group= 0.008ms)
[pe] round= 19 work=       64 frontier=       64 next=       32 consolidate=  0.037ms frontier=  0.005ms semisort=  0.020ms (keyed= 0.000ms group_by=  0.007ms per_group= 0.005ms)
[pe] round= 20 work=       32 frontier=       32 next=       16 consolidate=  0.019ms frontier=  0.003ms semisort=  0.013ms (keyed= 0.000ms group_by=  0.005ms per_group= 0.003ms)
[pe] round= 21 work=       16 frontier=       16 next=        8 consolidate=  0.011ms frontier=  0.002ms semisort=  0.008ms (keyed= 0.000ms group_by=  0.004ms per_group= 0.002ms)
[pe] round= 22 work=        8 frontier=        8 next=        4 consolidate=  0.006ms frontier=  0.002ms semisort=  0.006ms (keyed= 0.000ms group_by=  0.003ms per_group= 0.001ms)
[pe] round= 23 work=        4 frontier=        4 next=        2 consolidate=  0.003ms frontier=  0.001ms semisort=  0.005ms (keyed= 0.000ms group_by=  0.003ms per_group= 0.001ms)
[pe] round= 24 work=        2 frontier=        0 next=        0 consolidate=  0.002ms frontier=  0.001ms semisort=  0.000ms (break)
[pe] round=  0 work=      100 frontier= 50000000 next= 12500000 consolidate= 27.684ms frontier= 57.085ms semisort=10878.485ms (keyed= 0.000ms group_by=3631.431ms per_group=2877.270ms)
[pe] round=  1 work= 12500000 frontier= 12500000 next=  4194304 consolidate=12261.563ms frontier=2841.124ms semisort=7260.178ms (keyed= 0.000ms group_by=1724.955ms per_group=934.816ms)
[pe] round=  2 work=  4194304 frontier=  4194304 next=  4111392 consolidate=4150.091ms frontier=979.173ms semisort=2989.253ms (keyed= 0.000ms group_by=457.690ms per_group=882.479ms)
[pe] round=  3 work=  4111392 frontier=  4111392 next=  2097152 consolidate=4076.675ms frontier=950.462ms semisort=1886.973ms (keyed= 0.000ms group_by=364.730ms per_group=418.269ms)
[pe] round=  4 work=  2097152 frontier=  2097152 next=  1048576 consolidate=2083.551ms frontier=490.319ms semisort=940.587ms (keyed= 0.000ms group_by=178.910ms per_group=204.832ms)
[pe] round=  5 work=  1048576 frontier=  1048576 next=   524288 consolidate=1048.581ms frontier=245.403ms semisort=480.222ms (keyed= 0.000ms group_by= 91.204ms per_group=105.175ms)
[pe] round=  6 work=   524288 frontier=   524288 next=   262144 consolidate=523.001ms frontier=123.601ms semisort=231.337ms (keyed= 0.000ms group_by= 45.440ms per_group=53.187ms)
[pe] round=  7 work=   262144 frontier=   262144 next=   131072 consolidate=262.224ms frontier= 61.277ms semisort=118.444ms (keyed= 0.000ms group_by= 22.998ms per_group=26.686ms)
[pe] round=  8 work=   131072 frontier=   131072 next=    65536 consolidate=129.405ms frontier= 25.875ms semisort= 56.699ms (keyed= 0.000ms group_by= 11.743ms per_group=13.061ms)
[pe] round=  9 work=    65536 frontier=    65536 next=    32768 consolidate= 59.758ms frontier=  9.866ms semisort= 27.801ms (keyed= 0.000ms group_by=  5.701ms per_group= 5.144ms)
[pe] round= 10 work=    32768 frontier=    32768 next=    16384 consolidate= 28.285ms frontier=  3.010ms semisort= 12.588ms (keyed= 0.000ms group_by=  2.856ms per_group= 1.901ms)
[pe] round= 11 work=    16384 frontier=    16384 next=     8192 consolidate= 13.100ms frontier=  1.260ms semisort=  5.329ms (keyed= 0.000ms group_by=  1.374ms per_group= 0.980ms)
[pe] round= 12 work=     8192 frontier=     8192 next=     4096 consolidate=  5.034ms frontier=  0.552ms semisort=  2.159ms (keyed= 0.000ms group_by=  0.681ms per_group= 0.472ms)
[pe] round= 13 work=     4096 frontier=     4096 next=     2048 consolidate=  2.448ms frontier=  0.264ms semisort=  1.058ms (keyed= 0.000ms group_by=  0.329ms per_group= 0.238ms)
[pe] round= 14 work=     2048 frontier=     2048 next=     1024 consolidate=  1.165ms frontier=  0.113ms semisort=  0.520ms (keyed= 0.000ms group_by=  0.156ms per_group= 0.117ms)
[pe] round= 15 work=     1024 frontier=     1024 next=      512 consolidate=  0.607ms frontier=  0.064ms semisort=  0.255ms (keyed= 0.000ms group_by=  0.077ms per_group= 0.057ms)
[pe] round= 16 work=      512 frontier=      512 next=      256 consolidate=  0.288ms frontier=  0.026ms semisort=  0.134ms (keyed= 0.000ms group_by=  0.039ms per_group= 0.034ms)
[pe] round= 17 work=      256 frontier=      256 next=      128 consolidate=  0.168ms frontier=  0.017ms semisort=  0.070ms (keyed= 0.000ms group_by=  0.021ms per_group= 0.018ms)
[pe] round= 18 work=      128 frontier=      128 next=       64 consolidate=  0.071ms frontier=  0.008ms semisort=  0.035ms (keyed= 0.000ms group_by=  0.012ms per_group= 0.008ms)
[pe] round= 19 work=       64 frontier=       64 next=       32 consolidate=  0.037ms frontier=  0.005ms semisort=  0.020ms (keyed= 0.000ms group_by=  0.007ms per_group= 0.005ms)
[pe] round= 20 work=       32 frontier=       32 next=       16 consolidate=  0.020ms frontier=  0.003ms semisort=  0.013ms (keyed= 0.000ms group_by=  0.005ms per_group= 0.003ms)
[pe] round= 21 work=       16 frontier=       16 next=        8 consolidate=  0.011ms frontier=  0.002ms semisort=  0.008ms (keyed= 0.000ms group_by=  0.004ms per_group= 0.002ms)
[pe] round= 22 work=        8 frontier=        8 next=        4 consolidate=  0.006ms frontier=  0.002ms semisort=  0.006ms (keyed= 0.000ms group_by=  0.003ms per_group= 0.001ms)
[pe] round= 23 work=        4 frontier=        4 next=        2 consolidate=  0.003ms frontier=  0.001ms semisort=  0.005ms (keyed= 0.000ms group_by=  0.003ms per_group= 0.001ms)
[pe] round= 24 work=        2 frontier=        0 next=        0 consolidate=  0.002ms frontier=  0.001ms semisort=  0.000ms (break)
[pe] round=  0 work=      100 frontier= 50000000 next= 12500000 consolidate= 27.881ms frontier= 57.395ms semisort=10923.283ms (keyed= 0.000ms group_by=3670.310ms per_group=2881.238ms)
[pe] round=  1 work= 12500000 frontier= 12500000 next=  4194304 consolidate=12287.068ms frontier=2839.909ms semisort=7228.475ms (keyed= 0.000ms group_by=1727.488ms per_group=935.567ms)
[pe] round=  2 work=  4194304 frontier=  4194304 next=  4111392 consolidate=4166.554ms frontier=987.231ms semisort=2991.478ms (keyed= 0.000ms group_by=458.995ms per_group=888.147ms)
[pe] round=  3 work=  4111392 frontier=  4111392 next=  2097152 consolidate=4080.925ms frontier=956.986ms semisort=1877.995ms (keyed= 0.000ms group_by=361.467ms per_group=417.098ms)
[pe] round=  4 work=  2097152 frontier=  2097152 next=  1048576 consolidate=2086.280ms frontier=485.861ms semisort=946.853ms (keyed= 0.000ms group_by=182.575ms per_group=205.146ms)
[pe] round=  5 work=  1048576 frontier=  1048576 next=   524288 consolidate=1048.377ms frontier=245.225ms semisort=479.872ms (keyed= 0.000ms group_by= 91.475ms per_group=105.843ms)
[pe] round=  6 work=   524288 frontier=   524288 next=   262144 consolidate=524.119ms frontier=123.728ms semisort=228.641ms (keyed= 0.000ms group_by= 45.377ms per_group=54.199ms)
[pe] round=  7 work=   262144 frontier=   262144 next=   131072 consolidate=262.377ms frontier= 61.481ms semisort=118.602ms (keyed= 0.000ms group_by= 23.424ms per_group=26.469ms)
[pe] round=  8 work=   131072 frontier=   131072 next=    65536 consolidate=128.553ms frontier= 25.925ms semisort= 56.647ms (keyed= 0.000ms group_by= 12.038ms per_group=13.051ms)
[pe] round=  9 work=    65536 frontier=    65536 next=    32768 consolidate= 60.011ms frontier=  9.798ms semisort= 27.905ms (keyed= 0.000ms group_by=  5.795ms per_group= 5.191ms)
[pe] round= 10 work=    32768 frontier=    32768 next=    16384 consolidate= 28.319ms frontier=  3.010ms semisort= 12.547ms (keyed= 0.000ms group_by=  2.889ms per_group= 1.898ms)
[pe] round= 11 work=    16384 frontier=    16384 next=     8192 consolidate= 12.969ms frontier=  1.274ms semisort=  5.275ms (keyed= 0.000ms group_by=  1.400ms per_group= 0.976ms)
[pe] round= 12 work=     8192 frontier=     8192 next=     4096 consolidate=  5.145ms frontier=  0.529ms semisort=  2.146ms (keyed= 0.000ms group_by=  0.660ms per_group= 0.471ms)
[pe] round= 13 work=     4096 frontier=     4096 next=     2048 consolidate=  2.426ms frontier=  0.274ms semisort=  1.060ms (keyed= 0.000ms group_by=  0.317ms per_group= 0.240ms)
[pe] round= 14 work=     2048 frontier=     2048 next=     1024 consolidate=  1.169ms frontier=  0.113ms semisort=  0.525ms (keyed= 0.000ms group_by=  0.158ms per_group= 0.117ms)
[pe] round= 15 work=     1024 frontier=     1024 next=      512 consolidate=  0.578ms frontier=  0.053ms semisort=  0.260ms (keyed= 0.000ms group_by=  0.079ms per_group= 0.058ms)
[pe] round= 16 work=      512 frontier=      512 next=      256 consolidate=  0.288ms frontier=  0.026ms semisort=  0.128ms (keyed= 0.000ms group_by=  0.040ms per_group= 0.029ms)
[pe] round= 17 work=      256 frontier=      256 next=      128 consolidate=  0.144ms frontier=  0.014ms semisort=  0.066ms (keyed= 0.000ms group_by=  0.021ms per_group= 0.015ms)
[pe] round= 18 work=      128 frontier=      128 next=       64 consolidate=  0.073ms frontier=  0.008ms semisort=  0.035ms (keyed= 0.000ms group_by=  0.012ms per_group= 0.008ms)
[pe] round= 19 work=       64 frontier=       64 next=       32 consolidate=  0.037ms frontier=  0.005ms semisort=  0.020ms (keyed= 0.000ms group_by=  0.007ms per_group= 0.005ms)
[pe] round= 20 work=       32 frontier=       32 next=       16 consolidate=  0.020ms frontier=  0.003ms semisort=  0.012ms (keyed= 0.000ms group_by=  0.005ms per_group= 0.003ms)
[pe] round= 21 work=       16 frontier=       16 next=        8 consolidate=  0.010ms frontier=  0.002ms semisort=  0.008ms (keyed= 0.000ms group_by=  0.004ms per_group= 0.002ms)
[pe] round= 22 work=        8 frontier=        8 next=        4 consolidate=  0.006ms frontier=  0.002ms semisort=  0.006ms (keyed= 0.000ms group_by=  0.003ms per_group= 0.001ms)
[pe] round= 23 work=        4 frontier=        4 next=        2 consolidate=  0.003ms frontier=  0.001ms semisort=  0.005ms (keyed= 0.000ms group_by=  0.003ms per_group= 0.001ms)
[pe] round= 24 work=        2 frontier=        0 next=        0 consolidate=  0.002ms frontier=  0.001ms semisort=  0.000ms (break)
