[synthetic_bench] cube n=155 d=2 classes=14895808 merges=155 ...
[pe] round=  0 work=      310 frontier= 22343250 next=  7447750 consolidate=  3.633ms frontier=  5.885ms semisort=1217.803ms (keyed=197.301ms group_by=575.130ms per_group=220.574ms)
[pe] round=  1 work=  7447750 frontier=  7447750 next=  3253446 consolidate=339.953ms frontier= 66.754ms semisort=556.511ms (keyed=71.026ms group_by=199.589ms per_group=61.441ms)
[pe] round=  2 work=  3253446 frontier=  3253446 next=  2097152 consolidate=187.637ms frontier= 41.596ms semisort=134.776ms (keyed= 1.416ms group_by= 25.916ms per_group=33.855ms)
[pe] round=  3 work=  2097152 frontier=  2097152 next=  1048576 consolidate=108.757ms frontier= 33.413ms semisort= 71.871ms (keyed= 0.917ms group_by= 17.529ms per_group=16.140ms)
[pe] round=  4 work=  1048576 frontier=  1048576 next=   524288 consolidate= 53.692ms frontier= 15.309ms semisort= 35.660ms (keyed= 0.422ms group_by=  7.145ms per_group= 9.243ms)
[pe] round=  5 work=   524288 frontier=   524288 next=   262144 consolidate= 28.119ms frontier=  8.184ms semisort= 19.997ms (keyed= 0.221ms group_by=  5.043ms per_group= 4.848ms)
[pe] round=  6 work=   262144 frontier=   262144 next=   131072 consolidate= 16.608ms frontier=  6.781ms semisort= 15.775ms (keyed= 0.420ms group_by=  2.948ms per_group= 2.606ms)
[pe] round=  7 work=   131072 frontier=   131072 next=    65536 consolidate= 13.650ms frontier=  6.639ms semisort=  8.952ms (keyed= 0.079ms group_by=  1.744ms per_group= 1.797ms)
[pe] round=  8 work=    65536 frontier=    65536 next=    32768 consolidate=  5.475ms frontier=  1.561ms semisort=  5.269ms (keyed= 0.041ms group_by=  1.137ms per_group= 0.930ms)
[pe] round=  9 work=    32768 frontier=    32768 next=    16384 consolidate=  2.393ms frontier=  0.553ms semisort=  1.628ms (keyed= 0.049ms group_by=  0.367ms per_group= 0.270ms)
[pe] round= 10 work=    16384 frontier=    16384 next=     8192 consolidate=  1.455ms frontier=  0.268ms semisort=  0.592ms (keyed= 0.012ms group_by=  0.149ms per_group= 0.133ms)
[pe] round= 11 work=     8192 frontier=     8192 next=     4096 consolidate=  0.588ms frontier=  0.215ms semisort=  0.500ms (keyed= 0.009ms group_by=  0.258ms per_group= 0.064ms)
[pe] round= 12 work=     4096 frontier=     4096 next=     2048 consolidate=  0.302ms frontier=  0.070ms semisort=  0.305ms (keyed= 0.008ms group_by=  0.114ms per_group= 0.067ms)
[pe] round= 13 work=     2048 frontier=     2048 next=     1024 consolidate=  0.178ms frontier=  0.040ms semisort=  0.200ms (keyed= 0.004ms group_by=  0.067ms per_group= 0.045ms)
[pe] round= 14 work=     1024 frontier=     1024 next=      512 consolidate=  0.092ms frontier=  0.023ms semisort=  0.077ms (keyed= 0.002ms group_by=  0.025ms per_group= 0.014ms)
[pe] round= 15 work=      512 frontier=      512 next=      256 consolidate=  0.039ms frontier=  0.015ms semisort=  0.040ms (keyed= 0.001ms group_by=  0.012ms per_group= 0.010ms)
[pe] round= 16 work=      256 frontier=      256 next=      128 consolidate=  0.025ms frontier=  0.008ms semisort=  0.022ms (keyed= 0.001ms group_by=  0.006ms per_group= 0.007ms)
[pe] round= 17 work=      128 frontier=      128 next=       64 consolidate=  0.017ms frontier=  0.004ms semisort=  0.011ms (keyed= 0.000ms group_by=  0.003ms per_group= 0.004ms)
[pe] round= 18 work=       64 frontier=       64 next=       32 consolidate=  0.010ms frontier=  0.002ms semisort=  0.006ms (keyed= 0.000ms group_by=  0.001ms per_group= 0.002ms)
[pe] round= 19 work=       32 frontier=       32 next=       16 consolidate=  0.010ms frontier=  0.002ms semisort=  0.004ms (keyed= 0.000ms group_by=  0.001ms per_group= 0.001ms)
[pe] round= 20 work=       16 frontier=       16 next=        8 consolidate=  0.004ms frontier=  0.001ms semisort=  0.002ms (keyed= 0.000ms group_by=  0.000ms per_group= 0.001ms)
[pe] round= 21 work=        8 frontier=        8 next=        4 consolidate=  0.002ms frontier=  0.001ms semisort=  0.001ms (keyed= 0.000ms group_by=  0.000ms per_group= 0.000ms)
[pe] round= 22 work=        4 frontier=        4 next=        2 consolidate=  0.001ms frontier=  0.000ms semisort=  0.001ms (keyed= 0.000ms group_by=  0.000ms per_group= 0.000ms)
[pe] round= 23 work=        2 frontier=        0 next=        0 consolidate=  0.001ms frontier=  0.000ms semisort=  0.000ms (break)
