[synthetic_bench] cube n=110 d=2 classes=5324218 merges=110 ...
[pe] round=  0 work=      220 frontier=  7986000 next=  2662000 consolidate=  1.532ms frontier=  2.164ms semisort= 89.872ms (keyed= 0.000ms group_by= 30.252ms per_group=30.897ms)
[pe] round=  1 work=  2662000 frontier=  2662000 next=  1048576 consolidate= 84.752ms frontier= 13.401ms semisort= 54.164ms (keyed= 0.000ms group_by= 15.547ms per_group=13.863ms)
[pe] round=  2 work=  1048576 frontier=  1048576 next=   564848 consolidate= 41.897ms frontier=  9.008ms semisort= 27.264ms (keyed= 0.000ms group_by=  8.476ms per_group= 7.100ms)
[pe] round=  3 work=   564848 frontier=   564848 next=   524288 consolidate= 21.758ms frontier=  4.696ms semisort= 14.957ms (keyed= 0.000ms group_by=  3.135ms per_group= 6.321ms)
[pe] round=  4 work=   524288 frontier=   524288 next=   262144 consolidate= 19.904ms frontier=  3.994ms semisort= 10.471ms (keyed= 0.000ms group_by=  2.457ms per_group= 3.470ms)
[pe] round=  5 work=   262144 frontier=   262144 next=   131072 consolidate=  9.741ms frontier=  2.372ms semisort=  5.566ms (keyed= 0.000ms group_by=  1.446ms per_group= 1.898ms)
[pe] round=  6 work=   131072 frontier=   131072 next=    65536 consolidate=  5.170ms frontier=  1.362ms semisort=  2.833ms (keyed= 0.000ms group_by=  0.934ms per_group= 0.799ms)
[pe] round=  7 work=    65536 frontier=    65536 next=    32768 consolidate=  2.475ms frontier=  0.752ms semisort=  3.283ms (keyed= 0.000ms group_by=  2.124ms per_group= 0.491ms)
[pe] round=  8 work=    32768 frontier=    32768 next=    16384 consolidate=  1.379ms frontier=  0.529ms semisort=  1.597ms (keyed= 0.000ms group_by=  0.966ms per_group= 0.293ms)
[pe] round=  9 work=    16384 frontier=    16384 next=     8192 consolidate=  1.297ms frontier=  0.355ms semisort=  0.880ms (keyed= 0.000ms group_by=  0.487ms per_group= 0.162ms)
[pe] round= 10 work=     8192 frontier=     8192 next=     4096 consolidate=  0.722ms frontier=  0.281ms semisort=  0.544ms (keyed= 0.000ms group_by=  0.252ms per_group= 0.089ms)
[pe] round= 11 work=     4096 frontier=     4096 next=     2048 consolidate=  0.375ms frontier=  0.159ms semisort=  0.322ms (keyed= 0.000ms group_by=  0.157ms per_group= 0.054ms)
[pe] round= 12 work=     2048 frontier=     2048 next=     1024 consolidate=  0.212ms frontier=  0.111ms semisort=  0.234ms (keyed= 0.000ms group_by=  0.081ms per_group= 0.034ms)
[pe] round= 13 work=     1024 frontier=     1024 next=      512 consolidate=  0.140ms frontier=  0.088ms semisort=  0.113ms (keyed= 0.000ms group_by=  0.047ms per_group= 0.029ms)
[pe] round= 14 work=      512 frontier=      512 next=      256 consolidate=  0.076ms frontier=  0.038ms semisort=  0.068ms (keyed= 0.000ms group_by=  0.022ms per_group= 0.017ms)
[pe] round= 15 work=      256 frontier=      256 next=      128 consolidate=  0.059ms frontier=  0.022ms semisort=  0.046ms (keyed= 0.000ms group_by=  0.017ms per_group= 0.015ms)
[pe] round= 16 work=      128 frontier=      128 next=       64 consolidate=  0.035ms frontier=  0.012ms semisort=  0.032ms (keyed= 0.000ms group_by=  0.008ms per_group= 0.010ms)
[pe] round= 17 work=       64 frontier=       64 next=       32 consolidate=  0.029ms frontier=  0.004ms semisort=  0.014ms (keyed= 0.000ms group_by=  0.005ms per_group= 0.003ms)
[pe] round= 18 work=       32 frontier=       32 next=       16 consolidate=  0.012ms frontier=  0.003ms semisort=  0.008ms (keyed= 0.000ms group_by=  0.003ms per_group= 0.002ms)
[pe] round= 19 work=       16 frontier=       16 next=        8 consolidate=  0.005ms frontier=  0.002ms semisort=  0.005ms (keyed= 0.000ms group_by=  0.002ms per_group= 0.001ms)
[pe] round= 20 work=        8 frontier=        8 next=        4 consolidate=  0.003ms frontier=  0.001ms semisort=  0.004ms (keyed= 0.000ms group_by=  0.002ms per_group= 0.001ms)
[pe] round= 21 work=        4 frontier=        4 next=        2 consolidate=  0.002ms frontier=  0.001ms semisort=  0.003ms (keyed= 0.000ms group_by=  0.002ms per_group= 0.001ms)
[pe] round= 22 work=        2 frontier=        0 next=        0 consolidate=  0.001ms frontier=  0.001ms semisort=  0.000ms (break)
[pe] round=  0 work=      220 frontier=  7986000 next=  2662000 consolidate=  0.504ms frontier=  0.760ms semisort= 84.259ms (keyed= 0.000ms group_by= 26.855ms per_group=29.640ms)
[pe] round=  1 work=  2662000 frontier=  2662000 next=  1048576 consolidate=100.004ms frontier= 17.303ms semisort= 56.251ms (keyed= 0.000ms group_by= 15.994ms per_group=13.077ms)
[pe] round=  2 work=  1048576 frontier=  1048576 next=   564848 consolidate= 42.477ms frontier=  9.822ms semisort= 28.209ms (keyed= 0.000ms group_by=  8.626ms per_group= 6.977ms)
[pe] round=  3 work=   564848 frontier=   564848 next=   524288 consolidate= 22.812ms frontier=  5.018ms semisort= 16.239ms (keyed= 0.000ms group_by=  3.084ms per_group= 6.066ms)
[pe] round=  4 work=   524288 frontier=   524288 next=   262144 consolidate= 20.154ms frontier=  4.311ms semisort= 10.786ms (keyed= 0.000ms group_by=  2.658ms per_group= 3.382ms)
[pe] round=  5 work=   262144 frontier=   262144 next=   131072 consolidate=  9.940ms frontier=  2.291ms semisort=  5.631ms (keyed= 0.000ms group_by=  1.527ms per_group= 1.797ms)
[pe] round=  6 work=   131072 frontier=   131072 next=    65536 consolidate=  5.216ms frontier=  1.437ms semisort=  3.017ms (keyed= 0.000ms group_by=  1.046ms per_group= 0.781ms)
[pe] round=  7 work=    65536 frontier=    65536 next=    32768 consolidate=  2.662ms frontier=  0.764ms semisort=  3.310ms (keyed= 0.000ms group_by=  2.124ms per_group= 0.549ms)
[pe] round=  8 work=    32768 frontier=    32768 next=    16384 consolidate=  1.560ms frontier=  0.502ms semisort=  1.663ms (keyed= 0.000ms group_by=  1.003ms per_group= 0.271ms)
[pe] round=  9 work=    16384 frontier=    16384 next=     8192 consolidate=  1.434ms frontier=  0.362ms semisort=  0.933ms (keyed= 0.000ms group_by=  0.527ms per_group= 0.154ms)
[pe] round= 10 work=     8192 frontier=     8192 next=     4096 consolidate=  0.748ms frontier=  0.283ms semisort=  0.594ms (keyed= 0.000ms group_by=  0.255ms per_group= 0.108ms)
[pe] round= 11 work=     4096 frontier=     4096 next=     2048 consolidate=  0.338ms frontier=  0.146ms semisort=  0.338ms (keyed= 0.000ms group_by=  0.165ms per_group= 0.053ms)
[pe] round= 12 work=     2048 frontier=     2048 next=     1024 consolidate=  0.204ms frontier=  0.112ms semisort=  0.202ms (keyed= 0.000ms group_by=  0.085ms per_group= 0.034ms)
[pe] round= 13 work=     1024 frontier=     1024 next=      512 consolidate=  0.124ms frontier=  0.091ms semisort=  0.110ms (keyed= 0.000ms group_by=  0.046ms per_group= 0.027ms)
[pe] round= 14 work=      512 frontier=      512 next=      256 consolidate=  0.077ms frontier=  0.040ms semisort=  0.090ms (keyed= 0.000ms group_by=  0.029ms per_group= 0.035ms)
[pe] round= 15 work=      256 frontier=      256 next=      128 consolidate=  0.042ms frontier=  0.021ms semisort=  0.050ms (keyed= 0.000ms group_by=  0.019ms per_group= 0.016ms)
[pe] round= 16 work=      128 frontier=      128 next=       64 consolidate=  0.033ms frontier=  0.013ms semisort=  0.019ms (keyed= 0.000ms group_by=  0.008ms per_group= 0.005ms)
[pe] round= 17 work=       64 frontier=       64 next=       32 consolidate=  0.020ms frontier=  0.006ms semisort=  0.011ms (keyed= 0.000ms group_by=  0.005ms per_group= 0.003ms)
[pe] round= 18 work=       32 frontier=       32 next=       16 consolidate=  0.012ms frontier=  0.004ms semisort=  0.007ms (keyed= 0.000ms group_by=  0.003ms per_group= 0.002ms)
[pe] round= 19 work=       16 frontier=       16 next=        8 consolidate=  0.007ms frontier=  0.002ms semisort=  0.005ms (keyed= 0.000ms group_by=  0.002ms per_group= 0.001ms)
[pe] round= 20 work=        8 frontier=        8 next=        4 consolidate=  0.004ms frontier=  0.001ms semisort=  0.003ms (keyed= 0.000ms group_by=  0.002ms per_group= 0.001ms)
[pe] round= 21 work=        4 frontier=        4 next=        2 consolidate=  0.002ms frontier=  0.001ms semisort=  0.003ms (keyed= 0.000ms group_by=  0.002ms per_group= 0.001ms)
[pe] round= 22 work=        2 frontier=        0 next=        0 consolidate=  0.001ms frontier=  0.001ms semisort=  0.000ms (break)
[pe] round=  0 work=      220 frontier=  7986000 next=  2662000 consolidate=  0.515ms frontier=  0.767ms semisort= 82.652ms (keyed= 0.000ms group_by= 25.530ms per_group=29.110ms)
[pe] round=  1 work=  2662000 frontier=  2662000 next=  1048576 consolidate= 96.162ms frontier= 17.858ms semisort= 55.203ms (keyed= 0.000ms group_by= 16.095ms per_group=13.270ms)
[pe] round=  2 work=  1048576 frontier=  1048576 next=   564848 consolidate= 42.647ms frontier=  8.094ms semisort= 26.527ms (keyed= 0.000ms group_by=  8.229ms per_group= 7.009ms)
[pe] round=  3 work=   564848 frontier=   564848 next=   524288 consolidate= 21.031ms frontier=  4.958ms semisort= 14.693ms (keyed= 0.000ms group_by=  2.918ms per_group= 5.761ms)
[pe] round=  4 work=   524288 frontier=   524288 next=   262144 consolidate= 23.274ms frontier=  4.052ms semisort= 10.889ms (keyed= 0.000ms group_by=  3.004ms per_group= 3.329ms)
[pe] round=  5 work=   262144 frontier=   262144 next=   131072 consolidate= 10.580ms frontier=  2.374ms semisort=  5.661ms (keyed= 0.000ms group_by=  1.450ms per_group= 1.810ms)
[pe] round=  6 work=   131072 frontier=   131072 next=    65536 consolidate=  5.092ms frontier=  1.430ms semisort=  2.838ms (keyed= 0.000ms group_by=  0.832ms per_group= 0.820ms)
[pe] round=  7 work=    65536 frontier=    65536 next=    32768 consolidate=  2.621ms frontier=  0.804ms semisort=  3.237ms (keyed= 0.000ms group_by=  2.168ms per_group= 0.467ms)
[pe] round=  8 work=    32768 frontier=    32768 next=    16384 consolidate=  1.602ms frontier=  0.453ms semisort=  1.638ms (keyed= 0.000ms group_by=  1.009ms per_group= 0.274ms)
[pe] round=  9 work=    16384 frontier=    16384 next=     8192 consolidate=  1.380ms frontier=  0.310ms semisort=  1.050ms (keyed= 0.000ms group_by=  0.572ms per_group= 0.210ms)
[pe] round= 10 work=     8192 frontier=     8192 next=     4096 consolidate=  0.777ms frontier=  0.262ms semisort=  0.594ms (keyed= 0.000ms group_by=  0.261ms per_group= 0.094ms)
[pe] round= 11 work=     4096 frontier=     4096 next=     2048 consolidate=  0.393ms frontier=  0.154ms semisort=  0.375ms (keyed= 0.000ms group_by=  0.158ms per_group= 0.064ms)
[pe] round= 12 work=     2048 frontier=     2048 next=     1024 consolidate=  0.192ms frontier=  0.099ms semisort=  0.199ms (keyed= 0.000ms group_by=  0.085ms per_group= 0.040ms)
[pe] round= 13 work=     1024 frontier=     1024 next=      512 consolidate=  0.143ms frontier=  0.090ms semisort=  0.116ms (keyed= 0.000ms group_by=  0.048ms per_group= 0.030ms)
[pe] round= 14 work=      512 frontier=      512 next=      256 consolidate=  0.072ms frontier=  0.049ms semisort=  0.096ms (keyed= 0.000ms group_by=  0.030ms per_group= 0.035ms)
[pe] round= 15 work=      256 frontier=      256 next=      128 consolidate=  0.079ms frontier=  0.017ms semisort=  0.042ms (keyed= 0.000ms group_by=  0.016ms per_group= 0.012ms)
[pe] round= 16 work=      128 frontier=      128 next=       64 consolidate=  0.024ms frontier=  0.013ms semisort=  0.023ms (keyed= 0.000ms group_by=  0.008ms per_group= 0.006ms)
[pe] round= 17 work=       64 frontier=       64 next=       32 consolidate=  0.032ms frontier=  0.005ms semisort=  0.020ms (keyed= 0.000ms group_by=  0.011ms per_group= 0.004ms)
[pe] round= 18 work=       32 frontier=       32 next=       16 consolidate=  0.013ms frontier=  0.004ms semisort=  0.008ms (keyed= 0.000ms group_by=  0.004ms per_group= 0.002ms)
[pe] round= 19 work=       16 frontier=       16 next=        8 consolidate=  0.008ms frontier=  0.002ms semisort=  0.006ms (keyed= 0.000ms group_by=  0.003ms per_group= 0.001ms)
[pe] round= 20 work=        8 frontier=        8 next=        4 consolidate=  0.004ms frontier=  0.001ms semisort=  0.004ms (keyed= 0.000ms group_by=  0.002ms per_group= 0.001ms)
[pe] round= 21 work=        4 frontier=        4 next=        2 consolidate=  0.002ms frontier=  0.001ms semisort=  0.003ms (keyed= 0.000ms group_by=  0.002ms per_group= 0.001ms)
[pe] round= 22 work=        2 frontier=        0 next=        0 consolidate=  0.001ms frontier=  0.001ms semisort=  0.000ms (break)
[pe] round=  0 work=      220 frontier=  7986000 next=  2662000 consolidate=  2.861ms frontier=  3.034ms semisort=106.481ms (keyed= 0.000ms group_by= 28.848ms per_group=29.204ms)
[pe] round=  1 work=  2662000 frontier=  2662000 next=  1048576 consolidate= 97.957ms frontier= 17.384ms semisort= 60.478ms (keyed= 0.000ms group_by= 15.292ms per_group=13.119ms)
[pe] round=  2 work=  1048576 frontier=  1048576 next=   564848 consolidate= 42.343ms frontier=  7.927ms semisort= 25.633ms (keyed= 0.000ms group_by=  8.015ms per_group= 6.992ms)
[pe] round=  3 work=   564848 frontier=   564848 next=   524288 consolidate= 22.380ms frontier=  4.589ms semisort= 14.432ms (keyed= 0.000ms group_by=  3.075ms per_group= 5.611ms)
[pe] round=  4 work=   524288 frontier=   524288 next=   262144 consolidate= 19.815ms frontier=  4.514ms semisort= 10.420ms (keyed= 0.000ms group_by=  2.574ms per_group= 3.293ms)
[pe] round=  5 work=   262144 frontier=   262144 next=   131072 consolidate= 10.022ms frontier=  2.406ms semisort=  5.636ms (keyed= 0.000ms group_by=  1.565ms per_group= 1.842ms)
[pe] round=  6 work=   131072 frontier=   131072 next=    65536 consolidate=  4.993ms frontier=  1.338ms semisort=  2.661ms (keyed= 0.000ms group_by=  0.738ms per_group= 0.777ms)
[pe] round=  7 work=    65536 frontier=    65536 next=    32768 consolidate=  2.648ms frontier=  0.801ms semisort=  3.065ms (keyed= 0.000ms group_by=  1.941ms per_group= 0.448ms)
[pe] round=  8 work=    32768 frontier=    32768 next=    16384 consolidate=  1.459ms frontier=  0.502ms semisort=  1.606ms (keyed= 0.000ms group_by=  0.989ms per_group= 0.271ms)
[pe] round=  9 work=    16384 frontier=    16384 next=     8192 consolidate=  1.429ms frontier=  0.360ms semisort=  0.909ms (keyed= 0.000ms group_by=  0.492ms per_group= 0.165ms)
[pe] round= 10 work=     8192 frontier=     8192 next=     4096 consolidate=  0.717ms frontier=  0.284ms semisort=  0.557ms (keyed= 0.000ms group_by=  0.252ms per_group= 0.091ms)
[pe] round= 11 work=     4096 frontier=     4096 next=     2048 consolidate=  0.354ms frontier=  0.228ms semisort=  0.328ms (keyed= 0.000ms group_by=  0.165ms per_group= 0.052ms)
[pe] round= 12 work=     2048 frontier=     2048 next=     1024 consolidate=  0.195ms frontier=  0.094ms semisort=  0.195ms (keyed= 0.000ms group_by=  0.082ms per_group= 0.037ms)
[pe] round= 13 work=     1024 frontier=     1024 next=      512 consolidate=  0.141ms frontier=  0.087ms semisort=  0.114ms (keyed= 0.000ms group_by=  0.045ms per_group= 0.028ms)
[pe] round= 14 work=      512 frontier=      512 next=      256 consolidate=  0.076ms frontier=  0.030ms semisort=  0.069ms (keyed= 0.000ms group_by=  0.026ms per_group= 0.018ms)
[pe] round= 15 work=      256 frontier=      256 next=      128 consolidate=  0.058ms frontier=  0.019ms semisort=  0.040ms (keyed= 0.000ms group_by=  0.015ms per_group= 0.011ms)
[pe] round= 16 work=      128 frontier=      128 next=       64 consolidate=  0.024ms frontier=  0.014ms semisort=  0.019ms (keyed= 0.000ms group_by=  0.008ms per_group= 0.006ms)
[pe] round= 17 work=       64 frontier=       64 next=       32 consolidate=  0.027ms frontier=  0.007ms semisort=  0.012ms (keyed= 0.000ms group_by=  0.005ms per_group= 0.004ms)
[pe] round= 18 work=       32 frontier=       32 next=       16 consolidate=  0.016ms frontier=  0.002ms semisort=  0.008ms (keyed= 0.000ms group_by=  0.003ms per_group= 0.002ms)
[pe] round= 19 work=       16 frontier=       16 next=        8 consolidate=  0.007ms frontier=  0.002ms semisort=  0.005ms (keyed= 0.000ms group_by=  0.003ms per_group= 0.001ms)
[pe] round= 20 work=        8 frontier=        8 next=        4 consolidate=  0.004ms frontier=  0.001ms semisort=  0.004ms (keyed= 0.000ms group_by=  0.002ms per_group= 0.001ms)
[pe] round= 21 work=        4 frontier=        4 next=        2 consolidate=  0.002ms frontier=  0.001ms semisort=  0.003ms (keyed= 0.000ms group_by=  0.002ms per_group= 0.001ms)
[pe] round= 22 work=        2 frontier=        0 next=        0 consolidate=  0.001ms frontier=  0.001ms semisort=  0.000ms (break)
[pe] round=  0 work=      220 frontier=  7986000 next=  2662000 consolidate=  1.195ms frontier=  0.750ms semisort= 83.453ms (keyed= 0.000ms group_by= 25.977ms per_group=29.126ms)
[pe] round=  1 work=  2662000 frontier=  2662000 next=  1048576 consolidate= 96.289ms frontier= 17.434ms semisort= 53.907ms (keyed= 0.000ms group_by= 15.321ms per_group=13.035ms)
[pe] round=  2 work=  1048576 frontier=  1048576 next=   564848 consolidate= 41.999ms frontier=  8.093ms semisort= 25.644ms (keyed= 0.000ms group_by=  8.016ms per_group= 6.909ms)
[pe] round=  3 work=   564848 frontier=   564848 next=   524288 consolidate= 22.146ms frontier=  4.611ms semisort= 14.368ms (keyed= 0.000ms group_by=  3.085ms per_group= 5.684ms)
[pe] round=  4 work=   524288 frontier=   524288 next=   262144 consolidate= 19.446ms frontier=  4.345ms semisort= 10.405ms (keyed= 0.000ms group_by=  2.697ms per_group= 3.288ms)
[pe] round=  5 work=   262144 frontier=   262144 next=   131072 consolidate=  9.277ms frontier=  2.296ms semisort=  5.474ms (keyed= 0.000ms group_by=  1.448ms per_group= 1.801ms)
[pe] round=  6 work=   131072 frontier=   131072 next=    65536 consolidate=  4.813ms frontier=  1.453ms semisort=  2.726ms (keyed= 0.000ms group_by=  0.770ms per_group= 0.809ms)
[pe] round=  7 work=    65536 frontier=    65536 next=    32768 consolidate=  2.604ms frontier=  0.806ms semisort=  3.145ms (keyed= 0.000ms group_by=  1.913ms per_group= 0.478ms)
[pe] round=  8 work=    32768 frontier=    32768 next=    16384 consolidate=  1.448ms frontier=  0.490ms semisort=  1.620ms (keyed= 0.000ms group_by=  1.013ms per_group= 0.273ms)
[pe] round=  9 work=    16384 frontier=    16384 next=     8192 consolidate=  1.415ms frontier=  0.331ms semisort=  0.919ms (keyed= 0.000ms group_by=  0.495ms per_group= 0.163ms)
[pe] round= 10 work=     8192 frontier=     8192 next=     4096 consolidate=  0.739ms frontier=  0.274ms semisort=  0.578ms (keyed= 0.000ms group_by=  0.251ms per_group= 0.092ms)
[pe] round= 11 work=     4096 frontier=     4096 next=     2048 consolidate=  0.382ms frontier=  0.184ms semisort=  0.365ms (keyed= 0.000ms group_by=  0.162ms per_group= 0.053ms)
[pe] round= 12 work=     2048 frontier=     2048 next=     1024 consolidate=  0.210ms frontier=  0.111ms semisort=  0.205ms (keyed= 0.000ms group_by=  0.085ms per_group= 0.037ms)
[pe] round= 13 work=     1024 frontier=     1024 next=      512 consolidate=  0.123ms frontier=  0.090ms semisort=  0.115ms (keyed= 0.000ms group_by=  0.047ms per_group= 0.030ms)
[pe] round= 14 work=      512 frontier=      512 next=      256 consolidate=  0.077ms frontier=  0.034ms semisort=  0.074ms (keyed= 0.000ms group_by=  0.024ms per_group= 0.018ms)
[pe] round= 15 work=      256 frontier=      256 next=      128 consolidate=  0.060ms frontier=  0.021ms semisort=  0.043ms (keyed= 0.000ms group_by=  0.016ms per_group= 0.014ms)
[pe] round= 16 work=      128 frontier=      128 next=       64 consolidate=  0.025ms frontier=  0.016ms semisort=  0.021ms (keyed= 0.000ms group_by=  0.009ms per_group= 0.006ms)
[pe] round= 17 work=       64 frontier=       64 next=       32 consolidate=  0.036ms frontier=  0.004ms semisort=  0.012ms (keyed= 0.000ms group_by=  0.005ms per_group= 0.003ms)
[pe] round= 18 work=       32 frontier=       32 next=       16 consolidate=  0.013ms frontier=  0.002ms semisort=  0.007ms (keyed= 0.000ms group_by=  0.003ms per_group= 0.002ms)
[pe] round= 19 work=       16 frontier=       16 next=        8 consolidate=  0.007ms frontier=  0.002ms semisort=  0.005ms (keyed= 0.000ms group_by=  0.003ms per_group= 0.001ms)
[pe] round= 20 work=        8 frontier=        8 next=        4 consolidate=  0.004ms frontier=  0.001ms semisort=  0.003ms (keyed= 0.000ms group_by=  0.002ms per_group= 0.001ms)
[pe] round= 21 work=        4 frontier=        4 next=        2 consolidate=  0.002ms frontier=  0.001ms semisort=  0.003ms (keyed= 0.000ms group_by=  0.002ms per_group= 0.001ms)
[pe] round= 22 work=        2 frontier=        0 next=        0 consolidate=  0.001ms frontier=  0.001ms semisort=  0.000ms (break)
[pe] round=  0 work=      220 frontier=  7986000 next=  2662000 consolidate=  0.447ms frontier=  0.725ms semisort= 83.073ms (keyed= 0.000ms group_by= 26.107ms per_group=28.967ms)
[pe] round=  1 work=  2662000 frontier=  2662000 next=  1048576 consolidate=102.061ms frontier= 17.894ms semisort= 62.908ms (keyed= 0.000ms group_by= 21.281ms per_group=14.232ms)
[pe] round=  2 work=  1048576 frontier=  1048576 next=   564848 consolidate= 42.126ms frontier=  9.033ms semisort= 25.255ms (keyed= 0.000ms group_by=  7.773ms per_group= 6.938ms)
[pe] round=  3 work=   564848 frontier=   564848 next=   524288 consolidate= 20.804ms frontier=  4.326ms semisort= 14.011ms (keyed= 0.000ms group_by=  3.160ms per_group= 5.487ms)
[pe] round=  4 work=   524288 frontier=   524288 next=   262144 consolidate= 19.360ms frontier=  4.168ms semisort= 10.548ms (keyed= 0.000ms group_by=  2.604ms per_group= 3.380ms)
[pe] round=  5 work=   262144 frontier=   262144 next=   131072 consolidate=  9.266ms frontier=  2.258ms semisort=  5.898ms (keyed= 0.000ms group_by=  1.786ms per_group= 1.836ms)
[pe] round=  6 work=   131072 frontier=   131072 next=    65536 consolidate=  4.841ms frontier=  1.358ms semisort=  2.825ms (keyed= 0.000ms group_by=  0.775ms per_group= 0.774ms)
[pe] round=  7 work=    65536 frontier=    65536 next=    32768 consolidate=  8.143ms frontier=  1.203ms semisort=  3.394ms (keyed= 0.000ms group_by=  2.080ms per_group= 0.594ms)
[pe] round=  8 work=    32768 frontier=    32768 next=    16384 consolidate=  1.715ms frontier=  0.487ms semisort=  1.747ms (keyed= 0.000ms group_by=  0.956ms per_group= 0.361ms)
[pe] round=  9 work=    16384 frontier=    16384 next=     8192 consolidate=  1.423ms frontier=  0.366ms semisort=  0.925ms (keyed= 0.000ms group_by=  0.507ms per_group= 0.161ms)
[pe] round= 10 work=     8192 frontier=     8192 next=     4096 consolidate=  0.717ms frontier=  0.280ms semisort=  0.732ms (keyed= 0.000ms group_by=  0.263ms per_group= 0.236ms)
[pe] round= 11 work=     4096 frontier=     4096 next=     2048 consolidate=  0.339ms frontier=  0.149ms semisort=  0.326ms (keyed= 0.000ms group_by=  0.163ms per_group= 0.055ms)
[pe] round= 12 work=     2048 frontier=     2048 next=     1024 consolidate=  0.195ms frontier=  0.106ms semisort=  0.198ms (keyed= 0.000ms group_by=  0.086ms per_group= 0.037ms)
[pe] round= 13 work=     1024 frontier=     1024 next=      512 consolidate=  0.152ms frontier=  0.088ms semisort=  0.111ms (keyed= 0.000ms group_by=  0.046ms per_group= 0.028ms)
[pe] round= 14 work=      512 frontier=      512 next=      256 consolidate=  0.074ms frontier=  0.059ms semisort=  0.090ms (keyed= 0.000ms group_by=  0.030ms per_group= 0.042ms)
[pe] round= 15 work=      256 frontier=      256 next=      128 consolidate=  0.077ms frontier=  0.019ms semisort=  0.048ms (keyed= 0.000ms group_by=  0.016ms per_group= 0.018ms)
[pe] round= 16 work=      128 frontier=      128 next=       64 consolidate=  0.023ms frontier=  0.016ms semisort=  0.021ms (keyed= 0.000ms group_by=  0.008ms per_group= 0.006ms)
[pe] round= 17 work=       64 frontier=       64 next=       32 consolidate=  0.035ms frontier=  0.009ms semisort=  0.012ms (keyed= 0.000ms group_by=  0.005ms per_group= 0.003ms)
[pe] round= 18 work=       32 frontier=       32 next=       16 consolidate=  0.014ms frontier=  0.002ms semisort=  0.007ms (keyed= 0.000ms group_by=  0.003ms per_group= 0.002ms)
[pe] round= 19 work=       16 frontier=       16 next=        8 consolidate=  0.007ms frontier=  0.002ms semisort=  0.005ms (keyed= 0.000ms group_by=  0.002ms per_group= 0.001ms)
[pe] round= 20 work=        8 frontier=        8 next=        4 consolidate=  0.004ms frontier=  0.001ms semisort=  0.004ms (keyed= 0.000ms group_by=  0.002ms per_group= 0.001ms)
[pe] round= 21 work=        4 frontier=        4 next=        2 consolidate=  0.002ms frontier=  0.001ms semisort=  0.004ms (keyed= 0.000ms group_by=  0.002ms per_group= 0.001ms)
[pe] round= 22 work=        2 frontier=        0 next=        0 consolidate=  0.001ms frontier=  0.001ms semisort=  0.000ms (break)
