[synthetic_bench] cube n=115 d=2 classes=6083728 merges=115 ...
[pe] round=  0 work=      230 frontier=  9125250 next=  3041750 consolidate= 14.273ms frontier= 15.962ms semisort=1265.284ms (keyed= 0.000ms group_by=505.497ms per_group=341.946ms)
[pe] round=  1 work=  3041750 frontier=  3041750 next=  1048576 consolidate=1271.906ms frontier=176.591ms semisort=682.357ms (keyed= 0.000ms group_by=221.669ms per_group=136.580ms)
[pe] round=  2 work=  1048576 frontier=  1048576 next=   944598 consolidate=502.675ms frontier= 64.464ms semisort=297.930ms (keyed= 0.000ms group_by= 82.642ms per_group=89.284ms)
[pe] round=  3 work=   944598 frontier=   944598 next=   524288 consolidate=449.793ms frontier= 62.159ms semisort=210.919ms (keyed= 0.000ms group_by= 56.761ms per_group=56.128ms)
[pe] round=  4 work=   524288 frontier=   524288 next=   262144 consolidate=284.000ms frontier= 38.469ms semisort=106.411ms (keyed= 0.000ms group_by= 29.463ms per_group=23.107ms)
[pe] round=  5 work=   262144 frontier=   262144 next=   131072 consolidate=133.800ms frontier= 19.710ms semisort= 49.148ms (keyed= 0.000ms group_by= 14.496ms per_group=11.502ms)
[pe] round=  6 work=   131072 frontier=   131072 next=    65536 consolidate= 61.089ms frontier=  9.031ms semisort= 22.696ms (keyed= 0.000ms group_by=  7.245ms per_group= 5.835ms)
[pe] round=  7 work=    65536 frontier=    65536 next=    32768 consolidate= 29.315ms frontier=  3.807ms semisort= 11.058ms (keyed= 0.000ms group_by=  3.523ms per_group= 2.920ms)
[pe] round=  8 work=    32768 frontier=    32768 next=    16384 consolidate= 14.073ms frontier=  1.943ms semisort=  5.491ms (keyed= 0.000ms group_by=  1.711ms per_group= 1.465ms)
[pe] round=  9 work=    16384 frontier=    16384 next=     8192 consolidate=  6.949ms frontier=  1.001ms semisort=  2.808ms (keyed= 0.000ms group_by=  0.858ms per_group= 0.734ms)
[pe] round= 10 work=     8192 frontier=     8192 next=     4096 consolidate=  3.479ms frontier=  0.404ms semisort=  1.352ms (keyed= 0.000ms group_by=  0.428ms per_group= 0.338ms)
[pe] round= 11 work=     4096 frontier=     4096 next=     2048 consolidate=  1.767ms frontier=  0.170ms semisort=  0.666ms (keyed= 0.000ms group_by=  0.225ms per_group= 0.154ms)
[pe] round= 12 work=     2048 frontier=     2048 next=     1024 consolidate=  0.886ms frontier=  0.078ms semisort=  0.318ms (keyed= 0.000ms group_by=  0.111ms per_group= 0.077ms)
[pe] round= 13 work=     1024 frontier=     1024 next=      512 consolidate=  0.403ms frontier=  0.040ms semisort=  0.143ms (keyed= 0.000ms group_by=  0.053ms per_group= 0.039ms)
[pe] round= 14 work=      512 frontier=      512 next=      256 consolidate=  0.193ms frontier=  0.021ms semisort=  0.074ms (keyed= 0.000ms group_by=  0.028ms per_group= 0.019ms)
[pe] round= 15 work=      256 frontier=      256 next=      128 consolidate=  0.095ms frontier=  0.011ms semisort=  0.038ms (keyed= 0.000ms group_by=  0.014ms per_group= 0.010ms)
[pe] round= 16 work=      128 frontier=      128 next=       64 consolidate=  0.047ms frontier=  0.006ms semisort=  0.021ms (keyed= 0.000ms group_by=  0.008ms per_group= 0.006ms)
[pe] round= 17 work=       64 frontier=       64 next=       32 consolidate=  0.024ms frontier=  0.004ms semisort=  0.012ms (keyed= 0.000ms group_by=  0.005ms per_group= 0.003ms)
[pe] round= 18 work=       32 frontier=       32 next=       16 consolidate=  0.013ms frontier=  0.002ms semisort=  0.008ms (keyed= 0.000ms group_by=  0.003ms per_group= 0.002ms)
[pe] round= 19 work=       16 frontier=       16 next=        8 consolidate=  0.007ms frontier=  0.002ms semisort=  0.005ms (keyed= 0.000ms group_by=  0.002ms per_group= 0.001ms)
[pe] round= 20 work=        8 frontier=        8 next=        4 consolidate=  0.004ms frontier=  0.001ms semisort=  0.004ms (keyed= 0.000ms group_by=  0.002ms per_group= 0.001ms)
[pe] round= 21 work=        4 frontier=        4 next=        2 consolidate=  0.002ms frontier=  0.001ms semisort=  0.003ms (keyed= 0.000ms group_by=  0.002ms per_group= 0.001ms)
[pe] round= 22 work=        2 frontier=        0 next=        0 consolidate=  0.002ms frontier=  0.001ms semisort=  0.000ms (break)
[pe] round=  0 work=      230 frontier=  9125250 next=  3041750 consolidate=  4.929ms frontier=  8.200ms semisort=1151.886ms (keyed= 0.000ms group_by=408.164ms per_group=329.275ms)
[pe] round=  1 work=  3041750 frontier=  3041750 next=  1048576 consolidate=1330.702ms frontier=222.161ms semisort=753.917ms (keyed= 0.000ms group_by=288.111ms per_group=125.758ms)
[pe] round=  2 work=  1048576 frontier=  1048576 next=   944598 consolidate=522.239ms frontier= 83.886ms semisort=330.787ms (keyed= 0.000ms group_by= 88.970ms per_group=115.120ms)
[pe] round=  3 work=   944598 frontier=   944598 next=   524288 consolidate=457.834ms frontier= 76.901ms semisort=215.277ms (keyed= 0.000ms group_by= 56.472ms per_group=61.918ms)
[pe] round=  4 work=   524288 frontier=   524288 next=   262144 consolidate=300.202ms frontier= 44.918ms semisort=107.681ms (keyed= 0.000ms group_by= 29.603ms per_group=23.073ms)
[pe] round=  5 work=   262144 frontier=   262144 next=   131072 consolidate=141.326ms frontier= 22.101ms semisort= 48.806ms (keyed= 0.000ms group_by= 14.487ms per_group=11.538ms)
[pe] round=  6 work=   131072 frontier=   131072 next=    65536 consolidate= 61.986ms frontier= 10.337ms semisort= 22.765ms (keyed= 0.000ms group_by=  7.148ms per_group= 5.804ms)
[pe] round=  7 work=    65536 frontier=    65536 next=    32768 consolidate= 29.653ms frontier=  4.940ms semisort= 11.061ms (keyed= 0.000ms group_by=  3.521ms per_group= 2.938ms)
[pe] round=  8 work=    32768 frontier=    32768 next=    16384 consolidate= 14.291ms frontier=  2.295ms semisort=  5.500ms (keyed= 0.000ms group_by=  1.712ms per_group= 1.477ms)
[pe] round=  9 work=    16384 frontier=    16384 next=     8192 consolidate=  6.989ms frontier=  1.061ms semisort=  2.778ms (keyed= 0.000ms group_by=  0.860ms per_group= 0.735ms)
[pe] round= 10 work=     8192 frontier=     8192 next=     4096 consolidate=  3.497ms frontier=  0.415ms semisort=  1.340ms (keyed= 0.000ms group_by=  0.432ms per_group= 0.347ms)
[pe] round= 11 work=     4096 frontier=     4096 next=     2048 consolidate=  1.738ms frontier=  0.182ms semisort=  0.664ms (keyed= 0.000ms group_by=  0.219ms per_group= 0.154ms)
[pe] round= 12 work=     2048 frontier=     2048 next=     1024 consolidate=  0.865ms frontier=  0.082ms semisort=  0.310ms (keyed= 0.000ms group_by=  0.109ms per_group= 0.077ms)
[pe] round= 13 work=     1024 frontier=     1024 next=      512 consolidate=  0.389ms frontier=  0.041ms semisort=  0.144ms (keyed= 0.000ms group_by=  0.053ms per_group= 0.039ms)
[pe] round= 14 work=      512 frontier=      512 next=      256 consolidate=  0.187ms frontier=  0.020ms semisort=  0.078ms (keyed= 0.000ms group_by=  0.027ms per_group= 0.024ms)
[pe] round= 15 work=      256 frontier=      256 next=      128 consolidate=  0.094ms frontier=  0.012ms semisort=  0.038ms (keyed= 0.000ms group_by=  0.013ms per_group= 0.010ms)
[pe] round= 16 work=      128 frontier=      128 next=       64 consolidate=  0.047ms frontier=  0.006ms semisort=  0.018ms (keyed= 0.000ms group_by=  0.008ms per_group= 0.005ms)
[pe] round= 17 work=       64 frontier=       64 next=       32 consolidate=  0.023ms frontier=  0.004ms semisort=  0.011ms (keyed= 0.000ms group_by=  0.005ms per_group= 0.003ms)
[pe] round= 18 work=       32 frontier=       32 next=       16 consolidate=  0.013ms frontier=  0.002ms semisort=  0.007ms (keyed= 0.000ms group_by=  0.003ms per_group= 0.002ms)
[pe] round= 19 work=       16 frontier=       16 next=        8 consolidate=  0.007ms frontier=  0.002ms semisort=  0.005ms (keyed= 0.000ms group_by=  0.003ms per_group= 0.001ms)
[pe] round= 20 work=        8 frontier=        8 next=        4 consolidate=  0.004ms frontier=  0.001ms semisort=  0.004ms (keyed= 0.000ms group_by=  0.002ms per_group= 0.001ms)
[pe] round= 21 work=        4 frontier=        4 next=        2 consolidate=  0.002ms frontier=  0.001ms semisort=  0.003ms (keyed= 0.000ms group_by=  0.002ms per_group= 0.000ms)
[pe] round= 22 work=        2 frontier=        0 next=        0 consolidate=  0.001ms frontier=  0.001ms semisort=  0.000ms (break)
[pe] round=  0 work=      230 frontier=  9125250 next=  3041750 consolidate=  4.935ms frontier=  8.200ms semisort=1151.483ms (keyed= 0.000ms group_by=410.089ms per_group=328.859ms)
[pe] round=  1 work=  3041750 frontier=  3041750 next=  1048576 consolidate=1351.135ms frontier=230.607ms semisort=756.749ms (keyed= 0.000ms group_by=287.644ms per_group=128.132ms)
[pe] round=  2 work=  1048576 frontier=  1048576 next=   944598 consolidate=523.464ms frontier= 76.127ms semisort=329.778ms (keyed= 0.000ms group_by= 88.524ms per_group=114.512ms)
[pe] round=  3 work=   944598 frontier=   944598 next=   524288 consolidate=460.632ms frontier= 75.159ms semisort=215.229ms (keyed= 0.000ms group_by= 55.995ms per_group=61.670ms)
[pe] round=  4 work=   524288 frontier=   524288 next=   262144 consolidate=301.810ms frontier= 41.248ms semisort=116.712ms (keyed= 0.000ms group_by= 37.889ms per_group=22.990ms)
[pe] round=  5 work=   262144 frontier=   262144 next=   131072 consolidate=150.459ms frontier= 21.690ms semisort= 51.219ms (keyed= 0.000ms group_by= 14.752ms per_group=11.560ms)
[pe] round=  6 work=   131072 frontier=   131072 next=    65536 consolidate= 61.669ms frontier= 10.535ms semisort= 22.884ms (keyed= 0.000ms group_by=  7.325ms per_group= 5.804ms)
[pe] round=  7 work=    65536 frontier=    65536 next=    32768 consolidate= 29.678ms frontier=  4.944ms semisort= 11.003ms (keyed= 0.000ms group_by=  3.480ms per_group= 2.921ms)
[pe] round=  8 work=    32768 frontier=    32768 next=    16384 consolidate= 14.320ms frontier=  2.330ms semisort=  5.542ms (keyed= 0.000ms group_by=  1.740ms per_group= 1.463ms)
[pe] round=  9 work=    16384 frontier=    16384 next=     8192 consolidate=  6.993ms frontier=  1.087ms semisort=  2.824ms (keyed= 0.000ms group_by=  0.871ms per_group= 0.726ms)
[pe] round= 10 work=     8192 frontier=     8192 next=     4096 consolidate=  3.520ms frontier=  0.427ms semisort=  1.363ms (keyed= 0.000ms group_by=  0.430ms per_group= 0.342ms)
[pe] round= 11 work=     4096 frontier=     4096 next=     2048 consolidate=  1.758ms frontier=  0.182ms semisort=  0.668ms (keyed= 0.000ms group_by=  0.218ms per_group= 0.154ms)
[pe] round= 12 work=     2048 frontier=     2048 next=     1024 consolidate=  0.866ms frontier=  0.083ms semisort=  0.311ms (keyed= 0.000ms group_by=  0.109ms per_group= 0.076ms)
[pe] round= 13 work=     1024 frontier=     1024 next=      512 consolidate=  0.388ms frontier=  0.041ms semisort=  0.144ms (keyed= 0.000ms group_by=  0.053ms per_group= 0.039ms)
[pe] round= 14 work=      512 frontier=      512 next=      256 consolidate=  0.191ms frontier=  0.021ms semisort=  0.071ms (keyed= 0.000ms group_by=  0.026ms per_group= 0.020ms)
[pe] round= 15 work=      256 frontier=      256 next=      128 consolidate=  0.093ms frontier=  0.011ms semisort=  0.042ms (keyed= 0.000ms group_by=  0.014ms per_group= 0.010ms)
[pe] round= 16 work=      128 frontier=      128 next=       64 consolidate=  0.046ms frontier=  0.006ms semisort=  0.021ms (keyed= 0.000ms group_by=  0.008ms per_group= 0.006ms)
[pe] round= 17 work=       64 frontier=       64 next=       32 consolidate=  0.023ms frontier=  0.004ms semisort=  0.012ms (keyed= 0.000ms group_by=  0.005ms per_group= 0.003ms)
[pe] round= 18 work=       32 frontier=       32 next=       16 consolidate=  0.012ms frontier=  0.002ms semisort=  0.008ms (keyed= 0.000ms group_by=  0.003ms per_group= 0.002ms)
[pe] round= 19 work=       16 frontier=       16 next=        8 consolidate=  0.006ms frontier=  0.002ms semisort=  0.005ms (keyed= 0.000ms group_by=  0.002ms per_group= 0.001ms)
[pe] round= 20 work=        8 frontier=        8 next=        4 consolidate=  0.004ms frontier=  0.001ms semisort=  0.004ms (keyed= 0.000ms group_by=  0.002ms per_group= 0.001ms)
[pe] round= 21 work=        4 frontier=        4 next=        2 consolidate=  0.002ms frontier=  0.001ms semisort=  0.003ms (keyed= 0.000ms group_by=  0.002ms per_group= 0.000ms)
[pe] round= 22 work=        2 frontier=        0 next=        0 consolidate=  0.001ms frontier=  0.001ms semisort=  0.000ms (break)
[pe] round=  0 work=      230 frontier=  9125250 next=  3041750 consolidate=  4.943ms frontier=  8.155ms semisort=1155.018ms (keyed= 0.000ms group_by=410.003ms per_group=327.937ms)
[pe] round=  1 work=  3041750 frontier=  3041750 next=  1048576 consolidate=1397.841ms frontier=237.479ms semisort=759.649ms (keyed= 0.000ms group_by=287.851ms per_group=132.731ms)
[pe] round=  2 work=  1048576 frontier=  1048576 next=   944598 consolidate=519.371ms frontier= 83.235ms semisort=329.471ms (keyed= 0.000ms group_by= 89.206ms per_group=113.892ms)
[pe] round=  3 work=   944598 frontier=   944598 next=   524288 consolidate=456.482ms frontier= 76.086ms semisort=213.757ms (keyed= 0.000ms group_by= 55.781ms per_group=60.326ms)
[pe] round=  4 work=   524288 frontier=   524288 next=   262144 consolidate=299.834ms frontier= 44.666ms semisort=106.984ms (keyed= 0.000ms group_by= 29.447ms per_group=22.955ms)
[pe] round=  5 work=   262144 frontier=   262144 next=   131072 consolidate=144.647ms frontier= 22.204ms semisort= 49.358ms (keyed= 0.000ms group_by= 14.778ms per_group=11.501ms)
[pe] round=  6 work=   131072 frontier=   131072 next=    65536 consolidate= 62.239ms frontier= 10.609ms semisort= 22.880ms (keyed= 0.000ms group_by=  7.386ms per_group= 5.813ms)
[pe] round=  7 work=    65536 frontier=    65536 next=    32768 consolidate= 29.933ms frontier=  5.141ms semisort= 11.117ms (keyed= 0.000ms group_by=  3.556ms per_group= 2.924ms)
[pe] round=  8 work=    32768 frontier=    32768 next=    16384 consolidate= 14.362ms frontier=  2.430ms semisort=  5.445ms (keyed= 0.000ms group_by=  1.714ms per_group= 1.463ms)
[pe] round=  9 work=    16384 frontier=    16384 next=     8192 consolidate=  7.084ms frontier=  1.092ms semisort=  2.786ms (keyed= 0.000ms group_by=  0.863ms per_group= 0.736ms)
[pe] round= 10 work=     8192 frontier=     8192 next=     4096 consolidate=  3.545ms frontier=  0.426ms semisort=  1.378ms (keyed= 0.000ms group_by=  0.437ms per_group= 0.358ms)
[pe] round= 11 work=     4096 frontier=     4096 next=     2048 consolidate=  1.777ms frontier=  0.176ms semisort=  0.670ms (keyed= 0.000ms group_by=  0.211ms per_group= 0.160ms)
[pe] round= 12 work=     2048 frontier=     2048 next=     1024 consolidate=  0.874ms frontier=  0.084ms semisort=  0.307ms (keyed= 0.000ms group_by=  0.108ms per_group= 0.076ms)
[pe] round= 13 work=     1024 frontier=     1024 next=      512 consolidate=  0.397ms frontier=  0.041ms semisort=  0.144ms (keyed= 0.000ms group_by=  0.054ms per_group= 0.038ms)
[pe] round= 14 work=      512 frontier=      512 next=      256 consolidate=  0.192ms frontier=  0.021ms semisort=  0.072ms (keyed= 0.000ms group_by=  0.026ms per_group= 0.019ms)
[pe] round= 15 work=      256 frontier=      256 next=      128 consolidate=  0.094ms frontier=  0.011ms semisort=  0.039ms (keyed= 0.000ms group_by=  0.014ms per_group= 0.010ms)
[pe] round= 16 work=      128 frontier=      128 next=       64 consolidate=  0.046ms frontier=  0.006ms semisort=  0.020ms (keyed= 0.000ms group_by=  0.008ms per_group= 0.006ms)
[pe] round= 17 work=       64 frontier=       64 next=       32 consolidate=  0.023ms frontier=  0.004ms semisort=  0.012ms (keyed= 0.000ms group_by=  0.005ms per_group= 0.003ms)
[pe] round= 18 work=       32 frontier=       32 next=       16 consolidate=  0.013ms frontier=  0.002ms semisort=  0.007ms (keyed= 0.000ms group_by=  0.003ms per_group= 0.002ms)
[pe] round= 19 work=       16 frontier=       16 next=        8 consolidate=  0.007ms frontier=  0.002ms semisort=  0.005ms (keyed= 0.000ms group_by=  0.002ms per_group= 0.001ms)
[pe] round= 20 work=        8 frontier=        8 next=        4 consolidate=  0.004ms frontier=  0.001ms semisort=  0.004ms (keyed= 0.000ms group_by=  0.002ms per_group= 0.001ms)
[pe] round= 21 work=        4 frontier=        4 next=        2 consolidate=  0.002ms frontier=  0.001ms semisort=  0.003ms (keyed= 0.000ms group_by=  0.002ms per_group= 0.000ms)
[pe] round= 22 work=        2 frontier=        0 next=        0 consolidate=  0.001ms frontier=  0.001ms semisort=  0.000ms (break)
[pe] round=  0 work=      230 frontier=  9125250 next=  3041750 consolidate=  4.959ms frontier=  8.182ms semisort=1151.378ms (keyed= 0.000ms group_by=409.904ms per_group=327.550ms)
[pe] round=  1 work=  3041750 frontier=  3041750 next=  1048576 consolidate=1385.660ms frontier=216.399ms semisort=754.956ms (keyed= 0.000ms group_by=285.716ms per_group=130.103ms)
[pe] round=  2 work=  1048576 frontier=  1048576 next=   944598 consolidate=523.859ms frontier= 82.650ms semisort=327.113ms (keyed= 0.000ms group_by= 88.975ms per_group=111.751ms)
[pe] round=  3 work=   944598 frontier=   944598 next=   524288 consolidate=458.508ms frontier= 75.675ms semisort=214.631ms (keyed= 0.000ms group_by= 55.724ms per_group=60.821ms)
[pe] round=  4 work=   524288 frontier=   524288 next=   262144 consolidate=301.227ms frontier= 44.953ms semisort=107.753ms (keyed= 0.000ms group_by= 29.845ms per_group=22.956ms)
[pe] round=  5 work=   262144 frontier=   262144 next=   131072 consolidate=144.457ms frontier= 21.013ms semisort= 49.467ms (keyed= 0.000ms group_by= 14.794ms per_group=11.499ms)
[pe] round=  6 work=   131072 frontier=   131072 next=    65536 consolidate= 62.415ms frontier= 10.435ms semisort= 23.174ms (keyed= 0.000ms group_by=  7.577ms per_group= 5.802ms)
[pe] round=  7 work=    65536 frontier=    65536 next=    32768 consolidate= 29.692ms frontier=  4.955ms semisort= 11.117ms (keyed= 0.000ms group_by=  3.487ms per_group= 2.922ms)
[pe] round=  8 work=    32768 frontier=    32768 next=    16384 consolidate= 14.413ms frontier=  2.389ms semisort=  5.513ms (keyed= 0.000ms group_by=  1.736ms per_group= 1.462ms)
[pe] round=  9 work=    16384 frontier=    16384 next=     8192 consolidate=  7.075ms frontier=  1.158ms semisort=  2.846ms (keyed= 0.000ms group_by=  0.887ms per_group= 0.733ms)
[pe] round= 10 work=     8192 frontier=     8192 next=     4096 consolidate=  3.533ms frontier=  0.430ms semisort=  1.366ms (keyed= 0.000ms group_by=  0.428ms per_group= 0.356ms)
[pe] round= 11 work=     4096 frontier=     4096 next=     2048 consolidate=  1.770ms frontier=  0.177ms semisort=  0.676ms (keyed= 0.000ms group_by=  0.217ms per_group= 0.157ms)
[pe] round= 12 work=     2048 frontier=     2048 next=     1024 consolidate=  0.872ms frontier=  0.082ms semisort=  0.321ms (keyed= 0.000ms group_by=  0.118ms per_group= 0.077ms)
[pe] round= 13 work=     1024 frontier=     1024 next=      512 consolidate=  0.391ms frontier=  0.041ms semisort=  0.145ms (keyed= 0.000ms group_by=  0.053ms per_group= 0.038ms)
[pe] round= 14 work=      512 frontier=      512 next=      256 consolidate=  0.190ms frontier=  0.021ms semisort=  0.075ms (keyed= 0.000ms group_by=  0.027ms per_group= 0.020ms)
[pe] round= 15 work=      256 frontier=      256 next=      128 consolidate=  0.095ms frontier=  0.011ms semisort=  0.038ms (keyed= 0.000ms group_by=  0.014ms per_group= 0.010ms)
[pe] round= 16 work=      128 frontier=      128 next=       64 consolidate=  0.046ms frontier=  0.006ms semisort=  0.021ms (keyed= 0.000ms group_by=  0.008ms per_group= 0.005ms)
[pe] round= 17 work=       64 frontier=       64 next=       32 consolidate=  0.024ms frontier=  0.004ms semisort=  0.013ms (keyed= 0.000ms group_by=  0.005ms per_group= 0.003ms)
[pe] round= 18 work=       32 frontier=       32 next=       16 consolidate=  0.012ms frontier=  0.002ms semisort=  0.008ms (keyed= 0.000ms group_by=  0.003ms per_group= 0.002ms)
[pe] round= 19 work=       16 frontier=       16 next=        8 consolidate=  0.007ms frontier=  0.002ms semisort=  0.005ms (keyed= 0.000ms group_by=  0.002ms per_group= 0.001ms)
[pe] round= 20 work=        8 frontier=        8 next=        4 consolidate=  0.004ms frontier=  0.001ms semisort=  0.004ms (keyed= 0.000ms group_by=  0.002ms per_group= 0.001ms)
[pe] round= 21 work=        4 frontier=        4 next=        2 consolidate=  0.002ms frontier=  0.001ms semisort=  0.003ms (keyed= 0.000ms group_by=  0.002ms per_group= 0.000ms)
[pe] round= 22 work=        2 frontier=        0 next=        0 consolidate=  0.002ms frontier=  0.001ms semisort=  0.000ms (break)
[pe] round=  0 work=      230 frontier=  9125250 next=  3041750 consolidate=  4.925ms frontier=  8.183ms semisort=1153.228ms (keyed= 0.000ms group_by=409.556ms per_group=329.225ms)
[pe] round=  1 work=  3041750 frontier=  3041750 next=  1048576 consolidate=1379.060ms frontier=215.928ms semisort=756.572ms (keyed= 0.000ms group_by=285.780ms per_group=131.696ms)
[pe] round=  2 work=  1048576 frontier=  1048576 next=   944598 consolidate=542.044ms frontier= 85.429ms semisort=327.689ms (keyed= 0.000ms group_by= 89.044ms per_group=112.375ms)
[pe] round=  3 work=   944598 frontier=   944598 next=   524288 consolidate=461.254ms frontier= 77.022ms semisort=214.450ms (keyed= 0.000ms group_by= 55.754ms per_group=60.122ms)
[pe] round=  4 work=   524288 frontier=   524288 next=   262144 consolidate=302.447ms frontier= 45.553ms semisort=108.107ms (keyed= 0.000ms group_by= 29.252ms per_group=23.977ms)
[pe] round=  5 work=   262144 frontier=   262144 next=   131072 consolidate=145.309ms frontier= 21.344ms semisort= 49.504ms (keyed= 0.000ms group_by= 14.572ms per_group=11.566ms)
[pe] round=  6 work=   131072 frontier=   131072 next=    65536 consolidate= 62.256ms frontier= 10.594ms semisort= 22.873ms (keyed= 0.000ms group_by=  7.368ms per_group= 5.810ms)
[pe] round=  7 work=    65536 frontier=    65536 next=    32768 consolidate= 30.137ms frontier=  4.672ms semisort= 11.038ms (keyed= 0.000ms group_by=  3.421ms per_group= 2.921ms)
[pe] round=  8 work=    32768 frontier=    32768 next=    16384 consolidate= 14.419ms frontier=  2.530ms semisort=  5.544ms (keyed= 0.000ms group_by=  1.733ms per_group= 1.467ms)
[pe] round=  9 work=    16384 frontier=    16384 next=     8192 consolidate=  7.090ms frontier=  1.108ms semisort=  2.807ms (keyed= 0.000ms group_by=  0.852ms per_group= 0.724ms)
[pe] round= 10 work=     8192 frontier=     8192 next=     4096 consolidate=  3.557ms frontier=  0.444ms semisort=  1.340ms (keyed= 0.000ms group_by=  0.444ms per_group= 0.343ms)
[pe] round= 11 work=     4096 frontier=     4096 next=     2048 consolidate=  1.788ms frontier=  0.185ms semisort=  0.665ms (keyed= 0.000ms group_by=  0.220ms per_group= 0.154ms)
[pe] round= 12 work=     2048 frontier=     2048 next=     1024 consolidate=  0.870ms frontier=  0.084ms semisort=  0.313ms (keyed= 0.000ms group_by=  0.111ms per_group= 0.076ms)
[pe] round= 13 work=     1024 frontier=     1024 next=      512 consolidate=  0.388ms frontier=  0.041ms semisort=  0.146ms (keyed= 0.000ms group_by=  0.055ms per_group= 0.039ms)
[pe] round= 14 work=      512 frontier=      512 next=      256 consolidate=  0.189ms frontier=  0.021ms semisort=  0.072ms (keyed= 0.000ms group_by=  0.026ms per_group= 0.019ms)
[pe] round= 15 work=      256 frontier=      256 next=      128 consolidate=  0.094ms frontier=  0.011ms semisort=  0.038ms (keyed= 0.000ms group_by=  0.013ms per_group= 0.010ms)
[pe] round= 16 work=      128 frontier=      128 next=       64 consolidate=  0.047ms frontier=  0.006ms semisort=  0.020ms (keyed= 0.000ms group_by=  0.008ms per_group= 0.005ms)
[pe] round= 17 work=       64 frontier=       64 next=       32 consolidate=  0.023ms frontier=  0.004ms semisort=  0.012ms (keyed= 0.000ms group_by=  0.005ms per_group= 0.003ms)
[pe] round= 18 work=       32 frontier=       32 next=       16 consolidate=  0.013ms frontier=  0.002ms semisort=  0.007ms (keyed= 0.000ms group_by=  0.003ms per_group= 0.002ms)
[pe] round= 19 work=       16 frontier=       16 next=        8 consolidate=  0.007ms frontier=  0.002ms semisort=  0.005ms (keyed= 0.000ms group_by=  0.002ms per_group= 0.001ms)
[pe] round= 20 work=        8 frontier=        8 next=        4 consolidate=  0.004ms frontier=  0.001ms semisort=  0.004ms (keyed= 0.000ms group_by=  0.002ms per_group= 0.001ms)
[pe] round= 21 work=        4 frontier=        4 next=        2 consolidate=  0.002ms frontier=  0.001ms semisort=  0.003ms (keyed= 0.000ms group_by=  0.002ms per_group= 0.000ms)
[pe] round= 22 work=        2 frontier=        0 next=        0 consolidate=  0.002ms frontier=  0.001ms semisort=  0.000ms (break)
