[synthetic_bench] cube n=125 d=2 classes=7812748 merges=125 ...
[pe] round=  0 work=      250 frontier= 11718750 next=  3906250 consolidate=  8.107ms frontier= 20.214ms semisort=1620.690ms (keyed= 0.000ms group_by=588.246ms per_group=440.837ms)
[pe] round=  1 work=  3906250 frontier=  3906250 next=  1809098 consolidate=1687.921ms frontier=266.316ms semisort=881.230ms (keyed= 0.000ms group_by=244.615ms per_group=208.388ms)
[pe] round=  2 work=  1809098 frontier=  1809098 next=  1048576 consolidate=858.357ms frontier=117.536ms semisort=428.649ms (keyed= 0.000ms group_by=116.199ms per_group=107.597ms)
[pe] round=  3 work=  1048576 frontier=  1048576 next=   524288 consolidate=528.960ms frontier= 70.020ms semisort=217.867ms (keyed= 0.000ms group_by= 59.487ms per_group=47.908ms)
[pe] round=  4 work=   524288 frontier=   524288 next=   262144 consolidate=284.482ms frontier= 39.671ms semisort=114.679ms (keyed= 0.000ms group_by= 29.834ms per_group=24.907ms)
[pe] round=  5 work=   262144 frontier=   262144 next=   131072 consolidate=135.631ms frontier= 19.361ms semisort= 50.139ms (keyed= 0.000ms group_by= 14.599ms per_group=12.310ms)
[pe] round=  6 work=   131072 frontier=   131072 next=    65536 consolidate= 62.073ms frontier=  8.876ms semisort= 22.528ms (keyed= 0.000ms group_by=  7.095ms per_group= 5.780ms)
[pe] round=  7 work=    65536 frontier=    65536 next=    32768 consolidate= 29.440ms frontier=  3.751ms semisort= 11.321ms (keyed= 0.000ms group_by=  3.622ms per_group= 2.922ms)
[pe] round=  8 work=    32768 frontier=    32768 next=    16384 consolidate= 14.279ms frontier=  1.883ms semisort=  5.618ms (keyed= 0.000ms group_by=  1.720ms per_group= 1.457ms)
[pe] round=  9 work=    16384 frontier=    16384 next=     8192 consolidate=  7.017ms frontier=  1.007ms semisort=  2.772ms (keyed= 0.000ms group_by=  0.860ms per_group= 0.718ms)
[pe] round= 10 work=     8192 frontier=     8192 next=     4096 consolidate=  3.544ms frontier=  0.421ms semisort=  1.336ms (keyed= 0.000ms group_by=  0.440ms per_group= 0.331ms)
[pe] round= 11 work=     4096 frontier=     4096 next=     2048 consolidate=  1.800ms frontier=  0.167ms semisort=  0.683ms (keyed= 0.000ms group_by=  0.224ms per_group= 0.155ms)
[pe] round= 12 work=     2048 frontier=     2048 next=     1024 consolidate=  0.915ms frontier=  0.081ms semisort=  0.321ms (keyed= 0.000ms group_by=  0.110ms per_group= 0.076ms)
[pe] round= 13 work=     1024 frontier=     1024 next=      512 consolidate=  0.411ms frontier=  0.041ms semisort=  0.144ms (keyed= 0.000ms group_by=  0.054ms per_group= 0.038ms)
[pe] round= 14 work=      512 frontier=      512 next=      256 consolidate=  0.194ms frontier=  0.021ms semisort=  0.072ms (keyed= 0.000ms group_by=  0.026ms per_group= 0.019ms)
[pe] round= 15 work=      256 frontier=      256 next=      128 consolidate=  0.096ms frontier=  0.011ms semisort=  0.038ms (keyed= 0.000ms group_by=  0.014ms per_group= 0.010ms)
[pe] round= 16 work=      128 frontier=      128 next=       64 consolidate=  0.048ms frontier=  0.007ms semisort=  0.021ms (keyed= 0.000ms group_by=  0.008ms per_group= 0.006ms)
[pe] round= 17 work=       64 frontier=       64 next=       32 consolidate=  0.025ms frontier=  0.004ms semisort=  0.013ms (keyed= 0.000ms group_by=  0.005ms per_group= 0.003ms)
[pe] round= 18 work=       32 frontier=       32 next=       16 consolidate=  0.013ms frontier=  0.002ms semisort=  0.008ms (keyed= 0.000ms group_by=  0.003ms per_group= 0.002ms)
[pe] round= 19 work=       16 frontier=       16 next=        8 consolidate=  0.007ms frontier=  0.002ms semisort=  0.005ms (keyed= 0.000ms group_by=  0.002ms per_group= 0.001ms)
[pe] round= 20 work=        8 frontier=        8 next=        4 consolidate=  0.004ms frontier=  0.001ms semisort=  0.004ms (keyed= 0.000ms group_by=  0.002ms per_group= 0.001ms)
[pe] round= 21 work=        4 frontier=        4 next=        2 consolidate=  0.002ms frontier=  0.001ms semisort=  0.003ms (keyed= 0.000ms group_by=  0.002ms per_group= 0.001ms)
[pe] round= 22 work=        2 frontier=        0 next=        0 consolidate=  0.002ms frontier=  0.001ms semisort=  0.000ms (break)
[pe] round=  0 work=      250 frontier= 11718750 next=  3906250 consolidate=  6.287ms frontier= 10.535ms semisort=1533.373ms (keyed= 0.000ms group_by=521.089ms per_group=425.975ms)
[pe] round=  1 work=  3906250 frontier=  3906250 next=  1809098 consolidate=1890.830ms frontier=338.214ms semisort=899.040ms (keyed= 0.000ms group_by=276.602ms per_group=187.532ms)
[pe] round=  2 work=  1809098 frontier=  1809098 next=  1048576 consolidate=961.173ms frontier=156.361ms semisort=443.662ms (keyed= 0.000ms group_by=109.365ms per_group=130.159ms)
[pe] round=  3 work=  1048576 frontier=  1048576 next=   524288 consolidate=581.585ms frontier= 93.340ms semisort=215.502ms (keyed= 0.000ms group_by= 58.932ms per_group=47.290ms)
[pe] round=  4 work=   524288 frontier=   524288 next=   262144 consolidate=321.128ms frontier= 48.125ms semisort=118.620ms (keyed= 0.000ms group_by= 29.900ms per_group=28.671ms)
[pe] round=  5 work=   262144 frontier=   262144 next=   131072 consolidate=149.243ms frontier= 22.500ms semisort= 50.221ms (keyed= 0.000ms group_by= 14.822ms per_group=11.479ms)
[pe] round=  6 work=   131072 frontier=   131072 next=    65536 consolidate= 62.700ms frontier= 10.713ms semisort= 22.678ms (keyed= 0.000ms group_by=  7.340ms per_group= 5.794ms)
[pe] round=  7 work=    65536 frontier=    65536 next=    32768 consolidate= 30.339ms frontier=  4.817ms semisort= 11.097ms (keyed= 0.000ms group_by=  3.491ms per_group= 2.913ms)
[pe] round=  8 work=    32768 frontier=    32768 next=    16384 consolidate= 14.524ms frontier=  2.380ms semisort=  5.556ms (keyed= 0.000ms group_by=  1.710ms per_group= 1.464ms)
[pe] round=  9 work=    16384 frontier=    16384 next=     8192 consolidate=  7.155ms frontier=  1.111ms semisort=  2.757ms (keyed= 0.000ms group_by=  0.865ms per_group= 0.723ms)
[pe] round= 10 work=     8192 frontier=     8192 next=     4096 consolidate=  3.589ms frontier=  0.450ms semisort=  1.301ms (keyed= 0.000ms group_by=  0.430ms per_group= 0.334ms)
[pe] round= 11 work=     4096 frontier=     4096 next=     2048 consolidate=  1.837ms frontier=  0.187ms semisort=  0.661ms (keyed= 0.000ms group_by=  0.214ms per_group= 0.155ms)
[pe] round= 12 work=     2048 frontier=     2048 next=     1024 consolidate=  0.890ms frontier=  0.086ms semisort=  0.315ms (keyed= 0.000ms group_by=  0.106ms per_group= 0.076ms)
[pe] round= 13 work=     1024 frontier=     1024 next=      512 consolidate=  0.398ms frontier=  0.042ms semisort=  0.145ms (keyed= 0.000ms group_by=  0.053ms per_group= 0.038ms)
[pe] round= 14 work=      512 frontier=      512 next=      256 consolidate=  0.190ms frontier=  0.022ms semisort=  0.073ms (keyed= 0.000ms group_by=  0.027ms per_group= 0.019ms)
[pe] round= 15 work=      256 frontier=      256 next=      128 consolidate=  0.093ms frontier=  0.011ms semisort=  0.038ms (keyed= 0.000ms group_by=  0.015ms per_group= 0.010ms)
[pe] round= 16 work=      128 frontier=      128 next=       64 consolidate=  0.047ms frontier=  0.006ms semisort=  0.022ms (keyed= 0.000ms group_by=  0.008ms per_group= 0.005ms)
[pe] round= 17 work=       64 frontier=       64 next=       32 consolidate=  0.023ms frontier=  0.004ms semisort=  0.012ms (keyed= 0.000ms group_by=  0.005ms per_group= 0.003ms)
[pe] round= 18 work=       32 frontier=       32 next=       16 consolidate=  0.013ms frontier=  0.002ms semisort=  0.008ms (keyed= 0.000ms group_by=  0.003ms per_group= 0.002ms)
[pe] round= 19 work=       16 frontier=       16 next=        8 consolidate=  0.007ms frontier=  0.002ms semisort=  0.005ms (keyed= 0.000ms group_by=  0.002ms per_group= 0.001ms)
[pe] round= 20 work=        8 frontier=        8 next=        4 consolidate=  0.004ms frontier=  0.001ms semisort=  0.004ms (keyed= 0.000ms group_by=  0.002ms per_group= 0.001ms)
[pe] round= 21 work=        4 frontier=        4 next=        2 consolidate=  0.002ms frontier=  0.001ms semisort=  0.003ms (keyed= 0.000ms group_by=  0.002ms per_group= 0.000ms)
[pe] round= 22 work=        2 frontier=        0 next=        0 consolidate=  0.002ms frontier=  0.001ms semisort=  0.000ms (break)
[pe] round=  0 work=      250 frontier= 11718750 next=  3906250 consolidate=  6.277ms frontier= 10.440ms semisort=1534.919ms (keyed= 0.000ms group_by=522.409ms per_group=426.276ms)
[pe] round=  1 work=  3906250 frontier=  3906250 next=  1809098 consolidate=1901.589ms frontier=372.612ms semisort=906.793ms (keyed= 0.000ms group_by=277.075ms per_group=190.132ms)
[pe] round=  2 work=  1809098 frontier=  1809098 next=  1048576 consolidate=936.142ms frontier=140.019ms semisort=444.713ms (keyed= 0.000ms group_by=109.278ms per_group=130.639ms)
[pe] round=  3 work=  1048576 frontier=  1048576 next=   524288 consolidate=569.951ms frontier= 89.596ms semisort=215.660ms (keyed= 0.000ms group_by= 58.869ms per_group=47.069ms)
[pe] round=  4 work=   524288 frontier=   524288 next=   262144 consolidate=319.270ms frontier= 45.741ms semisort=113.234ms (keyed= 0.000ms group_by= 29.549ms per_group=23.243ms)
[pe] round=  5 work=   262144 frontier=   262144 next=   131072 consolidate=147.087ms frontier= 22.071ms semisort= 49.458ms (keyed= 0.000ms group_by= 14.471ms per_group=11.479ms)
[pe] round=  6 work=   131072 frontier=   131072 next=    65536 consolidate= 63.462ms frontier= 10.612ms semisort= 22.545ms (keyed= 0.000ms group_by=  7.113ms per_group= 5.799ms)
[pe] round=  7 work=    65536 frontier=    65536 next=    32768 consolidate= 30.119ms frontier=  4.890ms semisort= 11.334ms (keyed= 0.000ms group_by=  3.579ms per_group= 2.945ms)
[pe] round=  8 work=    32768 frontier=    32768 next=    16384 consolidate= 14.569ms frontier=  2.397ms semisort=  5.601ms (keyed= 0.000ms group_by=  1.707ms per_group= 1.469ms)
[pe] round=  9 work=    16384 frontier=    16384 next=     8192 consolidate=  7.174ms frontier=  1.125ms semisort=  2.778ms (keyed= 0.000ms group_by=  0.863ms per_group= 0.722ms)
[pe] round= 10 work=     8192 frontier=     8192 next=     4096 consolidate=  3.600ms frontier=  0.456ms semisort=  1.343ms (keyed= 0.000ms group_by=  0.433ms per_group= 0.335ms)
[pe] round= 11 work=     4096 frontier=     4096 next=     2048 consolidate=  1.840ms frontier=  0.187ms semisort=  0.666ms (keyed= 0.000ms group_by=  0.219ms per_group= 0.155ms)
[pe] round= 12 work=     2048 frontier=     2048 next=     1024 consolidate=  0.899ms frontier=  0.087ms semisort=  0.315ms (keyed= 0.000ms group_by=  0.108ms per_group= 0.076ms)
[pe] round= 13 work=     1024 frontier=     1024 next=      512 consolidate=  0.401ms frontier=  0.042ms semisort=  0.146ms (keyed= 0.000ms group_by=  0.054ms per_group= 0.038ms)
[pe] round= 14 work=      512 frontier=      512 next=      256 consolidate=  0.192ms frontier=  0.022ms semisort=  0.072ms (keyed= 0.000ms group_by=  0.026ms per_group= 0.020ms)
[pe] round= 15 work=      256 frontier=      256 next=      128 consolidate=  0.095ms frontier=  0.011ms semisort=  0.038ms (keyed= 0.000ms group_by=  0.014ms per_group= 0.010ms)
[pe] round= 16 work=      128 frontier=      128 next=       64 consolidate=  0.046ms frontier=  0.007ms semisort=  0.020ms (keyed= 0.000ms group_by=  0.008ms per_group= 0.006ms)
[pe] round= 17 work=       64 frontier=       64 next=       32 consolidate=  0.024ms frontier=  0.004ms semisort=  0.012ms (keyed= 0.000ms group_by=  0.005ms per_group= 0.003ms)
[pe] round= 18 work=       32 frontier=       32 next=       16 consolidate=  0.012ms frontier=  0.002ms semisort=  0.008ms (keyed= 0.000ms group_by=  0.003ms per_group= 0.002ms)
[pe] round= 19 work=       16 frontier=       16 next=        8 consolidate=  0.007ms frontier=  0.002ms semisort=  0.005ms (keyed= 0.000ms group_by=  0.003ms per_group= 0.001ms)
[pe] round= 20 work=        8 frontier=        8 next=        4 consolidate=  0.004ms frontier=  0.001ms semisort=  0.004ms (keyed= 0.000ms group_by=  0.002ms per_group= 0.001ms)
[pe] round= 21 work=        4 frontier=        4 next=        2 consolidate=  0.002ms frontier=  0.001ms semisort=  0.003ms (keyed= 0.000ms group_by=  0.002ms per_group= 0.000ms)
[pe] round= 22 work=        2 frontier=        0 next=        0 consolidate=  0.002ms frontier=  0.001ms semisort=  0.000ms (break)
[pe] round=  0 work=      250 frontier= 11718750 next=  3906250 consolidate=  6.281ms frontier= 10.505ms semisort=1531.695ms (keyed= 0.000ms group_by=520.621ms per_group=425.634ms)
[pe] round=  1 work=  3906250 frontier=  3906250 next=  1809098 consolidate=1950.574ms frontier=346.036ms semisort=933.649ms (keyed= 0.000ms group_by=277.644ms per_group=203.422ms)
[pe] round=  2 work=  1809098 frontier=  1809098 next=  1048576 consolidate=939.912ms frontier=161.328ms semisort=443.083ms (keyed= 0.000ms group_by=109.905ms per_group=128.514ms)
[pe] round=  3 work=  1048576 frontier=  1048576 next=   524288 consolidate=572.319ms frontier= 92.096ms semisort=217.644ms (keyed= 0.000ms group_by= 58.889ms per_group=48.585ms)
[pe] round=  4 work=   524288 frontier=   524288 next=   262144 consolidate=326.837ms frontier= 48.187ms semisort=111.752ms (keyed= 0.000ms group_by= 29.180ms per_group=22.963ms)
[pe] round=  5 work=   262144 frontier=   262144 next=   131072 consolidate=147.517ms frontier= 23.014ms semisort= 49.768ms (keyed= 0.000ms group_by= 14.578ms per_group=11.498ms)
[pe] round=  6 work=   131072 frontier=   131072 next=    65536 consolidate= 63.143ms frontier= 11.031ms semisort= 22.982ms (keyed= 0.000ms group_by=  7.497ms per_group= 5.805ms)
[pe] round=  7 work=    65536 frontier=    65536 next=    32768 consolidate= 30.321ms frontier=  5.093ms semisort= 11.183ms (keyed= 0.000ms group_by=  3.522ms per_group= 2.913ms)
[pe] round=  8 work=    32768 frontier=    32768 next=    16384 consolidate= 14.868ms frontier=  2.401ms semisort=  5.587ms (keyed= 0.000ms group_by=  1.709ms per_group= 1.462ms)
[pe] round=  9 work=    16384 frontier=    16384 next=     8192 consolidate=  7.237ms frontier=  1.161ms semisort=  2.757ms (keyed= 0.000ms group_by=  0.854ms per_group= 0.723ms)
[pe] round= 10 work=     8192 frontier=     8192 next=     4096 consolidate=  3.657ms frontier=  0.459ms semisort=  1.341ms (keyed= 0.000ms group_by=  0.435ms per_group= 0.336ms)
[pe] round= 11 work=     4096 frontier=     4096 next=     2048 consolidate=  1.862ms frontier=  0.184ms semisort=  0.684ms (keyed= 0.000ms group_by=  0.217ms per_group= 0.157ms)
[pe] round= 12 work=     2048 frontier=     2048 next=     1024 consolidate=  0.902ms frontier=  0.086ms semisort=  0.316ms (keyed= 0.000ms group_by=  0.106ms per_group= 0.076ms)
[pe] round= 13 work=     1024 frontier=     1024 next=      512 consolidate=  0.406ms frontier=  0.043ms semisort=  0.147ms (keyed= 0.000ms group_by=  0.055ms per_group= 0.038ms)
[pe] round= 14 work=      512 frontier=      512 next=      256 consolidate=  0.196ms frontier=  0.021ms semisort=  0.072ms (keyed= 0.000ms group_by=  0.026ms per_group= 0.019ms)
[pe] round= 15 work=      256 frontier=      256 next=      128 consolidate=  0.094ms frontier=  0.011ms semisort=  0.037ms (keyed= 0.000ms group_by=  0.014ms per_group= 0.010ms)
[pe] round= 16 work=      128 frontier=      128 next=       64 consolidate=  0.048ms frontier=  0.007ms semisort=  0.021ms (keyed= 0.000ms group_by=  0.008ms per_group= 0.006ms)
[pe] round= 17 work=       64 frontier=       64 next=       32 consolidate=  0.024ms frontier=  0.004ms semisort=  0.013ms (keyed= 0.000ms group_by=  0.005ms per_group= 0.003ms)
[pe] round= 18 work=       32 frontier=       32 next=       16 consolidate=  0.013ms frontier=  0.002ms semisort=  0.007ms (keyed= 0.000ms group_by=  0.003ms per_group= 0.002ms)
[pe] round= 19 work=       16 frontier=       16 next=        8 consolidate=  0.007ms frontier=  0.002ms semisort=  0.005ms (keyed= 0.000ms group_by=  0.002ms per_group= 0.001ms)
[pe] round= 20 work=        8 frontier=        8 next=        4 consolidate=  0.004ms frontier=  0.001ms semisort=  0.004ms (keyed= 0.000ms group_by=  0.002ms per_group= 0.001ms)
[pe] round= 21 work=        4 frontier=        4 next=        2 consolidate=  0.002ms frontier=  0.001ms semisort=  0.003ms (keyed= 0.000ms group_by=  0.002ms per_group= 0.001ms)
[pe] round= 22 work=        2 frontier=        0 next=        0 consolidate=  0.002ms frontier=  0.001ms semisort=  0.000ms (break)
[pe] round=  0 work=      250 frontier= 11718750 next=  3906250 consolidate=  6.269ms frontier= 10.465ms semisort=1538.950ms (keyed= 0.000ms group_by=527.408ms per_group=425.417ms)
[pe] round=  1 work=  3906250 frontier=  3906250 next=  1809098 consolidate=1916.309ms frontier=367.965ms semisort=916.651ms (keyed= 0.000ms group_by=276.895ms per_group=196.512ms)
[pe] round=  2 work=  1809098 frontier=  1809098 next=  1048576 consolidate=934.804ms frontier=158.347ms semisort=442.680ms (keyed= 0.000ms group_by=109.286ms per_group=127.983ms)
[pe] round=  3 work=  1048576 frontier=  1048576 next=   524288 consolidate=566.071ms frontier= 90.219ms semisort=219.361ms (keyed= 0.000ms group_by= 59.248ms per_group=50.200ms)
[pe] round=  4 work=   524288 frontier=   524288 next=   262144 consolidate=317.122ms frontier= 44.832ms semisort=114.495ms (keyed= 0.000ms group_by= 29.499ms per_group=24.540ms)
[pe] round=  5 work=   262144 frontier=   262144 next=   131072 consolidate=146.727ms frontier= 22.820ms semisort= 50.449ms (keyed= 0.000ms group_by= 15.025ms per_group=11.510ms)
[pe] round=  6 work=   131072 frontier=   131072 next=    65536 consolidate= 63.517ms frontier= 10.991ms semisort= 22.616ms (keyed= 0.000ms group_by=  7.166ms per_group= 5.803ms)
[pe] round=  7 work=    65536 frontier=    65536 next=    32768 consolidate= 30.628ms frontier=  4.423ms semisort= 11.211ms (keyed= 0.000ms group_by=  3.549ms per_group= 2.919ms)
[pe] round=  8 work=    32768 frontier=    32768 next=    16384 consolidate= 14.865ms frontier=  2.451ms semisort=  5.604ms (keyed= 0.000ms group_by=  1.736ms per_group= 1.463ms)
[pe] round=  9 work=    16384 frontier=    16384 next=     8192 consolidate=  7.252ms frontier=  1.118ms semisort=  2.779ms (keyed= 0.000ms group_by=  0.862ms per_group= 0.727ms)
[pe] round= 10 work=     8192 frontier=     8192 next=     4096 consolidate=  3.647ms frontier=  0.463ms semisort=  1.348ms (keyed= 0.000ms group_by=  0.432ms per_group= 0.349ms)
[pe] round= 11 work=     4096 frontier=     4096 next=     2048 consolidate=  1.836ms frontier=  0.185ms semisort=  0.680ms (keyed= 0.000ms group_by=  0.216ms per_group= 0.156ms)
[pe] round= 12 work=     2048 frontier=     2048 next=     1024 consolidate=  0.897ms frontier=  0.088ms semisort=  0.316ms (keyed= 0.000ms group_by=  0.108ms per_group= 0.077ms)
[pe] round= 13 work=     1024 frontier=     1024 next=      512 consolidate=  0.407ms frontier=  0.042ms semisort=  0.145ms (keyed= 0.000ms group_by=  0.054ms per_group= 0.038ms)
[pe] round= 14 work=      512 frontier=      512 next=      256 consolidate=  0.201ms frontier=  0.022ms semisort=  0.073ms (keyed= 0.000ms group_by=  0.026ms per_group= 0.020ms)
[pe] round= 15 work=      256 frontier=      256 next=      128 consolidate=  0.096ms frontier=  0.011ms semisort=  0.038ms (keyed= 0.000ms group_by=  0.014ms per_group= 0.010ms)
[pe] round= 16 work=      128 frontier=      128 next=       64 consolidate=  0.048ms frontier=  0.007ms semisort=  0.021ms (keyed= 0.000ms group_by=  0.008ms per_group= 0.005ms)
[pe] round= 17 work=       64 frontier=       64 next=       32 consolidate=  0.024ms frontier=  0.004ms semisort=  0.012ms (keyed= 0.000ms group_by=  0.005ms per_group= 0.003ms)
[pe] round= 18 work=       32 frontier=       32 next=       16 consolidate=  0.013ms frontier=  0.002ms semisort=  0.008ms (keyed= 0.000ms group_by=  0.003ms per_group= 0.002ms)
[pe] round= 19 work=       16 frontier=       16 next=        8 consolidate=  0.007ms frontier=  0.002ms semisort=  0.005ms (keyed= 0.000ms group_by=  0.002ms per_group= 0.001ms)
[pe] round= 20 work=        8 frontier=        8 next=        4 consolidate=  0.004ms frontier=  0.001ms semisort=  0.004ms (keyed= 0.000ms group_by=  0.002ms per_group= 0.001ms)
[pe] round= 21 work=        4 frontier=        4 next=        2 consolidate=  0.002ms frontier=  0.001ms semisort=  0.003ms (keyed= 0.000ms group_by=  0.002ms per_group= 0.000ms)
[pe] round= 22 work=        2 frontier=        0 next=        0 consolidate=  0.002ms frontier=  0.001ms semisort=  0.000ms (break)
[pe] round=  0 work=      250 frontier= 11718750 next=  3906250 consolidate=  6.258ms frontier= 10.560ms semisort=1532.349ms (keyed= 0.000ms group_by=522.897ms per_group=425.444ms)
[pe] round=  1 work=  3906250 frontier=  3906250 next=  1809098 consolidate=1936.695ms frontier=378.160ms semisort=913.244ms (keyed= 0.000ms group_by=279.503ms per_group=194.030ms)
[pe] round=  2 work=  1809098 frontier=  1809098 next=  1048576 consolidate=951.402ms frontier=159.776ms semisort=441.090ms (keyed= 0.000ms group_by=109.458ms per_group=126.042ms)
[pe] round=  3 work=  1048576 frontier=  1048576 next=   524288 consolidate=575.251ms frontier= 93.548ms semisort=221.594ms (keyed= 0.000ms group_by= 59.126ms per_group=47.052ms)
[pe] round=  4 work=   524288 frontier=   524288 next=   262144 consolidate=322.301ms frontier= 48.706ms semisort=112.433ms (keyed= 0.000ms group_by= 29.276ms per_group=22.972ms)
[pe] round=  5 work=   262144 frontier=   262144 next=   131072 consolidate=148.795ms frontier= 23.471ms semisort= 49.805ms (keyed= 0.000ms group_by= 14.384ms per_group=11.495ms)
[pe] round=  6 work=   131072 frontier=   131072 next=    65536 consolidate= 63.335ms frontier= 10.661ms semisort= 22.521ms (keyed= 0.000ms group_by=  7.163ms per_group= 5.793ms)
[pe] round=  7 work=    65536 frontier=    65536 next=    32768 consolidate= 30.477ms frontier=  5.005ms semisort= 11.279ms (keyed= 0.000ms group_by=  3.634ms per_group= 2.914ms)
[pe] round=  8 work=    32768 frontier=    32768 next=    16384 consolidate= 14.805ms frontier=  2.443ms semisort=  5.582ms (keyed= 0.000ms group_by=  1.714ms per_group= 1.465ms)
[pe] round=  9 work=    16384 frontier=    16384 next=     8192 consolidate=  7.257ms frontier=  1.135ms semisort=  2.777ms (keyed= 0.000ms group_by=  0.852ms per_group= 0.729ms)
[pe] round= 10 work=     8192 frontier=     8192 next=     4096 consolidate=  3.658ms frontier=  0.450ms semisort=  1.321ms (keyed= 0.000ms group_by=  0.423ms per_group= 0.342ms)
[pe] round= 11 work=     4096 frontier=     4096 next=     2048 consolidate=  1.824ms frontier=  0.180ms semisort=  0.677ms (keyed= 0.000ms group_by=  0.218ms per_group= 0.155ms)
[pe] round= 12 work=     2048 frontier=     2048 next=     1024 consolidate=  0.903ms frontier=  0.086ms semisort=  0.309ms (keyed= 0.000ms group_by=  0.105ms per_group= 0.076ms)
[pe] round= 13 work=     1024 frontier=     1024 next=      512 consolidate=  0.405ms frontier=  0.042ms semisort=  0.145ms (keyed= 0.000ms group_by=  0.052ms per_group= 0.038ms)
[pe] round= 14 work=      512 frontier=      512 next=      256 consolidate=  0.193ms frontier=  0.021ms semisort=  0.072ms (keyed= 0.000ms group_by=  0.026ms per_group= 0.020ms)
[pe] round= 15 work=      256 frontier=      256 next=      128 consolidate=  0.095ms frontier=  0.014ms semisort=  0.037ms (keyed= 0.000ms group_by=  0.013ms per_group= 0.010ms)
[pe] round= 16 work=      128 frontier=      128 next=       64 consolidate=  0.047ms frontier=  0.007ms semisort=  0.021ms (keyed= 0.000ms group_by=  0.008ms per_group= 0.005ms)
[pe] round= 17 work=       64 frontier=       64 next=       32 consolidate=  0.024ms frontier=  0.004ms semisort=  0.012ms (keyed= 0.000ms group_by=  0.005ms per_group= 0.003ms)
[pe] round= 18 work=       32 frontier=       32 next=       16 consolidate=  0.012ms frontier=  0.002ms semisort=  0.007ms (keyed= 0.000ms group_by=  0.003ms per_group= 0.002ms)
[pe] round= 19 work=       16 frontier=       16 next=        8 consolidate=  0.007ms frontier=  0.002ms semisort=  0.005ms (keyed= 0.000ms group_by=  0.002ms per_group= 0.001ms)
[pe] round= 20 work=        8 frontier=        8 next=        4 consolidate=  0.004ms frontier=  0.001ms semisort=  0.004ms (keyed= 0.000ms group_by=  0.002ms per_group= 0.001ms)
[pe] round= 21 work=        4 frontier=        4 next=        2 consolidate=  0.002ms frontier=  0.001ms semisort=  0.003ms (keyed= 0.000ms group_by=  0.002ms per_group= 0.000ms)
[pe] round= 22 work=        2 frontier=        0 next=        0 consolidate=  0.002ms frontier=  0.001ms semisort=  0.000ms (break)
