[synthetic_bench] cube n=140 d=2 classes=10976278 merges=140 ...
[pe] round=  0 work=      280 frontier= 16464000 next=  5488000 consolidate=  3.043ms frontier=  4.332ms semisort=181.895ms (keyed= 0.000ms group_by= 66.212ms per_group=55.267ms)
[pe] round=  1 work=  5488000 frontier=  5488000 next=  2097152 consolidate=177.788ms frontier= 26.280ms semisort=114.133ms (keyed= 0.000ms group_by= 34.923ms per_group=23.986ms)
[pe] round=  2 work=  2097152 frontier=  2097152 next=  1293696 consolidate= 83.722ms frontier= 16.725ms semisort= 56.392ms (keyed= 0.000ms group_by= 16.010ms per_group=13.996ms)
[pe] round=  3 work=  1293696 frontier=  1293696 next=  1048576 consolidate= 49.516ms frontier= 10.361ms semisort= 33.113ms (keyed= 0.000ms group_by=  6.594ms per_group=11.228ms)
[pe] round=  4 work=  1048576 frontier=  1048576 next=   524288 consolidate= 41.120ms frontier=  7.747ms semisort= 21.527ms (keyed= 0.000ms group_by=  4.650ms per_group= 6.123ms)
[pe] round=  5 work=   524288 frontier=   524288 next=   262144 consolidate= 19.699ms frontier=  4.694ms semisort= 11.238ms (keyed= 0.000ms group_by=  2.660ms per_group= 3.395ms)
[pe] round=  6 work=   262144 frontier=   262144 next=   131072 consolidate= 10.845ms frontier=  2.190ms semisort=  5.117ms (keyed= 0.000ms group_by=  1.359ms per_group= 1.310ms)
[pe] round=  7 work=   131072 frontier=   131072 next=    65536 consolidate=  5.404ms frontier=  1.385ms semisort=  2.674ms (keyed= 0.000ms group_by=  0.738ms per_group= 0.649ms)
[pe] round=  8 work=    65536 frontier=    65536 next=    32768 consolidate=  2.695ms frontier=  0.755ms semisort=  2.975ms (keyed= 0.000ms group_by=  1.947ms per_group= 0.439ms)
[pe] round=  9 work=    32768 frontier=    32768 next=    16384 consolidate=  1.508ms frontier=  0.497ms semisort=  1.515ms (keyed= 0.000ms group_by=  0.913ms per_group= 0.273ms)
[pe] round= 10 work=    16384 frontier=    16384 next=     8192 consolidate=  1.393ms frontier=  0.364ms semisort=  0.825ms (keyed= 0.000ms group_by=  0.465ms per_group= 0.143ms)
[pe] round= 11 work=     8192 frontier=     8192 next=     4096 consolidate=  0.708ms frontier=  0.348ms semisort=  0.548ms (keyed= 0.000ms group_by=  0.246ms per_group= 0.086ms)
[pe] round= 12 work=     4096 frontier=     4096 next=     2048 consolidate=  0.353ms frontier=  0.128ms semisort=  0.338ms (keyed= 0.000ms group_by=  0.157ms per_group= 0.048ms)
[pe] round= 13 work=     2048 frontier=     2048 next=     1024 consolidate=  0.220ms frontier=  0.110ms semisort=  0.180ms (keyed= 0.000ms group_by=  0.081ms per_group= 0.032ms)
[pe] round= 14 work=     1024 frontier=     1024 next=      512 consolidate=  0.148ms frontier=  0.084ms semisort=  0.113ms (keyed= 0.000ms group_by=  0.048ms per_group= 0.029ms)
[pe] round= 15 work=      512 frontier=      512 next=      256 consolidate=  0.073ms frontier=  0.051ms semisort=  0.092ms (keyed= 0.000ms group_by=  0.030ms per_group= 0.033ms)
[pe] round= 16 work=      256 frontier=      256 next=      128 consolidate=  0.077ms frontier=  0.017ms semisort=  0.041ms (keyed= 0.000ms group_by=  0.016ms per_group= 0.012ms)
[pe] round= 17 work=      128 frontier=      128 next=       64 consolidate=  0.021ms frontier=  0.012ms semisort=  0.024ms (keyed= 0.000ms group_by=  0.008ms per_group= 0.008ms)
[pe] round= 18 work=       64 frontier=       64 next=       32 consolidate=  0.036ms frontier=  0.005ms semisort=  0.012ms (keyed= 0.000ms group_by=  0.005ms per_group= 0.003ms)
[pe] round= 19 work=       32 frontier=       32 next=       16 consolidate=  0.012ms frontier=  0.002ms semisort=  0.008ms (keyed= 0.000ms group_by=  0.003ms per_group= 0.002ms)
[pe] round= 20 work=       16 frontier=       16 next=        8 consolidate=  0.006ms frontier=  0.002ms semisort=  0.005ms (keyed= 0.000ms group_by=  0.002ms per_group= 0.001ms)
[pe] round= 21 work=        8 frontier=        8 next=        4 consolidate=  0.003ms frontier=  0.001ms semisort=  0.004ms (keyed= 0.000ms group_by=  0.002ms per_group= 0.001ms)
[pe] round= 22 work=        4 frontier=        4 next=        2 consolidate=  0.002ms frontier=  0.001ms semisort=  0.003ms (keyed= 0.000ms group_by=  0.002ms per_group= 0.001ms)
[pe] round= 23 work=        2 frontier=        0 next=        0 consolidate=  0.001ms frontier=  0.001ms semisort=  0.000ms (break)
[pe] round=  0 work=      280 frontier= 16464000 next=  5488000 consolidate=  1.106ms frontier=  4.001ms semisort=179.210ms (keyed= 0.000ms group_by= 62.301ms per_group=56.230ms)
[pe] round=  1 work=  5488000 frontier=  5488000 next=  2097152 consolidate=225.297ms frontier= 35.663ms semisort=129.288ms (keyed= 0.000ms group_by= 33.779ms per_group=23.504ms)
[pe] round=  2 work=  2097152 frontier=  2097152 next=  1293696 consolidate= 84.346ms frontier= 15.342ms semisort= 56.305ms (keyed= 0.000ms group_by= 15.891ms per_group=14.665ms)
[pe] round=  3 work=  1293696 frontier=  1293696 next=  1048576 consolidate= 50.375ms frontier= 10.401ms semisort= 34.457ms (keyed= 0.000ms group_by=  8.857ms per_group=11.237ms)
[pe] round=  4 work=  1048576 frontier=  1048576 next=   524288 consolidate= 42.219ms frontier= 11.544ms semisort= 21.774ms (keyed= 0.000ms group_by=  4.824ms per_group= 6.136ms)
[pe] round=  5 work=   524288 frontier=   524288 next=   262144 consolidate= 21.080ms frontier=  5.051ms semisort= 11.399ms (keyed= 0.000ms group_by=  2.648ms per_group= 3.903ms)
[pe] round=  6 work=   262144 frontier=   262144 next=   131072 consolidate= 11.271ms frontier=  2.468ms semisort=  5.234ms (keyed= 0.000ms group_by=  1.564ms per_group= 1.317ms)
[pe] round=  7 work=   131072 frontier=   131072 next=    65536 consolidate=  9.710ms frontier=  1.460ms semisort=  3.152ms (keyed= 0.000ms group_by=  0.770ms per_group= 0.648ms)
[pe] round=  8 work=    65536 frontier=    65536 next=    32768 consolidate=  2.935ms frontier=  0.863ms semisort=  3.183ms (keyed= 0.000ms group_by=  2.122ms per_group= 0.446ms)
[pe] round=  9 work=    32768 frontier=    32768 next=    16384 consolidate=  1.653ms frontier=  0.518ms semisort=  1.613ms (keyed= 0.000ms group_by=  0.940ms per_group= 0.285ms)
[pe] round= 10 work=    16384 frontier=    16384 next=     8192 consolidate=  1.715ms frontier=  0.369ms semisort=  0.902ms (keyed= 0.000ms group_by=  0.511ms per_group= 0.152ms)
[pe] round= 11 work=     8192 frontier=     8192 next=     4096 consolidate=  0.938ms frontier=  0.282ms semisort=  0.559ms (keyed= 0.000ms group_by=  0.280ms per_group= 0.087ms)
[pe] round= 12 work=     4096 frontier=     4096 next=     2048 consolidate=  0.449ms frontier=  0.146ms semisort=  0.316ms (keyed= 0.000ms group_by=  0.164ms per_group= 0.051ms)
[pe] round= 13 work=     2048 frontier=     2048 next=     1024 consolidate=  0.208ms frontier=  0.189ms semisort=  0.207ms (keyed= 0.000ms group_by=  0.085ms per_group= 0.034ms)
[pe] round= 14 work=     1024 frontier=     1024 next=      512 consolidate=  0.119ms frontier=  0.091ms semisort=  0.117ms (keyed= 0.000ms group_by=  0.047ms per_group= 0.026ms)
[pe] round= 15 work=      512 frontier=      512 next=      256 consolidate=  0.078ms frontier=  0.046ms semisort=  0.101ms (keyed= 0.000ms group_by=  0.032ms per_group= 0.036ms)
[pe] round= 16 work=      256 frontier=      256 next=      128 consolidate=  0.078ms frontier=  0.020ms semisort=  0.045ms (keyed= 0.000ms group_by=  0.016ms per_group= 0.013ms)
[pe] round= 17 work=      128 frontier=      128 next=       64 consolidate=  0.024ms frontier=  0.016ms semisort=  0.037ms (keyed= 0.000ms group_by=  0.009ms per_group= 0.017ms)
[pe] round= 18 work=       64 frontier=       64 next=       32 consolidate=  0.022ms frontier=  0.007ms semisort=  0.018ms (keyed= 0.000ms group_by=  0.005ms per_group= 0.005ms)
[pe] round= 19 work=       32 frontier=       32 next=       16 consolidate=  0.015ms frontier=  0.004ms semisort=  0.008ms (keyed= 0.000ms group_by=  0.004ms per_group= 0.002ms)
[pe] round= 20 work=       16 frontier=       16 next=        8 consolidate=  0.008ms frontier=  0.003ms semisort=  0.006ms (keyed= 0.000ms group_by=  0.003ms per_group= 0.001ms)
[pe] round= 21 work=        8 frontier=        8 next=        4 consolidate=  0.004ms frontier=  0.001ms semisort=  0.004ms (keyed= 0.000ms group_by=  0.002ms per_group= 0.001ms)
[pe] round= 22 work=        4 frontier=        4 next=        2 consolidate=  0.002ms frontier=  0.001ms semisort=  0.003ms (keyed= 0.000ms group_by=  0.002ms per_group= 0.001ms)
[pe] round= 23 work=        2 frontier=        0 next=        0 consolidate=  0.002ms frontier=  0.001ms semisort=  0.000ms (break)
[pe] round=  0 work=      280 frontier= 16464000 next=  5488000 consolidate=  6.733ms frontier=  3.277ms semisort=182.843ms (keyed= 0.000ms group_by= 62.511ms per_group=60.860ms)
[pe] round=  1 work=  5488000 frontier=  5488000 next=  2097152 consolidate=220.056ms frontier= 35.448ms semisort=133.386ms (keyed= 0.000ms group_by= 48.004ms per_group=27.233ms)
[pe] round=  2 work=  2097152 frontier=  2097152 next=  1293696 consolidate= 91.011ms frontier= 19.002ms semisort= 58.929ms (keyed= 0.000ms group_by= 16.826ms per_group=16.108ms)
[pe] round=  3 work=  1293696 frontier=  1293696 next=  1048576 consolidate= 53.093ms frontier= 10.257ms semisort= 34.479ms (keyed= 0.000ms group_by=  7.913ms per_group=11.737ms)
[pe] round=  4 work=  1048576 frontier=  1048576 next=   524288 consolidate= 39.439ms frontier=  8.402ms semisort= 24.355ms (keyed= 0.000ms group_by=  4.694ms per_group= 6.773ms)
[pe] round=  5 work=   524288 frontier=   524288 next=   262144 consolidate= 20.877ms frontier=  4.320ms semisort= 11.785ms (keyed= 0.000ms group_by=  2.562ms per_group= 4.308ms)
[pe] round=  6 work=   262144 frontier=   262144 next=   131072 consolidate= 10.425ms frontier=  2.403ms semisort=  5.079ms (keyed= 0.000ms group_by=  1.425ms per_group= 1.281ms)
[pe] round=  7 work=   131072 frontier=   131072 next=    65536 consolidate=  5.362ms frontier=  1.440ms semisort=  2.710ms (keyed= 0.000ms group_by=  0.820ms per_group= 0.654ms)
[pe] round=  8 work=    65536 frontier=    65536 next=    32768 consolidate=  2.904ms frontier=  0.772ms semisort=  3.395ms (keyed= 0.000ms group_by=  2.294ms per_group= 0.485ms)
[pe] round=  9 work=    32768 frontier=    32768 next=    16384 consolidate=  1.667ms frontier=  0.442ms semisort=  1.716ms (keyed= 0.000ms group_by=  1.030ms per_group= 0.303ms)
[pe] round= 10 work=    16384 frontier=    16384 next=     8192 consolidate=  1.735ms frontier=  0.311ms semisort=  0.906ms (keyed= 0.000ms group_by=  0.477ms per_group= 0.167ms)
[pe] round= 11 work=     8192 frontier=     8192 next=     4096 consolidate=  1.033ms frontier=  0.270ms semisort=  0.562ms (keyed= 0.000ms group_by=  0.248ms per_group= 0.098ms)
[pe] round= 12 work=     4096 frontier=     4096 next=     2048 consolidate=  0.499ms frontier=  0.170ms semisort=  0.342ms (keyed= 0.000ms group_by=  0.162ms per_group= 0.053ms)
[pe] round= 13 work=     2048 frontier=     2048 next=     1024 consolidate=  0.209ms frontier=  0.176ms semisort=  0.189ms (keyed= 0.000ms group_by=  0.085ms per_group= 0.040ms)
[pe] round= 14 work=     1024 frontier=     1024 next=      512 consolidate=  0.153ms frontier=  0.090ms semisort=  0.150ms (keyed= 0.000ms group_by=  0.057ms per_group= 0.037ms)
[pe] round= 15 work=      512 frontier=      512 next=      256 consolidate=  0.080ms frontier=  0.057ms semisort=  0.102ms (keyed= 0.000ms group_by=  0.034ms per_group= 0.042ms)
[pe] round= 16 work=      256 frontier=      256 next=      128 consolidate=  0.071ms frontier=  0.025ms semisort=  0.053ms (keyed= 0.000ms group_by=  0.019ms per_group= 0.016ms)
[pe] round= 17 work=      128 frontier=      128 next=       64 consolidate=  0.056ms frontier=  0.013ms semisort=  0.026ms (keyed= 0.000ms group_by=  0.008ms per_group= 0.008ms)
[pe] round= 18 work=       64 frontier=       64 next=       32 consolidate=  0.031ms frontier=  0.005ms semisort=  0.013ms (keyed= 0.000ms group_by=  0.005ms per_group= 0.004ms)
[pe] round= 19 work=       32 frontier=       32 next=       16 consolidate=  0.015ms frontier=  0.002ms semisort=  0.008ms (keyed= 0.000ms group_by=  0.003ms per_group= 0.002ms)
[pe] round= 20 work=       16 frontier=       16 next=        8 consolidate=  0.008ms frontier=  0.002ms semisort=  0.006ms (keyed= 0.000ms group_by=  0.002ms per_group= 0.001ms)
[pe] round= 21 work=        8 frontier=        8 next=        4 consolidate=  0.004ms frontier=  0.001ms semisort=  0.004ms (keyed= 0.000ms group_by=  0.002ms per_group= 0.001ms)
[pe] round= 22 work=        4 frontier=        4 next=        2 consolidate=  0.003ms frontier=  0.001ms semisort=  0.003ms (keyed= 0.000ms group_by=  0.002ms per_group= 0.001ms)
[pe] round= 23 work=        2 frontier=        0 next=        0 consolidate=  0.001ms frontier=  0.001ms semisort=  0.000ms (break)
[pe] round=  0 work=      280 frontier= 16464000 next=  5488000 consolidate=  0.900ms frontier=  1.495ms semisort=192.109ms (keyed= 0.000ms group_by= 65.868ms per_group=64.139ms)
[pe] round=  1 work=  5488000 frontier=  5488000 next=  2097152 consolidate=224.209ms frontier= 37.359ms semisort=122.464ms (keyed= 0.000ms group_by= 34.518ms per_group=24.958ms)
[pe] round=  2 work=  2097152 frontier=  2097152 next=  1293696 consolidate= 84.036ms frontier= 15.317ms semisort= 56.350ms (keyed= 0.000ms group_by= 15.848ms per_group=14.910ms)
[pe] round=  3 work=  1293696 frontier=  1293696 next=  1048576 consolidate= 50.678ms frontier= 10.452ms semisort= 32.744ms (keyed= 0.000ms group_by=  6.611ms per_group=12.009ms)
[pe] round=  4 work=  1048576 frontier=  1048576 next=   524288 consolidate= 39.169ms frontier=  8.088ms semisort= 21.297ms (keyed= 0.000ms group_by=  4.972ms per_group= 6.649ms)
[pe] round=  5 work=   524288 frontier=   524288 next=   262144 consolidate= 20.702ms frontier=  3.867ms semisort= 10.422ms (keyed= 0.000ms group_by=  2.414ms per_group= 3.504ms)
[pe] round=  6 work=   262144 frontier=   262144 next=   131072 consolidate= 10.444ms frontier=  2.392ms semisort=  4.953ms (keyed= 0.000ms group_by=  1.337ms per_group= 1.318ms)
[pe] round=  7 work=   131072 frontier=   131072 next=    65536 consolidate=  5.558ms frontier=  1.443ms semisort=  2.627ms (keyed= 0.000ms group_by=  0.829ms per_group= 0.649ms)
[pe] round=  8 work=    65536 frontier=    65536 next=    32768 consolidate=  2.931ms frontier=  0.863ms semisort=  3.139ms (keyed= 0.000ms group_by=  1.986ms per_group= 0.467ms)
[pe] round=  9 work=    32768 frontier=    32768 next=    16384 consolidate=  1.535ms frontier=  0.436ms semisort=  1.601ms (keyed= 0.000ms group_by=  0.954ms per_group= 0.289ms)
[pe] round= 10 work=    16384 frontier=    16384 next=     8192 consolidate=  1.492ms frontier=  0.315ms semisort=  0.912ms (keyed= 0.000ms group_by=  0.505ms per_group= 0.163ms)
[pe] round= 11 work=     8192 frontier=     8192 next=     4096 consolidate=  0.936ms frontier=  0.345ms semisort=  0.562ms (keyed= 0.000ms group_by=  0.260ms per_group= 0.089ms)
[pe] round= 12 work=     4096 frontier=     4096 next=     2048 consolidate=  0.362ms frontier=  0.153ms semisort=  0.339ms (keyed= 0.000ms group_by=  0.161ms per_group= 0.055ms)
[pe] round= 13 work=     2048 frontier=     2048 next=     1024 consolidate=  0.219ms frontier=  0.172ms semisort=  0.192ms (keyed= 0.000ms group_by=  0.085ms per_group= 0.037ms)
[pe] round= 14 work=     1024 frontier=     1024 next=      512 consolidate=  0.141ms frontier=  0.090ms semisort=  0.112ms (keyed= 0.000ms group_by=  0.051ms per_group= 0.021ms)
[pe] round= 15 work=      512 frontier=      512 next=      256 consolidate=  0.073ms frontier=  0.053ms semisort=  0.100ms (keyed= 0.000ms group_by=  0.032ms per_group= 0.041ms)
[pe] round= 16 work=      256 frontier=      256 next=      128 consolidate=  0.069ms frontier=  0.019ms semisort=  0.047ms (keyed= 0.000ms group_by=  0.017ms per_group= 0.015ms)
[pe] round= 17 work=      128 frontier=      128 next=       64 consolidate=  0.031ms frontier=  0.013ms semisort=  0.025ms (keyed= 0.000ms group_by=  0.008ms per_group= 0.009ms)
[pe] round= 18 work=       64 frontier=       64 next=       32 consolidate=  0.019ms frontier=  0.007ms semisort=  0.014ms (keyed= 0.000ms group_by=  0.006ms per_group= 0.004ms)
[pe] round= 19 work=       32 frontier=       32 next=       16 consolidate=  0.014ms frontier=  0.004ms semisort=  0.008ms (keyed= 0.000ms group_by=  0.004ms per_group= 0.002ms)
[pe] round= 20 work=       16 frontier=       16 next=        8 consolidate=  0.008ms frontier=  0.002ms semisort=  0.006ms (keyed= 0.000ms group_by=  0.003ms per_group= 0.001ms)
[pe] round= 21 work=        8 frontier=        8 next=        4 consolidate=  0.004ms frontier=  0.001ms semisort=  0.004ms (keyed= 0.000ms group_by=  0.002ms per_group= 0.001ms)
[pe] round= 22 work=        4 frontier=        4 next=        2 consolidate=  0.002ms frontier=  0.001ms semisort=  0.003ms (keyed= 0.000ms group_by=  0.002ms per_group= 0.001ms)
[pe] round= 23 work=        2 frontier=        0 next=        0 consolidate=  0.001ms frontier=  0.001ms semisort=  0.000ms (break)
[pe] round=  0 work=      280 frontier= 16464000 next=  5488000 consolidate=  0.864ms frontier=  1.523ms semisort=171.088ms (keyed= 0.000ms group_by= 56.998ms per_group=54.696ms)
[pe] round=  1 work=  5488000 frontier=  5488000 next=  2097152 consolidate=216.995ms frontier= 36.167ms semisort=112.747ms (keyed= 0.000ms group_by= 34.383ms per_group=23.641ms)
[pe] round=  2 work=  2097152 frontier=  2097152 next=  1293696 consolidate= 84.139ms frontier= 16.109ms semisort= 55.344ms (keyed= 0.000ms group_by= 16.084ms per_group=14.344ms)
[pe] round=  3 work=  1293696 frontier=  1293696 next=  1048576 consolidate= 49.678ms frontier=  9.828ms semisort= 31.633ms (keyed= 0.000ms group_by=  6.601ms per_group=10.840ms)
[pe] round=  4 work=  1048576 frontier=  1048576 next=   524288 consolidate= 39.417ms frontier=  8.598ms semisort= 21.483ms (keyed= 0.000ms group_by=  5.275ms per_group= 6.304ms)
[pe] round=  5 work=   524288 frontier=   524288 next=   262144 consolidate= 20.911ms frontier=  4.134ms semisort= 10.959ms (keyed= 0.000ms group_by=  2.702ms per_group= 3.298ms)
[pe] round=  6 work=   262144 frontier=   262144 next=   131072 consolidate= 11.228ms frontier=  2.386ms semisort=  5.347ms (keyed= 0.000ms group_by=  1.599ms per_group= 1.311ms)
[pe] round=  7 work=   131072 frontier=   131072 next=    65536 consolidate=  5.383ms frontier=  1.490ms semisort=  2.803ms (keyed= 0.000ms group_by=  0.916ms per_group= 0.642ms)
[pe] round=  8 work=    65536 frontier=    65536 next=    32768 consolidate=  2.872ms frontier=  0.786ms semisort=  3.220ms (keyed= 0.000ms group_by=  2.134ms per_group= 0.488ms)
[pe] round=  9 work=    32768 frontier=    32768 next=    16384 consolidate=  1.583ms frontier=  0.444ms semisort=  1.616ms (keyed= 0.000ms group_by=  0.955ms per_group= 0.285ms)
[pe] round= 10 work=    16384 frontier=    16384 next=     8192 consolidate=  1.763ms frontier=  0.365ms semisort=  0.885ms (keyed= 0.000ms group_by=  0.484ms per_group= 0.152ms)
[pe] round= 11 work=     8192 frontier=     8192 next=     4096 consolidate=  0.944ms frontier=  0.274ms semisort=  0.625ms (keyed= 0.000ms group_by=  0.276ms per_group= 0.126ms)
[pe] round= 12 work=     4096 frontier=     4096 next=     2048 consolidate=  0.413ms frontier=  0.156ms semisort=  0.342ms (keyed= 0.000ms group_by=  0.162ms per_group= 0.050ms)
[pe] round= 13 work=     2048 frontier=     2048 next=     1024 consolidate=  0.239ms frontier=  0.106ms semisort=  0.205ms (keyed= 0.000ms group_by=  0.084ms per_group= 0.032ms)
[pe] round= 14 work=     1024 frontier=     1024 next=      512 consolidate=  0.166ms frontier=  0.091ms semisort=  0.116ms (keyed= 0.000ms group_by=  0.046ms per_group= 0.028ms)
[pe] round= 15 work=      512 frontier=      512 next=      256 consolidate=  0.080ms frontier=  0.048ms semisort=  0.100ms (keyed= 0.000ms group_by=  0.029ms per_group= 0.039ms)
[pe] round= 16 work=      256 frontier=      256 next=      128 consolidate=  0.076ms frontier=  0.021ms semisort=  0.044ms (keyed= 0.000ms group_by=  0.016ms per_group= 0.013ms)
[pe] round= 17 work=      128 frontier=      128 next=       64 consolidate=  0.026ms frontier=  0.015ms semisort=  0.031ms (keyed= 0.000ms group_by=  0.008ms per_group= 0.012ms)
[pe] round= 18 work=       64 frontier=       64 next=       32 consolidate=  0.026ms frontier=  0.006ms semisort=  0.013ms (keyed= 0.000ms group_by=  0.005ms per_group= 0.004ms)
[pe] round= 19 work=       32 frontier=       32 next=       16 consolidate=  0.013ms frontier=  0.004ms semisort=  0.008ms (keyed= 0.000ms group_by=  0.003ms per_group= 0.002ms)
[pe] round= 20 work=       16 frontier=       16 next=        8 consolidate=  0.008ms frontier=  0.002ms semisort=  0.006ms (keyed= 0.000ms group_by=  0.002ms per_group= 0.001ms)
[pe] round= 21 work=        8 frontier=        8 next=        4 consolidate=  0.004ms frontier=  0.001ms semisort=  0.004ms (keyed= 0.000ms group_by=  0.002ms per_group= 0.001ms)
[pe] round= 22 work=        4 frontier=        4 next=        2 consolidate=  0.002ms frontier=  0.001ms semisort=  0.003ms (keyed= 0.000ms group_by=  0.002ms per_group= 0.001ms)
[pe] round= 23 work=        2 frontier=        0 next=        0 consolidate=  0.001ms frontier=  0.001ms semisort=  0.000ms (break)
[pe] round=  0 work=      280 frontier= 16464000 next=  5488000 consolidate=  2.050ms frontier=  6.251ms semisort=188.507ms (keyed= 0.000ms group_by= 70.229ms per_group=58.155ms)
[pe] round=  1 work=  5488000 frontier=  5488000 next=  2097152 consolidate=233.557ms frontier= 36.358ms semisort=128.505ms (keyed= 0.000ms group_by= 34.631ms per_group=25.573ms)
[pe] round=  2 work=  2097152 frontier=  2097152 next=  1293696 consolidate= 84.050ms frontier= 15.563ms semisort= 65.591ms (keyed= 0.000ms group_by= 16.964ms per_group=15.176ms)
[pe] round=  3 work=  1293696 frontier=  1293696 next=  1048576 consolidate= 53.642ms frontier= 10.366ms semisort= 34.549ms (keyed= 0.000ms group_by=  6.603ms per_group=11.284ms)
[pe] round=  4 work=  1048576 frontier=  1048576 next=   524288 consolidate= 43.194ms frontier=  8.934ms semisort= 21.555ms (keyed= 0.000ms group_by=  5.166ms per_group= 6.746ms)
[pe] round=  5 work=   524288 frontier=   524288 next=   262144 consolidate= 20.373ms frontier=  4.890ms semisort= 12.951ms (keyed= 0.000ms group_by=  3.849ms per_group= 4.120ms)
[pe] round=  6 work=   262144 frontier=   262144 next=   131072 consolidate= 10.988ms frontier=  2.309ms semisort=  5.421ms (keyed= 0.000ms group_by=  1.598ms per_group= 1.280ms)
[pe] round=  7 work=   131072 frontier=   131072 next=    65536 consolidate= 13.907ms frontier=  1.511ms semisort=  3.730ms (keyed= 0.000ms group_by=  1.024ms per_group= 0.678ms)
[pe] round=  8 work=    65536 frontier=    65536 next=    32768 consolidate=  3.061ms frontier=  0.856ms semisort=  3.197ms (keyed= 0.000ms group_by=  2.118ms per_group= 0.492ms)
[pe] round=  9 work=    32768 frontier=    32768 next=    16384 consolidate=  1.698ms frontier=  0.498ms semisort=  1.658ms (keyed= 0.000ms group_by=  0.974ms per_group= 0.303ms)
[pe] round= 10 work=    16384 frontier=    16384 next=     8192 consolidate=  1.768ms frontier=  0.358ms semisort=  0.913ms (keyed= 0.000ms group_by=  0.472ms per_group= 0.176ms)
[pe] round= 11 work=     8192 frontier=     8192 next=     4096 consolidate=  0.961ms frontier=  0.281ms semisort=  0.572ms (keyed= 0.000ms group_by=  0.243ms per_group= 0.112ms)
[pe] round= 12 work=     4096 frontier=     4096 next=     2048 consolidate=  0.431ms frontier=  0.165ms semisort=  0.344ms (keyed= 0.000ms group_by=  0.165ms per_group= 0.057ms)
[pe] round= 13 work=     2048 frontier=     2048 next=     1024 consolidate=  0.205ms frontier=  0.102ms semisort=  0.209ms (keyed= 0.000ms group_by=  0.089ms per_group= 0.035ms)
[pe] round= 14 work=     1024 frontier=     1024 next=      512 consolidate=  0.146ms frontier=  0.090ms semisort=  0.132ms (keyed= 0.000ms group_by=  0.059ms per_group= 0.029ms)
[pe] round= 15 work=      512 frontier=      512 next=      256 consolidate=  0.081ms frontier=  0.044ms semisort=  0.106ms (keyed= 0.000ms group_by=  0.036ms per_group= 0.041ms)
[pe] round= 16 work=      256 frontier=      256 next=      128 consolidate=  0.073ms frontier=  0.021ms semisort=  0.055ms (keyed= 0.000ms group_by=  0.017ms per_group= 0.019ms)
[pe] round= 17 work=      128 frontier=      128 next=       64 consolidate=  0.057ms frontier=  0.013ms semisort=  0.027ms (keyed= 0.000ms group_by=  0.008ms per_group= 0.010ms)
[pe] round= 18 work=       64 frontier=       64 next=       32 consolidate=  0.030ms frontier=  0.005ms semisort=  0.015ms (keyed= 0.000ms group_by=  0.005ms per_group= 0.005ms)
[pe] round= 19 work=       32 frontier=       32 next=       16 consolidate=  0.016ms frontier=  0.002ms semisort=  0.009ms (keyed= 0.000ms group_by=  0.003ms per_group= 0.003ms)
[pe] round= 20 work=       16 frontier=       16 next=        8 consolidate=  0.008ms frontier=  0.002ms semisort=  0.005ms (keyed= 0.000ms group_by=  0.002ms per_group= 0.001ms)
[pe] round= 21 work=        8 frontier=        8 next=        4 consolidate=  0.006ms frontier=  0.002ms semisort=  0.004ms (keyed= 0.000ms group_by=  0.002ms per_group= 0.001ms)
[pe] round= 22 work=        4 frontier=        4 next=        2 consolidate=  0.002ms frontier=  0.001ms semisort=  0.003ms (keyed= 0.000ms group_by=  0.002ms per_group= 0.001ms)
[pe] round= 23 work=        2 frontier=        0 next=        0 consolidate=  0.001ms frontier=  0.001ms semisort=  0.000ms (break)
