[synthetic_bench] cube n=140 d=2 classes=10976278 merges=140 ...
[pe] round=  0 work=      280 frontier= 16464000 next=  5488000 consolidate=  2.078ms frontier=  2.379ms semisort= 86.325ms (keyed= 0.000ms group_by= 48.763ms per_group=19.444ms)
[pe] round=  1 work=  5488000 frontier=  5488000 next=  2097152 consolidate= 53.268ms frontier= 10.067ms semisort= 46.368ms (keyed= 0.000ms group_by= 16.504ms per_group=10.708ms)
[pe] round=  2 work=  2097152 frontier=  2097152 next=  1293696 consolidate= 24.855ms frontier=  6.938ms semisort= 22.076ms (keyed= 0.000ms group_by=  6.170ms per_group= 5.620ms)
[pe] round=  3 work=  1293696 frontier=  1293696 next=  1048576 consolidate= 17.202ms frontier=  4.631ms semisort= 14.601ms (keyed= 0.000ms group_by=  2.338ms per_group= 5.194ms)
[pe] round=  4 work=  1048576 frontier=  1048576 next=   524288 consolidate= 13.797ms frontier=  3.515ms semisort=  9.949ms (keyed= 0.000ms group_by=  1.797ms per_group= 3.436ms)
[pe] round=  5 work=   524288 frontier=   524288 next=   262144 consolidate=  7.409ms frontier=  2.342ms semisort=  5.575ms (keyed= 0.000ms group_by=  1.009ms per_group= 2.609ms)
[pe] round=  6 work=   262144 frontier=   262144 next=   131072 consolidate=  4.568ms frontier=  1.176ms semisort=  2.788ms (keyed= 0.000ms group_by=  0.594ms per_group= 0.875ms)
[pe] round=  7 work=   131072 frontier=   131072 next=    65536 consolidate=  2.071ms frontier=  0.794ms semisort=  2.109ms (keyed= 0.000ms group_by=  1.181ms per_group= 0.424ms)
[pe] round=  8 work=    65536 frontier=    65536 next=    32768 consolidate=  1.299ms frontier=  0.412ms semisort=  2.649ms (keyed= 0.000ms group_by=  2.096ms per_group= 0.253ms)
[pe] round=  9 work=    32768 frontier=    32768 next=    16384 consolidate=  0.624ms frontier=  0.274ms semisort=  1.282ms (keyed= 0.000ms group_by=  0.926ms per_group= 0.157ms)
[pe] round= 10 work=    16384 frontier=    16384 next=     8192 consolidate=  1.141ms frontier=  0.183ms semisort=  0.726ms (keyed= 0.000ms group_by=  0.460ms per_group= 0.122ms)
[pe] round= 11 work=     8192 frontier=     8192 next=     4096 consolidate=  0.658ms frontier=  0.212ms semisort=  0.503ms (keyed= 0.000ms group_by=  0.278ms per_group= 0.080ms)
[pe] round= 12 work=     4096 frontier=     4096 next=     2048 consolidate=  0.331ms frontier=  0.147ms semisort=  0.305ms (keyed= 0.000ms group_by=  0.163ms per_group= 0.042ms)
[pe] round= 13 work=     2048 frontier=     2048 next=     1024 consolidate=  0.195ms frontier=  0.075ms semisort=  0.193ms (keyed= 0.000ms group_by=  0.092ms per_group= 0.036ms)
[pe] round= 14 work=     1024 frontier=     1024 next=      512 consolidate=  0.104ms frontier=  0.044ms semisort=  0.110ms (keyed= 0.000ms group_by=  0.045ms per_group= 0.024ms)
[pe] round= 15 work=      512 frontier=      512 next=      256 consolidate=  0.068ms frontier=  0.052ms semisort=  0.073ms (keyed= 0.000ms group_by=  0.027ms per_group= 0.016ms)
[pe] round= 16 work=      256 frontier=      256 next=      128 consolidate=  0.036ms frontier=  0.032ms semisort=  0.048ms (keyed= 0.000ms group_by=  0.018ms per_group= 0.012ms)
[pe] round= 17 work=      128 frontier=      128 next=       64 consolidate=  0.023ms frontier=  0.015ms semisort=  0.025ms (keyed= 0.000ms group_by=  0.008ms per_group= 0.009ms)
[pe] round= 18 work=       64 frontier=       64 next=       32 consolidate=  0.022ms frontier=  0.007ms semisort=  0.011ms (keyed= 0.000ms group_by=  0.005ms per_group= 0.003ms)
[pe] round= 19 work=       32 frontier=       32 next=       16 consolidate=  0.010ms frontier=  0.003ms semisort=  0.007ms (keyed= 0.000ms group_by=  0.003ms per_group= 0.002ms)
[pe] round= 20 work=       16 frontier=       16 next=        8 consolidate=  0.007ms frontier=  0.002ms semisort=  0.005ms (keyed= 0.000ms group_by=  0.003ms per_group= 0.001ms)
[pe] round= 21 work=        8 frontier=        8 next=        4 consolidate=  0.006ms frontier=  0.002ms semisort=  0.004ms (keyed= 0.000ms group_by=  0.002ms per_group= 0.001ms)
[pe] round= 22 work=        4 frontier=        4 next=        2 consolidate=  0.002ms frontier=  0.001ms semisort=  0.004ms (keyed= 0.000ms group_by=  0.002ms per_group= 0.001ms)
[pe] round= 23 work=        2 frontier=        0 next=        0 consolidate=  0.001ms frontier=  0.001ms semisort=  0.000ms (break)
[pe] round=  0 work=      280 frontier= 16464000 next=  5488000 consolidate=  0.810ms frontier=  1.200ms semisort= 56.432ms (keyed= 0.000ms group_by= 21.411ms per_group=18.120ms)
[pe] round=  1 work=  5488000 frontier=  5488000 next=  2097152 consolidate= 61.597ms frontier= 10.918ms semisort= 38.873ms (keyed= 0.000ms group_by= 11.477ms per_group= 9.911ms)
[pe] round=  2 work=  2097152 frontier=  2097152 next=  1293696 consolidate= 27.868ms frontier=  6.161ms semisort= 20.297ms (keyed= 0.000ms group_by=  5.597ms per_group= 5.697ms)
[pe] round=  3 work=  1293696 frontier=  1293696 next=  1048576 consolidate= 21.900ms frontier=  4.360ms semisort= 12.398ms (keyed= 0.000ms group_by=  2.197ms per_group= 4.753ms)
[pe] round=  4 work=  1048576 frontier=  1048576 next=   524288 consolidate= 14.309ms frontier=  3.358ms semisort=  9.698ms (keyed= 0.000ms group_by=  2.041ms per_group= 3.598ms)
[pe] round=  5 work=   524288 frontier=   524288 next=   262144 consolidate=  7.594ms frontier=  2.351ms semisort=  6.079ms (keyed= 0.000ms group_by=  1.099ms per_group= 2.913ms)
[pe] round=  6 work=   262144 frontier=   262144 next=   131072 consolidate=  3.792ms frontier=  1.178ms semisort=  2.403ms (keyed= 0.000ms group_by=  0.561ms per_group= 0.885ms)
[pe] round=  7 work=   131072 frontier=   131072 next=    65536 consolidate=  2.078ms frontier=  0.698ms semisort=  1.492ms (keyed= 0.000ms group_by=  0.448ms per_group= 0.538ms)
[pe] round=  8 work=    65536 frontier=    65536 next=    32768 consolidate=  1.154ms frontier=  0.410ms semisort=  2.397ms (keyed= 0.000ms group_by=  1.835ms per_group= 0.274ms)
[pe] round=  9 work=    32768 frontier=    32768 next=    16384 consolidate=  0.745ms frontier=  0.301ms semisort=  1.291ms (keyed= 0.000ms group_by=  0.901ms per_group= 0.194ms)
[pe] round= 10 work=    16384 frontier=    16384 next=     8192 consolidate=  1.217ms frontier=  0.194ms semisort=  0.753ms (keyed= 0.000ms group_by=  0.466ms per_group= 0.132ms)
[pe] round= 11 work=     8192 frontier=     8192 next=     4096 consolidate=  0.720ms frontier=  0.205ms semisort=  0.501ms (keyed= 0.000ms group_by=  0.275ms per_group= 0.070ms)
[pe] round= 12 work=     4096 frontier=     4096 next=     2048 consolidate=  0.364ms frontier=  0.145ms semisort=  0.323ms (keyed= 0.000ms group_by=  0.182ms per_group= 0.042ms)
[pe] round= 13 work=     2048 frontier=     2048 next=     1024 consolidate=  0.225ms frontier=  0.069ms semisort=  0.191ms (keyed= 0.000ms group_by=  0.092ms per_group= 0.036ms)
[pe] round= 14 work=     1024 frontier=     1024 next=      512 consolidate=  0.139ms frontier=  0.051ms semisort=  0.128ms (keyed= 0.000ms group_by=  0.054ms per_group= 0.027ms)
[pe] round= 15 work=      512 frontier=      512 next=      256 consolidate=  0.069ms frontier=  0.040ms semisort=  0.075ms (keyed= 0.000ms group_by=  0.026ms per_group= 0.017ms)
[pe] round= 16 work=      256 frontier=      256 next=      128 consolidate=  0.039ms frontier=  0.027ms semisort=  0.055ms (keyed= 0.000ms group_by=  0.017ms per_group= 0.016ms)
[pe] round= 17 work=      128 frontier=      128 next=       64 consolidate=  0.025ms frontier=  0.017ms semisort=  0.024ms (keyed= 0.000ms group_by=  0.009ms per_group= 0.008ms)
[pe] round= 18 work=       64 frontier=       64 next=       32 consolidate=  0.024ms frontier=  0.009ms semisort=  0.012ms (keyed= 0.000ms group_by=  0.005ms per_group= 0.003ms)
[pe] round= 19 work=       32 frontier=       32 next=       16 consolidate=  0.013ms frontier=  0.005ms semisort=  0.008ms (keyed= 0.000ms group_by=  0.004ms per_group= 0.002ms)
[pe] round= 20 work=       16 frontier=       16 next=        8 consolidate=  0.009ms frontier=  0.002ms semisort=  0.005ms (keyed= 0.000ms group_by=  0.003ms per_group= 0.001ms)
[pe] round= 21 work=        8 frontier=        8 next=        4 consolidate=  0.004ms frontier=  0.001ms semisort=  0.003ms (keyed= 0.000ms group_by=  0.002ms per_group= 0.001ms)
[pe] round= 22 work=        4 frontier=        4 next=        2 consolidate=  0.002ms frontier=  0.001ms semisort=  0.003ms (keyed= 0.000ms group_by=  0.002ms per_group= 0.001ms)
[pe] round= 23 work=        2 frontier=        0 next=        0 consolidate=  0.001ms frontier=  0.001ms semisort=  0.000ms (break)
[pe] round=  0 work=      280 frontier= 16464000 next=  5488000 consolidate=  0.796ms frontier=  1.207ms semisort= 56.575ms (keyed= 0.000ms group_by= 21.081ms per_group=17.435ms)
[pe] round=  1 work=  5488000 frontier=  5488000 next=  2097152 consolidate= 60.046ms frontier= 10.576ms semisort= 39.606ms (keyed= 0.000ms group_by= 11.697ms per_group=10.354ms)
[pe] round=  2 work=  2097152 frontier=  2097152 next=  1293696 consolidate= 34.659ms frontier=  5.414ms semisort= 21.357ms (keyed= 0.000ms group_by=  5.842ms per_group= 5.645ms)
[pe] round=  3 work=  1293696 frontier=  1293696 next=  1048576 consolidate= 18.097ms frontier=  4.024ms semisort= 12.236ms (keyed= 0.000ms group_by=  2.150ms per_group= 4.825ms)
[pe] round=  4 work=  1048576 frontier=  1048576 next=   524288 consolidate= 14.691ms frontier=  3.188ms semisort=  9.407ms (keyed= 0.000ms group_by=  1.924ms per_group= 3.587ms)
[pe] round=  5 work=   524288 frontier=   524288 next=   262144 consolidate=  9.300ms frontier=  2.024ms semisort=  5.319ms (keyed= 0.000ms group_by=  1.035ms per_group= 2.325ms)
[pe] round=  6 work=   262144 frontier=   262144 next=   131072 consolidate=  4.197ms frontier=  1.208ms semisort=  2.567ms (keyed= 0.000ms group_by=  0.645ms per_group= 0.878ms)
[pe] round=  7 work=   131072 frontier=   131072 next=    65536 consolidate=  2.180ms frontier=  0.705ms semisort=  1.478ms (keyed= 0.000ms group_by=  0.425ms per_group= 0.528ms)
[pe] round=  8 work=    65536 frontier=    65536 next=    32768 consolidate=  1.222ms frontier=  0.421ms semisort=  2.427ms (keyed= 0.000ms group_by=  1.891ms per_group= 0.248ms)
[pe] round=  9 work=    32768 frontier=    32768 next=    16384 consolidate=  0.701ms frontier=  0.292ms semisort=  1.317ms (keyed= 0.000ms group_by=  0.913ms per_group= 0.184ms)
[pe] round= 10 work=    16384 frontier=    16384 next=     8192 consolidate=  1.321ms frontier=  0.194ms semisort=  0.807ms (keyed= 0.000ms group_by=  0.530ms per_group= 0.123ms)
[pe] round= 11 work=     8192 frontier=     8192 next=     4096 consolidate=  0.717ms frontier=  0.207ms semisort=  0.454ms (keyed= 0.000ms group_by=  0.245ms per_group= 0.064ms)
[pe] round= 12 work=     4096 frontier=     4096 next=     2048 consolidate=  0.392ms frontier=  0.142ms semisort=  0.314ms (keyed= 0.000ms group_by=  0.180ms per_group= 0.040ms)
[pe] round= 13 work=     2048 frontier=     2048 next=     1024 consolidate=  0.262ms frontier=  0.079ms semisort=  0.217ms (keyed= 0.000ms group_by=  0.113ms per_group= 0.031ms)
[pe] round= 14 work=     1024 frontier=     1024 next=      512 consolidate=  0.103ms frontier=  0.059ms semisort=  0.126ms (keyed= 0.000ms group_by=  0.050ms per_group= 0.029ms)
[pe] round= 15 work=      512 frontier=      512 next=      256 consolidate=  0.075ms frontier=  0.043ms semisort=  0.080ms (keyed= 0.000ms group_by=  0.027ms per_group= 0.017ms)
[pe] round= 16 work=      256 frontier=      256 next=      128 consolidate=  0.035ms frontier=  0.038ms semisort=  0.067ms (keyed= 0.000ms group_by=  0.025ms per_group= 0.012ms)
[pe] round= 17 work=      128 frontier=      128 next=       64 consolidate=  0.024ms frontier=  0.017ms semisort=  0.029ms (keyed= 0.000ms group_by=  0.009ms per_group= 0.010ms)
[pe] round= 18 work=       64 frontier=       64 next=       32 consolidate=  0.019ms frontier=  0.010ms semisort=  0.013ms (keyed= 0.000ms group_by=  0.005ms per_group= 0.004ms)
[pe] round= 19 work=       32 frontier=       32 next=       16 consolidate=  0.014ms frontier=  0.004ms semisort=  0.008ms (keyed= 0.000ms group_by=  0.004ms per_group= 0.002ms)
[pe] round= 20 work=       16 frontier=       16 next=        8 consolidate=  0.008ms frontier=  0.002ms semisort=  0.006ms (keyed= 0.000ms group_by=  0.003ms per_group= 0.001ms)
[pe] round= 21 work=        8 frontier=        8 next=        4 consolidate=  0.004ms frontier=  0.001ms semisort=  0.004ms (keyed= 0.000ms group_by=  0.002ms per_group= 0.001ms)
[pe] round= 22 work=        4 frontier=        4 next=        2 consolidate=  0.002ms frontier=  0.001ms semisort=  0.003ms (keyed= 0.000ms group_by=  0.002ms per_group= 0.001ms)
[pe] round= 23 work=        2 frontier=        0 next=        0 consolidate=  0.001ms frontier=  0.001ms semisort=  0.000ms (break)
[pe] round=  0 work=      280 frontier= 16464000 next=  5488000 consolidate=  0.794ms frontier=  1.145ms semisort= 55.496ms (keyed= 0.000ms group_by= 20.688ms per_group=17.582ms)
[pe] round=  1 work=  5488000 frontier=  5488000 next=  2097152 consolidate= 62.905ms frontier= 11.098ms semisort= 39.961ms (keyed= 0.000ms group_by= 11.989ms per_group=10.411ms)
[pe] round=  2 work=  2097152 frontier=  2097152 next=  1293696 consolidate= 29.174ms frontier=  5.306ms semisort= 20.597ms (keyed= 0.000ms group_by=  5.856ms per_group= 5.624ms)
[pe] round=  3 work=  1293696 frontier=  1293696 next=  1048576 consolidate= 17.941ms frontier=  4.504ms semisort= 12.570ms (keyed= 0.000ms group_by=  2.388ms per_group= 4.794ms)
[pe] round=  4 work=  1048576 frontier=  1048576 next=   524288 consolidate= 14.690ms frontier=  3.653ms semisort=  9.389ms (keyed= 0.000ms group_by=  1.946ms per_group= 3.565ms)
[pe] round=  5 work=   524288 frontier=   524288 next=   262144 consolidate=  7.632ms frontier=  1.973ms semisort=  5.575ms (keyed= 0.000ms group_by=  1.042ms per_group= 2.317ms)
[pe] round=  6 work=   262144 frontier=   262144 next=   131072 consolidate=  4.273ms frontier=  1.102ms semisort=  2.449ms (keyed= 0.000ms group_by=  0.660ms per_group= 0.853ms)
[pe] round=  7 work=   131072 frontier=   131072 next=    65536 consolidate=  2.176ms frontier=  0.657ms semisort=  1.495ms (keyed= 0.000ms group_by=  0.421ms per_group= 0.542ms)
[pe] round=  8 work=    65536 frontier=    65536 next=    32768 consolidate=  1.218ms frontier=  0.408ms semisort=  2.438ms (keyed= 0.000ms group_by=  1.881ms per_group= 0.249ms)
[pe] round=  9 work=    32768 frontier=    32768 next=    16384 consolidate=  0.778ms frontier=  0.304ms semisort=  1.335ms (keyed= 0.000ms group_by=  0.943ms per_group= 0.178ms)
[pe] round= 10 work=    16384 frontier=    16384 next=     8192 consolidate=  1.344ms frontier=  0.215ms semisort=  0.730ms (keyed= 0.000ms group_by=  0.459ms per_group= 0.124ms)
[pe] round= 11 work=     8192 frontier=     8192 next=     4096 consolidate=  0.725ms frontier=  0.204ms semisort=  0.471ms (keyed= 0.000ms group_by=  0.249ms per_group= 0.068ms)
[pe] round= 12 work=     4096 frontier=     4096 next=     2048 consolidate=  0.383ms frontier=  0.148ms semisort=  0.303ms (keyed= 0.000ms group_by=  0.170ms per_group= 0.046ms)
[pe] round= 13 work=     2048 frontier=     2048 next=     1024 consolidate=  0.238ms frontier=  0.068ms semisort=  0.194ms (keyed= 0.000ms group_by=  0.089ms per_group= 0.038ms)
[pe] round= 14 work=     1024 frontier=     1024 next=      512 consolidate=  0.129ms frontier=  0.060ms semisort=  0.120ms (keyed= 0.000ms group_by=  0.047ms per_group= 0.029ms)
[pe] round= 15 work=      512 frontier=      512 next=      256 consolidate=  0.089ms frontier=  0.046ms semisort=  0.072ms (keyed= 0.000ms group_by=  0.029ms per_group= 0.015ms)
[pe] round= 16 work=      256 frontier=      256 next=      128 consolidate=  0.037ms frontier=  0.032ms semisort=  0.049ms (keyed= 0.000ms group_by=  0.016ms per_group= 0.012ms)
[pe] round= 17 work=      128 frontier=      128 next=       64 consolidate=  0.027ms frontier=  0.016ms semisort=  0.026ms (keyed= 0.000ms group_by=  0.008ms per_group= 0.010ms)
[pe] round= 18 work=       64 frontier=       64 next=       32 consolidate=  0.016ms frontier=  0.007ms semisort=  0.013ms (keyed= 0.000ms group_by=  0.005ms per_group= 0.004ms)
[pe] round= 19 work=       32 frontier=       32 next=       16 consolidate=  0.011ms frontier=  0.004ms semisort=  0.008ms (keyed= 0.000ms group_by=  0.004ms per_group= 0.002ms)
[pe] round= 20 work=       16 frontier=       16 next=        8 consolidate=  0.009ms frontier=  0.002ms semisort=  0.006ms (keyed= 0.000ms group_by=  0.003ms per_group= 0.001ms)
[pe] round= 21 work=        8 frontier=        8 next=        4 consolidate=  0.004ms frontier=  0.001ms semisort=  0.004ms (keyed= 0.000ms group_by=  0.002ms per_group= 0.001ms)
[pe] round= 22 work=        4 frontier=        4 next=        2 consolidate=  0.002ms frontier=  0.001ms semisort=  0.003ms (keyed= 0.000ms group_by=  0.002ms per_group= 0.001ms)
[pe] round= 23 work=        2 frontier=        0 next=        0 consolidate=  0.001ms frontier=  0.001ms semisort=  0.000ms (break)
[pe] round=  0 work=      280 frontier= 16464000 next=  5488000 consolidate=  0.828ms frontier=  1.188ms semisort= 58.264ms (keyed= 0.000ms group_by= 22.769ms per_group=17.537ms)
[pe] round=  1 work=  5488000 frontier=  5488000 next=  2097152 consolidate= 62.416ms frontier= 10.958ms semisort= 40.359ms (keyed= 0.000ms group_by= 12.283ms per_group=10.429ms)
[pe] round=  2 work=  2097152 frontier=  2097152 next=  1293696 consolidate= 25.805ms frontier=  5.272ms semisort= 20.517ms (keyed= 0.000ms group_by=  5.728ms per_group= 5.614ms)
[pe] round=  3 work=  1293696 frontier=  1293696 next=  1048576 consolidate= 22.781ms frontier=  4.480ms semisort= 12.573ms (keyed= 0.000ms group_by=  2.291ms per_group= 4.786ms)
[pe] round=  4 work=  1048576 frontier=  1048576 next=   524288 consolidate= 14.685ms frontier=  3.212ms semisort=  9.483ms (keyed= 0.000ms group_by=  1.935ms per_group= 3.500ms)
[pe] round=  5 work=   524288 frontier=   524288 next=   262144 consolidate=  7.668ms frontier=  2.057ms semisort=  5.585ms (keyed= 0.000ms group_by=  1.048ms per_group= 2.293ms)
[pe] round=  6 work=   262144 frontier=   262144 next=   131072 consolidate=  4.375ms frontier=  1.192ms semisort=  2.442ms (keyed= 0.000ms group_by=  0.604ms per_group= 0.893ms)
[pe] round=  7 work=   131072 frontier=   131072 next=    65536 consolidate=  2.234ms frontier=  0.815ms semisort=  1.473ms (keyed= 0.000ms group_by=  0.439ms per_group= 0.540ms)
[pe] round=  8 work=    65536 frontier=    65536 next=    32768 consolidate=  1.183ms frontier=  0.426ms semisort=  2.531ms (keyed= 0.000ms group_by=  1.993ms per_group= 0.248ms)
[pe] round=  9 work=    32768 frontier=    32768 next=    16384 consolidate=  0.758ms frontier=  0.314ms semisort=  1.312ms (keyed= 0.000ms group_by=  0.922ms per_group= 0.184ms)
[pe] round= 10 work=    16384 frontier=    16384 next=     8192 consolidate=  1.334ms frontier=  0.191ms semisort=  0.747ms (keyed= 0.000ms group_by=  0.464ms per_group= 0.131ms)
[pe] round= 11 work=     8192 frontier=     8192 next=     4096 consolidate=  0.723ms frontier=  0.209ms semisort=  0.474ms (keyed= 0.000ms group_by=  0.252ms per_group= 0.073ms)
[pe] round= 12 work=     4096 frontier=     4096 next=     2048 consolidate=  0.403ms frontier=  0.140ms semisort=  0.319ms (keyed= 0.000ms group_by=  0.175ms per_group= 0.049ms)
[pe] round= 13 work=     2048 frontier=     2048 next=     1024 consolidate=  0.221ms frontier=  0.067ms semisort=  0.186ms (keyed= 0.000ms group_by=  0.089ms per_group= 0.036ms)
[pe] round= 14 work=     1024 frontier=     1024 next=      512 consolidate=  0.123ms frontier=  0.049ms semisort=  0.126ms (keyed= 0.000ms group_by=  0.049ms per_group= 0.030ms)
[pe] round= 15 work=      512 frontier=      512 next=      256 consolidate=  0.102ms frontier=  0.053ms semisort=  0.083ms (keyed= 0.000ms group_by=  0.026ms per_group= 0.020ms)
[pe] round= 16 work=      256 frontier=      256 next=      128 consolidate=  0.041ms frontier=  0.026ms semisort=  0.052ms (keyed= 0.000ms group_by=  0.017ms per_group= 0.012ms)
[pe] round= 17 work=      128 frontier=      128 next=       64 consolidate=  0.026ms frontier=  0.020ms semisort=  0.030ms (keyed= 0.000ms group_by=  0.009ms per_group= 0.009ms)
[pe] round= 18 work=       64 frontier=       64 next=       32 consolidate=  0.018ms frontier=  0.007ms semisort=  0.013ms (keyed= 0.000ms group_by=  0.005ms per_group= 0.004ms)
[pe] round= 19 work=       32 frontier=       32 next=       16 consolidate=  0.011ms frontier=  0.004ms semisort=  0.009ms (keyed= 0.000ms group_by=  0.004ms per_group= 0.002ms)
[pe] round= 20 work=       16 frontier=       16 next=        8 consolidate=  0.011ms frontier=  0.003ms semisort=  0.006ms (keyed= 0.000ms group_by=  0.003ms per_group= 0.001ms)
[pe] round= 21 work=        8 frontier=        8 next=        4 consolidate=  0.010ms frontier=  0.002ms semisort=  0.004ms (keyed= 0.000ms group_by=  0.002ms per_group= 0.001ms)
[pe] round= 22 work=        4 frontier=        4 next=        2 consolidate=  0.002ms frontier=  0.001ms semisort=  0.003ms (keyed= 0.000ms group_by=  0.002ms per_group= 0.001ms)
[pe] round= 23 work=        2 frontier=        0 next=        0 consolidate=  0.001ms frontier=  0.001ms semisort=  0.000ms (break)
[pe] round=  0 work=      280 frontier= 16464000 next=  5488000 consolidate=  1.880ms frontier=  1.461ms semisort= 57.110ms (keyed= 0.000ms group_by= 21.566ms per_group=17.838ms)
[pe] round=  1 work=  5488000 frontier=  5488000 next=  2097152 consolidate= 55.907ms frontier= 11.261ms semisort= 40.941ms (keyed= 0.000ms group_by= 12.233ms per_group=10.508ms)
[pe] round=  2 work=  2097152 frontier=  2097152 next=  1293696 consolidate= 29.611ms frontier=  6.283ms semisort= 21.293ms (keyed= 0.000ms group_by=  5.701ms per_group= 5.623ms)
[pe] round=  3 work=  1293696 frontier=  1293696 next=  1048576 consolidate= 18.382ms frontier=  4.032ms semisort= 12.806ms (keyed= 0.000ms group_by=  2.355ms per_group= 4.827ms)
[pe] round=  4 work=  1048576 frontier=  1048576 next=   524288 consolidate= 15.123ms frontier=  3.283ms semisort=  9.432ms (keyed= 0.000ms group_by=  1.987ms per_group= 3.417ms)
[pe] round=  5 work=   524288 frontier=   524288 next=   262144 consolidate=  7.696ms frontier=  2.066ms semisort=  5.316ms (keyed= 0.000ms group_by=  0.899ms per_group= 2.421ms)
[pe] round=  6 work=   262144 frontier=   262144 next=   131072 consolidate=  4.016ms frontier=  1.190ms semisort=  2.578ms (keyed= 0.000ms group_by=  0.666ms per_group= 0.975ms)
[pe] round=  7 work=   131072 frontier=   131072 next=    65536 consolidate=  2.215ms frontier=  0.722ms semisort=  1.526ms (keyed= 0.000ms group_by=  0.390ms per_group= 0.534ms)
[pe] round=  8 work=    65536 frontier=    65536 next=    32768 consolidate=  1.124ms frontier=  0.415ms semisort=  2.399ms (keyed= 0.000ms group_by=  1.868ms per_group= 0.248ms)
[pe] round=  9 work=    32768 frontier=    32768 next=    16384 consolidate=  0.805ms frontier=  0.286ms semisort=  1.297ms (keyed= 0.000ms group_by=  0.916ms per_group= 0.183ms)
[pe] round= 10 work=    16384 frontier=    16384 next=     8192 consolidate=  1.339ms frontier=  0.204ms semisort=  0.806ms (keyed= 0.000ms group_by=  0.516ms per_group= 0.130ms)
[pe] round= 11 work=     8192 frontier=     8192 next=     4096 consolidate=  0.720ms frontier=  0.205ms semisort=  0.552ms (keyed= 0.000ms group_by=  0.333ms per_group= 0.073ms)
[pe] round= 12 work=     4096 frontier=     4096 next=     2048 consolidate=  0.398ms frontier=  0.140ms semisort=  0.295ms (keyed= 0.000ms group_by=  0.160ms per_group= 0.042ms)
[pe] round= 13 work=     2048 frontier=     2048 next=     1024 consolidate=  0.254ms frontier=  0.070ms semisort=  0.188ms (keyed= 0.000ms group_by=  0.085ms per_group= 0.041ms)
[pe] round= 14 work=     1024 frontier=     1024 next=      512 consolidate=  0.118ms frontier=  0.049ms semisort=  0.122ms (keyed= 0.000ms group_by=  0.042ms per_group= 0.022ms)
[pe] round= 15 work=      512 frontier=      512 next=      256 consolidate=  0.108ms frontier=  0.048ms semisort=  0.071ms (keyed= 0.000ms group_by=  0.025ms per_group= 0.015ms)
[pe] round= 16 work=      256 frontier=      256 next=      128 consolidate=  0.037ms frontier=  0.028ms semisort=  0.051ms (keyed= 0.000ms group_by=  0.017ms per_group= 0.014ms)
[pe] round= 17 work=      128 frontier=      128 next=       64 consolidate=  0.024ms frontier=  0.019ms semisort=  0.030ms (keyed= 0.000ms group_by=  0.012ms per_group= 0.010ms)
[pe] round= 18 work=       64 frontier=       64 next=       32 consolidate=  0.026ms frontier=  0.010ms semisort=  0.012ms (keyed= 0.000ms group_by=  0.005ms per_group= 0.004ms)
[pe] round= 19 work=       32 frontier=       32 next=       16 consolidate=  0.013ms frontier=  0.005ms semisort=  0.008ms (keyed= 0.000ms group_by=  0.004ms per_group= 0.002ms)
[pe] round= 20 work=       16 frontier=       16 next=        8 consolidate=  0.009ms frontier=  0.002ms semisort=  0.006ms (keyed= 0.000ms group_by=  0.003ms per_group= 0.002ms)
[pe] round= 21 work=        8 frontier=        8 next=        4 consolidate=  0.004ms frontier=  0.001ms semisort=  0.004ms (keyed= 0.000ms group_by=  0.002ms per_group= 0.001ms)
[pe] round= 22 work=        4 frontier=        4 next=        2 consolidate=  0.003ms frontier=  0.001ms semisort=  0.004ms (keyed= 0.000ms group_by=  0.002ms per_group= 0.001ms)
[pe] round= 23 work=        2 frontier=        0 next=        0 consolidate=  0.001ms frontier=  0.001ms semisort=  0.000ms (break)
