[synthetic_bench] cube n=130 d=2 classes=8788258 merges=130 ...
[pe] round=  0 work=      260 frontier= 13182000 next=  4394000 consolidate=  6.505ms frontier=  8.861ms semisort=555.144ms (keyed= 0.000ms group_by=179.681ms per_group=161.826ms)
[pe] round=  1 work=  4394000 frontier=  4394000 next=  2097152 consolidate=551.692ms frontier= 72.047ms semisort=348.251ms (keyed= 0.000ms group_by= 79.851ms per_group=74.227ms)
[pe] round=  2 work=  2097152 frontier=  2097152 next=  1048576 consolidate=290.176ms frontier= 46.285ms semisort=159.509ms (keyed= 0.000ms group_by= 39.584ms per_group=40.053ms)
[pe] round=  3 work=  1048576 frontier=  1048576 next=   524288 consolidate=146.515ms frontier= 26.110ms semisort= 86.135ms (keyed= 0.000ms group_by= 22.871ms per_group=23.253ms)
[pe] round=  4 work=   524288 frontier=   524288 next=   262144 consolidate= 72.453ms frontier= 15.582ms semisort= 50.135ms (keyed= 0.000ms group_by= 15.335ms per_group=11.944ms)
[pe] round=  5 work=   262144 frontier=   262144 next=   199696 consolidate= 36.198ms frontier=  7.469ms semisort= 22.856ms (keyed= 0.000ms group_by=  6.338ms per_group= 6.812ms)
[pe] round=  6 work=   199696 frontier=   199696 next=   131072 consolidate= 27.234ms frontier=  5.727ms semisort= 14.774ms (keyed= 0.000ms group_by=  4.145ms per_group= 4.276ms)
[pe] round=  7 work=   131072 frontier=   131072 next=    65536 consolidate= 18.062ms frontier=  3.827ms semisort=  8.180ms (keyed= 0.000ms group_by=  2.657ms per_group= 2.195ms)
[pe] round=  8 work=    65536 frontier=    65536 next=    32768 consolidate=  9.007ms frontier=  2.433ms semisort=  5.656ms (keyed= 0.000ms group_by=  2.392ms per_group= 1.118ms)
[pe] round=  9 work=    32768 frontier=    32768 next=    16384 consolidate=  4.595ms frontier=  1.158ms semisort=  3.322ms (keyed= 0.000ms group_by=  1.247ms per_group= 0.714ms)
[pe] round= 10 work=    16384 frontier=    16384 next=     8192 consolidate=  2.846ms frontier=  0.901ms semisort=  1.843ms (keyed= 0.000ms group_by=  0.643ms per_group= 0.439ms)
[pe] round= 11 work=     8192 frontier=     8192 next=     4096 consolidate=  1.530ms frontier=  0.611ms semisort=  1.098ms (keyed= 0.000ms group_by=  0.384ms per_group= 0.263ms)
[pe] round= 12 work=     4096 frontier=     4096 next=     2048 consolidate=  0.928ms frontier=  0.414ms semisort=  0.596ms (keyed= 0.000ms group_by=  0.165ms per_group= 0.222ms)
[pe] round= 13 work=     2048 frontier=     2048 next=     1024 consolidate=  0.409ms frontier=  0.310ms semisort=  0.316ms (keyed= 0.000ms group_by=  0.083ms per_group= 0.102ms)
[pe] round= 14 work=     1024 frontier=     1024 next=      512 consolidate=  0.205ms frontier=  0.137ms semisort=  0.163ms (keyed= 0.000ms group_by=  0.058ms per_group= 0.037ms)
[pe] round= 15 work=      512 frontier=      512 next=      256 consolidate=  0.109ms frontier=  0.047ms semisort=  0.159ms (keyed= 0.000ms group_by=  0.027ms per_group= 0.103ms)
[pe] round= 16 work=      256 frontier=      256 next=      128 consolidate=  0.076ms frontier=  0.018ms semisort=  0.041ms (keyed= 0.000ms group_by=  0.015ms per_group= 0.011ms)
[pe] round= 17 work=      128 frontier=      128 next=       64 consolidate=  0.040ms frontier=  0.009ms semisort=  0.022ms (keyed= 0.000ms group_by=  0.008ms per_group= 0.006ms)
[pe] round= 18 work=       64 frontier=       64 next=       32 consolidate=  0.023ms frontier=  0.004ms semisort=  0.020ms (keyed= 0.000ms group_by=  0.005ms per_group= 0.003ms)
[pe] round= 19 work=       32 frontier=       32 next=       16 consolidate=  0.010ms frontier=  0.002ms semisort=  0.008ms (keyed= 0.000ms group_by=  0.004ms per_group= 0.002ms)
[pe] round= 20 work=       16 frontier=       16 next=        8 consolidate=  0.005ms frontier=  0.001ms semisort=  0.005ms (keyed= 0.000ms group_by=  0.002ms per_group= 0.001ms)
[pe] round= 21 work=        8 frontier=        8 next=        4 consolidate=  0.003ms frontier=  0.001ms semisort=  0.004ms (keyed= 0.000ms group_by=  0.002ms per_group= 0.001ms)
[pe] round= 22 work=        4 frontier=        4 next=        2 consolidate=  0.002ms frontier=  0.001ms semisort=  0.003ms (keyed= 0.000ms group_by=  0.002ms per_group= 0.001ms)
[pe] round= 23 work=        2 frontier=        0 next=        0 consolidate=  0.001ms frontier=  0.001ms semisort=  0.000ms (break)
[pe] round=  0 work=      260 frontier= 13182000 next=  4394000 consolidate=  2.301ms frontier=  3.843ms semisort=487.391ms (keyed= 0.000ms group_by=170.819ms per_group=139.424ms)
[pe] round=  1 work=  4394000 frontier=  4394000 next=  2097152 consolidate=627.884ms frontier=109.983ms semisort=309.056ms (keyed= 0.000ms group_by= 82.817ms per_group=69.083ms)
[pe] round=  2 work=  2097152 frontier=  2097152 next=  1048576 consolidate=309.029ms frontier= 55.421ms semisort=154.437ms (keyed= 0.000ms group_by= 40.647ms per_group=39.511ms)
[pe] round=  3 work=  1048576 frontier=  1048576 next=   524288 consolidate=157.409ms frontier= 30.102ms semisort= 81.524ms (keyed= 0.000ms group_by= 22.853ms per_group=20.065ms)
[pe] round=  4 work=   524288 frontier=   524288 next=   262144 consolidate= 74.608ms frontier= 13.960ms semisort= 43.056ms (keyed= 0.000ms group_by= 12.944ms per_group=10.778ms)
[pe] round=  5 work=   262144 frontier=   262144 next=   199696 consolidate= 37.118ms frontier=  7.781ms semisort= 22.732ms (keyed= 0.000ms group_by=  6.289ms per_group= 6.459ms)
[pe] round=  6 work=   199696 frontier=   199696 next=   131072 consolidate= 27.982ms frontier=  6.154ms semisort= 14.651ms (keyed= 0.000ms group_by=  4.024ms per_group= 4.204ms)
[pe] round=  7 work=   131072 frontier=   131072 next=    65536 consolidate= 18.335ms frontier=  3.974ms semisort=  7.891ms (keyed= 0.000ms group_by=  2.383ms per_group= 1.898ms)
[pe] round=  8 work=    65536 frontier=    65536 next=    32768 consolidate=  9.699ms frontier=  2.727ms semisort=  5.755ms (keyed= 0.000ms group_by=  2.405ms per_group= 1.162ms)
[pe] round=  9 work=    32768 frontier=    32768 next=    16384 consolidate=  5.012ms frontier=  1.324ms semisort=  3.217ms (keyed= 0.000ms group_by=  1.208ms per_group= 0.640ms)
[pe] round= 10 work=    16384 frontier=    16384 next=     8192 consolidate=  3.306ms frontier=  0.648ms semisort=  1.931ms (keyed= 0.000ms group_by=  0.582ms per_group= 0.435ms)
[pe] round= 11 work=     8192 frontier=     8192 next=     4096 consolidate=  1.885ms frontier=  0.634ms semisort=  1.037ms (keyed= 0.000ms group_by=  0.390ms per_group= 0.254ms)
[pe] round= 12 work=     4096 frontier=     4096 next=     2048 consolidate=  0.893ms frontier=  0.283ms semisort=  0.495ms (keyed= 0.000ms group_by=  0.165ms per_group= 0.152ms)
[pe] round= 13 work=     2048 frontier=     2048 next=     1024 consolidate=  0.405ms frontier=  0.214ms semisort=  0.285ms (keyed= 0.000ms group_by=  0.095ms per_group= 0.084ms)
[pe] round= 14 work=     1024 frontier=     1024 next=      512 consolidate=  0.224ms frontier=  0.135ms semisort=  0.169ms (keyed= 0.000ms group_by=  0.058ms per_group= 0.033ms)
[pe] round= 15 work=      512 frontier=      512 next=      256 consolidate=  0.114ms frontier=  0.049ms semisort=  0.092ms (keyed= 0.000ms group_by=  0.028ms per_group= 0.040ms)
[pe] round= 16 work=      256 frontier=      256 next=      128 consolidate=  0.128ms frontier=  0.022ms semisort=  0.106ms (keyed= 0.000ms group_by=  0.015ms per_group= 0.075ms)
[pe] round= 17 work=      128 frontier=      128 next=       64 consolidate=  0.060ms frontier=  0.007ms semisort=  0.023ms (keyed= 0.000ms group_by=  0.008ms per_group= 0.007ms)
[pe] round= 18 work=       64 frontier=       64 next=       32 consolidate=  0.025ms frontier=  0.004ms semisort=  0.013ms (keyed= 0.000ms group_by=  0.005ms per_group= 0.003ms)
[pe] round= 19 work=       32 frontier=       32 next=       16 consolidate=  0.014ms frontier=  0.002ms semisort=  0.008ms (keyed= 0.000ms group_by=  0.003ms per_group= 0.002ms)
[pe] round= 20 work=       16 frontier=       16 next=        8 consolidate=  0.007ms frontier=  0.002ms semisort=  0.011ms (keyed= 0.000ms group_by=  0.002ms per_group= 0.007ms)
[pe] round= 21 work=        8 frontier=        8 next=        4 consolidate=  0.004ms frontier=  0.001ms semisort=  0.004ms (keyed= 0.000ms group_by=  0.002ms per_group= 0.001ms)
[pe] round= 22 work=        4 frontier=        4 next=        2 consolidate=  0.002ms frontier=  0.001ms semisort=  0.003ms (keyed= 0.000ms group_by=  0.002ms per_group= 0.001ms)
[pe] round= 23 work=        2 frontier=        0 next=        0 consolidate=  0.001ms frontier=  0.001ms semisort=  0.000ms (break)
[pe] round=  0 work=      260 frontier= 13182000 next=  4394000 consolidate=  2.269ms frontier=  3.902ms semisort=508.254ms (keyed= 0.000ms group_by=167.326ms per_group=159.745ms)
[pe] round=  1 work=  4394000 frontier=  4394000 next=  2097152 consolidate=611.854ms frontier=103.771ms semisort=329.164ms (keyed= 0.000ms group_by= 86.259ms per_group=74.639ms)
[pe] round=  2 work=  2097152 frontier=  2097152 next=  1048576 consolidate=317.230ms frontier= 55.210ms semisort=172.380ms (keyed= 0.000ms group_by= 42.333ms per_group=48.516ms)
[pe] round=  3 work=  1048576 frontier=  1048576 next=   524288 consolidate=153.810ms frontier= 28.841ms semisort= 81.852ms (keyed= 0.000ms group_by= 23.243ms per_group=21.250ms)
[pe] round=  4 work=   524288 frontier=   524288 next=   262144 consolidate= 70.340ms frontier= 14.882ms semisort= 42.856ms (keyed= 0.000ms group_by= 13.021ms per_group=11.057ms)
[pe] round=  5 work=   262144 frontier=   262144 next=   199696 consolidate= 35.110ms frontier=  7.684ms semisort= 22.366ms (keyed= 0.000ms group_by=  6.390ms per_group= 6.632ms)
[pe] round=  6 work=   199696 frontier=   199696 next=   131072 consolidate= 26.728ms frontier=  6.069ms semisort= 14.484ms (keyed= 0.000ms group_by=  3.906ms per_group= 4.261ms)
[pe] round=  7 work=   131072 frontier=   131072 next=    65536 consolidate= 17.815ms frontier=  4.317ms semisort=  7.722ms (keyed= 0.000ms group_by=  2.452ms per_group= 2.020ms)
[pe] round=  8 work=    65536 frontier=    65536 next=    32768 consolidate= 10.157ms frontier=  2.542ms semisort=  5.818ms (keyed= 0.000ms group_by=  2.556ms per_group= 1.122ms)
[pe] round=  9 work=    32768 frontier=    32768 next=    16384 consolidate=  5.094ms frontier=  1.312ms semisort=  3.238ms (keyed= 0.000ms group_by=  1.088ms per_group= 0.697ms)
[pe] round= 10 work=    16384 frontier=    16384 next=     8192 consolidate=  3.190ms frontier=  0.992ms semisort=  1.836ms (keyed= 0.000ms group_by=  0.654ms per_group= 0.441ms)
[pe] round= 11 work=     8192 frontier=     8192 next=     4096 consolidate=  1.838ms frontier=  0.408ms semisort=  1.197ms (keyed= 0.000ms group_by=  0.509ms per_group= 0.249ms)
[pe] round= 12 work=     4096 frontier=     4096 next=     2048 consolidate=  0.911ms frontier=  0.426ms semisort=  0.691ms (keyed= 0.000ms group_by=  0.227ms per_group= 0.155ms)
[pe] round= 13 work=     2048 frontier=     2048 next=     1024 consolidate=  0.468ms frontier=  0.154ms semisort=  0.307ms (keyed= 0.000ms group_by=  0.083ms per_group= 0.099ms)
[pe] round= 14 work=     1024 frontier=     1024 next=      512 consolidate=  0.242ms frontier=  0.200ms semisort=  0.165ms (keyed= 0.000ms group_by=  0.061ms per_group= 0.040ms)
[pe] round= 15 work=      512 frontier=      512 next=      256 consolidate=  0.120ms frontier=  0.049ms semisort=  0.089ms (keyed= 0.000ms group_by=  0.028ms per_group= 0.040ms)
[pe] round= 16 work=      256 frontier=      256 next=      128 consolidate=  0.145ms frontier=  0.020ms semisort=  0.045ms (keyed= 0.000ms group_by=  0.015ms per_group= 0.013ms)
[pe] round= 17 work=      128 frontier=      128 next=       64 consolidate=  0.058ms frontier=  0.007ms semisort=  0.022ms (keyed= 0.000ms group_by=  0.008ms per_group= 0.006ms)
[pe] round= 18 work=       64 frontier=       64 next=       32 consolidate=  0.027ms frontier=  0.004ms semisort=  0.013ms (keyed= 0.000ms group_by=  0.005ms per_group= 0.003ms)
[pe] round= 19 work=       32 frontier=       32 next=       16 consolidate=  0.013ms frontier=  0.002ms semisort=  0.008ms (keyed= 0.000ms group_by=  0.003ms per_group= 0.002ms)
[pe] round= 20 work=       16 frontier=       16 next=        8 consolidate=  0.007ms frontier=  0.001ms semisort=  0.005ms (keyed= 0.000ms group_by=  0.002ms per_group= 0.001ms)
[pe] round= 21 work=        8 frontier=        8 next=        4 consolidate=  0.004ms frontier=  0.001ms semisort=  0.004ms (keyed= 0.000ms group_by=  0.002ms per_group= 0.001ms)
[pe] round= 22 work=        4 frontier=        4 next=        2 consolidate=  0.002ms frontier=  0.001ms semisort=  0.003ms (keyed= 0.000ms group_by=  0.002ms per_group= 0.001ms)
[pe] round= 23 work=        2 frontier=        0 next=        0 consolidate=  0.001ms frontier=  0.001ms semisort=  0.000ms (break)
[pe] round=  0 work=      260 frontier= 13182000 next=  4394000 consolidate=  2.247ms frontier=  6.433ms semisort=515.795ms (keyed= 0.000ms group_by=168.794ms per_group=159.655ms)
[pe] round=  1 work=  4394000 frontier=  4394000 next=  2097152 consolidate=660.738ms frontier=106.012ms semisort=314.193ms (keyed= 0.000ms group_by= 80.679ms per_group=70.874ms)
[pe] round=  2 work=  2097152 frontier=  2097152 next=  1048576 consolidate=315.692ms frontier= 55.087ms semisort=186.158ms (keyed= 0.000ms group_by= 41.727ms per_group=38.657ms)
[pe] round=  3 work=  1048576 frontier=  1048576 next=   524288 consolidate=155.939ms frontier= 29.206ms semisort= 81.615ms (keyed= 0.000ms group_by= 23.297ms per_group=21.644ms)
[pe] round=  4 work=   524288 frontier=   524288 next=   262144 consolidate= 71.665ms frontier= 14.683ms semisort= 42.591ms (keyed= 0.000ms group_by= 13.333ms per_group=10.760ms)
[pe] round=  5 work=   262144 frontier=   262144 next=   199696 consolidate= 35.792ms frontier=  7.655ms semisort= 21.956ms (keyed= 0.000ms group_by=  6.513ms per_group= 6.311ms)
[pe] round=  6 work=   199696 frontier=   199696 next=   131072 consolidate= 27.773ms frontier=  6.001ms semisort= 13.601ms (keyed= 0.000ms group_by=  3.776ms per_group= 4.051ms)
[pe] round=  7 work=   131072 frontier=   131072 next=    65536 consolidate= 18.021ms frontier=  4.272ms semisort=  7.973ms (keyed= 0.000ms group_by=  2.677ms per_group= 1.910ms)
[pe] round=  8 work=    65536 frontier=    65536 next=    32768 consolidate=  9.159ms frontier=  2.600ms semisort=  5.622ms (keyed= 0.000ms group_by=  2.364ms per_group= 1.100ms)
[pe] round=  9 work=    32768 frontier=    32768 next=    16384 consolidate=  5.047ms frontier=  1.430ms semisort=  3.130ms (keyed= 0.000ms group_by=  1.215ms per_group= 0.747ms)
[pe] round= 10 work=    16384 frontier=    16384 next=     8192 consolidate=  3.177ms frontier=  0.723ms semisort=  1.785ms (keyed= 0.000ms group_by=  0.578ms per_group= 0.424ms)
[pe] round= 11 work=     8192 frontier=     8192 next=     4096 consolidate=  1.775ms frontier=  0.529ms semisort=  1.075ms (keyed= 0.000ms group_by=  0.387ms per_group= 0.259ms)
[pe] round= 12 work=     4096 frontier=     4096 next=     2048 consolidate=  0.839ms frontier=  0.430ms semisort=  0.517ms (keyed= 0.000ms group_by=  0.167ms per_group= 0.155ms)
[pe] round= 13 work=     2048 frontier=     2048 next=     1024 consolidate=  0.405ms frontier=  0.240ms semisort=  0.350ms (keyed= 0.000ms group_by=  0.087ms per_group= 0.164ms)
[pe] round= 14 work=     1024 frontier=     1024 next=      512 consolidate=  0.290ms frontier=  0.148ms semisort=  0.156ms (keyed= 0.000ms group_by=  0.060ms per_group= 0.033ms)
[pe] round= 15 work=      512 frontier=      512 next=      256 consolidate=  0.114ms frontier=  0.046ms semisort=  0.154ms (keyed= 0.000ms group_by=  0.028ms per_group= 0.102ms)
[pe] round= 16 work=      256 frontier=      256 next=      128 consolidate=  0.078ms frontier=  0.023ms semisort=  0.053ms (keyed= 0.000ms group_by=  0.015ms per_group= 0.024ms)
[pe] round= 17 work=      128 frontier=      128 next=       64 consolidate=  0.035ms frontier=  0.010ms semisort=  0.023ms (keyed= 0.000ms group_by=  0.008ms per_group= 0.006ms)
[pe] round= 18 work=       64 frontier=       64 next=       32 consolidate=  0.029ms frontier=  0.005ms semisort=  0.016ms (keyed= 0.000ms group_by=  0.005ms per_group= 0.003ms)
[pe] round= 19 work=       32 frontier=       32 next=       16 consolidate=  0.014ms frontier=  0.002ms semisort=  0.007ms (keyed= 0.000ms group_by=  0.003ms per_group= 0.002ms)
[pe] round= 20 work=       16 frontier=       16 next=        8 consolidate=  0.008ms frontier=  0.001ms semisort=  0.005ms (keyed= 0.000ms group_by=  0.002ms per_group= 0.001ms)
[pe] round= 21 work=        8 frontier=        8 next=        4 consolidate=  0.004ms frontier=  0.001ms semisort=  0.004ms (keyed= 0.000ms group_by=  0.002ms per_group= 0.001ms)
[pe] round= 22 work=        4 frontier=        4 next=        2 consolidate=  0.002ms frontier=  0.001ms semisort=  0.003ms (keyed= 0.000ms group_by=  0.002ms per_group= 0.001ms)
[pe] round= 23 work=        2 frontier=        0 next=        0 consolidate=  0.001ms frontier=  0.001ms semisort=  0.000ms (break)
[pe] round=  0 work=      260 frontier= 13182000 next=  4394000 consolidate=  9.481ms frontier=  8.642ms semisort=500.334ms (keyed= 0.000ms group_by=167.050ms per_group=147.192ms)
[pe] round=  1 work=  4394000 frontier=  4394000 next=  2097152 consolidate=631.520ms frontier=109.247ms semisort=325.731ms (keyed= 0.000ms group_by= 84.060ms per_group=72.644ms)
[pe] round=  2 work=  2097152 frontier=  2097152 next=  1048576 consolidate=319.209ms frontier= 60.290ms semisort=156.708ms (keyed= 0.000ms group_by= 42.110ms per_group=40.762ms)
[pe] round=  3 work=  1048576 frontier=  1048576 next=   524288 consolidate=153.127ms frontier= 29.235ms semisort= 80.605ms (keyed= 0.000ms group_by= 23.074ms per_group=20.940ms)
[pe] round=  4 work=   524288 frontier=   524288 next=   262144 consolidate= 70.275ms frontier= 14.926ms semisort= 43.157ms (keyed= 0.000ms group_by= 13.915ms per_group=10.759ms)
[pe] round=  5 work=   262144 frontier=   262144 next=   199696 consolidate= 34.420ms frontier=  8.034ms semisort= 21.863ms (keyed= 0.000ms group_by=  6.413ms per_group= 6.337ms)
[pe] round=  6 work=   199696 frontier=   199696 next=   131072 consolidate= 26.002ms frontier=  6.183ms semisort= 13.945ms (keyed= 0.000ms group_by=  3.794ms per_group= 4.148ms)
[pe] round=  7 work=   131072 frontier=   131072 next=    65536 consolidate= 17.509ms frontier=  4.206ms semisort=  7.854ms (keyed= 0.000ms group_by=  2.299ms per_group= 1.929ms)
[pe] round=  8 work=    65536 frontier=    65536 next=    32768 consolidate=  9.216ms frontier=  2.333ms semisort=  6.070ms (keyed= 0.000ms group_by=  2.605ms per_group= 1.170ms)
[pe] round=  9 work=    32768 frontier=    32768 next=    16384 consolidate=  5.005ms frontier=  1.191ms semisort=  2.922ms (keyed= 0.000ms group_by=  1.126ms per_group= 0.631ms)
[pe] round= 10 work=    16384 frontier=    16384 next=     8192 consolidate=  3.283ms frontier=  0.696ms semisort=  1.895ms (keyed= 0.000ms group_by=  0.588ms per_group= 0.490ms)
[pe] round= 11 work=     8192 frontier=     8192 next=     4096 consolidate=  1.819ms frontier=  0.495ms semisort=  0.944ms (keyed= 0.000ms group_by=  0.300ms per_group= 0.258ms)
[pe] round= 12 work=     4096 frontier=     4096 next=     2048 consolidate=  1.054ms frontier=  0.420ms semisort=  0.517ms (keyed= 0.000ms group_by=  0.188ms per_group= 0.150ms)
[pe] round= 13 work=     2048 frontier=     2048 next=     1024 consolidate=  0.396ms frontier=  0.240ms semisort=  0.339ms (keyed= 0.000ms group_by=  0.153ms per_group= 0.101ms)
[pe] round= 14 work=     1024 frontier=     1024 next=      512 consolidate=  0.221ms frontier=  0.201ms semisort=  0.234ms (keyed= 0.000ms group_by=  0.058ms per_group= 0.095ms)
[pe] round= 15 work=      512 frontier=      512 next=      256 consolidate=  0.134ms frontier=  0.045ms semisort=  0.155ms (keyed= 0.000ms group_by=  0.028ms per_group= 0.101ms)
[pe] round= 16 work=      256 frontier=      256 next=      128 consolidate=  0.081ms frontier=  0.018ms semisort=  0.040ms (keyed= 0.000ms group_by=  0.014ms per_group= 0.011ms)
[pe] round= 17 work=      128 frontier=      128 next=       64 consolidate=  0.057ms frontier=  0.006ms semisort=  0.021ms (keyed= 0.000ms group_by=  0.008ms per_group= 0.006ms)
[pe] round= 18 work=       64 frontier=       64 next=       32 consolidate=  0.026ms frontier=  0.004ms semisort=  0.013ms (keyed= 0.000ms group_by=  0.005ms per_group= 0.003ms)
[pe] round= 19 work=       32 frontier=       32 next=       16 consolidate=  0.013ms frontier=  0.002ms semisort=  0.008ms (keyed= 0.000ms group_by=  0.003ms per_group= 0.002ms)
[pe] round= 20 work=       16 frontier=       16 next=        8 consolidate=  0.007ms frontier=  0.001ms semisort=  0.005ms (keyed= 0.000ms group_by=  0.003ms per_group= 0.001ms)
[pe] round= 21 work=        8 frontier=        8 next=        4 consolidate=  0.004ms frontier=  0.001ms semisort=  0.004ms (keyed= 0.000ms group_by=  0.002ms per_group= 0.001ms)
[pe] round= 22 work=        4 frontier=        4 next=        2 consolidate=  0.002ms frontier=  0.001ms semisort=  0.003ms (keyed= 0.000ms group_by=  0.002ms per_group= 0.001ms)
[pe] round= 23 work=        2 frontier=        0 next=        0 consolidate=  0.001ms frontier=  0.001ms semisort=  0.000ms (break)
[pe] round=  0 work=      260 frontier= 13182000 next=  4394000 consolidate=  2.177ms frontier=  3.703ms semisort=483.087ms (keyed= 0.000ms group_by=162.361ms per_group=144.707ms)
[pe] round=  1 work=  4394000 frontier=  4394000 next=  2097152 consolidate=625.660ms frontier=107.187ms semisort=309.090ms (keyed= 0.000ms group_by= 79.269ms per_group=70.098ms)
[pe] round=  2 work=  2097152 frontier=  2097152 next=  1048576 consolidate=323.200ms frontier= 57.738ms semisort=159.368ms (keyed= 0.000ms group_by= 47.437ms per_group=39.840ms)
[pe] round=  3 work=  1048576 frontier=  1048576 next=   524288 consolidate=159.803ms frontier= 28.456ms semisort= 80.804ms (keyed= 0.000ms group_by= 23.170ms per_group=20.745ms)
[pe] round=  4 work=   524288 frontier=   524288 next=   262144 consolidate= 74.198ms frontier= 14.793ms semisort= 41.887ms (keyed= 0.000ms group_by= 12.965ms per_group=10.555ms)
[pe] round=  5 work=   262144 frontier=   262144 next=   199696 consolidate= 36.904ms frontier=  7.945ms semisort= 21.977ms (keyed= 0.000ms group_by=  6.606ms per_group= 6.087ms)
[pe] round=  6 work=   199696 frontier=   199696 next=   131072 consolidate= 28.071ms frontier=  6.173ms semisort= 14.312ms (keyed= 0.000ms group_by=  3.899ms per_group= 4.213ms)
[pe] round=  7 work=   131072 frontier=   131072 next=    65536 consolidate= 18.514ms frontier=  4.171ms semisort=  8.134ms (keyed= 0.000ms group_by=  2.513ms per_group= 2.084ms)
[pe] round=  8 work=    65536 frontier=    65536 next=    32768 consolidate=  9.597ms frontier=  2.398ms semisort=  5.689ms (keyed= 0.000ms group_by=  2.484ms per_group= 1.056ms)
[pe] round=  9 work=    32768 frontier=    32768 next=    16384 consolidate=  5.029ms frontier=  1.485ms semisort=  3.169ms (keyed= 0.000ms group_by=  1.254ms per_group= 0.659ms)
[pe] round= 10 work=    16384 frontier=    16384 next=     8192 consolidate=  3.261ms frontier=  0.839ms semisort=  1.721ms (keyed= 0.000ms group_by=  0.570ms per_group= 0.421ms)
[pe] round= 11 work=     8192 frontier=     8192 next=     4096 consolidate=  1.963ms frontier=  0.457ms semisort=  1.036ms (keyed= 0.000ms group_by=  0.320ms per_group= 0.266ms)
[pe] round= 12 work=     4096 frontier=     4096 next=     2048 consolidate=  0.886ms frontier=  0.390ms semisort=  0.541ms (keyed= 0.000ms group_by=  0.224ms per_group= 0.131ms)
[pe] round= 13 work=     2048 frontier=     2048 next=     1024 consolidate=  0.389ms frontier=  0.213ms semisort=  0.350ms (keyed= 0.000ms group_by=  0.148ms per_group= 0.100ms)
[pe] round= 14 work=     1024 frontier=     1024 next=      512 consolidate=  0.226ms frontier=  0.247ms semisort=  0.178ms (keyed= 0.000ms group_by=  0.060ms per_group= 0.031ms)
[pe] round= 15 work=      512 frontier=      512 next=      256 consolidate=  0.108ms frontier=  0.047ms semisort=  0.152ms (keyed= 0.000ms group_by=  0.029ms per_group= 0.040ms)
[pe] round= 16 work=      256 frontier=      256 next=      128 consolidate=  0.079ms frontier=  0.020ms semisort=  0.040ms (keyed= 0.000ms group_by=  0.015ms per_group= 0.011ms)
[pe] round= 17 work=      128 frontier=      128 next=       64 consolidate=  0.057ms frontier=  0.006ms semisort=  0.021ms (keyed= 0.000ms group_by=  0.008ms per_group= 0.005ms)
[pe] round= 18 work=       64 frontier=       64 next=       32 consolidate=  0.027ms frontier=  0.004ms semisort=  0.013ms (keyed= 0.000ms group_by=  0.005ms per_group= 0.003ms)
[pe] round= 19 work=       32 frontier=       32 next=       16 consolidate=  0.013ms frontier=  0.002ms semisort=  0.008ms (keyed= 0.000ms group_by=  0.003ms per_group= 0.002ms)
[pe] round= 20 work=       16 frontier=       16 next=        8 consolidate=  0.006ms frontier=  0.001ms semisort=  0.005ms (keyed= 0.000ms group_by=  0.002ms per_group= 0.001ms)
[pe] round= 21 work=        8 frontier=        8 next=        4 consolidate=  0.004ms frontier=  0.001ms semisort=  0.004ms (keyed= 0.000ms group_by=  0.002ms per_group= 0.001ms)
[pe] round= 22 work=        4 frontier=        4 next=        2 consolidate=  0.002ms frontier=  0.001ms semisort=  0.003ms (keyed= 0.000ms group_by=  0.002ms per_group= 0.001ms)
[pe] round= 23 work=        2 frontier=        0 next=        0 consolidate=  0.001ms frontier=  0.001ms semisort=  0.000ms (break)
