[synthetic_bench] cube n=125 d=2 classes=7812748 merges=125 ...
[pe] round=  0 work=      250 frontier= 11718750 next=  3906250 consolidate=  2.153ms frontier=  2.714ms semisort=129.271ms (keyed= 0.000ms group_by= 44.693ms per_group=40.887ms)
[pe] round=  1 work=  3906250 frontier=  3906250 next=  1809098 consolidate=124.638ms frontier= 20.430ms semisort= 73.603ms (keyed= 0.000ms group_by= 18.958ms per_group=20.042ms)
[pe] round=  2 work=  1809098 frontier=  1809098 next=  1048576 consolidate= 68.270ms frontier= 11.690ms semisort= 38.103ms (keyed= 0.000ms group_by=  8.893ms per_group=11.498ms)
[pe] round=  3 work=  1048576 frontier=  1048576 next=   524288 consolidate= 49.857ms frontier=  7.951ms semisort= 20.311ms (keyed= 0.000ms group_by=  4.716ms per_group= 6.231ms)
[pe] round=  4 work=   524288 frontier=   524288 next=   262144 consolidate= 19.908ms frontier=  4.628ms semisort= 10.609ms (keyed= 0.000ms group_by=  2.401ms per_group= 3.613ms)
[pe] round=  5 work=   262144 frontier=   262144 next=   131072 consolidate=  9.862ms frontier=  2.293ms semisort=  5.147ms (keyed= 0.000ms group_by=  1.394ms per_group= 1.477ms)
[pe] round=  6 work=   131072 frontier=   131072 next=    65536 consolidate=  5.015ms frontier=  1.330ms semisort=  2.601ms (keyed= 0.000ms group_by=  0.827ms per_group= 0.666ms)
[pe] round=  7 work=    65536 frontier=    65536 next=    32768 consolidate=  2.680ms frontier=  0.741ms semisort=  3.078ms (keyed= 0.000ms group_by=  2.077ms per_group= 0.438ms)
[pe] round=  8 work=    32768 frontier=    32768 next=    16384 consolidate=  1.445ms frontier=  0.474ms semisort=  1.583ms (keyed= 0.000ms group_by=  0.904ms per_group= 0.263ms)
[pe] round=  9 work=    16384 frontier=    16384 next=     8192 consolidate=  1.428ms frontier=  0.289ms semisort=  0.862ms (keyed= 0.000ms group_by=  0.485ms per_group= 0.152ms)
[pe] round= 10 work=     8192 frontier=     8192 next=     4096 consolidate=  0.712ms frontier=  0.324ms semisort=  0.542ms (keyed= 0.000ms group_by=  0.250ms per_group= 0.086ms)
[pe] round= 11 work=     4096 frontier=     4096 next=     2048 consolidate=  0.470ms frontier=  0.144ms semisort=  0.327ms (keyed= 0.000ms group_by=  0.164ms per_group= 0.051ms)
[pe] round= 12 work=     2048 frontier=     2048 next=     1024 consolidate=  0.201ms frontier=  0.185ms semisort=  0.203ms (keyed= 0.000ms group_by=  0.086ms per_group= 0.031ms)
[pe] round= 13 work=     1024 frontier=     1024 next=      512 consolidate=  0.137ms frontier=  0.084ms semisort=  0.117ms (keyed= 0.000ms group_by=  0.048ms per_group= 0.032ms)
[pe] round= 14 work=      512 frontier=      512 next=      256 consolidate=  0.075ms frontier=  0.053ms semisort=  0.100ms (keyed= 0.000ms group_by=  0.029ms per_group= 0.046ms)
[pe] round= 15 work=      256 frontier=      256 next=      128 consolidate=  0.073ms frontier=  0.017ms semisort=  0.041ms (keyed= 0.000ms group_by=  0.015ms per_group= 0.012ms)
[pe] round= 16 work=      128 frontier=      128 next=       64 consolidate=  0.021ms frontier=  0.011ms semisort=  0.021ms (keyed= 0.000ms group_by=  0.009ms per_group= 0.006ms)
[pe] round= 17 work=       64 frontier=       64 next=       32 consolidate=  0.031ms frontier=  0.005ms semisort=  0.012ms (keyed= 0.000ms group_by=  0.005ms per_group= 0.003ms)
[pe] round= 18 work=       32 frontier=       32 next=       16 consolidate=  0.011ms frontier=  0.002ms semisort=  0.008ms (keyed= 0.000ms group_by=  0.003ms per_group= 0.002ms)
[pe] round= 19 work=       16 frontier=       16 next=        8 consolidate=  0.005ms frontier=  0.002ms semisort=  0.005ms (keyed= 0.000ms group_by=  0.002ms per_group= 0.001ms)
[pe] round= 20 work=        8 frontier=        8 next=        4 consolidate=  0.003ms frontier=  0.001ms semisort=  0.004ms (keyed= 0.000ms group_by=  0.002ms per_group= 0.001ms)
[pe] round= 21 work=        4 frontier=        4 next=        2 consolidate=  0.002ms frontier=  0.001ms semisort=  0.003ms (keyed= 0.000ms group_by=  0.002ms per_group= 0.001ms)
[pe] round= 22 work=        2 frontier=        0 next=        0 consolidate=  0.001ms frontier=  0.004ms semisort=  0.000ms (break)
[pe] round=  0 work=      250 frontier= 11718750 next=  3906250 consolidate=  0.688ms frontier=  1.049ms semisort=123.959ms (keyed= 0.000ms group_by= 37.785ms per_group=43.617ms)
[pe] round=  1 work=  3906250 frontier=  3906250 next=  1809098 consolidate=144.887ms frontier= 26.069ms semisort= 75.903ms (keyed= 0.000ms group_by= 19.265ms per_group=21.188ms)
[pe] round=  2 work=  1809098 frontier=  1809098 next=  1048576 consolidate= 69.275ms frontier= 12.775ms semisort= 38.851ms (keyed= 0.000ms group_by=  8.199ms per_group=12.617ms)
[pe] round=  3 work=  1048576 frontier=  1048576 next=   524288 consolidate= 39.135ms frontier=  7.633ms semisort= 20.623ms (keyed= 0.000ms group_by=  4.534ms per_group= 6.696ms)
[pe] round=  4 work=   524288 frontier=   524288 next=   262144 consolidate= 20.648ms frontier=  3.927ms semisort= 11.296ms (keyed= 0.000ms group_by=  2.719ms per_group= 3.990ms)
[pe] round=  5 work=   262144 frontier=   262144 next=   131072 consolidate=  9.939ms frontier=  2.408ms semisort=  5.278ms (keyed= 0.000ms group_by=  1.373ms per_group= 1.632ms)
[pe] round=  6 work=   131072 frontier=   131072 next=    65536 consolidate=  5.225ms frontier=  1.380ms semisort=  2.729ms (keyed= 0.000ms group_by=  0.849ms per_group= 0.741ms)
[pe] round=  7 work=    65536 frontier=    65536 next=    32768 consolidate=  2.758ms frontier=  0.813ms semisort=  3.288ms (keyed= 0.000ms group_by=  2.148ms per_group= 0.494ms)
[pe] round=  8 work=    32768 frontier=    32768 next=    16384 consolidate=  1.657ms frontier=  0.508ms semisort=  1.645ms (keyed= 0.000ms group_by=  0.991ms per_group= 0.301ms)
[pe] round=  9 work=    16384 frontier=    16384 next=     8192 consolidate=  1.593ms frontier=  0.372ms semisort=  0.905ms (keyed= 0.000ms group_by=  0.492ms per_group= 0.167ms)
[pe] round= 10 work=     8192 frontier=     8192 next=     4096 consolidate=  0.808ms frontier=  0.273ms semisort=  0.592ms (keyed= 0.000ms group_by=  0.264ms per_group= 0.090ms)
[pe] round= 11 work=     4096 frontier=     4096 next=     2048 consolidate=  0.457ms frontier=  0.133ms semisort=  0.337ms (keyed= 0.000ms group_by=  0.163ms per_group= 0.052ms)
[pe] round= 12 work=     2048 frontier=     2048 next=     1024 consolidate=  0.214ms frontier=  0.099ms semisort=  0.213ms (keyed= 0.000ms group_by=  0.091ms per_group= 0.033ms)
[pe] round= 13 work=     1024 frontier=     1024 next=      512 consolidate=  0.145ms frontier=  0.082ms semisort=  0.112ms (keyed= 0.000ms group_by=  0.045ms per_group= 0.028ms)
[pe] round= 14 work=      512 frontier=      512 next=      256 consolidate=  0.076ms frontier=  0.055ms semisort=  0.094ms (keyed= 0.000ms group_by=  0.030ms per_group= 0.040ms)
[pe] round= 15 work=      256 frontier=      256 next=      128 consolidate=  0.074ms frontier=  0.018ms semisort=  0.039ms (keyed= 0.000ms group_by=  0.015ms per_group= 0.010ms)
[pe] round= 16 work=      128 frontier=      128 next=       64 consolidate=  0.023ms frontier=  0.014ms semisort=  0.020ms (keyed= 0.000ms group_by=  0.008ms per_group= 0.006ms)
[pe] round= 17 work=       64 frontier=       64 next=       32 consolidate=  0.033ms frontier=  0.005ms semisort=  0.011ms (keyed= 0.000ms group_by=  0.005ms per_group= 0.003ms)
[pe] round= 18 work=       32 frontier=       32 next=       16 consolidate=  0.014ms frontier=  0.002ms semisort=  0.007ms (keyed= 0.000ms group_by=  0.003ms per_group= 0.002ms)
[pe] round= 19 work=       16 frontier=       16 next=        8 consolidate=  0.007ms frontier=  0.002ms semisort=  0.005ms (keyed= 0.000ms group_by=  0.002ms per_group= 0.001ms)
[pe] round= 20 work=        8 frontier=        8 next=        4 consolidate=  0.004ms frontier=  0.001ms semisort=  0.003ms (keyed= 0.000ms group_by=  0.002ms per_group= 0.001ms)
[pe] round= 21 work=        4 frontier=        4 next=        2 consolidate=  0.002ms frontier=  0.001ms semisort=  0.003ms (keyed= 0.000ms group_by=  0.002ms per_group= 0.000ms)
[pe] round= 22 work=        2 frontier=        0 next=        0 consolidate=  0.002ms frontier=  0.001ms semisort=  0.000ms (break)
[pe] round=  0 work=      250 frontier= 11718750 next=  3906250 consolidate=  1.988ms frontier=  3.041ms semisort=142.707ms (keyed= 0.000ms group_by= 46.151ms per_group=45.041ms)
[pe] round=  1 work=  3906250 frontier=  3906250 next=  1809098 consolidate=150.345ms frontier= 25.669ms semisort= 84.297ms (keyed= 0.000ms group_by= 20.120ms per_group=21.826ms)
[pe] round=  2 work=  1809098 frontier=  1809098 next=  1048576 consolidate= 69.496ms frontier= 12.846ms semisort= 41.643ms (keyed= 0.000ms group_by=  8.288ms per_group=12.409ms)
[pe] round=  3 work=  1048576 frontier=  1048576 next=   524288 consolidate= 45.898ms frontier=  7.944ms semisort= 20.111ms (keyed= 0.000ms group_by=  4.487ms per_group= 6.707ms)
[pe] round=  4 work=   524288 frontier=   524288 next=   262144 consolidate= 19.830ms frontier=  4.499ms semisort= 10.525ms (keyed= 0.000ms group_by=  2.421ms per_group= 3.734ms)
[pe] round=  5 work=   262144 frontier=   262144 next=   131072 consolidate= 10.244ms frontier=  2.480ms semisort=  5.520ms (keyed= 0.000ms group_by=  1.437ms per_group= 1.740ms)
[pe] round=  6 work=   131072 frontier=   131072 next=    65536 consolidate=  5.189ms frontier=  1.387ms semisort=  2.862ms (keyed= 0.000ms group_by=  0.923ms per_group= 0.707ms)
[pe] round=  7 work=    65536 frontier=    65536 next=    32768 consolidate=  3.036ms frontier=  0.772ms semisort=  3.205ms (keyed= 0.000ms group_by=  1.932ms per_group= 0.546ms)
[pe] round=  8 work=    32768 frontier=    32768 next=    16384 consolidate=  5.999ms frontier=  1.310ms semisort=  2.281ms (keyed= 0.000ms group_by=  1.019ms per_group= 0.300ms)
[pe] round=  9 work=    16384 frontier=    16384 next=     8192 consolidate=  3.144ms frontier=  0.360ms semisort=  0.901ms (keyed= 0.000ms group_by=  0.477ms per_group= 0.167ms)
[pe] round= 10 work=     8192 frontier=     8192 next=     4096 consolidate=  1.179ms frontier=  0.280ms semisort=  0.571ms (keyed= 0.000ms group_by=  0.248ms per_group= 0.094ms)
[pe] round= 11 work=     4096 frontier=     4096 next=     2048 consolidate=  0.544ms frontier=  0.164ms semisort=  0.365ms (keyed= 0.000ms group_by=  0.161ms per_group= 0.054ms)
[pe] round= 12 work=     2048 frontier=     2048 next=     1024 consolidate=  0.275ms frontier=  0.095ms semisort=  0.197ms (keyed= 0.000ms group_by=  0.086ms per_group= 0.043ms)
[pe] round= 13 work=     1024 frontier=     1024 next=      512 consolidate=  0.199ms frontier=  0.096ms semisort=  0.123ms (keyed= 0.000ms group_by=  0.053ms per_group= 0.026ms)
[pe] round= 14 work=      512 frontier=      512 next=      256 consolidate=  0.121ms frontier=  0.034ms semisort=  0.082ms (keyed= 0.000ms group_by=  0.027ms per_group= 0.022ms)
[pe] round= 15 work=      256 frontier=      256 next=      128 consolidate=  0.045ms frontier=  0.023ms semisort=  0.051ms (keyed= 0.000ms group_by=  0.016ms per_group= 0.018ms)
[pe] round= 16 work=      128 frontier=      128 next=       64 consolidate=  0.038ms frontier=  0.012ms semisort=  0.028ms (keyed= 0.000ms group_by=  0.009ms per_group= 0.012ms)
[pe] round= 17 work=       64 frontier=       64 next=       32 consolidate=  0.031ms frontier=  0.006ms semisort=  0.013ms (keyed= 0.000ms group_by=  0.005ms per_group= 0.003ms)
[pe] round= 18 work=       32 frontier=       32 next=       16 consolidate=  0.013ms frontier=  0.004ms semisort=  0.008ms (keyed= 0.000ms group_by=  0.003ms per_group= 0.002ms)
[pe] round= 19 work=       16 frontier=       16 next=        8 consolidate=  0.013ms frontier=  0.002ms semisort=  0.006ms (keyed= 0.000ms group_by=  0.002ms per_group= 0.002ms)
[pe] round= 20 work=        8 frontier=        8 next=        4 consolidate=  0.004ms frontier=  0.001ms semisort=  0.004ms (keyed= 0.000ms group_by=  0.002ms per_group= 0.001ms)
[pe] round= 21 work=        4 frontier=        4 next=        2 consolidate=  0.002ms frontier=  0.001ms semisort=  0.003ms (keyed= 0.000ms group_by=  0.002ms per_group= 0.001ms)
[pe] round= 22 work=        2 frontier=        0 next=        0 consolidate=  0.002ms frontier=  0.001ms semisort=  0.000ms (break)
[pe] round=  0 work=      250 frontier= 11718750 next=  3906250 consolidate=  3.604ms frontier=  3.397ms semisort=125.914ms (keyed= 0.000ms group_by= 38.213ms per_group=44.221ms)
[pe] round=  1 work=  3906250 frontier=  3906250 next=  1809098 consolidate=149.033ms frontier= 26.896ms semisort= 78.426ms (keyed= 0.000ms group_by= 20.262ms per_group=21.871ms)
[pe] round=  2 work=  1809098 frontier=  1809098 next=  1048576 consolidate= 69.062ms frontier= 12.605ms semisort= 37.043ms (keyed= 0.000ms group_by=  7.882ms per_group=12.738ms)
[pe] round=  3 work=  1048576 frontier=  1048576 next=   524288 consolidate= 38.630ms frontier=  7.749ms semisort= 20.825ms (keyed= 0.000ms group_by=  4.566ms per_group= 6.771ms)
[pe] round=  4 work=   524288 frontier=   524288 next=   262144 consolidate= 18.962ms frontier=  4.508ms semisort= 10.795ms (keyed= 0.000ms group_by=  2.591ms per_group= 3.773ms)
[pe] round=  5 work=   262144 frontier=   262144 next=   131072 consolidate=  9.765ms frontier=  2.366ms semisort=  5.378ms (keyed= 0.000ms group_by=  1.400ms per_group= 1.691ms)
[pe] round=  6 work=   131072 frontier=   131072 next=    65536 consolidate=  5.124ms frontier=  1.430ms semisort=  2.541ms (keyed= 0.000ms group_by=  0.707ms per_group= 0.719ms)
[pe] round=  7 work=    65536 frontier=    65536 next=    32768 consolidate=  2.793ms frontier=  0.783ms semisort=  3.157ms (keyed= 0.000ms group_by=  2.089ms per_group= 0.484ms)
[pe] round=  8 work=    32768 frontier=    32768 next=    16384 consolidate=  1.526ms frontier=  0.511ms semisort=  1.694ms (keyed= 0.000ms group_by=  0.943ms per_group= 0.309ms)
[pe] round=  9 work=    16384 frontier=    16384 next=     8192 consolidate=  1.587ms frontier=  0.312ms semisort=  0.947ms (keyed= 0.000ms group_by=  0.471ms per_group= 0.170ms)
[pe] round= 10 work=     8192 frontier=     8192 next=     4096 consolidate=  0.840ms frontier=  0.279ms semisort=  0.569ms (keyed= 0.000ms group_by=  0.260ms per_group= 0.088ms)
[pe] round= 11 work=     4096 frontier=     4096 next=     2048 consolidate=  0.410ms frontier=  0.153ms semisort=  0.317ms (keyed= 0.000ms group_by=  0.157ms per_group= 0.054ms)
[pe] round= 12 work=     2048 frontier=     2048 next=     1024 consolidate=  0.251ms frontier=  0.189ms semisort=  0.200ms (keyed= 0.000ms group_by=  0.085ms per_group= 0.034ms)
[pe] round= 13 work=     1024 frontier=     1024 next=      512 consolidate=  0.132ms frontier=  0.091ms semisort=  0.127ms (keyed= 0.000ms group_by=  0.053ms per_group= 0.029ms)
[pe] round= 14 work=      512 frontier=      512 next=      256 consolidate=  0.087ms frontier=  0.052ms semisort=  0.098ms (keyed= 0.000ms group_by=  0.032ms per_group= 0.043ms)
[pe] round= 15 work=      256 frontier=      256 next=      128 consolidate=  0.070ms frontier=  0.020ms semisort=  0.044ms (keyed= 0.000ms group_by=  0.016ms per_group= 0.012ms)
[pe] round= 16 work=      128 frontier=      128 next=       64 consolidate=  0.025ms frontier=  0.013ms semisort=  0.027ms (keyed= 0.000ms group_by=  0.008ms per_group= 0.009ms)
[pe] round= 17 work=       64 frontier=       64 next=       32 consolidate=  0.018ms frontier=  0.006ms semisort=  0.013ms (keyed= 0.000ms group_by=  0.005ms per_group= 0.004ms)
[pe] round= 18 work=       32 frontier=       32 next=       16 consolidate=  0.016ms frontier=  0.003ms semisort=  0.008ms (keyed= 0.000ms group_by=  0.003ms per_group= 0.002ms)
[pe] round= 19 work=       16 frontier=       16 next=        8 consolidate=  0.015ms frontier=  0.001ms semisort=  0.005ms (keyed= 0.000ms group_by=  0.003ms per_group= 0.001ms)
[pe] round= 20 work=        8 frontier=        8 next=        4 consolidate=  0.004ms frontier=  0.001ms semisort=  0.004ms (keyed= 0.000ms group_by=  0.002ms per_group= 0.001ms)
[pe] round= 21 work=        4 frontier=        4 next=        2 consolidate=  0.002ms frontier=  0.001ms semisort=  0.004ms (keyed= 0.000ms group_by=  0.002ms per_group= 0.001ms)
[pe] round= 22 work=        2 frontier=        0 next=        0 consolidate=  0.002ms frontier=  0.001ms semisort=  0.000ms (break)
[pe] round=  0 work=      250 frontier= 11718750 next=  3906250 consolidate=  0.651ms frontier=  1.026ms semisort=136.358ms (keyed= 0.000ms group_by= 49.005ms per_group=44.508ms)
[pe] round=  1 work=  3906250 frontier=  3906250 next=  1809098 consolidate=150.117ms frontier= 26.585ms semisort= 77.420ms (keyed= 0.000ms group_by= 19.833ms per_group=21.638ms)
[pe] round=  2 work=  1809098 frontier=  1809098 next=  1048576 consolidate= 68.996ms frontier= 12.501ms semisort= 37.294ms (keyed= 0.000ms group_by=  8.105ms per_group=12.446ms)
[pe] round=  3 work=  1048576 frontier=  1048576 next=   524288 consolidate= 41.655ms frontier=  8.111ms semisort= 19.774ms (keyed= 0.000ms group_by=  4.538ms per_group= 6.609ms)
[pe] round=  4 work=   524288 frontier=   524288 next=   262144 consolidate= 20.455ms frontier=  3.830ms semisort= 11.263ms (keyed= 0.000ms group_by=  2.526ms per_group= 3.863ms)
[pe] round=  5 work=   262144 frontier=   262144 next=   131072 consolidate= 10.426ms frontier=  2.264ms semisort=  5.478ms (keyed= 0.000ms group_by=  1.565ms per_group= 1.680ms)
[pe] round=  6 work=   131072 frontier=   131072 next=    65536 consolidate=  5.073ms frontier=  1.450ms semisort=  2.646ms (keyed= 0.000ms group_by=  0.783ms per_group= 0.728ms)
[pe] round=  7 work=    65536 frontier=    65536 next=    32768 consolidate=  2.670ms frontier=  0.765ms semisort=  2.970ms (keyed= 0.000ms group_by=  1.924ms per_group= 0.472ms)
[pe] round=  8 work=    32768 frontier=    32768 next=    16384 consolidate=  1.527ms frontier=  0.503ms semisort=  1.871ms (keyed= 0.000ms group_by=  1.189ms per_group= 0.304ms)
[pe] round=  9 work=    16384 frontier=    16384 next=     8192 consolidate=  1.493ms frontier=  0.345ms semisort=  0.913ms (keyed= 0.000ms group_by=  0.484ms per_group= 0.175ms)
[pe] round= 10 work=     8192 frontier=     8192 next=     4096 consolidate=  0.826ms frontier=  0.286ms semisort=  0.569ms (keyed= 0.000ms group_by=  0.250ms per_group= 0.091ms)
[pe] round= 11 work=     4096 frontier=     4096 next=     2048 consolidate=  0.410ms frontier=  0.167ms semisort=  0.350ms (keyed= 0.000ms group_by=  0.163ms per_group= 0.055ms)
[pe] round= 12 work=     2048 frontier=     2048 next=     1024 consolidate=  0.198ms frontier=  0.103ms semisort=  0.195ms (keyed= 0.000ms group_by=  0.087ms per_group= 0.036ms)
[pe] round= 13 work=     1024 frontier=     1024 next=      512 consolidate=  0.140ms frontier=  0.092ms semisort=  0.114ms (keyed= 0.000ms group_by=  0.042ms per_group= 0.028ms)
[pe] round= 14 work=      512 frontier=      512 next=      256 consolidate=  0.081ms frontier=  0.055ms semisort=  0.095ms (keyed= 0.000ms group_by=  0.030ms per_group= 0.044ms)
[pe] round= 15 work=      256 frontier=      256 next=      128 consolidate=  0.041ms frontier=  0.030ms semisort=  0.046ms (keyed= 0.000ms group_by=  0.016ms per_group= 0.012ms)
[pe] round= 16 work=      128 frontier=      128 next=       64 consolidate=  0.062ms frontier=  0.007ms semisort=  0.027ms (keyed= 0.000ms group_by=  0.008ms per_group= 0.009ms)
[pe] round= 17 work=       64 frontier=       64 next=       32 consolidate=  0.027ms frontier=  0.005ms semisort=  0.013ms (keyed= 0.000ms group_by=  0.005ms per_group= 0.003ms)
[pe] round= 18 work=       32 frontier=       32 next=       16 consolidate=  0.011ms frontier=  0.004ms semisort=  0.008ms (keyed= 0.000ms group_by=  0.003ms per_group= 0.002ms)
[pe] round= 19 work=       16 frontier=       16 next=        8 consolidate=  0.007ms frontier=  0.001ms semisort=  0.005ms (keyed= 0.000ms group_by=  0.002ms per_group= 0.001ms)
[pe] round= 20 work=        8 frontier=        8 next=        4 consolidate=  0.004ms frontier=  0.001ms semisort=  0.004ms (keyed= 0.000ms group_by=  0.002ms per_group= 0.001ms)
[pe] round= 21 work=        4 frontier=        4 next=        2 consolidate=  0.002ms frontier=  0.001ms semisort=  0.003ms (keyed= 0.000ms group_by=  0.002ms per_group= 0.001ms)
[pe] round= 22 work=        2 frontier=        0 next=        0 consolidate=  0.001ms frontier=  0.001ms semisort=  0.000ms (break)
[pe] round=  0 work=      250 frontier= 11718750 next=  3906250 consolidate=  0.630ms frontier=  1.024ms semisort=126.886ms (keyed= 0.000ms group_by= 38.075ms per_group=46.374ms)
[pe] round=  1 work=  3906250 frontier=  3906250 next=  1809098 consolidate=149.773ms frontier= 26.791ms semisort= 90.129ms (keyed= 0.000ms group_by= 29.593ms per_group=23.182ms)
[pe] round=  2 work=  1809098 frontier=  1809098 next=  1048576 consolidate= 69.610ms frontier= 12.553ms semisort= 38.006ms (keyed= 0.000ms group_by=  8.253ms per_group=12.532ms)
[pe] round=  3 work=  1048576 frontier=  1048576 next=   524288 consolidate= 41.304ms frontier=  7.874ms semisort= 19.924ms (keyed= 0.000ms group_by=  4.622ms per_group= 6.746ms)
[pe] round=  4 work=   524288 frontier=   524288 next=   262144 consolidate= 20.181ms frontier=  3.950ms semisort= 10.869ms (keyed= 0.000ms group_by=  2.603ms per_group= 3.715ms)
[pe] round=  5 work=   262144 frontier=   262144 next=   131072 consolidate= 10.670ms frontier=  2.321ms semisort=  5.541ms (keyed= 0.000ms group_by=  1.566ms per_group= 1.719ms)
[pe] round=  6 work=   131072 frontier=   131072 next=    65536 consolidate=  5.127ms frontier=  1.334ms semisort=  2.611ms (keyed= 0.000ms group_by=  0.730ms per_group= 0.717ms)
[pe] round=  7 work=    65536 frontier=    65536 next=    32768 consolidate=  2.751ms frontier=  0.778ms semisort=  3.072ms (keyed= 0.000ms group_by=  1.983ms per_group= 0.491ms)
[pe] round=  8 work=    32768 frontier=    32768 next=    16384 consolidate=  1.527ms frontier=  0.488ms semisort=  1.625ms (keyed= 0.000ms group_by=  0.972ms per_group= 0.303ms)
[pe] round=  9 work=    16384 frontier=    16384 next=     8192 consolidate=  1.508ms frontier=  0.343ms semisort=  0.907ms (keyed= 0.000ms group_by=  0.480ms per_group= 0.168ms)
[pe] round= 10 work=     8192 frontier=     8192 next=     4096 consolidate=  0.805ms frontier=  0.347ms semisort=  0.585ms (keyed= 0.000ms group_by=  0.250ms per_group= 0.102ms)
[pe] round= 11 work=     4096 frontier=     4096 next=     2048 consolidate=  0.412ms frontier=  0.146ms semisort=  0.332ms (keyed= 0.000ms group_by=  0.160ms per_group= 0.053ms)
[pe] round= 12 work=     2048 frontier=     2048 next=     1024 consolidate=  0.198ms frontier=  0.100ms semisort=  0.184ms (keyed= 0.000ms group_by=  0.083ms per_group= 0.037ms)
[pe] round= 13 work=     1024 frontier=     1024 next=      512 consolidate=  0.142ms frontier=  0.085ms semisort=  0.120ms (keyed= 0.000ms group_by=  0.045ms per_group= 0.032ms)
[pe] round= 14 work=      512 frontier=      512 next=      256 consolidate=  0.078ms frontier=  0.055ms semisort=  0.099ms (keyed= 0.000ms group_by=  0.029ms per_group= 0.046ms)
[pe] round= 15 work=      256 frontier=      256 next=      128 consolidate=  0.071ms frontier=  0.022ms semisort=  0.054ms (keyed= 0.000ms group_by=  0.017ms per_group= 0.020ms)
[pe] round= 16 work=      128 frontier=      128 next=       64 consolidate=  0.041ms frontier=  0.012ms semisort=  0.027ms (keyed= 0.000ms group_by=  0.008ms per_group= 0.009ms)
[pe] round= 17 work=       64 frontier=       64 next=       32 consolidate=  0.033ms frontier=  0.004ms semisort=  0.013ms (keyed= 0.000ms group_by=  0.005ms per_group= 0.004ms)
[pe] round= 18 work=       32 frontier=       32 next=       16 consolidate=  0.011ms frontier=  0.004ms semisort=  0.008ms (keyed= 0.000ms group_by=  0.003ms per_group= 0.002ms)
[pe] round= 19 work=       16 frontier=       16 next=        8 consolidate=  0.009ms frontier=  0.002ms semisort=  0.005ms (keyed= 0.000ms group_by=  0.002ms per_group= 0.001ms)
[pe] round= 20 work=        8 frontier=        8 next=        4 consolidate=  0.004ms frontier=  0.001ms semisort=  0.004ms (keyed= 0.000ms group_by=  0.002ms per_group= 0.001ms)
[pe] round= 21 work=        4 frontier=        4 next=        2 consolidate=  0.002ms frontier=  0.001ms semisort=  0.003ms (keyed= 0.000ms group_by=  0.002ms per_group= 0.001ms)
[pe] round= 22 work=        2 frontier=        0 next=        0 consolidate=  0.001ms frontier=  0.001ms semisort=  0.000ms (break)
