[synthetic_bench] cube n=125 d=2 classes=7812748 merges=125 ...
[pe] round=  0 work=      250 frontier= 11718750 next=  3906250 consolidate=  1.575ms frontier=  1.454ms semisort= 73.804ms (keyed= 0.000ms group_by= 26.537ms per_group=21.616ms)
[pe] round=  1 work=  3906250 frontier=  3906250 next=  1809098 consolidate= 62.540ms frontier= 11.625ms semisort= 41.798ms (keyed= 0.000ms group_by= 11.688ms per_group=11.521ms)
[pe] round=  2 work=  1809098 frontier=  1809098 next=  1048576 consolidate= 35.848ms frontier=  6.875ms semisort= 22.664ms (keyed= 0.000ms group_by=  6.140ms per_group= 6.401ms)
[pe] round=  3 work=  1048576 frontier=  1048576 next=   524288 consolidate= 24.124ms frontier=  4.738ms semisort= 13.010ms (keyed= 0.000ms group_by=  3.036ms per_group= 3.555ms)
[pe] round=  4 work=   524288 frontier=   524288 next=   262144 consolidate= 12.206ms frontier=  2.873ms semisort=  6.647ms (keyed= 0.000ms group_by=  1.471ms per_group= 2.469ms)
[pe] round=  5 work=   262144 frontier=   262144 next=   131072 consolidate=  6.509ms frontier=  1.495ms semisort=  2.907ms (keyed= 0.000ms group_by=  0.689ms per_group= 0.864ms)
[pe] round=  6 work=   131072 frontier=   131072 next=    65536 consolidate=  3.111ms frontier=  0.834ms semisort=  1.471ms (keyed= 0.000ms group_by=  0.425ms per_group= 0.430ms)
[pe] round=  7 work=    65536 frontier=    65536 next=    32768 consolidate=  1.626ms frontier=  0.491ms semisort=  2.526ms (keyed= 0.000ms group_by=  1.918ms per_group= 0.280ms)
[pe] round=  8 work=    32768 frontier=    32768 next=    16384 consolidate=  0.834ms frontier=  0.285ms semisort=  1.286ms (keyed= 0.000ms group_by=  0.933ms per_group= 0.161ms)
[pe] round=  9 work=    16384 frontier=    16384 next=     8192 consolidate=  1.094ms frontier=  0.203ms semisort=  0.682ms (keyed= 0.000ms group_by=  0.456ms per_group= 0.097ms)
[pe] round= 10 work=     8192 frontier=     8192 next=     4096 consolidate=  0.578ms frontier=  0.214ms semisort=  0.463ms (keyed= 0.000ms group_by=  0.257ms per_group= 0.055ms)
[pe] round= 11 work=     4096 frontier=     4096 next=     2048 consolidate=  0.372ms frontier=  0.123ms semisort=  0.286ms (keyed= 0.000ms group_by=  0.149ms per_group= 0.053ms)
[pe] round= 12 work=     2048 frontier=     2048 next=     1024 consolidate=  0.217ms frontier=  0.105ms semisort=  0.165ms (keyed= 0.000ms group_by=  0.082ms per_group= 0.026ms)
[pe] round= 13 work=     1024 frontier=     1024 next=      512 consolidate=  0.136ms frontier=  0.041ms semisort=  0.100ms (keyed= 0.000ms group_by=  0.042ms per_group= 0.021ms)
[pe] round= 14 work=      512 frontier=      512 next=      256 consolidate=  0.074ms frontier=  0.031ms semisort=  0.065ms (keyed= 0.000ms group_by=  0.024ms per_group= 0.018ms)
[pe] round= 15 work=      256 frontier=      256 next=      128 consolidate=  0.049ms frontier=  0.019ms semisort=  0.044ms (keyed= 0.000ms group_by=  0.016ms per_group= 0.013ms)
[pe] round= 16 work=      128 frontier=      128 next=       64 consolidate=  0.038ms frontier=  0.009ms semisort=  0.022ms (keyed= 0.000ms group_by=  0.008ms per_group= 0.007ms)
[pe] round= 17 work=       64 frontier=       64 next=       32 consolidate=  0.017ms frontier=  0.006ms semisort=  0.013ms (keyed= 0.000ms group_by=  0.006ms per_group= 0.004ms)
[pe] round= 18 work=       32 frontier=       32 next=       16 consolidate=  0.012ms frontier=  0.003ms semisort=  0.007ms (keyed= 0.000ms group_by=  0.003ms per_group= 0.002ms)
[pe] round= 19 work=       16 frontier=       16 next=        8 consolidate=  0.007ms frontier=  0.002ms semisort=  0.005ms (keyed= 0.000ms group_by=  0.003ms per_group= 0.001ms)
[pe] round= 20 work=        8 frontier=        8 next=        4 consolidate=  0.003ms frontier=  0.001ms semisort=  0.004ms (keyed= 0.000ms group_by=  0.002ms per_group= 0.001ms)
[pe] round= 21 work=        4 frontier=        4 next=        2 consolidate=  0.002ms frontier=  0.001ms semisort=  0.003ms (keyed= 0.000ms group_by=  0.002ms per_group= 0.001ms)
[pe] round= 22 work=        2 frontier=        0 next=        0 consolidate=  0.002ms frontier=  0.001ms semisort=  0.000ms (break)
[pe] round=  0 work=      250 frontier= 11718750 next=  3906250 consolidate=  0.442ms frontier=  0.879ms semisort= 69.086ms (keyed= 0.000ms group_by= 22.944ms per_group=21.725ms)
[pe] round=  1 work=  3906250 frontier=  3906250 next=  1809098 consolidate= 70.132ms frontier= 14.278ms semisort= 41.944ms (keyed= 0.000ms group_by= 12.189ms per_group=11.266ms)
[pe] round=  2 work=  1809098 frontier=  1809098 next=  1048576 consolidate= 37.407ms frontier=  6.843ms semisort= 22.410ms (keyed= 0.000ms group_by=  5.642ms per_group= 6.557ms)
[pe] round=  3 work=  1048576 frontier=  1048576 next=   524288 consolidate= 24.698ms frontier=  5.254ms semisort= 12.004ms (keyed= 0.000ms group_by=  2.951ms per_group= 3.564ms)
[pe] round=  4 work=   524288 frontier=   524288 next=   262144 consolidate= 13.109ms frontier=  3.048ms semisort=  7.290ms (keyed= 0.000ms group_by=  1.465ms per_group= 2.851ms)
[pe] round=  5 work=   262144 frontier=   262144 next=   131072 consolidate=  7.137ms frontier=  1.460ms semisort=  3.135ms (keyed= 0.000ms group_by=  0.747ms per_group= 0.909ms)
[pe] round=  6 work=   131072 frontier=   131072 next=    65536 consolidate=  3.408ms frontier=  0.864ms semisort=  1.620ms (keyed= 0.000ms group_by=  0.460ms per_group= 0.449ms)
[pe] round=  7 work=    65536 frontier=    65536 next=    32768 consolidate=  1.685ms frontier=  0.443ms semisort=  2.689ms (keyed= 0.000ms group_by=  2.069ms per_group= 0.276ms)
[pe] round=  8 work=    32768 frontier=    32768 next=    16384 consolidate=  0.902ms frontier=  0.307ms semisort=  1.387ms (keyed= 0.000ms group_by=  1.006ms per_group= 0.167ms)
[pe] round=  9 work=    16384 frontier=    16384 next=     8192 consolidate=  1.333ms frontier=  0.214ms semisort=  0.711ms (keyed= 0.000ms group_by=  0.438ms per_group= 0.123ms)
[pe] round= 10 work=     8192 frontier=     8192 next=     4096 consolidate=  0.721ms frontier=  0.210ms semisort=  0.488ms (keyed= 0.000ms group_by=  0.272ms per_group= 0.063ms)
[pe] round= 11 work=     4096 frontier=     4096 next=     2048 consolidate=  0.416ms frontier=  0.123ms semisort=  0.308ms (keyed= 0.000ms group_by=  0.174ms per_group= 0.047ms)
[pe] round= 12 work=     2048 frontier=     2048 next=     1024 consolidate=  0.238ms frontier=  0.115ms semisort=  0.176ms (keyed= 0.000ms group_by=  0.089ms per_group= 0.031ms)
[pe] round= 13 work=     1024 frontier=     1024 next=      512 consolidate=  0.162ms frontier=  0.060ms semisort=  0.125ms (keyed= 0.000ms group_by=  0.049ms per_group= 0.033ms)
[pe] round= 14 work=      512 frontier=      512 next=      256 consolidate=  0.082ms frontier=  0.038ms semisort=  0.085ms (keyed= 0.000ms group_by=  0.031ms per_group= 0.022ms)
[pe] round= 15 work=      256 frontier=      256 next=      128 consolidate=  0.074ms frontier=  0.023ms semisort=  0.042ms (keyed= 0.000ms group_by=  0.015ms per_group= 0.012ms)
[pe] round= 16 work=      128 frontier=      128 next=       64 consolidate=  0.030ms frontier=  0.013ms semisort=  0.028ms (keyed= 0.000ms group_by=  0.009ms per_group= 0.009ms)
[pe] round= 17 work=       64 frontier=       64 next=       32 consolidate=  0.018ms frontier=  0.006ms semisort=  0.013ms (keyed= 0.000ms group_by=  0.005ms per_group= 0.004ms)
[pe] round= 18 work=       32 frontier=       32 next=       16 consolidate=  0.014ms frontier=  0.004ms semisort=  0.008ms (keyed= 0.000ms group_by=  0.004ms per_group= 0.002ms)
[pe] round= 19 work=       16 frontier=       16 next=        8 consolidate=  0.009ms frontier=  0.002ms semisort=  0.006ms (keyed= 0.000ms group_by=  0.003ms per_group= 0.001ms)
[pe] round= 20 work=        8 frontier=        8 next=        4 consolidate=  0.004ms frontier=  0.001ms semisort=  0.004ms (keyed= 0.000ms group_by=  0.002ms per_group= 0.001ms)
[pe] round= 21 work=        4 frontier=        4 next=        2 consolidate=  0.002ms frontier=  0.001ms semisort=  0.003ms (keyed= 0.000ms group_by=  0.002ms per_group= 0.001ms)
[pe] round= 22 work=        2 frontier=        0 next=        0 consolidate=  0.002ms frontier=  0.001ms semisort=  0.000ms (break)
[pe] round=  0 work=      250 frontier= 11718750 next=  3906250 consolidate=  0.485ms frontier=  0.913ms semisort= 71.494ms (keyed= 0.000ms group_by= 22.357ms per_group=25.388ms)
[pe] round=  1 work=  3906250 frontier=  3906250 next=  1809098 consolidate= 73.378ms frontier= 14.696ms semisort= 41.775ms (keyed= 0.000ms group_by= 11.083ms per_group=12.066ms)
[pe] round=  2 work=  1809098 frontier=  1809098 next=  1048576 consolidate= 38.329ms frontier=  7.056ms semisort= 22.405ms (keyed= 0.000ms group_by=  5.556ms per_group= 7.186ms)
[pe] round=  3 work=  1048576 frontier=  1048576 next=   524288 consolidate= 23.843ms frontier=  4.904ms semisort= 12.319ms (keyed= 0.000ms group_by=  2.889ms per_group= 3.777ms)
[pe] round=  4 work=   524288 frontier=   524288 next=   262144 consolidate= 13.001ms frontier=  2.541ms semisort=  6.456ms (keyed= 0.000ms group_by=  1.330ms per_group= 2.085ms)
[pe] round=  5 work=   262144 frontier=   262144 next=   131072 consolidate=  6.415ms frontier=  1.519ms semisort=  3.199ms (keyed= 0.000ms group_by=  0.733ms per_group= 1.000ms)
[pe] round=  6 work=   131072 frontier=   131072 next=    65536 consolidate=  3.332ms frontier=  0.865ms semisort=  1.624ms (keyed= 0.000ms group_by=  0.469ms per_group= 0.512ms)
[pe] round=  7 work=    65536 frontier=    65536 next=    32768 consolidate=  1.692ms frontier=  0.431ms semisort=  2.809ms (keyed= 0.000ms group_by=  2.156ms per_group= 0.311ms)
[pe] round=  8 work=    32768 frontier=    32768 next=    16384 consolidate=  0.901ms frontier=  0.309ms semisort=  1.311ms (keyed= 0.000ms group_by=  0.908ms per_group= 0.187ms)
[pe] round=  9 work=    16384 frontier=    16384 next=     8192 consolidate=  1.373ms frontier=  0.208ms semisort=  0.698ms (keyed= 0.000ms group_by=  0.456ms per_group= 0.106ms)
[pe] round= 10 work=     8192 frontier=     8192 next=     4096 consolidate=  0.725ms frontier=  0.203ms semisort=  0.480ms (keyed= 0.000ms group_by=  0.264ms per_group= 0.063ms)
[pe] round= 11 work=     4096 frontier=     4096 next=     2048 consolidate=  0.384ms frontier=  0.121ms semisort=  0.279ms (keyed= 0.000ms group_by=  0.147ms per_group= 0.045ms)
[pe] round= 12 work=     2048 frontier=     2048 next=     1024 consolidate=  0.244ms frontier=  0.108ms semisort=  0.179ms (keyed= 0.000ms group_by=  0.087ms per_group= 0.031ms)
[pe] round= 13 work=     1024 frontier=     1024 next=      512 consolidate=  0.160ms frontier=  0.052ms semisort=  0.132ms (keyed= 0.000ms group_by=  0.066ms per_group= 0.030ms)
[pe] round= 14 work=      512 frontier=      512 next=      256 consolidate=  0.078ms frontier=  0.038ms semisort=  0.078ms (keyed= 0.000ms group_by=  0.034ms per_group= 0.017ms)
[pe] round= 15 work=      256 frontier=      256 next=      128 consolidate=  0.056ms frontier=  0.021ms semisort=  0.047ms (keyed= 0.000ms group_by=  0.016ms per_group= 0.013ms)
[pe] round= 16 work=      128 frontier=      128 next=       64 consolidate=  0.042ms frontier=  0.012ms semisort=  0.028ms (keyed= 0.000ms group_by=  0.009ms per_group= 0.010ms)
[pe] round= 17 work=       64 frontier=       64 next=       32 consolidate=  0.026ms frontier=  0.006ms semisort=  0.012ms (keyed= 0.000ms group_by=  0.005ms per_group= 0.004ms)
[pe] round= 18 work=       32 frontier=       32 next=       16 consolidate=  0.013ms frontier=  0.004ms semisort=  0.008ms (keyed= 0.000ms group_by=  0.004ms per_group= 0.002ms)
[pe] round= 19 work=       16 frontier=       16 next=        8 consolidate=  0.009ms frontier=  0.002ms semisort=  0.006ms (keyed= 0.000ms group_by=  0.002ms per_group= 0.002ms)
[pe] round= 20 work=        8 frontier=        8 next=        4 consolidate=  0.004ms frontier=  0.001ms semisort=  0.004ms (keyed= 0.000ms group_by=  0.002ms per_group= 0.001ms)
[pe] round= 21 work=        4 frontier=        4 next=        2 consolidate=  0.002ms frontier=  0.001ms semisort=  0.003ms (keyed= 0.000ms group_by=  0.002ms per_group= 0.000ms)
[pe] round= 22 work=        2 frontier=        0 next=        0 consolidate=  0.002ms frontier=  0.001ms semisort=  0.000ms (break)
[pe] round=  0 work=      250 frontier= 11718750 next=  3906250 consolidate=  0.473ms frontier=  1.606ms semisort= 74.577ms (keyed= 0.000ms group_by= 25.891ms per_group=24.917ms)
[pe] round=  1 work=  3906250 frontier=  3906250 next=  1809098 consolidate= 76.321ms frontier= 16.301ms semisort= 42.707ms (keyed= 0.000ms group_by= 11.547ms per_group=12.225ms)
[pe] round=  2 work=  1809098 frontier=  1809098 next=  1048576 consolidate= 39.445ms frontier=  7.433ms semisort= 22.727ms (keyed= 0.000ms group_by=  5.612ms per_group= 7.001ms)
[pe] round=  3 work=  1048576 frontier=  1048576 next=   524288 consolidate= 28.078ms frontier=  4.662ms semisort= 12.889ms (keyed= 0.000ms group_by=  2.971ms per_group= 3.750ms)
[pe] round=  4 work=   524288 frontier=   524288 next=   262144 consolidate= 13.113ms frontier=  2.507ms semisort=  6.953ms (keyed= 0.000ms group_by=  1.412ms per_group= 2.669ms)
[pe] round=  5 work=   262144 frontier=   262144 next=   131072 consolidate=  6.946ms frontier=  1.643ms semisort=  3.219ms (keyed= 0.000ms group_by=  0.743ms per_group= 0.987ms)
[pe] round=  6 work=   131072 frontier=   131072 next=    65536 consolidate=  3.293ms frontier=  0.813ms semisort=  1.731ms (keyed= 0.000ms group_by=  0.478ms per_group= 0.511ms)
[pe] round=  7 work=    65536 frontier=    65536 next=    32768 consolidate=  1.768ms frontier=  0.511ms semisort=  2.732ms (keyed= 0.000ms group_by=  2.050ms per_group= 0.330ms)
[pe] round=  8 work=    32768 frontier=    32768 next=    16384 consolidate=  0.956ms frontier=  0.316ms semisort=  1.297ms (keyed= 0.000ms group_by=  0.888ms per_group= 0.189ms)
[pe] round=  9 work=    16384 frontier=    16384 next=     8192 consolidate=  1.647ms frontier=  0.226ms semisort=  1.051ms (keyed= 0.000ms group_by=  0.479ms per_group= 0.370ms)
[pe] round= 10 work=     8192 frontier=     8192 next=     4096 consolidate=  0.812ms frontier=  0.193ms semisort=  0.495ms (keyed= 0.000ms group_by=  0.272ms per_group= 0.066ms)
[pe] round= 11 work=     4096 frontier=     4096 next=     2048 consolidate=  0.408ms frontier=  0.124ms semisort=  0.316ms (keyed= 0.000ms group_by=  0.179ms per_group= 0.046ms)
[pe] round= 12 work=     2048 frontier=     2048 next=     1024 consolidate=  0.234ms frontier=  0.111ms semisort=  0.188ms (keyed= 0.000ms group_by=  0.091ms per_group= 0.036ms)
[pe] round= 13 work=     1024 frontier=     1024 next=      512 consolidate=  0.157ms frontier=  0.108ms semisort=  0.123ms (keyed= 0.000ms group_by=  0.055ms per_group= 0.027ms)
[pe] round= 14 work=      512 frontier=      512 next=      256 consolidate=  0.084ms frontier=  0.042ms semisort=  0.078ms (keyed= 0.000ms group_by=  0.032ms per_group= 0.020ms)
[pe] round= 15 work=      256 frontier=      256 next=      128 consolidate=  0.050ms frontier=  0.023ms semisort=  0.052ms (keyed= 0.000ms group_by=  0.017ms per_group= 0.015ms)
[pe] round= 16 work=      128 frontier=      128 next=       64 consolidate=  0.038ms frontier=  0.020ms semisort=  0.031ms (keyed= 0.000ms group_by=  0.009ms per_group= 0.010ms)
[pe] round= 17 work=       64 frontier=       64 next=       32 consolidate=  0.020ms frontier=  0.008ms semisort=  0.023ms (keyed= 0.000ms group_by=  0.006ms per_group= 0.013ms)
[pe] round= 18 work=       32 frontier=       32 next=       16 consolidate=  0.013ms frontier=  0.004ms semisort=  0.008ms (keyed= 0.000ms group_by=  0.004ms per_group= 0.002ms)
[pe] round= 19 work=       16 frontier=       16 next=        8 consolidate=  0.010ms frontier=  0.002ms semisort=  0.006ms (keyed= 0.000ms group_by=  0.002ms per_group= 0.002ms)
[pe] round= 20 work=        8 frontier=        8 next=        4 consolidate=  0.004ms frontier=  0.001ms semisort=  0.004ms (keyed= 0.000ms group_by=  0.002ms per_group= 0.001ms)
[pe] round= 21 work=        4 frontier=        4 next=        2 consolidate=  0.003ms frontier=  0.001ms semisort=  0.003ms (keyed= 0.000ms group_by=  0.002ms per_group= 0.000ms)
[pe] round= 22 work=        2 frontier=        0 next=        0 consolidate=  0.002ms frontier=  0.001ms semisort=  0.000ms (break)
[pe] round=  0 work=      250 frontier= 11718750 next=  3906250 consolidate=  2.150ms frontier=  1.689ms semisort= 88.018ms (keyed= 0.000ms group_by= 22.709ms per_group=27.334ms)
[pe] round=  1 work=  3906250 frontier=  3906250 next=  1809098 consolidate= 76.090ms frontier= 14.802ms semisort= 46.527ms (keyed= 0.000ms group_by= 12.171ms per_group=13.811ms)
[pe] round=  2 work=  1809098 frontier=  1809098 next=  1048576 consolidate= 39.575ms frontier=  7.406ms semisort= 24.066ms (keyed= 0.000ms group_by=  5.748ms per_group= 7.952ms)
[pe] round=  3 work=  1048576 frontier=  1048576 next=   524288 consolidate= 25.650ms frontier=  5.464ms semisort= 12.938ms (keyed= 0.000ms group_by=  2.780ms per_group= 4.332ms)
[pe] round=  4 work=   524288 frontier=   524288 next=   262144 consolidate= 13.109ms frontier=  2.506ms semisort=  6.752ms (keyed= 0.000ms group_by=  1.539ms per_group= 2.390ms)
[pe] round=  5 work=   262144 frontier=   262144 next=   131072 consolidate=  6.622ms frontier=  1.616ms semisort=  3.498ms (keyed= 0.000ms group_by=  0.823ms per_group= 1.161ms)
[pe] round=  6 work=   131072 frontier=   131072 next=    65536 consolidate=  3.381ms frontier=  0.879ms semisort=  1.994ms (keyed= 0.000ms group_by=  0.650ms per_group= 0.590ms)
[pe] round=  7 work=    65536 frontier=    65536 next=    32768 consolidate=  1.708ms frontier=  0.454ms semisort=  2.999ms (keyed= 0.000ms group_by=  2.223ms per_group= 0.383ms)
[pe] round=  8 work=    32768 frontier=    32768 next=    16384 consolidate=  0.945ms frontier=  0.307ms semisort=  1.412ms (keyed= 0.000ms group_by=  0.957ms per_group= 0.216ms)
[pe] round=  9 work=    16384 frontier=    16384 next=     8192 consolidate=  1.552ms frontier=  0.223ms semisort=  0.729ms (keyed= 0.000ms group_by=  0.457ms per_group= 0.121ms)
[pe] round= 10 work=     8192 frontier=     8192 next=     4096 consolidate=  0.869ms frontier=  0.230ms semisort=  0.497ms (keyed= 0.000ms group_by=  0.255ms per_group= 0.080ms)
[pe] round= 11 work=     4096 frontier=     4096 next=     2048 consolidate=  0.492ms frontier=  0.122ms semisort=  0.323ms (keyed= 0.000ms group_by=  0.181ms per_group= 0.049ms)
[pe] round= 12 work=     2048 frontier=     2048 next=     1024 consolidate=  0.255ms frontier=  0.111ms semisort=  0.186ms (keyed= 0.000ms group_by=  0.089ms per_group= 0.037ms)
[pe] round= 13 work=     1024 frontier=     1024 next=      512 consolidate=  0.164ms frontier=  0.046ms semisort=  0.129ms (keyed= 0.000ms group_by=  0.052ms per_group= 0.032ms)
[pe] round= 14 work=      512 frontier=      512 next=      256 consolidate=  0.081ms frontier=  0.043ms semisort=  0.085ms (keyed= 0.000ms group_by=  0.031ms per_group= 0.022ms)
[pe] round= 15 work=      256 frontier=      256 next=      128 consolidate=  0.062ms frontier=  0.028ms semisort=  0.054ms (keyed= 0.000ms group_by=  0.019ms per_group= 0.019ms)
[pe] round= 16 work=      128 frontier=      128 next=       64 consolidate=  0.026ms frontier=  0.020ms semisort=  0.035ms (keyed= 0.000ms group_by=  0.010ms per_group= 0.011ms)
[pe] round= 17 work=       64 frontier=       64 next=       32 consolidate=  0.025ms frontier=  0.008ms semisort=  0.013ms (keyed= 0.000ms group_by=  0.006ms per_group= 0.004ms)
[pe] round= 18 work=       32 frontier=       32 next=       16 consolidate=  0.013ms frontier=  0.004ms semisort=  0.008ms (keyed= 0.000ms group_by=  0.004ms per_group= 0.002ms)
[pe] round= 19 work=       16 frontier=       16 next=        8 consolidate=  0.009ms frontier=  0.002ms semisort=  0.006ms (keyed= 0.000ms group_by=  0.003ms per_group= 0.002ms)
[pe] round= 20 work=        8 frontier=        8 next=        4 consolidate=  0.004ms frontier=  0.001ms semisort=  0.004ms (keyed= 0.000ms group_by=  0.002ms per_group= 0.001ms)
[pe] round= 21 work=        4 frontier=        4 next=        2 consolidate=  0.003ms frontier=  0.001ms semisort=  0.003ms (keyed= 0.000ms group_by=  0.002ms per_group= 0.000ms)
[pe] round= 22 work=        2 frontier=        0 next=        0 consolidate=  0.002ms frontier=  0.001ms semisort=  0.000ms (break)
[pe] round=  0 work=      250 frontier= 11718750 next=  3906250 consolidate=  0.464ms frontier=  1.101ms semisort= 73.648ms (keyed= 0.000ms group_by= 22.564ms per_group=27.269ms)
[pe] round=  1 work=  3906250 frontier=  3906250 next=  1809098 consolidate= 75.596ms frontier= 14.865ms semisort= 45.478ms (keyed= 0.000ms group_by= 12.205ms per_group=13.753ms)
[pe] round=  2 work=  1809098 frontier=  1809098 next=  1048576 consolidate= 42.095ms frontier=  7.559ms semisort= 24.123ms (keyed= 0.000ms group_by=  5.554ms per_group= 8.199ms)
[pe] round=  3 work=  1048576 frontier=  1048576 next=   524288 consolidate= 25.570ms frontier=  5.491ms semisort= 13.273ms (keyed= 0.000ms group_by=  3.149ms per_group= 4.320ms)
[pe] round=  4 work=   524288 frontier=   524288 next=   262144 consolidate= 13.347ms frontier=  2.800ms semisort=  7.011ms (keyed= 0.000ms group_by=  1.458ms per_group= 2.379ms)
[pe] round=  5 work=   262144 frontier=   262144 next=   131072 consolidate=  6.766ms frontier=  1.530ms semisort=  3.446ms (keyed= 0.000ms group_by=  0.774ms per_group= 1.180ms)
[pe] round=  6 work=   131072 frontier=   131072 next=    65536 consolidate=  3.399ms frontier=  0.880ms semisort=  1.984ms (keyed= 0.000ms group_by=  0.568ms per_group= 0.588ms)
[pe] round=  7 work=    65536 frontier=    65536 next=    32768 consolidate=  1.713ms frontier=  0.524ms semisort=  2.868ms (keyed= 0.000ms group_by=  2.136ms per_group= 0.355ms)
[pe] round=  8 work=    32768 frontier=    32768 next=    16384 consolidate=  0.967ms frontier=  0.314ms semisort=  1.435ms (keyed= 0.000ms group_by=  0.967ms per_group= 0.219ms)
[pe] round=  9 work=    16384 frontier=    16384 next=     8192 consolidate=  1.555ms frontier=  0.226ms semisort=  0.740ms (keyed= 0.000ms group_by=  0.454ms per_group= 0.125ms)
[pe] round= 10 work=     8192 frontier=     8192 next=     4096 consolidate=  0.840ms frontier=  0.238ms semisort=  0.494ms (keyed= 0.000ms group_by=  0.272ms per_group= 0.073ms)
[pe] round= 11 work=     4096 frontier=     4096 next=     2048 consolidate=  0.481ms frontier=  0.127ms semisort=  0.320ms (keyed= 0.000ms group_by=  0.182ms per_group= 0.047ms)
[pe] round= 12 work=     2048 frontier=     2048 next=     1024 consolidate=  0.249ms frontier=  0.111ms semisort=  0.191ms (keyed= 0.000ms group_by=  0.092ms per_group= 0.037ms)
[pe] round= 13 work=     1024 frontier=     1024 next=      512 consolidate=  0.157ms frontier=  0.078ms semisort=  0.137ms (keyed= 0.000ms group_by=  0.066ms per_group= 0.031ms)
[pe] round= 14 work=      512 frontier=      512 next=      256 consolidate=  0.077ms frontier=  0.039ms semisort=  0.074ms (keyed= 0.000ms group_by=  0.026ms per_group= 0.019ms)
[pe] round= 15 work=      256 frontier=      256 next=      128 consolidate=  0.062ms frontier=  0.023ms semisort=  0.048ms (keyed= 0.000ms group_by=  0.017ms per_group= 0.015ms)
[pe] round= 16 work=      128 frontier=      128 next=       64 consolidate=  0.026ms frontier=  0.021ms semisort=  0.032ms (keyed= 0.000ms group_by=  0.009ms per_group= 0.010ms)
[pe] round= 17 work=       64 frontier=       64 next=       32 consolidate=  0.019ms frontier=  0.009ms semisort=  0.014ms (keyed= 0.000ms group_by=  0.006ms per_group= 0.004ms)
[pe] round= 18 work=       32 frontier=       32 next=       16 consolidate=  0.014ms frontier=  0.004ms semisort=  0.008ms (keyed= 0.000ms group_by=  0.004ms per_group= 0.002ms)
[pe] round= 19 work=       16 frontier=       16 next=        8 consolidate=  0.010ms frontier=  0.002ms semisort=  0.010ms (keyed= 0.000ms group_by=  0.006ms per_group= 0.002ms)
[pe] round= 20 work=        8 frontier=        8 next=        4 consolidate=  0.007ms frontier=  0.002ms semisort=  0.004ms (keyed= 0.000ms group_by=  0.002ms per_group= 0.001ms)
[pe] round= 21 work=        4 frontier=        4 next=        2 consolidate=  0.002ms frontier=  0.001ms semisort=  0.003ms (keyed= 0.000ms group_by=  0.002ms per_group= 0.000ms)
[pe] round= 22 work=        2 frontier=        0 next=        0 consolidate=  0.002ms frontier=  0.001ms semisort=  0.000ms (break)
