[synthetic_bench] cube n=120 d=2 classes=6912238 merges=120 ...
[pe] round=  0 work=      240 frontier= 10368000 next=  3456000 consolidate=  2.888ms frontier=  3.108ms semisort=210.127ms (keyed= 0.000ms group_by= 71.578ms per_group=64.827ms)
[pe] round=  1 work=  3456000 frontier=  3456000 next=  1358848 consolidate=215.587ms frontier= 29.827ms semisort=118.692ms (keyed= 0.000ms group_by= 29.758ms per_group=28.786ms)
[pe] round=  2 work=  1358848 frontier=  1358848 next=  1048576 consolidate= 97.788ms frontier= 15.617ms semisort= 59.864ms (keyed= 0.000ms group_by= 13.993ms per_group=18.107ms)
[pe] round=  3 work=  1048576 frontier=  1048576 next=   524288 consolidate= 68.701ms frontier= 13.529ms semisort= 36.032ms (keyed= 0.000ms group_by=  8.614ms per_group=10.541ms)
[pe] round=  4 work=   524288 frontier=   524288 next=   262144 consolidate= 34.583ms frontier=  8.039ms semisort= 19.178ms (keyed= 0.000ms group_by=  4.670ms per_group= 6.270ms)
[pe] round=  5 work=   262144 frontier=   262144 next=   131072 consolidate= 17.119ms frontier=  3.728ms semisort=  9.509ms (keyed= 0.000ms group_by=  2.785ms per_group= 2.620ms)
[pe] round=  6 work=   131072 frontier=   131072 next=    65536 consolidate=  8.698ms frontier=  2.055ms semisort=  4.644ms (keyed= 0.000ms group_by=  1.466ms per_group= 1.175ms)
[pe] round=  7 work=    65536 frontier=    65536 next=    32768 consolidate=  4.730ms frontier=  1.238ms semisort=  3.826ms (keyed= 0.000ms group_by=  2.081ms per_group= 0.662ms)
[pe] round=  8 work=    32768 frontier=    32768 next=    16384 consolidate=  2.591ms frontier=  0.670ms semisort=  2.191ms (keyed= 0.000ms group_by=  0.975ms per_group= 0.545ms)
[pe] round=  9 work=    16384 frontier=    16384 next=     8192 consolidate=  1.821ms frontier=  0.507ms semisort=  1.372ms (keyed= 0.000ms group_by=  0.555ms per_group= 0.301ms)
[pe] round= 10 work=     8192 frontier=     8192 next=     4096 consolidate=  0.996ms frontier=  0.441ms semisort=  0.724ms (keyed= 0.000ms group_by=  0.308ms per_group= 0.153ms)
[pe] round= 11 work=     4096 frontier=     4096 next=     2048 consolidate=  0.672ms frontier=  0.192ms semisort=  0.385ms (keyed= 0.000ms group_by=  0.157ms per_group= 0.065ms)
[pe] round= 12 work=     2048 frontier=     2048 next=     1024 consolidate=  0.255ms frontier=  0.221ms semisort=  0.202ms (keyed= 0.000ms group_by=  0.088ms per_group= 0.044ms)
[pe] round= 13 work=     1024 frontier=     1024 next=      512 consolidate=  0.166ms frontier=  0.079ms semisort=  0.160ms (keyed= 0.000ms group_by=  0.056ms per_group= 0.032ms)
[pe] round= 14 work=      512 frontier=      512 next=      256 consolidate=  0.085ms frontier=  0.046ms semisort=  0.148ms (keyed= 0.000ms group_by=  0.031ms per_group= 0.030ms)
[pe] round= 15 work=      256 frontier=      256 next=      128 consolidate=  0.076ms frontier=  0.016ms semisort=  0.036ms (keyed= 0.000ms group_by=  0.015ms per_group= 0.011ms)
[pe] round= 16 work=      128 frontier=      128 next=       64 consolidate=  0.025ms frontier=  0.010ms semisort=  0.020ms (keyed= 0.000ms group_by=  0.008ms per_group= 0.006ms)
[pe] round= 17 work=       64 frontier=       64 next=       32 consolidate=  0.027ms frontier=  0.005ms semisort=  0.012ms (keyed= 0.000ms group_by=  0.005ms per_group= 0.003ms)
[pe] round= 18 work=       32 frontier=       32 next=       16 consolidate=  0.013ms frontier=  0.002ms semisort=  0.008ms (keyed= 0.000ms group_by=  0.003ms per_group= 0.002ms)
[pe] round= 19 work=       16 frontier=       16 next=        8 consolidate=  0.005ms frontier=  0.002ms semisort=  0.005ms (keyed= 0.000ms group_by=  0.002ms per_group= 0.001ms)
[pe] round= 20 work=        8 frontier=        8 next=        4 consolidate=  0.003ms frontier=  0.001ms semisort=  0.003ms (keyed= 0.000ms group_by=  0.002ms per_group= 0.001ms)
[pe] round= 21 work=        4 frontier=        4 next=        2 consolidate=  0.002ms frontier=  0.001ms semisort=  0.003ms (keyed= 0.000ms group_by=  0.002ms per_group= 0.001ms)
[pe] round= 22 work=        2 frontier=        0 next=        0 consolidate=  0.001ms frontier=  0.001ms semisort=  0.000ms (break)
[pe] round=  0 work=      240 frontier= 10368000 next=  3456000 consolidate=  0.978ms frontier=  1.497ms semisort=208.959ms (keyed= 0.000ms group_by= 65.113ms per_group=66.829ms)
[pe] round=  1 work=  3456000 frontier=  3456000 next=  1358848 consolidate=246.642ms frontier= 44.101ms semisort=124.143ms (keyed= 0.000ms group_by= 36.249ms per_group=27.345ms)
[pe] round=  2 work=  1358848 frontier=  1358848 next=  1048576 consolidate=100.286ms frontier= 19.171ms semisort= 57.745ms (keyed= 0.000ms group_by= 12.749ms per_group=18.178ms)
[pe] round=  3 work=  1048576 frontier=  1048576 next=   524288 consolidate= 71.068ms frontier= 14.850ms semisort= 35.438ms (keyed= 0.000ms group_by=  8.708ms per_group=10.348ms)
[pe] round=  4 work=   524288 frontier=   524288 next=   262144 consolidate= 35.253ms frontier=  7.642ms semisort= 18.650ms (keyed= 0.000ms group_by=  4.746ms per_group= 5.852ms)
[pe] round=  5 work=   262144 frontier=   262144 next=   131072 consolidate= 17.641ms frontier=  3.957ms semisort=  9.427ms (keyed= 0.000ms group_by=  2.431ms per_group= 2.695ms)
[pe] round=  6 work=   131072 frontier=   131072 next=    65536 consolidate=  9.272ms frontier=  2.198ms semisort=  4.569ms (keyed= 0.000ms group_by=  1.406ms per_group= 1.186ms)
[pe] round=  7 work=    65536 frontier=    65536 next=    32768 consolidate=  5.023ms frontier=  1.462ms semisort=  3.917ms (keyed= 0.000ms group_by=  2.068ms per_group= 0.694ms)
[pe] round=  8 work=    32768 frontier=    32768 next=    16384 consolidate=  2.724ms frontier=  0.892ms semisort=  2.065ms (keyed= 0.000ms group_by=  1.023ms per_group= 0.417ms)
[pe] round=  9 work=    16384 frontier=    16384 next=     8192 consolidate=  1.956ms frontier=  0.428ms semisort=  1.293ms (keyed= 0.000ms group_by=  0.610ms per_group= 0.261ms)
[pe] round= 10 work=     8192 frontier=     8192 next=     4096 consolidate=  1.108ms frontier=  0.525ms semisort=  0.635ms (keyed= 0.000ms group_by=  0.244ms per_group= 0.157ms)
[pe] round= 11 work=     4096 frontier=     4096 next=     2048 consolidate=  0.599ms frontier=  0.256ms semisort=  0.447ms (keyed= 0.000ms group_by=  0.193ms per_group= 0.090ms)
[pe] round= 12 work=     2048 frontier=     2048 next=     1024 consolidate=  0.275ms frontier=  0.169ms semisort=  0.255ms (keyed= 0.000ms group_by=  0.088ms per_group= 0.091ms)
[pe] round= 13 work=     1024 frontier=     1024 next=      512 consolidate=  0.158ms frontier=  0.146ms semisort=  0.155ms (keyed= 0.000ms group_by=  0.061ms per_group= 0.034ms)
[pe] round= 14 work=      512 frontier=      512 next=      256 consolidate=  0.084ms frontier=  0.045ms semisort=  0.091ms (keyed= 0.000ms group_by=  0.029ms per_group= 0.034ms)
[pe] round= 15 work=      256 frontier=      256 next=      128 consolidate=  0.073ms frontier=  0.017ms semisort=  0.040ms (keyed= 0.000ms group_by=  0.015ms per_group= 0.011ms)
[pe] round= 16 work=      128 frontier=      128 next=       64 consolidate=  0.038ms frontier=  0.009ms semisort=  0.021ms (keyed= 0.000ms group_by=  0.008ms per_group= 0.006ms)
[pe] round= 17 work=       64 frontier=       64 next=       32 consolidate=  0.027ms frontier=  0.004ms semisort=  0.012ms (keyed= 0.000ms group_by=  0.005ms per_group= 0.003ms)
[pe] round= 18 work=       32 frontier=       32 next=       16 consolidate=  0.012ms frontier=  0.002ms semisort=  0.008ms (keyed= 0.000ms group_by=  0.003ms per_group= 0.002ms)
[pe] round= 19 work=       16 frontier=       16 next=        8 consolidate=  0.006ms frontier=  0.002ms semisort=  0.005ms (keyed= 0.000ms group_by=  0.002ms per_group= 0.001ms)
[pe] round= 20 work=        8 frontier=        8 next=        4 consolidate=  0.003ms frontier=  0.001ms semisort=  0.004ms (keyed= 0.000ms group_by=  0.002ms per_group= 0.001ms)
[pe] round= 21 work=        4 frontier=        4 next=        2 consolidate=  0.002ms frontier=  0.001ms semisort=  0.003ms (keyed= 0.000ms group_by=  0.002ms per_group= 0.001ms)
[pe] round= 22 work=        2 frontier=        0 next=        0 consolidate=  0.001ms frontier=  0.001ms semisort=  0.000ms (break)
[pe] round=  0 work=      240 frontier= 10368000 next=  3456000 consolidate=  5.150ms frontier=  4.899ms semisort=201.902ms (keyed= 0.000ms group_by= 65.465ms per_group=62.075ms)
[pe] round=  1 work=  3456000 frontier=  3456000 next=  1358848 consolidate=251.931ms frontier= 41.168ms semisort=129.411ms (keyed= 0.000ms group_by= 38.389ms per_group=27.534ms)
[pe] round=  2 work=  1358848 frontier=  1358848 next=  1048576 consolidate= 99.139ms frontier= 18.036ms semisort= 57.685ms (keyed= 0.000ms group_by= 12.531ms per_group=18.299ms)
[pe] round=  3 work=  1048576 frontier=  1048576 next=   524288 consolidate= 70.995ms frontier= 14.348ms semisort= 35.701ms (keyed= 0.000ms group_by=  8.650ms per_group=10.523ms)
[pe] round=  4 work=   524288 frontier=   524288 next=   262144 consolidate= 37.966ms frontier=  7.265ms semisort= 19.179ms (keyed= 0.000ms group_by=  4.559ms per_group= 6.479ms)
[pe] round=  5 work=   262144 frontier=   262144 next=   131072 consolidate= 17.562ms frontier=  3.729ms semisort= 10.052ms (keyed= 0.000ms group_by=  2.652ms per_group= 3.280ms)
[pe] round=  6 work=   131072 frontier=   131072 next=    65536 consolidate=  9.509ms frontier=  2.167ms semisort=  4.734ms (keyed= 0.000ms group_by=  1.352ms per_group= 1.312ms)
[pe] round=  7 work=    65536 frontier=    65536 next=    32768 consolidate=  5.114ms frontier=  1.371ms semisort=  3.950ms (keyed= 0.000ms group_by=  2.075ms per_group= 0.751ms)
[pe] round=  8 work=    32768 frontier=    32768 next=    16384 consolidate=  2.926ms frontier=  0.718ms semisort=  2.222ms (keyed= 0.000ms group_by=  1.103ms per_group= 0.494ms)
[pe] round=  9 work=    16384 frontier=    16384 next=     8192 consolidate=  2.091ms frontier=  0.711ms semisort=  1.072ms (keyed= 0.000ms group_by=  0.518ms per_group= 0.247ms)
[pe] round= 10 work=     8192 frontier=     8192 next=     4096 consolidate=  1.089ms frontier=  0.386ms semisort=  0.650ms (keyed= 0.000ms group_by=  0.249ms per_group= 0.140ms)
[pe] round= 11 work=     4096 frontier=     4096 next=     2048 consolidate=  0.475ms frontier=  0.333ms semisort=  0.390ms (keyed= 0.000ms group_by=  0.154ms per_group= 0.097ms)
[pe] round= 12 work=     2048 frontier=     2048 next=     1024 consolidate=  0.248ms frontier=  0.181ms semisort=  0.246ms (keyed= 0.000ms group_by=  0.081ms per_group= 0.086ms)
[pe] round= 13 work=     1024 frontier=     1024 next=      512 consolidate=  0.160ms frontier=  0.080ms semisort=  0.218ms (keyed= 0.000ms group_by=  0.061ms per_group= 0.099ms)
[pe] round= 14 work=      512 frontier=      512 next=      256 consolidate=  0.082ms frontier=  0.046ms semisort=  0.086ms (keyed= 0.000ms group_by=  0.032ms per_group= 0.029ms)
[pe] round= 15 work=      256 frontier=      256 next=      128 consolidate=  0.060ms frontier=  0.021ms semisort=  0.036ms (keyed= 0.000ms group_by=  0.014ms per_group= 0.011ms)
[pe] round= 16 work=      128 frontier=      128 next=       64 consolidate=  0.038ms frontier=  0.009ms semisort=  0.023ms (keyed= 0.000ms group_by=  0.008ms per_group= 0.007ms)
[pe] round= 17 work=       64 frontier=       64 next=       32 consolidate=  0.026ms frontier=  0.004ms semisort=  0.012ms (keyed= 0.000ms group_by=  0.005ms per_group= 0.003ms)
[pe] round= 18 work=       32 frontier=       32 next=       16 consolidate=  0.015ms frontier=  0.003ms semisort=  0.008ms (keyed= 0.000ms group_by=  0.003ms per_group= 0.002ms)
[pe] round= 19 work=       16 frontier=       16 next=        8 consolidate=  0.006ms frontier=  0.002ms semisort=  0.005ms (keyed= 0.000ms group_by=  0.002ms per_group= 0.001ms)
[pe] round= 20 work=        8 frontier=        8 next=        4 consolidate=  0.004ms frontier=  0.001ms semisort=  0.004ms (keyed= 0.000ms group_by=  0.002ms per_group= 0.001ms)
[pe] round= 21 work=        4 frontier=        4 next=        2 consolidate=  0.002ms frontier=  0.001ms semisort=  0.003ms (keyed= 0.000ms group_by=  0.002ms per_group= 0.001ms)
[pe] round= 22 work=        2 frontier=        0 next=        0 consolidate=  0.001ms frontier=  0.001ms semisort=  0.000ms (break)
[pe] round=  0 work=      240 frontier= 10368000 next=  3456000 consolidate=  1.266ms frontier=  1.464ms semisort=197.206ms (keyed= 0.000ms group_by= 63.850ms per_group=60.833ms)
[pe] round=  1 work=  3456000 frontier=  3456000 next=  1358848 consolidate=249.566ms frontier= 43.393ms semisort=129.189ms (keyed= 0.000ms group_by= 37.917ms per_group=27.645ms)
[pe] round=  2 work=  1358848 frontier=  1358848 next=  1048576 consolidate= 99.141ms frontier= 18.443ms semisort= 58.060ms (keyed= 0.000ms group_by= 12.625ms per_group=18.262ms)
[pe] round=  3 work=  1048576 frontier=  1048576 next=   524288 consolidate= 70.355ms frontier= 14.514ms semisort= 35.467ms (keyed= 0.000ms group_by=  8.425ms per_group=10.392ms)
[pe] round=  4 work=   524288 frontier=   524288 next=   262144 consolidate= 34.889ms frontier=  7.233ms semisort= 19.077ms (keyed= 0.000ms group_by=  4.816ms per_group= 5.834ms)
[pe] round=  5 work=   262144 frontier=   262144 next=   131072 consolidate= 17.227ms frontier=  3.580ms semisort=  9.484ms (keyed= 0.000ms group_by=  2.497ms per_group= 2.914ms)
[pe] round=  6 work=   131072 frontier=   131072 next=    65536 consolidate=  9.090ms frontier=  2.023ms semisort=  4.953ms (keyed= 0.000ms group_by=  1.695ms per_group= 1.263ms)
[pe] round=  7 work=    65536 frontier=    65536 next=    32768 consolidate=  4.914ms frontier=  1.315ms semisort=  3.983ms (keyed= 0.000ms group_by=  2.044ms per_group= 0.661ms)
[pe] round=  8 work=    32768 frontier=    32768 next=    16384 consolidate=  2.954ms frontier=  0.741ms semisort=  2.165ms (keyed= 0.000ms group_by=  1.015ms per_group= 0.531ms)
[pe] round=  9 work=    16384 frontier=    16384 next=     8192 consolidate=  1.989ms frontier=  0.586ms semisort=  1.150ms (keyed= 0.000ms group_by=  0.547ms per_group= 0.281ms)
[pe] round= 10 work=     8192 frontier=     8192 next=     4096 consolidate=  1.049ms frontier=  0.372ms semisort=  0.630ms (keyed= 0.000ms group_by=  0.245ms per_group= 0.137ms)
[pe] round= 11 work=     4096 frontier=     4096 next=     2048 consolidate=  0.591ms frontier=  0.265ms semisort=  0.409ms (keyed= 0.000ms group_by=  0.154ms per_group= 0.087ms)
[pe] round= 12 work=     2048 frontier=     2048 next=     1024 consolidate=  0.253ms frontier=  0.155ms semisort=  0.277ms (keyed= 0.000ms group_by=  0.081ms per_group= 0.089ms)
[pe] round= 13 work=     1024 frontier=     1024 next=      512 consolidate=  0.156ms frontier=  0.081ms semisort=  0.124ms (keyed= 0.000ms group_by=  0.044ms per_group= 0.033ms)
[pe] round= 14 work=      512 frontier=      512 next=      256 consolidate=  0.085ms frontier=  0.046ms semisort=  0.091ms (keyed= 0.000ms group_by=  0.031ms per_group= 0.037ms)
[pe] round= 15 work=      256 frontier=      256 next=      128 consolidate=  0.068ms frontier=  0.018ms semisort=  0.040ms (keyed= 0.000ms group_by=  0.017ms per_group= 0.010ms)
[pe] round= 16 work=      128 frontier=      128 next=       64 consolidate=  0.038ms frontier=  0.009ms semisort=  0.021ms (keyed= 0.000ms group_by=  0.008ms per_group= 0.006ms)
[pe] round= 17 work=       64 frontier=       64 next=       32 consolidate=  0.026ms frontier=  0.004ms semisort=  0.013ms (keyed= 0.000ms group_by=  0.005ms per_group= 0.003ms)
[pe] round= 18 work=       32 frontier=       32 next=       16 consolidate=  0.012ms frontier=  0.002ms semisort=  0.008ms (keyed= 0.000ms group_by=  0.003ms per_group= 0.002ms)
[pe] round= 19 work=       16 frontier=       16 next=        8 consolidate=  0.007ms frontier=  0.002ms semisort=  0.005ms (keyed= 0.000ms group_by=  0.003ms per_group= 0.001ms)
[pe] round= 20 work=        8 frontier=        8 next=        4 consolidate=  0.004ms frontier=  0.001ms semisort=  0.004ms (keyed= 0.000ms group_by=  0.002ms per_group= 0.001ms)
[pe] round= 21 work=        4 frontier=        4 next=        2 consolidate=  0.002ms frontier=  0.001ms semisort=  0.003ms (keyed= 0.000ms group_by=  0.002ms per_group= 0.000ms)
[pe] round= 22 work=        2 frontier=        0 next=        0 consolidate=  0.001ms frontier=  0.001ms semisort=  0.000ms (break)
[pe] round=  0 work=      240 frontier= 10368000 next=  3456000 consolidate=  1.006ms frontier=  1.498ms semisort=204.012ms (keyed= 0.000ms group_by= 65.968ms per_group=62.213ms)
[pe] round=  1 work=  3456000 frontier=  3456000 next=  1358848 consolidate=246.644ms frontier= 42.190ms semisort=133.620ms (keyed= 0.000ms group_by= 38.859ms per_group=27.704ms)
[pe] round=  2 work=  1358848 frontier=  1358848 next=  1048576 consolidate= 98.812ms frontier= 17.757ms semisort= 56.666ms (keyed= 0.000ms group_by= 12.763ms per_group=18.456ms)
[pe] round=  3 work=  1048576 frontier=  1048576 next=   524288 consolidate= 71.290ms frontier= 13.917ms semisort= 34.993ms (keyed= 0.000ms group_by=  8.833ms per_group=10.407ms)
[pe] round=  4 work=   524288 frontier=   524288 next=   262144 consolidate= 35.010ms frontier=  7.246ms semisort= 18.575ms (keyed= 0.000ms group_by=  4.607ms per_group= 6.041ms)
[pe] round=  5 work=   262144 frontier=   262144 next=   131072 consolidate= 17.567ms frontier=  3.682ms semisort=  9.305ms (keyed= 0.000ms group_by=  2.446ms per_group= 2.842ms)
[pe] round=  6 work=   131072 frontier=   131072 next=    65536 consolidate=  9.311ms frontier=  2.140ms semisort=  4.757ms (keyed= 0.000ms group_by=  1.569ms per_group= 1.229ms)
[pe] round=  7 work=    65536 frontier=    65536 next=    32768 consolidate=  4.995ms frontier=  1.437ms semisort=  3.797ms (keyed= 0.000ms group_by=  2.033ms per_group= 0.650ms)
[pe] round=  8 work=    32768 frontier=    32768 next=    16384 consolidate=  2.982ms frontier=  0.650ms semisort=  2.168ms (keyed= 0.000ms group_by=  1.053ms per_group= 0.498ms)
[pe] round=  9 work=    16384 frontier=    16384 next=     8192 consolidate=  1.917ms frontier=  0.479ms semisort=  1.188ms (keyed= 0.000ms group_by=  0.482ms per_group= 0.309ms)
[pe] round= 10 work=     8192 frontier=     8192 next=     4096 consolidate=  1.177ms frontier=  0.455ms semisort=  0.731ms (keyed= 0.000ms group_by=  0.249ms per_group= 0.162ms)
[pe] round= 11 work=     4096 frontier=     4096 next=     2048 consolidate=  0.543ms frontier=  0.297ms semisort=  0.404ms (keyed= 0.000ms group_by=  0.155ms per_group= 0.085ms)
[pe] round= 12 work=     2048 frontier=     2048 next=     1024 consolidate=  0.242ms frontier=  0.154ms semisort=  0.270ms (keyed= 0.000ms group_by=  0.080ms per_group= 0.092ms)
[pe] round= 13 work=     1024 frontier=     1024 next=      512 consolidate=  0.161ms frontier=  0.080ms semisort=  0.152ms (keyed= 0.000ms group_by=  0.060ms per_group= 0.033ms)
[pe] round= 14 work=      512 frontier=      512 next=      256 consolidate=  0.080ms frontier=  0.045ms semisort=  0.078ms (keyed= 0.000ms group_by=  0.027ms per_group= 0.025ms)
[pe] round= 15 work=      256 frontier=      256 next=      128 consolidate=  0.079ms frontier=  0.016ms semisort=  0.035ms (keyed= 0.000ms group_by=  0.014ms per_group= 0.010ms)
[pe] round= 16 work=      128 frontier=      128 next=       64 consolidate=  0.029ms frontier=  0.011ms semisort=  0.020ms (keyed= 0.000ms group_by=  0.008ms per_group= 0.006ms)
[pe] round= 17 work=       64 frontier=       64 next=       32 consolidate=  0.024ms frontier=  0.005ms semisort=  0.012ms (keyed= 0.000ms group_by=  0.005ms per_group= 0.003ms)
[pe] round= 18 work=       32 frontier=       32 next=       16 consolidate=  0.014ms frontier=  0.002ms semisort=  0.008ms (keyed= 0.000ms group_by=  0.003ms per_group= 0.002ms)
[pe] round= 19 work=       16 frontier=       16 next=        8 consolidate=  0.006ms frontier=  0.002ms semisort=  0.005ms (keyed= 0.000ms group_by=  0.002ms per_group= 0.001ms)
[pe] round= 20 work=        8 frontier=        8 next=        4 consolidate=  0.004ms frontier=  0.001ms semisort=  0.003ms (keyed= 0.000ms group_by=  0.002ms per_group= 0.001ms)
[pe] round= 21 work=        4 frontier=        4 next=        2 consolidate=  0.002ms frontier=  0.001ms semisort=  0.003ms (keyed= 0.000ms group_by=  0.002ms per_group= 0.001ms)
[pe] round= 22 work=        2 frontier=        0 next=        0 consolidate=  0.001ms frontier=  0.001ms semisort=  0.000ms (break)
[pe] round=  0 work=      240 frontier= 10368000 next=  3456000 consolidate=  1.002ms frontier=  1.494ms semisort=205.102ms (keyed= 0.000ms group_by= 63.628ms per_group=66.441ms)
[pe] round=  1 work=  3456000 frontier=  3456000 next=  1358848 consolidate=247.277ms frontier= 42.115ms semisort=129.739ms (keyed= 0.000ms group_by= 40.066ms per_group=27.910ms)
[pe] round=  2 work=  1358848 frontier=  1358848 next=  1048576 consolidate= 99.251ms frontier= 18.089ms semisort= 57.323ms (keyed= 0.000ms group_by= 12.748ms per_group=18.297ms)
[pe] round=  3 work=  1048576 frontier=  1048576 next=   524288 consolidate= 70.467ms frontier= 14.383ms semisort= 34.972ms (keyed= 0.000ms group_by=  8.722ms per_group=10.397ms)
[pe] round=  4 work=   524288 frontier=   524288 next=   262144 consolidate= 34.831ms frontier=  7.520ms semisort= 18.504ms (keyed= 0.000ms group_by=  4.603ms per_group= 5.870ms)
[pe] round=  5 work=   262144 frontier=   262144 next=   131072 consolidate= 17.625ms frontier=  3.807ms semisort=  9.483ms (keyed= 0.000ms group_by=  2.590ms per_group= 2.653ms)
[pe] round=  6 work=   131072 frontier=   131072 next=    65536 consolidate=  9.003ms frontier=  2.240ms semisort=  4.387ms (keyed= 0.000ms group_by=  1.371ms per_group= 1.136ms)
[pe] round=  7 work=    65536 frontier=    65536 next=    32768 consolidate=  4.996ms frontier=  1.240ms semisort=  4.006ms (keyed= 0.000ms group_by=  2.105ms per_group= 0.666ms)
[pe] round=  8 work=    32768 frontier=    32768 next=    16384 consolidate=  2.940ms frontier=  0.725ms semisort=  2.194ms (keyed= 0.000ms group_by=  1.116ms per_group= 0.515ms)
[pe] round=  9 work=    16384 frontier=    16384 next=     8192 consolidate=  2.051ms frontier=  0.482ms semisort=  1.189ms (keyed= 0.000ms group_by=  0.484ms per_group= 0.275ms)
[pe] round= 10 work=     8192 frontier=     8192 next=     4096 consolidate=  1.042ms frontier=  0.377ms semisort=  0.638ms (keyed= 0.000ms group_by=  0.247ms per_group= 0.131ms)
[pe] round= 11 work=     4096 frontier=     4096 next=     2048 consolidate=  0.628ms frontier=  0.249ms semisort=  0.387ms (keyed= 0.000ms group_by=  0.156ms per_group= 0.074ms)
[pe] round= 12 work=     2048 frontier=     2048 next=     1024 consolidate=  0.248ms frontier=  0.220ms semisort=  0.203ms (keyed= 0.000ms group_by=  0.084ms per_group= 0.038ms)
[pe] round= 13 work=     1024 frontier=     1024 next=      512 consolidate=  0.155ms frontier=  0.141ms semisort=  0.126ms (keyed= 0.000ms group_by=  0.050ms per_group= 0.036ms)
[pe] round= 14 work=      512 frontier=      512 next=      256 consolidate=  0.076ms frontier=  0.044ms semisort=  0.091ms (keyed= 0.000ms group_by=  0.028ms per_group= 0.030ms)
[pe] round= 15 work=      256 frontier=      256 next=      128 consolidate=  0.074ms frontier=  0.016ms semisort=  0.038ms (keyed= 0.000ms group_by=  0.015ms per_group= 0.010ms)
[pe] round= 16 work=      128 frontier=      128 next=       64 consolidate=  0.028ms frontier=  0.010ms semisort=  0.025ms (keyed= 0.000ms group_by=  0.011ms per_group= 0.006ms)
[pe] round= 17 work=       64 frontier=       64 next=       32 consolidate=  0.021ms frontier=  0.005ms semisort=  0.013ms (keyed= 0.000ms group_by=  0.005ms per_group= 0.003ms)
[pe] round= 18 work=       32 frontier=       32 next=       16 consolidate=  0.013ms frontier=  0.002ms semisort=  0.008ms (keyed= 0.000ms group_by=  0.003ms per_group= 0.002ms)
[pe] round= 19 work=       16 frontier=       16 next=        8 consolidate=  0.007ms frontier=  0.002ms semisort=  0.005ms (keyed= 0.000ms group_by=  0.002ms per_group= 0.001ms)
[pe] round= 20 work=        8 frontier=        8 next=        4 consolidate=  0.004ms frontier=  0.001ms semisort=  0.003ms (keyed= 0.000ms group_by=  0.002ms per_group= 0.001ms)
[pe] round= 21 work=        4 frontier=        4 next=        2 consolidate=  0.002ms frontier=  0.001ms semisort=  0.003ms (keyed= 0.000ms group_by=  0.002ms per_group= 0.001ms)
[pe] round= 22 work=        2 frontier=        0 next=        0 consolidate=  0.001ms frontier=  0.001ms semisort=  0.000ms (break)
