[synthetic_bench] grid n=190 d=2 classes=144778 merges=190 ...
[pe] round=  0 work=      380 frontier=   144400 next=    72200 consolidate=  0.455ms frontier=  0.375ms semisort= 18.640ms (keyed= 0.000ms group_by=  7.309ms per_group= 5.413ms)
[pe] round=  1 work=    72200 frontier=    72200 next=    32768 consolidate= 15.071ms frontier=  2.552ms semisort= 16.023ms (keyed= 0.000ms group_by=  8.339ms per_group= 2.918ms)
[pe] round=  2 work=    32768 frontier=    32768 next=    16384 consolidate=  7.500ms frontier=  1.321ms semisort=  6.617ms (keyed= 0.000ms group_by=  3.399ms per_group= 1.263ms)
[pe] round=  3 work=    16384 frontier=    16384 next=     8192 consolidate=  3.851ms frontier=  0.715ms semisort=  3.530ms (keyed= 0.000ms group_by=  1.750ms per_group= 0.675ms)
[pe] round=  4 work=     8192 frontier=     8192 next=     6664 consolidate=  1.870ms frontier=  0.396ms semisort=  1.724ms (keyed= 0.000ms group_by=  0.699ms per_group= 0.440ms)
[pe] round=  5 work=     6664 frontier=     6664 next=     4096 consolidate=  1.526ms frontier=  0.333ms semisort=  1.253ms (keyed= 0.000ms group_by=  0.476ms per_group= 0.322ms)
[pe] round=  6 work=     4096 frontier=     4096 next=     2048 consolidate=  0.987ms frontier=  0.236ms semisort=  0.710ms (keyed= 0.000ms group_by=  0.267ms per_group= 0.156ms)
[pe] round=  7 work=     2048 frontier=     2048 next=     1024 consolidate=  0.522ms frontier=  0.129ms semisort=  0.354ms (keyed= 0.000ms group_by=  0.147ms per_group= 0.078ms)
[pe] round=  8 work=     1024 frontier=     1024 next=      512 consolidate=  0.287ms frontier=  0.083ms semisort=  0.193ms (keyed= 0.000ms group_by=  0.074ms per_group= 0.051ms)
[pe] round=  9 work=      512 frontier=      512 next=      256 consolidate=  0.154ms frontier=  0.037ms semisort=  0.119ms (keyed= 0.000ms group_by=  0.044ms per_group= 0.030ms)
[pe] round= 10 work=      256 frontier=      256 next=      128 consolidate=  0.075ms frontier=  0.019ms semisort=  0.060ms (keyed= 0.000ms group_by=  0.024ms per_group= 0.013ms)
[pe] round= 11 work=      128 frontier=      128 next=       64 consolidate=  0.052ms frontier=  0.010ms semisort=  0.034ms (keyed= 0.000ms group_by=  0.014ms per_group= 0.009ms)
[pe] round= 12 work=       64 frontier=       64 next=       32 consolidate=  0.020ms frontier=  0.006ms semisort=  0.019ms (keyed= 0.000ms group_by=  0.008ms per_group= 0.005ms)
[pe] round= 13 work=       32 frontier=       32 next=       16 consolidate=  0.015ms frontier=  0.004ms semisort=  0.012ms (keyed= 0.000ms group_by=  0.005ms per_group= 0.003ms)
[pe] round= 14 work=       16 frontier=       16 next=        8 consolidate=  0.008ms frontier=  0.002ms semisort=  0.008ms (keyed= 0.000ms group_by=  0.004ms per_group= 0.002ms)
[pe] round= 15 work=        8 frontier=        8 next=        4 consolidate=  0.004ms frontier=  0.002ms semisort=  0.006ms (keyed= 0.000ms group_by=  0.003ms per_group= 0.001ms)
[pe] round= 16 work=        4 frontier=        4 next=        2 consolidate=  0.003ms frontier=  0.001ms semisort=  0.005ms (keyed= 0.000ms group_by=  0.003ms per_group= 0.001ms)
[pe] round= 17 work=        2 frontier=        0 next=        0 consolidate=  0.002ms frontier=  0.001ms semisort=  0.000ms (break)
[pe] round=  0 work=      380 frontier=   144400 next=    72200 consolidate=  0.205ms frontier=  0.128ms semisort= 17.126ms (keyed= 0.000ms group_by=  6.315ms per_group= 5.179ms)
[pe] round=  1 work=    72200 frontier=    72200 next=    32768 consolidate= 15.584ms frontier=  3.190ms semisort= 14.568ms (keyed= 0.000ms group_by=  7.796ms per_group= 2.301ms)
[pe] round=  2 work=    32768 frontier=    32768 next=    16384 consolidate=  8.232ms frontier=  1.442ms semisort=  6.535ms (keyed= 0.000ms group_by=  3.317ms per_group= 1.218ms)
[pe] round=  3 work=    16384 frontier=    16384 next=     8192 consolidate=  3.809ms frontier=  0.687ms semisort=  3.487ms (keyed= 0.000ms group_by=  1.782ms per_group= 0.648ms)
[pe] round=  4 work=     8192 frontier=     8192 next=     6664 consolidate=  1.892ms frontier=  0.385ms semisort=  1.805ms (keyed= 0.000ms group_by=  0.747ms per_group= 0.430ms)
[pe] round=  5 work=     6664 frontier=     6664 next=     4096 consolidate=  1.519ms frontier=  0.330ms semisort=  1.237ms (keyed= 0.000ms group_by=  0.474ms per_group= 0.309ms)
[pe] round=  6 work=     4096 frontier=     4096 next=     2048 consolidate=  0.985ms frontier=  0.235ms semisort=  0.706ms (keyed= 0.000ms group_by=  0.270ms per_group= 0.155ms)
[pe] round=  7 work=     2048 frontier=     2048 next=     1024 consolidate=  0.523ms frontier=  0.128ms semisort=  0.359ms (keyed= 0.000ms group_by=  0.149ms per_group= 0.079ms)
[pe] round=  8 work=     1024 frontier=     1024 next=      512 consolidate=  0.270ms frontier=  0.085ms semisort=  0.184ms (keyed= 0.000ms group_by=  0.073ms per_group= 0.042ms)
[pe] round=  9 work=      512 frontier=      512 next=      256 consolidate=  0.149ms frontier=  0.037ms semisort=  0.118ms (keyed= 0.000ms group_by=  0.044ms per_group= 0.029ms)
[pe] round= 10 work=      256 frontier=      256 next=      128 consolidate=  0.078ms frontier=  0.019ms semisort=  0.059ms (keyed= 0.000ms group_by=  0.023ms per_group= 0.013ms)
[pe] round= 11 work=      128 frontier=      128 next=       64 consolidate=  0.053ms frontier=  0.010ms semisort=  0.033ms (keyed= 0.000ms group_by=  0.013ms per_group= 0.009ms)
[pe] round= 12 work=       64 frontier=       64 next=       32 consolidate=  0.021ms frontier=  0.006ms semisort=  0.019ms (keyed= 0.000ms group_by=  0.008ms per_group= 0.005ms)
[pe] round= 13 work=       32 frontier=       32 next=       16 consolidate=  0.015ms frontier=  0.004ms semisort=  0.012ms (keyed= 0.000ms group_by=  0.005ms per_group= 0.003ms)
[pe] round= 14 work=       16 frontier=       16 next=        8 consolidate=  0.008ms frontier=  0.002ms semisort=  0.008ms (keyed= 0.000ms group_by=  0.004ms per_group= 0.002ms)
[pe] round= 15 work=        8 frontier=        8 next=        4 consolidate=  0.004ms frontier=  0.002ms semisort=  0.006ms (keyed= 0.000ms group_by=  0.003ms per_group= 0.001ms)
[pe] round= 16 work=        4 frontier=        4 next=        2 consolidate=  0.003ms frontier=  0.001ms semisort=  0.005ms (keyed= 0.000ms group_by=  0.003ms per_group= 0.001ms)
[pe] round= 17 work=        2 frontier=        0 next=        0 consolidate=  0.002ms frontier=  0.001ms semisort=  0.000ms (break)
[pe] round=  0 work=      380 frontier=   144400 next=    72200 consolidate=  0.196ms frontier=  0.130ms semisort= 17.068ms (keyed= 0.000ms group_by=  6.181ms per_group= 5.117ms)
[pe] round=  1 work=    72200 frontier=    72200 next=    32768 consolidate= 15.045ms frontier=  2.836ms semisort= 14.511ms (keyed= 0.000ms group_by=  7.655ms per_group= 2.315ms)
[pe] round=  2 work=    32768 frontier=    32768 next=    16384 consolidate=  7.919ms frontier=  1.370ms semisort=  6.561ms (keyed= 0.000ms group_by=  3.350ms per_group= 1.272ms)
[pe] round=  3 work=    16384 frontier=    16384 next=     8192 consolidate=  3.784ms frontier=  0.673ms semisort=  3.528ms (keyed= 0.000ms group_by=  1.791ms per_group= 0.686ms)
[pe] round=  4 work=     8192 frontier=     8192 next=     6664 consolidate=  1.921ms frontier=  0.436ms semisort=  1.814ms (keyed= 0.000ms group_by=  0.785ms per_group= 0.448ms)
[pe] round=  5 work=     6664 frontier=     6664 next=     4096 consolidate=  1.523ms frontier=  0.484ms semisort=  1.300ms (keyed= 0.000ms group_by=  0.462ms per_group= 0.354ms)
[pe] round=  6 work=     4096 frontier=     4096 next=     2048 consolidate=  1.003ms frontier=  0.237ms semisort=  0.707ms (keyed= 0.000ms group_by=  0.266ms per_group= 0.157ms)
[pe] round=  7 work=     2048 frontier=     2048 next=     1024 consolidate=  0.534ms frontier=  0.130ms semisort=  0.353ms (keyed= 0.000ms group_by=  0.149ms per_group= 0.080ms)
[pe] round=  8 work=     1024 frontier=     1024 next=      512 consolidate=  0.312ms frontier=  0.082ms semisort=  0.193ms (keyed= 0.000ms group_by=  0.077ms per_group= 0.044ms)
[pe] round=  9 work=      512 frontier=      512 next=      256 consolidate=  0.158ms frontier=  0.038ms semisort=  0.118ms (keyed= 0.000ms group_by=  0.044ms per_group= 0.030ms)
[pe] round= 10 work=      256 frontier=      256 next=      128 consolidate=  0.075ms frontier=  0.019ms semisort=  0.060ms (keyed= 0.000ms group_by=  0.024ms per_group= 0.013ms)
[pe] round= 11 work=      128 frontier=      128 next=       64 consolidate=  0.052ms frontier=  0.010ms semisort=  0.033ms (keyed= 0.000ms group_by=  0.013ms per_group= 0.009ms)
[pe] round= 12 work=       64 frontier=       64 next=       32 consolidate=  0.020ms frontier=  0.006ms semisort=  0.019ms (keyed= 0.000ms group_by=  0.008ms per_group= 0.005ms)
[pe] round= 13 work=       32 frontier=       32 next=       16 consolidate=  0.015ms frontier=  0.004ms semisort=  0.012ms (keyed= 0.000ms group_by=  0.005ms per_group= 0.003ms)
[pe] round= 14 work=       16 frontier=       16 next=        8 consolidate=  0.008ms frontier=  0.002ms semisort=  0.008ms (keyed= 0.000ms group_by=  0.004ms per_group= 0.002ms)
[pe] round= 15 work=        8 frontier=        8 next=        4 consolidate=  0.004ms frontier=  0.002ms semisort=  0.006ms (keyed= 0.000ms group_by=  0.003ms per_group= 0.001ms)
[pe] round= 16 work=        4 frontier=        4 next=        2 consolidate=  0.003ms frontier=  0.001ms semisort=  0.005ms (keyed= 0.000ms group_by=  0.003ms per_group= 0.001ms)
[pe] round= 17 work=        2 frontier=        0 next=        0 consolidate=  0.002ms frontier=  0.001ms semisort=  0.000ms (break)
[pe] round=  0 work=      380 frontier=   144400 next=    72200 consolidate=  0.192ms frontier=  0.129ms semisort= 18.034ms (keyed= 0.000ms group_by=  5.814ms per_group= 5.076ms)
[pe] round=  1 work=    72200 frontier=    72200 next=    32768 consolidate= 15.136ms frontier=  2.779ms semisort= 14.224ms (keyed= 0.002ms group_by=  7.663ms per_group= 2.260ms)
[pe] round=  2 work=    32768 frontier=    32768 next=    16384 consolidate=  7.043ms frontier=  1.339ms semisort=  6.298ms (keyed= 0.000ms group_by=  3.239ms per_group= 1.210ms)
[pe] round=  3 work=    16384 frontier=    16384 next=     8192 consolidate=  3.801ms frontier=  0.678ms semisort=  3.309ms (keyed= 0.000ms group_by=  1.690ms per_group= 0.625ms)
[pe] round=  4 work=     8192 frontier=     8192 next=     6664 consolidate=  1.933ms frontier=  0.379ms semisort=  1.647ms (keyed= 0.000ms group_by=  0.675ms per_group= 0.431ms)
[pe] round=  5 work=     6664 frontier=     6664 next=     4096 consolidate=  1.771ms frontier=  0.352ms semisort=  1.162ms (keyed= 0.000ms group_by=  0.429ms per_group= 0.302ms)
[pe] round=  6 work=     4096 frontier=     4096 next=     2048 consolidate=  0.990ms frontier=  0.232ms semisort=  0.678ms (keyed= 0.000ms group_by=  0.263ms per_group= 0.153ms)
[pe] round=  7 work=     2048 frontier=     2048 next=     1024 consolidate=  0.523ms frontier=  0.129ms semisort=  0.349ms (keyed= 0.000ms group_by=  0.149ms per_group= 0.078ms)
[pe] round=  8 work=     1024 frontier=     1024 next=      512 consolidate=  0.289ms frontier=  0.080ms semisort=  0.189ms (keyed= 0.000ms group_by=  0.073ms per_group= 0.042ms)
[pe] round=  9 work=      512 frontier=      512 next=      256 consolidate=  0.151ms frontier=  0.038ms semisort=  0.115ms (keyed= 0.000ms group_by=  0.044ms per_group= 0.029ms)
[pe] round= 10 work=      256 frontier=      256 next=      128 consolidate=  0.087ms frontier=  0.019ms semisort=  0.063ms (keyed= 0.000ms group_by=  0.023ms per_group= 0.012ms)
[pe] round= 11 work=      128 frontier=      128 next=       64 consolidate=  0.063ms frontier=  0.011ms semisort=  0.034ms (keyed= 0.000ms group_by=  0.014ms per_group= 0.009ms)
[pe] round= 12 work=       64 frontier=       64 next=       32 consolidate=  0.029ms frontier=  0.006ms semisort=  0.019ms (keyed= 0.000ms group_by=  0.008ms per_group= 0.005ms)
[pe] round= 13 work=       32 frontier=       32 next=       16 consolidate=  0.015ms frontier=  0.004ms semisort=  0.012ms (keyed= 0.000ms group_by=  0.006ms per_group= 0.003ms)
[pe] round= 14 work=       16 frontier=       16 next=        8 consolidate=  0.008ms frontier=  0.002ms semisort=  0.008ms (keyed= 0.000ms group_by=  0.004ms per_group= 0.002ms)
[pe] round= 15 work=        8 frontier=        8 next=        4 consolidate=  0.005ms frontier=  0.002ms semisort=  0.006ms (keyed= 0.000ms group_by=  0.004ms per_group= 0.001ms)
[pe] round= 16 work=        4 frontier=        4 next=        2 consolidate=  0.018ms frontier=  0.001ms semisort=  0.005ms (keyed= 0.000ms group_by=  0.003ms per_group= 0.001ms)
[pe] round= 17 work=        2 frontier=        0 next=        0 consolidate=  0.002ms frontier=  0.001ms semisort=  0.000ms (break)
[pe] round=  0 work=      380 frontier=   144400 next=    72200 consolidate=  0.189ms frontier=  0.130ms semisort= 16.355ms (keyed= 0.000ms group_by=  5.843ms per_group= 5.064ms)
[pe] round=  1 work=    72200 frontier=    72200 next=    32768 consolidate= 15.184ms frontier=  2.747ms semisort= 13.979ms (keyed= 0.000ms group_by=  7.432ms per_group= 2.288ms)
[pe] round=  2 work=    32768 frontier=    32768 next=    16384 consolidate=  7.917ms frontier=  1.358ms semisort=  6.293ms (keyed= 0.000ms group_by=  3.259ms per_group= 1.260ms)
[pe] round=  3 work=    16384 frontier=    16384 next=     8192 consolidate=  3.883ms frontier=  0.674ms semisort=  3.287ms (keyed= 0.000ms group_by=  1.691ms per_group= 0.644ms)
[pe] round=  4 work=     8192 frontier=     8192 next=     6664 consolidate=  1.900ms frontier=  0.410ms semisort=  1.678ms (keyed= 0.000ms group_by=  0.662ms per_group= 0.432ms)
[pe] round=  5 work=     6664 frontier=     6664 next=     4096 consolidate=  1.569ms frontier=  0.356ms semisort=  1.232ms (keyed= 0.000ms group_by=  0.506ms per_group= 0.296ms)
[pe] round=  6 work=     4096 frontier=     4096 next=     2048 consolidate=  0.989ms frontier=  0.231ms semisort=  0.672ms (keyed= 0.000ms group_by=  0.259ms per_group= 0.153ms)
[pe] round=  7 work=     2048 frontier=     2048 next=     1024 consolidate=  0.524ms frontier=  0.128ms semisort=  0.342ms (keyed= 0.000ms group_by=  0.145ms per_group= 0.077ms)
[pe] round=  8 work=     1024 frontier=     1024 next=      512 consolidate=  0.316ms frontier=  0.100ms semisort=  0.177ms (keyed= 0.000ms group_by=  0.073ms per_group= 0.041ms)
[pe] round=  9 work=      512 frontier=      512 next=      256 consolidate=  0.150ms frontier=  0.038ms semisort=  0.114ms (keyed= 0.000ms group_by=  0.044ms per_group= 0.029ms)
[pe] round= 10 work=      256 frontier=      256 next=      128 consolidate=  0.076ms frontier=  0.019ms semisort=  0.056ms (keyed= 0.000ms group_by=  0.023ms per_group= 0.013ms)
[pe] round= 11 work=      128 frontier=      128 next=       64 consolidate=  0.052ms frontier=  0.010ms semisort=  0.032ms (keyed= 0.000ms group_by=  0.013ms per_group= 0.009ms)
[pe] round= 12 work=       64 frontier=       64 next=       32 consolidate=  0.021ms frontier=  0.006ms semisort=  0.019ms (keyed= 0.000ms group_by=  0.008ms per_group= 0.005ms)
[pe] round= 13 work=       32 frontier=       32 next=       16 consolidate=  0.015ms frontier=  0.004ms semisort=  0.012ms (keyed= 0.000ms group_by=  0.005ms per_group= 0.003ms)
[pe] round= 14 work=       16 frontier=       16 next=        8 consolidate=  0.008ms frontier=  0.002ms semisort=  0.008ms (keyed= 0.000ms group_by=  0.004ms per_group= 0.002ms)
[pe] round= 15 work=        8 frontier=        8 next=        4 consolidate=  0.004ms frontier=  0.002ms semisort=  0.006ms (keyed= 0.000ms group_by=  0.003ms per_group= 0.001ms)
[pe] round= 16 work=        4 frontier=        4 next=        2 consolidate=  0.003ms frontier=  0.001ms semisort=  0.005ms (keyed= 0.000ms group_by=  0.003ms per_group= 0.001ms)
[pe] round= 17 work=        2 frontier=        0 next=        0 consolidate=  0.002ms frontier=  0.001ms semisort=  0.000ms (break)
[pe] round=  0 work=      380 frontier=   144400 next=    72200 consolidate=  0.191ms frontier=  0.128ms semisort= 16.420ms (keyed= 0.000ms group_by=  5.842ms per_group= 5.072ms)
[pe] round=  1 work=    72200 frontier=    72200 next=    32768 consolidate= 15.172ms frontier=  2.860ms semisort= 14.131ms (keyed= 0.002ms group_by=  7.654ms per_group= 2.375ms)
[pe] round=  2 work=    32768 frontier=    32768 next=    16384 consolidate=  7.125ms frontier=  1.375ms semisort=  6.272ms (keyed= 0.000ms group_by=  3.291ms per_group= 1.190ms)
[pe] round=  3 work=    16384 frontier=    16384 next=     8192 consolidate=  3.849ms frontier=  0.676ms semisort=  3.212ms (keyed= 0.000ms group_by=  1.618ms per_group= 0.640ms)
[pe] round=  4 work=     8192 frontier=     8192 next=     6664 consolidate=  1.928ms frontier=  0.382ms semisort=  1.674ms (keyed= 0.000ms group_by=  0.713ms per_group= 0.420ms)
[pe] round=  5 work=     6664 frontier=     6664 next=     4096 consolidate=  1.556ms frontier=  0.369ms semisort=  1.181ms (keyed= 0.000ms group_by=  0.452ms per_group= 0.298ms)
[pe] round=  6 work=     4096 frontier=     4096 next=     2048 consolidate=  0.985ms frontier=  0.232ms semisort=  0.671ms (keyed= 0.000ms group_by=  0.260ms per_group= 0.152ms)
[pe] round=  7 work=     2048 frontier=     2048 next=     1024 consolidate=  0.536ms frontier=  0.130ms semisort=  0.336ms (keyed= 0.000ms group_by=  0.146ms per_group= 0.077ms)
[pe] round=  8 work=     1024 frontier=     1024 next=      512 consolidate=  0.291ms frontier=  0.079ms semisort=  0.177ms (keyed= 0.000ms group_by=  0.073ms per_group= 0.040ms)
[pe] round=  9 work=      512 frontier=      512 next=      256 consolidate=  0.150ms frontier=  0.038ms semisort=  0.116ms (keyed= 0.000ms group_by=  0.044ms per_group= 0.029ms)
[pe] round= 10 work=      256 frontier=      256 next=      128 consolidate=  0.077ms frontier=  0.019ms semisort=  0.057ms (keyed= 0.000ms group_by=  0.023ms per_group= 0.013ms)
[pe] round= 11 work=      128 frontier=      128 next=       64 consolidate=  0.052ms frontier=  0.010ms semisort=  0.033ms (keyed= 0.000ms group_by=  0.013ms per_group= 0.009ms)
[pe] round= 12 work=       64 frontier=       64 next=       32 consolidate=  0.020ms frontier=  0.006ms semisort=  0.019ms (keyed= 0.000ms group_by=  0.008ms per_group= 0.005ms)
[pe] round= 13 work=       32 frontier=       32 next=       16 consolidate=  0.015ms frontier=  0.004ms semisort=  0.012ms (keyed= 0.000ms group_by=  0.005ms per_group= 0.003ms)
[pe] round= 14 work=       16 frontier=       16 next=        8 consolidate=  0.008ms frontier=  0.002ms semisort=  0.008ms (keyed= 0.000ms group_by=  0.004ms per_group= 0.002ms)
[pe] round= 15 work=        8 frontier=        8 next=        4 consolidate=  0.005ms frontier=  0.002ms semisort=  0.006ms (keyed= 0.000ms group_by=  0.003ms per_group= 0.001ms)
[pe] round= 16 work=        4 frontier=        4 next=        2 consolidate=  0.003ms frontier=  0.001ms semisort=  0.005ms (keyed= 0.000ms group_by=  0.003ms per_group= 0.001ms)
[pe] round= 17 work=        2 frontier=        0 next=        0 consolidate=  0.002ms frontier=  0.001ms semisort=  0.000ms (break)
