[synthetic_bench] grid n=180 d=2 classes=129958 merges=180 ...
[pe] round=  0 work=      360 frontier=   129600 next=    64800 consolidate=  2.796ms frontier=  0.080ms semisort= 20.888ms (keyed= 0.000ms group_by= 14.868ms per_group= 0.982ms)
[pe] round=  1 work=    64800 frontier=    64800 next=    32032 consolidate=  2.396ms frontier=  1.308ms semisort=  9.439ms (keyed= 0.000ms group_by=  7.540ms per_group= 0.574ms)
[pe] round=  2 work=    32032 frontier=    32032 next=    16384 consolidate=  1.435ms frontier=  0.967ms semisort=  5.198ms (keyed= 0.000ms group_by=  4.251ms per_group= 0.305ms)
[pe] round=  3 work=    16384 frontier=    16384 next=     8192 consolidate=  1.491ms frontier=  0.290ms semisort=  2.679ms (keyed= 0.000ms group_by=  2.093ms per_group= 0.116ms)
[pe] round=  4 work=     8192 frontier=     8192 next=     4096 consolidate=  0.851ms frontier=  0.549ms semisort=  1.392ms (keyed= 0.001ms group_by=  0.834ms per_group= 0.228ms)
[pe] round=  5 work=     4096 frontier=     4096 next=     2048 consolidate=  0.541ms frontier=  0.245ms semisort=  0.852ms (keyed= 0.000ms group_by=  0.506ms per_group= 0.150ms)
[pe] round=  6 work=     2048 frontier=     2048 next=     1024 consolidate=  0.378ms frontier=  0.112ms semisort=  0.581ms (keyed= 0.000ms group_by=  0.416ms per_group= 0.053ms)
[pe] round=  7 work=     1024 frontier=     1024 next=      512 consolidate=  0.130ms frontier=  0.072ms semisort=  0.229ms (keyed= 0.000ms group_by=  0.101ms per_group= 0.035ms)
[pe] round=  8 work=      512 frontier=      512 next=      256 consolidate=  0.104ms frontier=  0.058ms semisort=  0.161ms (keyed= 0.000ms group_by=  0.059ms per_group= 0.037ms)
[pe] round=  9 work=      256 frontier=      256 next=      128 consolidate=  0.111ms frontier=  0.057ms semisort=  0.133ms (keyed= 0.000ms group_by=  0.051ms per_group= 0.031ms)
[pe] round= 10 work=      128 frontier=      128 next=       64 consolidate=  0.075ms frontier=  0.027ms semisort=  0.085ms (keyed= 0.000ms group_by=  0.030ms per_group= 0.023ms)
[pe] round= 11 work=       64 frontier=       64 next=       32 consolidate=  0.038ms frontier=  0.019ms semisort=  0.053ms (keyed= 0.000ms group_by=  0.020ms per_group= 0.016ms)
[pe] round= 12 work=       32 frontier=       32 next=       16 consolidate=  0.027ms frontier=  0.017ms semisort=  0.022ms (keyed= 0.000ms group_by=  0.011ms per_group= 0.005ms)
[pe] round= 13 work=       16 frontier=       16 next=        8 consolidate=  0.020ms frontier=  0.005ms semisort=  0.015ms (keyed= 0.000ms group_by=  0.008ms per_group= 0.003ms)
[pe] round= 14 work=        8 frontier=        8 next=        4 consolidate=  0.024ms frontier=  0.004ms semisort=  0.012ms (keyed= 0.000ms group_by=  0.007ms per_group= 0.002ms)
[pe] round= 15 work=        4 frontier=        4 next=        2 consolidate=  0.006ms frontier=  0.002ms semisort=  0.009ms (keyed= 0.000ms group_by=  0.006ms per_group= 0.001ms)
[pe] round= 16 work=        2 frontier=        0 next=        0 consolidate=  0.003ms frontier=  0.001ms semisort=  0.000ms (break)
[pe] round=  0 work=      360 frontier=   129600 next=    64800 consolidate=  0.098ms frontier=  0.065ms semisort= 14.629ms (keyed= 0.000ms group_by= 12.919ms per_group= 0.379ms)
[pe] round=  1 work=    64800 frontier=    64800 next=    32032 consolidate=  1.751ms frontier=  0.993ms semisort=  8.154ms (keyed= 0.000ms group_by=  7.107ms per_group= 0.227ms)
[pe] round=  2 work=    32032 frontier=    32032 next=    16384 consolidate=  0.901ms frontier=  0.555ms semisort=  4.416ms (keyed= 0.000ms group_by=  3.766ms per_group= 0.296ms)
[pe] round=  3 work=    16384 frontier=    16384 next=     8192 consolidate=  1.436ms frontier=  0.292ms semisort=  2.333ms (keyed= 0.000ms group_by=  1.969ms per_group= 0.125ms)
[pe] round=  4 work=     8192 frontier=     8192 next=     4096 consolidate=  0.785ms frontier=  0.337ms semisort=  1.232ms (keyed= 0.000ms group_by=  0.850ms per_group= 0.077ms)
[pe] round=  5 work=     4096 frontier=     4096 next=     2048 consolidate=  0.702ms frontier=  0.173ms semisort=  0.785ms (keyed= 0.000ms group_by=  0.534ms per_group= 0.062ms)
[pe] round=  6 work=     2048 frontier=     2048 next=     1024 consolidate=  0.189ms frontier=  0.109ms semisort=  0.557ms (keyed= 0.000ms group_by=  0.374ms per_group= 0.059ms)
[pe] round=  7 work=     1024 frontier=     1024 next=      512 consolidate=  0.135ms frontier=  0.077ms semisort=  0.250ms (keyed= 0.000ms group_by=  0.118ms per_group= 0.047ms)
[pe] round=  8 work=      512 frontier=      512 next=      256 consolidate=  0.097ms frontier=  0.057ms semisort=  0.176ms (keyed= 0.000ms group_by=  0.058ms per_group= 0.043ms)
[pe] round=  9 work=      256 frontier=      256 next=      128 consolidate=  0.081ms frontier=  0.044ms semisort=  0.146ms (keyed= 0.000ms group_by=  0.047ms per_group= 0.048ms)
[pe] round= 10 work=      128 frontier=      128 next=       64 consolidate=  0.054ms frontier=  0.036ms semisort=  0.092ms (keyed= 0.000ms group_by=  0.029ms per_group= 0.027ms)
[pe] round= 11 work=       64 frontier=       64 next=       32 consolidate=  0.042ms frontier=  0.018ms semisort=  0.044ms (keyed= 0.000ms group_by=  0.019ms per_group= 0.012ms)
[pe] round= 12 work=       32 frontier=       32 next=       16 consolidate=  0.030ms frontier=  0.009ms semisort=  0.022ms (keyed= 0.000ms group_by=  0.011ms per_group= 0.005ms)
[pe] round= 13 work=       16 frontier=       16 next=        8 consolidate=  0.018ms frontier=  0.006ms semisort=  0.015ms (keyed= 0.000ms group_by=  0.008ms per_group= 0.003ms)
[pe] round= 14 work=        8 frontier=        8 next=        4 consolidate=  0.013ms frontier=  0.004ms semisort=  0.011ms (keyed= 0.000ms group_by=  0.006ms per_group= 0.002ms)
[pe] round= 15 work=        4 frontier=        4 next=        2 consolidate=  0.006ms frontier=  0.002ms semisort=  0.009ms (keyed= 0.000ms group_by=  0.006ms per_group= 0.001ms)
[pe] round= 16 work=        2 frontier=        0 next=        0 consolidate=  0.004ms frontier=  0.001ms semisort=  0.000ms (break)
[pe] round=  0 work=      360 frontier=   129600 next=    64800 consolidate=  0.094ms frontier=  0.066ms semisort= 14.332ms (keyed= 0.000ms group_by= 13.038ms per_group= 0.366ms)
[pe] round=  1 work=    64800 frontier=    64800 next=    32032 consolidate=  1.394ms frontier=  0.532ms semisort=  7.905ms (keyed= 0.000ms group_by=  7.050ms per_group= 0.234ms)
[pe] round=  2 work=    32032 frontier=    32032 next=    16384 consolidate=  0.900ms frontier=  0.378ms semisort=  4.472ms (keyed= 0.000ms group_by=  3.794ms per_group= 0.322ms)
[pe] round=  3 work=    16384 frontier=    16384 next=     8192 consolidate=  1.263ms frontier=  0.283ms semisort=  2.303ms (keyed= 0.000ms group_by=  1.936ms per_group= 0.117ms)
[pe] round=  4 work=     8192 frontier=     8192 next=     4096 consolidate=  0.964ms frontier=  0.332ms semisort=  1.267ms (keyed= 0.000ms group_by=  0.874ms per_group= 0.079ms)
[pe] round=  5 work=     4096 frontier=     4096 next=     2048 consolidate=  0.506ms frontier=  0.184ms semisort=  0.778ms (keyed= 0.000ms group_by=  0.522ms per_group= 0.064ms)
[pe] round=  6 work=     2048 frontier=     2048 next=     1024 consolidate=  0.190ms frontier=  0.117ms semisort=  0.366ms (keyed= 0.000ms group_by=  0.198ms per_group= 0.050ms)
[pe] round=  7 work=     1024 frontier=     1024 next=      512 consolidate=  0.145ms frontier=  0.074ms semisort=  0.247ms (keyed= 0.000ms group_by=  0.105ms per_group= 0.046ms)
[pe] round=  8 work=      512 frontier=      512 next=      256 consolidate=  0.116ms frontier=  0.051ms semisort=  0.196ms (keyed= 0.000ms group_by=  0.066ms per_group= 0.067ms)
[pe] round=  9 work=      256 frontier=      256 next=      128 consolidate=  0.112ms frontier=  0.054ms semisort=  0.142ms (keyed= 0.000ms group_by=  0.049ms per_group= 0.032ms)
[pe] round= 10 work=      128 frontier=      128 next=       64 consolidate=  0.092ms frontier=  0.030ms semisort=  0.089ms (keyed= 0.000ms group_by=  0.030ms per_group= 0.026ms)
[pe] round= 11 work=       64 frontier=       64 next=       32 consolidate=  0.050ms frontier=  0.023ms semisort=  0.053ms (keyed= 0.000ms group_by=  0.018ms per_group= 0.017ms)
[pe] round= 12 work=       32 frontier=       32 next=       16 consolidate=  0.028ms frontier=  0.009ms semisort=  0.022ms (keyed= 0.000ms group_by=  0.011ms per_group= 0.005ms)
[pe] round= 13 work=       16 frontier=       16 next=        8 consolidate=  0.016ms frontier=  0.005ms semisort=  0.015ms (keyed= 0.000ms group_by=  0.008ms per_group= 0.003ms)
[pe] round= 14 work=        8 frontier=        8 next=        4 consolidate=  0.015ms frontier=  0.004ms semisort=  0.011ms (keyed= 0.000ms group_by=  0.006ms per_group= 0.002ms)
[pe] round= 15 work=        4 frontier=        4 next=        2 consolidate=  0.006ms frontier=  0.002ms semisort=  0.008ms (keyed= 0.000ms group_by=  0.006ms per_group= 0.001ms)
[pe] round= 16 work=        2 frontier=        0 next=        0 consolidate=  0.003ms frontier=  0.001ms semisort=  0.000ms (break)
[pe] round=  0 work=      360 frontier=   129600 next=    64800 consolidate=  0.091ms frontier=  0.065ms semisort= 14.161ms (keyed= 0.000ms group_by= 13.017ms per_group= 0.388ms)
[pe] round=  1 work=    64800 frontier=    64800 next=    32032 consolidate=  1.331ms frontier=  0.521ms semisort=  7.865ms (keyed= 0.000ms group_by=  7.094ms per_group= 0.234ms)
[pe] round=  2 work=    32032 frontier=    32032 next=    16384 consolidate=  0.881ms frontier=  0.374ms semisort=  4.379ms (keyed= 0.000ms group_by=  3.749ms per_group= 0.295ms)
[pe] round=  3 work=    16384 frontier=    16384 next=     8192 consolidate=  1.300ms frontier=  0.271ms semisort=  2.334ms (keyed= 0.000ms group_by=  1.996ms per_group= 0.115ms)
[pe] round=  4 work=     8192 frontier=     8192 next=     4096 consolidate=  0.954ms frontier=  0.340ms semisort=  1.257ms (keyed= 0.000ms group_by=  0.858ms per_group= 0.081ms)
[pe] round=  5 work=     4096 frontier=     4096 next=     2048 consolidate=  0.502ms frontier=  0.178ms semisort=  0.758ms (keyed= 0.000ms group_by=  0.503ms per_group= 0.072ms)
[pe] round=  6 work=     2048 frontier=     2048 next=     1024 consolidate=  0.203ms frontier=  0.108ms semisort=  0.555ms (keyed= 0.000ms group_by=  0.385ms per_group= 0.053ms)
[pe] round=  7 work=     1024 frontier=     1024 next=      512 consolidate=  0.133ms frontier=  0.086ms semisort=  0.230ms (keyed= 0.000ms group_by=  0.094ms per_group= 0.047ms)
[pe] round=  8 work=      512 frontier=      512 next=      256 consolidate=  0.111ms frontier=  0.063ms semisort=  0.187ms (keyed= 0.000ms group_by=  0.060ms per_group= 0.058ms)
[pe] round=  9 work=      256 frontier=      256 next=      128 consolidate=  0.087ms frontier=  0.046ms semisort=  0.136ms (keyed= 0.000ms group_by=  0.041ms per_group= 0.043ms)
[pe] round= 10 work=      128 frontier=      128 next=       64 consolidate=  0.077ms frontier=  0.029ms semisort=  0.104ms (keyed= 0.000ms group_by=  0.029ms per_group= 0.029ms)
[pe] round= 11 work=       64 frontier=       64 next=       32 consolidate=  0.046ms frontier=  0.016ms semisort=  0.051ms (keyed= 0.000ms group_by=  0.019ms per_group= 0.014ms)
[pe] round= 12 work=       32 frontier=       32 next=       16 consolidate=  0.033ms frontier=  0.009ms semisort=  0.023ms (keyed= 0.000ms group_by=  0.011ms per_group= 0.005ms)
[pe] round= 13 work=       16 frontier=       16 next=        8 consolidate=  0.016ms frontier=  0.006ms semisort=  0.016ms (keyed= 0.000ms group_by=  0.008ms per_group= 0.003ms)
[pe] round= 14 work=        8 frontier=        8 next=        4 consolidate=  0.013ms frontier=  0.003ms semisort=  0.011ms (keyed= 0.000ms group_by=  0.006ms per_group= 0.002ms)
[pe] round= 15 work=        4 frontier=        4 next=        2 consolidate=  0.006ms frontier=  0.002ms semisort=  0.009ms (keyed= 0.000ms group_by=  0.006ms per_group= 0.001ms)
[pe] round= 16 work=        2 frontier=        0 next=        0 consolidate=  0.003ms frontier=  0.001ms semisort=  0.000ms (break)
[pe] round=  0 work=      360 frontier=   129600 next=    64800 consolidate=  0.087ms frontier=  0.066ms semisort= 15.070ms (keyed= 0.000ms group_by= 13.895ms per_group= 0.389ms)
[pe] round=  1 work=    64800 frontier=    64800 next=    32032 consolidate=  1.501ms frontier=  0.515ms semisort=  8.445ms (keyed= 0.000ms group_by=  7.652ms per_group= 0.239ms)
[pe] round=  2 work=    32032 frontier=    32032 next=    16384 consolidate=  0.922ms frontier=  0.388ms semisort=  4.372ms (keyed= 0.000ms group_by=  3.749ms per_group= 0.290ms)
[pe] round=  3 work=    16384 frontier=    16384 next=     8192 consolidate=  1.259ms frontier=  0.261ms semisort=  2.346ms (keyed= 0.000ms group_by=  1.999ms per_group= 0.120ms)
[pe] round=  4 work=     8192 frontier=     8192 next=     4096 consolidate=  0.963ms frontier=  0.325ms semisort=  1.391ms (keyed= 0.000ms group_by=  0.865ms per_group= 0.204ms)
[pe] round=  5 work=     4096 frontier=     4096 next=     2048 consolidate=  0.327ms frontier=  0.182ms semisort=  0.782ms (keyed= 0.000ms group_by=  0.516ms per_group= 0.069ms)
[pe] round=  6 work=     2048 frontier=     2048 next=     1024 consolidate=  0.189ms frontier=  0.108ms semisort=  0.560ms (keyed= 0.000ms group_by=  0.387ms per_group= 0.052ms)
[pe] round=  7 work=     1024 frontier=     1024 next=      512 consolidate=  0.130ms frontier=  0.074ms semisort=  0.241ms (keyed= 0.000ms group_by=  0.100ms per_group= 0.052ms)
[pe] round=  8 work=      512 frontier=      512 next=      256 consolidate=  0.114ms frontier=  0.057ms semisort=  0.172ms (keyed= 0.000ms group_by=  0.058ms per_group= 0.047ms)
[pe] round=  9 work=      256 frontier=      256 next=      128 consolidate=  0.094ms frontier=  0.048ms semisort=  0.138ms (keyed= 0.000ms group_by=  0.040ms per_group= 0.038ms)
[pe] round= 10 work=      128 frontier=      128 next=       64 consolidate=  0.056ms frontier=  0.027ms semisort=  0.098ms (keyed= 0.000ms group_by=  0.028ms per_group= 0.027ms)
[pe] round= 11 work=       64 frontier=       64 next=       32 consolidate=  0.055ms frontier=  0.019ms semisort=  0.049ms (keyed= 0.000ms group_by=  0.017ms per_group= 0.014ms)
[pe] round= 12 work=       32 frontier=       32 next=       16 consolidate=  0.027ms frontier=  0.008ms semisort=  0.022ms (keyed= 0.000ms group_by=  0.011ms per_group= 0.005ms)
[pe] round= 13 work=       16 frontier=       16 next=        8 consolidate=  0.022ms frontier=  0.005ms semisort=  0.015ms (keyed= 0.000ms group_by=  0.008ms per_group= 0.003ms)
[pe] round= 14 work=        8 frontier=        8 next=        4 consolidate=  0.018ms frontier=  0.003ms semisort=  0.011ms (keyed= 0.000ms group_by=  0.006ms per_group= 0.002ms)
[pe] round= 15 work=        4 frontier=        4 next=        2 consolidate=  0.006ms frontier=  0.002ms semisort=  0.008ms (keyed= 0.000ms group_by=  0.006ms per_group= 0.001ms)
[pe] round= 16 work=        2 frontier=        0 next=        0 consolidate=  0.003ms frontier=  0.001ms semisort=  0.000ms (break)
[pe] round=  0 work=      360 frontier=   129600 next=    64800 consolidate=  0.095ms frontier=  0.065ms semisort= 13.976ms (keyed= 0.000ms group_by= 12.832ms per_group= 0.426ms)
[pe] round=  1 work=    64800 frontier=    64800 next=    32032 consolidate=  1.403ms frontier=  0.486ms semisort=  7.885ms (keyed= 0.000ms group_by=  7.071ms per_group= 0.230ms)
[pe] round=  2 work=    32032 frontier=    32032 next=    16384 consolidate=  0.892ms frontier=  0.395ms semisort=  4.409ms (keyed= 0.000ms group_by=  3.798ms per_group= 0.287ms)
[pe] round=  3 work=    16384 frontier=    16384 next=     8192 consolidate=  1.292ms frontier=  0.269ms semisort=  2.185ms (keyed= 0.000ms group_by=  1.823ms per_group= 0.127ms)
[pe] round=  4 work=     8192 frontier=     8192 next=     4096 consolidate=  0.978ms frontier=  0.332ms semisort=  1.301ms (keyed= 0.000ms group_by=  0.899ms per_group= 0.083ms)
[pe] round=  5 work=     4096 frontier=     4096 next=     2048 consolidate=  0.320ms frontier=  0.194ms semisort=  0.779ms (keyed= 0.000ms group_by=  0.518ms per_group= 0.071ms)
[pe] round=  6 work=     2048 frontier=     2048 next=     1024 consolidate=  0.194ms frontier=  0.112ms semisort=  0.565ms (keyed= 0.000ms group_by=  0.386ms per_group= 0.054ms)
[pe] round=  7 work=     1024 frontier=     1024 next=      512 consolidate=  0.150ms frontier=  0.070ms semisort=  0.243ms (keyed= 0.000ms group_by=  0.096ms per_group= 0.058ms)
[pe] round=  8 work=      512 frontier=      512 next=      256 consolidate=  0.111ms frontier=  0.052ms semisort=  0.179ms (keyed= 0.000ms group_by=  0.057ms per_group= 0.055ms)
[pe] round=  9 work=      256 frontier=      256 next=      128 consolidate=  0.104ms frontier=  0.040ms semisort=  0.126ms (keyed= 0.001ms group_by=  0.043ms per_group= 0.028ms)
[pe] round= 10 work=      128 frontier=      128 next=       64 consolidate=  0.084ms frontier=  0.031ms semisort=  0.076ms (keyed= 0.000ms group_by=  0.027ms per_group= 0.024ms)
[pe] round= 11 work=       64 frontier=       64 next=       32 consolidate=  0.043ms frontier=  0.016ms semisort=  0.047ms (keyed= 0.000ms group_by=  0.016ms per_group= 0.013ms)
[pe] round= 12 work=       32 frontier=       32 next=       16 consolidate=  0.026ms frontier=  0.009ms semisort=  0.022ms (keyed= 0.000ms group_by=  0.011ms per_group= 0.005ms)
[pe] round= 13 work=       16 frontier=       16 next=        8 consolidate=  0.016ms frontier=  0.005ms semisort=  0.016ms (keyed= 0.000ms group_by=  0.008ms per_group= 0.003ms)
[pe] round= 14 work=        8 frontier=        8 next=        4 consolidate=  0.011ms frontier=  0.003ms semisort=  0.011ms (keyed= 0.000ms group_by=  0.006ms per_group= 0.002ms)
[pe] round= 15 work=        4 frontier=        4 next=        2 consolidate=  0.006ms frontier=  0.002ms semisort=  0.008ms (keyed= 0.000ms group_by=  0.005ms per_group= 0.001ms)
[pe] round= 16 work=        2 frontier=        0 next=        0 consolidate=  0.004ms frontier=  0.001ms semisort=  0.000ms (break)
