[synthetic_bench] grid n=185 d=2 classes=137268 merges=185 ...
[pe] round=  0 work=      370 frontier=   136900 next=    68450 consolidate=  0.270ms frontier=  0.475ms semisort= 10.164ms (keyed= 0.000ms group_by=  3.975ms per_group= 2.878ms)
[pe] round=  1 work=    68450 frontier=    68450 next=    32768 consolidate=  8.333ms frontier=  1.394ms semisort= 10.846ms (keyed= 0.000ms group_by=  6.954ms per_group= 1.592ms)
[pe] round=  2 work=    32768 frontier=    32768 next=    16384 consolidate=  4.668ms frontier=  0.983ms semisort=  4.723ms (keyed= 0.000ms group_by=  2.919ms per_group= 0.745ms)
[pe] round=  3 work=    16384 frontier=    16384 next=     8192 consolidate=  2.440ms frontier=  0.453ms semisort=  2.467ms (keyed= 0.000ms group_by=  1.471ms per_group= 0.372ms)
[pe] round=  4 work=     8192 frontier=     8192 next=     4096 consolidate=  1.416ms frontier=  0.348ms semisort=  1.143ms (keyed= 0.000ms group_by=  0.559ms per_group= 0.200ms)
[pe] round=  5 work=     4096 frontier=     4096 next=     2914 consolidate=  0.846ms frontier=  0.199ms semisort=  0.981ms (keyed= 0.000ms group_by=  0.636ms per_group= 0.133ms)
[pe] round=  6 work=     2914 frontier=     2914 next=     2048 consolidate=  0.514ms frontier=  0.124ms semisort=  0.437ms (keyed= 0.000ms group_by=  0.191ms per_group= 0.094ms)
[pe] round=  7 work=     2048 frontier=     2048 next=     1024 consolidate=  0.365ms frontier=  0.108ms semisort=  0.303ms (keyed= 0.000ms group_by=  0.154ms per_group= 0.053ms)
[pe] round=  8 work=     1024 frontier=     1024 next=      512 consolidate=  0.188ms frontier=  0.076ms semisort=  0.169ms (keyed= 0.000ms group_by=  0.081ms per_group= 0.030ms)
[pe] round=  9 work=      512 frontier=      512 next=      256 consolidate=  0.120ms frontier=  0.041ms semisort=  0.123ms (keyed= 0.000ms group_by=  0.050ms per_group= 0.028ms)
[pe] round= 10 work=      256 frontier=      256 next=      128 consolidate=  0.063ms frontier=  0.020ms semisort=  0.061ms (keyed= 0.000ms group_by=  0.026ms per_group= 0.014ms)
[pe] round= 11 work=      128 frontier=      128 next=       64 consolidate=  0.043ms frontier=  0.012ms semisort=  0.033ms (keyed= 0.000ms group_by=  0.013ms per_group= 0.008ms)
[pe] round= 12 work=       64 frontier=       64 next=       32 consolidate=  0.023ms frontier=  0.006ms semisort=  0.021ms (keyed= 0.000ms group_by=  0.009ms per_group= 0.005ms)
[pe] round= 13 work=       32 frontier=       32 next=       16 consolidate=  0.012ms frontier=  0.004ms semisort=  0.013ms (keyed= 0.000ms group_by=  0.006ms per_group= 0.003ms)
[pe] round= 14 work=       16 frontier=       16 next=        8 consolidate=  0.008ms frontier=  0.003ms semisort=  0.009ms (keyed= 0.000ms group_by=  0.005ms per_group= 0.002ms)
[pe] round= 15 work=        8 frontier=        8 next=        4 consolidate=  0.005ms frontier=  0.002ms semisort=  0.006ms (keyed= 0.000ms group_by=  0.004ms per_group= 0.001ms)
[pe] round= 16 work=        4 frontier=        4 next=        2 consolidate=  0.003ms frontier=  0.001ms semisort=  0.005ms (keyed= 0.000ms group_by=  0.003ms per_group= 0.001ms)
[pe] round= 17 work=        2 frontier=        0 next=        0 consolidate=  0.002ms frontier=  0.001ms semisort=  0.000ms (break)
[pe] round=  0 work=      370 frontier=   136900 next=    68450 consolidate=  0.122ms frontier=  0.081ms semisort=  8.583ms (keyed= 0.000ms group_by=  3.199ms per_group= 2.636ms)
[pe] round=  1 work=    68450 frontier=    68450 next=    32768 consolidate=  8.280ms frontier=  1.378ms semisort= 10.140ms (keyed= 0.000ms group_by=  6.773ms per_group= 1.315ms)
[pe] round=  2 work=    32768 frontier=    32768 next=    16384 consolidate=  4.846ms frontier=  0.901ms semisort=  4.601ms (keyed= 0.000ms group_by=  2.913ms per_group= 0.681ms)
[pe] round=  3 work=    16384 frontier=    16384 next=     8192 consolidate=  2.450ms frontier=  0.450ms semisort=  2.420ms (keyed= 0.000ms group_by=  1.470ms per_group= 0.365ms)
[pe] round=  4 work=     8192 frontier=     8192 next=     4096 consolidate=  1.414ms frontier=  0.343ms semisort=  1.131ms (keyed= 0.000ms group_by=  0.563ms per_group= 0.204ms)
[pe] round=  5 work=     4096 frontier=     4096 next=     2914 consolidate=  0.669ms frontier=  0.199ms semisort=  0.673ms (keyed= 0.000ms group_by=  0.322ms per_group= 0.147ms)
[pe] round=  6 work=     2914 frontier=     2914 next=     2048 consolidate=  0.520ms frontier=  0.125ms semisort=  0.429ms (keyed= 0.000ms group_by=  0.183ms per_group= 0.092ms)
[pe] round=  7 work=     2048 frontier=     2048 next=     1024 consolidate=  0.364ms frontier=  0.100ms semisort=  0.298ms (keyed= 0.000ms group_by=  0.151ms per_group= 0.052ms)
[pe] round=  8 work=     1024 frontier=     1024 next=      512 consolidate=  0.194ms frontier=  0.075ms semisort=  0.168ms (keyed= 0.000ms group_by=  0.079ms per_group= 0.028ms)
[pe] round=  9 work=      512 frontier=      512 next=      256 consolidate=  0.130ms frontier=  0.041ms semisort=  0.120ms (keyed= 0.000ms group_by=  0.048ms per_group= 0.029ms)
[pe] round= 10 work=      256 frontier=      256 next=      128 consolidate=  0.058ms frontier=  0.020ms semisort=  0.060ms (keyed= 0.000ms group_by=  0.026ms per_group= 0.014ms)
[pe] round= 11 work=      128 frontier=      128 next=       64 consolidate=  0.041ms frontier=  0.011ms semisort=  0.034ms (keyed= 0.000ms group_by=  0.013ms per_group= 0.009ms)
[pe] round= 12 work=       64 frontier=       64 next=       32 consolidate=  0.023ms frontier=  0.007ms semisort=  0.020ms (keyed= 0.000ms group_by=  0.009ms per_group= 0.005ms)
[pe] round= 13 work=       32 frontier=       32 next=       16 consolidate=  0.012ms frontier=  0.004ms semisort=  0.013ms (keyed= 0.000ms group_by=  0.006ms per_group= 0.003ms)
[pe] round= 14 work=       16 frontier=       16 next=        8 consolidate=  0.008ms frontier=  0.003ms semisort=  0.009ms (keyed= 0.000ms group_by=  0.004ms per_group= 0.002ms)
[pe] round= 15 work=        8 frontier=        8 next=        4 consolidate=  0.005ms frontier=  0.002ms semisort=  0.006ms (keyed= 0.000ms group_by=  0.004ms per_group= 0.001ms)
[pe] round= 16 work=        4 frontier=        4 next=        2 consolidate=  0.003ms frontier=  0.001ms semisort=  0.005ms (keyed= 0.000ms group_by=  0.003ms per_group= 0.001ms)
[pe] round= 17 work=        2 frontier=        0 next=        0 consolidate=  0.002ms frontier=  0.001ms semisort=  0.000ms (break)
[pe] round=  0 work=      370 frontier=   136900 next=    68450 consolidate=  0.120ms frontier=  0.098ms semisort=  8.638ms (keyed= 0.000ms group_by=  3.302ms per_group= 2.637ms)
[pe] round=  1 work=    68450 frontier=    68450 next=    32768 consolidate=  8.374ms frontier=  1.419ms semisort= 10.779ms (keyed= 0.000ms group_by=  6.979ms per_group= 1.548ms)
[pe] round=  2 work=    32768 frontier=    32768 next=    16384 consolidate=  4.885ms frontier=  0.890ms semisort=  4.493ms (keyed= 0.000ms group_by=  2.848ms per_group= 0.672ms)
[pe] round=  3 work=    16384 frontier=    16384 next=     8192 consolidate=  2.455ms frontier=  0.447ms semisort=  2.352ms (keyed= 0.000ms group_by=  1.453ms per_group= 0.371ms)
[pe] round=  4 work=     8192 frontier=     8192 next=     4096 consolidate=  1.231ms frontier=  0.344ms semisort=  1.132ms (keyed= 0.000ms group_by=  0.567ms per_group= 0.203ms)
[pe] round=  5 work=     4096 frontier=     4096 next=     2914 consolidate=  0.849ms frontier=  0.202ms semisort=  0.644ms (keyed= 0.000ms group_by=  0.307ms per_group= 0.130ms)
[pe] round=  6 work=     2914 frontier=     2914 next=     2048 consolidate=  0.522ms frontier=  0.121ms semisort=  0.431ms (keyed= 0.000ms group_by=  0.183ms per_group= 0.094ms)
[pe] round=  7 work=     2048 frontier=     2048 next=     1024 consolidate=  0.374ms frontier=  0.102ms semisort=  0.295ms (keyed= 0.000ms group_by=  0.150ms per_group= 0.051ms)
[pe] round=  8 work=     1024 frontier=     1024 next=      512 consolidate=  0.180ms frontier=  0.076ms semisort=  0.167ms (keyed= 0.000ms group_by=  0.082ms per_group= 0.029ms)
[pe] round=  9 work=      512 frontier=      512 next=      256 consolidate=  0.129ms frontier=  0.041ms semisort=  0.120ms (keyed= 0.000ms group_by=  0.047ms per_group= 0.028ms)
[pe] round= 10 work=      256 frontier=      256 next=      128 consolidate=  0.062ms frontier=  0.021ms semisort=  0.059ms (keyed= 0.000ms group_by=  0.025ms per_group= 0.014ms)
[pe] round= 11 work=      128 frontier=      128 next=       64 consolidate=  0.042ms frontier=  0.011ms semisort=  0.034ms (keyed= 0.000ms group_by=  0.013ms per_group= 0.009ms)
[pe] round= 12 work=       64 frontier=       64 next=       32 consolidate=  0.022ms frontier=  0.006ms semisort=  0.020ms (keyed= 0.000ms group_by=  0.009ms per_group= 0.005ms)
[pe] round= 13 work=       32 frontier=       32 next=       16 consolidate=  0.012ms frontier=  0.004ms semisort=  0.013ms (keyed= 0.000ms group_by=  0.006ms per_group= 0.003ms)
[pe] round= 14 work=       16 frontier=       16 next=        8 consolidate=  0.008ms frontier=  0.003ms semisort=  0.009ms (keyed= 0.000ms group_by=  0.005ms per_group= 0.002ms)
[pe] round= 15 work=        8 frontier=        8 next=        4 consolidate=  0.005ms frontier=  0.002ms semisort=  0.007ms (keyed= 0.000ms group_by=  0.004ms per_group= 0.001ms)
[pe] round= 16 work=        4 frontier=        4 next=        2 consolidate=  0.003ms frontier=  0.001ms semisort=  0.005ms (keyed= 0.000ms group_by=  0.003ms per_group= 0.001ms)
[pe] round= 17 work=        2 frontier=        0 next=        0 consolidate=  0.002ms frontier=  0.001ms semisort=  0.000ms (break)
[pe] round=  0 work=      370 frontier=   136900 next=    68450 consolidate=  0.143ms frontier=  0.106ms semisort=  8.456ms (keyed= 0.000ms group_by=  3.205ms per_group= 2.646ms)
[pe] round=  1 work=    68450 frontier=    68450 next=    32768 consolidate=  8.261ms frontier=  1.461ms semisort= 10.226ms (keyed= 0.000ms group_by=  6.768ms per_group= 1.309ms)
[pe] round=  2 work=    32768 frontier=    32768 next=    16384 consolidate=  4.947ms frontier=  1.004ms semisort=  4.623ms (keyed= 0.000ms group_by=  2.909ms per_group= 0.675ms)
[pe] round=  3 work=    16384 frontier=    16384 next=     8192 consolidate=  2.435ms frontier=  0.420ms semisort=  2.409ms (keyed= 0.000ms group_by=  1.457ms per_group= 0.382ms)
[pe] round=  4 work=     8192 frontier=     8192 next=     4096 consolidate=  1.221ms frontier=  0.331ms semisort=  2.916ms (keyed= 0.000ms group_by=  0.617ms per_group= 0.227ms)
[pe] round=  5 work=     4096 frontier=     4096 next=     2914 consolidate=  0.727ms frontier=  0.214ms semisort=  0.676ms (keyed= 0.000ms group_by=  0.312ms per_group= 0.147ms)
[pe] round=  6 work=     2914 frontier=     2914 next=     2048 consolidate=  0.585ms frontier=  0.132ms semisort=  0.461ms (keyed= 0.000ms group_by=  0.198ms per_group= 0.101ms)
[pe] round=  7 work=     2048 frontier=     2048 next=     1024 consolidate=  0.378ms frontier=  0.114ms semisort=  0.293ms (keyed= 0.000ms group_by=  0.130ms per_group= 0.066ms)
[pe] round=  8 work=     1024 frontier=     1024 next=      512 consolidate=  0.202ms frontier=  0.077ms semisort=  0.173ms (keyed= 0.000ms group_by=  0.085ms per_group= 0.033ms)
[pe] round=  9 work=      512 frontier=      512 next=      256 consolidate=  0.124ms frontier=  0.041ms semisort=  0.122ms (keyed= 0.000ms group_by=  0.047ms per_group= 0.031ms)
[pe] round= 10 work=      256 frontier=      256 next=      128 consolidate=  0.061ms frontier=  0.021ms semisort=  0.060ms (keyed= 0.000ms group_by=  0.025ms per_group= 0.015ms)
[pe] round= 11 work=      128 frontier=      128 next=       64 consolidate=  0.035ms frontier=  0.011ms semisort=  0.033ms (keyed= 0.000ms group_by=  0.013ms per_group= 0.009ms)
[pe] round= 12 work=       64 frontier=       64 next=       32 consolidate=  0.027ms frontier=  0.006ms semisort=  0.020ms (keyed= 0.000ms group_by=  0.009ms per_group= 0.005ms)
[pe] round= 13 work=       32 frontier=       32 next=       16 consolidate=  0.013ms frontier=  0.004ms semisort=  0.013ms (keyed= 0.000ms group_by=  0.006ms per_group= 0.003ms)
[pe] round= 14 work=       16 frontier=       16 next=        8 consolidate=  0.008ms frontier=  0.003ms semisort=  0.009ms (keyed= 0.000ms group_by=  0.005ms per_group= 0.002ms)
[pe] round= 15 work=        8 frontier=        8 next=        4 consolidate=  0.005ms frontier=  0.002ms semisort=  0.006ms (keyed= 0.000ms group_by=  0.004ms per_group= 0.001ms)
[pe] round= 16 work=        4 frontier=        4 next=        2 consolidate=  0.003ms frontier=  0.001ms semisort=  0.005ms (keyed= 0.000ms group_by=  0.003ms per_group= 0.001ms)
[pe] round= 17 work=        2 frontier=        0 next=        0 consolidate=  0.002ms frontier=  0.001ms semisort=  0.000ms (break)
[pe] round=  0 work=      370 frontier=   136900 next=    68450 consolidate=  0.142ms frontier=  0.086ms semisort=  9.123ms (keyed= 0.000ms group_by=  3.558ms per_group= 2.705ms)
[pe] round=  1 work=    68450 frontier=    68450 next=    32768 consolidate=  8.813ms frontier=  1.507ms semisort= 10.205ms (keyed= 0.000ms group_by=  6.702ms per_group= 1.365ms)
[pe] round=  2 work=    32768 frontier=    32768 next=    16384 consolidate=  4.915ms frontier=  0.991ms semisort=  4.607ms (keyed= 0.000ms group_by=  2.895ms per_group= 0.685ms)
[pe] round=  3 work=    16384 frontier=    16384 next=     8192 consolidate=  2.505ms frontier=  0.512ms semisort=  2.396ms (keyed= 0.000ms group_by=  1.449ms per_group= 0.373ms)
[pe] round=  4 work=     8192 frontier=     8192 next=     4096 consolidate=  1.257ms frontier=  0.340ms semisort=  1.201ms (keyed= 0.000ms group_by=  0.631ms per_group= 0.204ms)
[pe] round=  5 work=     4096 frontier=     4096 next=     2914 consolidate=  0.678ms frontier=  0.227ms semisort=  0.694ms (keyed= 0.000ms group_by=  0.345ms per_group= 0.136ms)
[pe] round=  6 work=     2914 frontier=     2914 next=     2048 consolidate=  0.537ms frontier=  0.138ms semisort=  0.441ms (keyed= 0.000ms group_by=  0.185ms per_group= 0.092ms)
[pe] round=  7 work=     2048 frontier=     2048 next=     1024 consolidate=  0.368ms frontier=  0.108ms semisort=  0.279ms (keyed= 0.000ms group_by=  0.130ms per_group= 0.054ms)
[pe] round=  8 work=     1024 frontier=     1024 next=      512 consolidate=  0.194ms frontier=  0.075ms semisort=  0.167ms (keyed= 0.000ms group_by=  0.082ms per_group= 0.030ms)
[pe] round=  9 work=      512 frontier=      512 next=      256 consolidate=  0.130ms frontier=  0.041ms semisort=  0.121ms (keyed= 0.000ms group_by=  0.047ms per_group= 0.031ms)
[pe] round= 10 work=      256 frontier=      256 next=      128 consolidate=  0.062ms frontier=  0.020ms semisort=  0.060ms (keyed= 0.000ms group_by=  0.025ms per_group= 0.016ms)
[pe] round= 11 work=      128 frontier=      128 next=       64 consolidate=  0.034ms frontier=  0.012ms semisort=  0.033ms (keyed= 0.000ms group_by=  0.013ms per_group= 0.009ms)
[pe] round= 12 work=       64 frontier=       64 next=       32 consolidate=  0.027ms frontier=  0.006ms semisort=  0.020ms (keyed= 0.000ms group_by=  0.009ms per_group= 0.005ms)
[pe] round= 13 work=       32 frontier=       32 next=       16 consolidate=  0.016ms frontier=  0.004ms semisort=  0.012ms (keyed= 0.000ms group_by=  0.006ms per_group= 0.003ms)
[pe] round= 14 work=       16 frontier=       16 next=        8 consolidate=  0.007ms frontier=  0.003ms semisort=  0.009ms (keyed= 0.000ms group_by=  0.005ms per_group= 0.002ms)
[pe] round= 15 work=        8 frontier=        8 next=        4 consolidate=  0.005ms frontier=  0.002ms semisort=  0.006ms (keyed= 0.000ms group_by=  0.004ms per_group= 0.001ms)
[pe] round= 16 work=        4 frontier=        4 next=        2 consolidate=  0.003ms frontier=  0.001ms semisort=  0.005ms (keyed= 0.000ms group_by=  0.003ms per_group= 0.001ms)
[pe] round= 17 work=        2 frontier=        0 next=        0 consolidate=  0.002ms frontier=  0.001ms semisort=  0.000ms (break)
[pe] round=  0 work=      370 frontier=   136900 next=    68450 consolidate=  0.139ms frontier=  0.106ms semisort=  8.809ms (keyed= 0.000ms group_by=  3.342ms per_group= 2.711ms)
[pe] round=  1 work=    68450 frontier=    68450 next=    32768 consolidate=  8.675ms frontier=  1.524ms semisort= 10.226ms (keyed= 0.000ms group_by=  6.754ms per_group= 1.340ms)
[pe] round=  2 work=    32768 frontier=    32768 next=    16384 consolidate=  4.696ms frontier=  0.941ms semisort=  4.660ms (keyed= 0.000ms group_by=  2.937ms per_group= 0.726ms)
[pe] round=  3 work=    16384 frontier=    16384 next=     8192 consolidate=  2.515ms frontier=  0.458ms semisort=  2.375ms (keyed= 0.000ms group_by=  1.461ms per_group= 0.385ms)
[pe] round=  4 work=     8192 frontier=     8192 next=     4096 consolidate=  1.256ms frontier=  0.345ms semisort=  1.136ms (keyed= 0.000ms group_by=  0.563ms per_group= 0.206ms)
[pe] round=  5 work=     4096 frontier=     4096 next=     2914 consolidate=  0.705ms frontier=  0.202ms semisort=  0.648ms (keyed= 0.000ms group_by=  0.293ms per_group= 0.131ms)
[pe] round=  6 work=     2914 frontier=     2914 next=     2048 consolidate=  0.523ms frontier=  0.131ms semisort=  0.427ms (keyed= 0.000ms group_by=  0.183ms per_group= 0.091ms)
[pe] round=  7 work=     2048 frontier=     2048 next=     1024 consolidate=  0.365ms frontier=  0.105ms semisort=  0.287ms (keyed= 0.000ms group_by=  0.140ms per_group= 0.052ms)
[pe] round=  8 work=     1024 frontier=     1024 next=      512 consolidate=  0.188ms frontier=  0.076ms semisort=  0.166ms (keyed= 0.000ms group_by=  0.081ms per_group= 0.030ms)
[pe] round=  9 work=      512 frontier=      512 next=      256 consolidate=  0.130ms frontier=  0.041ms semisort=  0.121ms (keyed= 0.000ms group_by=  0.048ms per_group= 0.029ms)
[pe] round= 10 work=      256 frontier=      256 next=      128 consolidate=  0.060ms frontier=  0.021ms semisort=  0.060ms (keyed= 0.000ms group_by=  0.026ms per_group= 0.016ms)
[pe] round= 11 work=      128 frontier=      128 next=       64 consolidate=  0.034ms frontier=  0.026ms semisort=  0.034ms (keyed= 0.000ms group_by=  0.014ms per_group= 0.009ms)
[pe] round= 12 work=       64 frontier=       64 next=       32 consolidate=  0.020ms frontier=  0.007ms semisort=  0.021ms (keyed= 0.000ms group_by=  0.009ms per_group= 0.006ms)
[pe] round= 13 work=       32 frontier=       32 next=       16 consolidate=  0.012ms frontier=  0.004ms semisort=  0.013ms (keyed= 0.000ms group_by=  0.006ms per_group= 0.003ms)
[pe] round= 14 work=       16 frontier=       16 next=        8 consolidate=  0.008ms frontier=  0.003ms semisort=  0.009ms (keyed= 0.000ms group_by=  0.005ms per_group= 0.002ms)
[pe] round= 15 work=        8 frontier=        8 next=        4 consolidate=  0.005ms frontier=  0.002ms semisort=  0.006ms (keyed= 0.000ms group_by=  0.004ms per_group= 0.001ms)
[pe] round= 16 work=        4 frontier=        4 next=        2 consolidate=  0.003ms frontier=  0.001ms semisort=  0.005ms (keyed= 0.000ms group_by=  0.003ms per_group= 0.001ms)
[pe] round= 17 work=        2 frontier=        0 next=        0 consolidate=  0.002ms frontier=  0.001ms semisort=  0.000ms (break)
