[synthetic_bench] grid n=185 d=2 classes=137268 merges=185 ...
[pe] round=  0 work=      370 frontier=   136900 next=    68450 consolidate=  0.440ms frontier=  0.372ms semisort= 17.091ms (keyed= 0.000ms group_by=  6.754ms per_group= 5.141ms)
[pe] round=  1 work=    68450 frontier=    68450 next=    32768 consolidate= 14.227ms frontier=  2.237ms semisort= 13.902ms (keyed= 0.000ms group_by=  7.436ms per_group= 2.426ms)
[pe] round=  2 work=    32768 frontier=    32768 next=    16384 consolidate=  7.471ms frontier=  1.427ms semisort=  6.301ms (keyed= 0.000ms group_by=  3.204ms per_group= 1.261ms)
[pe] round=  3 work=    16384 frontier=    16384 next=     8192 consolidate=  3.989ms frontier=  0.801ms semisort=  3.384ms (keyed= 0.000ms group_by=  1.766ms per_group= 0.613ms)
[pe] round=  4 work=     8192 frontier=     8192 next=     4096 consolidate=  1.907ms frontier=  0.397ms semisort=  1.777ms (keyed= 0.000ms group_by=  0.856ms per_group= 0.337ms)
[pe] round=  5 work=     4096 frontier=     4096 next=     2914 consolidate=  1.004ms frontier=  0.244ms semisort=  1.105ms (keyed= 0.000ms group_by=  0.530ms per_group= 0.244ms)
[pe] round=  6 work=     2914 frontier=     2914 next=     2048 consolidate=  0.714ms frontier=  0.166ms semisort=  0.597ms (keyed= 0.000ms group_by=  0.209ms per_group= 0.148ms)
[pe] round=  7 work=     2048 frontier=     2048 next=     1024 consolidate=  0.540ms frontier=  0.131ms semisort=  0.369ms (keyed= 0.000ms group_by=  0.150ms per_group= 0.080ms)
[pe] round=  8 work=     1024 frontier=     1024 next=      512 consolidate=  0.272ms frontier=  0.084ms semisort=  0.204ms (keyed= 0.000ms group_by=  0.093ms per_group= 0.042ms)
[pe] round=  9 work=      512 frontier=      512 next=      256 consolidate=  0.150ms frontier=  0.037ms semisort=  0.119ms (keyed= 0.000ms group_by=  0.044ms per_group= 0.029ms)
[pe] round= 10 work=      256 frontier=      256 next=      128 consolidate=  0.073ms frontier=  0.020ms semisort=  0.060ms (keyed= 0.000ms group_by=  0.023ms per_group= 0.013ms)
[pe] round= 11 work=      128 frontier=      128 next=       64 consolidate=  0.051ms frontier=  0.010ms semisort=  0.034ms (keyed= 0.000ms group_by=  0.013ms per_group= 0.009ms)
[pe] round= 12 work=       64 frontier=       64 next=       32 consolidate=  0.020ms frontier=  0.006ms semisort=  0.019ms (keyed= 0.000ms group_by=  0.008ms per_group= 0.005ms)
[pe] round= 13 work=       32 frontier=       32 next=       16 consolidate=  0.015ms frontier=  0.003ms semisort=  0.012ms (keyed= 0.000ms group_by=  0.005ms per_group= 0.003ms)
[pe] round= 14 work=       16 frontier=       16 next=        8 consolidate=  0.007ms frontier=  0.002ms semisort=  0.008ms (keyed= 0.000ms group_by=  0.004ms per_group= 0.002ms)
[pe] round= 15 work=        8 frontier=        8 next=        4 consolidate=  0.004ms frontier=  0.002ms semisort=  0.006ms (keyed= 0.000ms group_by=  0.003ms per_group= 0.001ms)
[pe] round= 16 work=        4 frontier=        4 next=        2 consolidate=  0.003ms frontier=  0.001ms semisort=  0.005ms (keyed= 0.000ms group_by=  0.003ms per_group= 0.001ms)
[pe] round= 17 work=        2 frontier=        0 next=        0 consolidate=  0.002ms frontier=  0.001ms semisort=  0.000ms (break)
[pe] round=  0 work=      370 frontier=   136900 next=    68450 consolidate=  0.194ms frontier=  0.129ms semisort= 15.552ms (keyed= 0.000ms group_by=  5.856ms per_group= 4.826ms)
[pe] round=  1 work=    68450 frontier=    68450 next=    32768 consolidate= 14.686ms frontier=  2.465ms semisort= 13.837ms (keyed= 0.000ms group_by=  7.166ms per_group= 2.486ms)
[pe] round=  2 work=    32768 frontier=    32768 next=    16384 consolidate=  7.893ms frontier=  1.531ms semisort=  5.945ms (keyed= 0.000ms group_by=  3.136ms per_group= 1.135ms)
[pe] round=  3 work=    16384 frontier=    16384 next=     8192 consolidate=  3.900ms frontier=  0.754ms semisort=  3.269ms (keyed= 0.000ms group_by=  1.700ms per_group= 0.605ms)
[pe] round=  4 work=     8192 frontier=     8192 next=     4096 consolidate=  2.003ms frontier=  0.373ms semisort=  1.553ms (keyed= 0.000ms group_by=  0.691ms per_group= 0.324ms)
[pe] round=  5 work=     4096 frontier=     4096 next=     2914 consolidate=  1.050ms frontier=  0.236ms semisort=  0.922ms (keyed= 0.000ms group_by=  0.392ms per_group= 0.219ms)
[pe] round=  6 work=     2914 frontier=     2914 next=     2048 consolidate=  0.714ms frontier=  0.159ms semisort=  0.567ms (keyed= 0.000ms group_by=  0.206ms per_group= 0.149ms)
[pe] round=  7 work=     2048 frontier=     2048 next=     1024 consolidate=  0.517ms frontier=  0.150ms semisort=  0.362ms (keyed= 0.000ms group_by=  0.152ms per_group= 0.078ms)
[pe] round=  8 work=     1024 frontier=     1024 next=      512 consolidate=  0.274ms frontier=  0.081ms semisort=  0.182ms (keyed= 0.000ms group_by=  0.072ms per_group= 0.041ms)
[pe] round=  9 work=      512 frontier=      512 next=      256 consolidate=  0.150ms frontier=  0.037ms semisort=  0.119ms (keyed= 0.000ms group_by=  0.043ms per_group= 0.030ms)
[pe] round= 10 work=      256 frontier=      256 next=      128 consolidate=  0.075ms frontier=  0.020ms semisort=  0.059ms (keyed= 0.000ms group_by=  0.023ms per_group= 0.013ms)
[pe] round= 11 work=      128 frontier=      128 next=       64 consolidate=  0.051ms frontier=  0.010ms semisort=  0.036ms (keyed= 0.000ms group_by=  0.013ms per_group= 0.011ms)
[pe] round= 12 work=       64 frontier=       64 next=       32 consolidate=  0.020ms frontier=  0.006ms semisort=  0.019ms (keyed= 0.000ms group_by=  0.008ms per_group= 0.005ms)
[pe] round= 13 work=       32 frontier=       32 next=       16 consolidate=  0.015ms frontier=  0.003ms semisort=  0.012ms (keyed= 0.000ms group_by=  0.005ms per_group= 0.003ms)
[pe] round= 14 work=       16 frontier=       16 next=        8 consolidate=  0.008ms frontier=  0.002ms semisort=  0.008ms (keyed= 0.000ms group_by=  0.004ms per_group= 0.002ms)
[pe] round= 15 work=        8 frontier=        8 next=        4 consolidate=  0.004ms frontier=  0.002ms semisort=  0.006ms (keyed= 0.000ms group_by=  0.003ms per_group= 0.001ms)
[pe] round= 16 work=        4 frontier=        4 next=        2 consolidate=  0.003ms frontier=  0.001ms semisort=  0.005ms (keyed= 0.000ms group_by=  0.003ms per_group= 0.001ms)
[pe] round= 17 work=        2 frontier=        0 next=        0 consolidate=  0.002ms frontier=  0.001ms semisort=  0.000ms (break)
[pe] round=  0 work=      370 frontier=   136900 next=    68450 consolidate=  0.181ms frontier=  0.130ms semisort= 15.085ms (keyed= 0.000ms group_by=  5.720ms per_group= 4.767ms)
[pe] round=  1 work=    68450 frontier=    68450 next=    32768 consolidate= 14.172ms frontier=  2.354ms semisort= 13.215ms (keyed= 0.000ms group_by=  7.170ms per_group= 2.266ms)
[pe] round=  2 work=    32768 frontier=    32768 next=    16384 consolidate=  7.161ms frontier=  1.549ms semisort=  6.536ms (keyed= 0.000ms group_by=  3.441ms per_group= 1.306ms)
[pe] round=  3 work=    16384 frontier=    16384 next=     8192 consolidate=  4.282ms frontier=  0.813ms semisort=  3.400ms (keyed= 0.000ms group_by=  1.740ms per_group= 0.670ms)
[pe] round=  4 work=     8192 frontier=     8192 next=     4096 consolidate=  2.118ms frontier=  0.400ms semisort=  1.667ms (keyed= 0.000ms group_by=  0.745ms per_group= 0.361ms)
[pe] round=  5 work=     4096 frontier=     4096 next=     2914 consolidate=  1.081ms frontier=  0.238ms semisort=  0.940ms (keyed= 0.000ms group_by=  0.398ms per_group= 0.221ms)
[pe] round=  6 work=     2914 frontier=     2914 next=     2048 consolidate=  0.773ms frontier=  0.172ms semisort=  0.627ms (keyed= 0.000ms group_by=  0.233ms per_group= 0.164ms)
[pe] round=  7 work=     2048 frontier=     2048 next=     1024 consolidate=  0.581ms frontier=  0.143ms semisort=  0.393ms (keyed= 0.000ms group_by=  0.163ms per_group= 0.088ms)
[pe] round=  8 work=     1024 frontier=     1024 next=      512 consolidate=  0.313ms frontier=  0.082ms semisort=  0.198ms (keyed= 0.000ms group_by=  0.080ms per_group= 0.045ms)
[pe] round=  9 work=      512 frontier=      512 next=      256 consolidate=  0.160ms frontier=  0.040ms semisort=  0.125ms (keyed= 0.000ms group_by=  0.048ms per_group= 0.029ms)
[pe] round= 10 work=      256 frontier=      256 next=      128 consolidate=  0.079ms frontier=  0.022ms semisort=  0.063ms (keyed= 0.000ms group_by=  0.023ms per_group= 0.014ms)
[pe] round= 11 work=      128 frontier=      128 next=       64 consolidate=  0.052ms frontier=  0.011ms semisort=  0.038ms (keyed= 0.000ms group_by=  0.014ms per_group= 0.011ms)
[pe] round= 12 work=       64 frontier=       64 next=       32 consolidate=  0.021ms frontier=  0.007ms semisort=  0.022ms (keyed= 0.000ms group_by=  0.009ms per_group= 0.006ms)
[pe] round= 13 work=       32 frontier=       32 next=       16 consolidate=  0.017ms frontier=  0.004ms semisort=  0.013ms (keyed= 0.000ms group_by=  0.006ms per_group= 0.003ms)
[pe] round= 14 work=       16 frontier=       16 next=        8 consolidate=  0.009ms frontier=  0.002ms semisort=  0.009ms (keyed= 0.000ms group_by=  0.005ms per_group= 0.002ms)
[pe] round= 15 work=        8 frontier=        8 next=        4 consolidate=  0.005ms frontier=  0.002ms semisort=  0.007ms (keyed= 0.000ms group_by=  0.004ms per_group= 0.001ms)
[pe] round= 16 work=        4 frontier=        4 next=        2 consolidate=  0.003ms frontier=  0.001ms semisort=  0.005ms (keyed= 0.000ms group_by=  0.003ms per_group= 0.001ms)
[pe] round= 17 work=        2 frontier=        0 next=        0 consolidate=  0.002ms frontier=  0.001ms semisort=  0.000ms (break)
[pe] round=  0 work=      370 frontier=   136900 next=    68450 consolidate=  0.188ms frontier=  0.120ms semisort= 15.171ms (keyed= 0.000ms group_by=  5.790ms per_group= 4.779ms)
[pe] round=  1 work=    68450 frontier=    68450 next=    32768 consolidate= 13.925ms frontier=  2.237ms semisort= 13.619ms (keyed= 0.000ms group_by=  7.061ms per_group= 2.373ms)
[pe] round=  2 work=    32768 frontier=    32768 next=    16384 consolidate=  7.959ms frontier=  1.475ms semisort=  5.944ms (keyed= 0.000ms group_by=  3.161ms per_group= 1.135ms)
[pe] round=  3 work=    16384 frontier=    16384 next=     8192 consolidate=  3.969ms frontier=  0.742ms semisort=  3.137ms (keyed= 0.000ms group_by=  1.627ms per_group= 0.603ms)
[pe] round=  4 work=     8192 frontier=     8192 next=     4096 consolidate=  1.894ms frontier=  0.375ms semisort=  1.507ms (keyed= 0.000ms group_by=  0.632ms per_group= 0.334ms)
[pe] round=  5 work=     4096 frontier=     4096 next=     2914 consolidate=  1.012ms frontier=  0.237ms semisort=  0.883ms (keyed= 0.000ms group_by=  0.350ms per_group= 0.223ms)
[pe] round=  6 work=     2914 frontier=     2914 next=     2048 consolidate=  0.720ms frontier=  0.160ms semisort=  0.598ms (keyed= 0.000ms group_by=  0.208ms per_group= 0.148ms)
[pe] round=  7 work=     2048 frontier=     2048 next=     1024 consolidate=  2.172ms frontier=  0.113ms semisort=  0.370ms (keyed= 0.000ms group_by=  0.155ms per_group= 0.086ms)
[pe] round=  8 work=     1024 frontier=     1024 next=      512 consolidate=  0.310ms frontier=  0.084ms semisort=  0.200ms (keyed= 0.000ms group_by=  0.075ms per_group= 0.043ms)
[pe] round=  9 work=      512 frontier=      512 next=      256 consolidate=  0.168ms frontier=  0.036ms semisort=  0.121ms (keyed= 0.000ms group_by=  0.043ms per_group= 0.032ms)
[pe] round= 10 work=      256 frontier=      256 next=      128 consolidate=  0.113ms frontier=  0.020ms semisort=  0.060ms (keyed= 0.000ms group_by=  0.024ms per_group= 0.014ms)
[pe] round= 11 work=      128 frontier=      128 next=       64 consolidate=  0.051ms frontier=  0.010ms semisort=  0.033ms (keyed= 0.000ms group_by=  0.013ms per_group= 0.010ms)
[pe] round= 12 work=       64 frontier=       64 next=       32 consolidate=  0.022ms frontier=  0.006ms semisort=  0.019ms (keyed= 0.000ms group_by=  0.008ms per_group= 0.005ms)
[pe] round= 13 work=       32 frontier=       32 next=       16 consolidate=  0.015ms frontier=  0.003ms semisort=  0.012ms (keyed= 0.000ms group_by=  0.005ms per_group= 0.003ms)
[pe] round= 14 work=       16 frontier=       16 next=        8 consolidate=  0.008ms frontier=  0.002ms semisort=  0.008ms (keyed= 0.000ms group_by=  0.004ms per_group= 0.002ms)
[pe] round= 15 work=        8 frontier=        8 next=        4 consolidate=  0.004ms frontier=  0.002ms semisort=  0.006ms (keyed= 0.000ms group_by=  0.003ms per_group= 0.001ms)
[pe] round= 16 work=        4 frontier=        4 next=        2 consolidate=  0.003ms frontier=  0.001ms semisort=  0.005ms (keyed= 0.000ms group_by=  0.003ms per_group= 0.001ms)
[pe] round= 17 work=        2 frontier=        0 next=        0 consolidate=  0.002ms frontier=  0.001ms semisort=  0.000ms (break)
[pe] round=  0 work=      370 frontier=   136900 next=    68450 consolidate=  0.175ms frontier=  0.121ms semisort= 14.746ms (keyed= 0.000ms group_by=  5.483ms per_group= 4.643ms)
[pe] round=  1 work=    68450 frontier=    68450 next=    32768 consolidate= 14.511ms frontier=  2.334ms semisort= 13.660ms (keyed= 0.000ms group_by=  7.279ms per_group= 2.540ms)
[pe] round=  2 work=    32768 frontier=    32768 next=    16384 consolidate=  7.778ms frontier=  1.514ms semisort=  5.805ms (keyed= 0.000ms group_by=  3.116ms per_group= 1.114ms)
[pe] round=  3 work=    16384 frontier=    16384 next=     8192 consolidate=  3.889ms frontier=  0.780ms semisort=  3.183ms (keyed= 0.000ms group_by=  1.683ms per_group= 0.594ms)
[pe] round=  4 work=     8192 frontier=     8192 next=     4096 consolidate=  1.892ms frontier=  0.371ms semisort=  1.513ms (keyed= 0.000ms group_by=  0.675ms per_group= 0.318ms)
[pe] round=  5 work=     4096 frontier=     4096 next=     2914 consolidate=  1.000ms frontier=  0.234ms semisort=  0.855ms (keyed= 0.000ms group_by=  0.327ms per_group= 0.221ms)
[pe] round=  6 work=     2914 frontier=     2914 next=     2048 consolidate=  0.728ms frontier=  0.159ms semisort=  0.584ms (keyed= 0.000ms group_by=  0.203ms per_group= 0.151ms)
[pe] round=  7 work=     2048 frontier=     2048 next=     1024 consolidate=  0.516ms frontier=  0.130ms semisort=  0.349ms (keyed= 0.000ms group_by=  0.150ms per_group= 0.078ms)
[pe] round=  8 work=     1024 frontier=     1024 next=      512 consolidate=  0.280ms frontier=  0.069ms semisort=  0.200ms (keyed= 0.000ms group_by=  0.071ms per_group= 0.041ms)
[pe] round=  9 work=      512 frontier=      512 next=      256 consolidate=  0.157ms frontier=  0.036ms semisort=  0.118ms (keyed= 0.000ms group_by=  0.043ms per_group= 0.030ms)
[pe] round= 10 work=      256 frontier=      256 next=      128 consolidate=  0.081ms frontier=  0.020ms semisort=  0.059ms (keyed= 0.000ms group_by=  0.023ms per_group= 0.013ms)
[pe] round= 11 work=      128 frontier=      128 next=       64 consolidate=  0.051ms frontier=  0.010ms semisort=  0.033ms (keyed= 0.000ms group_by=  0.013ms per_group= 0.010ms)
[pe] round= 12 work=       64 frontier=       64 next=       32 consolidate=  0.020ms frontier=  0.006ms semisort=  0.019ms (keyed= 0.000ms group_by=  0.008ms per_group= 0.005ms)
[pe] round= 13 work=       32 frontier=       32 next=       16 consolidate=  0.015ms frontier=  0.003ms semisort=  0.012ms (keyed= 0.000ms group_by=  0.005ms per_group= 0.003ms)
[pe] round= 14 work=       16 frontier=       16 next=        8 consolidate=  0.008ms frontier=  0.002ms semisort=  0.008ms (keyed= 0.000ms group_by=  0.004ms per_group= 0.002ms)
[pe] round= 15 work=        8 frontier=        8 next=        4 consolidate=  0.005ms frontier=  0.002ms semisort=  0.006ms (keyed= 0.000ms group_by=  0.003ms per_group= 0.001ms)
[pe] round= 16 work=        4 frontier=        4 next=        2 consolidate=  0.003ms frontier=  0.001ms semisort=  0.005ms (keyed= 0.000ms group_by=  0.003ms per_group= 0.001ms)
[pe] round= 17 work=        2 frontier=        0 next=        0 consolidate=  0.002ms frontier=  0.001ms semisort=  0.000ms (break)
[pe] round=  0 work=      370 frontier=   136900 next=    68450 consolidate=  0.181ms frontier=  0.117ms semisort= 15.011ms (keyed= 0.000ms group_by=  5.586ms per_group= 4.625ms)
[pe] round=  1 work=    68450 frontier=    68450 next=    32768 consolidate= 14.514ms frontier=  2.359ms semisort= 12.980ms (keyed= 0.000ms group_by=  6.849ms per_group= 2.322ms)
[pe] round=  2 work=    32768 frontier=    32768 next=    16384 consolidate=  7.991ms frontier=  1.457ms semisort=  5.792ms (keyed= 0.000ms group_by=  3.099ms per_group= 1.142ms)
[pe] round=  3 work=    16384 frontier=    16384 next=     8192 consolidate=  3.898ms frontier=  0.775ms semisort=  3.075ms (keyed= 0.000ms group_by=  1.551ms per_group= 0.592ms)
[pe] round=  4 work=     8192 frontier=     8192 next=     4096 consolidate=  1.884ms frontier=  0.369ms semisort=  1.478ms (keyed= 0.000ms group_by=  0.630ms per_group= 0.332ms)
[pe] round=  5 work=     4096 frontier=     4096 next=     2914 consolidate=  1.039ms frontier=  0.234ms semisort=  0.873ms (keyed= 0.000ms group_by=  0.325ms per_group= 0.243ms)
[pe] round=  6 work=     2914 frontier=     2914 next=     2048 consolidate=  0.745ms frontier=  0.161ms semisort=  0.592ms (keyed= 0.000ms group_by=  0.209ms per_group= 0.149ms)
[pe] round=  7 work=     2048 frontier=     2048 next=     1024 consolidate=  0.541ms frontier=  0.128ms semisort=  0.348ms (keyed= 0.000ms group_by=  0.148ms per_group= 0.078ms)
[pe] round=  8 work=     1024 frontier=     1024 next=      512 consolidate=  0.290ms frontier=  0.070ms semisort=  0.192ms (keyed= 0.000ms group_by=  0.073ms per_group= 0.040ms)
[pe] round=  9 work=      512 frontier=      512 next=      256 consolidate=  0.151ms frontier=  0.037ms semisort=  0.118ms (keyed= 0.000ms group_by=  0.044ms per_group= 0.030ms)
[pe] round= 10 work=      256 frontier=      256 next=      128 consolidate=  0.073ms frontier=  0.020ms semisort=  0.057ms (keyed= 0.000ms group_by=  0.023ms per_group= 0.012ms)
[pe] round= 11 work=      128 frontier=      128 next=       64 consolidate=  0.051ms frontier=  0.010ms semisort=  0.034ms (keyed= 0.000ms group_by=  0.013ms per_group= 0.011ms)
[pe] round= 12 work=       64 frontier=       64 next=       32 consolidate=  0.020ms frontier=  0.006ms semisort=  0.019ms (keyed= 0.000ms group_by=  0.008ms per_group= 0.005ms)
[pe] round= 13 work=       32 frontier=       32 next=       16 consolidate=  0.015ms frontier=  0.003ms semisort=  0.012ms (keyed= 0.000ms group_by=  0.005ms per_group= 0.003ms)
[pe] round= 14 work=       16 frontier=       16 next=        8 consolidate=  0.008ms frontier=  0.002ms semisort=  0.008ms (keyed= 0.000ms group_by=  0.004ms per_group= 0.002ms)
[pe] round= 15 work=        8 frontier=        8 next=        4 consolidate=  0.004ms frontier=  0.002ms semisort=  0.006ms (keyed= 0.000ms group_by=  0.003ms per_group= 0.001ms)
[pe] round= 16 work=        4 frontier=        4 next=        2 consolidate=  0.003ms frontier=  0.001ms semisort=  0.005ms (keyed= 0.000ms group_by=  0.003ms per_group= 0.001ms)
[pe] round= 17 work=        2 frontier=        0 next=        0 consolidate=  0.002ms frontier=  0.001ms semisort=  0.000ms (break)
