[synthetic_bench] cube n=120 d=2 classes=6912238 merges=120 ...
[pe] round=  0 work=      240 frontier= 10368000 next=  3456000 consolidate=  4.077ms frontier=  4.342ms semisort=294.568ms (keyed= 0.000ms group_by=116.416ms per_group=59.579ms)
[pe] round=  1 work=  3456000 frontier=  3456000 next=  1358848 consolidate=253.300ms frontier= 55.826ms semisort=168.016ms (keyed= 0.000ms group_by= 46.467ms per_group=26.499ms)
[pe] round=  2 work=  1358848 frontier=  1358848 next=  1048576 consolidate= 84.428ms frontier= 22.322ms semisort= 73.012ms (keyed= 0.000ms group_by= 15.312ms per_group=15.593ms)
[pe] round=  3 work=  1048576 frontier=  1048576 next=   524288 consolidate= 71.006ms frontier= 18.571ms semisort= 53.935ms (keyed= 0.000ms group_by=  9.721ms per_group= 7.922ms)
[pe] round=  4 work=   524288 frontier=   524288 next=   262144 consolidate= 46.890ms frontier=  7.772ms semisort= 25.737ms (keyed= 0.000ms group_by=  4.641ms per_group= 9.414ms)
[pe] round=  5 work=   262144 frontier=   262144 next=   131072 consolidate= 17.598ms frontier=  4.021ms semisort= 10.232ms (keyed= 0.000ms group_by=  2.259ms per_group= 2.157ms)
[pe] round=  6 work=   131072 frontier=   131072 next=    65536 consolidate=  8.254ms frontier=  1.425ms semisort=  5.245ms (keyed= 0.000ms group_by=  1.258ms per_group= 0.972ms)
[pe] round=  7 work=    65536 frontier=    65536 next=    32768 consolidate=  3.918ms frontier=  0.698ms semisort= 10.084ms (keyed= 0.000ms group_by=  8.358ms per_group= 0.501ms)
[pe] round=  8 work=    32768 frontier=    32768 next=    16384 consolidate=  1.608ms frontier=  0.377ms semisort=  4.916ms (keyed= 0.000ms group_by=  4.134ms per_group= 0.272ms)
[pe] round=  9 work=    16384 frontier=    16384 next=     8192 consolidate=  1.850ms frontier=  0.260ms semisort=  2.344ms (keyed= 0.000ms group_by=  1.875ms per_group= 0.164ms)
[pe] round= 10 work=     8192 frontier=     8192 next=     4096 consolidate=  1.006ms frontier=  0.363ms semisort=  1.060ms (keyed= 0.000ms group_by=  0.600ms per_group= 0.147ms)
[pe] round= 11 work=     4096 frontier=     4096 next=     2048 consolidate=  0.559ms frontier=  0.178ms semisort=  0.526ms (keyed= 0.000ms group_by=  0.296ms per_group= 0.063ms)
[pe] round= 12 work=     2048 frontier=     2048 next=     1024 consolidate=  0.280ms frontier=  0.189ms semisort=  0.306ms (keyed= 0.000ms group_by=  0.172ms per_group= 0.038ms)
[pe] round= 13 work=     1024 frontier=     1024 next=      512 consolidate=  0.207ms frontier=  0.065ms semisort=  0.205ms (keyed= 0.000ms group_by=  0.116ms per_group= 0.028ms)
[pe] round= 14 work=      512 frontier=      512 next=      256 consolidate=  0.083ms frontier=  0.037ms semisort=  0.108ms (keyed= 0.000ms group_by=  0.045ms per_group= 0.021ms)
[pe] round= 15 work=      256 frontier=      256 next=      128 consolidate=  0.054ms frontier=  0.030ms semisort=  0.074ms (keyed= 0.000ms group_by=  0.032ms per_group= 0.015ms)
[pe] round= 16 work=      128 frontier=      128 next=       64 consolidate=  0.034ms frontier=  0.023ms semisort=  0.059ms (keyed= 0.000ms group_by=  0.031ms per_group= 0.010ms)
[pe] round= 17 work=       64 frontier=       64 next=       32 consolidate=  0.026ms frontier=  0.015ms semisort=  0.037ms (keyed= 0.000ms group_by=  0.013ms per_group= 0.009ms)
[pe] round= 18 work=       32 frontier=       32 next=       16 consolidate=  0.017ms frontier=  0.008ms semisort=  0.025ms (keyed= 0.000ms group_by=  0.008ms per_group= 0.008ms)
[pe] round= 19 work=       16 frontier=       16 next=        8 consolidate=  0.012ms frontier=  0.005ms semisort=  0.012ms (keyed= 0.000ms group_by=  0.006ms per_group= 0.002ms)
[pe] round= 20 work=        8 frontier=        8 next=        4 consolidate=  0.008ms frontier=  0.003ms semisort=  0.008ms (keyed= 0.000ms group_by=  0.005ms per_group= 0.001ms)
[pe] round= 21 work=        4 frontier=        4 next=        2 consolidate=  0.004ms frontier=  0.001ms semisort=  0.007ms (keyed= 0.000ms group_by=  0.004ms per_group= 0.001ms)
[pe] round= 22 work=        2 frontier=        0 next=        0 consolidate=  0.003ms frontier=  0.001ms semisort=  0.000ms (break)
[pe] round=  0 work=      240 frontier= 10368000 next=  3456000 consolidate=  7.039ms frontier=  7.218ms semisort=343.388ms (keyed= 0.000ms group_by=151.089ms per_group=67.031ms)
[pe] round=  1 work=  3456000 frontier=  3456000 next=  1358848 consolidate=218.365ms frontier= 56.953ms semisort=179.000ms (keyed= 0.000ms group_by= 49.942ms per_group=23.601ms)
[pe] round=  2 work=  1358848 frontier=  1358848 next=  1048576 consolidate= 87.617ms frontier= 23.261ms semisort= 64.304ms (keyed= 0.000ms group_by= 12.836ms per_group=16.955ms)
[pe] round=  3 work=  1048576 frontier=  1048576 next=   524288 consolidate= 63.222ms frontier= 16.896ms semisort= 35.981ms (keyed= 0.000ms group_by=  8.289ms per_group= 7.667ms)
[pe] round=  4 work=   524288 frontier=   524288 next=   262144 consolidate= 34.449ms frontier=  8.714ms semisort= 19.222ms (keyed= 0.000ms group_by=  4.470ms per_group= 4.371ms)
[pe] round=  5 work=   262144 frontier=   262144 next=   131072 consolidate= 18.009ms frontier=  3.854ms semisort=  9.982ms (keyed= 0.000ms group_by=  2.734ms per_group= 2.165ms)
[pe] round=  6 work=   131072 frontier=   131072 next=    65536 consolidate=  7.922ms frontier=  1.616ms semisort=  5.066ms (keyed= 0.000ms group_by=  1.277ms per_group= 1.033ms)
[pe] round=  7 work=    65536 frontier=    65536 next=    32768 consolidate=  3.988ms frontier=  0.806ms semisort=  8.467ms (keyed= 0.000ms group_by=  6.863ms per_group= 0.503ms)
[pe] round=  8 work=    32768 frontier=    32768 next=    16384 consolidate=  1.853ms frontier=  0.403ms semisort=  4.245ms (keyed= 0.000ms group_by=  3.406ms per_group= 0.286ms)
[pe] round=  9 work=    16384 frontier=    16384 next=     8192 consolidate=  1.484ms frontier=  0.276ms semisort=  2.112ms (keyed= 0.000ms group_by=  1.624ms per_group= 0.170ms)
[pe] round= 10 work=     8192 frontier=     8192 next=     4096 consolidate=  0.882ms frontier=  0.338ms semisort=  1.008ms (keyed= 0.000ms group_by=  0.594ms per_group= 0.107ms)
[pe] round= 11 work=     4096 frontier=     4096 next=     2048 consolidate=  0.553ms frontier=  0.162ms semisort=  0.520ms (keyed= 0.000ms group_by=  0.271ms per_group= 0.088ms)
[pe] round= 12 work=     2048 frontier=     2048 next=     1024 consolidate=  0.306ms frontier=  0.088ms semisort=  0.274ms (keyed= 0.000ms group_by=  0.144ms per_group= 0.037ms)
[pe] round= 13 work=     1024 frontier=     1024 next=      512 consolidate=  0.180ms frontier=  0.054ms semisort=  0.199ms (keyed= 0.000ms group_by=  0.080ms per_group= 0.055ms)
[pe] round= 14 work=      512 frontier=      512 next=      256 consolidate=  0.079ms frontier=  0.039ms semisort=  0.095ms (keyed= 0.000ms group_by=  0.038ms per_group= 0.019ms)
[pe] round= 15 work=      256 frontier=      256 next=      128 consolidate=  0.047ms frontier=  0.028ms semisort=  0.070ms (keyed= 0.000ms group_by=  0.028ms per_group= 0.015ms)
[pe] round= 16 work=      128 frontier=      128 next=       64 consolidate=  0.032ms frontier=  0.020ms semisort=  0.046ms (keyed= 0.000ms group_by=  0.017ms per_group= 0.012ms)
[pe] round= 17 work=       64 frontier=       64 next=       32 consolidate=  0.023ms frontier=  0.012ms semisort=  0.040ms (keyed= 0.000ms group_by=  0.011ms per_group= 0.015ms)
[pe] round= 18 work=       32 frontier=       32 next=       16 consolidate=  0.016ms frontier=  0.007ms semisort=  0.016ms (keyed= 0.000ms group_by=  0.007ms per_group= 0.004ms)
[pe] round= 19 work=       16 frontier=       16 next=        8 consolidate=  0.009ms frontier=  0.004ms semisort=  0.010ms (keyed= 0.000ms group_by=  0.005ms per_group= 0.002ms)
[pe] round= 20 work=        8 frontier=        8 next=        4 consolidate=  0.007ms frontier=  0.002ms semisort=  0.007ms (keyed= 0.000ms group_by=  0.004ms per_group= 0.001ms)
[pe] round= 21 work=        4 frontier=        4 next=        2 consolidate=  0.003ms frontier=  0.001ms semisort=  0.005ms (keyed= 0.000ms group_by=  0.003ms per_group= 0.001ms)
[pe] round= 22 work=        2 frontier=        0 next=        0 consolidate=  0.002ms frontier=  0.001ms semisort=  0.000ms (break)
[pe] round=  0 work=      240 frontier= 10368000 next=  3456000 consolidate=  4.067ms frontier=  4.776ms semisort=314.893ms (keyed= 0.000ms group_by=133.739ms per_group=54.714ms)
[pe] round=  1 work=  3456000 frontier=  3456000 next=  1358848 consolidate=212.043ms frontier= 58.522ms semisort=175.952ms (keyed= 0.000ms group_by= 54.692ms per_group=25.793ms)
[pe] round=  2 work=  1358848 frontier=  1358848 next=  1048576 consolidate= 86.795ms frontier= 22.765ms semisort= 70.632ms (keyed= 0.000ms group_by= 15.602ms per_group=18.281ms)
[pe] round=  3 work=  1048576 frontier=  1048576 next=   524288 consolidate= 75.272ms frontier= 19.258ms semisort= 39.896ms (keyed= 0.000ms group_by=  9.004ms per_group=10.056ms)
[pe] round=  4 work=   524288 frontier=   524288 next=   262144 consolidate= 38.465ms frontier=  7.759ms semisort= 20.515ms (keyed= 0.000ms group_by=  4.779ms per_group= 5.065ms)
[pe] round=  5 work=   262144 frontier=   262144 next=   131072 consolidate= 17.019ms frontier=  3.988ms semisort= 11.188ms (keyed= 0.000ms group_by=  2.424ms per_group= 2.665ms)
[pe] round=  6 work=   131072 frontier=   131072 next=    65536 consolidate=  8.769ms frontier=  1.903ms semisort=  5.867ms (keyed= 0.000ms group_by=  1.442ms per_group= 1.245ms)
[pe] round=  7 work=    65536 frontier=    65536 next=    32768 consolidate=  4.059ms frontier=  0.952ms semisort=  8.607ms (keyed= 0.000ms group_by=  6.710ms per_group= 0.618ms)
[pe] round=  8 work=    32768 frontier=    32768 next=    16384 consolidate=  2.028ms frontier=  0.502ms semisort=  4.249ms (keyed= 0.000ms group_by=  3.249ms per_group= 0.376ms)
[pe] round=  9 work=    16384 frontier=    16384 next=     8192 consolidate=  1.749ms frontier=  0.319ms semisort=  2.360ms (keyed= 0.000ms group_by=  1.745ms per_group= 0.223ms)
[pe] round= 10 work=     8192 frontier=     8192 next=     4096 consolidate=  0.928ms frontier=  0.363ms semisort=  1.044ms (keyed= 0.000ms group_by=  0.570ms per_group= 0.124ms)
[pe] round= 11 work=     4096 frontier=     4096 next=     2048 consolidate=  0.563ms frontier=  0.169ms semisort=  0.517ms (keyed= 0.000ms group_by=  0.275ms per_group= 0.074ms)
[pe] round= 12 work=     2048 frontier=     2048 next=     1024 consolidate=  0.267ms frontier=  0.119ms semisort=  0.298ms (keyed= 0.000ms group_by=  0.150ms per_group= 0.044ms)
[pe] round= 13 work=     1024 frontier=     1024 next=      512 consolidate=  0.202ms frontier=  0.059ms semisort=  0.202ms (keyed= 0.000ms group_by=  0.095ms per_group= 0.032ms)
[pe] round= 14 work=      512 frontier=      512 next=      256 consolidate=  0.090ms frontier=  0.044ms semisort=  0.112ms (keyed= 0.000ms group_by=  0.042ms per_group= 0.024ms)
[pe] round= 15 work=      256 frontier=      256 next=      128 consolidate=  0.069ms frontier=  0.034ms semisort=  0.076ms (keyed= 0.000ms group_by=  0.029ms per_group= 0.016ms)
[pe] round= 16 work=      128 frontier=      128 next=       64 consolidate=  0.044ms frontier=  0.022ms semisort=  0.054ms (keyed= 0.000ms group_by=  0.017ms per_group= 0.018ms)
[pe] round= 17 work=       64 frontier=       64 next=       32 consolidate=  0.028ms frontier=  0.012ms semisort=  0.035ms (keyed= 0.000ms group_by=  0.013ms per_group= 0.009ms)
[pe] round= 18 work=       32 frontier=       32 next=       16 consolidate=  0.016ms frontier=  0.007ms semisort=  0.016ms (keyed= 0.000ms group_by=  0.007ms per_group= 0.004ms)
[pe] round= 19 work=       16 frontier=       16 next=        8 consolidate=  0.012ms frontier=  0.005ms semisort=  0.011ms (keyed= 0.000ms group_by=  0.005ms per_group= 0.002ms)
[pe] round= 20 work=        8 frontier=        8 next=        4 consolidate=  0.009ms frontier=  0.003ms semisort=  0.007ms (keyed= 0.000ms group_by=  0.004ms per_group= 0.001ms)
[pe] round= 21 work=        4 frontier=        4 next=        2 consolidate=  0.004ms frontier=  0.001ms semisort=  0.006ms (keyed= 0.000ms group_by=  0.004ms per_group= 0.001ms)
[pe] round= 22 work=        2 frontier=        0 next=        0 consolidate=  0.002ms frontier=  0.001ms semisort=  0.000ms (break)
[pe] round=  0 work=      240 frontier= 10368000 next=  3456000 consolidate=  2.480ms frontier=  5.109ms semisort=302.864ms (keyed= 0.000ms group_by=116.571ms per_group=57.970ms)
[pe] round=  1 work=  3456000 frontier=  3456000 next=  1358848 consolidate=214.075ms frontier= 56.034ms semisort=166.182ms (keyed= 0.000ms group_by= 53.154ms per_group=29.267ms)
[pe] round=  2 work=  1358848 frontier=  1358848 next=  1048576 consolidate= 86.280ms frontier= 22.538ms semisort= 65.251ms (keyed= 0.000ms group_by= 12.737ms per_group=18.306ms)
[pe] round=  3 work=  1048576 frontier=  1048576 next=   524288 consolidate= 77.334ms frontier= 17.130ms semisort= 39.573ms (keyed= 0.000ms group_by=  9.217ms per_group= 9.044ms)
[pe] round=  4 work=   524288 frontier=   524288 next=   262144 consolidate= 37.031ms frontier=  8.572ms semisort= 20.915ms (keyed= 0.000ms group_by=  5.302ms per_group= 5.124ms)
[pe] round=  5 work=   262144 frontier=   262144 next=   131072 consolidate= 17.759ms frontier=  3.662ms semisort= 11.064ms (keyed= 0.000ms group_by=  2.435ms per_group= 2.730ms)
[pe] round=  6 work=   131072 frontier=   131072 next=    65536 consolidate=  8.758ms frontier=  1.968ms semisort=  5.668ms (keyed= 0.000ms group_by=  1.391ms per_group= 1.332ms)
[pe] round=  7 work=    65536 frontier=    65536 next=    32768 consolidate=  4.219ms frontier=  0.936ms semisort=  8.598ms (keyed= 0.000ms group_by=  6.698ms per_group= 0.643ms)
[pe] round=  8 work=    32768 frontier=    32768 next=    16384 consolidate=  2.138ms frontier=  0.546ms semisort=  4.247ms (keyed= 0.000ms group_by=  3.210ms per_group= 0.369ms)
[pe] round=  9 work=    16384 frontier=    16384 next=     8192 consolidate=  1.665ms frontier=  0.346ms semisort=  2.314ms (keyed= 0.000ms group_by=  1.664ms per_group= 0.233ms)
[pe] round= 10 work=     8192 frontier=     8192 next=     4096 consolidate=  0.906ms frontier=  0.346ms semisort=  1.101ms (keyed= 0.000ms group_by=  0.567ms per_group= 0.130ms)
[pe] round= 11 work=     4096 frontier=     4096 next=     2048 consolidate=  0.706ms frontier=  0.174ms semisort=  0.520ms (keyed= 0.000ms group_by=  0.272ms per_group= 0.069ms)
[pe] round= 12 work=     2048 frontier=     2048 next=     1024 consolidate=  0.302ms frontier=  0.138ms semisort=  0.305ms (keyed= 0.000ms group_by=  0.157ms per_group= 0.046ms)
[pe] round= 13 work=     1024 frontier=     1024 next=      512 consolidate=  0.236ms frontier=  0.063ms semisort=  0.246ms (keyed= 0.000ms group_by=  0.107ms per_group= 0.048ms)
[pe] round= 14 work=      512 frontier=      512 next=      256 consolidate=  0.092ms frontier=  0.054ms semisort=  0.117ms (keyed= 0.000ms group_by=  0.045ms per_group= 0.024ms)
[pe] round= 15 work=      256 frontier=      256 next=      128 consolidate=  0.092ms frontier=  0.028ms semisort=  0.085ms (keyed= 0.000ms group_by=  0.033ms per_group= 0.018ms)
[pe] round= 16 work=      128 frontier=      128 next=       64 consolidate=  0.038ms frontier=  0.022ms semisort=  0.055ms (keyed= 0.000ms group_by=  0.020ms per_group= 0.013ms)
[pe] round= 17 work=       64 frontier=       64 next=       32 consolidate=  0.027ms frontier=  0.013ms semisort=  0.035ms (keyed= 0.000ms group_by=  0.013ms per_group= 0.009ms)
[pe] round= 18 work=       32 frontier=       32 next=       16 consolidate=  0.016ms frontier=  0.007ms semisort=  0.018ms (keyed= 0.000ms group_by=  0.008ms per_group= 0.005ms)
[pe] round= 19 work=       16 frontier=       16 next=        8 consolidate=  0.012ms frontier=  0.005ms semisort=  0.012ms (keyed= 0.000ms group_by=  0.005ms per_group= 0.003ms)
[pe] round= 20 work=        8 frontier=        8 next=        4 consolidate=  0.008ms frontier=  0.003ms semisort=  0.008ms (keyed= 0.000ms group_by=  0.004ms per_group= 0.001ms)
[pe] round= 21 work=        4 frontier=        4 next=        2 consolidate=  0.011ms frontier=  0.002ms semisort=  0.006ms (keyed= 0.000ms group_by=  0.004ms per_group= 0.001ms)
[pe] round= 22 work=        2 frontier=        0 next=        0 consolidate=  0.002ms frontier=  0.001ms semisort=  0.000ms (break)
[pe] round=  0 work=      240 frontier= 10368000 next=  3456000 consolidate=  2.180ms frontier=  3.582ms semisort=296.354ms (keyed= 0.000ms group_by=114.311ms per_group=61.649ms)
[pe] round=  1 work=  3456000 frontier=  3456000 next=  1358848 consolidate=223.879ms frontier= 65.231ms semisort=171.617ms (keyed= 0.000ms group_by= 55.786ms per_group=27.333ms)
[pe] round=  2 work=  1358848 frontier=  1358848 next=  1048576 consolidate= 90.103ms frontier= 23.056ms semisort= 72.472ms (keyed= 0.000ms group_by= 15.011ms per_group=19.306ms)
[pe] round=  3 work=  1048576 frontier=  1048576 next=   524288 consolidate= 74.454ms frontier= 18.805ms semisort= 41.589ms (keyed= 0.000ms group_by=  9.734ms per_group= 9.286ms)
[pe] round=  4 work=   524288 frontier=   524288 next=   262144 consolidate= 38.354ms frontier=  8.389ms semisort= 21.913ms (keyed= 0.000ms group_by=  5.409ms per_group= 5.663ms)
[pe] round=  5 work=   262144 frontier=   262144 next=   131072 consolidate= 19.850ms frontier=  4.403ms semisort= 11.241ms (keyed= 0.000ms group_by=  2.437ms per_group= 2.708ms)
[pe] round=  6 work=   131072 frontier=   131072 next=    65536 consolidate=  8.826ms frontier=  2.048ms semisort=  5.983ms (keyed= 0.000ms group_by=  1.367ms per_group= 1.349ms)
[pe] round=  7 work=    65536 frontier=    65536 next=    32768 consolidate=  4.360ms frontier=  1.061ms semisort=  8.828ms (keyed= 0.000ms group_by=  6.784ms per_group= 0.774ms)
[pe] round=  8 work=    32768 frontier=    32768 next=    16384 consolidate=  2.313ms frontier=  0.560ms semisort=  4.074ms (keyed= 0.000ms group_by=  3.021ms per_group= 0.380ms)
[pe] round=  9 work=    16384 frontier=    16384 next=     8192 consolidate=  1.796ms frontier=  0.347ms semisort=  2.260ms (keyed= 0.000ms group_by=  1.604ms per_group= 0.253ms)
[pe] round= 10 work=     8192 frontier=     8192 next=     4096 consolidate=  1.044ms frontier=  0.391ms semisort=  1.049ms (keyed= 0.000ms group_by=  0.584ms per_group= 0.130ms)
[pe] round= 11 work=     4096 frontier=     4096 next=     2048 consolidate=  0.634ms frontier=  0.208ms semisort=  0.594ms (keyed= 0.000ms group_by=  0.325ms per_group= 0.074ms)
[pe] round= 12 work=     2048 frontier=     2048 next=     1024 consolidate=  0.308ms frontier=  0.129ms semisort=  0.307ms (keyed= 0.000ms group_by=  0.149ms per_group= 0.046ms)
[pe] round= 13 work=     1024 frontier=     1024 next=      512 consolidate=  0.227ms frontier=  0.065ms semisort=  0.204ms (keyed= 0.000ms group_by=  0.099ms per_group= 0.034ms)
[pe] round= 14 work=      512 frontier=      512 next=      256 consolidate=  0.104ms frontier=  0.056ms semisort=  0.109ms (keyed= 0.000ms group_by=  0.042ms per_group= 0.022ms)
[pe] round= 15 work=      256 frontier=      256 next=      128 consolidate=  0.061ms frontier=  0.027ms semisort=  0.073ms (keyed= 0.000ms group_by=  0.028ms per_group= 0.016ms)
[pe] round= 16 work=      128 frontier=      128 next=       64 consolidate=  0.035ms frontier=  0.022ms semisort=  0.062ms (keyed= 0.000ms group_by=  0.016ms per_group= 0.014ms)
[pe] round= 17 work=       64 frontier=       64 next=       32 consolidate=  0.026ms frontier=  0.012ms semisort=  0.030ms (keyed= 0.000ms group_by=  0.011ms per_group= 0.008ms)
[pe] round= 18 work=       32 frontier=       32 next=       16 consolidate=  0.016ms frontier=  0.007ms semisort=  0.016ms (keyed= 0.000ms group_by=  0.007ms per_group= 0.004ms)
[pe] round= 19 work=       16 frontier=       16 next=        8 consolidate=  0.012ms frontier=  0.004ms semisort=  0.010ms (keyed= 0.000ms group_by=  0.005ms per_group= 0.002ms)
[pe] round= 20 work=        8 frontier=        8 next=        4 consolidate=  0.009ms frontier=  0.003ms semisort=  0.007ms (keyed= 0.000ms group_by=  0.004ms per_group= 0.001ms)
[pe] round= 21 work=        4 frontier=        4 next=        2 consolidate=  0.004ms frontier=  0.001ms semisort=  0.006ms (keyed= 0.000ms group_by=  0.004ms per_group= 0.001ms)
[pe] round= 22 work=        2 frontier=        0 next=        0 consolidate=  0.002ms frontier=  0.001ms semisort=  0.000ms (break)
[pe] round=  0 work=      240 frontier= 10368000 next=  3456000 consolidate=  4.225ms frontier=  5.080ms semisort=304.332ms (keyed= 0.000ms group_by=119.263ms per_group=58.850ms)
[pe] round=  1 work=  3456000 frontier=  3456000 next=  1358848 consolidate=217.881ms frontier= 57.720ms semisort=182.454ms (keyed= 0.000ms group_by= 57.003ms per_group=27.733ms)
[pe] round=  2 work=  1358848 frontier=  1358848 next=  1048576 consolidate= 88.741ms frontier= 26.187ms semisort= 74.057ms (keyed= 0.000ms group_by= 14.837ms per_group=23.988ms)
[pe] round=  3 work=  1048576 frontier=  1048576 next=   524288 consolidate= 74.662ms frontier= 17.515ms semisort= 39.279ms (keyed= 0.000ms group_by=  9.486ms per_group= 9.171ms)
[pe] round=  4 work=   524288 frontier=   524288 next=   262144 consolidate= 38.826ms frontier= 10.476ms semisort= 22.024ms (keyed= 0.000ms group_by=  5.321ms per_group= 5.109ms)
[pe] round=  5 work=   262144 frontier=   262144 next=   131072 consolidate= 20.257ms frontier=  5.884ms semisort= 11.621ms (keyed= 0.000ms group_by=  2.486ms per_group= 2.684ms)
[pe] round=  6 work=   131072 frontier=   131072 next=    65536 consolidate=  8.774ms frontier=  1.926ms semisort=  5.763ms (keyed= 0.000ms group_by=  1.401ms per_group= 1.362ms)
[pe] round=  7 work=    65536 frontier=    65536 next=    32768 consolidate=  4.338ms frontier=  0.973ms semisort=  9.131ms (keyed= 0.000ms group_by=  7.142ms per_group= 0.700ms)
[pe] round=  8 work=    32768 frontier=    32768 next=    16384 consolidate=  2.119ms frontier=  0.548ms semisort=  4.442ms (keyed= 0.001ms group_by=  3.374ms per_group= 0.378ms)
[pe] round=  9 work=    16384 frontier=    16384 next=     8192 consolidate=  1.928ms frontier=  0.353ms semisort=  2.205ms (keyed= 0.000ms group_by=  1.566ms per_group= 0.230ms)
[pe] round= 10 work=     8192 frontier=     8192 next=     4096 consolidate=  1.111ms frontier=  0.392ms semisort=  1.088ms (keyed= 0.000ms group_by=  0.561ms per_group= 0.133ms)
[pe] round= 11 work=     4096 frontier=     4096 next=     2048 consolidate=  0.604ms frontier=  0.195ms semisort=  0.573ms (keyed= 0.000ms group_by=  0.297ms per_group= 0.080ms)
[pe] round= 12 work=     2048 frontier=     2048 next=     1024 consolidate=  0.359ms frontier=  0.153ms semisort=  0.336ms (keyed= 0.000ms group_by=  0.169ms per_group= 0.046ms)
[pe] round= 13 work=     1024 frontier=     1024 next=      512 consolidate=  0.201ms frontier=  0.074ms semisort=  0.208ms (keyed= 0.000ms group_by=  0.095ms per_group= 0.037ms)
[pe] round= 14 work=      512 frontier=      512 next=      256 consolidate=  0.093ms frontier=  0.044ms semisort=  0.118ms (keyed= 0.000ms group_by=  0.045ms per_group= 0.024ms)
[pe] round= 15 work=      256 frontier=      256 next=      128 consolidate=  0.085ms frontier=  0.034ms semisort=  0.086ms (keyed= 0.000ms group_by=  0.034ms per_group= 0.019ms)
[pe] round= 16 work=      128 frontier=      128 next=       64 consolidate=  0.039ms frontier=  0.022ms semisort=  0.057ms (keyed= 0.000ms group_by=  0.019ms per_group= 0.017ms)
[pe] round= 17 work=       64 frontier=       64 next=       32 consolidate=  0.028ms frontier=  0.014ms semisort=  0.039ms (keyed= 0.000ms group_by=  0.013ms per_group= 0.010ms)
[pe] round= 18 work=       32 frontier=       32 next=       16 consolidate=  0.016ms frontier=  0.007ms semisort=  0.019ms (keyed= 0.000ms group_by=  0.008ms per_group= 0.004ms)
[pe] round= 19 work=       16 frontier=       16 next=        8 consolidate=  0.013ms frontier=  0.005ms semisort=  0.012ms (keyed= 0.000ms group_by=  0.006ms per_group= 0.002ms)
[pe] round= 20 work=        8 frontier=        8 next=        4 consolidate=  0.008ms frontier=  0.003ms semisort=  0.008ms (keyed= 0.000ms group_by=  0.004ms per_group= 0.001ms)
[pe] round= 21 work=        4 frontier=        4 next=        2 consolidate=  0.004ms frontier=  0.001ms semisort=  0.006ms (keyed= 0.000ms group_by=  0.004ms per_group= 0.001ms)
[pe] round= 22 work=        2 frontier=        0 next=        0 consolidate=  0.002ms frontier=  0.001ms semisort=  0.000ms (break)
