[synthetic_bench] cube n=130 d=2 classes=8788258 merges=130 ...
[pe] round=  0 work=      260 frontier= 13182000 next=  4394000 consolidate= 10.627ms frontier= 10.404ms semisort=183.727ms (keyed= 0.000ms group_by=109.413ms per_group=22.119ms)
[pe] round=  1 work=  4394000 frontier=  4394000 next=  2097152 consolidate= 65.735ms frontier= 21.117ms semisort= 71.948ms (keyed= 0.000ms group_by= 26.502ms per_group=10.614ms)
[pe] round=  2 work=  2097152 frontier=  2097152 next=  1048576 consolidate= 39.815ms frontier= 14.063ms semisort= 37.102ms (keyed= 0.000ms group_by= 14.471ms per_group= 6.885ms)
[pe] round=  3 work=  1048576 frontier=  1048576 next=   524288 consolidate= 33.451ms frontier= 12.354ms semisort= 22.426ms (keyed= 0.000ms group_by=  5.462ms per_group= 6.593ms)
[pe] round=  4 work=   524288 frontier=   524288 next=   262144 consolidate= 26.953ms frontier=  5.073ms semisort= 29.244ms (keyed= 0.000ms group_by= 11.139ms per_group=10.431ms)
[pe] round=  5 work=   262144 frontier=   262144 next=   199696 consolidate=  7.308ms frontier=  2.835ms semisort= 50.191ms (keyed= 0.000ms group_by=  3.248ms per_group= 1.242ms)
[pe] round=  6 work=   199696 frontier=   199696 next=   131072 consolidate=  6.538ms frontier=  1.874ms semisort=  6.184ms (keyed= 0.000ms group_by=  1.323ms per_group= 0.816ms)
[pe] round=  7 work=   131072 frontier=   131072 next=    65536 consolidate=  5.539ms frontier=  1.317ms semisort=  9.612ms (keyed= 0.000ms group_by=  2.262ms per_group= 0.499ms)
[pe] round=  8 work=    65536 frontier=    65536 next=    32768 consolidate=  1.602ms frontier=  0.623ms semisort=  8.738ms (keyed= 0.000ms group_by=  7.617ms per_group= 0.385ms)
[pe] round=  9 work=    32768 frontier=    32768 next=    16384 consolidate=  0.876ms frontier=  0.344ms semisort=  4.855ms (keyed= 0.000ms group_by=  3.392ms per_group= 0.198ms)
[pe] round= 10 work=    16384 frontier=    16384 next=     8192 consolidate=  3.432ms frontier=  0.287ms semisort=  2.392ms (keyed= 0.000ms group_by=  1.816ms per_group= 0.283ms)
[pe] round= 11 work=     8192 frontier=     8192 next=     4096 consolidate=  1.464ms frontier=  0.382ms semisort=  1.064ms (keyed= 0.000ms group_by=  0.634ms per_group= 0.086ms)
[pe] round= 12 work=     4096 frontier=     4096 next=     2048 consolidate=  0.742ms frontier=  0.201ms semisort=  0.591ms (keyed= 0.000ms group_by=  0.330ms per_group= 0.064ms)
[pe] round= 13 work=     2048 frontier=     2048 next=     1024 consolidate=  0.394ms frontier=  0.126ms semisort=  0.403ms (keyed= 0.000ms group_by=  0.220ms per_group= 0.057ms)
[pe] round= 14 work=     1024 frontier=     1024 next=      512 consolidate=  0.227ms frontier=  0.076ms semisort=  0.252ms (keyed= 0.000ms group_by=  0.109ms per_group= 0.046ms)
[pe] round= 15 work=      512 frontier=      512 next=      256 consolidate=  0.126ms frontier=  0.058ms semisort=  0.173ms (keyed= 0.000ms group_by=  0.062ms per_group= 0.044ms)
[pe] round= 16 work=      256 frontier=      256 next=      128 consolidate=  0.106ms frontier=  0.039ms semisort=  0.139ms (keyed= 0.000ms group_by=  0.039ms per_group= 0.034ms)
[pe] round= 17 work=      128 frontier=      128 next=       64 consolidate=  0.075ms frontier=  0.029ms semisort=  0.103ms (keyed= 0.000ms group_by=  0.029ms per_group= 0.032ms)
[pe] round= 18 work=       64 frontier=       64 next=       32 consolidate=  0.048ms frontier=  0.021ms semisort=  0.060ms (keyed= 0.000ms group_by=  0.019ms per_group= 0.019ms)
[pe] round= 19 work=       32 frontier=       32 next=       16 consolidate=  0.026ms frontier=  0.010ms semisort=  0.031ms (keyed= 0.000ms group_by=  0.012ms per_group= 0.007ms)
[pe] round= 20 work=       16 frontier=       16 next=        8 consolidate=  0.017ms frontier=  0.006ms semisort=  0.016ms (keyed= 0.000ms group_by=  0.008ms per_group= 0.003ms)
[pe] round= 21 work=        8 frontier=        8 next=        4 consolidate=  0.016ms frontier=  0.004ms semisort=  0.012ms (keyed= 0.000ms group_by=  0.007ms per_group= 0.002ms)
[pe] round= 22 work=        4 frontier=        4 next=        2 consolidate=  0.006ms frontier=  0.002ms semisort=  0.009ms (keyed= 0.000ms group_by=  0.006ms per_group= 0.001ms)
[pe] round= 23 work=        2 frontier=        0 next=        0 consolidate=  0.004ms frontier=  0.001ms semisort=  0.000ms (break)
[pe] round=  0 work=      260 frontier= 13182000 next=  4394000 consolidate=  9.222ms frontier=  7.162ms semisort=199.177ms (keyed= 0.000ms group_by=117.509ms per_group=20.967ms)
[pe] round=  1 work=  4394000 frontier=  4394000 next=  2097152 consolidate= 81.033ms frontier= 25.501ms semisort=118.126ms (keyed= 0.000ms group_by= 57.522ms per_group=25.613ms)
[pe] round=  2 work=  2097152 frontier=  2097152 next=  1048576 consolidate= 41.669ms frontier= 12.592ms semisort= 64.647ms (keyed= 0.000ms group_by= 22.077ms per_group=12.706ms)
[pe] round=  3 work=  1048576 frontier=  1048576 next=   524288 consolidate= 25.117ms frontier=  9.353ms semisort= 22.151ms (keyed= 0.000ms group_by=  7.542ms per_group= 3.526ms)
[pe] round=  4 work=   524288 frontier=   524288 next=   262144 consolidate= 14.943ms frontier=  4.047ms semisort= 11.005ms (keyed= 0.000ms group_by=  2.649ms per_group= 2.966ms)
[pe] round=  5 work=   262144 frontier=   262144 next=   199696 consolidate=  8.284ms frontier=  1.748ms semisort=  6.415ms (keyed= 0.000ms group_by=  1.699ms per_group= 2.013ms)
[pe] round=  6 work=   199696 frontier=   199696 next=   131072 consolidate=  6.089ms frontier=  1.452ms semisort=  6.249ms (keyed= 0.000ms group_by=  2.582ms per_group= 0.767ms)
[pe] round=  7 work=   131072 frontier=   131072 next=    65536 consolidate=  3.657ms frontier=  0.979ms semisort=  2.807ms (keyed= 0.000ms group_by=  1.085ms per_group= 0.503ms)
[pe] round=  8 work=    65536 frontier=    65536 next=    32768 consolidate=  1.616ms frontier=  1.159ms semisort=  8.724ms (keyed= 0.000ms group_by=  7.783ms per_group= 0.283ms)
[pe] round=  9 work=    32768 frontier=    32768 next=    16384 consolidate=  0.943ms frontier=  0.358ms semisort=  5.084ms (keyed= 0.000ms group_by=  4.499ms per_group= 0.210ms)
[pe] round= 10 work=    16384 frontier=    16384 next=     8192 consolidate=  2.514ms frontier=  0.279ms semisort=  2.141ms (keyed= 0.000ms group_by=  1.729ms per_group= 0.131ms)
[pe] round= 11 work=     8192 frontier=     8192 next=     4096 consolidate=  1.642ms frontier=  0.569ms semisort=  1.647ms (keyed= 0.000ms group_by=  0.752ms per_group= 0.275ms)
[pe] round= 12 work=     4096 frontier=     4096 next=     2048 consolidate=  0.844ms frontier=  0.251ms semisort=  0.631ms (keyed= 0.000ms group_by=  0.346ms per_group= 0.071ms)
[pe] round= 13 work=     2048 frontier=     2048 next=     1024 consolidate=  0.391ms frontier=  0.125ms semisort=  0.384ms (keyed= 0.000ms group_by=  0.197ms per_group= 0.055ms)
[pe] round= 14 work=     1024 frontier=     1024 next=      512 consolidate=  0.239ms frontier=  0.077ms semisort=  0.238ms (keyed= 0.000ms group_by=  0.101ms per_group= 0.051ms)
[pe] round= 15 work=      512 frontier=      512 next=      256 consolidate=  0.131ms frontier=  0.059ms semisort=  0.151ms (keyed= 0.000ms group_by=  0.058ms per_group= 0.028ms)
[pe] round= 16 work=      256 frontier=      256 next=      128 consolidate=  0.102ms frontier=  0.048ms semisort=  0.136ms (keyed= 0.000ms group_by=  0.041ms per_group= 0.047ms)
[pe] round= 17 work=      128 frontier=      128 next=       64 consolidate=  0.079ms frontier=  0.034ms semisort=  0.074ms (keyed= 0.000ms group_by=  0.023ms per_group= 0.020ms)
[pe] round= 18 work=       64 frontier=       64 next=       32 consolidate=  0.045ms frontier=  0.024ms semisort=  0.056ms (keyed= 0.000ms group_by=  0.021ms per_group= 0.014ms)
[pe] round= 19 work=       32 frontier=       32 next=       16 consolidate=  0.030ms frontier=  0.008ms semisort=  0.041ms (keyed= 0.000ms group_by=  0.011ms per_group= 0.013ms)
[pe] round= 20 work=       16 frontier=       16 next=        8 consolidate=  0.020ms frontier=  0.006ms semisort=  0.015ms (keyed= 0.000ms group_by=  0.008ms per_group= 0.003ms)
[pe] round= 21 work=        8 frontier=        8 next=        4 consolidate=  0.012ms frontier=  0.004ms semisort=  0.012ms (keyed= 0.000ms group_by=  0.006ms per_group= 0.002ms)
[pe] round= 22 work=        4 frontier=        4 next=        2 consolidate=  0.006ms frontier=  0.002ms semisort=  0.008ms (keyed= 0.000ms group_by=  0.006ms per_group= 0.001ms)
[pe] round= 23 work=        2 frontier=        0 next=        0 consolidate=  0.003ms frontier=  0.002ms semisort=  0.000ms (break)
[pe] round=  0 work=      260 frontier= 13182000 next=  4394000 consolidate=  1.154ms frontier=  3.317ms semisort=133.315ms (keyed= 0.000ms group_by= 62.065ms per_group=33.257ms)
[pe] round=  1 work=  4394000 frontier=  4394000 next=  2097152 consolidate= 60.441ms frontier= 18.480ms semisort= 59.834ms (keyed= 0.000ms group_by= 20.782ms per_group=11.000ms)
[pe] round=  2 work=  2097152 frontier=  2097152 next=  1048576 consolidate= 35.970ms frontier= 11.135ms semisort= 40.135ms (keyed= 0.000ms group_by=  8.810ms per_group=11.983ms)
[pe] round=  3 work=  1048576 frontier=  1048576 next=   524288 consolidate= 27.840ms frontier=  9.675ms semisort= 19.593ms (keyed= 0.000ms group_by=  5.924ms per_group= 4.131ms)
[pe] round=  4 work=   524288 frontier=   524288 next=   262144 consolidate= 18.748ms frontier=  4.500ms semisort= 12.455ms (keyed= 0.000ms group_by=  3.863ms per_group= 2.569ms)
[pe] round=  5 work=   262144 frontier=   262144 next=   199696 consolidate=  8.938ms frontier=  2.559ms semisort=  7.917ms (keyed= 0.000ms group_by=  1.592ms per_group= 1.211ms)
[pe] round=  6 work=   199696 frontier=   199696 next=   131072 consolidate=  5.012ms frontier=  1.897ms semisort=  4.223ms (keyed= 0.000ms group_by=  1.173ms per_group= 0.830ms)
[pe] round=  7 work=   131072 frontier=   131072 next=    65536 consolidate=  2.814ms frontier=  0.917ms semisort=  2.672ms (keyed= 0.000ms group_by=  1.066ms per_group= 0.474ms)
[pe] round=  8 work=    65536 frontier=    65536 next=    32768 consolidate=  1.455ms frontier=  0.557ms semisort=  9.615ms (keyed= 0.000ms group_by=  7.811ms per_group= 1.038ms)
[pe] round=  9 work=    32768 frontier=    32768 next=    16384 consolidate=  0.969ms frontier=  0.392ms semisort=  5.376ms (keyed= 0.000ms group_by=  3.945ms per_group= 0.807ms)
[pe] round= 10 work=    16384 frontier=    16384 next=     8192 consolidate=  3.376ms frontier=  0.576ms semisort=  2.854ms (keyed= 0.000ms group_by=  2.051ms per_group= 0.337ms)
[pe] round= 11 work=     8192 frontier=     8192 next=     4096 consolidate=  1.436ms frontier=  0.406ms semisort=  1.470ms (keyed= 0.000ms group_by=  0.645ms per_group= 0.475ms)
[pe] round= 12 work=     4096 frontier=     4096 next=     2048 consolidate=  0.757ms frontier=  0.206ms semisort=  0.606ms (keyed= 0.000ms group_by=  0.341ms per_group= 0.065ms)
[pe] round= 13 work=     2048 frontier=     2048 next=     1024 consolidate=  0.932ms frontier=  0.127ms semisort=  0.391ms (keyed= 0.000ms group_by=  0.212ms per_group= 0.048ms)
[pe] round= 14 work=     1024 frontier=     1024 next=      512 consolidate=  0.213ms frontier=  0.076ms semisort=  0.245ms (keyed= 0.000ms group_by=  0.099ms per_group= 0.056ms)
[pe] round= 15 work=      512 frontier=      512 next=      256 consolidate=  0.144ms frontier=  0.058ms semisort=  0.183ms (keyed= 0.000ms group_by=  0.059ms per_group= 0.049ms)
[pe] round= 16 work=      256 frontier=      256 next=      128 consolidate=  0.085ms frontier=  0.043ms semisort=  0.135ms (keyed= 0.000ms group_by=  0.042ms per_group= 0.034ms)
[pe] round= 17 work=      128 frontier=      128 next=       64 consolidate=  0.084ms frontier=  0.030ms semisort=  0.102ms (keyed= 0.000ms group_by=  0.028ms per_group= 0.034ms)
[pe] round= 18 work=       64 frontier=       64 next=       32 consolidate=  0.036ms frontier=  0.020ms semisort=  0.073ms (keyed= 0.000ms group_by=  0.023ms per_group= 0.023ms)
[pe] round= 19 work=       32 frontier=       32 next=       16 consolidate=  0.029ms frontier=  0.013ms semisort=  0.035ms (keyed= 0.000ms group_by=  0.012ms per_group= 0.008ms)
[pe] round= 20 work=       16 frontier=       16 next=        8 consolidate=  0.021ms frontier=  0.006ms semisort=  0.017ms (keyed= 0.000ms group_by=  0.009ms per_group= 0.004ms)
[pe] round= 21 work=        8 frontier=        8 next=        4 consolidate=  0.018ms frontier=  0.004ms semisort=  0.013ms (keyed= 0.000ms group_by=  0.007ms per_group= 0.002ms)
[pe] round= 22 work=        4 frontier=        4 next=        2 consolidate=  0.007ms frontier=  0.002ms semisort=  0.009ms (keyed= 0.000ms group_by=  0.006ms per_group= 0.001ms)
[pe] round= 23 work=        2 frontier=        0 next=        0 consolidate=  0.004ms frontier=  0.001ms semisort=  0.000ms (break)
[pe] round=  0 work=      260 frontier= 13182000 next=  4394000 consolidate=  1.160ms frontier=  3.870ms semisort=129.480ms (keyed= 0.000ms group_by= 57.893ms per_group=25.860ms)
[pe] round=  1 work=  4394000 frontier=  4394000 next=  2097152 consolidate= 65.862ms frontier= 21.041ms semisort= 70.227ms (keyed= 0.000ms group_by= 16.950ms per_group=10.178ms)
[pe] round=  2 work=  2097152 frontier=  2097152 next=  1048576 consolidate= 47.199ms frontier= 20.779ms semisort= 33.433ms (keyed= 0.000ms group_by= 10.484ms per_group= 6.689ms)
[pe] round=  3 work=  1048576 frontier=  1048576 next=   524288 consolidate= 27.069ms frontier= 10.216ms semisort= 31.493ms (keyed= 0.000ms group_by=  6.994ms per_group=16.191ms)
[pe] round=  4 work=   524288 frontier=   524288 next=   262144 consolidate= 14.679ms frontier=  4.398ms semisort=  9.548ms (keyed= 0.000ms group_by=  3.114ms per_group= 1.494ms)
[pe] round=  5 work=   262144 frontier=   262144 next=   199696 consolidate=  7.638ms frontier=  2.683ms semisort=  8.177ms (keyed= 0.000ms group_by=  2.059ms per_group= 2.840ms)
[pe] round=  6 work=   199696 frontier=   199696 next=   131072 consolidate=  4.212ms frontier=  1.464ms semisort= 13.797ms (keyed= 0.000ms group_by=  1.152ms per_group= 0.725ms)
[pe] round=  7 work=   131072 frontier=   131072 next=    65536 consolidate=  3.986ms frontier=  2.943ms semisort=  2.654ms (keyed= 0.000ms group_by=  0.992ms per_group= 0.514ms)
[pe] round=  8 work=    65536 frontier=    65536 next=    32768 consolidate=  2.530ms frontier=  1.422ms semisort= 10.317ms (keyed= 0.000ms group_by=  8.957ms per_group= 0.435ms)
[pe] round=  9 work=    32768 frontier=    32768 next=    16384 consolidate=  1.871ms frontier=  0.788ms semisort=  6.194ms (keyed= 0.000ms group_by=  4.068ms per_group= 0.533ms)
[pe] round= 10 work=    16384 frontier=    16384 next=     8192 consolidate=  5.325ms frontier=  0.393ms semisort=  2.516ms (keyed= 0.000ms group_by=  1.763ms per_group= 0.469ms)
[pe] round= 11 work=     8192 frontier=     8192 next=     4096 consolidate=  2.146ms frontier=  0.394ms semisort=  1.145ms (keyed= 0.000ms group_by=  0.675ms per_group= 0.089ms)
[pe] round= 12 work=     4096 frontier=     4096 next=     2048 consolidate=  0.710ms frontier=  0.207ms semisort=  0.616ms (keyed= 0.000ms group_by=  0.350ms per_group= 0.072ms)
[pe] round= 13 work=     2048 frontier=     2048 next=     1024 consolidate=  0.403ms frontier=  0.136ms semisort=  0.395ms (keyed= 0.000ms group_by=  0.214ms per_group= 0.052ms)
[pe] round= 14 work=     1024 frontier=     1024 next=      512 consolidate=  0.236ms frontier=  0.077ms semisort=  0.229ms (keyed= 0.000ms group_by=  0.096ms per_group= 0.044ms)
[pe] round= 15 work=      512 frontier=      512 next=      256 consolidate=  0.141ms frontier=  0.065ms semisort=  0.165ms (keyed= 0.000ms group_by=  0.055ms per_group= 0.044ms)
[pe] round= 16 work=      256 frontier=      256 next=      128 consolidate=  0.089ms frontier=  0.045ms semisort=  0.116ms (keyed= 0.000ms group_by=  0.042ms per_group= 0.030ms)
[pe] round= 17 work=      128 frontier=      128 next=       64 consolidate=  0.061ms frontier=  0.032ms semisort=  0.117ms (keyed= 0.000ms group_by=  0.036ms per_group= 0.039ms)
[pe] round= 18 work=       64 frontier=       64 next=       32 consolidate=  0.050ms frontier=  0.021ms semisort=  0.072ms (keyed= 0.000ms group_by=  0.022ms per_group= 0.023ms)
[pe] round= 19 work=       32 frontier=       32 next=       16 consolidate=  0.036ms frontier=  0.014ms semisort=  0.037ms (keyed= 0.000ms group_by=  0.012ms per_group= 0.012ms)
[pe] round= 20 work=       16 frontier=       16 next=        8 consolidate=  0.022ms frontier=  0.006ms semisort=  0.017ms (keyed= 0.000ms group_by=  0.009ms per_group= 0.004ms)
[pe] round= 21 work=        8 frontier=        8 next=        4 consolidate=  0.020ms frontier=  0.004ms semisort=  0.013ms (keyed= 0.000ms group_by=  0.007ms per_group= 0.002ms)
[pe] round= 22 work=        4 frontier=        4 next=        2 consolidate=  0.007ms frontier=  0.002ms semisort=  0.009ms (keyed= 0.000ms group_by=  0.006ms per_group= 0.001ms)
[pe] round= 23 work=        2 frontier=        0 next=        0 consolidate=  0.004ms frontier=  0.001ms semisort=  0.000ms (break)
[pe] round=  0 work=      260 frontier= 13182000 next=  4394000 consolidate=  1.128ms frontier=  2.324ms semisort=110.607ms (keyed= 0.000ms group_by= 56.160ms per_group=18.007ms)
[pe] round=  1 work=  4394000 frontier=  4394000 next=  2097152 consolidate= 57.644ms frontier= 19.890ms semisort= 69.023ms (keyed= 0.000ms group_by= 20.599ms per_group= 9.028ms)
[pe] round=  2 work=  2097152 frontier=  2097152 next=  1048576 consolidate= 34.262ms frontier= 11.324ms semisort= 27.949ms (keyed= 0.000ms group_by=  8.161ms per_group= 6.072ms)
[pe] round=  3 work=  1048576 frontier=  1048576 next=   524288 consolidate= 23.955ms frontier=  6.583ms semisort= 16.834ms (keyed= 0.000ms group_by=  3.721ms per_group= 2.529ms)
[pe] round=  4 work=   524288 frontier=   524288 next=   262144 consolidate= 18.873ms frontier=  4.024ms semisort=  9.229ms (keyed= 0.000ms group_by=  2.110ms per_group= 2.619ms)
[pe] round=  5 work=   262144 frontier=   262144 next=   199696 consolidate=  5.681ms frontier=  1.815ms semisort=  6.055ms (keyed= 0.000ms group_by=  1.471ms per_group= 1.110ms)
[pe] round=  6 work=   199696 frontier=   199696 next=   131072 consolidate=  4.335ms frontier=  1.637ms semisort=  3.886ms (keyed= 0.000ms group_by=  1.199ms per_group= 0.819ms)
[pe] round=  7 work=   131072 frontier=   131072 next=    65536 consolidate=  2.858ms frontier=  0.933ms semisort=  2.507ms (keyed= 0.000ms group_by=  0.979ms per_group= 0.423ms)
[pe] round=  8 work=    65536 frontier=    65536 next=    32768 consolidate=  1.750ms frontier=  0.557ms semisort=  8.802ms (keyed= 0.000ms group_by=  7.916ms per_group= 0.277ms)
[pe] round=  9 work=    32768 frontier=    32768 next=    16384 consolidate=  1.332ms frontier=  0.379ms semisort=  5.387ms (keyed= 0.000ms group_by=  4.164ms per_group= 0.632ms)
[pe] round= 10 work=    16384 frontier=    16384 next=     8192 consolidate=  3.056ms frontier=  0.276ms semisort=  2.405ms (keyed= 0.000ms group_by=  1.855ms per_group= 0.130ms)
[pe] round= 11 work=     8192 frontier=     8192 next=     4096 consolidate=  1.712ms frontier=  0.527ms semisort=  1.388ms (keyed= 0.000ms group_by=  0.752ms per_group= 0.089ms)
[pe] round= 12 work=     4096 frontier=     4096 next=     2048 consolidate=  1.675ms frontier=  0.208ms semisort=  0.624ms (keyed= 0.000ms group_by=  0.350ms per_group= 0.069ms)
[pe] round= 13 work=     2048 frontier=     2048 next=     1024 consolidate=  0.401ms frontier=  0.127ms semisort=  0.381ms (keyed= 0.000ms group_by=  0.200ms per_group= 0.051ms)
[pe] round= 14 work=     1024 frontier=     1024 next=      512 consolidate=  0.225ms frontier=  0.080ms semisort=  0.231ms (keyed= 0.000ms group_by=  0.098ms per_group= 0.038ms)
[pe] round= 15 work=      512 frontier=      512 next=      256 consolidate=  0.133ms frontier=  0.067ms semisort=  0.170ms (keyed= 0.000ms group_by=  0.061ms per_group= 0.042ms)
[pe] round= 16 work=      256 frontier=      256 next=      128 consolidate=  0.083ms frontier=  0.040ms semisort=  0.140ms (keyed= 0.000ms group_by=  0.041ms per_group= 0.045ms)
[pe] round= 17 work=      128 frontier=      128 next=       64 consolidate=  0.060ms frontier=  0.034ms semisort=  0.099ms (keyed= 0.000ms group_by=  0.030ms per_group= 0.027ms)
[pe] round= 18 work=       64 frontier=       64 next=       32 consolidate=  0.066ms frontier=  0.029ms semisort=  0.072ms (keyed= 0.000ms group_by=  0.025ms per_group= 0.022ms)
[pe] round= 19 work=       32 frontier=       32 next=       16 consolidate=  0.036ms frontier=  0.012ms semisort=  0.032ms (keyed= 0.000ms group_by=  0.014ms per_group= 0.007ms)
[pe] round= 20 work=       16 frontier=       16 next=        8 consolidate=  0.021ms frontier=  0.006ms semisort=  0.018ms (keyed= 0.000ms group_by=  0.009ms per_group= 0.004ms)
[pe] round= 21 work=        8 frontier=        8 next=        4 consolidate=  0.020ms frontier=  0.004ms semisort=  0.013ms (keyed= 0.000ms group_by=  0.007ms per_group= 0.002ms)
[pe] round= 22 work=        4 frontier=        4 next=        2 consolidate=  0.007ms frontier=  0.002ms semisort=  0.010ms (keyed= 0.000ms group_by=  0.006ms per_group= 0.001ms)
[pe] round= 23 work=        2 frontier=        0 next=        0 consolidate=  0.004ms frontier=  0.002ms semisort=  0.000ms (break)
[pe] round=  0 work=      260 frontier= 13182000 next=  4394000 consolidate=  1.211ms frontier=  2.174ms semisort=112.481ms (keyed= 0.000ms group_by= 56.195ms per_group=18.172ms)
[pe] round=  1 work=  4394000 frontier=  4394000 next=  2097152 consolidate= 65.465ms frontier= 19.774ms semisort= 56.352ms (keyed= 0.000ms group_by= 14.775ms per_group= 9.251ms)
[pe] round=  2 work=  2097152 frontier=  2097152 next=  1048576 consolidate= 42.120ms frontier= 11.117ms semisort= 28.059ms (keyed= 0.000ms group_by=  8.713ms per_group= 4.387ms)
[pe] round=  3 work=  1048576 frontier=  1048576 next=   524288 consolidate= 25.889ms frontier=  6.903ms semisort= 17.445ms (keyed= 0.000ms group_by=  5.223ms per_group= 2.539ms)
[pe] round=  4 work=   524288 frontier=   524288 next=   262144 consolidate= 13.119ms frontier=  3.557ms semisort= 10.964ms (keyed= 0.000ms group_by=  2.190ms per_group= 3.579ms)
[pe] round=  5 work=   262144 frontier=   262144 next=   199696 consolidate=  5.930ms frontier=  1.737ms semisort=  5.126ms (keyed= 0.000ms group_by=  1.485ms per_group= 1.127ms)
[pe] round=  6 work=   199696 frontier=   199696 next=   131072 consolidate=  5.217ms frontier=  1.391ms semisort=  3.810ms (keyed= 0.000ms group_by=  1.227ms per_group= 0.757ms)
[pe] round=  7 work=   131072 frontier=   131072 next=    65536 consolidate=  3.112ms frontier=  0.949ms semisort=  5.620ms (keyed= 0.000ms group_by=  4.062ms per_group= 0.447ms)
[pe] round=  8 work=    65536 frontier=    65536 next=    32768 consolidate=  1.557ms frontier=  0.559ms semisort= 10.063ms (keyed= 0.000ms group_by=  7.836ms per_group= 1.620ms)
[pe] round=  9 work=    32768 frontier=    32768 next=    16384 consolidate=  0.953ms frontier=  0.354ms semisort=  4.035ms (keyed= 0.000ms group_by=  3.490ms per_group= 0.176ms)
[pe] round= 10 work=    16384 frontier=    16384 next=     8192 consolidate=  3.132ms frontier=  0.844ms semisort=  2.604ms (keyed= 0.000ms group_by=  1.805ms per_group= 0.121ms)
[pe] round= 11 work=     8192 frontier=     8192 next=     4096 consolidate=  1.402ms frontier=  0.381ms semisort=  1.097ms (keyed= 0.000ms group_by=  0.670ms per_group= 0.073ms)
[pe] round= 12 work=     4096 frontier=     4096 next=     2048 consolidate=  0.754ms frontier=  0.204ms semisort=  0.584ms (keyed= 0.000ms group_by=  0.329ms per_group= 0.060ms)
[pe] round= 13 work=     2048 frontier=     2048 next=     1024 consolidate=  0.397ms frontier=  0.123ms semisort=  0.367ms (keyed= 0.000ms group_by=  0.192ms per_group= 0.051ms)
[pe] round= 14 work=     1024 frontier=     1024 next=      512 consolidate=  0.216ms frontier=  0.081ms semisort=  0.225ms (keyed= 0.000ms group_by=  0.099ms per_group= 0.040ms)
[pe] round= 15 work=      512 frontier=      512 next=      256 consolidate=  0.138ms frontier=  0.060ms semisort=  0.165ms (keyed= 0.000ms group_by=  0.054ms per_group= 0.045ms)
[pe] round= 16 work=      256 frontier=      256 next=      128 consolidate=  0.088ms frontier=  0.043ms semisort=  0.138ms (keyed= 0.000ms group_by=  0.038ms per_group= 0.041ms)
[pe] round= 17 work=      128 frontier=      128 next=       64 consolidate=  0.077ms frontier=  0.028ms semisort=  0.089ms (keyed= 0.000ms group_by=  0.027ms per_group= 0.029ms)
[pe] round= 18 work=       64 frontier=       64 next=       32 consolidate=  0.048ms frontier=  0.020ms semisort=  0.071ms (keyed= 0.000ms group_by=  0.024ms per_group= 0.022ms)
[pe] round= 19 work=       32 frontier=       32 next=       16 consolidate=  0.031ms frontier=  0.009ms semisort=  0.033ms (keyed= 0.000ms group_by=  0.012ms per_group= 0.009ms)
[pe] round= 20 work=       16 frontier=       16 next=        8 consolidate=  0.024ms frontier=  0.006ms semisort=  0.017ms (keyed= 0.000ms group_by=  0.009ms per_group= 0.004ms)
[pe] round= 21 work=        8 frontier=        8 next=        4 consolidate=  0.018ms frontier=  0.004ms semisort=  0.013ms (keyed= 0.000ms group_by=  0.007ms per_group= 0.002ms)
[pe] round= 22 work=        4 frontier=        4 next=        2 consolidate=  0.006ms frontier=  0.002ms semisort=  0.009ms (keyed= 0.000ms group_by=  0.006ms per_group= 0.001ms)
[pe] round= 23 work=        2 frontier=        0 next=        0 consolidate=  0.004ms frontier=  0.002ms semisort=  0.000ms (break)
