[synthetic_bench] cube n=135 d=2 classes=9841768 merges=135 ...
[pe] round=  0 work=      270 frontier= 14762250 next=  4920750 consolidate=  4.573ms frontier=  6.006ms semisort=381.025ms (keyed= 0.000ms group_by=210.244ms per_group=50.262ms)
[pe] round=  1 work=  4920750 frontier=  4920750 next=  2097152 consolidate=166.816ms frontier= 44.465ms semisort=183.215ms (keyed= 0.000ms group_by= 46.269ms per_group=23.529ms)
[pe] round=  2 work=  2097152 frontier=  2097152 next=  1048576 consolidate= 74.006ms frontier= 22.022ms semisort= 83.890ms (keyed= 0.000ms group_by= 21.743ms per_group=13.977ms)
[pe] round=  3 work=  1048576 frontier=  1048576 next=   726446 consolidate= 43.726ms frontier= 12.450ms semisort= 37.539ms (keyed= 0.000ms group_by=  9.629ms per_group= 8.899ms)
[pe] round=  4 work=   726446 frontier=   726446 next=   524288 consolidate= 30.805ms frontier=  8.261ms semisort= 25.313ms (keyed= 0.000ms group_by=  4.771ms per_group= 6.915ms)
[pe] round=  5 work=   524288 frontier=   524288 next=   262144 consolidate= 23.090ms frontier=  5.737ms semisort= 14.235ms (keyed= 0.000ms group_by=  3.195ms per_group= 2.988ms)
[pe] round=  6 work=   262144 frontier=   262144 next=   131072 consolidate= 10.794ms frontier=  2.477ms semisort=  7.603ms (keyed= 0.000ms group_by=  2.023ms per_group= 1.412ms)
[pe] round=  7 work=   131072 frontier=   131072 next=    65536 consolidate=  5.409ms frontier=  1.136ms semisort=  3.707ms (keyed= 0.000ms group_by=  0.972ms per_group= 0.742ms)
[pe] round=  8 work=    65536 frontier=    65536 next=    32768 consolidate=  9.051ms frontier=  0.840ms semisort=  8.370ms (keyed= 0.000ms group_by=  7.059ms per_group= 0.380ms)
[pe] round=  9 work=    32768 frontier=    32768 next=    16384 consolidate=  1.322ms frontier=  0.375ms semisort=  4.199ms (keyed= 0.000ms group_by=  3.564ms per_group= 0.212ms)
[pe] round= 10 work=    16384 frontier=    16384 next=     8192 consolidate=  1.694ms frontier=  0.286ms semisort=  2.038ms (keyed= 0.000ms group_by=  1.628ms per_group= 0.127ms)
[pe] round= 11 work=     8192 frontier=     8192 next=     4096 consolidate=  0.936ms frontier=  0.370ms semisort=  0.946ms (keyed= 0.000ms group_by=  0.552ms per_group= 0.085ms)
[pe] round= 12 work=     4096 frontier=     4096 next=     2048 consolidate=  0.576ms frontier=  0.154ms semisort=  0.436ms (keyed= 0.000ms group_by=  0.243ms per_group= 0.047ms)
[pe] round= 13 work=     2048 frontier=     2048 next=     1024 consolidate=  0.288ms frontier=  0.099ms semisort=  0.290ms (keyed= 0.000ms group_by=  0.160ms per_group= 0.033ms)
[pe] round= 14 work=     1024 frontier=     1024 next=      512 consolidate=  0.148ms frontier=  0.060ms semisort=  0.198ms (keyed= 0.000ms group_by=  0.097ms per_group= 0.039ms)
[pe] round= 15 work=      512 frontier=      512 next=      256 consolidate=  0.081ms frontier=  0.049ms semisort=  0.116ms (keyed= 0.000ms group_by=  0.055ms per_group= 0.022ms)
[pe] round= 16 work=      256 frontier=      256 next=      128 consolidate=  0.044ms frontier=  0.029ms semisort=  0.075ms (keyed= 0.000ms group_by=  0.030ms per_group= 0.017ms)
[pe] round= 17 work=      128 frontier=      128 next=       64 consolidate=  0.035ms frontier=  0.019ms semisort=  0.048ms (keyed= 0.000ms group_by=  0.016ms per_group= 0.013ms)
[pe] round= 18 work=       64 frontier=       64 next=       32 consolidate=  0.021ms frontier=  0.012ms semisort=  0.032ms (keyed= 0.000ms group_by=  0.011ms per_group= 0.009ms)
[pe] round= 19 work=       32 frontier=       32 next=       16 consolidate=  0.015ms frontier=  0.006ms semisort=  0.015ms (keyed= 0.000ms group_by=  0.007ms per_group= 0.003ms)
[pe] round= 20 work=       16 frontier=       16 next=        8 consolidate=  0.012ms frontier=  0.003ms semisort=  0.009ms (keyed= 0.000ms group_by=  0.005ms per_group= 0.002ms)
[pe] round= 21 work=        8 frontier=        8 next=        4 consolidate=  0.005ms frontier=  0.002ms semisort=  0.006ms (keyed= 0.000ms group_by=  0.003ms per_group= 0.001ms)
[pe] round= 22 work=        4 frontier=        4 next=        2 consolidate=  0.003ms frontier=  0.001ms semisort=  0.005ms (keyed= 0.000ms group_by=  0.003ms per_group= 0.001ms)
[pe] round= 23 work=        2 frontier=        0 next=        0 consolidate=  0.002ms frontier=  0.001ms semisort=  0.000ms (break)
[pe] round=  0 work=      270 frontier= 14762250 next=  4920750 consolidate=  2.324ms frontier=  5.263ms semisort=303.173ms (keyed= 0.000ms group_by=148.326ms per_group=50.979ms)
[pe] round=  1 work=  4920750 frontier=  4920750 next=  2097152 consolidate=176.746ms frontier= 49.206ms semisort=152.243ms (keyed= 0.000ms group_by= 50.048ms per_group=23.373ms)
[pe] round=  2 work=  2097152 frontier=  2097152 next=  1048576 consolidate= 83.271ms frontier= 21.700ms semisort= 76.937ms (keyed= 0.000ms group_by= 22.508ms per_group=14.749ms)
[pe] round=  3 work=  1048576 frontier=  1048576 next=   726446 consolidate= 45.549ms frontier= 12.575ms semisort= 38.027ms (keyed= 0.000ms group_by=  9.950ms per_group= 9.581ms)
[pe] round=  4 work=   726446 frontier=   726446 next=   524288 consolidate= 35.375ms frontier=  8.414ms semisort= 27.301ms (keyed= 0.000ms group_by=  5.470ms per_group= 6.621ms)
[pe] round=  5 work=   524288 frontier=   524288 next=   262144 consolidate= 22.682ms frontier=  5.839ms semisort= 14.024ms (keyed= 0.000ms group_by=  3.273ms per_group= 3.143ms)
[pe] round=  6 work=   262144 frontier=   262144 next=   131072 consolidate= 11.090ms frontier=  2.608ms semisort= 14.186ms (keyed= 0.000ms group_by=  8.668ms per_group= 1.577ms)
[pe] round=  7 work=   131072 frontier=   131072 next=    65536 consolidate=  5.559ms frontier=  1.163ms semisort=  3.664ms (keyed= 0.000ms group_by=  0.963ms per_group= 0.794ms)
[pe] round=  8 work=    65536 frontier=    65536 next=    32768 consolidate=  2.702ms frontier=  0.673ms semisort=  7.980ms (keyed= 0.000ms group_by=  6.725ms per_group= 0.397ms)
[pe] round=  9 work=    32768 frontier=    32768 next=    16384 consolidate=  1.319ms frontier=  0.375ms semisort=  4.006ms (keyed= 0.000ms group_by=  3.341ms per_group= 0.216ms)
[pe] round= 10 work=    16384 frontier=    16384 next=     8192 consolidate=  1.655ms frontier=  0.248ms semisort=  2.028ms (keyed= 0.001ms group_by=  1.610ms per_group= 0.147ms)
[pe] round= 11 work=     8192 frontier=     8192 next=     4096 consolidate=  1.122ms frontier=  0.330ms semisort=  1.009ms (keyed= 0.000ms group_by=  0.587ms per_group= 0.088ms)
[pe] round= 12 work=     4096 frontier=     4096 next=     2048 consolidate=  0.645ms frontier=  0.177ms semisort=  0.500ms (keyed= 0.000ms group_by=  0.273ms per_group= 0.052ms)
[pe] round= 13 work=     2048 frontier=     2048 next=     1024 consolidate=  0.337ms frontier=  0.111ms semisort=  0.317ms (keyed= 0.000ms group_by=  0.168ms per_group= 0.036ms)
[pe] round= 14 work=     1024 frontier=     1024 next=      512 consolidate=  0.197ms frontier=  0.064ms semisort=  0.178ms (keyed= 0.000ms group_by=  0.087ms per_group= 0.029ms)
[pe] round= 15 work=      512 frontier=      512 next=      256 consolidate=  0.093ms frontier=  0.043ms semisort=  0.117ms (keyed= 0.000ms group_by=  0.045ms per_group= 0.032ms)
[pe] round= 16 work=      256 frontier=      256 next=      128 consolidate=  0.044ms frontier=  0.028ms semisort=  0.074ms (keyed= 0.000ms group_by=  0.027ms per_group= 0.016ms)
[pe] round= 17 work=      128 frontier=      128 next=       64 consolidate=  0.036ms frontier=  0.023ms semisort=  0.051ms (keyed= 0.000ms group_by=  0.017ms per_group= 0.015ms)
[pe] round= 18 work=       64 frontier=       64 next=       32 consolidate=  0.025ms frontier=  0.013ms semisort=  0.036ms (keyed= 0.001ms group_by=  0.012ms per_group= 0.011ms)
[pe] round= 19 work=       32 frontier=       32 next=       16 consolidate=  0.018ms frontier=  0.007ms semisort=  0.016ms (keyed= 0.000ms group_by=  0.007ms per_group= 0.004ms)
[pe] round= 20 work=       16 frontier=       16 next=        8 consolidate=  0.012ms frontier=  0.004ms semisort=  0.011ms (keyed= 0.000ms group_by=  0.005ms per_group= 0.002ms)
[pe] round= 21 work=        8 frontier=        8 next=        4 consolidate=  0.008ms frontier=  0.003ms semisort=  0.015ms (keyed= 0.000ms group_by=  0.012ms per_group= 0.001ms)
[pe] round= 22 work=        4 frontier=        4 next=        2 consolidate=  0.004ms frontier=  0.001ms semisort=  0.005ms (keyed= 0.000ms group_by=  0.003ms per_group= 0.001ms)
[pe] round= 23 work=        2 frontier=        0 next=        0 consolidate=  0.002ms frontier=  0.001ms semisort=  0.000ms (break)
[pe] round=  0 work=      270 frontier= 14762250 next=  4920750 consolidate=  2.423ms frontier=  5.157ms semisort=276.673ms (keyed= 0.000ms group_by=116.841ms per_group=54.674ms)
[pe] round=  1 work=  4920750 frontier=  4920750 next=  2097152 consolidate=186.889ms frontier= 49.579ms semisort=145.918ms (keyed= 0.000ms group_by= 45.875ms per_group=23.696ms)
[pe] round=  2 work=  2097152 frontier=  2097152 next=  1048576 consolidate= 82.604ms frontier= 24.344ms semisort= 70.785ms (keyed= 0.000ms group_by= 20.803ms per_group=14.236ms)
[pe] round=  3 work=  1048576 frontier=  1048576 next=   726446 consolidate= 44.988ms frontier= 14.838ms semisort= 38.802ms (keyed= 0.000ms group_by= 10.024ms per_group= 9.326ms)
[pe] round=  4 work=   726446 frontier=   726446 next=   524288 consolidate= 30.596ms frontier=  8.704ms semisort= 22.940ms (keyed= 0.000ms group_by=  4.995ms per_group= 6.172ms)
[pe] round=  5 work=   524288 frontier=   524288 next=   262144 consolidate= 22.877ms frontier=  5.628ms semisort= 14.433ms (keyed= 0.000ms group_by=  3.223ms per_group= 3.349ms)
[pe] round=  6 work=   262144 frontier=   262144 next=   131072 consolidate= 10.611ms frontier=  2.577ms semisort=  7.430ms (keyed= 0.000ms group_by=  1.906ms per_group= 1.572ms)
[pe] round=  7 work=   131072 frontier=   131072 next=    65536 consolidate=  5.612ms frontier=  1.153ms semisort=  3.797ms (keyed= 0.000ms group_by=  0.984ms per_group= 0.818ms)
[pe] round=  8 work=    65536 frontier=    65536 next=    32768 consolidate=  2.715ms frontier=  0.675ms semisort=  8.053ms (keyed= 0.000ms group_by=  6.757ms per_group= 0.409ms)
[pe] round=  9 work=    32768 frontier=    32768 next=    16384 consolidate=  1.278ms frontier=  0.372ms semisort=  3.931ms (keyed= 0.000ms group_by=  3.238ms per_group= 0.234ms)
[pe] round= 10 work=    16384 frontier=    16384 next=     8192 consolidate=  1.807ms frontier=  0.266ms semisort=  2.046ms (keyed= 0.001ms group_by=  1.617ms per_group= 0.141ms)
[pe] round= 11 work=     8192 frontier=     8192 next=     4096 consolidate=  1.213ms frontier=  0.343ms semisort=  0.947ms (keyed= 0.000ms group_by=  0.570ms per_group= 0.081ms)
[pe] round= 12 work=     4096 frontier=     4096 next=     2048 consolidate=  0.641ms frontier=  0.176ms semisort=  0.495ms (keyed= 0.000ms group_by=  0.264ms per_group= 0.050ms)
[pe] round= 13 work=     2048 frontier=     2048 next=     1024 consolidate=  0.325ms frontier=  0.106ms semisort=  0.305ms (keyed= 0.000ms group_by=  0.159ms per_group= 0.044ms)
[pe] round= 14 work=     1024 frontier=     1024 next=      512 consolidate=  0.163ms frontier=  0.065ms semisort=  0.198ms (keyed= 0.000ms group_by=  0.082ms per_group= 0.048ms)
[pe] round= 15 work=      512 frontier=      512 next=      256 consolidate=  0.108ms frontier=  0.049ms semisort=  0.111ms (keyed= 0.000ms group_by=  0.046ms per_group= 0.022ms)
[pe] round= 16 work=      256 frontier=      256 next=      128 consolidate=  0.049ms frontier=  0.034ms semisort=  0.080ms (keyed= 0.000ms group_by=  0.030ms per_group= 0.016ms)
[pe] round= 17 work=      128 frontier=      128 next=       64 consolidate=  0.035ms frontier=  0.022ms semisort=  0.055ms (keyed= 0.000ms group_by=  0.018ms per_group= 0.017ms)
[pe] round= 18 work=       64 frontier=       64 next=       32 consolidate=  0.025ms frontier=  0.014ms semisort=  0.035ms (keyed= 0.000ms group_by=  0.011ms per_group= 0.011ms)
[pe] round= 19 work=       32 frontier=       32 next=       16 consolidate=  0.016ms frontier=  0.007ms semisort=  0.017ms (keyed= 0.000ms group_by=  0.007ms per_group= 0.004ms)
[pe] round= 20 work=       16 frontier=       16 next=        8 consolidate=  0.013ms frontier=  0.004ms semisort=  0.012ms (keyed= 0.000ms group_by=  0.005ms per_group= 0.003ms)
[pe] round= 21 work=        8 frontier=        8 next=        4 consolidate=  0.008ms frontier=  0.003ms semisort=  0.007ms (keyed= 0.000ms group_by=  0.004ms per_group= 0.001ms)
[pe] round= 22 work=        4 frontier=        4 next=        2 consolidate=  0.004ms frontier=  0.001ms semisort=  0.005ms (keyed= 0.000ms group_by=  0.003ms per_group= 0.001ms)
[pe] round= 23 work=        2 frontier=        0 next=        0 consolidate=  0.002ms frontier=  0.001ms semisort=  0.000ms (break)
[pe] round=  0 work=      270 frontier= 14762250 next=  4920750 consolidate=  2.510ms frontier=  4.919ms semisort=257.251ms (keyed= 0.000ms group_by=103.130ms per_group=53.138ms)
[pe] round=  1 work=  4920750 frontier=  4920750 next=  2097152 consolidate=178.649ms frontier= 49.967ms semisort=138.404ms (keyed= 0.000ms group_by= 42.690ms per_group=23.293ms)
[pe] round=  2 work=  2097152 frontier=  2097152 next=  1048576 consolidate= 78.170ms frontier= 21.780ms semisort= 67.650ms (keyed= 0.000ms group_by= 19.446ms per_group=13.992ms)
[pe] round=  3 work=  1048576 frontier=  1048576 next=   726446 consolidate= 45.986ms frontier= 11.838ms semisort= 35.836ms (keyed= 0.000ms group_by=  9.781ms per_group= 9.118ms)
[pe] round=  4 work=   726446 frontier=   726446 next=   524288 consolidate= 30.016ms frontier=  8.064ms semisort= 21.675ms (keyed= 0.000ms group_by=  4.701ms per_group= 5.921ms)
[pe] round=  5 work=   524288 frontier=   524288 next=   262144 consolidate= 22.152ms frontier=  5.593ms semisort= 13.732ms (keyed= 0.000ms group_by=  3.295ms per_group= 3.198ms)
[pe] round=  6 work=   262144 frontier=   262144 next=   131072 consolidate= 10.932ms frontier=  3.326ms semisort=  7.364ms (keyed= 0.000ms group_by=  1.969ms per_group= 1.579ms)
[pe] round=  7 work=   131072 frontier=   131072 next=    65536 consolidate=  5.752ms frontier=  1.203ms semisort=  3.801ms (keyed= 0.000ms group_by=  1.021ms per_group= 0.851ms)
[pe] round=  8 work=    65536 frontier=    65536 next=    32768 consolidate=  2.676ms frontier=  0.698ms semisort=  8.069ms (keyed= 0.000ms group_by=  6.756ms per_group= 0.423ms)
[pe] round=  9 work=    32768 frontier=    32768 next=    16384 consolidate=  1.314ms frontier=  0.369ms semisort=  4.008ms (keyed= 0.010ms group_by=  3.281ms per_group= 0.246ms)
[pe] round= 10 work=    16384 frontier=    16384 next=     8192 consolidate=  1.736ms frontier=  0.257ms semisort=  1.985ms (keyed= 0.000ms group_by=  1.547ms per_group= 0.161ms)
[pe] round= 11 work=     8192 frontier=     8192 next=     4096 consolidate=  1.097ms frontier=  0.339ms semisort=  0.976ms (keyed= 0.000ms group_by=  0.550ms per_group= 0.086ms)
[pe] round= 12 work=     4096 frontier=     4096 next=     2048 consolidate=  0.628ms frontier=  0.196ms semisort=  0.517ms (keyed= 0.000ms group_by=  0.277ms per_group= 0.055ms)
[pe] round= 13 work=     2048 frontier=     2048 next=     1024 consolidate=  0.342ms frontier=  0.100ms semisort=  0.299ms (keyed= 0.000ms group_by=  0.159ms per_group= 0.037ms)
[pe] round= 14 work=     1024 frontier=     1024 next=      512 consolidate=  0.156ms frontier=  0.055ms semisort=  0.177ms (keyed= 0.000ms group_by=  0.080ms per_group= 0.030ms)
[pe] round= 15 work=      512 frontier=      512 next=      256 consolidate=  0.102ms frontier=  0.047ms semisort=  0.124ms (keyed= 0.000ms group_by=  0.053ms per_group= 0.024ms)
[pe] round= 16 work=      256 frontier=      256 next=      128 consolidate=  0.049ms frontier=  0.029ms semisort=  0.073ms (keyed= 0.000ms group_by=  0.028ms per_group= 0.017ms)
[pe] round= 17 work=      128 frontier=      128 next=       64 consolidate=  0.036ms frontier=  0.022ms semisort=  0.064ms (keyed= 0.000ms group_by=  0.028ms per_group= 0.013ms)
[pe] round= 18 work=       64 frontier=       64 next=       32 consolidate=  0.026ms frontier=  0.016ms semisort=  0.036ms (keyed= 0.000ms group_by=  0.012ms per_group= 0.012ms)
[pe] round= 19 work=       32 frontier=       32 next=       16 consolidate=  0.017ms frontier=  0.007ms semisort=  0.016ms (keyed= 0.000ms group_by=  0.007ms per_group= 0.005ms)
[pe] round= 20 work=       16 frontier=       16 next=        8 consolidate=  0.013ms frontier=  0.004ms semisort=  0.011ms (keyed= 0.000ms group_by=  0.005ms per_group= 0.003ms)
[pe] round= 21 work=        8 frontier=        8 next=        4 consolidate=  0.008ms frontier=  0.003ms semisort=  0.008ms (keyed= 0.000ms group_by=  0.004ms per_group= 0.001ms)
[pe] round= 22 work=        4 frontier=        4 next=        2 consolidate=  0.004ms frontier=  0.001ms semisort=  0.005ms (keyed= 0.000ms group_by=  0.003ms per_group= 0.001ms)
[pe] round= 23 work=        2 frontier=        0 next=        0 consolidate=  0.002ms frontier=  0.001ms semisort=  0.000ms (break)
[pe] round=  0 work=      270 frontier= 14762250 next=  4920750 consolidate=  2.518ms frontier=  4.869ms semisort=260.782ms (keyed= 0.000ms group_by=101.882ms per_group=53.845ms)
[pe] round=  1 work=  4920750 frontier=  4920750 next=  2097152 consolidate=186.477ms frontier= 61.599ms semisort=141.574ms (keyed= 0.000ms group_by= 46.651ms per_group=22.124ms)
[pe] round=  2 work=  2097152 frontier=  2097152 next=  1048576 consolidate= 83.873ms frontier= 21.389ms semisort= 76.996ms (keyed= 0.000ms group_by= 28.049ms per_group=13.570ms)
[pe] round=  3 work=  1048576 frontier=  1048576 next=   726446 consolidate= 44.792ms frontier= 11.882ms semisort= 51.050ms (keyed= 0.000ms group_by=  9.478ms per_group= 8.753ms)
[pe] round=  4 work=   726446 frontier=   726446 next=   524288 consolidate= 28.852ms frontier=  7.922ms semisort= 23.269ms (keyed= 0.000ms group_by=  4.895ms per_group= 6.930ms)
[pe] round=  5 work=   524288 frontier=   524288 next=   262144 consolidate= 22.047ms frontier=  5.934ms semisort= 14.590ms (keyed= 0.000ms group_by=  3.335ms per_group= 4.157ms)
[pe] round=  6 work=   262144 frontier=   262144 next=   131072 consolidate= 11.079ms frontier=  2.654ms semisort=  7.296ms (keyed= 0.000ms group_by=  1.913ms per_group= 1.598ms)
[pe] round=  7 work=   131072 frontier=   131072 next=    65536 consolidate=  5.332ms frontier=  1.196ms semisort=  3.707ms (keyed= 0.000ms group_by=  1.004ms per_group= 0.827ms)
[pe] round=  8 work=    65536 frontier=    65536 next=    32768 consolidate=  2.586ms frontier=  0.746ms semisort=  7.853ms (keyed= 0.000ms group_by=  6.559ms per_group= 0.408ms)
[pe] round=  9 work=    32768 frontier=    32768 next=    16384 consolidate=  1.359ms frontier=  0.441ms semisort=  4.225ms (keyed= 0.000ms group_by=  3.410ms per_group= 0.247ms)
[pe] round= 10 work=    16384 frontier=    16384 next=     8192 consolidate=  1.809ms frontier=  0.293ms semisort=  2.055ms (keyed= 0.000ms group_by=  1.605ms per_group= 0.151ms)
[pe] round= 11 work=     8192 frontier=     8192 next=     4096 consolidate=  1.165ms frontier=  0.412ms semisort=  1.013ms (keyed= 0.000ms group_by=  0.593ms per_group= 0.091ms)
[pe] round= 12 work=     4096 frontier=     4096 next=     2048 consolidate=  0.638ms frontier=  0.210ms semisort=  0.544ms (keyed= 0.001ms group_by=  0.304ms per_group= 0.055ms)
[pe] round= 13 work=     2048 frontier=     2048 next=     1024 consolidate=  0.345ms frontier=  0.108ms semisort=  0.311ms (keyed= 0.000ms group_by=  0.171ms per_group= 0.037ms)
[pe] round= 14 work=     1024 frontier=     1024 next=      512 consolidate=  0.178ms frontier=  0.070ms semisort=  0.188ms (keyed= 0.000ms group_by=  0.084ms per_group= 0.030ms)
[pe] round= 15 work=      512 frontier=      512 next=      256 consolidate=  0.098ms frontier=  0.043ms semisort=  0.125ms (keyed= 0.000ms group_by=  0.053ms per_group= 0.023ms)
[pe] round= 16 work=      256 frontier=      256 next=      128 consolidate=  0.060ms frontier=  0.033ms semisort=  0.079ms (keyed= 0.000ms group_by=  0.031ms per_group= 0.017ms)
[pe] round= 17 work=      128 frontier=      128 next=       64 consolidate=  0.038ms frontier=  0.026ms semisort=  0.066ms (keyed= 0.000ms group_by=  0.019ms per_group= 0.023ms)
[pe] round= 18 work=       64 frontier=       64 next=       32 consolidate=  0.030ms frontier=  0.014ms semisort=  0.049ms (keyed= 0.000ms group_by=  0.014ms per_group= 0.020ms)
[pe] round= 19 work=       32 frontier=       32 next=       16 consolidate=  0.020ms frontier=  0.010ms semisort=  0.031ms (keyed= 0.000ms group_by=  0.009ms per_group= 0.013ms)
[pe] round= 20 work=       16 frontier=       16 next=        8 consolidate=  0.015ms frontier=  0.004ms semisort=  0.012ms (keyed= 0.000ms group_by=  0.006ms per_group= 0.003ms)
[pe] round= 21 work=        8 frontier=        8 next=        4 consolidate=  0.011ms frontier=  0.003ms semisort=  0.008ms (keyed= 0.000ms group_by=  0.005ms per_group= 0.001ms)
[pe] round= 22 work=        4 frontier=        4 next=        2 consolidate=  0.005ms frontier=  0.001ms semisort=  0.006ms (keyed= 0.000ms group_by=  0.004ms per_group= 0.001ms)
[pe] round= 23 work=        2 frontier=        0 next=        0 consolidate=  0.003ms frontier=  0.001ms semisort=  0.000ms (break)
[pe] round=  0 work=      270 frontier= 14762250 next=  4920750 consolidate=  5.606ms frontier=  6.670ms semisort=243.178ms (keyed= 0.000ms group_by= 99.199ms per_group=49.013ms)
[pe] round=  1 work=  4920750 frontier=  4920750 next=  2097152 consolidate=183.028ms frontier= 46.662ms semisort=140.092ms (keyed= 0.000ms group_by= 49.747ms per_group=23.122ms)
[pe] round=  2 work=  2097152 frontier=  2097152 next=  1048576 consolidate= 75.583ms frontier= 22.800ms semisort= 70.048ms (keyed= 0.000ms group_by= 24.276ms per_group=13.601ms)
[pe] round=  3 work=  1048576 frontier=  1048576 next=   726446 consolidate= 44.792ms frontier= 12.103ms semisort= 34.383ms (keyed= 0.000ms group_by=  9.539ms per_group= 8.674ms)
[pe] round=  4 work=   726446 frontier=   726446 next=   524288 consolidate= 28.685ms frontier=  8.090ms semisort= 21.964ms (keyed= 0.000ms group_by=  4.943ms per_group= 5.722ms)
[pe] round=  5 work=   524288 frontier=   524288 next=   262144 consolidate= 27.115ms frontier=  5.533ms semisort= 13.526ms (keyed= 0.000ms group_by=  3.352ms per_group= 3.186ms)
[pe] round=  6 work=   262144 frontier=   262144 next=   131072 consolidate= 10.336ms frontier=  2.989ms semisort=  7.233ms (keyed= 0.000ms group_by=  1.999ms per_group= 1.538ms)
[pe] round=  7 work=   131072 frontier=   131072 next=    65536 consolidate=  5.367ms frontier=  1.255ms semisort=  3.594ms (keyed= 0.000ms group_by=  0.922ms per_group= 0.872ms)
[pe] round=  8 work=    65536 frontier=    65536 next=    32768 consolidate=  2.499ms frontier=  0.732ms semisort=  8.076ms (keyed= 0.000ms group_by=  6.767ms per_group= 0.471ms)
[pe] round=  9 work=    32768 frontier=    32768 next=    16384 consolidate=  1.289ms frontier=  0.432ms semisort=  3.985ms (keyed= 0.000ms group_by=  3.268ms per_group= 0.242ms)
[pe] round= 10 work=    16384 frontier=    16384 next=     8192 consolidate=  1.866ms frontier=  0.272ms semisort=  2.045ms (keyed= 0.000ms group_by=  1.562ms per_group= 0.181ms)
[pe] round= 11 work=     8192 frontier=     8192 next=     4096 consolidate=  1.136ms frontier=  0.410ms semisort=  0.970ms (keyed= 0.000ms group_by=  0.568ms per_group= 0.087ms)
[pe] round= 12 work=     4096 frontier=     4096 next=     2048 consolidate=  0.648ms frontier=  0.203ms semisort=  0.496ms (keyed= 0.000ms group_by=  0.273ms per_group= 0.053ms)
[pe] round= 13 work=     2048 frontier=     2048 next=     1024 consolidate=  0.318ms frontier=  0.106ms semisort=  0.331ms (keyed= 0.000ms group_by=  0.178ms per_group= 0.039ms)
[pe] round= 14 work=     1024 frontier=     1024 next=      512 consolidate=  0.219ms frontier=  0.068ms semisort=  0.192ms (keyed= 0.000ms group_by=  0.092ms per_group= 0.032ms)
[pe] round= 15 work=      512 frontier=      512 next=      256 consolidate=  0.097ms frontier=  0.051ms semisort=  0.126ms (keyed= 0.000ms group_by=  0.050ms per_group= 0.026ms)
[pe] round= 16 work=      256 frontier=      256 next=      128 consolidate=  0.050ms frontier=  0.035ms semisort=  0.081ms (keyed= 0.000ms group_by=  0.032ms per_group= 0.017ms)
[pe] round= 17 work=      128 frontier=      128 next=       64 consolidate=  0.039ms frontier=  0.023ms semisort=  0.047ms (keyed= 0.000ms group_by=  0.017ms per_group= 0.013ms)
[pe] round= 18 work=       64 frontier=       64 next=       32 consolidate=  0.027ms frontier=  0.014ms semisort=  0.048ms (keyed= 0.000ms group_by=  0.012ms per_group= 0.022ms)
[pe] round= 19 work=       32 frontier=       32 next=       16 consolidate=  0.019ms frontier=  0.010ms semisort=  0.017ms (keyed= 0.000ms group_by=  0.007ms per_group= 0.005ms)
[pe] round= 20 work=       16 frontier=       16 next=        8 consolidate=  0.013ms frontier=  0.005ms semisort=  0.012ms (keyed= 0.000ms group_by=  0.006ms per_group= 0.003ms)
[pe] round= 21 work=        8 frontier=        8 next=        4 consolidate=  0.009ms frontier=  0.003ms semisort=  0.008ms (keyed= 0.000ms group_by=  0.005ms per_group= 0.001ms)
[pe] round= 22 work=        4 frontier=        4 next=        2 consolidate=  0.004ms frontier=  0.002ms semisort=  0.006ms (keyed= 0.000ms group_by=  0.004ms per_group= 0.001ms)
[pe] round= 23 work=        2 frontier=        0 next=        0 consolidate=  0.003ms frontier=  0.001ms semisort=  0.000ms (break)
