[synthetic_bench] cube n=145 d=2 classes=12194788 merges=145 ...
[pe] round=  0 work=      290 frontier= 18291750 next=  6097250 consolidate=  5.292ms frontier=  7.243ms semisort=442.191ms (keyed= 0.000ms group_by=247.263ms per_group=61.830ms)
[pe] round=  1 work=  6097250 frontier=  6097250 next=  2097152 consolidate=208.402ms frontier= 53.350ms semisort=203.211ms (keyed= 0.000ms group_by= 60.074ms per_group=27.662ms)
[pe] round=  2 work=  2097152 frontier=  2097152 next=  1902946 consolidate= 76.225ms frontier= 25.365ms semisort= 77.742ms (keyed= 0.000ms group_by= 18.887ms per_group=19.632ms)
[pe] round=  3 work=  1902946 frontier=  1902946 next=  1048576 consolidate= 73.650ms frontier= 21.752ms semisort= 51.233ms (keyed= 0.000ms group_by= 12.153ms per_group=11.399ms)
[pe] round=  4 work=  1048576 frontier=  1048576 next=   524288 consolidate= 44.525ms frontier= 11.892ms semisort= 28.186ms (keyed= 0.000ms group_by=  5.894ms per_group= 5.993ms)
[pe] round=  5 work=   524288 frontier=   524288 next=   262144 consolidate= 22.430ms frontier=  5.484ms semisort= 15.823ms (keyed= 0.000ms group_by=  3.336ms per_group= 3.361ms)
[pe] round=  6 work=   262144 frontier=   262144 next=   131072 consolidate= 11.462ms frontier=  2.476ms semisort=  7.735ms (keyed= 0.000ms group_by=  1.688ms per_group= 1.581ms)
[pe] round=  7 work=   131072 frontier=   131072 next=    65536 consolidate=  5.507ms frontier=  1.217ms semisort=  4.003ms (keyed= 0.000ms group_by=  0.990ms per_group= 0.846ms)
[pe] round=  8 work=    65536 frontier=    65536 next=    32768 consolidate=  2.560ms frontier=  0.664ms semisort=  7.705ms (keyed= 0.000ms group_by=  6.333ms per_group= 0.435ms)
[pe] round=  9 work=    32768 frontier=    32768 next=    16384 consolidate=  1.226ms frontier=  0.378ms semisort=  3.654ms (keyed= 0.000ms group_by=  2.981ms per_group= 0.239ms)
[pe] round= 10 work=    16384 frontier=    16384 next=     8192 consolidate=  1.591ms frontier=  0.253ms semisort=  1.794ms (keyed= 0.000ms group_by=  1.369ms per_group= 0.151ms)
[pe] round= 11 work=     8192 frontier=     8192 next=     4096 consolidate=  0.942ms frontier=  0.332ms semisort=  0.897ms (keyed= 0.000ms group_by=  0.532ms per_group= 0.082ms)
[pe] round= 12 work=     4096 frontier=     4096 next=     2048 consolidate=  0.471ms frontier=  0.166ms semisort=  0.472ms (keyed= 0.000ms group_by=  0.254ms per_group= 0.049ms)
[pe] round= 13 work=     2048 frontier=     2048 next=     1024 consolidate=  0.270ms frontier=  0.105ms semisort=  0.275ms (keyed= 0.000ms group_by=  0.138ms per_group= 0.039ms)
[pe] round= 14 work=     1024 frontier=     1024 next=      512 consolidate=  0.144ms frontier=  0.063ms semisort=  0.168ms (keyed= 0.000ms group_by=  0.068ms per_group= 0.031ms)
[pe] round= 15 work=      512 frontier=      512 next=      256 consolidate=  0.073ms frontier=  0.045ms semisort=  0.097ms (keyed= 0.000ms group_by=  0.037ms per_group= 0.020ms)
[pe] round= 16 work=      256 frontier=      256 next=      128 consolidate=  0.047ms frontier=  0.028ms semisort=  0.075ms (keyed= 0.000ms group_by=  0.030ms per_group= 0.015ms)
[pe] round= 17 work=      128 frontier=      128 next=       64 consolidate=  0.028ms frontier=  0.020ms semisort=  0.048ms (keyed= 0.000ms group_by=  0.015ms per_group= 0.013ms)
[pe] round= 18 work=       64 frontier=       64 next=       32 consolidate=  0.018ms frontier=  0.013ms semisort=  0.039ms (keyed= 0.000ms group_by=  0.012ms per_group= 0.010ms)
[pe] round= 19 work=       32 frontier=       32 next=       16 consolidate=  0.015ms frontier=  0.004ms semisort=  0.015ms (keyed= 0.000ms group_by=  0.007ms per_group= 0.003ms)
[pe] round= 20 work=       16 frontier=       16 next=        8 consolidate=  0.011ms frontier=  0.003ms semisort=  0.009ms (keyed= 0.000ms group_by=  0.005ms per_group= 0.002ms)
[pe] round= 21 work=        8 frontier=        8 next=        4 consolidate=  0.005ms frontier=  0.002ms semisort=  0.007ms (keyed= 0.000ms group_by=  0.004ms per_group= 0.001ms)
[pe] round= 22 work=        4 frontier=        4 next=        2 consolidate=  0.003ms frontier=  0.001ms semisort=  0.005ms (keyed= 0.000ms group_by=  0.003ms per_group= 0.001ms)
[pe] round= 23 work=        2 frontier=        0 next=        0 consolidate=  0.003ms frontier=  0.001ms semisort=  0.000ms (break)
[pe] round=  0 work=      290 frontier= 18291750 next=  6097250 consolidate=  3.233ms frontier=  6.782ms semisort=354.661ms (keyed= 0.000ms group_by=159.781ms per_group=61.255ms)
[pe] round=  1 work=  6097250 frontier=  6097250 next=  2097152 consolidate=211.746ms frontier= 67.935ms semisort=182.597ms (keyed= 0.000ms group_by= 66.416ms per_group=26.654ms)
[pe] round=  2 work=  2097152 frontier=  2097152 next=  1902946 consolidate= 85.720ms frontier= 21.613ms semisort= 77.121ms (keyed= 0.000ms group_by= 19.303ms per_group=19.269ms)
[pe] round=  3 work=  1902946 frontier=  1902946 next=  1048576 consolidate= 71.276ms frontier= 20.829ms semisort= 47.668ms (keyed= 0.000ms group_by= 11.429ms per_group=10.841ms)
[pe] round=  4 work=  1048576 frontier=  1048576 next=   524288 consolidate= 43.735ms frontier= 11.058ms semisort= 25.562ms (keyed= 0.000ms group_by=  5.913ms per_group= 5.740ms)
[pe] round=  5 work=   524288 frontier=   524288 next=   262144 consolidate= 21.510ms frontier=  5.273ms semisort= 13.637ms (keyed= 0.000ms group_by=  3.268ms per_group= 3.050ms)
[pe] round=  6 work=   262144 frontier=   262144 next=   131072 consolidate= 10.633ms frontier=  3.084ms semisort=  7.438ms (keyed= 0.000ms group_by=  1.595ms per_group= 1.565ms)
[pe] round=  7 work=   131072 frontier=   131072 next=    65536 consolidate=  5.238ms frontier=  1.243ms semisort=  3.885ms (keyed= 0.000ms group_by=  0.966ms per_group= 0.850ms)
[pe] round=  8 work=    65536 frontier=    65536 next=    32768 consolidate=  2.603ms frontier=  0.697ms semisort=  9.068ms (keyed= 0.000ms group_by=  7.767ms per_group= 0.416ms)
[pe] round=  9 work=    32768 frontier=    32768 next=    16384 consolidate=  1.285ms frontier=  0.452ms semisort=  4.492ms (keyed= 0.000ms group_by=  3.693ms per_group= 0.259ms)
[pe] round= 10 work=    16384 frontier=    16384 next=     8192 consolidate=  1.766ms frontier=  0.267ms semisort=  2.165ms (keyed= 0.000ms group_by=  1.700ms per_group= 0.160ms)
[pe] round= 11 work=     8192 frontier=     8192 next=     4096 consolidate=  1.086ms frontier=  0.336ms semisort=  1.024ms (keyed= 0.000ms group_by=  0.602ms per_group= 0.095ms)
[pe] round= 12 work=     4096 frontier=     4096 next=     2048 consolidate=  0.653ms frontier=  0.202ms semisort=  0.571ms (keyed= 0.000ms group_by=  0.290ms per_group= 0.074ms)
[pe] round= 13 work=     2048 frontier=     2048 next=     1024 consolidate=  0.362ms frontier=  0.123ms semisort=  0.344ms (keyed= 0.001ms group_by=  0.178ms per_group= 0.045ms)
[pe] round= 14 work=     1024 frontier=     1024 next=      512 consolidate=  0.200ms frontier=  0.073ms semisort=  0.198ms (keyed= 0.001ms group_by=  0.091ms per_group= 0.032ms)
[pe] round= 15 work=      512 frontier=      512 next=      256 consolidate=  0.100ms frontier=  0.051ms semisort=  0.120ms (keyed= 0.000ms group_by=  0.045ms per_group= 0.026ms)
[pe] round= 16 work=      256 frontier=      256 next=      128 consolidate=  0.058ms frontier=  0.037ms semisort=  0.083ms (keyed= 0.001ms group_by=  0.030ms per_group= 0.019ms)
[pe] round= 17 work=      128 frontier=      128 next=       64 consolidate=  0.041ms frontier=  0.026ms semisort=  0.057ms (keyed= 0.000ms group_by=  0.019ms per_group= 0.014ms)
[pe] round= 18 work=       64 frontier=       64 next=       32 consolidate=  0.026ms frontier=  0.014ms semisort=  0.052ms (keyed= 0.000ms group_by=  0.014ms per_group= 0.011ms)
[pe] round= 19 work=       32 frontier=       32 next=       16 consolidate=  0.024ms frontier=  0.008ms semisort=  0.023ms (keyed= 0.000ms group_by=  0.010ms per_group= 0.005ms)
[pe] round= 20 work=       16 frontier=       16 next=        8 consolidate=  0.017ms frontier=  0.005ms semisort=  0.012ms (keyed= 0.000ms group_by=  0.006ms per_group= 0.002ms)
[pe] round= 21 work=        8 frontier=        8 next=        4 consolidate=  0.011ms frontier=  0.003ms semisort=  0.009ms (keyed= 0.000ms group_by=  0.005ms per_group= 0.001ms)
[pe] round= 22 work=        4 frontier=        4 next=        2 consolidate=  0.005ms frontier=  0.001ms semisort=  0.006ms (keyed= 0.000ms group_by=  0.004ms per_group= 0.001ms)
[pe] round= 23 work=        2 frontier=        0 next=        0 consolidate=  0.003ms frontier=  0.001ms semisort=  0.000ms (break)
[pe] round=  0 work=      290 frontier= 18291750 next=  6097250 consolidate=  3.805ms frontier=  6.747ms semisort=318.931ms (keyed= 0.000ms group_by=134.494ms per_group=63.732ms)
[pe] round=  1 work=  6097250 frontier=  6097250 next=  2097152 consolidate=221.168ms frontier= 62.701ms semisort=174.952ms (keyed= 0.000ms group_by= 61.763ms per_group=26.399ms)
[pe] round=  2 work=  2097152 frontier=  2097152 next=  1902946 consolidate= 86.838ms frontier= 23.630ms semisort= 69.547ms (keyed= 0.000ms group_by= 15.154ms per_group=18.905ms)
[pe] round=  3 work=  1902946 frontier=  1902946 next=  1048576 consolidate= 74.902ms frontier= 24.176ms semisort= 45.597ms (keyed= 0.000ms group_by= 11.290ms per_group=10.571ms)
[pe] round=  4 work=  1048576 frontier=  1048576 next=   524288 consolidate= 43.263ms frontier= 11.091ms semisort= 25.106ms (keyed= 0.000ms group_by=  5.912ms per_group= 5.792ms)
[pe] round=  5 work=   524288 frontier=   524288 next=   262144 consolidate= 21.498ms frontier=  6.327ms semisort= 14.171ms (keyed= 0.000ms group_by=  3.327ms per_group= 3.676ms)
[pe] round=  6 work=   262144 frontier=   262144 next=   131072 consolidate= 10.230ms frontier=  2.501ms semisort=  7.275ms (keyed= 0.000ms group_by=  1.601ms per_group= 1.621ms)
[pe] round=  7 work=   131072 frontier=   131072 next=    65536 consolidate=  5.235ms frontier=  1.507ms semisort=  3.807ms (keyed= 0.000ms group_by=  0.920ms per_group= 0.838ms)
[pe] round=  8 work=    65536 frontier=    65536 next=    32768 consolidate=  2.585ms frontier=  0.695ms semisort=  8.341ms (keyed= 0.000ms group_by=  7.000ms per_group= 0.438ms)
[pe] round=  9 work=    32768 frontier=    32768 next=    16384 consolidate=  1.357ms frontier=  0.424ms semisort=  4.192ms (keyed= 0.000ms group_by=  3.399ms per_group= 0.253ms)
[pe] round= 10 work=    16384 frontier=    16384 next=     8192 consolidate=  1.654ms frontier=  0.297ms semisort=  2.149ms (keyed= 0.000ms group_by=  1.680ms per_group= 0.152ms)
[pe] round= 11 work=     8192 frontier=     8192 next=     4096 consolidate=  1.046ms frontier=  0.313ms semisort=  1.015ms (keyed= 0.001ms group_by=  0.599ms per_group= 0.098ms)
[pe] round= 12 work=     4096 frontier=     4096 next=     2048 consolidate=  0.661ms frontier=  0.177ms semisort=  0.540ms (keyed= 0.000ms group_by=  0.285ms per_group= 0.063ms)
[pe] round= 13 work=     2048 frontier=     2048 next=     1024 consolidate=  0.326ms frontier=  0.124ms semisort=  0.325ms (keyed= 0.000ms group_by=  0.171ms per_group= 0.040ms)
[pe] round= 14 work=     1024 frontier=     1024 next=      512 consolidate=  0.205ms frontier=  0.069ms semisort=  0.208ms (keyed= 0.001ms group_by=  0.094ms per_group= 0.033ms)
[pe] round= 15 work=      512 frontier=      512 next=      256 consolidate=  0.099ms frontier=  0.054ms semisort=  0.130ms (keyed= 0.000ms group_by=  0.048ms per_group= 0.025ms)
[pe] round= 16 work=      256 frontier=      256 next=      128 consolidate=  0.058ms frontier=  0.037ms semisort=  0.120ms (keyed= 0.001ms group_by=  0.061ms per_group= 0.022ms)
[pe] round= 17 work=      128 frontier=      128 next=       64 consolidate=  0.042ms frontier=  0.030ms semisort=  0.058ms (keyed= 0.001ms group_by=  0.018ms per_group= 0.018ms)
[pe] round= 18 work=       64 frontier=       64 next=       32 consolidate=  0.027ms frontier=  0.014ms semisort=  0.038ms (keyed= 0.001ms group_by=  0.013ms per_group= 0.011ms)
[pe] round= 19 work=       32 frontier=       32 next=       16 consolidate=  0.021ms frontier=  0.009ms semisort=  0.020ms (keyed= 0.000ms group_by=  0.008ms per_group= 0.005ms)
[pe] round= 20 work=       16 frontier=       16 next=        8 consolidate=  0.021ms frontier=  0.005ms semisort=  0.011ms (keyed= 0.000ms group_by=  0.006ms per_group= 0.002ms)
[pe] round= 21 work=        8 frontier=        8 next=        4 consolidate=  0.010ms frontier=  0.003ms semisort=  0.007ms (keyed= 0.000ms group_by=  0.004ms per_group= 0.001ms)
[pe] round= 22 work=        4 frontier=        4 next=        2 consolidate=  0.004ms frontier=  0.001ms semisort=  0.006ms (keyed= 0.000ms group_by=  0.003ms per_group= 0.001ms)
[pe] round= 23 work=        2 frontier=        0 next=        0 consolidate=  0.002ms frontier=  0.001ms semisort=  0.000ms (break)
[pe] round=  0 work=      290 frontier= 18291750 next=  6097250 consolidate=  3.457ms frontier=  6.776ms semisort=327.382ms (keyed= 0.000ms group_by=148.564ms per_group=58.958ms)
[pe] round=  1 work=  6097250 frontier=  6097250 next=  2097152 consolidate=221.072ms frontier= 61.853ms semisort=175.664ms (keyed= 0.000ms group_by= 61.487ms per_group=27.487ms)
[pe] round=  2 work=  2097152 frontier=  2097152 next=  1902946 consolidate= 75.004ms frontier= 21.654ms semisort= 72.185ms (keyed= 0.000ms group_by= 15.293ms per_group=19.362ms)
[pe] round=  3 work=  1902946 frontier=  1902946 next=  1048576 consolidate= 74.697ms frontier= 23.184ms semisort= 45.980ms (keyed= 0.000ms group_by= 11.705ms per_group=10.819ms)
[pe] round=  4 work=  1048576 frontier=  1048576 next=   524288 consolidate= 44.569ms frontier= 10.488ms semisort= 25.547ms (keyed= 0.000ms group_by=  6.140ms per_group= 5.849ms)
[pe] round=  5 work=   524288 frontier=   524288 next=   262144 consolidate= 22.107ms frontier=  4.941ms semisort= 13.560ms (keyed= 0.000ms group_by=  3.412ms per_group= 3.187ms)
[pe] round=  6 work=   262144 frontier=   262144 next=   131072 consolidate= 10.357ms frontier=  2.478ms semisort=  6.903ms (keyed= 0.000ms group_by=  1.661ms per_group= 1.573ms)
[pe] round=  7 work=   131072 frontier=   131072 next=    65536 consolidate=  5.132ms frontier=  1.583ms semisort=  3.829ms (keyed= 0.000ms group_by=  0.944ms per_group= 0.856ms)
[pe] round=  8 work=    65536 frontier=    65536 next=    32768 consolidate=  2.458ms frontier=  0.698ms semisort=  8.395ms (keyed= 0.000ms group_by=  7.073ms per_group= 0.433ms)
[pe] round=  9 work=    32768 frontier=    32768 next=    16384 consolidate=  1.334ms frontier=  0.454ms semisort=  4.157ms (keyed= 0.000ms group_by=  3.393ms per_group= 0.262ms)
[pe] round= 10 work=    16384 frontier=    16384 next=     8192 consolidate=  1.673ms frontier=  0.281ms semisort=  2.200ms (keyed= 0.001ms group_by=  1.743ms per_group= 0.157ms)
[pe] round= 11 work=     8192 frontier=     8192 next=     4096 consolidate=  1.143ms frontier=  0.350ms semisort=  1.063ms (keyed= 0.000ms group_by=  0.612ms per_group= 0.100ms)
[pe] round= 12 work=     4096 frontier=     4096 next=     2048 consolidate=  0.683ms frontier=  0.158ms semisort=  0.543ms (keyed= 0.000ms group_by=  0.295ms per_group= 0.065ms)
[pe] round= 13 work=     2048 frontier=     2048 next=     1024 consolidate=  0.356ms frontier=  0.127ms semisort=  0.327ms (keyed= 0.000ms group_by=  0.171ms per_group= 0.042ms)
[pe] round= 14 work=     1024 frontier=     1024 next=      512 consolidate=  0.204ms frontier=  0.082ms semisort=  0.209ms (keyed= 0.001ms group_by=  0.099ms per_group= 0.033ms)
[pe] round= 15 work=      512 frontier=      512 next=      256 consolidate=  0.113ms frontier=  0.056ms semisort=  0.138ms (keyed= 0.001ms group_by=  0.045ms per_group= 0.026ms)
[pe] round= 16 work=      256 frontier=      256 next=      128 consolidate=  0.058ms frontier=  0.036ms semisort=  0.101ms (keyed= 0.000ms group_by=  0.038ms per_group= 0.023ms)
[pe] round= 17 work=      128 frontier=      128 next=       64 consolidate=  0.044ms frontier=  0.031ms semisort=  0.065ms (keyed= 0.000ms group_by=  0.022ms per_group= 0.015ms)
[pe] round= 18 work=       64 frontier=       64 next=       32 consolidate=  0.033ms frontier=  0.015ms semisort=  0.043ms (keyed= 0.001ms group_by=  0.014ms per_group= 0.012ms)
[pe] round= 19 work=       32 frontier=       32 next=       16 consolidate=  0.020ms frontier=  0.008ms semisort=  0.024ms (keyed= 0.000ms group_by=  0.008ms per_group= 0.004ms)
[pe] round= 20 work=       16 frontier=       16 next=        8 consolidate=  0.015ms frontier=  0.005ms semisort=  0.012ms (keyed= 0.000ms group_by=  0.006ms per_group= 0.003ms)
[pe] round= 21 work=        8 frontier=        8 next=        4 consolidate=  0.012ms frontier=  0.003ms semisort=  0.008ms (keyed= 0.000ms group_by=  0.005ms per_group= 0.001ms)
[pe] round= 22 work=        4 frontier=        4 next=        2 consolidate=  0.005ms frontier=  0.002ms semisort=  0.006ms (keyed= 0.000ms group_by=  0.004ms per_group= 0.001ms)
[pe] round= 23 work=        2 frontier=        0 next=        0 consolidate=  0.003ms frontier=  0.001ms semisort=  0.000ms (break)
[pe] round=  0 work=      290 frontier= 18291750 next=  6097250 consolidate=  3.507ms frontier=  6.402ms semisort=304.781ms (keyed= 0.000ms group_by=120.531ms per_group=60.414ms)
[pe] round=  1 work=  6097250 frontier=  6097250 next=  2097152 consolidate=231.895ms frontier= 61.555ms semisort=172.938ms (keyed= 0.000ms group_by= 60.420ms per_group=27.761ms)
[pe] round=  2 work=  2097152 frontier=  2097152 next=  1902946 consolidate= 80.044ms frontier= 25.998ms semisort= 71.335ms (keyed= 0.000ms group_by= 15.637ms per_group=18.904ms)
[pe] round=  3 work=  1902946 frontier=  1902946 next=  1048576 consolidate= 76.614ms frontier= 20.530ms semisort= 48.960ms (keyed= 0.000ms group_by= 12.073ms per_group=11.353ms)
[pe] round=  4 work=  1048576 frontier=  1048576 next=   524288 consolidate= 44.225ms frontier= 10.907ms semisort= 25.621ms (keyed= 0.000ms group_by=  6.097ms per_group= 5.779ms)
[pe] round=  5 work=   524288 frontier=   524288 next=   262144 consolidate= 22.214ms frontier=  5.184ms semisort= 13.984ms (keyed= 0.000ms group_by=  3.657ms per_group= 3.200ms)
[pe] round=  6 work=   262144 frontier=   262144 next=   131072 consolidate= 10.311ms frontier=  2.519ms semisort=  7.074ms (keyed= 0.000ms group_by=  1.617ms per_group= 1.636ms)
[pe] round=  7 work=   131072 frontier=   131072 next=    65536 consolidate=  5.186ms frontier=  1.324ms semisort=  3.644ms (keyed= 0.000ms group_by=  0.952ms per_group= 0.895ms)
[pe] round=  8 work=    65536 frontier=    65536 next=    32768 consolidate=  2.516ms frontier=  0.779ms semisort=  8.331ms (keyed= 0.000ms group_by=  6.998ms per_group= 0.456ms)
[pe] round=  9 work=    32768 frontier=    32768 next=    16384 consolidate=  1.352ms frontier=  0.465ms semisort=  4.217ms (keyed= 0.000ms group_by=  3.417ms per_group= 0.271ms)
[pe] round= 10 work=    16384 frontier=    16384 next=     8192 consolidate=  1.694ms frontier=  0.292ms semisort=  2.183ms (keyed= 0.000ms group_by=  1.700ms per_group= 0.164ms)
[pe] round= 11 work=     8192 frontier=     8192 next=     4096 consolidate=  1.148ms frontier=  0.343ms semisort=  1.028ms (keyed= 0.000ms group_by=  0.594ms per_group= 0.096ms)
[pe] round= 12 work=     4096 frontier=     4096 next=     2048 consolidate=  0.650ms frontier=  0.160ms semisort=  0.535ms (keyed= 0.000ms group_by=  0.284ms per_group= 0.064ms)
[pe] round= 13 work=     2048 frontier=     2048 next=     1024 consolidate=  0.336ms frontier=  0.116ms semisort=  0.330ms (keyed= 0.000ms group_by=  0.169ms per_group= 0.042ms)
[pe] round= 14 work=     1024 frontier=     1024 next=      512 consolidate=  0.191ms frontier=  0.068ms semisort=  0.202ms (keyed= 0.000ms group_by=  0.087ms per_group= 0.033ms)
[pe] round= 15 work=      512 frontier=      512 next=      256 consolidate=  0.113ms frontier=  0.055ms semisort=  0.129ms (keyed= 0.000ms group_by=  0.048ms per_group= 0.027ms)
[pe] round= 16 work=      256 frontier=      256 next=      128 consolidate=  0.061ms frontier=  0.033ms semisort=  0.098ms (keyed= 0.001ms group_by=  0.032ms per_group= 0.026ms)
[pe] round= 17 work=      128 frontier=      128 next=       64 consolidate=  0.057ms frontier=  0.030ms semisort=  0.066ms (keyed= 0.001ms group_by=  0.021ms per_group= 0.019ms)
[pe] round= 18 work=       64 frontier=       64 next=       32 consolidate=  0.031ms frontier=  0.020ms semisort=  0.044ms (keyed= 0.001ms group_by=  0.013ms per_group= 0.011ms)
[pe] round= 19 work=       32 frontier=       32 next=       16 consolidate=  0.019ms frontier=  0.008ms semisort=  0.025ms (keyed= 0.001ms group_by=  0.009ms per_group= 0.005ms)
[pe] round= 20 work=       16 frontier=       16 next=        8 consolidate=  0.017ms frontier=  0.005ms semisort=  0.012ms (keyed= 0.000ms group_by=  0.006ms per_group= 0.003ms)
[pe] round= 21 work=        8 frontier=        8 next=        4 consolidate=  0.013ms frontier=  0.003ms semisort=  0.008ms (keyed= 0.000ms group_by=  0.005ms per_group= 0.001ms)
[pe] round= 22 work=        4 frontier=        4 next=        2 consolidate=  0.005ms frontier=  0.001ms semisort=  0.007ms (keyed= 0.000ms group_by=  0.004ms per_group= 0.001ms)
[pe] round= 23 work=        2 frontier=        0 next=        0 consolidate=  0.003ms frontier=  0.001ms semisort=  0.000ms (break)
[pe] round=  0 work=      290 frontier= 18291750 next=  6097250 consolidate=  3.387ms frontier=  6.248ms semisort=304.665ms (keyed= 0.000ms group_by=119.332ms per_group=61.679ms)
[pe] round=  1 work=  6097250 frontier=  6097250 next=  2097152 consolidate=222.047ms frontier= 59.657ms semisort=175.899ms (keyed= 0.000ms group_by= 62.039ms per_group=26.036ms)
[pe] round=  2 work=  2097152 frontier=  2097152 next=  1902946 consolidate= 81.737ms frontier= 23.296ms semisort= 71.304ms (keyed= 0.000ms group_by= 15.678ms per_group=19.232ms)
[pe] round=  3 work=  1902946 frontier=  1902946 next=  1048576 consolidate= 78.932ms frontier= 19.716ms semisort= 47.370ms (keyed= 0.000ms group_by= 11.693ms per_group=10.931ms)
[pe] round=  4 work=  1048576 frontier=  1048576 next=   524288 consolidate= 44.062ms frontier= 10.548ms semisort= 25.537ms (keyed= 0.000ms group_by=  6.047ms per_group= 5.918ms)
[pe] round=  5 work=   524288 frontier=   524288 next=   262144 consolidate= 22.456ms frontier=  5.084ms semisort= 14.087ms (keyed= 0.000ms group_by=  3.642ms per_group= 3.265ms)
[pe] round=  6 work=   262144 frontier=   262144 next=   131072 consolidate= 10.960ms frontier=  2.904ms semisort=  7.191ms (keyed= 0.000ms group_by=  1.764ms per_group= 1.626ms)
[pe] round=  7 work=   131072 frontier=   131072 next=    65536 consolidate=  5.063ms frontier=  1.327ms semisort=  3.803ms (keyed= 0.000ms group_by=  0.951ms per_group= 0.864ms)
[pe] round=  8 work=    65536 frontier=    65536 next=    32768 consolidate=  2.633ms frontier=  0.749ms semisort=  8.497ms (keyed= 0.000ms group_by=  7.124ms per_group= 0.457ms)
[pe] round=  9 work=    32768 frontier=    32768 next=    16384 consolidate=  1.388ms frontier=  0.451ms semisort=  4.140ms (keyed= 0.000ms group_by=  3.352ms per_group= 0.262ms)
[pe] round= 10 work=    16384 frontier=    16384 next=     8192 consolidate=  1.651ms frontier=  0.291ms semisort=  2.221ms (keyed= 0.000ms group_by=  1.739ms per_group= 0.168ms)
[pe] round= 11 work=     8192 frontier=     8192 next=     4096 consolidate=  0.963ms frontier=  0.346ms semisort=  1.018ms (keyed= 0.000ms group_by=  0.593ms per_group= 0.101ms)
[pe] round= 12 work=     4096 frontier=     4096 next=     2048 consolidate=  0.670ms frontier=  0.172ms semisort=  0.552ms (keyed= 0.001ms group_by=  0.284ms per_group= 0.061ms)
[pe] round= 13 work=     2048 frontier=     2048 next=     1024 consolidate=  0.322ms frontier=  0.124ms semisort=  0.336ms (keyed= 0.001ms group_by=  0.172ms per_group= 0.051ms)
[pe] round= 14 work=     1024 frontier=     1024 next=      512 consolidate=  0.202ms frontier=  0.080ms semisort=  0.197ms (keyed= 0.000ms group_by=  0.082ms per_group= 0.033ms)
[pe] round= 15 work=      512 frontier=      512 next=      256 consolidate=  0.109ms frontier=  0.051ms semisort=  0.123ms (keyed= 0.000ms group_by=  0.048ms per_group= 0.026ms)
[pe] round= 16 work=      256 frontier=      256 next=      128 consolidate=  0.059ms frontier=  0.032ms semisort=  0.085ms (keyed= 0.001ms group_by=  0.028ms per_group= 0.021ms)
[pe] round= 17 work=      128 frontier=      128 next=       64 consolidate=  0.041ms frontier=  0.027ms semisort=  0.055ms (keyed= 0.000ms group_by=  0.018ms per_group= 0.017ms)
[pe] round= 18 work=       64 frontier=       64 next=       32 consolidate=  0.026ms frontier=  0.015ms semisort=  0.039ms (keyed= 0.000ms group_by=  0.012ms per_group= 0.009ms)
[pe] round= 19 work=       32 frontier=       32 next=       16 consolidate=  0.019ms frontier=  0.009ms semisort=  0.023ms (keyed= 0.000ms group_by=  0.008ms per_group= 0.005ms)
[pe] round= 20 work=       16 frontier=       16 next=        8 consolidate=  0.020ms frontier=  0.004ms semisort=  0.010ms (keyed= 0.000ms group_by=  0.005ms per_group= 0.002ms)
[pe] round= 21 work=        8 frontier=        8 next=        4 consolidate=  0.012ms frontier=  0.003ms semisort=  0.007ms (keyed= 0.000ms group_by=  0.004ms per_group= 0.001ms)
[pe] round= 22 work=        4 frontier=        4 next=        2 consolidate=  0.018ms frontier=  0.002ms semisort=  0.007ms (keyed= 0.000ms group_by=  0.004ms per_group= 0.001ms)
[pe] round= 23 work=        2 frontier=        0 next=        0 consolidate=  0.003ms frontier=  0.001ms semisort=  0.000ms (break)
