[synthetic_bench] cube n=130 d=2 classes=8788258 merges=130 ...
[pe] round=  0 work=      260 frontier= 13182000 next=  4394000 consolidate=  7.101ms frontier=  7.107ms semisort=173.233ms (keyed= 0.000ms group_by= 85.329ms per_group=30.048ms)
[pe] round=  1 work=  4394000 frontier=  4394000 next=  2097152 consolidate= 85.794ms frontier= 21.327ms semisort= 79.180ms (keyed= 0.000ms group_by= 23.259ms per_group=13.618ms)
[pe] round=  2 work=  2097152 frontier=  2097152 next=  1048576 consolidate= 44.536ms frontier= 13.449ms semisort= 36.299ms (keyed= 0.000ms group_by=  9.762ms per_group= 7.192ms)
[pe] round=  3 work=  1048576 frontier=  1048576 next=   524288 consolidate= 29.880ms frontier=  8.687ms semisort= 21.194ms (keyed= 0.000ms group_by=  5.393ms per_group= 4.299ms)
[pe] round=  4 work=   524288 frontier=   524288 next=   262144 consolidate= 15.205ms frontier=  3.931ms semisort= 11.701ms (keyed= 0.000ms group_by=  3.215ms per_group= 2.416ms)
[pe] round=  5 work=   262144 frontier=   262144 next=   199696 consolidate=  7.616ms frontier=  2.007ms semisort=  6.903ms (keyed= 0.000ms group_by=  1.760ms per_group= 1.653ms)
[pe] round=  6 work=   199696 frontier=   199696 next=   131072 consolidate=  5.568ms frontier=  1.584ms semisort=  5.074ms (keyed= 0.000ms group_by=  1.352ms per_group= 1.105ms)
[pe] round=  7 work=   131072 frontier=   131072 next=    65536 consolidate=  3.682ms frontier=  1.293ms semisort=  3.041ms (keyed= 0.000ms group_by=  0.977ms per_group= 0.584ms)
[pe] round=  8 work=    65536 frontier=    65536 next=    32768 consolidate=  1.774ms frontier=  0.631ms semisort=  8.234ms (keyed= 0.000ms group_by=  7.193ms per_group= 0.323ms)
[pe] round=  9 work=    32768 frontier=    32768 next=    16384 consolidate=  1.025ms frontier=  0.364ms semisort=  4.013ms (keyed= 0.000ms group_by=  3.374ms per_group= 0.206ms)
[pe] round= 10 work=    16384 frontier=    16384 next=     8192 consolidate=  2.237ms frontier=  0.260ms semisort=  2.083ms (keyed= 0.000ms group_by=  1.677ms per_group= 0.130ms)
[pe] round= 11 work=     8192 frontier=     8192 next=     4096 consolidate=  1.218ms frontier=  0.391ms semisort=  1.001ms (keyed= 0.000ms group_by=  0.586ms per_group= 0.084ms)
[pe] round= 12 work=     4096 frontier=     4096 next=     2048 consolidate=  0.644ms frontier=  0.185ms semisort=  0.522ms (keyed= 0.000ms group_by=  0.287ms per_group= 0.057ms)
[pe] round= 13 work=     2048 frontier=     2048 next=     1024 consolidate=  0.351ms frontier=  0.120ms semisort=  0.374ms (keyed= 0.000ms group_by=  0.198ms per_group= 0.049ms)
[pe] round= 14 work=     1024 frontier=     1024 next=      512 consolidate=  0.189ms frontier=  0.062ms semisort=  0.206ms (keyed= 0.000ms group_by=  0.088ms per_group= 0.043ms)
[pe] round= 15 work=      512 frontier=      512 next=      256 consolidate=  0.122ms frontier=  0.054ms semisort=  0.144ms (keyed= 0.000ms group_by=  0.052ms per_group= 0.034ms)
[pe] round= 16 work=      256 frontier=      256 next=      128 consolidate=  0.068ms frontier=  0.035ms semisort=  0.096ms (keyed= 0.000ms group_by=  0.033ms per_group= 0.023ms)
[pe] round= 17 work=      128 frontier=      128 next=       64 consolidate=  0.058ms frontier=  0.027ms semisort=  0.062ms (keyed= 0.000ms group_by=  0.021ms per_group= 0.017ms)
[pe] round= 18 work=       64 frontier=       64 next=       32 consolidate=  0.036ms frontier=  0.025ms semisort=  0.045ms (keyed= 0.000ms group_by=  0.013ms per_group= 0.013ms)
[pe] round= 19 work=       32 frontier=       32 next=       16 consolidate=  0.026ms frontier=  0.008ms semisort=  0.024ms (keyed= 0.000ms group_by=  0.009ms per_group= 0.005ms)
[pe] round= 20 work=       16 frontier=       16 next=        8 consolidate=  0.021ms frontier=  0.004ms semisort=  0.011ms (keyed= 0.000ms group_by=  0.006ms per_group= 0.002ms)
[pe] round= 21 work=        8 frontier=        8 next=        4 consolidate=  0.006ms frontier=  0.002ms semisort=  0.009ms (keyed= 0.000ms group_by=  0.005ms per_group= 0.001ms)
[pe] round= 22 work=        4 frontier=        4 next=        2 consolidate=  0.004ms frontier=  0.001ms semisort=  0.006ms (keyed= 0.000ms group_by=  0.004ms per_group= 0.001ms)
[pe] round= 23 work=        2 frontier=        0 next=        0 consolidate=  0.002ms frontier=  0.001ms semisort=  0.000ms (break)
[pe] round=  0 work=      260 frontier= 13182000 next=  4394000 consolidate=  1.205ms frontier=  2.486ms semisort=147.831ms (keyed= 0.000ms group_by= 62.602ms per_group=29.487ms)
[pe] round=  1 work=  4394000 frontier=  4394000 next=  2097152 consolidate=128.980ms frontier= 25.205ms semisort= 94.210ms (keyed= 0.000ms group_by= 41.780ms per_group=13.632ms)
[pe] round=  2 work=  2097152 frontier=  2097152 next=  1048576 consolidate= 55.261ms frontier= 13.640ms semisort= 38.247ms (keyed= 0.000ms group_by=  9.939ms per_group= 8.541ms)
[pe] round=  3 work=  1048576 frontier=  1048576 next=   524288 consolidate= 31.155ms frontier= 17.279ms semisort= 20.068ms (keyed= 0.000ms group_by=  5.528ms per_group= 3.926ms)
[pe] round=  4 work=   524288 frontier=   524288 next=   262144 consolidate= 16.587ms frontier=  4.162ms semisort= 11.319ms (keyed= 0.000ms group_by=  3.168ms per_group= 2.361ms)
[pe] round=  5 work=   262144 frontier=   262144 next=   199696 consolidate=  7.501ms frontier=  2.080ms semisort=  6.680ms (keyed= 0.000ms group_by=  1.774ms per_group= 1.613ms)
[pe] round=  6 work=   199696 frontier=   199696 next=   131072 consolidate=  5.787ms frontier=  1.599ms semisort=  4.910ms (keyed= 0.000ms group_by=  1.492ms per_group= 1.049ms)
[pe] round=  7 work=   131072 frontier=   131072 next=    65536 consolidate=  3.884ms frontier=  1.239ms semisort=  3.423ms (keyed= 0.000ms group_by=  1.148ms per_group= 0.634ms)
[pe] round=  8 work=    65536 frontier=    65536 next=    32768 consolidate=  2.033ms frontier=  0.650ms semisort=  9.007ms (keyed= 0.000ms group_by=  7.961ms per_group= 0.326ms)
[pe] round=  9 work=    32768 frontier=    32768 next=    16384 consolidate=  1.041ms frontier=  0.419ms semisort=  4.343ms (keyed= 0.000ms group_by=  3.693ms per_group= 0.213ms)
[pe] round= 10 work=    16384 frontier=    16384 next=     8192 consolidate=  2.493ms frontier=  0.262ms semisort=  2.113ms (keyed= 0.000ms group_by=  1.680ms per_group= 0.142ms)
[pe] round= 11 work=     8192 frontier=     8192 next=     4096 consolidate=  1.267ms frontier=  0.379ms semisort=  1.067ms (keyed= 0.000ms group_by=  0.627ms per_group= 0.081ms)
[pe] round= 12 work=     4096 frontier=     4096 next=     2048 consolidate=  0.647ms frontier=  0.207ms semisort=  0.586ms (keyed= 0.000ms group_by=  0.324ms per_group= 0.066ms)
[pe] round= 13 work=     2048 frontier=     2048 next=     1024 consolidate=  0.363ms frontier=  0.120ms semisort=  0.350ms (keyed= 0.000ms group_by=  0.192ms per_group= 0.043ms)
[pe] round= 14 work=     1024 frontier=     1024 next=      512 consolidate=  0.213ms frontier=  0.075ms semisort=  0.221ms (keyed= 0.000ms group_by=  0.104ms per_group= 0.036ms)
[pe] round= 15 work=      512 frontier=      512 next=      256 consolidate=  0.136ms frontier=  0.056ms semisort=  0.145ms (keyed= 0.000ms group_by=  0.058ms per_group= 0.030ms)
[pe] round= 16 work=      256 frontier=      256 next=      128 consolidate=  0.095ms frontier=  0.040ms semisort=  0.109ms (keyed= 0.000ms group_by=  0.037ms per_group= 0.032ms)
[pe] round= 17 work=      128 frontier=      128 next=       64 consolidate=  0.066ms frontier=  0.032ms semisort=  0.090ms (keyed= 0.000ms group_by=  0.028ms per_group= 0.029ms)
[pe] round= 18 work=       64 frontier=       64 next=       32 consolidate=  0.053ms frontier=  0.022ms semisort=  0.058ms (keyed= 0.000ms group_by=  0.021ms per_group= 0.020ms)
[pe] round= 19 work=       32 frontier=       32 next=       16 consolidate=  0.025ms frontier=  0.011ms semisort=  0.030ms (keyed= 0.000ms group_by=  0.011ms per_group= 0.006ms)
[pe] round= 20 work=       16 frontier=       16 next=        8 consolidate=  0.021ms frontier=  0.006ms semisort=  0.015ms (keyed= 0.000ms group_by=  0.008ms per_group= 0.003ms)
[pe] round= 21 work=        8 frontier=        8 next=        4 consolidate=  0.014ms frontier=  0.003ms semisort=  0.012ms (keyed= 0.000ms group_by=  0.007ms per_group= 0.002ms)
[pe] round= 22 work=        4 frontier=        4 next=        2 consolidate=  0.006ms frontier=  0.002ms semisort=  0.008ms (keyed= 0.000ms group_by=  0.006ms per_group= 0.001ms)
[pe] round= 23 work=        2 frontier=        0 next=        0 consolidate=  0.004ms frontier=  0.002ms semisort=  0.000ms (break)
[pe] round=  0 work=      260 frontier= 13182000 next=  4394000 consolidate=  3.014ms frontier=  2.657ms semisort=177.983ms (keyed= 0.000ms group_by= 77.648ms per_group=39.368ms)
[pe] round=  1 work=  4394000 frontier=  4394000 next=  2097152 consolidate=111.271ms frontier= 26.647ms semisort=112.182ms (keyed= 0.000ms group_by= 46.620ms per_group=17.994ms)
[pe] round=  2 work=  2097152 frontier=  2097152 next=  1048576 consolidate= 49.704ms frontier= 18.823ms semisort= 36.883ms (keyed= 0.000ms group_by= 10.509ms per_group= 8.781ms)
[pe] round=  3 work=  1048576 frontier=  1048576 next=   524288 consolidate= 31.738ms frontier=  8.683ms semisort= 20.318ms (keyed= 0.000ms group_by=  5.608ms per_group= 3.838ms)
[pe] round=  4 work=   524288 frontier=   524288 next=   262144 consolidate= 16.093ms frontier=  4.227ms semisort= 11.131ms (keyed= 0.000ms group_by=  3.135ms per_group= 2.310ms)
[pe] round=  5 work=   262144 frontier=   262144 next=   199696 consolidate=  7.327ms frontier=  2.067ms semisort=  7.035ms (keyed= 0.000ms group_by=  1.796ms per_group= 1.609ms)
[pe] round=  6 work=   199696 frontier=   199696 next=   131072 consolidate=  5.497ms frontier=  1.874ms semisort=  4.701ms (keyed= 0.000ms group_by=  1.300ms per_group= 1.076ms)
[pe] round=  7 work=   131072 frontier=   131072 next=    65536 consolidate=  3.776ms frontier=  1.096ms semisort=  3.186ms (keyed= 0.000ms group_by=  1.037ms per_group= 0.574ms)
[pe] round=  8 work=    65536 frontier=    65536 next=    32768 consolidate=  1.829ms frontier=  0.614ms semisort=  7.840ms (keyed= 0.000ms group_by=  6.811ms per_group= 0.325ms)
[pe] round=  9 work=    32768 frontier=    32768 next=    16384 consolidate=  0.983ms frontier=  0.393ms semisort=  4.098ms (keyed= 0.000ms group_by=  3.458ms per_group= 0.223ms)
[pe] round= 10 work=    16384 frontier=    16384 next=     8192 consolidate=  2.941ms frontier=  0.463ms semisort=  2.977ms (keyed= 0.000ms group_by=  2.472ms per_group= 0.189ms)
[pe] round= 11 work=     8192 frontier=     8192 next=     4096 consolidate=  1.436ms frontier=  0.500ms semisort=  1.159ms (keyed= 0.000ms group_by=  0.711ms per_group= 0.083ms)
[pe] round= 12 work=     4096 frontier=     4096 next=     2048 consolidate=  0.669ms frontier=  0.234ms semisort=  0.631ms (keyed= 0.000ms group_by=  0.368ms per_group= 0.060ms)
[pe] round= 13 work=     2048 frontier=     2048 next=     1024 consolidate=  0.362ms frontier=  0.134ms semisort=  0.398ms (keyed= 0.000ms group_by=  0.223ms per_group= 0.044ms)
[pe] round= 14 work=     1024 frontier=     1024 next=      512 consolidate=  0.196ms frontier=  0.074ms semisort=  0.210ms (keyed= 0.000ms group_by=  0.094ms per_group= 0.034ms)
[pe] round= 15 work=      512 frontier=      512 next=      256 consolidate=  0.118ms frontier=  0.054ms semisort=  0.146ms (keyed= 0.000ms group_by=  0.056ms per_group= 0.032ms)
[pe] round= 16 work=      256 frontier=      256 next=      128 consolidate=  0.076ms frontier=  0.040ms semisort=  0.112ms (keyed= 0.000ms group_by=  0.038ms per_group= 0.025ms)
[pe] round= 17 work=      128 frontier=      128 next=       64 consolidate=  0.051ms frontier=  0.027ms semisort=  0.069ms (keyed= 0.000ms group_by=  0.025ms per_group= 0.017ms)
[pe] round= 18 work=       64 frontier=       64 next=       32 consolidate=  0.032ms frontier=  0.024ms semisort=  0.056ms (keyed= 0.000ms group_by=  0.018ms per_group= 0.020ms)
[pe] round= 19 work=       32 frontier=       32 next=       16 consolidate=  0.023ms frontier=  0.011ms semisort=  0.031ms (keyed= 0.000ms group_by=  0.010ms per_group= 0.009ms)
[pe] round= 20 work=       16 frontier=       16 next=        8 consolidate=  0.014ms frontier=  0.006ms semisort=  0.014ms (keyed= 0.000ms group_by=  0.007ms per_group= 0.003ms)
[pe] round= 21 work=        8 frontier=        8 next=        4 consolidate=  0.012ms frontier=  0.004ms semisort=  0.010ms (keyed= 0.000ms group_by=  0.006ms per_group= 0.002ms)
[pe] round= 22 work=        4 frontier=        4 next=        2 consolidate=  0.005ms frontier=  0.002ms semisort=  0.007ms (keyed= 0.000ms group_by=  0.005ms per_group= 0.001ms)
[pe] round= 23 work=        2 frontier=        0 next=        0 consolidate=  0.003ms frontier=  0.001ms semisort=  0.000ms (break)
[pe] round=  0 work=      260 frontier= 13182000 next=  4394000 consolidate=  1.299ms frontier=  2.497ms semisort=141.216ms (keyed= 0.000ms group_by= 55.913ms per_group=31.225ms)
[pe] round=  1 work=  4394000 frontier=  4394000 next=  2097152 consolidate= 93.140ms frontier= 26.256ms semisort= 70.704ms (keyed= 0.000ms group_by= 20.033ms per_group=12.681ms)
[pe] round=  2 work=  2097152 frontier=  2097152 next=  1048576 consolidate= 46.681ms frontier= 13.738ms semisort= 33.500ms (keyed= 0.000ms group_by=  9.633ms per_group= 6.702ms)
[pe] round=  3 work=  1048576 frontier=  1048576 next=   524288 consolidate= 30.218ms frontier=  8.258ms semisort= 19.032ms (keyed= 0.000ms group_by=  5.861ms per_group= 3.805ms)
[pe] round=  4 work=   524288 frontier=   524288 next=   262144 consolidate= 14.763ms frontier=  4.069ms semisort= 10.686ms (keyed= 0.000ms group_by=  3.101ms per_group= 2.269ms)
[pe] round=  5 work=   262144 frontier=   262144 next=   199696 consolidate=  7.402ms frontier=  2.058ms semisort=  7.012ms (keyed= 0.000ms group_by=  1.865ms per_group= 1.594ms)
[pe] round=  6 work=   199696 frontier=   199696 next=   131072 consolidate=  5.695ms frontier=  1.567ms semisort=  4.754ms (keyed= 0.000ms group_by=  1.291ms per_group= 1.077ms)
[pe] round=  7 work=   131072 frontier=   131072 next=    65536 consolidate=  3.733ms frontier=  1.122ms semisort=  2.921ms (keyed= 0.000ms group_by=  1.010ms per_group= 0.595ms)
[pe] round=  8 work=    65536 frontier=    65536 next=    32768 consolidate=  1.842ms frontier=  0.593ms semisort=  8.650ms (keyed= 0.000ms group_by=  7.643ms per_group= 0.318ms)
[pe] round=  9 work=    32768 frontier=    32768 next=    16384 consolidate=  1.007ms frontier=  0.389ms semisort=  4.156ms (keyed= 0.000ms group_by=  3.524ms per_group= 0.218ms)
[pe] round= 10 work=    16384 frontier=    16384 next=     8192 consolidate=  2.109ms frontier=  0.288ms semisort=  2.273ms (keyed= 0.001ms group_by=  1.836ms per_group= 0.135ms)
[pe] round= 11 work=     8192 frontier=     8192 next=     4096 consolidate=  1.150ms frontier=  0.372ms semisort=  1.025ms (keyed= 0.000ms group_by=  0.637ms per_group= 0.086ms)
[pe] round= 12 work=     4096 frontier=     4096 next=     2048 consolidate=  0.634ms frontier=  0.185ms semisort=  0.545ms (keyed= 0.000ms group_by=  0.299ms per_group= 0.055ms)
[pe] round= 13 work=     2048 frontier=     2048 next=     1024 consolidate=  0.333ms frontier=  0.125ms semisort=  0.350ms (keyed= 0.000ms group_by=  0.196ms per_group= 0.040ms)
[pe] round= 14 work=     1024 frontier=     1024 next=      512 consolidate=  0.202ms frontier=  0.070ms semisort=  0.229ms (keyed= 0.000ms group_by=  0.098ms per_group= 0.052ms)
[pe] round= 15 work=      512 frontier=      512 next=      256 consolidate=  0.124ms frontier=  0.055ms semisort=  0.137ms (keyed= 0.000ms group_by=  0.054ms per_group= 0.029ms)
[pe] round= 16 work=      256 frontier=      256 next=      128 consolidate=  0.079ms frontier=  0.041ms semisort=  0.111ms (keyed= 0.000ms group_by=  0.045ms per_group= 0.026ms)
[pe] round= 17 work=      128 frontier=      128 next=       64 consolidate=  0.058ms frontier=  0.024ms semisort=  0.063ms (keyed= 0.000ms group_by=  0.021ms per_group= 0.017ms)
[pe] round= 18 work=       64 frontier=       64 next=       32 consolidate=  0.037ms frontier=  0.019ms semisort=  0.038ms (keyed= 0.000ms group_by=  0.013ms per_group= 0.011ms)
[pe] round= 19 work=       32 frontier=       32 next=       16 consolidate=  0.024ms frontier=  0.008ms semisort=  0.024ms (keyed= 0.000ms group_by=  0.009ms per_group= 0.006ms)
[pe] round= 20 work=       16 frontier=       16 next=        8 consolidate=  0.017ms frontier=  0.005ms semisort=  0.012ms (keyed= 0.000ms group_by=  0.006ms per_group= 0.003ms)
[pe] round= 21 work=        8 frontier=        8 next=        4 consolidate=  0.016ms frontier=  0.003ms semisort=  0.009ms (keyed= 0.000ms group_by=  0.005ms per_group= 0.001ms)
[pe] round= 22 work=        4 frontier=        4 next=        2 consolidate=  0.004ms frontier=  0.001ms semisort=  0.006ms (keyed= 0.000ms group_by=  0.004ms per_group= 0.001ms)
[pe] round= 23 work=        2 frontier=        0 next=        0 consolidate=  0.002ms frontier=  0.001ms semisort=  0.000ms (break)
[pe] round=  0 work=      260 frontier= 13182000 next=  4394000 consolidate=  1.344ms frontier=  2.444ms semisort=127.667ms (keyed= 0.000ms group_by= 49.417ms per_group=26.520ms)
[pe] round=  1 work=  4394000 frontier=  4394000 next=  2097152 consolidate= 88.929ms frontier= 25.998ms semisort= 65.664ms (keyed= 0.000ms group_by= 19.447ms per_group=12.513ms)
[pe] round=  2 work=  2097152 frontier=  2097152 next=  1048576 consolidate= 53.429ms frontier= 13.950ms semisort= 31.696ms (keyed= 0.000ms group_by=  9.220ms per_group= 6.603ms)
[pe] round=  3 work=  1048576 frontier=  1048576 next=   524288 consolidate= 35.463ms frontier=  8.932ms semisort= 19.048ms (keyed= 0.000ms group_by=  5.459ms per_group= 3.822ms)
[pe] round=  4 work=   524288 frontier=   524288 next=   262144 consolidate= 14.918ms frontier=  4.422ms semisort= 12.893ms (keyed= 0.000ms group_by=  3.007ms per_group= 2.233ms)
[pe] round=  5 work=   262144 frontier=   262144 next=   199696 consolidate=  7.139ms frontier=  2.056ms semisort=  6.279ms (keyed= 0.000ms group_by=  1.616ms per_group= 1.518ms)
[pe] round=  6 work=   199696 frontier=   199696 next=   131072 consolidate= 12.609ms frontier=  2.343ms semisort=  8.058ms (keyed= 0.000ms group_by=  2.917ms per_group= 2.237ms)
[pe] round=  7 work=   131072 frontier=   131072 next=    65536 consolidate=  3.535ms frontier=  1.135ms semisort=  3.052ms (keyed= 0.000ms group_by=  0.973ms per_group= 0.542ms)
[pe] round=  8 work=    65536 frontier=    65536 next=    32768 consolidate=  1.948ms frontier=  1.449ms semisort=  8.875ms (keyed= 0.000ms group_by=  6.904ms per_group= 1.276ms)
[pe] round=  9 work=    32768 frontier=    32768 next=    16384 consolidate=  1.060ms frontier=  0.387ms semisort=  3.787ms (keyed= 0.000ms group_by=  3.153ms per_group= 0.210ms)
[pe] round= 10 work=    16384 frontier=    16384 next=     8192 consolidate=  1.990ms frontier=  0.272ms semisort=  2.547ms (keyed= 0.000ms group_by=  1.667ms per_group= 0.613ms)
[pe] round= 11 work=     8192 frontier=     8192 next=     4096 consolidate=  1.115ms frontier=  0.356ms semisort=  1.294ms (keyed= 0.000ms group_by=  0.616ms per_group= 0.363ms)
[pe] round= 12 work=     4096 frontier=     4096 next=     2048 consolidate=  0.627ms frontier=  0.187ms semisort=  0.527ms (keyed= 0.000ms group_by=  0.285ms per_group= 0.057ms)
[pe] round= 13 work=     2048 frontier=     2048 next=     1024 consolidate=  0.317ms frontier=  0.116ms semisort=  0.379ms (keyed= 0.000ms group_by=  0.218ms per_group= 0.042ms)
[pe] round= 14 work=     1024 frontier=     1024 next=      512 consolidate=  0.210ms frontier=  0.067ms semisort=  0.222ms (keyed= 0.000ms group_by=  0.100ms per_group= 0.048ms)
[pe] round= 15 work=      512 frontier=      512 next=      256 consolidate=  0.111ms frontier=  0.055ms semisort=  0.136ms (keyed= 0.000ms group_by=  0.047ms per_group= 0.040ms)
[pe] round= 16 work=      256 frontier=      256 next=      128 consolidate=  0.076ms frontier=  0.043ms semisort=  0.101ms (keyed= 0.000ms group_by=  0.035ms per_group= 0.021ms)
[pe] round= 17 work=      128 frontier=      128 next=       64 consolidate=  0.058ms frontier=  0.031ms semisort=  0.087ms (keyed= 0.000ms group_by=  0.020ms per_group= 0.028ms)
[pe] round= 18 work=       64 frontier=       64 next=       32 consolidate=  0.036ms frontier=  0.017ms semisort=  0.050ms (keyed= 0.000ms group_by=  0.013ms per_group= 0.023ms)
[pe] round= 19 work=       32 frontier=       32 next=       16 consolidate=  0.034ms frontier=  0.012ms semisort=  0.019ms (keyed= 0.000ms group_by=  0.008ms per_group= 0.005ms)
[pe] round= 20 work=       16 frontier=       16 next=        8 consolidate=  0.016ms frontier=  0.005ms semisort=  0.012ms (keyed= 0.000ms group_by=  0.006ms per_group= 0.003ms)
[pe] round= 21 work=        8 frontier=        8 next=        4 consolidate=  0.015ms frontier=  0.003ms semisort=  0.008ms (keyed= 0.000ms group_by=  0.004ms per_group= 0.001ms)
[pe] round= 22 work=        4 frontier=        4 next=        2 consolidate=  0.004ms frontier=  0.001ms semisort=  0.006ms (keyed= 0.000ms group_by=  0.004ms per_group= 0.001ms)
[pe] round= 23 work=        2 frontier=        0 next=        0 consolidate=  0.003ms frontier=  0.001ms semisort=  0.000ms (break)
[pe] round=  0 work=      260 frontier= 13182000 next=  4394000 consolidate= 12.933ms frontier= 13.138ms semisort=212.893ms (keyed= 0.000ms group_by= 81.746ms per_group=26.618ms)
[pe] round=  1 work=  4394000 frontier=  4394000 next=  2097152 consolidate=116.977ms frontier= 25.443ms semisort=101.680ms (keyed= 0.000ms group_by= 27.074ms per_group=13.141ms)
[pe] round=  2 work=  2097152 frontier=  2097152 next=  1048576 consolidate= 45.885ms frontier= 13.497ms semisort= 36.569ms (keyed= 0.000ms group_by=  9.461ms per_group= 7.799ms)
[pe] round=  3 work=  1048576 frontier=  1048576 next=   524288 consolidate= 28.902ms frontier=  8.596ms semisort= 19.253ms (keyed= 0.000ms group_by=  5.168ms per_group= 3.980ms)
[pe] round=  4 work=   524288 frontier=   524288 next=   262144 consolidate= 15.072ms frontier=  3.781ms semisort= 12.298ms (keyed= 0.000ms group_by=  4.393ms per_group= 2.209ms)
[pe] round=  5 work=   262144 frontier=   262144 next=   199696 consolidate=  7.575ms frontier=  2.611ms semisort=  6.609ms (keyed= 0.000ms group_by=  1.881ms per_group= 1.507ms)
[pe] round=  6 work=   199696 frontier=   199696 next=   131072 consolidate=  5.259ms frontier=  1.617ms semisort=  4.564ms (keyed= 0.000ms group_by=  1.301ms per_group= 1.039ms)
[pe] round=  7 work=   131072 frontier=   131072 next=    65536 consolidate=  3.648ms frontier=  1.272ms semisort=  2.810ms (keyed= 0.000ms group_by=  0.959ms per_group= 0.582ms)
[pe] round=  8 work=    65536 frontier=    65536 next=    32768 consolidate=  1.833ms frontier=  0.614ms semisort=  7.534ms (keyed= 0.000ms group_by=  6.496ms per_group= 0.316ms)
[pe] round=  9 work=    32768 frontier=    32768 next=    16384 consolidate=  0.973ms frontier=  0.402ms semisort=  3.756ms (keyed= 0.000ms group_by=  3.141ms per_group= 0.205ms)
[pe] round= 10 work=    16384 frontier=    16384 next=     8192 consolidate=  1.980ms frontier=  0.310ms semisort=  2.071ms (keyed= 0.000ms group_by=  1.666ms per_group= 0.133ms)
[pe] round= 11 work=     8192 frontier=     8192 next=     4096 consolidate=  1.108ms frontier=  0.379ms semisort=  1.033ms (keyed= 0.000ms group_by=  0.632ms per_group= 0.083ms)
[pe] round= 12 work=     4096 frontier=     4096 next=     2048 consolidate=  0.592ms frontier=  0.193ms semisort=  0.554ms (keyed= 0.000ms group_by=  0.303ms per_group= 0.065ms)
[pe] round= 13 work=     2048 frontier=     2048 next=     1024 consolidate=  0.349ms frontier=  0.110ms semisort=  0.366ms (keyed= 0.000ms group_by=  0.206ms per_group= 0.045ms)
[pe] round= 14 work=     1024 frontier=     1024 next=      512 consolidate=  0.189ms frontier=  0.063ms semisort=  0.230ms (keyed= 0.000ms group_by=  0.090ms per_group= 0.059ms)
[pe] round= 15 work=      512 frontier=      512 next=      256 consolidate=  0.155ms frontier=  0.053ms semisort=  0.141ms (keyed= 0.000ms group_by=  0.052ms per_group= 0.033ms)
[pe] round= 16 work=      256 frontier=      256 next=      128 consolidate=  0.074ms frontier=  0.038ms semisort=  0.096ms (keyed= 0.000ms group_by=  0.032ms per_group= 0.025ms)
[pe] round= 17 work=      128 frontier=      128 next=       64 consolidate=  0.065ms frontier=  0.031ms semisort=  0.066ms (keyed= 0.000ms group_by=  0.021ms per_group= 0.018ms)
[pe] round= 18 work=       64 frontier=       64 next=       32 consolidate=  0.048ms frontier=  0.017ms semisort=  0.044ms (keyed= 0.000ms group_by=  0.014ms per_group= 0.013ms)
[pe] round= 19 work=       32 frontier=       32 next=       16 consolidate=  0.029ms frontier=  0.017ms semisort=  0.043ms (keyed= 0.000ms group_by=  0.014ms per_group= 0.013ms)
[pe] round= 20 work=       16 frontier=       16 next=        8 consolidate=  0.023ms frontier=  0.006ms semisort=  0.019ms (keyed= 0.000ms group_by=  0.010ms per_group= 0.004ms)
[pe] round= 21 work=        8 frontier=        8 next=        4 consolidate=  0.016ms frontier=  0.004ms semisort=  0.013ms (keyed= 0.000ms group_by=  0.007ms per_group= 0.002ms)
[pe] round= 22 work=        4 frontier=        4 next=        2 consolidate=  0.007ms frontier=  0.002ms semisort=  0.010ms (keyed= 0.000ms group_by=  0.006ms per_group= 0.001ms)
[pe] round= 23 work=        2 frontier=        0 next=        0 consolidate=  0.004ms frontier=  0.001ms semisort=  0.000ms (break)
