[synthetic_bench] cube n=115 d=2 classes=6083728 merges=115 ...
[pe] round=  0 work=      230 frontier=  9125250 next=  3041750 consolidate=  6.672ms frontier=  3.813ms semisort=176.475ms (keyed= 0.000ms group_by=137.335ms per_group=13.909ms)
[pe] round=  1 work=  3041750 frontier=  3041750 next=  1048576 consolidate= 41.399ms frontier= 14.461ms semisort= 48.792ms (keyed= 0.000ms group_by= 17.820ms per_group= 6.267ms)
[pe] round=  2 work=  1048576 frontier=  1048576 next=   944598 consolidate= 20.008ms frontier=  7.412ms semisort= 21.162ms (keyed= 0.000ms group_by=  5.020ms per_group= 3.535ms)
[pe] round=  3 work=   944598 frontier=   944598 next=   524288 consolidate= 19.017ms frontier=  7.791ms semisort= 16.025ms (keyed= 0.000ms group_by=  3.899ms per_group= 2.956ms)
[pe] round=  4 work=   524288 frontier=   524288 next=   262144 consolidate= 11.719ms frontier=  3.536ms semisort=  8.052ms (keyed= 0.000ms group_by=  1.839ms per_group= 1.415ms)
[pe] round=  5 work=   262144 frontier=   262144 next=   131072 consolidate=  6.262ms frontier=  1.962ms semisort=  4.677ms (keyed= 0.000ms group_by=  1.370ms per_group= 0.793ms)
[pe] round=  6 work=   131072 frontier=   131072 next=    65536 consolidate=  3.069ms frontier=  1.021ms semisort=  2.773ms (keyed= 0.000ms group_by=  0.804ms per_group= 0.465ms)
[pe] round=  7 work=    65536 frontier=    65536 next=    32768 consolidate=  1.569ms frontier=  0.590ms semisort=  8.510ms (keyed= 0.000ms group_by=  7.540ms per_group= 0.260ms)
[pe] round=  8 work=    32768 frontier=    32768 next=    16384 consolidate=  0.885ms frontier=  0.366ms semisort=  3.955ms (keyed= 0.000ms group_by=  3.384ms per_group= 0.175ms)
[pe] round=  9 work=    16384 frontier=    16384 next=     8192 consolidate=  2.577ms frontier=  0.263ms semisort=  3.166ms (keyed= 0.000ms group_by=  1.785ms per_group= 1.115ms)
[pe] round= 10 work=     8192 frontier=     8192 next=     4096 consolidate=  1.310ms frontier=  0.328ms semisort=  1.219ms (keyed= 0.000ms group_by=  0.670ms per_group= 0.214ms)
[pe] round= 11 work=     4096 frontier=     4096 next=     2048 consolidate=  0.685ms frontier=  0.184ms semisort=  0.751ms (keyed= 0.000ms group_by=  0.357ms per_group= 0.194ms)
[pe] round= 12 work=     2048 frontier=     2048 next=     1024 consolidate=  0.372ms frontier=  0.110ms semisort=  0.370ms (keyed= 0.000ms group_by=  0.191ms per_group= 0.055ms)
[pe] round= 13 work=     1024 frontier=     1024 next=      512 consolidate=  0.209ms frontier=  0.078ms semisort=  0.244ms (keyed= 0.000ms group_by=  0.116ms per_group= 0.040ms)
[pe] round= 14 work=      512 frontier=      512 next=      256 consolidate=  0.131ms frontier=  0.065ms semisort=  0.220ms (keyed= 0.000ms group_by=  0.072ms per_group= 0.063ms)
[pe] round= 15 work=      256 frontier=      256 next=      128 consolidate=  0.099ms frontier=  0.040ms semisort=  0.129ms (keyed= 0.000ms group_by=  0.043ms per_group= 0.040ms)
[pe] round= 16 work=      128 frontier=      128 next=       64 consolidate=  0.071ms frontier=  0.040ms semisort=  0.099ms (keyed= 0.000ms group_by=  0.035ms per_group= 0.027ms)
[pe] round= 17 work=       64 frontier=       64 next=       32 consolidate=  0.050ms frontier=  0.023ms semisort=  0.059ms (keyed= 0.000ms group_by=  0.019ms per_group= 0.020ms)
[pe] round= 18 work=       32 frontier=       32 next=       16 consolidate=  0.028ms frontier=  0.009ms semisort=  0.023ms (keyed= 0.000ms group_by=  0.011ms per_group= 0.005ms)
[pe] round= 19 work=       16 frontier=       16 next=        8 consolidate=  0.020ms frontier=  0.006ms semisort=  0.016ms (keyed= 0.000ms group_by=  0.008ms per_group= 0.003ms)
[pe] round= 20 work=        8 frontier=        8 next=        4 consolidate=  0.013ms frontier=  0.004ms semisort=  0.011ms (keyed= 0.000ms group_by=  0.006ms per_group= 0.002ms)
[pe] round= 21 work=        4 frontier=        4 next=        2 consolidate=  0.005ms frontier=  0.002ms semisort=  0.009ms (keyed= 0.000ms group_by=  0.006ms per_group= 0.001ms)
[pe] round= 22 work=        2 frontier=        0 next=        0 consolidate=  0.004ms frontier=  0.001ms semisort=  0.000ms (break)
[pe] round=  0 work=      230 frontier=  9125250 next=  3041750 consolidate=  0.931ms frontier=  1.918ms semisort= 69.393ms (keyed= 0.000ms group_by= 31.328ms per_group=12.066ms)
[pe] round=  1 work=  3041750 frontier=  3041750 next=  1048576 consolidate= 42.410ms frontier= 13.031ms semisort= 45.949ms (keyed= 0.000ms group_by= 17.803ms per_group= 5.467ms)
[pe] round=  2 work=  1048576 frontier=  1048576 next=   944598 consolidate= 21.317ms frontier=  6.636ms semisort= 18.661ms (keyed= 0.000ms group_by=  4.009ms per_group= 3.620ms)
[pe] round=  3 work=   944598 frontier=   944598 next=   524288 consolidate= 19.470ms frontier=  6.169ms semisort= 14.437ms (keyed= 0.000ms group_by=  3.718ms per_group= 2.283ms)
[pe] round=  4 work=   524288 frontier=   524288 next=   262144 consolidate= 11.834ms frontier=  3.883ms semisort=  7.858ms (keyed= 0.000ms group_by=  1.845ms per_group= 1.367ms)
[pe] round=  5 work=   262144 frontier=   262144 next=   131072 consolidate=  6.053ms frontier=  1.680ms semisort=  4.614ms (keyed= 0.000ms group_by=  1.295ms per_group= 0.802ms)
[pe] round=  6 work=   131072 frontier=   131072 next=    65536 consolidate=  2.889ms frontier=  0.993ms semisort=  2.499ms (keyed= 0.000ms group_by=  0.781ms per_group= 0.465ms)
[pe] round=  7 work=    65536 frontier=    65536 next=    32768 consolidate=  1.581ms frontier=  0.611ms semisort=  8.435ms (keyed= 0.000ms group_by=  7.521ms per_group= 0.265ms)
[pe] round=  8 work=    32768 frontier=    32768 next=    16384 consolidate=  0.926ms frontier=  0.365ms semisort=  4.083ms (keyed= 0.000ms group_by=  3.514ms per_group= 0.177ms)
[pe] round=  9 work=    16384 frontier=    16384 next=     8192 consolidate=  3.616ms frontier=  0.269ms semisort=  2.065ms (keyed= 0.000ms group_by=  1.683ms per_group= 0.121ms)
[pe] round= 10 work=     8192 frontier=     8192 next=     4096 consolidate=  1.429ms frontier=  0.330ms semisort=  1.114ms (keyed= 0.000ms group_by=  0.705ms per_group= 0.081ms)
[pe] round= 11 work=     4096 frontier=     4096 next=     2048 consolidate=  0.735ms frontier=  0.191ms semisort=  0.614ms (keyed= 0.000ms group_by=  0.363ms per_group= 0.064ms)
[pe] round= 12 work=     2048 frontier=     2048 next=     1024 consolidate=  0.405ms frontier=  0.111ms semisort=  0.384ms (keyed= 0.000ms group_by=  0.206ms per_group= 0.051ms)
[pe] round= 13 work=     1024 frontier=     1024 next=      512 consolidate=  0.223ms frontier=  0.074ms semisort=  0.233ms (keyed= 0.000ms group_by=  0.102ms per_group= 0.045ms)
[pe] round= 14 work=      512 frontier=      512 next=      256 consolidate=  0.155ms frontier=  0.056ms semisort=  0.196ms (keyed= 0.000ms group_by=  0.076ms per_group= 0.041ms)
[pe] round= 15 work=      256 frontier=      256 next=      128 consolidate=  0.098ms frontier=  0.038ms semisort=  0.139ms (keyed= 0.000ms group_by=  0.041ms per_group= 0.035ms)
[pe] round= 16 work=      128 frontier=      128 next=       64 consolidate=  0.062ms frontier=  0.030ms semisort=  0.117ms (keyed= 0.000ms group_by=  0.033ms per_group= 0.023ms)
[pe] round= 17 work=       64 frontier=       64 next=       32 consolidate=  0.048ms frontier=  0.016ms semisort=  0.049ms (keyed= 0.000ms group_by=  0.019ms per_group= 0.012ms)
[pe] round= 18 work=       32 frontier=       32 next=       16 consolidate=  0.023ms frontier=  0.009ms semisort=  0.024ms (keyed= 0.000ms group_by=  0.011ms per_group= 0.006ms)
[pe] round= 19 work=       16 frontier=       16 next=        8 consolidate=  0.022ms frontier=  0.005ms semisort=  0.016ms (keyed= 0.000ms group_by=  0.009ms per_group= 0.003ms)
[pe] round= 20 work=        8 frontier=        8 next=        4 consolidate=  0.015ms frontier=  0.004ms semisort=  0.012ms (keyed= 0.000ms group_by=  0.007ms per_group= 0.002ms)
[pe] round= 21 work=        4 frontier=        4 next=        2 consolidate=  0.006ms frontier=  0.002ms semisort=  0.009ms (keyed= 0.000ms group_by=  0.006ms per_group= 0.001ms)
[pe] round= 22 work=        2 frontier=        0 next=        0 consolidate=  0.004ms frontier=  0.002ms semisort=  0.000ms (break)
[pe] round=  0 work=      230 frontier=  9125250 next=  3041750 consolidate=  0.929ms frontier=  2.034ms semisort= 86.540ms (keyed= 0.000ms group_by= 49.678ms per_group=12.148ms)
[pe] round=  1 work=  3041750 frontier=  3041750 next=  1048576 consolidate= 44.939ms frontier= 13.291ms semisort= 38.560ms (keyed= 0.000ms group_by= 11.484ms per_group= 5.533ms)
[pe] round=  2 work=  1048576 frontier=  1048576 next=   944598 consolidate= 23.518ms frontier=  6.884ms semisort= 18.921ms (keyed= 0.000ms group_by=  4.180ms per_group= 3.609ms)
[pe] round=  3 work=   944598 frontier=   944598 next=   524288 consolidate= 19.872ms frontier=  6.358ms semisort= 14.499ms (keyed= 0.000ms group_by=  3.873ms per_group= 2.283ms)
[pe] round=  4 work=   524288 frontier=   524288 next=   262144 consolidate= 11.785ms frontier=  3.388ms semisort=  7.907ms (keyed= 0.000ms group_by=  1.895ms per_group= 1.371ms)
[pe] round=  5 work=   262144 frontier=   262144 next=   131072 consolidate=  6.026ms frontier=  1.745ms semisort=  4.612ms (keyed= 0.000ms group_by=  1.324ms per_group= 0.832ms)
[pe] round=  6 work=   131072 frontier=   131072 next=    65536 consolidate=  2.832ms frontier=  0.956ms semisort=  2.573ms (keyed= 0.000ms group_by=  0.840ms per_group= 0.488ms)
[pe] round=  7 work=    65536 frontier=    65536 next=    32768 consolidate=  1.568ms frontier=  0.611ms semisort=  8.458ms (keyed= 0.000ms group_by=  7.502ms per_group= 0.268ms)
[pe] round=  8 work=    32768 frontier=    32768 next=    16384 consolidate=  0.891ms frontier=  0.365ms semisort=  4.116ms (keyed= 0.000ms group_by=  3.557ms per_group= 0.170ms)
[pe] round=  9 work=    16384 frontier=    16384 next=     8192 consolidate=  2.724ms frontier=  0.251ms semisort=  3.013ms (keyed= 0.000ms group_by=  1.745ms per_group= 1.011ms)
[pe] round= 10 work=     8192 frontier=     8192 next=     4096 consolidate=  1.358ms frontier=  0.331ms semisort=  1.105ms (keyed= 0.000ms group_by=  0.695ms per_group= 0.081ms)
[pe] round= 11 work=     4096 frontier=     4096 next=     2048 consolidate=  0.728ms frontier=  0.186ms semisort=  0.575ms (keyed= 0.000ms group_by=  0.330ms per_group= 0.059ms)
[pe] round= 12 work=     2048 frontier=     2048 next=     1024 consolidate=  0.400ms frontier=  0.104ms semisort=  0.384ms (keyed= 0.000ms group_by=  0.211ms per_group= 0.051ms)
[pe] round= 13 work=     1024 frontier=     1024 next=      512 consolidate=  0.230ms frontier=  0.079ms semisort=  0.238ms (keyed= 0.000ms group_by=  0.103ms per_group= 0.044ms)
[pe] round= 14 work=      512 frontier=      512 next=      256 consolidate=  0.152ms frontier=  0.055ms semisort=  0.183ms (keyed= 0.000ms group_by=  0.059ms per_group= 0.063ms)
[pe] round= 15 work=      256 frontier=      256 next=      128 consolidate=  0.091ms frontier=  0.049ms semisort=  0.125ms (keyed= 0.000ms group_by=  0.040ms per_group= 0.044ms)
[pe] round= 16 work=      128 frontier=      128 next=       64 consolidate=  0.064ms frontier=  0.030ms semisort=  0.116ms (keyed= 0.000ms group_by=  0.033ms per_group= 0.038ms)
[pe] round= 17 work=       64 frontier=       64 next=       32 consolidate=  0.044ms frontier=  0.017ms semisort=  0.074ms (keyed= 0.000ms group_by=  0.026ms per_group= 0.019ms)
[pe] round= 18 work=       32 frontier=       32 next=       16 consolidate=  0.034ms frontier=  0.008ms semisort=  0.024ms (keyed= 0.000ms group_by=  0.011ms per_group= 0.006ms)
[pe] round= 19 work=       16 frontier=       16 next=        8 consolidate=  0.019ms frontier=  0.006ms semisort=  0.016ms (keyed= 0.000ms group_by=  0.008ms per_group= 0.003ms)
[pe] round= 20 work=        8 frontier=        8 next=        4 consolidate=  0.012ms frontier=  0.003ms semisort=  0.012ms (keyed= 0.000ms group_by=  0.006ms per_group= 0.002ms)
[pe] round= 21 work=        4 frontier=        4 next=        2 consolidate=  0.006ms frontier=  0.002ms semisort=  0.009ms (keyed= 0.000ms group_by=  0.006ms per_group= 0.001ms)
[pe] round= 22 work=        2 frontier=        0 next=        0 consolidate=  0.004ms frontier=  0.001ms semisort=  0.000ms (break)
[pe] round=  0 work=      230 frontier=  9125250 next=  3041750 consolidate=  0.901ms frontier=  1.594ms semisort= 69.387ms (keyed= 0.000ms group_by= 31.625ms per_group=13.219ms)
[pe] round=  1 work=  3041750 frontier=  3041750 next=  1048576 consolidate= 46.765ms frontier= 13.661ms semisort= 38.875ms (keyed= 0.000ms group_by= 11.678ms per_group= 5.526ms)
[pe] round=  2 work=  1048576 frontier=  1048576 next=   944598 consolidate= 23.273ms frontier=  6.768ms semisort= 28.382ms (keyed= 0.000ms group_by=  4.500ms per_group= 3.600ms)
[pe] round=  3 work=   944598 frontier=   944598 next=   524288 consolidate= 19.610ms frontier=  5.815ms semisort= 31.118ms (keyed= 0.000ms group_by=  4.902ms per_group=10.876ms)
[pe] round=  4 work=   524288 frontier=   524288 next=   262144 consolidate= 13.274ms frontier=  3.241ms semisort= 12.676ms (keyed= 0.000ms group_by=  1.831ms per_group= 1.362ms)
[pe] round=  5 work=   262144 frontier=   262144 next=   131072 consolidate=  6.025ms frontier=  2.381ms semisort=  4.564ms (keyed= 0.000ms group_by=  1.282ms per_group= 0.784ms)
[pe] round=  6 work=   131072 frontier=   131072 next=    65536 consolidate=  2.907ms frontier=  0.948ms semisort=  2.700ms (keyed= 0.000ms group_by=  0.727ms per_group= 0.433ms)
[pe] round=  7 work=    65536 frontier=    65536 next=    32768 consolidate=  1.651ms frontier=  0.548ms semisort=  8.139ms (keyed= 0.000ms group_by=  7.259ms per_group= 0.253ms)
[pe] round=  8 work=    32768 frontier=    32768 next=    16384 consolidate=  0.883ms frontier=  0.377ms semisort=  4.087ms (keyed= 0.000ms group_by=  3.526ms per_group= 0.164ms)
[pe] round=  9 work=    16384 frontier=    16384 next=     8192 consolidate=  2.183ms frontier=  0.287ms semisort=  2.787ms (keyed= 0.000ms group_by=  1.711ms per_group= 0.813ms)
[pe] round= 10 work=     8192 frontier=     8192 next=     4096 consolidate=  1.084ms frontier=  0.305ms semisort=  1.010ms (keyed= 0.000ms group_by=  0.615ms per_group= 0.074ms)
[pe] round= 11 work=     4096 frontier=     4096 next=     2048 consolidate=  0.607ms frontier=  0.166ms semisort=  0.763ms (keyed= 0.000ms group_by=  0.327ms per_group= 0.253ms)
[pe] round= 12 work=     2048 frontier=     2048 next=     1024 consolidate=  0.315ms frontier=  0.099ms semisort=  0.362ms (keyed= 0.000ms group_by=  0.204ms per_group= 0.045ms)
[pe] round= 13 work=     1024 frontier=     1024 next=      512 consolidate=  0.194ms frontier=  0.071ms semisort=  0.231ms (keyed= 0.000ms group_by=  0.083ms per_group= 0.057ms)
[pe] round= 14 work=      512 frontier=      512 next=      256 consolidate=  0.134ms frontier=  0.061ms semisort=  0.180ms (keyed= 0.000ms group_by=  0.049ms per_group= 0.040ms)
[pe] round= 15 work=      256 frontier=      256 next=      128 consolidate=  0.078ms frontier=  0.048ms semisort=  0.136ms (keyed= 0.000ms group_by=  0.039ms per_group= 0.032ms)
[pe] round= 16 work=      128 frontier=      128 next=       64 consolidate=  0.075ms frontier=  0.035ms semisort=  0.098ms (keyed= 0.000ms group_by=  0.025ms per_group= 0.030ms)
[pe] round= 17 work=       64 frontier=       64 next=       32 consolidate=  0.054ms frontier=  0.015ms semisort=  0.043ms (keyed= 0.001ms group_by=  0.014ms per_group= 0.016ms)
[pe] round= 18 work=       32 frontier=       32 next=       16 consolidate=  0.030ms frontier=  0.008ms semisort=  0.019ms (keyed= 0.000ms group_by=  0.009ms per_group= 0.005ms)
[pe] round= 19 work=       16 frontier=       16 next=        8 consolidate=  0.023ms frontier=  0.005ms semisort=  0.012ms (keyed= 0.000ms group_by=  0.006ms per_group= 0.003ms)
[pe] round= 20 work=        8 frontier=        8 next=        4 consolidate=  0.017ms frontier=  0.003ms semisort=  0.009ms (keyed= 0.000ms group_by=  0.005ms per_group= 0.002ms)
[pe] round= 21 work=        4 frontier=        4 next=        2 consolidate=  0.005ms frontier=  0.001ms semisort=  0.007ms (keyed= 0.000ms group_by=  0.004ms per_group= 0.001ms)
[pe] round= 22 work=        2 frontier=        0 next=        0 consolidate=  0.003ms frontier=  0.001ms semisort=  0.000ms (break)
[pe] round=  0 work=      230 frontier=  9125250 next=  3041750 consolidate=  8.143ms frontier=  5.911ms semisort=119.871ms (keyed= 0.000ms group_by= 66.155ms per_group=22.680ms)
[pe] round=  1 work=  3041750 frontier=  3041750 next=  1048576 consolidate= 75.567ms frontier= 13.650ms semisort= 67.163ms (keyed= 0.000ms group_by= 21.050ms per_group= 5.681ms)
[pe] round=  2 work=  1048576 frontier=  1048576 next=   944598 consolidate= 22.875ms frontier= 11.273ms semisort= 24.611ms (keyed= 0.000ms group_by= 11.109ms per_group= 3.669ms)
[pe] round=  3 work=   944598 frontier=   944598 next=   524288 consolidate= 20.112ms frontier= 20.846ms semisort= 12.576ms (keyed= 0.000ms group_by=  3.079ms per_group= 2.327ms)
[pe] round=  4 work=   524288 frontier=   524288 next=   262144 consolidate= 16.889ms frontier=  3.298ms semisort=  7.507ms (keyed= 0.000ms group_by=  2.008ms per_group= 1.384ms)
[pe] round=  5 work=   262144 frontier=   262144 next=   131072 consolidate=  6.156ms frontier=  1.763ms semisort=  4.396ms (keyed= 0.000ms group_by=  1.357ms per_group= 0.823ms)
[pe] round=  6 work=   131072 frontier=   131072 next=    65536 consolidate=  3.056ms frontier=  0.974ms semisort=  2.351ms (keyed= 0.000ms group_by=  0.763ms per_group= 0.444ms)
[pe] round=  7 work=    65536 frontier=    65536 next=    32768 consolidate=  1.618ms frontier=  0.565ms semisort=  7.736ms (keyed= 0.000ms group_by=  6.833ms per_group= 0.270ms)
[pe] round=  8 work=    32768 frontier=    32768 next=    16384 consolidate=  0.920ms frontier=  0.385ms semisort=  3.833ms (keyed= 0.000ms group_by=  3.271ms per_group= 0.174ms)
[pe] round=  9 work=    16384 frontier=    16384 next=     8192 consolidate=  2.135ms frontier=  0.313ms semisort=  2.108ms (keyed= 0.000ms group_by=  1.725ms per_group= 0.120ms)
[pe] round= 10 work=     8192 frontier=     8192 next=     4096 consolidate=  1.105ms frontier=  0.331ms semisort=  0.984ms (keyed= 0.000ms group_by=  0.626ms per_group= 0.079ms)
[pe] round= 11 work=     4096 frontier=     4096 next=     2048 consolidate=  0.578ms frontier=  0.163ms semisort=  0.534ms (keyed= 0.000ms group_by=  0.309ms per_group= 0.055ms)
[pe] round= 12 work=     2048 frontier=     2048 next=     1024 consolidate=  0.324ms frontier=  0.092ms semisort=  0.357ms (keyed= 0.000ms group_by=  0.185ms per_group= 0.038ms)
[pe] round= 13 work=     1024 frontier=     1024 next=      512 consolidate=  0.196ms frontier=  0.076ms semisort=  0.226ms (keyed= 0.000ms group_by=  0.085ms per_group= 0.048ms)
[pe] round= 14 work=      512 frontier=      512 next=      256 consolidate=  0.137ms frontier=  0.053ms semisort=  0.204ms (keyed= 0.000ms group_by=  0.048ms per_group= 0.036ms)
[pe] round= 15 work=      256 frontier=      256 next=      128 consolidate=  0.103ms frontier=  0.050ms semisort=  0.124ms (keyed= 0.000ms group_by=  0.037ms per_group= 0.035ms)
[pe] round= 16 work=      128 frontier=      128 next=       64 consolidate=  0.074ms frontier=  0.030ms semisort=  0.074ms (keyed= 0.000ms group_by=  0.021ms per_group= 0.020ms)
[pe] round= 17 work=       64 frontier=       64 next=       32 consolidate=  0.056ms frontier=  0.019ms semisort=  0.056ms (keyed= 0.000ms group_by=  0.016ms per_group= 0.017ms)
[pe] round= 18 work=       32 frontier=       32 next=       16 consolidate=  0.026ms frontier=  0.014ms semisort=  0.019ms (keyed= 0.000ms group_by=  0.009ms per_group= 0.005ms)
[pe] round= 19 work=       16 frontier=       16 next=        8 consolidate=  0.020ms frontier=  0.005ms semisort=  0.013ms (keyed= 0.000ms group_by=  0.006ms per_group= 0.003ms)
[pe] round= 20 work=        8 frontier=        8 next=        4 consolidate=  0.014ms frontier=  0.003ms semisort=  0.009ms (keyed= 0.000ms group_by=  0.005ms per_group= 0.002ms)
[pe] round= 21 work=        4 frontier=        4 next=        2 consolidate=  0.005ms frontier=  0.001ms semisort=  0.007ms (keyed= 0.000ms group_by=  0.004ms per_group= 0.001ms)
[pe] round= 22 work=        2 frontier=        0 next=        0 consolidate=  0.003ms frontier=  0.001ms semisort=  0.000ms (break)
[pe] round=  0 work=      230 frontier=  9125250 next=  3041750 consolidate=  0.962ms frontier=  1.657ms semisort= 72.897ms (keyed= 0.000ms group_by= 36.192ms per_group=12.114ms)
[pe] round=  1 work=  3041750 frontier=  3041750 next=  1048576 consolidate= 57.239ms frontier= 13.409ms semisort= 43.623ms (keyed= 0.000ms group_by= 11.943ms per_group= 5.574ms)
[pe] round=  2 work=  1048576 frontier=  1048576 next=   944598 consolidate= 23.304ms frontier=  6.689ms semisort= 18.386ms (keyed= 0.000ms group_by=  4.894ms per_group= 3.692ms)
[pe] round=  3 work=   944598 frontier=   944598 next=   524288 consolidate= 20.029ms frontier=  5.994ms semisort= 12.567ms (keyed= 0.000ms group_by=  2.986ms per_group= 2.303ms)
[pe] round=  4 work=   524288 frontier=   524288 next=   262144 consolidate= 11.795ms frontier=  4.441ms semisort=  8.115ms (keyed= 0.000ms group_by=  1.902ms per_group= 1.404ms)
[pe] round=  5 work=   262144 frontier=   262144 next=   131072 consolidate=  6.261ms frontier=  1.716ms semisort=  4.422ms (keyed= 0.000ms group_by=  1.441ms per_group= 0.839ms)
[pe] round=  6 work=   131072 frontier=   131072 next=    65536 consolidate=  2.965ms frontier=  0.999ms semisort=  2.361ms (keyed= 0.000ms group_by=  0.761ms per_group= 0.480ms)
[pe] round=  7 work=    65536 frontier=    65536 next=    32768 consolidate=  1.570ms frontier=  0.608ms semisort=  8.362ms (keyed= 0.000ms group_by=  7.488ms per_group= 0.264ms)
[pe] round=  8 work=    32768 frontier=    32768 next=    16384 consolidate=  0.864ms frontier=  0.376ms semisort=  3.993ms (keyed= 0.000ms group_by=  3.457ms per_group= 0.176ms)
[pe] round=  9 work=    16384 frontier=    16384 next=     8192 consolidate=  2.833ms frontier=  0.271ms semisort=  2.228ms (keyed= 0.000ms group_by=  1.713ms per_group= 0.270ms)
[pe] round= 10 work=     8192 frontier=     8192 next=     4096 consolidate=  1.443ms frontier=  0.322ms semisort=  1.053ms (keyed= 0.000ms group_by=  0.644ms per_group= 0.080ms)
[pe] round= 11 work=     4096 frontier=     4096 next=     2048 consolidate=  0.735ms frontier=  0.188ms semisort=  0.669ms (keyed= 0.000ms group_by=  0.415ms per_group= 0.062ms)
[pe] round= 12 work=     2048 frontier=     2048 next=     1024 consolidate=  0.398ms frontier=  0.113ms semisort=  0.375ms (keyed= 0.000ms group_by=  0.199ms per_group= 0.049ms)
[pe] round= 13 work=     1024 frontier=     1024 next=      512 consolidate=  0.241ms frontier=  0.081ms semisort=  0.257ms (keyed= 0.000ms group_by=  0.113ms per_group= 0.051ms)
[pe] round= 14 work=      512 frontier=      512 next=      256 consolidate=  0.139ms frontier=  0.062ms semisort=  0.161ms (keyed= 0.000ms group_by=  0.058ms per_group= 0.044ms)
[pe] round= 15 work=      256 frontier=      256 next=      128 consolidate=  0.109ms frontier=  0.053ms semisort=  0.132ms (keyed= 0.000ms group_by=  0.043ms per_group= 0.034ms)
[pe] round= 16 work=      128 frontier=      128 next=       64 consolidate=  0.059ms frontier=  0.031ms semisort=  0.102ms (keyed= 0.000ms group_by=  0.032ms per_group= 0.030ms)
[pe] round= 17 work=       64 frontier=       64 next=       32 consolidate=  0.046ms frontier=  0.021ms semisort=  0.065ms (keyed= 0.000ms group_by=  0.019ms per_group= 0.017ms)
[pe] round= 18 work=       32 frontier=       32 next=       16 consolidate=  0.037ms frontier=  0.013ms semisort=  0.040ms (keyed= 0.000ms group_by=  0.013ms per_group= 0.015ms)
[pe] round= 19 work=       16 frontier=       16 next=        8 consolidate=  0.039ms frontier=  0.006ms semisort=  0.017ms (keyed= 0.000ms group_by=  0.008ms per_group= 0.004ms)
[pe] round= 20 work=        8 frontier=        8 next=        4 consolidate=  0.014ms frontier=  0.003ms semisort=  0.012ms (keyed= 0.000ms group_by=  0.007ms per_group= 0.002ms)
[pe] round= 21 work=        4 frontier=        4 next=        2 consolidate=  0.006ms frontier=  0.002ms semisort=  0.009ms (keyed= 0.000ms group_by=  0.006ms per_group= 0.001ms)
[pe] round= 22 work=        2 frontier=        0 next=        0 consolidate=  0.004ms frontier=  0.001ms semisort=  0.000ms (break)
