[synthetic_bench] cube n=140 d=2 classes=10976278 merges=140 ...
[pe] round=  0 work=      280 frontier= 16464000 next=  5488000 consolidate=  5.491ms frontier=  7.337ms semisort=388.907ms (keyed= 0.000ms group_by=206.144ms per_group=56.233ms)
[pe] round=  1 work=  5488000 frontier=  5488000 next=  2097152 consolidate=189.874ms frontier= 45.855ms semisort=163.307ms (keyed= 0.000ms group_by= 50.339ms per_group=25.285ms)
[pe] round=  2 work=  2097152 frontier=  2097152 next=  1293696 consolidate= 83.812ms frontier= 21.323ms semisort= 78.866ms (keyed= 0.000ms group_by= 22.088ms per_group=16.681ms)
[pe] round=  3 work=  1293696 frontier=  1293696 next=  1048576 consolidate= 55.490ms frontier= 15.337ms semisort= 41.979ms (keyed= 0.000ms group_by=  8.376ms per_group=11.224ms)
[pe] round=  4 work=  1048576 frontier=  1048576 next=   524288 consolidate= 44.092ms frontier= 12.608ms semisort= 27.352ms (keyed= 0.000ms group_by=  5.870ms per_group= 5.826ms)
[pe] round=  5 work=   524288 frontier=   524288 next=   262144 consolidate= 22.671ms frontier=  5.935ms semisort= 14.007ms (keyed= 0.000ms group_by=  3.258ms per_group= 3.234ms)
[pe] round=  6 work=   262144 frontier=   262144 next=   131072 consolidate= 11.140ms frontier=  2.509ms semisort=  7.086ms (keyed= 0.000ms group_by=  1.634ms per_group= 1.431ms)
[pe] round=  7 work=   131072 frontier=   131072 next=    65536 consolidate=  5.410ms frontier=  1.177ms semisort=  3.781ms (keyed= 0.000ms group_by=  0.980ms per_group= 0.791ms)
[pe] round=  8 work=    65536 frontier=    65536 next=    32768 consolidate=  2.622ms frontier=  0.617ms semisort=  8.904ms (keyed= 0.000ms group_by=  7.649ms per_group= 0.383ms)
[pe] round=  9 work=    32768 frontier=    32768 next=    16384 consolidate=  1.212ms frontier=  0.332ms semisort=  4.070ms (keyed= 0.000ms group_by=  3.406ms per_group= 0.220ms)
[pe] round= 10 work=    16384 frontier=    16384 next=     8192 consolidate=  1.983ms frontier=  0.228ms semisort=  1.824ms (keyed= 0.000ms group_by=  1.444ms per_group= 0.132ms)
[pe] round= 11 work=     8192 frontier=     8192 next=     4096 consolidate=  1.123ms frontier=  0.341ms semisort=  0.988ms (keyed= 0.000ms group_by=  0.543ms per_group= 0.136ms)
[pe] round= 12 work=     4096 frontier=     4096 next=     2048 consolidate=  0.596ms frontier=  0.209ms semisort=  0.520ms (keyed= 0.000ms group_by=  0.272ms per_group= 0.054ms)
[pe] round= 13 work=     2048 frontier=     2048 next=     1024 consolidate=  0.319ms frontier=  0.101ms semisort=  0.299ms (keyed= 0.000ms group_by=  0.156ms per_group= 0.033ms)
[pe] round= 14 work=     1024 frontier=     1024 next=      512 consolidate=  0.169ms frontier=  0.059ms semisort=  0.170ms (keyed= 0.000ms group_by=  0.082ms per_group= 0.026ms)
[pe] round= 15 work=      512 frontier=      512 next=      256 consolidate=  0.096ms frontier=  0.043ms semisort=  0.120ms (keyed= 0.000ms group_by=  0.049ms per_group= 0.024ms)
[pe] round= 16 work=      256 frontier=      256 next=      128 consolidate=  0.055ms frontier=  0.031ms semisort=  0.093ms (keyed= 0.000ms group_by=  0.033ms per_group= 0.017ms)
[pe] round= 17 work=      128 frontier=      128 next=       64 consolidate=  0.035ms frontier=  0.024ms semisort=  0.056ms (keyed= 0.000ms group_by=  0.022ms per_group= 0.012ms)
[pe] round= 18 work=       64 frontier=       64 next=       32 consolidate=  0.025ms frontier=  0.012ms semisort=  0.041ms (keyed= 0.000ms group_by=  0.018ms per_group= 0.010ms)
[pe] round= 19 work=       32 frontier=       32 next=       16 consolidate=  0.020ms frontier=  0.008ms semisort=  0.023ms (keyed= 0.000ms group_by=  0.011ms per_group= 0.005ms)
[pe] round= 20 work=       16 frontier=       16 next=        8 consolidate=  0.012ms frontier=  0.005ms semisort=  0.016ms (keyed= 0.000ms group_by=  0.008ms per_group= 0.003ms)
[pe] round= 21 work=        8 frontier=        8 next=        4 consolidate=  0.010ms frontier=  0.003ms semisort=  0.012ms (keyed= 0.000ms group_by=  0.006ms per_group= 0.002ms)
[pe] round= 22 work=        4 frontier=        4 next=        2 consolidate=  0.005ms frontier=  0.002ms semisort=  0.009ms (keyed= 0.000ms group_by=  0.006ms per_group= 0.001ms)
[pe] round= 23 work=        2 frontier=        0 next=        0 consolidate=  0.004ms frontier=  0.002ms semisort=  0.000ms (break)
[pe] round=  0 work=      280 frontier= 16464000 next=  5488000 consolidate=  2.502ms frontier=  5.555ms semisort=331.346ms (keyed= 0.000ms group_by=159.275ms per_group=55.184ms)
[pe] round=  1 work=  5488000 frontier=  5488000 next=  2097152 consolidate=198.496ms frontier= 51.350ms semisort=161.878ms (keyed= 0.000ms group_by= 53.150ms per_group=25.090ms)
[pe] round=  2 work=  2097152 frontier=  2097152 next=  1293696 consolidate= 77.566ms frontier= 21.984ms semisort= 81.345ms (keyed= 0.000ms group_by= 26.057ms per_group=17.243ms)
[pe] round=  3 work=  1293696 frontier=  1293696 next=  1048576 consolidate= 54.636ms frontier= 15.207ms semisort= 40.794ms (keyed= 0.000ms group_by=  8.107ms per_group=11.159ms)
[pe] round=  4 work=  1048576 frontier=  1048576 next=   524288 consolidate= 44.887ms frontier= 12.427ms semisort= 26.259ms (keyed= 0.000ms group_by=  5.842ms per_group= 5.698ms)
[pe] round=  5 work=   524288 frontier=   524288 next=   262144 consolidate= 22.457ms frontier=  5.796ms semisort= 13.711ms (keyed= 0.000ms group_by=  3.271ms per_group= 3.084ms)
[pe] round=  6 work=   262144 frontier=   262144 next=   131072 consolidate= 10.855ms frontier=  2.543ms semisort=  7.081ms (keyed= 0.000ms group_by=  1.630ms per_group= 1.473ms)
[pe] round=  7 work=   131072 frontier=   131072 next=    65536 consolidate=  5.453ms frontier=  1.295ms semisort=  3.679ms (keyed= 0.000ms group_by=  0.968ms per_group= 0.816ms)
[pe] round=  8 work=    65536 frontier=    65536 next=    32768 consolidate=  2.580ms frontier=  0.645ms semisort=  7.446ms (keyed= 0.000ms group_by=  6.206ms per_group= 0.400ms)
[pe] round=  9 work=    32768 frontier=    32768 next=    16384 consolidate=  1.275ms frontier=  0.349ms semisort=  4.016ms (keyed= 0.000ms group_by=  3.371ms per_group= 0.219ms)
[pe] round= 10 work=    16384 frontier=    16384 next=     8192 consolidate=  1.701ms frontier=  0.241ms semisort=  1.805ms (keyed= 0.000ms group_by=  1.409ms per_group= 0.141ms)
[pe] round= 11 work=     8192 frontier=     8192 next=     4096 consolidate=  0.980ms frontier=  0.337ms semisort=  0.933ms (keyed= 0.000ms group_by=  0.545ms per_group= 0.084ms)
[pe] round= 12 work=     4096 frontier=     4096 next=     2048 consolidate=  0.523ms frontier=  0.185ms semisort=  0.441ms (keyed= 0.000ms group_by=  0.240ms per_group= 0.048ms)
[pe] round= 13 work=     2048 frontier=     2048 next=     1024 consolidate=  0.281ms frontier=  0.092ms semisort=  0.279ms (keyed= 0.000ms group_by=  0.134ms per_group= 0.039ms)
[pe] round= 14 work=     1024 frontier=     1024 next=      512 consolidate=  0.144ms frontier=  0.060ms semisort=  0.155ms (keyed= 0.000ms group_by=  0.067ms per_group= 0.028ms)
[pe] round= 15 work=      512 frontier=      512 next=      256 consolidate=  0.078ms frontier=  0.043ms semisort=  0.107ms (keyed= 0.000ms group_by=  0.039ms per_group= 0.023ms)
[pe] round= 16 work=      256 frontier=      256 next=      128 consolidate=  0.045ms frontier=  0.029ms semisort=  0.095ms (keyed= 0.000ms group_by=  0.039ms per_group= 0.015ms)
[pe] round= 17 work=      128 frontier=      128 next=       64 consolidate=  0.036ms frontier=  0.023ms semisort=  0.047ms (keyed= 0.000ms group_by=  0.016ms per_group= 0.012ms)
[pe] round= 18 work=       64 frontier=       64 next=       32 consolidate=  0.019ms frontier=  0.011ms semisort=  0.026ms (keyed= 0.000ms group_by=  0.011ms per_group= 0.008ms)
[pe] round= 19 work=       32 frontier=       32 next=       16 consolidate=  0.018ms frontier=  0.011ms semisort=  0.015ms (keyed= 0.000ms group_by=  0.007ms per_group= 0.003ms)
[pe] round= 20 work=       16 frontier=       16 next=        8 consolidate=  0.013ms frontier=  0.004ms semisort=  0.010ms (keyed= 0.000ms group_by=  0.005ms per_group= 0.002ms)
[pe] round= 21 work=        8 frontier=        8 next=        4 consolidate=  0.008ms frontier=  0.003ms semisort=  0.007ms (keyed= 0.000ms group_by=  0.004ms per_group= 0.001ms)
[pe] round= 22 work=        4 frontier=        4 next=        2 consolidate=  0.003ms frontier=  0.001ms semisort=  0.006ms (keyed= 0.000ms group_by=  0.004ms per_group= 0.001ms)
[pe] round= 23 work=        2 frontier=        0 next=        0 consolidate=  0.002ms frontier=  0.001ms semisort=  0.000ms (break)
[pe] round=  0 work=      280 frontier= 16464000 next=  5488000 consolidate=  2.647ms frontier=  5.562ms semisort=318.884ms (keyed= 0.000ms group_by=139.745ms per_group=60.574ms)
[pe] round=  1 work=  5488000 frontier=  5488000 next=  2097152 consolidate=195.883ms frontier= 57.212ms semisort=166.565ms (keyed= 0.000ms group_by= 52.461ms per_group=25.862ms)
[pe] round=  2 work=  2097152 frontier=  2097152 next=  1293696 consolidate= 81.850ms frontier= 24.792ms semisort= 80.127ms (keyed= 0.000ms group_by= 22.965ms per_group=16.888ms)
[pe] round=  3 work=  1293696 frontier=  1293696 next=  1048576 consolidate= 53.173ms frontier= 15.499ms semisort= 43.602ms (keyed= 0.000ms group_by=  9.784ms per_group=11.157ms)
[pe] round=  4 work=  1048576 frontier=  1048576 next=   524288 consolidate= 44.403ms frontier= 12.260ms semisort= 26.067ms (keyed= 0.000ms group_by=  5.943ms per_group= 5.672ms)
[pe] round=  5 work=   524288 frontier=   524288 next=   262144 consolidate= 22.641ms frontier=  6.011ms semisort= 13.863ms (keyed= 0.000ms group_by=  3.309ms per_group= 3.280ms)
[pe] round=  6 work=   262144 frontier=   262144 next=   131072 consolidate= 10.779ms frontier=  3.235ms semisort=  7.089ms (keyed= 0.000ms group_by=  1.649ms per_group= 1.593ms)
[pe] round=  7 work=   131072 frontier=   131072 next=    65536 consolidate=  5.550ms frontier=  1.447ms semisort=  3.706ms (keyed= 0.000ms group_by=  0.950ms per_group= 0.822ms)
[pe] round=  8 work=    65536 frontier=    65536 next=    32768 consolidate=  2.571ms frontier=  0.650ms semisort=  7.660ms (keyed= 0.000ms group_by=  6.331ms per_group= 0.454ms)
[pe] round=  9 work=    32768 frontier=    32768 next=    16384 consolidate=  1.307ms frontier=  0.375ms semisort=  3.672ms (keyed= 0.000ms group_by=  3.004ms per_group= 0.228ms)
[pe] round= 10 work=    16384 frontier=    16384 next=     8192 consolidate=  1.741ms frontier=  0.308ms semisort=  1.899ms (keyed= 0.000ms group_by=  1.402ms per_group= 0.153ms)
[pe] round= 11 work=     8192 frontier=     8192 next=     4096 consolidate=  1.704ms frontier=  0.404ms semisort=  0.923ms (keyed= 0.000ms group_by=  0.537ms per_group= 0.077ms)
[pe] round= 12 work=     4096 frontier=     4096 next=     2048 consolidate=  0.681ms frontier=  0.186ms semisort=  0.524ms (keyed= 0.000ms group_by=  0.244ms per_group= 0.123ms)
[pe] round= 13 work=     2048 frontier=     2048 next=     1024 consolidate=  0.368ms frontier=  0.095ms semisort=  0.296ms (keyed= 0.000ms group_by=  0.152ms per_group= 0.041ms)
[pe] round= 14 work=     1024 frontier=     1024 next=      512 consolidate=  0.213ms frontier=  0.067ms semisort=  0.173ms (keyed= 0.000ms group_by=  0.075ms per_group= 0.029ms)
[pe] round= 15 work=      512 frontier=      512 next=      256 consolidate=  0.125ms frontier=  0.048ms semisort=  0.115ms (keyed= 0.000ms group_by=  0.051ms per_group= 0.022ms)
[pe] round= 16 work=      256 frontier=      256 next=      128 consolidate=  0.059ms frontier=  0.035ms semisort=  0.070ms (keyed= 0.000ms group_by=  0.028ms per_group= 0.016ms)
[pe] round= 17 work=      128 frontier=      128 next=       64 consolidate=  0.042ms frontier=  0.023ms semisort=  0.053ms (keyed= 0.000ms group_by=  0.017ms per_group= 0.012ms)
[pe] round= 18 work=       64 frontier=       64 next=       32 consolidate=  0.032ms frontier=  0.015ms semisort=  0.035ms (keyed= 0.001ms group_by=  0.011ms per_group= 0.011ms)
[pe] round= 19 work=       32 frontier=       32 next=       16 consolidate=  0.023ms frontier=  0.006ms semisort=  0.016ms (keyed= 0.000ms group_by=  0.007ms per_group= 0.004ms)
[pe] round= 20 work=       16 frontier=       16 next=        8 consolidate=  0.012ms frontier=  0.005ms semisort=  0.010ms (keyed= 0.000ms group_by=  0.005ms per_group= 0.002ms)
[pe] round= 21 work=        8 frontier=        8 next=        4 consolidate=  0.006ms frontier=  0.002ms semisort=  0.007ms (keyed= 0.000ms group_by=  0.004ms per_group= 0.001ms)
[pe] round= 22 work=        4 frontier=        4 next=        2 consolidate=  0.004ms frontier=  0.001ms semisort=  0.006ms (keyed= 0.000ms group_by=  0.003ms per_group= 0.001ms)
[pe] round= 23 work=        2 frontier=        0 next=        0 consolidate=  0.002ms frontier=  0.001ms semisort=  0.000ms (break)
[pe] round=  0 work=      280 frontier= 16464000 next=  5488000 consolidate=  6.118ms frontier=  9.987ms semisort=330.812ms (keyed= 0.000ms group_by=138.521ms per_group=55.768ms)
[pe] round=  1 work=  5488000 frontier=  5488000 next=  2097152 consolidate=217.843ms frontier= 56.281ms semisort=182.061ms (keyed= 0.000ms group_by= 61.050ms per_group=25.182ms)
[pe] round=  2 work=  2097152 frontier=  2097152 next=  1293696 consolidate= 82.318ms frontier= 25.234ms semisort= 75.665ms (keyed= 0.000ms group_by= 22.784ms per_group=16.412ms)
[pe] round=  3 work=  1293696 frontier=  1293696 next=  1048576 consolidate= 56.038ms frontier= 15.047ms semisort= 39.213ms (keyed= 0.000ms group_by=  7.916ms per_group=10.716ms)
[pe] round=  4 work=  1048576 frontier=  1048576 next=   524288 consolidate= 50.056ms frontier= 12.092ms semisort= 26.139ms (keyed= 0.000ms group_by=  6.029ms per_group= 5.579ms)
[pe] round=  5 work=   524288 frontier=   524288 next=   262144 consolidate= 22.184ms frontier=  5.800ms semisort= 13.988ms (keyed= 0.000ms group_by=  3.271ms per_group= 3.617ms)
[pe] round=  6 work=   262144 frontier=   262144 next=   131072 consolidate= 10.770ms frontier=  2.732ms semisort=  7.294ms (keyed= 0.000ms group_by=  1.625ms per_group= 1.496ms)
[pe] round=  7 work=   131072 frontier=   131072 next=    65536 consolidate=  5.363ms frontier=  1.290ms semisort=  3.705ms (keyed= 0.000ms group_by=  0.937ms per_group= 0.788ms)
[pe] round=  8 work=    65536 frontier=    65536 next=    32768 consolidate=  2.694ms frontier=  0.681ms semisort=  8.510ms (keyed= 0.000ms group_by=  7.190ms per_group= 0.461ms)
[pe] round=  9 work=    32768 frontier=    32768 next=    16384 consolidate=  1.303ms frontier=  0.378ms semisort=  3.972ms (keyed= 0.000ms group_by=  3.316ms per_group= 0.234ms)
[pe] round= 10 work=    16384 frontier=    16384 next=     8192 consolidate=  1.912ms frontier=  0.266ms semisort=  2.035ms (keyed= 0.000ms group_by=  1.593ms per_group= 0.167ms)
[pe] round= 11 work=     8192 frontier=     8192 next=     4096 consolidate=  1.011ms frontier=  0.351ms semisort=  1.055ms (keyed= 0.000ms group_by=  0.565ms per_group= 0.176ms)
[pe] round= 12 work=     4096 frontier=     4096 next=     2048 consolidate=  0.558ms frontier=  0.181ms semisort=  0.466ms (keyed= 0.000ms group_by=  0.253ms per_group= 0.051ms)
[pe] round= 13 work=     2048 frontier=     2048 next=     1024 consolidate=  0.278ms frontier=  0.095ms semisort=  0.291ms (keyed= 0.000ms group_by=  0.133ms per_group= 0.047ms)
[pe] round= 14 work=     1024 frontier=     1024 next=      512 consolidate=  0.146ms frontier=  0.064ms semisort=  0.190ms (keyed= 0.000ms group_by=  0.093ms per_group= 0.032ms)
[pe] round= 15 work=      512 frontier=      512 next=      256 consolidate=  0.094ms frontier=  0.050ms semisort=  0.121ms (keyed= 0.000ms group_by=  0.041ms per_group= 0.034ms)
[pe] round= 16 work=      256 frontier=      256 next=      128 consolidate=  0.046ms frontier=  0.032ms semisort=  0.079ms (keyed= 0.000ms group_by=  0.031ms per_group= 0.018ms)
[pe] round= 17 work=      128 frontier=      128 next=       64 consolidate=  0.039ms frontier=  0.023ms semisort=  0.087ms (keyed= 0.000ms group_by=  0.016ms per_group= 0.029ms)
[pe] round= 18 work=       64 frontier=       64 next=       32 consolidate=  0.023ms frontier=  0.012ms semisort=  0.039ms (keyed= 0.000ms group_by=  0.012ms per_group= 0.011ms)
[pe] round= 19 work=       32 frontier=       32 next=       16 consolidate=  0.016ms frontier=  0.006ms semisort=  0.016ms (keyed= 0.000ms group_by=  0.007ms per_group= 0.004ms)
[pe] round= 20 work=       16 frontier=       16 next=        8 consolidate=  0.013ms frontier=  0.004ms semisort=  0.010ms (keyed= 0.000ms group_by=  0.005ms per_group= 0.002ms)
[pe] round= 21 work=        8 frontier=        8 next=        4 consolidate=  0.007ms frontier=  0.002ms semisort=  0.007ms (keyed= 0.000ms group_by=  0.004ms per_group= 0.001ms)
[pe] round= 22 work=        4 frontier=        4 next=        2 consolidate=  0.004ms frontier=  0.001ms semisort=  0.005ms (keyed= 0.000ms group_by=  0.004ms per_group= 0.001ms)
[pe] round= 23 work=        2 frontier=        0 next=        0 consolidate=  0.002ms frontier=  0.001ms semisort=  0.000ms (break)
[pe] round=  0 work=      280 frontier= 16464000 next=  5488000 consolidate=  2.901ms frontier=  5.680ms semisort=292.092ms (keyed= 0.000ms group_by=124.164ms per_group=56.005ms)
[pe] round=  1 work=  5488000 frontier=  5488000 next=  2097152 consolidate=195.179ms frontier= 55.787ms semisort=156.959ms (keyed= 0.000ms group_by= 51.504ms per_group=24.493ms)
[pe] round=  2 work=  2097152 frontier=  2097152 next=  1293696 consolidate= 80.941ms frontier= 23.631ms semisort= 70.740ms (keyed= 0.000ms group_by= 21.197ms per_group=15.581ms)
[pe] round=  3 work=  1293696 frontier=  1293696 next=  1048576 consolidate= 51.917ms frontier= 14.281ms semisort= 38.861ms (keyed= 0.000ms group_by=  7.656ms per_group=10.792ms)
[pe] round=  4 work=  1048576 frontier=  1048576 next=   524288 consolidate= 44.106ms frontier= 11.662ms semisort= 26.343ms (keyed= 0.000ms group_by=  6.193ms per_group= 5.509ms)
[pe] round=  5 work=   524288 frontier=   524288 next=   262144 consolidate= 22.048ms frontier=  5.784ms semisort= 13.651ms (keyed= 0.000ms group_by=  3.528ms per_group= 3.099ms)
[pe] round=  6 work=   262144 frontier=   262144 next=   131072 consolidate= 10.903ms frontier=  2.758ms semisort=  6.781ms (keyed= 0.000ms group_by=  1.589ms per_group= 1.557ms)
[pe] round=  7 work=   131072 frontier=   131072 next=    65536 consolidate=  5.485ms frontier=  1.503ms semisort=  3.571ms (keyed= 0.000ms group_by=  0.909ms per_group= 0.831ms)
[pe] round=  8 work=    65536 frontier=    65536 next=    32768 consolidate=  2.716ms frontier=  0.711ms semisort=  7.693ms (keyed= 0.000ms group_by=  6.363ms per_group= 0.442ms)
[pe] round=  9 work=    32768 frontier=    32768 next=    16384 consolidate=  1.379ms frontier=  0.404ms semisort=  3.733ms (keyed= 0.000ms group_by=  3.012ms per_group= 0.267ms)
[pe] round= 10 work=    16384 frontier=    16384 next=     8192 consolidate=  1.787ms frontier=  0.316ms semisort=  1.938ms (keyed= 0.000ms group_by=  1.472ms per_group= 0.171ms)
[pe] round= 11 work=     8192 frontier=     8192 next=     4096 consolidate=  1.003ms frontier=  0.341ms semisort=  0.983ms (keyed= 0.000ms group_by=  0.578ms per_group= 0.092ms)
[pe] round= 12 work=     4096 frontier=     4096 next=     2048 consolidate=  0.564ms frontier=  0.203ms semisort=  0.548ms (keyed= 0.000ms group_by=  0.301ms per_group= 0.063ms)
[pe] round= 13 work=     2048 frontier=     2048 next=     1024 consolidate=  0.292ms frontier=  0.097ms semisort=  0.305ms (keyed= 0.000ms group_by=  0.151ms per_group= 0.039ms)
[pe] round= 14 work=     1024 frontier=     1024 next=      512 consolidate=  0.155ms frontier=  0.064ms semisort=  0.173ms (keyed= 0.000ms group_by=  0.074ms per_group= 0.032ms)
[pe] round= 15 work=      512 frontier=      512 next=      256 consolidate=  0.094ms frontier=  0.051ms semisort=  0.107ms (keyed= 0.000ms group_by=  0.041ms per_group= 0.022ms)
[pe] round= 16 work=      256 frontier=      256 next=      128 consolidate=  0.056ms frontier=  0.036ms semisort=  0.075ms (keyed= 0.000ms group_by=  0.030ms per_group= 0.016ms)
[pe] round= 17 work=      128 frontier=      128 next=       64 consolidate=  0.041ms frontier=  0.030ms semisort=  0.068ms (keyed= 0.000ms group_by=  0.018ms per_group= 0.028ms)
[pe] round= 18 work=       64 frontier=       64 next=       32 consolidate=  0.031ms frontier=  0.011ms semisort=  0.032ms (keyed= 0.001ms group_by=  0.011ms per_group= 0.009ms)
[pe] round= 19 work=       32 frontier=       32 next=       16 consolidate=  0.043ms frontier=  0.006ms semisort=  0.017ms (keyed= 0.000ms group_by=  0.007ms per_group= 0.004ms)
[pe] round= 20 work=       16 frontier=       16 next=        8 consolidate=  0.011ms frontier=  0.004ms semisort=  0.010ms (keyed= 0.000ms group_by=  0.005ms per_group= 0.002ms)
[pe] round= 21 work=        8 frontier=        8 next=        4 consolidate=  0.009ms frontier=  0.003ms semisort=  0.007ms (keyed= 0.000ms group_by=  0.004ms per_group= 0.001ms)
[pe] round= 22 work=        4 frontier=        4 next=        2 consolidate=  0.004ms frontier=  0.001ms semisort=  0.005ms (keyed= 0.000ms group_by=  0.003ms per_group= 0.001ms)
[pe] round= 23 work=        2 frontier=        0 next=        0 consolidate=  0.002ms frontier=  0.001ms semisort=  0.000ms (break)
[pe] round=  0 work=      280 frontier= 16464000 next=  5488000 consolidate=  3.077ms frontier=  5.427ms semisort=263.761ms (keyed= 0.000ms group_by=105.536ms per_group=51.255ms)
[pe] round=  1 work=  5488000 frontier=  5488000 next=  2097152 consolidate=188.768ms frontier= 52.481ms semisort=148.274ms (keyed= 0.000ms group_by= 49.736ms per_group=23.201ms)
[pe] round=  2 work=  2097152 frontier=  2097152 next=  1293696 consolidate= 78.713ms frontier= 25.055ms semisort= 72.421ms (keyed= 0.000ms group_by= 20.470ms per_group=15.488ms)
[pe] round=  3 work=  1293696 frontier=  1293696 next=  1048576 consolidate= 52.764ms frontier= 16.426ms semisort= 39.510ms (keyed= 0.000ms group_by=  7.445ms per_group=10.394ms)
[pe] round=  4 work=  1048576 frontier=  1048576 next=   524288 consolidate= 42.445ms frontier= 11.372ms semisort= 24.819ms (keyed= 0.000ms group_by=  5.939ms per_group= 5.477ms)
[pe] round=  5 work=   524288 frontier=   524288 next=   262144 consolidate= 22.286ms frontier=  6.541ms semisort= 13.717ms (keyed= 0.000ms group_by=  3.567ms per_group= 3.094ms)
[pe] round=  6 work=   262144 frontier=   262144 next=   131072 consolidate= 11.229ms frontier=  2.561ms semisort=  7.266ms (keyed= 0.000ms group_by=  1.662ms per_group= 1.533ms)
[pe] round=  7 work=   131072 frontier=   131072 next=    65536 consolidate=  5.147ms frontier=  1.333ms semisort=  3.587ms (keyed= 0.000ms group_by=  0.925ms per_group= 0.841ms)
[pe] round=  8 work=    65536 frontier=    65536 next=    32768 consolidate=  2.557ms frontier=  0.745ms semisort=  7.582ms (keyed= 0.000ms group_by=  6.317ms per_group= 0.419ms)
[pe] round=  9 work=    32768 frontier=    32768 next=    16384 consolidate=  1.268ms frontier=  0.412ms semisort=  3.703ms (keyed= 0.000ms group_by=  2.973ms per_group= 0.256ms)
[pe] round= 10 work=    16384 frontier=    16384 next=     8192 consolidate=  1.794ms frontier=  0.302ms semisort=  1.912ms (keyed= 0.000ms group_by=  1.462ms per_group= 0.154ms)
[pe] round= 11 work=     8192 frontier=     8192 next=     4096 consolidate=  1.071ms frontier=  0.367ms semisort=  0.934ms (keyed= 0.000ms group_by=  0.531ms per_group= 0.087ms)
[pe] round= 12 work=     4096 frontier=     4096 next=     2048 consolidate=  0.518ms frontier=  0.208ms semisort=  0.493ms (keyed= 0.000ms group_by=  0.265ms per_group= 0.058ms)
[pe] round= 13 work=     2048 frontier=     2048 next=     1024 consolidate=  0.300ms frontier=  0.104ms semisort=  0.323ms (keyed= 0.000ms group_by=  0.166ms per_group= 0.047ms)
[pe] round= 14 work=     1024 frontier=     1024 next=      512 consolidate=  0.153ms frontier=  0.068ms semisort=  0.180ms (keyed= 0.000ms group_by=  0.080ms per_group= 0.031ms)
[pe] round= 15 work=      512 frontier=      512 next=      256 consolidate=  0.108ms frontier=  0.049ms semisort=  0.122ms (keyed= 0.000ms group_by=  0.044ms per_group= 0.029ms)
[pe] round= 16 work=      256 frontier=      256 next=      128 consolidate=  0.063ms frontier=  0.063ms semisort=  0.083ms (keyed= 0.000ms group_by=  0.035ms per_group= 0.018ms)
[pe] round= 17 work=      128 frontier=      128 next=       64 consolidate=  0.042ms frontier=  0.031ms semisort=  0.069ms (keyed= 0.000ms group_by=  0.031ms per_group= 0.017ms)
[pe] round= 18 work=       64 frontier=       64 next=       32 consolidate=  0.023ms frontier=  0.013ms semisort=  0.040ms (keyed= 0.000ms group_by=  0.012ms per_group= 0.009ms)
[pe] round= 19 work=       32 frontier=       32 next=       16 consolidate=  0.021ms frontier=  0.007ms semisort=  0.017ms (keyed= 0.000ms group_by=  0.007ms per_group= 0.004ms)
[pe] round= 20 work=       16 frontier=       16 next=        8 consolidate=  0.017ms frontier=  0.005ms semisort=  0.012ms (keyed= 0.000ms group_by=  0.006ms per_group= 0.002ms)
[pe] round= 21 work=        8 frontier=        8 next=        4 consolidate=  0.010ms frontier=  0.003ms semisort=  0.008ms (keyed= 0.000ms group_by=  0.004ms per_group= 0.001ms)
[pe] round= 22 work=        4 frontier=        4 next=        2 consolidate=  0.004ms frontier=  0.001ms semisort=  0.006ms (keyed= 0.000ms group_by=  0.004ms per_group= 0.001ms)
[pe] round= 23 work=        2 frontier=        0 next=        0 consolidate=  0.003ms frontier=  0.001ms semisort=  0.000ms (break)
