[synthetic_bench] cube n=120 d=2 classes=6912238 merges=120 ...
[pe] round=  0 work=      240 frontier= 10368000 next=  3456000 consolidate=  3.666ms frontier=  4.212ms semisort=215.290ms (keyed= 0.000ms group_by= 83.931ms per_group=46.529ms)
[pe] round=  1 work=  3456000 frontier=  3456000 next=  1358848 consolidate= 96.730ms frontier= 22.958ms semisort= 91.567ms (keyed= 0.000ms group_by= 27.092ms per_group=17.132ms)
[pe] round=  2 work=  1358848 frontier=  1358848 next=  1048576 consolidate= 49.536ms frontier= 16.591ms semisort= 42.722ms (keyed= 0.000ms group_by=  9.479ms per_group= 9.625ms)
[pe] round=  3 work=  1048576 frontier=  1048576 next=   524288 consolidate= 41.149ms frontier= 11.184ms semisort= 25.872ms (keyed= 0.000ms group_by=  6.370ms per_group= 5.423ms)
[pe] round=  4 work=   524288 frontier=   524288 next=   262144 consolidate= 23.370ms frontier=  5.272ms semisort= 13.648ms (keyed= 0.000ms group_by=  3.441ms per_group= 3.054ms)
[pe] round=  5 work=   262144 frontier=   262144 next=   131072 consolidate= 11.852ms frontier=  2.547ms semisort=  7.289ms (keyed= 0.000ms group_by=  1.725ms per_group= 1.586ms)
[pe] round=  6 work=   131072 frontier=   131072 next=    65536 consolidate=  5.204ms frontier=  1.422ms semisort=  3.857ms (keyed= 0.000ms group_by=  0.921ms per_group= 0.869ms)
[pe] round=  7 work=    65536 frontier=    65536 next=    32768 consolidate=  2.631ms frontier=  0.749ms semisort=  8.449ms (keyed= 0.000ms group_by=  7.039ms per_group= 0.431ms)
[pe] round=  8 work=    32768 frontier=    32768 next=    16384 consolidate=  1.326ms frontier=  0.434ms semisort=  4.150ms (keyed= 0.000ms group_by=  3.378ms per_group= 0.267ms)
[pe] round=  9 work=    16384 frontier=    16384 next=     8192 consolidate=  1.724ms frontier=  0.308ms semisort=  2.284ms (keyed= 0.000ms group_by=  1.802ms per_group= 0.165ms)
[pe] round= 10 work=     8192 frontier=     8192 next=     4096 consolidate=  1.043ms frontier=  0.358ms semisort=  1.041ms (keyed= 0.000ms group_by=  0.591ms per_group= 0.100ms)
[pe] round= 11 work=     4096 frontier=     4096 next=     2048 consolidate=  0.648ms frontier=  0.194ms semisort=  0.575ms (keyed= 0.000ms group_by=  0.296ms per_group= 0.092ms)
[pe] round= 12 work=     2048 frontier=     2048 next=     1024 consolidate=  0.335ms frontier=  0.119ms semisort=  0.338ms (keyed= 0.000ms group_by=  0.173ms per_group= 0.049ms)
[pe] round= 13 work=     1024 frontier=     1024 next=      512 consolidate=  0.218ms frontier=  0.072ms semisort=  0.211ms (keyed= 0.000ms group_by=  0.083ms per_group= 0.056ms)
[pe] round= 14 work=      512 frontier=      512 next=      256 consolidate=  0.119ms frontier=  0.047ms semisort=  0.130ms (keyed= 0.000ms group_by=  0.051ms per_group= 0.028ms)
[pe] round= 15 work=      256 frontier=      256 next=      128 consolidate=  0.063ms frontier=  0.033ms semisort=  0.086ms (keyed= 0.000ms group_by=  0.032ms per_group= 0.018ms)
[pe] round= 16 work=      128 frontier=      128 next=       64 consolidate=  0.046ms frontier=  0.026ms semisort=  0.057ms (keyed= 0.000ms group_by=  0.019ms per_group= 0.015ms)
[pe] round= 17 work=       64 frontier=       64 next=       32 consolidate=  0.028ms frontier=  0.013ms semisort=  0.034ms (keyed= 0.000ms group_by=  0.012ms per_group= 0.008ms)
[pe] round= 18 work=       32 frontier=       32 next=       16 consolidate=  0.018ms frontier=  0.006ms semisort=  0.017ms (keyed= 0.000ms group_by=  0.007ms per_group= 0.003ms)
[pe] round= 19 work=       16 frontier=       16 next=        8 consolidate=  0.013ms frontier=  0.004ms semisort=  0.011ms (keyed= 0.000ms group_by=  0.005ms per_group= 0.002ms)
[pe] round= 20 work=        8 frontier=        8 next=        4 consolidate=  0.006ms frontier=  0.002ms semisort=  0.008ms (keyed= 0.000ms group_by=  0.004ms per_group= 0.001ms)
[pe] round= 21 work=        4 frontier=        4 next=        2 consolidate=  0.003ms frontier=  0.001ms semisort=  0.006ms (keyed= 0.000ms group_by=  0.004ms per_group= 0.001ms)
[pe] round= 22 work=        2 frontier=        0 next=        0 consolidate=  0.002ms frontier=  0.001ms semisort=  0.000ms (break)
[pe] round=  0 work=      240 frontier= 10368000 next=  3456000 consolidate=  3.646ms frontier= 11.887ms semisort=204.960ms (keyed= 0.000ms group_by= 88.934ms per_group=37.549ms)
[pe] round=  1 work=  3456000 frontier=  3456000 next=  1358848 consolidate=125.386ms frontier= 30.040ms semisort=105.365ms (keyed= 0.000ms group_by= 31.048ms per_group=15.497ms)
[pe] round=  2 work=  1358848 frontier=  1358848 next=  1048576 consolidate= 54.094ms frontier= 14.661ms semisort= 53.952ms (keyed= 0.000ms group_by=  8.229ms per_group= 9.774ms)
[pe] round=  3 work=  1048576 frontier=  1048576 next=   524288 consolidate= 44.454ms frontier= 12.143ms semisort= 29.331ms (keyed= 0.000ms group_by=  9.883ms per_group= 5.651ms)
[pe] round=  4 work=   524288 frontier=   524288 next=   262144 consolidate= 29.693ms frontier=  5.464ms semisort= 15.506ms (keyed= 0.000ms group_by=  3.463ms per_group= 4.128ms)
[pe] round=  5 work=   262144 frontier=   262144 next=   131072 consolidate= 11.070ms frontier=  2.481ms semisort=  6.650ms (keyed= 0.000ms group_by=  1.558ms per_group= 1.572ms)
[pe] round=  6 work=   131072 frontier=   131072 next=    65536 consolidate=  5.321ms frontier=  1.593ms semisort=  3.853ms (keyed= 0.000ms group_by=  0.914ms per_group= 0.855ms)
[pe] round=  7 work=    65536 frontier=    65536 next=    32768 consolidate=  2.599ms frontier=  0.741ms semisort=  7.992ms (keyed= 0.000ms group_by=  6.682ms per_group= 0.429ms)
[pe] round=  8 work=    32768 frontier=    32768 next=    16384 consolidate=  1.346ms frontier=  0.408ms semisort=  3.749ms (keyed= 0.000ms group_by=  3.010ms per_group= 0.244ms)
[pe] round=  9 work=    16384 frontier=    16384 next=     8192 consolidate=  1.724ms frontier=  0.264ms semisort=  2.118ms (keyed= 0.000ms group_by=  1.654ms per_group= 0.152ms)
[pe] round= 10 work=     8192 frontier=     8192 next=     4096 consolidate=  1.043ms frontier=  0.343ms semisort=  0.990ms (keyed= 0.000ms group_by=  0.573ms per_group= 0.093ms)
[pe] round= 11 work=     4096 frontier=     4096 next=     2048 consolidate=  0.549ms frontier=  0.173ms semisort=  0.508ms (keyed= 0.000ms group_by=  0.277ms per_group= 0.057ms)
[pe] round= 12 work=     2048 frontier=     2048 next=     1024 consolidate=  0.331ms frontier=  0.113ms semisort=  0.322ms (keyed= 0.000ms group_by=  0.182ms per_group= 0.040ms)
[pe] round= 13 work=     1024 frontier=     1024 next=      512 consolidate=  0.174ms frontier=  0.063ms semisort=  0.216ms (keyed= 0.000ms group_by=  0.102ms per_group= 0.032ms)
[pe] round= 14 work=      512 frontier=      512 next=      256 consolidate=  0.098ms frontier=  0.056ms semisort=  0.136ms (keyed= 0.000ms group_by=  0.055ms per_group= 0.028ms)
[pe] round= 15 work=      256 frontier=      256 next=      128 consolidate=  0.054ms frontier=  0.036ms semisort=  0.086ms (keyed= 0.000ms group_by=  0.033ms per_group= 0.017ms)
[pe] round= 16 work=      128 frontier=      128 next=       64 consolidate=  0.043ms frontier=  0.026ms semisort=  0.064ms (keyed= 0.000ms group_by=  0.020ms per_group= 0.019ms)
[pe] round= 17 work=       64 frontier=       64 next=       32 consolidate=  0.032ms frontier=  0.015ms semisort=  0.037ms (keyed= 0.000ms group_by=  0.013ms per_group= 0.009ms)
[pe] round= 18 work=       32 frontier=       32 next=       16 consolidate=  0.019ms frontier=  0.010ms semisort=  0.019ms (keyed= 0.000ms group_by=  0.008ms per_group= 0.004ms)
[pe] round= 19 work=       16 frontier=       16 next=        8 consolidate=  0.013ms frontier=  0.005ms semisort=  0.012ms (keyed= 0.000ms group_by=  0.006ms per_group= 0.002ms)
[pe] round= 20 work=        8 frontier=        8 next=        4 consolidate=  0.009ms frontier=  0.003ms semisort=  0.008ms (keyed= 0.000ms group_by=  0.005ms per_group= 0.001ms)
[pe] round= 21 work=        4 frontier=        4 next=        2 consolidate=  0.004ms frontier=  0.001ms semisort=  0.006ms (keyed= 0.000ms group_by=  0.004ms per_group= 0.001ms)
[pe] round= 22 work=        2 frontier=        0 next=        0 consolidate=  0.003ms frontier=  0.001ms semisort=  0.000ms (break)
[pe] round=  0 work=      240 frontier= 10368000 next=  3456000 consolidate=  5.597ms frontier=  7.099ms semisort=190.014ms (keyed= 0.000ms group_by= 76.501ms per_group=41.820ms)
[pe] round=  1 work=  3456000 frontier=  3456000 next=  1358848 consolidate=122.468ms frontier= 33.630ms semisort= 97.015ms (keyed= 0.000ms group_by= 31.379ms per_group=16.675ms)
[pe] round=  2 work=  1358848 frontier=  1358848 next=  1048576 consolidate= 54.726ms frontier= 18.406ms semisort= 42.539ms (keyed= 0.000ms group_by=  8.720ms per_group=10.812ms)
[pe] round=  3 work=  1048576 frontier=  1048576 next=   524288 consolidate= 43.931ms frontier= 11.044ms semisort= 23.208ms (keyed= 0.000ms group_by=  5.559ms per_group= 4.975ms)
[pe] round=  4 work=   524288 frontier=   524288 next=   262144 consolidate= 22.878ms frontier=  5.202ms semisort= 12.769ms (keyed= 0.000ms group_by=  3.352ms per_group= 2.745ms)
[pe] round=  5 work=   262144 frontier=   262144 next=   131072 consolidate= 11.075ms frontier=  2.831ms semisort=  6.619ms (keyed= 0.000ms group_by=  1.542ms per_group= 1.562ms)
[pe] round=  6 work=   131072 frontier=   131072 next=    65536 consolidate=  5.236ms frontier=  1.373ms semisort=  3.565ms (keyed= 0.000ms group_by=  0.878ms per_group= 0.835ms)
[pe] round=  7 work=    65536 frontier=    65536 next=    32768 consolidate=  2.529ms frontier=  0.750ms semisort=  7.987ms (keyed= 0.000ms group_by=  6.675ms per_group= 0.435ms)
[pe] round=  8 work=    32768 frontier=    32768 next=    16384 consolidate=  1.276ms frontier=  0.410ms semisort=  3.984ms (keyed= 0.000ms group_by=  3.248ms per_group= 0.245ms)
[pe] round=  9 work=    16384 frontier=    16384 next=     8192 consolidate=  1.691ms frontier=  0.287ms semisort=  2.100ms (keyed= 0.000ms group_by=  1.630ms per_group= 0.163ms)
[pe] round= 10 work=     8192 frontier=     8192 next=     4096 consolidate=  1.077ms frontier=  0.322ms semisort=  1.026ms (keyed= 0.000ms group_by=  0.598ms per_group= 0.100ms)
[pe] round= 11 work=     4096 frontier=     4096 next=     2048 consolidate=  0.582ms frontier=  0.171ms semisort=  0.539ms (keyed= 0.000ms group_by=  0.283ms per_group= 0.073ms)
[pe] round= 12 work=     2048 frontier=     2048 next=     1024 consolidate=  0.330ms frontier=  0.103ms semisort=  0.344ms (keyed= 0.000ms group_by=  0.172ms per_group= 0.050ms)
[pe] round= 13 work=     1024 frontier=     1024 next=      512 consolidate=  0.182ms frontier=  0.057ms semisort=  0.222ms (keyed= 0.000ms group_by=  0.118ms per_group= 0.031ms)
[pe] round= 14 work=      512 frontier=      512 next=      256 consolidate=  0.112ms frontier=  0.048ms semisort=  0.118ms (keyed= 0.000ms group_by=  0.042ms per_group= 0.028ms)
[pe] round= 15 work=      256 frontier=      256 next=      128 consolidate=  0.055ms frontier=  0.035ms semisort=  0.078ms (keyed= 0.000ms group_by=  0.029ms per_group= 0.017ms)
[pe] round= 16 work=      128 frontier=      128 next=       64 consolidate=  0.045ms frontier=  0.023ms semisort=  0.054ms (keyed= 0.000ms group_by=  0.017ms per_group= 0.014ms)
[pe] round= 17 work=       64 frontier=       64 next=       32 consolidate=  0.027ms frontier=  0.013ms semisort=  0.049ms (keyed= 0.000ms group_by=  0.029ms per_group= 0.009ms)
[pe] round= 18 work=       32 frontier=       32 next=       16 consolidate=  0.018ms frontier=  0.007ms semisort=  0.018ms (keyed= 0.000ms group_by=  0.008ms per_group= 0.005ms)
[pe] round= 19 work=       16 frontier=       16 next=        8 consolidate=  0.016ms frontier=  0.005ms semisort=  0.011ms (keyed= 0.000ms group_by=  0.005ms per_group= 0.002ms)
[pe] round= 20 work=        8 frontier=        8 next=        4 consolidate=  0.011ms frontier=  0.003ms semisort=  0.008ms (keyed= 0.000ms group_by=  0.004ms per_group= 0.001ms)
[pe] round= 21 work=        4 frontier=        4 next=        2 consolidate=  0.004ms frontier=  0.001ms semisort=  0.006ms (keyed= 0.000ms group_by=  0.004ms per_group= 0.001ms)
[pe] round= 22 work=        2 frontier=        0 next=        0 consolidate=  0.003ms frontier=  0.001ms semisort=  0.000ms (break)
[pe] round=  0 work=      240 frontier= 10368000 next=  3456000 consolidate=  1.554ms frontier=  2.526ms semisort=166.848ms (keyed= 0.000ms group_by= 61.101ms per_group=35.387ms)
[pe] round=  1 work=  3456000 frontier=  3456000 next=  1358848 consolidate=128.640ms frontier= 32.542ms semisort=109.057ms (keyed= 0.000ms group_by= 43.142ms per_group=15.235ms)
[pe] round=  2 work=  1358848 frontier=  1358848 next=  1048576 consolidate= 61.579ms frontier= 21.294ms semisort= 46.087ms (keyed= 0.000ms group_by= 12.984ms per_group=10.739ms)
[pe] round=  3 work=  1048576 frontier=  1048576 next=   524288 consolidate= 43.866ms frontier= 11.191ms semisort= 27.803ms (keyed= 0.000ms group_by=  9.857ms per_group= 5.085ms)
[pe] round=  4 work=   524288 frontier=   524288 next=   262144 consolidate= 22.640ms frontier=  5.344ms semisort= 13.471ms (keyed= 0.000ms group_by=  3.456ms per_group= 3.312ms)
[pe] round=  5 work=   262144 frontier=   262144 next=   131072 consolidate= 11.025ms frontier=  2.605ms semisort=  6.715ms (keyed= 0.000ms group_by=  1.589ms per_group= 1.565ms)
[pe] round=  6 work=   131072 frontier=   131072 next=    65536 consolidate=  5.216ms frontier=  1.393ms semisort=  3.509ms (keyed= 0.000ms group_by=  0.885ms per_group= 0.838ms)
[pe] round=  7 work=    65536 frontier=    65536 next=    32768 consolidate=  2.534ms frontier=  0.802ms semisort=  8.757ms (keyed= 0.000ms group_by=  7.416ms per_group= 0.434ms)
[pe] round=  8 work=    32768 frontier=    32768 next=    16384 consolidate=  1.370ms frontier=  0.419ms semisort=  4.174ms (keyed= 0.000ms group_by=  3.411ms per_group= 0.265ms)
[pe] round=  9 work=    16384 frontier=    16384 next=     8192 consolidate=  1.891ms frontier=  0.303ms semisort=  2.192ms (keyed= 0.000ms group_by=  1.710ms per_group= 0.167ms)
[pe] round= 10 work=     8192 frontier=     8192 next=     4096 consolidate=  1.164ms frontier=  0.446ms semisort=  1.019ms (keyed= 0.000ms group_by=  0.576ms per_group= 0.095ms)
[pe] round= 11 work=     4096 frontier=     4096 next=     2048 consolidate=  0.652ms frontier=  0.222ms semisort=  0.631ms (keyed= 0.000ms group_by=  0.298ms per_group= 0.151ms)
[pe] round= 12 work=     2048 frontier=     2048 next=     1024 consolidate=  0.329ms frontier=  0.107ms semisort=  0.328ms (keyed= 0.000ms group_by=  0.171ms per_group= 0.043ms)
[pe] round= 13 work=     1024 frontier=     1024 next=      512 consolidate=  0.201ms frontier=  0.071ms semisort=  0.205ms (keyed= 0.000ms group_by=  0.085ms per_group= 0.039ms)
[pe] round= 14 work=      512 frontier=      512 next=      256 consolidate=  0.100ms frontier=  0.048ms semisort=  0.129ms (keyed= 0.000ms group_by=  0.052ms per_group= 0.027ms)
[pe] round= 15 work=      256 frontier=      256 next=      128 consolidate=  0.057ms frontier=  0.037ms semisort=  0.091ms (keyed= 0.000ms group_by=  0.033ms per_group= 0.022ms)
[pe] round= 16 work=      128 frontier=      128 next=       64 consolidate=  0.046ms frontier=  0.025ms semisort=  0.060ms (keyed= 0.000ms group_by=  0.021ms per_group= 0.016ms)
[pe] round= 17 work=       64 frontier=       64 next=       32 consolidate=  0.036ms frontier=  0.016ms semisort=  0.048ms (keyed= 0.000ms group_by=  0.013ms per_group= 0.022ms)
[pe] round= 18 work=       32 frontier=       32 next=       16 consolidate=  0.019ms frontier=  0.007ms semisort=  0.019ms (keyed= 0.000ms group_by=  0.009ms per_group= 0.004ms)
[pe] round= 19 work=       16 frontier=       16 next=        8 consolidate=  0.012ms frontier=  0.004ms semisort=  0.012ms (keyed= 0.000ms group_by=  0.006ms per_group= 0.002ms)
[pe] round= 20 work=        8 frontier=        8 next=        4 consolidate=  0.013ms frontier=  0.003ms semisort=  0.008ms (keyed= 0.000ms group_by=  0.005ms per_group= 0.001ms)
[pe] round= 21 work=        4 frontier=        4 next=        2 consolidate=  0.005ms frontier=  0.001ms semisort=  0.007ms (keyed= 0.000ms group_by=  0.004ms per_group= 0.001ms)
[pe] round= 22 work=        2 frontier=        0 next=        0 consolidate=  0.003ms frontier=  0.001ms semisort=  0.000ms (break)
[pe] round=  0 work=      240 frontier= 10368000 next=  3456000 consolidate=  4.354ms frontier=  4.269ms semisort=170.352ms (keyed= 0.000ms group_by= 65.866ms per_group=33.859ms)
[pe] round=  1 work=  3456000 frontier=  3456000 next=  1358848 consolidate=119.699ms frontier= 34.095ms semisort=110.993ms (keyed= 0.000ms group_by= 42.112ms per_group=16.427ms)
[pe] round=  2 work=  1358848 frontier=  1358848 next=  1048576 consolidate= 54.159ms frontier= 17.407ms semisort= 40.863ms (keyed= 0.000ms group_by= 10.096ms per_group= 9.977ms)
[pe] round=  3 work=  1048576 frontier=  1048576 next=   524288 consolidate= 44.566ms frontier= 15.672ms semisort= 23.390ms (keyed= 0.000ms group_by=  5.824ms per_group= 5.027ms)
[pe] round=  4 work=   524288 frontier=   524288 next=   262144 consolidate= 24.785ms frontier=  5.249ms semisort= 13.197ms (keyed= 0.000ms group_by=  3.577ms per_group= 2.842ms)
[pe] round=  5 work=   262144 frontier=   262144 next=   131072 consolidate= 11.108ms frontier=  2.534ms semisort=  7.089ms (keyed= 0.000ms group_by=  1.607ms per_group= 1.521ms)
[pe] round=  6 work=   131072 frontier=   131072 next=    65536 consolidate=  5.094ms frontier=  1.751ms semisort=  3.659ms (keyed= 0.000ms group_by=  0.877ms per_group= 0.868ms)
[pe] round=  7 work=    65536 frontier=    65536 next=    32768 consolidate=  6.927ms frontier=  2.404ms semisort=  8.490ms (keyed= 0.000ms group_by=  7.149ms per_group= 0.458ms)
[pe] round=  8 work=    32768 frontier=    32768 next=    16384 consolidate=  1.603ms frontier=  0.428ms semisort=  4.078ms (keyed= 0.000ms group_by=  3.306ms per_group= 0.263ms)
[pe] round=  9 work=    16384 frontier=    16384 next=     8192 consolidate=  1.869ms frontier=  0.314ms semisort=  2.155ms (keyed= 0.000ms group_by=  1.685ms per_group= 0.157ms)
[pe] round= 10 work=     8192 frontier=     8192 next=     4096 consolidate=  1.104ms frontier=  0.373ms semisort=  1.006ms (keyed= 0.000ms group_by=  0.579ms per_group= 0.095ms)
[pe] round= 11 work=     4096 frontier=     4096 next=     2048 consolidate=  0.665ms frontier=  0.192ms semisort=  0.594ms (keyed= 0.000ms group_by=  0.330ms per_group= 0.063ms)
[pe] round= 12 work=     2048 frontier=     2048 next=     1024 consolidate=  0.316ms frontier=  0.107ms semisort=  0.323ms (keyed= 0.000ms group_by=  0.164ms per_group= 0.045ms)
[pe] round= 13 work=     1024 frontier=     1024 next=      512 consolidate=  0.236ms frontier=  0.069ms semisort=  0.203ms (keyed= 0.000ms group_by=  0.083ms per_group= 0.035ms)
[pe] round= 14 work=      512 frontier=      512 next=      256 consolidate=  0.089ms frontier=  0.044ms semisort=  0.135ms (keyed= 0.000ms group_by=  0.043ms per_group= 0.036ms)
[pe] round= 15 work=      256 frontier=      256 next=      128 consolidate=  0.057ms frontier=  0.049ms semisort=  0.102ms (keyed= 0.000ms group_by=  0.046ms per_group= 0.020ms)
[pe] round= 16 work=      128 frontier=      128 next=       64 consolidate=  0.045ms frontier=  0.027ms semisort=  0.063ms (keyed= 0.000ms group_by=  0.020ms per_group= 0.020ms)
[pe] round= 17 work=       64 frontier=       64 next=       32 consolidate=  0.032ms frontier=  0.015ms semisort=  0.047ms (keyed= 0.000ms group_by=  0.013ms per_group= 0.014ms)
[pe] round= 18 work=       32 frontier=       32 next=       16 consolidate=  0.022ms frontier=  0.007ms semisort=  0.019ms (keyed= 0.000ms group_by=  0.008ms per_group= 0.004ms)
[pe] round= 19 work=       16 frontier=       16 next=        8 consolidate=  0.015ms frontier=  0.005ms semisort=  0.012ms (keyed= 0.000ms group_by=  0.006ms per_group= 0.002ms)
[pe] round= 20 work=        8 frontier=        8 next=        4 consolidate=  0.011ms frontier=  0.003ms semisort=  0.008ms (keyed= 0.000ms group_by=  0.005ms per_group= 0.001ms)
[pe] round= 21 work=        4 frontier=        4 next=        2 consolidate=  0.005ms frontier=  0.002ms semisort=  0.007ms (keyed= 0.000ms group_by=  0.004ms per_group= 0.001ms)
[pe] round= 22 work=        2 frontier=        0 next=        0 consolidate=  0.003ms frontier=  0.001ms semisort=  0.000ms (break)
[pe] round=  0 work=      240 frontier= 10368000 next=  3456000 consolidate=  1.332ms frontier=  2.173ms semisort=173.502ms (keyed= 0.000ms group_by= 67.578ms per_group=34.365ms)
[pe] round=  1 work=  3456000 frontier=  3456000 next=  1358848 consolidate=124.330ms frontier= 33.824ms semisort= 96.649ms (keyed= 0.000ms group_by= 32.750ms per_group=16.637ms)
[pe] round=  2 work=  1358848 frontier=  1358848 next=  1048576 consolidate= 63.657ms frontier= 14.200ms semisort= 38.900ms (keyed= 0.000ms group_by=  8.236ms per_group= 9.843ms)
[pe] round=  3 work=  1048576 frontier=  1048576 next=   524288 consolidate= 42.126ms frontier= 10.606ms semisort= 23.801ms (keyed= 0.000ms group_by=  6.026ms per_group= 4.974ms)
[pe] round=  4 work=   524288 frontier=   524288 next=   262144 consolidate= 22.283ms frontier=  5.175ms semisort= 13.116ms (keyed= 0.000ms group_by=  3.600ms per_group= 2.805ms)
[pe] round=  5 work=   262144 frontier=   262144 next=   131072 consolidate= 11.211ms frontier=  2.551ms semisort= 10.721ms (keyed= 0.000ms group_by=  1.731ms per_group= 1.704ms)
[pe] round=  6 work=   131072 frontier=   131072 next=    65536 consolidate=  5.406ms frontier=  1.596ms semisort=  3.849ms (keyed= 0.000ms group_by=  0.954ms per_group= 0.907ms)
[pe] round=  7 work=    65536 frontier=    65536 next=    32768 consolidate=  2.778ms frontier=  0.772ms semisort=  7.742ms (keyed= 0.000ms group_by=  6.312ms per_group= 0.463ms)
[pe] round=  8 work=    32768 frontier=    32768 next=    16384 consolidate=  1.405ms frontier=  0.439ms semisort=  4.052ms (keyed= 0.000ms group_by=  3.247ms per_group= 0.268ms)
[pe] round=  9 work=    16384 frontier=    16384 next=     8192 consolidate=  1.776ms frontier=  0.285ms semisort=  2.109ms (keyed= 0.000ms group_by=  1.585ms per_group= 0.171ms)
[pe] round= 10 work=     8192 frontier=     8192 next=     4096 consolidate=  1.121ms frontier=  0.342ms semisort=  0.983ms (keyed= 0.000ms group_by=  0.581ms per_group= 0.090ms)
[pe] round= 11 work=     4096 frontier=     4096 next=     2048 consolidate=  0.610ms frontier=  0.193ms semisort=  0.575ms (keyed= 0.000ms group_by=  0.311ms per_group= 0.071ms)
[pe] round= 12 work=     2048 frontier=     2048 next=     1024 consolidate=  0.334ms frontier=  0.111ms semisort=  0.333ms (keyed= 0.000ms group_by=  0.183ms per_group= 0.048ms)
[pe] round= 13 work=     1024 frontier=     1024 next=      512 consolidate=  0.170ms frontier=  0.067ms semisort=  0.186ms (keyed= 0.000ms group_by=  0.082ms per_group= 0.032ms)
[pe] round= 14 work=      512 frontier=      512 next=      256 consolidate=  0.104ms frontier=  0.048ms semisort=  0.124ms (keyed= 0.000ms group_by=  0.048ms per_group= 0.027ms)
[pe] round= 15 work=      256 frontier=      256 next=      128 consolidate=  0.061ms frontier=  0.046ms semisort=  0.090ms (keyed= 0.000ms group_by=  0.033ms per_group= 0.020ms)
[pe] round= 16 work=      128 frontier=      128 next=       64 consolidate=  0.044ms frontier=  0.025ms semisort=  0.056ms (keyed= 0.000ms group_by=  0.019ms per_group= 0.016ms)
[pe] round= 17 work=       64 frontier=       64 next=       32 consolidate=  0.029ms frontier=  0.015ms semisort=  0.035ms (keyed= 0.000ms group_by=  0.013ms per_group= 0.009ms)
[pe] round= 18 work=       32 frontier=       32 next=       16 consolidate=  0.020ms frontier=  0.007ms semisort=  0.020ms (keyed= 0.000ms group_by=  0.009ms per_group= 0.004ms)
[pe] round= 19 work=       16 frontier=       16 next=        8 consolidate=  0.012ms frontier=  0.005ms semisort=  0.012ms (keyed= 0.000ms group_by=  0.006ms per_group= 0.002ms)
[pe] round= 20 work=        8 frontier=        8 next=        4 consolidate=  0.012ms frontier=  0.003ms semisort=  0.009ms (keyed= 0.000ms group_by=  0.005ms per_group= 0.001ms)
[pe] round= 21 work=        4 frontier=        4 next=        2 consolidate=  0.004ms frontier=  0.001ms semisort=  0.007ms (keyed= 0.000ms group_by=  0.004ms per_group= 0.001ms)
[pe] round= 22 work=        2 frontier=        0 next=        0 consolidate=  0.003ms frontier=  0.001ms semisort=  0.000ms (break)
