[synthetic_bench] cube n=135 d=2 classes=9841768 merges=135 ...
[pe] round=  0 work=      270 frontier= 14762250 next=  4920750 consolidate= 45.665ms frontier= 65.311ms semisort=5290.806ms (keyed= 0.000ms group_by=2343.040ms per_group=734.499ms)
[pe] round=  1 work=  4920750 frontier=  4920750 next=  2097152 consolidate=3753.134ms frontier=811.284ms semisort=2725.569ms (keyed= 0.000ms group_by=721.896ms per_group=377.373ms)
[pe] round=  2 work=  2097152 frontier=  2097152 next=  1048576 consolidate=1590.031ms frontier=336.190ms semisort=1299.619ms (keyed= 0.000ms group_by=387.763ms per_group=245.145ms)
[pe] round=  3 work=  1048576 frontier=  1048576 next=   726446 consolidate=800.344ms frontier=170.128ms semisort=664.262ms (keyed= 0.002ms group_by=174.866ms per_group=171.222ms)
[pe] round=  4 work=   726446 frontier=   726446 next=   524288 consolidate=563.763ms frontier=120.849ms semisort=397.129ms (keyed= 0.000ms group_by= 98.549ms per_group=95.976ms)
[pe] round=  5 work=   524288 frontier=   524288 next=   262144 consolidate=402.591ms frontier= 86.128ms semisort=250.775ms (keyed= 0.000ms group_by= 62.787ms per_group=44.501ms)
[pe] round=  6 work=   262144 frontier=   262144 next=   131072 consolidate=200.122ms frontier= 32.830ms semisort=120.296ms (keyed= 0.000ms group_by= 30.537ms per_group=22.614ms)
[pe] round=  7 work=   131072 frontier=   131072 next=    65536 consolidate= 98.090ms frontier= 13.195ms semisort= 54.660ms (keyed= 0.000ms group_by= 14.420ms per_group= 8.653ms)
[pe] round=  8 work=    65536 frontier=    65536 next=    32768 consolidate= 48.284ms frontier=  6.021ms semisort= 27.500ms (keyed= 0.000ms group_by=  8.849ms per_group= 4.270ms)
[pe] round=  9 work=    32768 frontier=    32768 next=    16384 consolidate= 19.055ms frontier=  2.896ms semisort= 11.159ms (keyed= 0.000ms group_by=  4.378ms per_group= 2.173ms)
[pe] round= 10 work=    16384 frontier=    16384 next=     8192 consolidate=  8.924ms frontier=  1.532ms semisort=  5.325ms (keyed= 0.000ms group_by=  2.005ms per_group= 1.099ms)
[pe] round= 11 work=     8192 frontier=     8192 next=     4096 consolidate=  4.424ms frontier=  0.719ms semisort=  2.409ms (keyed= 0.000ms group_by=  0.715ms per_group= 0.610ms)
[pe] round= 12 work=     4096 frontier=     4096 next=     2048 consolidate=  2.218ms frontier=  0.346ms semisort=  1.144ms (keyed= 0.000ms group_by=  0.335ms per_group= 0.266ms)
[pe] round= 13 work=     2048 frontier=     2048 next=     1024 consolidate=  1.110ms frontier=  0.165ms semisort=  0.576ms (keyed= 0.000ms group_by=  0.173ms per_group= 0.137ms)
[pe] round= 14 work=     1024 frontier=     1024 next=      512 consolidate=  0.556ms frontier=  0.071ms semisort=  0.267ms (keyed= 0.000ms group_by=  0.081ms per_group= 0.061ms)
[pe] round= 15 work=      512 frontier=      512 next=      256 consolidate=  0.281ms frontier=  0.033ms semisort=  0.137ms (keyed= 0.000ms group_by=  0.041ms per_group= 0.030ms)
[pe] round= 16 work=      256 frontier=      256 next=      128 consolidate=  0.141ms frontier=  0.017ms semisort=  0.064ms (keyed= 0.000ms group_by=  0.022ms per_group= 0.015ms)
[pe] round= 17 work=      128 frontier=      128 next=       64 consolidate=  0.069ms frontier=  0.009ms semisort=  0.034ms (keyed= 0.000ms group_by=  0.012ms per_group= 0.009ms)
[pe] round= 18 work=       64 frontier=       64 next=       32 consolidate=  0.034ms frontier=  0.005ms semisort=  0.020ms (keyed= 0.000ms group_by=  0.008ms per_group= 0.006ms)
[pe] round= 19 work=       32 frontier=       32 next=       16 consolidate=  0.018ms frontier=  0.003ms semisort=  0.013ms (keyed= 0.000ms group_by=  0.005ms per_group= 0.003ms)
[pe] round= 20 work=       16 frontier=       16 next=        8 consolidate=  0.009ms frontier=  0.002ms semisort=  0.008ms (keyed= 0.000ms group_by=  0.004ms per_group= 0.002ms)
[pe] round= 21 work=        8 frontier=        8 next=        4 consolidate=  0.005ms frontier=  0.002ms semisort=  0.006ms (keyed= 0.000ms group_by=  0.003ms per_group= 0.001ms)
[pe] round= 22 work=        4 frontier=        4 next=        2 consolidate=  0.003ms frontier=  0.001ms semisort=  0.004ms (keyed= 0.000ms group_by=  0.003ms per_group= 0.001ms)
[pe] round= 23 work=        2 frontier=        0 next=        0 consolidate=  0.002ms frontier=  0.001ms semisort=  0.000ms (break)
[pe] round=  0 work=      270 frontier= 14762250 next=  4920750 consolidate= 18.644ms frontier= 34.117ms semisort=5280.210ms (keyed= 0.002ms group_by=2270.513ms per_group=813.458ms)
[pe] round=  1 work=  4920750 frontier=  4920750 next=  2097152 consolidate=4463.061ms frontier=1057.306ms semisort=3106.136ms (keyed= 0.000ms group_by=1034.351ms per_group=357.741ms)
[pe] round=  2 work=  2097152 frontier=  2097152 next=  1048576 consolidate=1878.208ms frontier=461.107ms semisort=1585.060ms (keyed= 0.000ms group_by=507.733ms per_group=349.137ms)
[pe] round=  3 work=  1048576 frontier=  1048576 next=   726446 consolidate=950.952ms frontier=233.667ms semisort=779.854ms (keyed= 0.000ms group_by=222.987ms per_group=210.947ms)
[pe] round=  4 work=   726446 frontier=   726446 next=   524288 consolidate=648.053ms frontier=160.807ms semisort=425.326ms (keyed= 0.000ms group_by= 97.772ms per_group=120.927ms)
[pe] round=  5 work=   524288 frontier=   524288 next=   262144 consolidate=487.130ms frontier= 99.655ms semisort=252.262ms (keyed= 0.000ms group_by= 62.938ms per_group=45.444ms)
[pe] round=  6 work=   262144 frontier=   262144 next=   131072 consolidate=230.307ms frontier= 40.658ms semisort=123.693ms (keyed= 0.000ms group_by= 29.957ms per_group=22.154ms)
[pe] round=  7 work=   131072 frontier=   131072 next=    65536 consolidate=106.520ms frontier= 15.025ms semisort= 56.202ms (keyed= 0.000ms group_by= 14.383ms per_group= 8.786ms)
[pe] round=  8 work=    65536 frontier=    65536 next=    32768 consolidate= 51.554ms frontier=  7.084ms semisort= 25.972ms (keyed= 0.000ms group_by=  8.835ms per_group= 4.238ms)
[pe] round=  9 work=    32768 frontier=    32768 next=    16384 consolidate= 20.015ms frontier=  3.426ms semisort= 11.381ms (keyed= 0.000ms group_by=  4.375ms per_group= 2.172ms)
[pe] round= 10 work=    16384 frontier=    16384 next=     8192 consolidate=  9.346ms frontier=  1.716ms semisort=  5.274ms (keyed= 0.000ms group_by=  1.859ms per_group= 1.092ms)
[pe] round= 11 work=     8192 frontier=     8192 next=     4096 consolidate=  4.582ms frontier=  0.835ms semisort=  2.326ms (keyed= 0.000ms group_by=  0.709ms per_group= 0.554ms)
[pe] round= 12 work=     4096 frontier=     4096 next=     2048 consolidate=  2.284ms frontier=  0.400ms semisort=  1.154ms (keyed= 0.000ms group_by=  0.343ms per_group= 0.272ms)
[pe] round= 13 work=     2048 frontier=     2048 next=     1024 consolidate=  1.158ms frontier=  0.180ms semisort=  0.559ms (keyed= 0.000ms group_by=  0.169ms per_group= 0.130ms)
[pe] round= 14 work=     1024 frontier=     1024 next=      512 consolidate=  0.569ms frontier=  0.074ms semisort=  0.270ms (keyed= 0.000ms group_by=  0.082ms per_group= 0.061ms)
[pe] round= 15 work=      512 frontier=      512 next=      256 consolidate=  0.282ms frontier=  0.034ms semisort=  0.133ms (keyed= 0.000ms group_by=  0.041ms per_group= 0.030ms)
[pe] round= 16 work=      256 frontier=      256 next=      128 consolidate=  0.142ms frontier=  0.017ms semisort=  0.065ms (keyed= 0.000ms group_by=  0.022ms per_group= 0.015ms)
[pe] round= 17 work=      128 frontier=      128 next=       64 consolidate=  0.070ms frontier=  0.009ms semisort=  0.034ms (keyed= 0.000ms group_by=  0.012ms per_group= 0.008ms)
[pe] round= 18 work=       64 frontier=       64 next=       32 consolidate=  0.034ms frontier=  0.005ms semisort=  0.020ms (keyed= 0.000ms group_by=  0.008ms per_group= 0.005ms)
[pe] round= 19 work=       32 frontier=       32 next=       16 consolidate=  0.018ms frontier=  0.003ms semisort=  0.012ms (keyed= 0.000ms group_by=  0.005ms per_group= 0.003ms)
[pe] round= 20 work=       16 frontier=       16 next=        8 consolidate=  0.009ms frontier=  0.002ms semisort=  0.008ms (keyed= 0.000ms group_by=  0.004ms per_group= 0.002ms)
[pe] round= 21 work=        8 frontier=        8 next=        4 consolidate=  0.005ms frontier=  0.002ms semisort=  0.006ms (keyed= 0.000ms group_by=  0.003ms per_group= 0.001ms)
[pe] round= 22 work=        4 frontier=        4 next=        2 consolidate=  0.003ms frontier=  0.001ms semisort=  0.005ms (keyed= 0.000ms group_by=  0.003ms per_group= 0.001ms)
[pe] round= 23 work=        2 frontier=        0 next=        0 consolidate=  0.002ms frontier=  0.001ms semisort=  0.000ms (break)
[pe] round=  0 work=      270 frontier= 14762250 next=  4920750 consolidate= 18.678ms frontier= 34.156ms semisort=5344.308ms (keyed= 0.000ms group_by=2299.567ms per_group=833.683ms)
[pe] round=  1 work=  4920750 frontier=  4920750 next=  2097152 consolidate=4478.300ms frontier=1053.957ms semisort=3082.406ms (keyed= 0.000ms group_by=1032.824ms per_group=360.084ms)
[pe] round=  2 work=  2097152 frontier=  2097152 next=  1048576 consolidate=1891.409ms frontier=462.672ms semisort=1563.145ms (keyed= 0.002ms group_by=506.569ms per_group=332.843ms)
[pe] round=  3 work=  1048576 frontier=  1048576 next=   726446 consolidate=963.725ms frontier=234.855ms semisort=777.786ms (keyed= 0.000ms group_by=224.846ms per_group=207.469ms)
[pe] round=  4 work=   726446 frontier=   726446 next=   524288 consolidate=653.981ms frontier=153.697ms semisort=425.147ms (keyed= 0.000ms group_by= 99.070ms per_group=119.473ms)
[pe] round=  5 work=   524288 frontier=   524288 next=   262144 consolidate=475.358ms frontier=105.232ms semisort=252.958ms (keyed= 0.000ms group_by= 64.358ms per_group=45.379ms)
[pe] round=  6 work=   262144 frontier=   262144 next=   131072 consolidate=228.441ms frontier= 40.995ms semisort=123.334ms (keyed= 0.000ms group_by= 30.030ms per_group=22.194ms)
[pe] round=  7 work=   131072 frontier=   131072 next=    65536 consolidate=108.633ms frontier= 15.066ms semisort= 55.927ms (keyed= 0.000ms group_by= 14.365ms per_group= 8.729ms)
[pe] round=  8 work=    65536 frontier=    65536 next=    32768 consolidate= 49.868ms frontier=  7.141ms semisort= 26.520ms (keyed= 0.000ms group_by=  8.850ms per_group= 4.255ms)
[pe] round=  9 work=    32768 frontier=    32768 next=    16384 consolidate= 20.143ms frontier=  3.371ms semisort= 21.444ms (keyed= 0.000ms group_by= 14.443ms per_group= 2.200ms)
[pe] round= 10 work=    16384 frontier=    16384 next=     8192 consolidate= 10.018ms frontier=  1.733ms semisort=  5.665ms (keyed= 0.000ms group_by=  2.096ms per_group= 1.084ms)
[pe] round= 11 work=     8192 frontier=     8192 next=     4096 consolidate=  4.603ms frontier=  0.860ms semisort=  2.618ms (keyed= 0.000ms group_by=  0.814ms per_group= 0.721ms)
[pe] round= 12 work=     4096 frontier=     4096 next=     2048 consolidate=  2.294ms frontier=  0.400ms semisort=  1.181ms (keyed= 0.000ms group_by=  0.345ms per_group= 0.291ms)
[pe] round= 13 work=     2048 frontier=     2048 next=     1024 consolidate=  1.190ms frontier=  0.178ms semisort=  0.592ms (keyed= 0.000ms group_by=  0.175ms per_group= 0.144ms)
[pe] round= 14 work=     1024 frontier=     1024 next=      512 consolidate=  0.579ms frontier=  0.076ms semisort=  0.293ms (keyed= 0.000ms group_by=  0.100ms per_group= 0.065ms)
[pe] round= 15 work=      512 frontier=      512 next=      256 consolidate=  0.298ms frontier=  0.034ms semisort=  0.136ms (keyed= 0.000ms group_by=  0.041ms per_group= 0.030ms)
[pe] round= 16 work=      256 frontier=      256 next=      128 consolidate=  0.140ms frontier=  0.016ms semisort=  0.064ms (keyed= 0.000ms group_by=  0.022ms per_group= 0.015ms)
[pe] round= 17 work=      128 frontier=      128 next=       64 consolidate=  0.069ms frontier=  0.009ms semisort=  0.035ms (keyed= 0.000ms group_by=  0.012ms per_group= 0.009ms)
[pe] round= 18 work=       64 frontier=       64 next=       32 consolidate=  0.034ms frontier=  0.005ms semisort=  0.020ms (keyed= 0.000ms group_by=  0.008ms per_group= 0.005ms)
[pe] round= 19 work=       32 frontier=       32 next=       16 consolidate=  0.018ms frontier=  0.003ms semisort=  0.012ms (keyed= 0.000ms group_by=  0.005ms per_group= 0.003ms)
[pe] round= 20 work=       16 frontier=       16 next=        8 consolidate=  0.010ms frontier=  0.002ms semisort=  0.008ms (keyed= 0.000ms group_by=  0.004ms per_group= 0.002ms)
[pe] round= 21 work=        8 frontier=        8 next=        4 consolidate=  0.005ms frontier=  0.002ms semisort=  0.006ms (keyed= 0.000ms group_by=  0.003ms per_group= 0.001ms)
[pe] round= 22 work=        4 frontier=        4 next=        2 consolidate=  0.003ms frontier=  0.001ms semisort=  0.005ms (keyed= 0.000ms group_by=  0.003ms per_group= 0.001ms)
[pe] round= 23 work=        2 frontier=        0 next=        0 consolidate=  0.002ms frontier=  0.001ms semisort=  0.000ms (break)
[pe] round=  0 work=      270 frontier= 14762250 next=  4920750 consolidate= 18.791ms frontier= 34.090ms semisort=5298.728ms (keyed= 0.000ms group_by=2315.065ms per_group=792.945ms)
[pe] round=  1 work=  4920750 frontier=  4920750 next=  2097152 consolidate=4516.548ms frontier=1058.578ms semisort=3094.111ms (keyed= 0.000ms group_by=1035.199ms per_group=373.839ms)
[pe] round=  2 work=  2097152 frontier=  2097152 next=  1048576 consolidate=1877.904ms frontier=465.004ms semisort=1558.561ms (keyed= 0.002ms group_by=506.172ms per_group=313.616ms)
[pe] round=  3 work=  1048576 frontier=  1048576 next=   726446 consolidate=948.416ms frontier=233.592ms semisort=779.718ms (keyed= 0.000ms group_by=223.746ms per_group=211.965ms)
[pe] round=  4 work=   726446 frontier=   726446 next=   524288 consolidate=669.275ms frontier=159.869ms semisort=429.176ms (keyed= 0.000ms group_by= 97.429ms per_group=125.583ms)
[pe] round=  5 work=   524288 frontier=   524288 next=   262144 consolidate=475.555ms frontier=101.578ms semisort=250.806ms (keyed= 0.000ms group_by= 62.624ms per_group=45.286ms)
[pe] round=  6 work=   262144 frontier=   262144 next=   131072 consolidate=229.674ms frontier= 40.475ms semisort=123.702ms (keyed= 0.000ms group_by= 30.409ms per_group=22.230ms)
[pe] round=  7 work=   131072 frontier=   131072 next=    65536 consolidate=107.094ms frontier= 15.277ms semisort= 56.144ms (keyed= 0.000ms group_by= 14.408ms per_group= 8.732ms)
[pe] round=  8 work=    65536 frontier=    65536 next=    32768 consolidate= 49.898ms frontier=  7.150ms semisort= 25.918ms (keyed= 0.001ms group_by=  8.872ms per_group= 4.272ms)
[pe] round=  9 work=    32768 frontier=    32768 next=    16384 consolidate= 21.627ms frontier=  3.402ms semisort= 11.345ms (keyed= 0.000ms group_by=  4.379ms per_group= 2.156ms)
[pe] round= 10 work=    16384 frontier=    16384 next=     8192 consolidate=  9.294ms frontier=  1.724ms semisort=  5.217ms (keyed= 0.000ms group_by=  1.880ms per_group= 1.094ms)
[pe] round= 11 work=     8192 frontier=     8192 next=     4096 consolidate=  4.593ms frontier=  0.840ms semisort=  2.575ms (keyed= 0.000ms group_by=  0.923ms per_group= 0.625ms)
[pe] round= 12 work=     4096 frontier=     4096 next=     2048 consolidate=  2.296ms frontier=  0.397ms semisort=  1.151ms (keyed= 0.000ms group_by=  0.344ms per_group= 0.274ms)
[pe] round= 13 work=     2048 frontier=     2048 next=     1024 consolidate=  1.154ms frontier=  0.175ms semisort=  0.581ms (keyed= 0.000ms group_by=  0.175ms per_group= 0.139ms)
[pe] round= 14 work=     1024 frontier=     1024 next=      512 consolidate=  0.582ms frontier=  0.074ms semisort=  0.270ms (keyed= 0.000ms group_by=  0.082ms per_group= 0.062ms)
[pe] round= 15 work=      512 frontier=      512 next=      256 consolidate=  0.283ms frontier=  0.034ms semisort=  0.134ms (keyed= 0.000ms group_by=  0.041ms per_group= 0.030ms)
[pe] round= 16 work=      256 frontier=      256 next=      128 consolidate=  0.143ms frontier=  0.016ms semisort=  0.064ms (keyed= 0.000ms group_by=  0.022ms per_group= 0.015ms)
[pe] round= 17 work=      128 frontier=      128 next=       64 consolidate=  0.069ms frontier=  0.009ms semisort=  0.034ms (keyed= 0.000ms group_by=  0.012ms per_group= 0.009ms)
[pe] round= 18 work=       64 frontier=       64 next=       32 consolidate=  0.034ms frontier=  0.006ms semisort=  0.020ms (keyed= 0.000ms group_by=  0.008ms per_group= 0.005ms)
[pe] round= 19 work=       32 frontier=       32 next=       16 consolidate=  0.017ms frontier=  0.003ms semisort=  0.013ms (keyed= 0.000ms group_by=  0.005ms per_group= 0.003ms)
[pe] round= 20 work=       16 frontier=       16 next=        8 consolidate=  0.010ms frontier=  0.002ms semisort=  0.008ms (keyed= 0.000ms group_by=  0.004ms per_group= 0.002ms)
[pe] round= 21 work=        8 frontier=        8 next=        4 consolidate=  0.005ms frontier=  0.002ms semisort=  0.006ms (keyed= 0.000ms group_by=  0.003ms per_group= 0.001ms)
[pe] round= 22 work=        4 frontier=        4 next=        2 consolidate=  0.003ms frontier=  0.001ms semisort=  0.005ms (keyed= 0.000ms group_by=  0.003ms per_group= 0.001ms)
[pe] round= 23 work=        2 frontier=        0 next=        0 consolidate=  0.002ms frontier=  0.001ms semisort=  0.000ms (break)
[pe] round=  0 work=      270 frontier= 14762250 next=  4920750 consolidate= 18.732ms frontier= 34.036ms semisort=5282.470ms (keyed= 0.000ms group_by=2316.241ms per_group=769.279ms)
[pe] round=  1 work=  4920750 frontier=  4920750 next=  2097152 consolidate=4476.488ms frontier=1047.531ms semisort=3096.704ms (keyed= 0.000ms group_by=1027.772ms per_group=374.435ms)
[pe] round=  2 work=  2097152 frontier=  2097152 next=  1048576 consolidate=1871.278ms frontier=450.010ms semisort=1562.959ms (keyed= 0.000ms group_by=501.800ms per_group=329.136ms)
[pe] round=  3 work=  1048576 frontier=  1048576 next=   726446 consolidate=947.508ms frontier=228.321ms semisort=772.782ms (keyed= 0.000ms group_by=222.490ms per_group=206.333ms)
[pe] round=  4 work=   726446 frontier=   726446 next=   524288 consolidate=655.307ms frontier=154.893ms semisort=424.171ms (keyed= 0.000ms group_by= 97.276ms per_group=121.250ms)
[pe] round=  5 work=   524288 frontier=   524288 next=   262144 consolidate=496.628ms frontier=105.906ms semisort=253.002ms (keyed= 0.000ms group_by= 62.643ms per_group=45.804ms)
[pe] round=  6 work=   262144 frontier=   262144 next=   131072 consolidate=227.992ms frontier= 40.659ms semisort=122.801ms (keyed= 0.000ms group_by= 30.017ms per_group=22.105ms)
[pe] round=  7 work=   131072 frontier=   131072 next=    65536 consolidate=109.280ms frontier= 15.879ms semisort= 54.853ms (keyed= 0.000ms group_by= 14.477ms per_group= 8.666ms)
[pe] round=  8 work=    65536 frontier=    65536 next=    32768 consolidate= 50.826ms frontier=  7.031ms semisort= 26.258ms (keyed= 0.000ms group_by=  8.845ms per_group= 4.267ms)
[pe] round=  9 work=    32768 frontier=    32768 next=    16384 consolidate= 20.510ms frontier=  3.380ms semisort= 11.309ms (keyed= 0.000ms group_by=  4.450ms per_group= 2.169ms)
[pe] round= 10 work=    16384 frontier=    16384 next=     8192 consolidate=  9.297ms frontier=  1.703ms semisort=  5.286ms (keyed= 0.000ms group_by=  1.885ms per_group= 1.108ms)
[pe] round= 11 work=     8192 frontier=     8192 next=     4096 consolidate=  4.616ms frontier=  0.834ms semisort=  2.413ms (keyed= 0.000ms group_by=  0.771ms per_group= 0.583ms)
[pe] round= 12 work=     4096 frontier=     4096 next=     2048 consolidate=  2.304ms frontier=  0.395ms semisort=  1.171ms (keyed= 0.000ms group_by=  0.359ms per_group= 0.273ms)
[pe] round= 13 work=     2048 frontier=     2048 next=     1024 consolidate=  1.161ms frontier=  0.182ms semisort=  0.560ms (keyed= 0.000ms group_by=  0.169ms per_group= 0.133ms)
[pe] round= 14 work=     1024 frontier=     1024 next=      512 consolidate=  0.571ms frontier=  0.074ms semisort=  0.272ms (keyed= 0.000ms group_by=  0.083ms per_group= 0.062ms)
[pe] round= 15 work=      512 frontier=      512 next=      256 consolidate=  0.281ms frontier=  0.034ms semisort=  0.151ms (keyed= 0.000ms group_by=  0.056ms per_group= 0.031ms)
[pe] round= 16 work=      256 frontier=      256 next=      128 consolidate=  0.142ms frontier=  0.017ms semisort=  0.064ms (keyed= 0.000ms group_by=  0.022ms per_group= 0.015ms)
[pe] round= 17 work=      128 frontier=      128 next=       64 consolidate=  0.069ms frontier=  0.009ms semisort=  0.033ms (keyed= 0.000ms group_by=  0.012ms per_group= 0.008ms)
[pe] round= 18 work=       64 frontier=       64 next=       32 consolidate=  0.033ms frontier=  0.006ms semisort=  0.019ms (keyed= 0.000ms group_by=  0.008ms per_group= 0.004ms)
[pe] round= 19 work=       32 frontier=       32 next=       16 consolidate=  0.018ms frontier=  0.003ms semisort=  0.012ms (keyed= 0.000ms group_by=  0.005ms per_group= 0.003ms)
[pe] round= 20 work=       16 frontier=       16 next=        8 consolidate=  0.009ms frontier=  0.002ms semisort=  0.008ms (keyed= 0.000ms group_by=  0.004ms per_group= 0.002ms)
[pe] round= 21 work=        8 frontier=        8 next=        4 consolidate=  0.005ms frontier=  0.002ms semisort=  0.006ms (keyed= 0.000ms group_by=  0.003ms per_group= 0.001ms)
[pe] round= 22 work=        4 frontier=        4 next=        2 consolidate=  0.003ms frontier=  0.001ms semisort=  0.005ms (keyed= 0.000ms group_by=  0.003ms per_group= 0.001ms)
[pe] round= 23 work=        2 frontier=        0 next=        0 consolidate=  0.002ms frontier=  0.001ms semisort=  0.000ms (break)
[pe] round=  0 work=      270 frontier= 14762250 next=  4920750 consolidate= 18.684ms frontier= 34.062ms semisort=5308.845ms (keyed= 0.000ms group_by=2308.042ms per_group=806.253ms)
[pe] round=  1 work=  4920750 frontier=  4920750 next=  2097152 consolidate=4489.689ms frontier=1050.264ms semisort=3097.262ms (keyed= 0.000ms group_by=1033.572ms per_group=367.912ms)
[pe] round=  2 work=  2097152 frontier=  2097152 next=  1048576 consolidate=1882.581ms frontier=459.959ms semisort=1538.866ms (keyed= 0.000ms group_by=505.756ms per_group=311.489ms)
[pe] round=  3 work=  1048576 frontier=  1048576 next=   726446 consolidate=950.974ms frontier=230.869ms semisort=794.288ms (keyed= 0.002ms group_by=223.287ms per_group=211.760ms)
[pe] round=  4 work=   726446 frontier=   726446 next=   524288 consolidate=650.167ms frontier=158.854ms semisort=429.040ms (keyed= 0.002ms group_by= 97.549ms per_group=125.245ms)
[pe] round=  5 work=   524288 frontier=   524288 next=   262144 consolidate=475.952ms frontier=109.120ms semisort=250.820ms (keyed= 0.000ms group_by= 62.666ms per_group=45.373ms)
[pe] round=  6 work=   262144 frontier=   262144 next=   131072 consolidate=228.189ms frontier= 42.438ms semisort=123.308ms (keyed= 0.000ms group_by= 30.114ms per_group=22.175ms)
[pe] round=  7 work=   131072 frontier=   131072 next=    65536 consolidate=106.370ms frontier= 15.147ms semisort= 56.131ms (keyed= 0.000ms group_by= 14.521ms per_group= 8.762ms)
[pe] round=  8 work=    65536 frontier=    65536 next=    32768 consolidate= 49.683ms frontier=  7.288ms semisort= 25.900ms (keyed= 0.000ms group_by=  8.903ms per_group= 4.252ms)
[pe] round=  9 work=    32768 frontier=    32768 next=    16384 consolidate= 20.003ms frontier=  3.526ms semisort= 11.286ms (keyed= 0.000ms group_by=  4.378ms per_group= 2.165ms)
[pe] round= 10 work=    16384 frontier=    16384 next=     8192 consolidate=  9.335ms frontier=  1.727ms semisort=  5.214ms (keyed= 0.000ms group_by=  1.874ms per_group= 1.093ms)
[pe] round= 11 work=     8192 frontier=     8192 next=     4096 consolidate=  4.596ms frontier=  0.842ms semisort=  2.512ms (keyed= 0.000ms group_by=  0.907ms per_group= 0.567ms)
[pe] round= 12 work=     4096 frontier=     4096 next=     2048 consolidate=  2.294ms frontier=  0.394ms semisort=  1.179ms (keyed= 0.000ms group_by=  0.361ms per_group= 0.282ms)
[pe] round= 13 work=     2048 frontier=     2048 next=     1024 consolidate=  1.170ms frontier=  0.177ms semisort=  0.584ms (keyed= 0.000ms group_by=  0.175ms per_group= 0.136ms)
[pe] round= 14 work=     1024 frontier=     1024 next=      512 consolidate=  0.591ms frontier=  0.074ms semisort=  0.269ms (keyed= 0.000ms group_by=  0.081ms per_group= 0.062ms)
[pe] round= 15 work=      512 frontier=      512 next=      256 consolidate=  0.283ms frontier=  0.034ms semisort=  0.135ms (keyed= 0.000ms group_by=  0.041ms per_group= 0.030ms)
[pe] round= 16 work=      256 frontier=      256 next=      128 consolidate=  1.817ms frontier=  0.022ms semisort=  0.080ms (keyed= 0.000ms group_by=  0.026ms per_group= 0.018ms)
[pe] round= 17 work=      128 frontier=      128 next=       64 consolidate=  0.078ms frontier=  0.025ms semisort=  0.051ms (keyed= 0.000ms group_by=  0.013ms per_group= 0.010ms)
[pe] round= 18 work=       64 frontier=       64 next=       32 consolidate=  0.034ms frontier=  0.005ms semisort=  0.020ms (keyed= 0.000ms group_by=  0.007ms per_group= 0.005ms)
[pe] round= 19 work=       32 frontier=       32 next=       16 consolidate=  0.017ms frontier=  0.003ms semisort=  0.012ms (keyed= 0.000ms group_by=  0.005ms per_group= 0.003ms)
[pe] round= 20 work=       16 frontier=       16 next=        8 consolidate=  0.009ms frontier=  0.002ms semisort=  0.008ms (keyed= 0.000ms group_by=  0.004ms per_group= 0.002ms)
[pe] round= 21 work=        8 frontier=        8 next=        4 consolidate=  0.005ms frontier=  0.001ms semisort=  0.006ms (keyed= 0.000ms group_by=  0.003ms per_group= 0.001ms)
[pe] round= 22 work=        4 frontier=        4 next=        2 consolidate=  0.003ms frontier=  0.001ms semisort=  0.005ms (keyed= 0.000ms group_by=  0.003ms per_group= 0.001ms)
[pe] round= 23 work=        2 frontier=        0 next=        0 consolidate=  0.002ms frontier=  0.001ms semisort=  0.000ms (break)
