[synthetic_bench] quartic n=47 d=2 classes=19518816 merges=47 ...
[pe] round=  0 work=       94 frontier= 39037448 next=  9759362 consolidate=  3.496ms frontier=  3.475ms semisort=267.709ms (keyed= 0.000ms group_by=210.753ms per_group=25.864ms)
[pe] round=  1 work=  9759362 frontier=  9759362 next=  4194304 consolidate= 54.691ms frontier= 12.064ms semisort= 52.693ms (keyed= 0.000ms group_by= 14.854ms per_group=11.493ms)
[pe] round=  2 work=  4194304 frontier=  4194304 next=  2097152 consolidate= 27.028ms frontier=  7.525ms semisort= 30.222ms (keyed= 0.000ms group_by=  7.582ms per_group= 6.896ms)
[pe] round=  3 work=  2097152 frontier=  2097152 next=  1370754 consolidate= 17.526ms frontier=  4.441ms semisort= 18.900ms (keyed= 0.000ms group_by=  3.879ms per_group= 4.799ms)
[pe] round=  4 work=  1370754 frontier=  1370754 next=  1048576 consolidate= 13.695ms frontier=  3.687ms semisort= 13.480ms (keyed= 0.000ms group_by=  2.350ms per_group= 4.511ms)
[pe] round=  5 work=  1048576 frontier=  1048576 next=   524288 consolidate= 10.050ms frontier=  2.790ms semisort=  8.502ms (keyed= 0.000ms group_by=  1.390ms per_group= 2.992ms)
[pe] round=  6 work=   524288 frontier=   524288 next=   262144 consolidate=  5.720ms frontier=  1.577ms semisort=  5.164ms (keyed= 0.000ms group_by=  1.006ms per_group= 1.158ms)
[pe] round=  7 work=   262144 frontier=   262144 next=   131072 consolidate=  2.841ms frontier=  0.977ms semisort=  2.856ms (keyed= 0.000ms group_by=  0.612ms per_group= 0.682ms)
[pe] round=  8 work=   131072 frontier=   131072 next=    65536 consolidate=  1.533ms frontier=  0.744ms semisort=  1.414ms (keyed= 0.000ms group_by=  0.398ms per_group= 0.482ms)
[pe] round=  9 work=    65536 frontier=    65536 next=    32768 consolidate=  0.845ms frontier=  0.402ms semisort=  2.865ms (keyed= 0.000ms group_by=  2.288ms per_group= 0.243ms)
[pe] round= 10 work=    32768 frontier=    32768 next=    16384 consolidate=  0.546ms frontier=  0.276ms semisort=  1.472ms (keyed= 0.000ms group_by=  1.061ms per_group= 0.191ms)
[pe] round= 11 work=    16384 frontier=    16384 next=     8192 consolidate=  1.363ms frontier=  0.196ms semisort=  0.804ms (keyed= 0.000ms group_by=  0.538ms per_group= 0.110ms)
[pe] round= 12 work=     8192 frontier=     8192 next=     4096 consolidate=  0.717ms frontier=  0.220ms semisort=  0.590ms (keyed= 0.000ms group_by=  0.307ms per_group= 0.116ms)
[pe] round= 13 work=     4096 frontier=     4096 next=     2048 consolidate=  0.364ms frontier=  0.127ms semisort=  0.395ms (keyed= 0.000ms group_by=  0.197ms per_group= 0.058ms)
[pe] round= 14 work=     2048 frontier=     2048 next=     1024 consolidate=  0.204ms frontier=  0.097ms semisort=  0.241ms (keyed= 0.000ms group_by=  0.110ms per_group= 0.047ms)
[pe] round= 15 work=     1024 frontier=     1024 next=      512 consolidate=  0.124ms frontier=  0.076ms semisort=  0.164ms (keyed= 0.000ms group_by=  0.059ms per_group= 0.046ms)
[pe] round= 16 work=      512 frontier=      512 next=      256 consolidate=  0.080ms frontier=  0.043ms semisort=  0.114ms (keyed= 0.000ms group_by=  0.047ms per_group= 0.026ms)
[pe] round= 17 work=      256 frontier=      256 next=      128 consolidate=  0.034ms frontier=  0.037ms semisort=  0.082ms (keyed= 0.000ms group_by=  0.029ms per_group= 0.022ms)
[pe] round= 18 work=      128 frontier=      128 next=       64 consolidate=  0.032ms frontier=  0.025ms semisort=  0.043ms (keyed= 0.000ms group_by=  0.013ms per_group= 0.013ms)
[pe] round= 19 work=       64 frontier=       64 next=       32 consolidate=  0.026ms frontier=  0.016ms semisort=  0.017ms (keyed= 0.000ms group_by=  0.008ms per_group= 0.004ms)
[pe] round= 20 work=       32 frontier=       32 next=       16 consolidate=  0.015ms frontier=  0.004ms semisort=  0.008ms (keyed= 0.000ms group_by=  0.003ms per_group= 0.002ms)
[pe] round= 21 work=       16 frontier=       16 next=        8 consolidate=  0.009ms frontier=  0.002ms semisort=  0.006ms (keyed= 0.000ms group_by=  0.003ms per_group= 0.001ms)
[pe] round= 22 work=        8 frontier=        8 next=        4 consolidate=  0.005ms frontier=  0.001ms semisort=  0.005ms (keyed= 0.000ms group_by=  0.002ms per_group= 0.001ms)
[pe] round= 23 work=        4 frontier=        4 next=        2 consolidate=  0.003ms frontier=  0.001ms semisort=  0.004ms (keyed= 0.000ms group_by=  0.002ms per_group= 0.001ms)
[pe] round= 24 work=        2 frontier=        0 next=        0 consolidate=  0.002ms frontier=  0.001ms semisort=  0.000ms (break)
[pe] round=  0 work=       94 frontier= 39037448 next=  9759362 consolidate=  0.794ms frontier=  1.736ms semisort= 81.926ms (keyed= 0.000ms group_by= 35.989ms per_group=22.286ms)
[pe] round=  1 work=  9759362 frontier=  9759362 next=  4194304 consolidate= 60.159ms frontier= 12.835ms semisort= 51.819ms (keyed= 0.000ms group_by= 14.403ms per_group=11.003ms)
[pe] round=  2 work=  4194304 frontier=  4194304 next=  2097152 consolidate= 30.760ms frontier=  7.135ms semisort= 29.704ms (keyed= 0.000ms group_by=  7.751ms per_group= 7.121ms)
[pe] round=  3 work=  2097152 frontier=  2097152 next=  1370754 consolidate= 21.886ms frontier=  4.185ms semisort= 16.376ms (keyed= 0.000ms group_by=  3.727ms per_group= 4.830ms)
[pe] round=  4 work=  1370754 frontier=  1370754 next=  1048576 consolidate= 13.964ms frontier=  3.611ms semisort= 11.570ms (keyed= 0.000ms group_by=  1.879ms per_group= 4.001ms)
[pe] round=  5 work=  1048576 frontier=  1048576 next=   524288 consolidate= 11.002ms frontier=  2.811ms semisort=  8.463ms (keyed= 0.000ms group_by=  1.339ms per_group= 2.957ms)
[pe] round=  6 work=   524288 frontier=   524288 next=   262144 consolidate=  6.254ms frontier=  1.732ms semisort=  4.868ms (keyed= 0.000ms group_by=  1.034ms per_group= 1.162ms)
[pe] round=  7 work=   262144 frontier=   262144 next=   131072 consolidate=  3.016ms frontier=  0.940ms semisort=  2.863ms (keyed= 0.000ms group_by=  0.620ms per_group= 0.683ms)
[pe] round=  8 work=   131072 frontier=   131072 next=    65536 consolidate=  1.697ms frontier=  0.583ms semisort=  1.423ms (keyed= 0.000ms group_by=  0.452ms per_group= 0.481ms)
[pe] round=  9 work=    65536 frontier=    65536 next=    32768 consolidate=  0.887ms frontier=  0.414ms semisort=  2.773ms (keyed= 0.000ms group_by=  2.246ms per_group= 0.219ms)
[pe] round= 10 work=    32768 frontier=    32768 next=    16384 consolidate=  0.554ms frontier=  0.270ms semisort=  1.476ms (keyed= 0.000ms group_by=  1.054ms per_group= 0.195ms)
[pe] round= 11 work=    16384 frontier=    16384 next=     8192 consolidate=  1.538ms frontier=  0.206ms semisort=  0.927ms (keyed= 0.000ms group_by=  0.614ms per_group= 0.119ms)
[pe] round= 12 work=     8192 frontier=     8192 next=     4096 consolidate=  0.741ms frontier=  0.227ms semisort=  0.541ms (keyed= 0.000ms group_by=  0.308ms per_group= 0.077ms)
[pe] round= 13 work=     4096 frontier=     4096 next=     2048 consolidate=  0.418ms frontier=  0.112ms semisort=  0.332ms (keyed= 0.000ms group_by=  0.179ms per_group= 0.050ms)
[pe] round= 14 work=     2048 frontier=     2048 next=     1024 consolidate=  0.230ms frontier=  0.086ms semisort=  0.241ms (keyed= 0.000ms group_by=  0.116ms per_group= 0.046ms)
[pe] round= 15 work=     1024 frontier=     1024 next=      512 consolidate=  0.133ms frontier=  0.071ms semisort=  0.170ms (keyed= 0.000ms group_by=  0.073ms per_group= 0.033ms)
[pe] round= 16 work=      512 frontier=      512 next=      256 consolidate=  0.078ms frontier=  0.049ms semisort=  0.115ms (keyed= 0.000ms group_by=  0.038ms per_group= 0.035ms)
[pe] round= 17 work=      256 frontier=      256 next=      128 consolidate=  0.049ms frontier=  0.040ms semisort=  0.078ms (keyed= 0.000ms group_by=  0.030ms per_group= 0.021ms)
[pe] round= 18 work=      128 frontier=      128 next=       64 consolidate=  0.030ms frontier=  0.025ms semisort=  0.040ms (keyed= 0.000ms group_by=  0.013ms per_group= 0.014ms)
[pe] round= 19 work=       64 frontier=       64 next=       32 consolidate=  0.024ms frontier=  0.009ms semisort=  0.013ms (keyed= 0.000ms group_by=  0.006ms per_group= 0.003ms)
[pe] round= 20 work=       32 frontier=       32 next=       16 consolidate=  0.016ms frontier=  0.005ms semisort=  0.010ms (keyed= 0.000ms group_by=  0.005ms per_group= 0.002ms)
[pe] round= 21 work=       16 frontier=       16 next=        8 consolidate=  0.011ms frontier=  0.004ms semisort=  0.006ms (keyed= 0.000ms group_by=  0.003ms per_group= 0.001ms)
[pe] round= 22 work=        8 frontier=        8 next=        4 consolidate=  0.005ms frontier=  0.002ms semisort=  0.005ms (keyed= 0.000ms group_by=  0.002ms per_group= 0.001ms)
[pe] round= 23 work=        4 frontier=        4 next=        2 consolidate=  0.003ms frontier=  0.001ms semisort=  0.004ms (keyed= 0.000ms group_by=  0.002ms per_group= 0.001ms)
[pe] round= 24 work=        2 frontier=        0 next=        0 consolidate=  0.002ms frontier=  0.001ms semisort=  0.000ms (break)
[pe] round=  0 work=       94 frontier= 39037448 next=  9759362 consolidate=  0.800ms frontier=  1.686ms semisort= 84.373ms (keyed= 0.000ms group_by= 34.947ms per_group=25.089ms)
[pe] round=  1 work=  9759362 frontier=  9759362 next=  4194304 consolidate= 63.690ms frontier= 13.651ms semisort= 77.723ms (keyed= 0.000ms group_by= 15.380ms per_group=10.770ms)
[pe] round=  2 work=  4194304 frontier=  4194304 next=  2097152 consolidate= 29.551ms frontier=  7.348ms semisort= 27.325ms (keyed= 0.000ms group_by=  8.112ms per_group= 7.129ms)
[pe] round=  3 work=  2097152 frontier=  2097152 next=  1370754 consolidate= 17.814ms frontier=  5.023ms semisort= 15.888ms (keyed= 0.000ms group_by=  3.831ms per_group= 4.846ms)
[pe] round=  4 work=  1370754 frontier=  1370754 next=  1048576 consolidate= 14.608ms frontier=  3.544ms semisort= 10.844ms (keyed= 0.000ms group_by=  1.926ms per_group= 4.019ms)
[pe] round=  5 work=  1048576 frontier=  1048576 next=   524288 consolidate= 11.502ms frontier=  2.924ms semisort=  8.084ms (keyed= 0.000ms group_by=  1.418ms per_group= 3.125ms)
[pe] round=  6 work=   524288 frontier=   524288 next=   262144 consolidate=  5.927ms frontier=  2.185ms semisort=  4.314ms (keyed= 0.000ms group_by=  1.019ms per_group= 1.184ms)
[pe] round=  7 work=   262144 frontier=   262144 next=   131072 consolidate=  3.174ms frontier=  0.965ms semisort=  2.394ms (keyed= 0.000ms group_by=  0.627ms per_group= 0.684ms)
[pe] round=  8 work=   131072 frontier=   131072 next=    65536 consolidate=  1.668ms frontier=  0.597ms semisort=  1.422ms (keyed= 0.000ms group_by=  0.478ms per_group= 0.465ms)
[pe] round=  9 work=    65536 frontier=    65536 next=    32768 consolidate=  0.919ms frontier=  0.401ms semisort=  2.820ms (keyed= 0.000ms group_by=  2.280ms per_group= 0.215ms)
[pe] round= 10 work=    32768 frontier=    32768 next=    16384 consolidate=  0.548ms frontier=  0.313ms semisort=  1.525ms (keyed= 0.000ms group_by=  1.123ms per_group= 0.179ms)
[pe] round= 11 work=    16384 frontier=    16384 next=     8192 consolidate=  1.611ms frontier=  0.202ms semisort=  0.838ms (keyed= 0.000ms group_by=  0.542ms per_group= 0.123ms)
[pe] round= 12 work=     8192 frontier=     8192 next=     4096 consolidate=  0.832ms frontier=  0.221ms semisort=  0.543ms (keyed= 0.000ms group_by=  0.301ms per_group= 0.069ms)
[pe] round= 13 work=     4096 frontier=     4096 next=     2048 consolidate=  0.413ms frontier=  0.122ms semisort=  0.362ms (keyed= 0.000ms group_by=  0.195ms per_group= 0.055ms)
[pe] round= 14 work=     2048 frontier=     2048 next=     1024 consolidate=  0.246ms frontier=  0.079ms semisort=  0.231ms (keyed= 0.000ms group_by=  0.110ms per_group= 0.038ms)
[pe] round= 15 work=     1024 frontier=     1024 next=      512 consolidate=  0.128ms frontier=  0.086ms semisort=  0.175ms (keyed= 0.000ms group_by=  0.065ms per_group= 0.033ms)
[pe] round= 16 work=      512 frontier=      512 next=      256 consolidate=  0.082ms frontier=  0.057ms semisort=  0.101ms (keyed= 0.000ms group_by=  0.036ms per_group= 0.028ms)
[pe] round= 17 work=      256 frontier=      256 next=      128 consolidate=  0.040ms frontier=  0.031ms semisort=  0.074ms (keyed= 0.000ms group_by=  0.025ms per_group= 0.024ms)
[pe] round= 18 work=      128 frontier=      128 next=       64 consolidate=  0.037ms frontier=  0.027ms semisort=  0.050ms (keyed= 0.000ms group_by=  0.013ms per_group= 0.020ms)
[pe] round= 19 work=       64 frontier=       64 next=       32 consolidate=  0.025ms frontier=  0.011ms semisort=  0.016ms (keyed= 0.000ms group_by=  0.007ms per_group= 0.004ms)
[pe] round= 20 work=       32 frontier=       32 next=       16 consolidate=  0.017ms frontier=  0.005ms semisort=  0.010ms (keyed= 0.000ms group_by=  0.005ms per_group= 0.003ms)
[pe] round= 21 work=       16 frontier=       16 next=        8 consolidate=  0.011ms frontier=  0.003ms semisort=  0.007ms (keyed= 0.000ms group_by=  0.003ms per_group= 0.002ms)
[pe] round= 22 work=        8 frontier=        8 next=        4 consolidate=  0.006ms frontier=  0.001ms semisort=  0.004ms (keyed= 0.000ms group_by=  0.002ms per_group= 0.001ms)
[pe] round= 23 work=        4 frontier=        4 next=        2 consolidate=  0.003ms frontier=  0.001ms semisort=  0.003ms (keyed= 0.000ms group_by=  0.002ms per_group= 0.001ms)
[pe] round= 24 work=        2 frontier=        0 next=        0 consolidate=  0.002ms frontier=  0.001ms semisort=  0.000ms (break)
[pe] round=  0 work=       94 frontier= 39037448 next=  9759362 consolidate=  0.846ms frontier=  1.661ms semisort= 82.354ms (keyed= 0.000ms group_by= 35.468ms per_group=22.393ms)
[pe] round=  1 work=  9759362 frontier=  9759362 next=  4194304 consolidate= 63.534ms frontier= 13.545ms semisort= 47.626ms (keyed= 0.000ms group_by= 15.355ms per_group=10.960ms)
[pe] round=  2 work=  4194304 frontier=  4194304 next=  2097152 consolidate= 29.821ms frontier=  7.820ms semisort= 27.375ms (keyed= 0.000ms group_by=  7.943ms per_group= 7.222ms)
[pe] round=  3 work=  2097152 frontier=  2097152 next=  1370754 consolidate= 23.030ms frontier=  4.772ms semisort= 16.699ms (keyed= 0.000ms group_by=  3.788ms per_group= 4.867ms)
[pe] round=  4 work=  1370754 frontier=  1370754 next=  1048576 consolidate= 14.826ms frontier=  4.391ms semisort= 11.906ms (keyed= 0.000ms group_by=  1.915ms per_group= 4.049ms)
[pe] round=  5 work=  1048576 frontier=  1048576 next=   524288 consolidate= 11.558ms frontier=  2.927ms semisort=  8.964ms (keyed= 0.000ms group_by=  1.481ms per_group= 3.180ms)
[pe] round=  6 work=   524288 frontier=   524288 next=   262144 consolidate=  5.972ms frontier=  1.664ms semisort=  4.438ms (keyed= 0.000ms group_by=  1.034ms per_group= 1.182ms)
[pe] round=  7 work=   262144 frontier=   262144 next=   131072 consolidate=  3.227ms frontier=  1.113ms semisort=  2.594ms (keyed= 0.000ms group_by=  0.682ms per_group= 0.734ms)
[pe] round=  8 work=   131072 frontier=   131072 next=    65536 consolidate=  1.872ms frontier=  0.708ms semisort=  1.291ms (keyed= 0.000ms group_by=  0.368ms per_group= 0.430ms)
[pe] round=  9 work=    65536 frontier=    65536 next=    32768 consolidate=  0.980ms frontier=  0.409ms semisort=  2.701ms (keyed= 0.000ms group_by=  2.141ms per_group= 0.247ms)
[pe] round= 10 work=    32768 frontier=    32768 next=    16384 consolidate=  0.594ms frontier=  0.273ms semisort=  1.542ms (keyed= 0.000ms group_by=  1.115ms per_group= 0.192ms)
[pe] round= 11 work=    16384 frontier=    16384 next=     8192 consolidate=  1.627ms frontier=  0.218ms semisort=  0.845ms (keyed= 0.000ms group_by=  0.567ms per_group= 0.107ms)
[pe] round= 12 work=     8192 frontier=     8192 next=     4096 consolidate=  0.816ms frontier=  0.240ms semisort=  0.615ms (keyed= 0.000ms group_by=  0.337ms per_group= 0.076ms)
[pe] round= 13 work=     4096 frontier=     4096 next=     2048 consolidate=  0.434ms frontier=  0.125ms semisort=  0.355ms (keyed= 0.000ms group_by=  0.195ms per_group= 0.052ms)
[pe] round= 14 work=     2048 frontier=     2048 next=     1024 consolidate=  0.248ms frontier=  0.097ms semisort=  0.277ms (keyed= 0.000ms group_by=  0.131ms per_group= 0.053ms)
[pe] round= 15 work=     1024 frontier=     1024 next=      512 consolidate=  0.130ms frontier=  0.059ms semisort=  0.163ms (keyed= 0.000ms group_by=  0.061ms per_group= 0.041ms)
[pe] round= 16 work=      512 frontier=      512 next=      256 consolidate=  0.085ms frontier=  0.057ms semisort=  0.099ms (keyed= 0.000ms group_by=  0.035ms per_group= 0.027ms)
[pe] round= 17 work=      256 frontier=      256 next=      128 consolidate=  0.043ms frontier=  0.034ms semisort=  0.080ms (keyed= 0.000ms group_by=  0.023ms per_group= 0.027ms)
[pe] round= 18 work=      128 frontier=      128 next=       64 consolidate=  0.028ms frontier=  0.023ms semisort=  0.053ms (keyed= 0.000ms group_by=  0.024ms per_group= 0.015ms)
[pe] round= 19 work=       64 frontier=       64 next=       32 consolidate=  0.023ms frontier=  0.013ms semisort=  0.017ms (keyed= 0.000ms group_by=  0.007ms per_group= 0.005ms)
[pe] round= 20 work=       32 frontier=       32 next=       16 consolidate=  0.018ms frontier=  0.005ms semisort=  0.011ms (keyed= 0.000ms group_by=  0.005ms per_group= 0.002ms)
[pe] round= 21 work=       16 frontier=       16 next=        8 consolidate=  0.014ms frontier=  0.003ms semisort=  0.007ms (keyed= 0.000ms group_by=  0.003ms per_group= 0.001ms)
[pe] round= 22 work=        8 frontier=        8 next=        4 consolidate=  0.014ms frontier=  0.002ms semisort=  0.005ms (keyed= 0.000ms group_by=  0.003ms per_group= 0.001ms)
[pe] round= 23 work=        4 frontier=        4 next=        2 consolidate=  0.003ms frontier=  0.001ms semisort=  0.004ms (keyed= 0.000ms group_by=  0.002ms per_group= 0.001ms)
[pe] round= 24 work=        2 frontier=        0 next=        0 consolidate=  0.002ms frontier=  0.001ms semisort=  0.000ms (break)
[pe] round=  0 work=       94 frontier= 39037448 next=  9759362 consolidate=  0.819ms frontier=  1.661ms semisort=145.496ms (keyed= 0.000ms group_by= 81.917ms per_group=26.611ms)
[pe] round=  1 work=  9759362 frontier=  9759362 next=  4194304 consolidate= 62.642ms frontier= 13.481ms semisort= 47.670ms (keyed= 0.000ms group_by= 15.591ms per_group=10.962ms)
[pe] round=  2 work=  4194304 frontier=  4194304 next=  2097152 consolidate= 30.519ms frontier=  7.856ms semisort= 27.419ms (keyed= 0.000ms group_by=  8.014ms per_group= 7.211ms)
[pe] round=  3 work=  2097152 frontier=  2097152 next=  1370754 consolidate= 17.968ms frontier=  4.912ms semisort= 16.560ms (keyed= 0.000ms group_by=  3.887ms per_group= 4.812ms)
[pe] round=  4 work=  1370754 frontier=  1370754 next=  1048576 consolidate= 14.981ms frontier=  4.224ms semisort= 10.842ms (keyed= 0.000ms group_by=  1.881ms per_group= 3.960ms)
[pe] round=  5 work=  1048576 frontier=  1048576 next=   524288 consolidate= 15.438ms frontier=  2.862ms semisort=  8.555ms (keyed= 0.000ms group_by=  1.374ms per_group= 3.170ms)
[pe] round=  6 work=   524288 frontier=   524288 next=   262144 consolidate=  6.044ms frontier=  1.699ms semisort=  4.176ms (keyed= 0.000ms group_by=  0.975ms per_group= 1.104ms)
[pe] round=  7 work=   262144 frontier=   262144 next=   131072 consolidate=  3.261ms frontier=  1.026ms semisort=  2.608ms (keyed= 0.000ms group_by=  0.697ms per_group= 0.707ms)
[pe] round=  8 work=   131072 frontier=   131072 next=    65536 consolidate=  1.744ms frontier=  0.634ms semisort=  1.419ms (keyed= 0.000ms group_by=  0.434ms per_group= 0.479ms)
[pe] round=  9 work=    65536 frontier=    65536 next=    32768 consolidate=  0.924ms frontier=  0.418ms semisort=  2.833ms (keyed= 0.000ms group_by=  2.298ms per_group= 0.220ms)
[pe] round= 10 work=    32768 frontier=    32768 next=    16384 consolidate=  0.582ms frontier=  0.336ms semisort=  1.498ms (keyed= 0.000ms group_by=  1.065ms per_group= 0.200ms)
[pe] round= 11 work=    16384 frontier=    16384 next=     8192 consolidate=  1.604ms frontier=  0.227ms semisort=  0.812ms (keyed= 0.000ms group_by=  0.526ms per_group= 0.108ms)
[pe] round= 12 work=     8192 frontier=     8192 next=     4096 consolidate=  0.811ms frontier=  0.236ms semisort=  0.576ms (keyed= 0.000ms group_by=  0.318ms per_group= 0.085ms)
[pe] round= 13 work=     4096 frontier=     4096 next=     2048 consolidate=  0.434ms frontier=  0.139ms semisort=  0.341ms (keyed= 0.000ms group_by=  0.183ms per_group= 0.052ms)
[pe] round= 14 work=     2048 frontier=     2048 next=     1024 consolidate=  0.255ms frontier=  0.090ms semisort=  0.229ms (keyed= 0.000ms group_by=  0.116ms per_group= 0.033ms)
[pe] round= 15 work=     1024 frontier=     1024 next=      512 consolidate=  0.143ms frontier=  0.057ms semisort=  0.174ms (keyed= 0.000ms group_by=  0.074ms per_group= 0.030ms)
[pe] round= 16 work=      512 frontier=      512 next=      256 consolidate=  0.080ms frontier=  0.045ms semisort=  0.105ms (keyed= 0.000ms group_by=  0.037ms per_group= 0.030ms)
[pe] round= 17 work=      256 frontier=      256 next=      128 consolidate=  0.050ms frontier=  0.041ms semisort=  0.075ms (keyed= 0.000ms group_by=  0.027ms per_group= 0.017ms)
[pe] round= 18 work=      128 frontier=      128 next=       64 consolidate=  0.048ms frontier=  0.032ms semisort=  0.053ms (keyed= 0.000ms group_by=  0.012ms per_group= 0.020ms)
[pe] round= 19 work=       64 frontier=       64 next=       32 consolidate=  0.029ms frontier=  0.014ms semisort=  0.020ms (keyed= 0.000ms group_by=  0.007ms per_group= 0.007ms)
[pe] round= 20 work=       32 frontier=       32 next=       16 consolidate=  0.022ms frontier=  0.006ms semisort=  0.011ms (keyed= 0.000ms group_by=  0.005ms per_group= 0.003ms)
[pe] round= 21 work=       16 frontier=       16 next=        8 consolidate=  0.012ms frontier=  0.003ms semisort=  0.007ms (keyed= 0.000ms group_by=  0.003ms per_group= 0.002ms)
[pe] round= 22 work=        8 frontier=        8 next=        4 consolidate=  0.005ms frontier=  0.001ms semisort=  0.005ms (keyed= 0.000ms group_by=  0.002ms per_group= 0.001ms)
[pe] round= 23 work=        4 frontier=        4 next=        2 consolidate=  0.003ms frontier=  0.001ms semisort=  0.004ms (keyed= 0.000ms group_by=  0.002ms per_group= 0.001ms)
[pe] round= 24 work=        2 frontier=        0 next=        0 consolidate=  0.002ms frontier=  0.002ms semisort=  0.000ms (break)
[pe] round=  0 work=       94 frontier= 39037448 next=  9759362 consolidate=  0.828ms frontier=  1.639ms semisort= 83.480ms (keyed= 0.000ms group_by= 37.129ms per_group=22.631ms)
[pe] round=  1 work=  9759362 frontier=  9759362 next=  4194304 consolidate= 75.894ms frontier= 15.863ms semisort= 53.674ms (keyed= 0.000ms group_by= 18.440ms per_group=11.106ms)
[pe] round=  2 work=  4194304 frontier=  4194304 next=  2097152 consolidate= 34.556ms frontier=  7.195ms semisort= 26.968ms (keyed= 0.000ms group_by=  8.110ms per_group= 7.237ms)
[pe] round=  3 work=  2097152 frontier=  2097152 next=  1370754 consolidate= 18.233ms frontier=  5.104ms semisort= 17.556ms (keyed= 0.000ms group_by=  3.782ms per_group= 4.892ms)
[pe] round=  4 work=  1370754 frontier=  1370754 next=  1048576 consolidate= 15.403ms frontier=  3.580ms semisort= 13.351ms (keyed= 0.000ms group_by=  2.267ms per_group= 5.136ms)
[pe] round=  5 work=  1048576 frontier=  1048576 next=   524288 consolidate= 11.832ms frontier=  3.559ms semisort=  9.300ms (keyed= 0.000ms group_by=  1.962ms per_group= 3.165ms)
[pe] round=  6 work=   524288 frontier=   524288 next=   262144 consolidate=  5.962ms frontier=  1.767ms semisort=  6.444ms (keyed= 0.000ms group_by=  0.732ms per_group= 3.679ms)
[pe] round=  7 work=   262144 frontier=   262144 next=   131072 consolidate=  8.859ms frontier=  1.204ms semisort=  2.419ms (keyed= 0.000ms group_by=  0.578ms per_group= 0.404ms)
[pe] round=  8 work=   131072 frontier=   131072 next=    65536 consolidate=  1.789ms frontier=  0.773ms semisort=  1.645ms (keyed= 0.000ms group_by=  0.416ms per_group= 0.509ms)
[pe] round=  9 work=    65536 frontier=    65536 next=    32768 consolidate=  0.912ms frontier=  0.408ms semisort=  2.860ms (keyed= 0.000ms group_by=  2.298ms per_group= 0.250ms)
[pe] round= 10 work=    32768 frontier=    32768 next=    16384 consolidate=  0.597ms frontier=  0.326ms semisort=  1.532ms (keyed= 0.000ms group_by=  1.113ms per_group= 0.187ms)
[pe] round= 11 work=    16384 frontier=    16384 next=     8192 consolidate=  1.623ms frontier=  0.225ms semisort=  0.845ms (keyed= 0.000ms group_by=  0.562ms per_group= 0.113ms)
[pe] round= 12 work=     8192 frontier=     8192 next=     4096 consolidate=  0.853ms frontier=  0.317ms semisort=  0.623ms (keyed= 0.000ms group_by=  0.315ms per_group= 0.133ms)
[pe] round= 13 work=     4096 frontier=     4096 next=     2048 consolidate=  0.456ms frontier=  0.115ms semisort=  0.357ms (keyed= 0.000ms group_by=  0.209ms per_group= 0.052ms)
[pe] round= 14 work=     2048 frontier=     2048 next=     1024 consolidate=  0.256ms frontier=  0.089ms semisort=  0.239ms (keyed= 0.000ms group_by=  0.120ms per_group= 0.031ms)
[pe] round= 15 work=     1024 frontier=     1024 next=      512 consolidate=  0.145ms frontier=  0.056ms semisort=  0.157ms (keyed= 0.000ms group_by=  0.053ms per_group= 0.035ms)
[pe] round= 16 work=      512 frontier=      512 next=      256 consolidate=  0.083ms frontier=  0.058ms semisort=  0.094ms (keyed= 0.000ms group_by=  0.033ms per_group= 0.025ms)
[pe] round= 17 work=      256 frontier=      256 next=      128 consolidate=  0.054ms frontier=  0.037ms semisort=  0.076ms (keyed= 0.000ms group_by=  0.031ms per_group= 0.013ms)
[pe] round= 18 work=      128 frontier=      128 next=       64 consolidate=  0.036ms frontier=  0.025ms semisort=  0.048ms (keyed= 0.000ms group_by=  0.014ms per_group= 0.016ms)
[pe] round= 19 work=       64 frontier=       64 next=       32 consolidate=  0.026ms frontier=  0.013ms semisort=  0.017ms (keyed= 0.000ms group_by=  0.007ms per_group= 0.005ms)
[pe] round= 20 work=       32 frontier=       32 next=       16 consolidate=  0.022ms frontier=  0.006ms semisort=  0.011ms (keyed= 0.000ms group_by=  0.005ms per_group= 0.003ms)
[pe] round= 21 work=       16 frontier=       16 next=        8 consolidate=  0.012ms frontier=  0.004ms semisort=  0.007ms (keyed= 0.000ms group_by=  0.003ms per_group= 0.001ms)
[pe] round= 22 work=        8 frontier=        8 next=        4 consolidate=  0.005ms frontier=  0.001ms semisort=  0.005ms (keyed= 0.000ms group_by=  0.003ms per_group= 0.001ms)
[pe] round= 23 work=        4 frontier=        4 next=        2 consolidate=  0.003ms frontier=  0.001ms semisort=  0.004ms (keyed= 0.000ms group_by=  0.002ms per_group= 0.001ms)
[pe] round= 24 work=        2 frontier=        0 next=        0 consolidate=  0.002ms frontier=  0.001ms semisort=  0.000ms (break)
