[synthetic_bench] quartic n=47 d=2 classes=19518816 merges=47 ...
[pe] round=  0 work=       94 frontier= 39037448 next=  9759362 consolidate=  3.052ms frontier=  7.553ms semisort=256.370ms (keyed= 0.000ms group_by=164.963ms per_group=38.799ms)
[pe] round=  1 work=  9759362 frontier=  9759362 next=  4194304 consolidate= 98.603ms frontier= 18.412ms semisort= 73.285ms (keyed= 0.000ms group_by= 20.592ms per_group=15.961ms)
[pe] round=  2 work=  4194304 frontier=  4194304 next=  2097152 consolidate= 48.340ms frontier= 11.318ms semisort= 42.368ms (keyed= 0.000ms group_by= 12.011ms per_group= 9.179ms)
[pe] round=  3 work=  2097152 frontier=  2097152 next=  1370754 consolidate= 28.398ms frontier=  7.395ms semisort= 23.111ms (keyed= 0.000ms group_by=  5.809ms per_group= 5.811ms)
[pe] round=  4 work=  1370754 frontier=  1370754 next=  1048576 consolidate= 19.310ms frontier=  5.250ms semisort= 15.581ms (keyed= 0.000ms group_by=  3.230ms per_group= 4.635ms)
[pe] round=  5 work=  1048576 frontier=  1048576 next=   524288 consolidate= 14.753ms frontier=  4.495ms semisort=  9.800ms (keyed= 0.000ms group_by=  2.132ms per_group= 2.889ms)
[pe] round=  6 work=   524288 frontier=   524288 next=   262144 consolidate=  8.248ms frontier=  1.997ms semisort=  4.555ms (keyed= 0.000ms group_by=  0.997ms per_group= 1.037ms)
[pe] round=  7 work=   262144 frontier=   262144 next=   131072 consolidate=  3.885ms frontier=  1.394ms semisort=  2.581ms (keyed= 0.000ms group_by=  0.560ms per_group= 0.644ms)
[pe] round=  8 work=   131072 frontier=   131072 next=    65536 consolidate=  2.066ms frontier=  0.733ms semisort=  1.359ms (keyed= 0.000ms group_by=  0.400ms per_group= 0.406ms)
[pe] round=  9 work=    65536 frontier=    65536 next=    32768 consolidate=  1.052ms frontier=  0.394ms semisort=  2.348ms (keyed= 0.000ms group_by=  1.806ms per_group= 0.221ms)
[pe] round= 10 work=    32768 frontier=    32768 next=    16384 consolidate=  0.582ms frontier=  0.279ms semisort=  1.258ms (keyed= 0.000ms group_by=  0.922ms per_group= 0.142ms)
[pe] round= 11 work=    16384 frontier=    16384 next=     8192 consolidate=  1.097ms frontier=  0.179ms semisort=  0.678ms (keyed= 0.000ms group_by=  0.449ms per_group= 0.091ms)
[pe] round= 12 work=     8192 frontier=     8192 next=     4096 consolidate=  0.625ms frontier=  0.197ms semisort=  0.484ms (keyed= 0.000ms group_by=  0.267ms per_group= 0.070ms)
[pe] round= 13 work=     4096 frontier=     4096 next=     2048 consolidate=  0.361ms frontier=  0.109ms semisort=  0.273ms (keyed= 0.000ms group_by=  0.144ms per_group= 0.040ms)
[pe] round= 14 work=     2048 frontier=     2048 next=     1024 consolidate=  0.178ms frontier=  0.073ms semisort=  0.175ms (keyed= 0.000ms group_by=  0.082ms per_group= 0.036ms)
[pe] round= 15 work=     1024 frontier=     1024 next=      512 consolidate=  0.095ms frontier=  0.049ms semisort=  0.106ms (keyed= 0.000ms group_by=  0.045ms per_group= 0.023ms)
[pe] round= 16 work=      512 frontier=      512 next=      256 consolidate=  0.063ms frontier=  0.034ms semisort=  0.074ms (keyed= 0.000ms group_by=  0.026ms per_group= 0.015ms)
[pe] round= 17 work=      256 frontier=      256 next=      128 consolidate=  0.031ms frontier=  0.027ms semisort=  0.053ms (keyed= 0.000ms group_by=  0.020ms per_group= 0.017ms)
[pe] round= 18 work=      128 frontier=      128 next=       64 consolidate=  0.020ms frontier=  0.012ms semisort=  0.024ms (keyed= 0.000ms group_by=  0.009ms per_group= 0.008ms)
[pe] round= 19 work=       64 frontier=       64 next=       32 consolidate=  0.016ms frontier=  0.007ms semisort=  0.012ms (keyed= 0.000ms group_by=  0.005ms per_group= 0.003ms)
[pe] round= 20 work=       32 frontier=       32 next=       16 consolidate=  0.012ms frontier=  0.004ms semisort=  0.008ms (keyed= 0.000ms group_by=  0.004ms per_group= 0.002ms)
[pe] round= 21 work=       16 frontier=       16 next=        8 consolidate=  0.007ms frontier=  0.002ms semisort=  0.006ms (keyed= 0.000ms group_by=  0.002ms per_group= 0.002ms)
[pe] round= 22 work=        8 frontier=        8 next=        4 consolidate=  0.003ms frontier=  0.001ms semisort=  0.004ms (keyed= 0.000ms group_by=  0.002ms per_group= 0.001ms)
[pe] round= 23 work=        4 frontier=        4 next=        2 consolidate=  0.002ms frontier=  0.001ms semisort=  0.003ms (keyed= 0.000ms group_by=  0.002ms per_group= 0.001ms)
[pe] round= 24 work=        2 frontier=        0 next=        0 consolidate=  0.002ms frontier=  0.001ms semisort=  0.000ms (break)
[pe] round=  0 work=       94 frontier= 39037448 next=  9759362 consolidate=  1.224ms frontier=  2.494ms semisort=134.627ms (keyed= 0.000ms group_by= 53.988ms per_group=37.207ms)
[pe] round=  1 work=  9759362 frontier=  9759362 next=  4194304 consolidate=102.550ms frontier= 21.589ms semisort= 70.270ms (keyed= 0.000ms group_by= 21.001ms per_group=15.125ms)
[pe] round=  2 work=  4194304 frontier=  4194304 next=  2097152 consolidate= 50.066ms frontier= 11.008ms semisort= 40.795ms (keyed= 0.000ms group_by= 11.662ms per_group= 9.606ms)
[pe] round=  3 work=  2097152 frontier=  2097152 next=  1370754 consolidate= 26.397ms frontier=  6.544ms semisort= 21.833ms (keyed= 0.000ms group_by=  6.006ms per_group= 5.828ms)
[pe] round=  4 work=  1370754 frontier=  1370754 next=  1048576 consolidate= 20.849ms frontier=  5.499ms semisort= 13.716ms (keyed= 0.000ms group_by=  2.762ms per_group= 4.293ms)
[pe] round=  5 work=  1048576 frontier=  1048576 next=   524288 consolidate= 16.389ms frontier=  4.325ms semisort= 10.290ms (keyed= 0.000ms group_by=  1.821ms per_group= 3.019ms)
[pe] round=  6 work=   524288 frontier=   524288 next=   262144 consolidate=  8.072ms frontier=  2.489ms semisort=  4.723ms (keyed= 0.000ms group_by=  0.988ms per_group= 1.035ms)
[pe] round=  7 work=   262144 frontier=   262144 next=   131072 consolidate=  5.064ms frontier=  1.308ms semisort=  2.435ms (keyed= 0.000ms group_by=  0.523ms per_group= 0.695ms)
[pe] round=  8 work=   131072 frontier=   131072 next=    65536 consolidate=  2.333ms frontier=  0.738ms semisort=  1.471ms (keyed= 0.000ms group_by=  0.388ms per_group= 0.426ms)
[pe] round=  9 work=    65536 frontier=    65536 next=    32768 consolidate=  1.167ms frontier=  0.399ms semisort=  2.469ms (keyed= 0.000ms group_by=  1.877ms per_group= 0.268ms)
[pe] round= 10 work=    32768 frontier=    32768 next=    16384 consolidate=  0.780ms frontier=  0.296ms semisort=  1.282ms (keyed= 0.000ms group_by=  0.916ms per_group= 0.156ms)
[pe] round= 11 work=    16384 frontier=    16384 next=     8192 consolidate=  1.328ms frontier=  0.174ms semisort=  0.705ms (keyed= 0.000ms group_by=  0.462ms per_group= 0.096ms)
[pe] round= 12 work=     8192 frontier=     8192 next=     4096 consolidate=  0.794ms frontier=  0.203ms semisort=  0.488ms (keyed= 0.000ms group_by=  0.279ms per_group= 0.066ms)
[pe] round= 13 work=     4096 frontier=     4096 next=     2048 consolidate=  0.410ms frontier=  0.109ms semisort=  0.265ms (keyed= 0.000ms group_by=  0.139ms per_group= 0.042ms)
[pe] round= 14 work=     2048 frontier=     2048 next=     1024 consolidate=  0.206ms frontier=  0.075ms semisort=  0.172ms (keyed= 0.000ms group_by=  0.085ms per_group= 0.032ms)
[pe] round= 15 work=     1024 frontier=     1024 next=      512 consolidate=  0.114ms frontier=  0.052ms semisort=  0.112ms (keyed= 0.000ms group_by=  0.048ms per_group= 0.021ms)
[pe] round= 16 work=      512 frontier=      512 next=      256 consolidate=  0.059ms frontier=  0.037ms semisort=  0.076ms (keyed= 0.000ms group_by=  0.025ms per_group= 0.016ms)
[pe] round= 17 work=      256 frontier=      256 next=      128 consolidate=  0.031ms frontier=  0.022ms semisort=  0.047ms (keyed= 0.000ms group_by=  0.016ms per_group= 0.014ms)
[pe] round= 18 work=      128 frontier=      128 next=       64 consolidate=  0.022ms frontier=  0.013ms semisort=  0.023ms (keyed= 0.000ms group_by=  0.009ms per_group= 0.007ms)
[pe] round= 19 work=       64 frontier=       64 next=       32 consolidate=  0.018ms frontier=  0.007ms semisort=  0.012ms (keyed= 0.000ms group_by=  0.005ms per_group= 0.003ms)
[pe] round= 20 work=       32 frontier=       32 next=       16 consolidate=  0.012ms frontier=  0.004ms semisort=  0.007ms (keyed= 0.000ms group_by=  0.003ms per_group= 0.002ms)
[pe] round= 21 work=       16 frontier=       16 next=        8 consolidate=  0.009ms frontier=  0.003ms semisort=  0.005ms (keyed= 0.000ms group_by=  0.003ms per_group= 0.001ms)
[pe] round= 22 work=        8 frontier=        8 next=        4 consolidate=  0.004ms frontier=  0.001ms semisort=  0.004ms (keyed= 0.000ms group_by=  0.002ms per_group= 0.001ms)
[pe] round= 23 work=        4 frontier=        4 next=        2 consolidate=  0.003ms frontier=  0.001ms semisort=  0.003ms (keyed= 0.000ms group_by=  0.002ms per_group= 0.001ms)
[pe] round= 24 work=        2 frontier=        0 next=        0 consolidate=  0.002ms frontier=  0.001ms semisort=  0.000ms (break)
[pe] round=  0 work=       94 frontier= 39037448 next=  9759362 consolidate=  1.194ms frontier=  2.413ms semisort=132.913ms (keyed= 0.000ms group_by= 54.412ms per_group=35.893ms)
[pe] round=  1 work=  9759362 frontier=  9759362 next=  4194304 consolidate=111.801ms frontier= 24.755ms semisort= 70.532ms (keyed= 0.000ms group_by= 21.120ms per_group=14.602ms)
[pe] round=  2 work=  4194304 frontier=  4194304 next=  2097152 consolidate= 52.641ms frontier= 11.526ms semisort= 40.524ms (keyed= 0.000ms group_by= 12.049ms per_group= 9.820ms)
[pe] round=  3 work=  2097152 frontier=  2097152 next=  1370754 consolidate= 31.299ms frontier=  6.260ms semisort= 21.952ms (keyed= 0.000ms group_by=  6.093ms per_group= 5.899ms)
[pe] round=  4 work=  1370754 frontier=  1370754 next=  1048576 consolidate= 26.733ms frontier=  4.581ms semisort= 14.813ms (keyed= 0.000ms group_by=  2.812ms per_group= 4.503ms)
[pe] round=  5 work=  1048576 frontier=  1048576 next=   524288 consolidate= 16.584ms frontier=  3.753ms semisort=  9.614ms (keyed= 0.000ms group_by=  1.946ms per_group= 3.003ms)
[pe] round=  6 work=   524288 frontier=   524288 next=   262144 consolidate= 10.118ms frontier=  2.475ms semisort= 18.208ms (keyed= 0.000ms group_by=  1.125ms per_group= 1.005ms)
[pe] round=  7 work=   262144 frontier=   262144 next=   131072 consolidate=  4.300ms frontier=  1.251ms semisort=  2.419ms (keyed= 0.000ms group_by=  0.570ms per_group= 0.608ms)
[pe] round=  8 work=   131072 frontier=   131072 next=    65536 consolidate=  2.248ms frontier=  0.650ms semisort=  1.436ms (keyed= 0.000ms group_by=  0.397ms per_group= 0.406ms)
[pe] round=  9 work=    65536 frontier=    65536 next=    32768 consolidate=  1.291ms frontier=  0.397ms semisort=  2.373ms (keyed= 0.000ms group_by=  1.830ms per_group= 0.230ms)
[pe] round= 10 work=    32768 frontier=    32768 next=    16384 consolidate=  0.683ms frontier=  0.301ms semisort=  1.264ms (keyed= 0.000ms group_by=  0.901ms per_group= 0.159ms)
[pe] round= 11 work=    16384 frontier=    16384 next=     8192 consolidate=  1.433ms frontier=  0.193ms semisort=  0.694ms (keyed= 0.000ms group_by=  0.462ms per_group= 0.099ms)
[pe] round= 12 work=     8192 frontier=     8192 next=     4096 consolidate=  0.756ms frontier=  0.208ms semisort=  0.479ms (keyed= 0.000ms group_by=  0.264ms per_group= 0.079ms)
[pe] round= 13 work=     4096 frontier=     4096 next=     2048 consolidate=  0.407ms frontier=  0.115ms semisort=  0.276ms (keyed= 0.000ms group_by=  0.137ms per_group= 0.041ms)
[pe] round= 14 work=     2048 frontier=     2048 next=     1024 consolidate=  0.213ms frontier=  0.069ms semisort=  0.176ms (keyed= 0.000ms group_by=  0.082ms per_group= 0.036ms)
[pe] round= 15 work=     1024 frontier=     1024 next=      512 consolidate=  0.112ms frontier=  0.052ms semisort=  0.109ms (keyed= 0.000ms group_by=  0.049ms per_group= 0.023ms)
[pe] round= 16 work=      512 frontier=      512 next=      256 consolidate=  0.069ms frontier=  0.040ms semisort=  0.068ms (keyed= 0.000ms group_by=  0.025ms per_group= 0.017ms)
[pe] round= 17 work=      256 frontier=      256 next=      128 consolidate=  0.030ms frontier=  0.024ms semisort=  0.053ms (keyed= 0.000ms group_by=  0.021ms per_group= 0.015ms)
[pe] round= 18 work=      128 frontier=      128 next=       64 consolidate=  0.021ms frontier=  0.017ms semisort=  0.024ms (keyed= 0.000ms group_by=  0.009ms per_group= 0.008ms)
[pe] round= 19 work=       64 frontier=       64 next=       32 consolidate=  0.024ms frontier=  0.007ms semisort=  0.012ms (keyed= 0.000ms group_by=  0.006ms per_group= 0.003ms)
[pe] round= 20 work=       32 frontier=       32 next=       16 consolidate=  0.013ms frontier=  0.004ms semisort=  0.007ms (keyed= 0.000ms group_by=  0.003ms per_group= 0.002ms)
[pe] round= 21 work=       16 frontier=       16 next=        8 consolidate=  0.008ms frontier=  0.002ms semisort=  0.005ms (keyed= 0.000ms group_by=  0.003ms per_group= 0.001ms)
[pe] round= 22 work=        8 frontier=        8 next=        4 consolidate=  0.004ms frontier=  0.001ms semisort=  0.003ms (keyed= 0.000ms group_by=  0.002ms per_group= 0.001ms)
[pe] round= 23 work=        4 frontier=        4 next=        2 consolidate=  0.003ms frontier=  0.001ms semisort=  0.003ms (keyed= 0.000ms group_by=  0.002ms per_group= 0.001ms)
[pe] round= 24 work=        2 frontier=        0 next=        0 consolidate=  0.002ms frontier=  0.001ms semisort=  0.000ms (break)
[pe] round=  0 work=       94 frontier= 39037448 next=  9759362 consolidate=  1.428ms frontier=  7.511ms semisort=159.442ms (keyed= 0.000ms group_by= 80.609ms per_group=36.656ms)
[pe] round=  1 work=  9759362 frontier=  9759362 next=  4194304 consolidate=109.604ms frontier= 26.144ms semisort= 69.211ms (keyed= 0.000ms group_by= 21.768ms per_group=15.137ms)
[pe] round=  2 work=  4194304 frontier=  4194304 next=  2097152 consolidate= 53.623ms frontier= 12.333ms semisort= 40.501ms (keyed= 0.000ms group_by= 12.466ms per_group= 9.773ms)
[pe] round=  3 work=  2097152 frontier=  2097152 next=  1370754 consolidate= 31.048ms frontier=  6.822ms semisort= 21.526ms (keyed= 0.000ms group_by=  5.805ms per_group= 5.988ms)
[pe] round=  4 work=  1370754 frontier=  1370754 next=  1048576 consolidate= 21.551ms frontier=  5.624ms semisort= 13.847ms (keyed= 0.000ms group_by=  2.840ms per_group= 4.656ms)
[pe] round=  5 work=  1048576 frontier=  1048576 next=   524288 consolidate= 16.064ms frontier=  3.566ms semisort=  9.603ms (keyed= 0.000ms group_by=  2.110ms per_group= 3.114ms)
[pe] round=  6 work=   524288 frontier=   524288 next=   262144 consolidate= 10.145ms frontier=  1.902ms semisort=  4.649ms (keyed= 0.000ms group_by=  1.357ms per_group= 1.086ms)
[pe] round=  7 work=   262144 frontier=   262144 next=   131072 consolidate=  4.411ms frontier=  1.193ms semisort=  2.319ms (keyed= 0.000ms group_by=  0.588ms per_group= 0.623ms)
[pe] round=  8 work=   131072 frontier=   131072 next=    65536 consolidate=  2.248ms frontier=  0.768ms semisort=  1.613ms (keyed= 0.000ms group_by=  0.505ms per_group= 0.502ms)
[pe] round=  9 work=    65536 frontier=    65536 next=    32768 consolidate=  1.315ms frontier=  0.393ms semisort=  2.439ms (keyed= 0.000ms group_by=  1.908ms per_group= 0.231ms)
[pe] round= 10 work=    32768 frontier=    32768 next=    16384 consolidate=  0.765ms frontier=  0.283ms semisort=  1.262ms (keyed= 0.000ms group_by=  0.917ms per_group= 0.153ms)
[pe] round= 11 work=    16384 frontier=    16384 next=     8192 consolidate=  1.407ms frontier=  0.178ms semisort=  0.695ms (keyed= 0.000ms group_by=  0.452ms per_group= 0.099ms)
[pe] round= 12 work=     8192 frontier=     8192 next=     4096 consolidate=  0.769ms frontier=  0.208ms semisort=  0.451ms (keyed= 0.000ms group_by=  0.245ms per_group= 0.061ms)
[pe] round= 13 work=     4096 frontier=     4096 next=     2048 consolidate=  0.404ms frontier=  0.111ms semisort=  0.274ms (keyed= 0.000ms group_by=  0.143ms per_group= 0.043ms)
[pe] round= 14 work=     2048 frontier=     2048 next=     1024 consolidate=  0.215ms frontier=  0.070ms semisort=  0.187ms (keyed= 0.000ms group_by=  0.085ms per_group= 0.035ms)
[pe] round= 15 work=     1024 frontier=     1024 next=      512 consolidate=  0.113ms frontier=  0.065ms semisort=  0.105ms (keyed= 0.000ms group_by=  0.048ms per_group= 0.021ms)
[pe] round= 16 work=      512 frontier=      512 next=      256 consolidate=  0.069ms frontier=  0.041ms semisort=  0.070ms (keyed= 0.000ms group_by=  0.025ms per_group= 0.015ms)
[pe] round= 17 work=      256 frontier=      256 next=      128 consolidate=  0.032ms frontier=  0.033ms semisort=  0.047ms (keyed= 0.000ms group_by=  0.015ms per_group= 0.016ms)
[pe] round= 18 work=      128 frontier=      128 next=       64 consolidate=  0.023ms frontier=  0.013ms semisort=  0.025ms (keyed= 0.000ms group_by=  0.011ms per_group= 0.008ms)
[pe] round= 19 work=       64 frontier=       64 next=       32 consolidate=  0.019ms frontier=  0.007ms semisort=  0.012ms (keyed= 0.000ms group_by=  0.005ms per_group= 0.003ms)
[pe] round= 20 work=       32 frontier=       32 next=       16 consolidate=  0.013ms frontier=  0.004ms semisort=  0.008ms (keyed= 0.000ms group_by=  0.003ms per_group= 0.002ms)
[pe] round= 21 work=       16 frontier=       16 next=        8 consolidate=  0.007ms frontier=  0.002ms semisort=  0.005ms (keyed= 0.000ms group_by=  0.002ms per_group= 0.001ms)
[pe] round= 22 work=        8 frontier=        8 next=        4 consolidate=  0.004ms frontier=  0.001ms semisort=  0.004ms (keyed= 0.000ms group_by=  0.002ms per_group= 0.001ms)
[pe] round= 23 work=        4 frontier=        4 next=        2 consolidate=  0.003ms frontier=  0.001ms semisort=  0.003ms (keyed= 0.000ms group_by=  0.002ms per_group= 0.001ms)
[pe] round= 24 work=        2 frontier=        0 next=        0 consolidate=  0.002ms frontier=  0.001ms semisort=  0.000ms (break)
[pe] round=  0 work=       94 frontier= 39037448 next=  9759362 consolidate=  1.188ms frontier=  2.504ms semisort=144.827ms (keyed= 0.000ms group_by= 57.220ms per_group=35.059ms)
[pe] round=  1 work=  9759362 frontier=  9759362 next=  4194304 consolidate=112.459ms frontier= 26.492ms semisort= 70.804ms (keyed= 0.000ms group_by= 21.555ms per_group=17.081ms)
[pe] round=  2 work=  4194304 frontier=  4194304 next=  2097152 consolidate= 54.409ms frontier= 13.267ms semisort= 40.124ms (keyed= 0.000ms group_by= 12.366ms per_group= 9.708ms)
[pe] round=  3 work=  2097152 frontier=  2097152 next=  1370754 consolidate= 28.446ms frontier=  6.530ms semisort= 22.568ms (keyed= 0.000ms group_by=  6.419ms per_group= 5.967ms)
[pe] round=  4 work=  1370754 frontier=  1370754 next=  1048576 consolidate= 21.238ms frontier=  5.438ms semisort= 15.082ms (keyed= 0.000ms group_by=  4.329ms per_group= 4.602ms)
[pe] round=  5 work=  1048576 frontier=  1048576 next=   524288 consolidate= 16.585ms frontier=  4.404ms semisort= 10.301ms (keyed= 0.000ms group_by=  2.057ms per_group= 2.999ms)
[pe] round=  6 work=   524288 frontier=   524288 next=   262144 consolidate=  8.263ms frontier=  2.375ms semisort=  4.304ms (keyed= 0.000ms group_by=  1.095ms per_group= 1.041ms)
[pe] round=  7 work=   262144 frontier=   262144 next=   131072 consolidate=  4.489ms frontier=  1.208ms semisort=  2.462ms (keyed= 0.000ms group_by=  0.566ms per_group= 0.746ms)
[pe] round=  8 work=   131072 frontier=   131072 next=    65536 consolidate=  2.259ms frontier=  0.757ms semisort=  1.504ms (keyed= 0.000ms group_by=  0.422ms per_group= 0.464ms)
[pe] round=  9 work=    65536 frontier=    65536 next=    32768 consolidate=  1.289ms frontier=  0.405ms semisort=  2.336ms (keyed= 0.000ms group_by=  1.822ms per_group= 0.231ms)
[pe] round= 10 work=    32768 frontier=    32768 next=    16384 consolidate=  0.763ms frontier=  0.313ms semisort=  1.214ms (keyed= 0.000ms group_by=  0.871ms per_group= 0.144ms)
[pe] round= 11 work=    16384 frontier=    16384 next=     8192 consolidate=  1.439ms frontier=  0.194ms semisort=  0.707ms (keyed= 0.000ms group_by=  0.453ms per_group= 0.101ms)
[pe] round= 12 work=     8192 frontier=     8192 next=     4096 consolidate=  0.799ms frontier=  0.195ms semisort=  0.436ms (keyed= 0.000ms group_by=  0.236ms per_group= 0.062ms)
[pe] round= 13 work=     4096 frontier=     4096 next=     2048 consolidate=  0.420ms frontier=  0.132ms semisort=  0.278ms (keyed= 0.000ms group_by=  0.152ms per_group= 0.044ms)
[pe] round= 14 work=     2048 frontier=     2048 next=     1024 consolidate=  0.221ms frontier=  0.065ms semisort=  0.176ms (keyed= 0.000ms group_by=  0.082ms per_group= 0.038ms)
[pe] round= 15 work=     1024 frontier=     1024 next=      512 consolidate=  0.108ms frontier=  0.056ms semisort=  0.103ms (keyed= 0.000ms group_by=  0.038ms per_group= 0.023ms)
[pe] round= 16 work=      512 frontier=      512 next=      256 consolidate=  0.070ms frontier=  0.041ms semisort=  0.070ms (keyed= 0.000ms group_by=  0.025ms per_group= 0.016ms)
[pe] round= 17 work=      256 frontier=      256 next=      128 consolidate=  0.033ms frontier=  0.032ms semisort=  0.048ms (keyed= 0.000ms group_by=  0.016ms per_group= 0.016ms)
[pe] round= 18 work=      128 frontier=      128 next=       64 consolidate=  0.024ms frontier=  0.013ms semisort=  0.023ms (keyed= 0.000ms group_by=  0.009ms per_group= 0.008ms)
[pe] round= 19 work=       64 frontier=       64 next=       32 consolidate=  0.023ms frontier=  0.007ms semisort=  0.012ms (keyed= 0.000ms group_by=  0.005ms per_group= 0.003ms)
[pe] round= 20 work=       32 frontier=       32 next=       16 consolidate=  0.013ms frontier=  0.004ms semisort=  0.008ms (keyed= 0.000ms group_by=  0.004ms per_group= 0.002ms)
[pe] round= 21 work=       16 frontier=       16 next=        8 consolidate=  0.008ms frontier=  0.002ms semisort=  0.005ms (keyed= 0.000ms group_by=  0.003ms per_group= 0.001ms)
[pe] round= 22 work=        8 frontier=        8 next=        4 consolidate=  0.004ms frontier=  0.001ms semisort=  0.004ms (keyed= 0.000ms group_by=  0.002ms per_group= 0.001ms)
[pe] round= 23 work=        4 frontier=        4 next=        2 consolidate=  0.003ms frontier=  0.001ms semisort=  0.003ms (keyed= 0.000ms group_by=  0.002ms per_group= 0.001ms)
[pe] round= 24 work=        2 frontier=        0 next=        0 consolidate=  0.002ms frontier=  0.001ms semisort=  0.000ms (break)
[pe] round=  0 work=       94 frontier= 39037448 next=  9759362 consolidate=  1.272ms frontier=  2.435ms semisort=141.504ms (keyed= 0.000ms group_by= 64.012ms per_group=36.092ms)
[pe] round=  1 work=  9759362 frontier=  9759362 next=  4194304 consolidate=115.146ms frontier= 25.238ms semisort= 70.325ms (keyed= 0.000ms group_by= 23.253ms per_group=14.742ms)
[pe] round=  2 work=  4194304 frontier=  4194304 next=  2097152 consolidate= 53.493ms frontier= 12.136ms semisort= 38.393ms (keyed= 0.000ms group_by= 12.098ms per_group= 9.358ms)
[pe] round=  3 work=  2097152 frontier=  2097152 next=  1370754 consolidate= 30.975ms frontier=  7.355ms semisort= 22.273ms (keyed= 0.000ms group_by=  6.144ms per_group= 5.808ms)
[pe] round=  4 work=  1370754 frontier=  1370754 next=  1048576 consolidate= 20.625ms frontier=  4.511ms semisort= 15.150ms (keyed= 0.000ms group_by=  2.820ms per_group= 5.215ms)
[pe] round=  5 work=  1048576 frontier=  1048576 next=   524288 consolidate= 16.506ms frontier=  4.430ms semisort=  9.662ms (keyed= 0.000ms group_by=  2.389ms per_group= 2.798ms)
[pe] round=  6 work=   524288 frontier=   524288 next=   262144 consolidate=  8.524ms frontier=  2.467ms semisort=  4.292ms (keyed= 0.000ms group_by=  1.030ms per_group= 1.075ms)
[pe] round=  7 work=   262144 frontier=   262144 next=   131072 consolidate=  4.419ms frontier=  1.396ms semisort=  2.478ms (keyed= 0.000ms group_by=  0.576ms per_group= 0.702ms)
[pe] round=  8 work=   131072 frontier=   131072 next=    65536 consolidate=  2.274ms frontier=  0.841ms semisort=  1.390ms (keyed= 0.000ms group_by=  0.406ms per_group= 0.452ms)
[pe] round=  9 work=    65536 frontier=    65536 next=    32768 consolidate=  1.268ms frontier=  0.404ms semisort=  2.272ms (keyed= 0.000ms group_by=  1.753ms per_group= 0.225ms)
[pe] round= 10 work=    32768 frontier=    32768 next=    16384 consolidate=  0.752ms frontier=  0.308ms semisort=  1.243ms (keyed= 0.000ms group_by=  0.909ms per_group= 0.146ms)
[pe] round= 11 work=    16384 frontier=    16384 next=     8192 consolidate=  1.372ms frontier=  0.209ms semisort=  0.731ms (keyed= 0.000ms group_by=  0.488ms per_group= 0.105ms)
[pe] round= 12 work=     8192 frontier=     8192 next=     4096 consolidate=  0.732ms frontier=  0.202ms semisort=  0.462ms (keyed= 0.000ms group_by=  0.248ms per_group= 0.064ms)
[pe] round= 13 work=     4096 frontier=     4096 next=     2048 consolidate=  0.413ms frontier=  0.132ms semisort=  0.405ms (keyed= 0.000ms group_by=  0.147ms per_group= 0.163ms)
[pe] round= 14 work=     2048 frontier=     2048 next=     1024 consolidate=  0.261ms frontier=  0.067ms semisort=  0.187ms (keyed= 0.000ms group_by=  0.082ms per_group= 0.035ms)
[pe] round= 15 work=     1024 frontier=     1024 next=      512 consolidate=  0.114ms frontier=  0.048ms semisort=  0.105ms (keyed= 0.000ms group_by=  0.046ms per_group= 0.022ms)
[pe] round= 16 work=      512 frontier=      512 next=      256 consolidate=  0.072ms frontier=  0.035ms semisort=  0.073ms (keyed= 0.000ms group_by=  0.026ms per_group= 0.015ms)
[pe] round= 17 work=      256 frontier=      256 next=      128 consolidate=  0.033ms frontier=  0.024ms semisort=  0.048ms (keyed= 0.000ms group_by=  0.016ms per_group= 0.014ms)
[pe] round= 18 work=      128 frontier=      128 next=       64 consolidate=  0.024ms frontier=  0.013ms semisort=  0.023ms (keyed= 0.000ms group_by=  0.009ms per_group= 0.007ms)
[pe] round= 19 work=       64 frontier=       64 next=       32 consolidate=  0.025ms frontier=  0.007ms semisort=  0.012ms (keyed= 0.000ms group_by=  0.005ms per_group= 0.003ms)
[pe] round= 20 work=       32 frontier=       32 next=       16 consolidate=  0.013ms frontier=  0.004ms semisort=  0.008ms (keyed= 0.000ms group_by=  0.004ms per_group= 0.002ms)
[pe] round= 21 work=       16 frontier=       16 next=        8 consolidate=  0.008ms frontier=  0.002ms semisort=  0.005ms (keyed= 0.000ms group_by=  0.002ms per_group= 0.001ms)
[pe] round= 22 work=        8 frontier=        8 next=        4 consolidate=  0.004ms frontier=  0.001ms semisort=  0.004ms (keyed= 0.000ms group_by=  0.002ms per_group= 0.001ms)
[pe] round= 23 work=        4 frontier=        4 next=        2 consolidate=  0.003ms frontier=  0.001ms semisort=  0.003ms (keyed= 0.000ms group_by=  0.002ms per_group= 0.001ms)
[pe] round= 24 work=        2 frontier=        0 next=        0 consolidate=  0.002ms frontier=  0.001ms semisort=  0.000ms (break)
