[bench] running 2XL ...
[pe] round=  0 work=    99964 frontier=  2665698 next=  1332660 consolidate=  5.934ms frontier=  0.826ms semisort=144.401ms (keyed= 0.000ms group_by= 19.878ms per_group=29.873ms)
[pe] round=  1 work=  1332660 frontier=  2665302 next=  1331386 consolidate= 60.588ms frontier=  4.579ms semisort=201.777ms (keyed= 0.000ms group_by= 22.205ms per_group=22.055ms)
[pe] round=  2 work=  1331386 frontier=  2662670 next=       18 consolidate= 88.329ms frontier=  8.543ms semisort=218.845ms (keyed= 0.000ms group_by= 72.409ms per_group=20.966ms)
[pe] round=  3 work=       18 frontier=        0 next=        0 consolidate=  0.024ms frontier=  0.004ms semisort=  0.000ms (break)
[pe] round=  0 work=    99964 frontier=  2665698 next=  1332660 consolidate=  5.797ms frontier=  0.909ms semisort=140.089ms (keyed= 0.000ms group_by= 18.015ms per_group=27.895ms)
[pe] round=  1 work=  1332660 frontier=  2665302 next=  1331386 consolidate= 60.576ms frontier=  4.766ms semisort=199.491ms (keyed= 0.000ms group_by= 18.856ms per_group=23.248ms)
[pe] round=  2 work=  1331386 frontier=  2662670 next=       18 consolidate= 89.062ms frontier=  8.513ms semisort=217.166ms (keyed= 0.000ms group_by= 71.964ms per_group=20.536ms)
[pe] round=  3 work=       18 frontier=        0 next=        0 consolidate=  0.023ms frontier=  0.005ms semisort=  0.000ms (break)
[pe] round=  0 work=    99964 frontier=  2665698 next=  1332660 consolidate=  5.909ms frontier=  0.823ms semisort=139.304ms (keyed= 0.000ms group_by= 18.129ms per_group=27.916ms)
[pe] round=  1 work=  1332660 frontier=  2665302 next=  1331386 consolidate= 59.312ms frontier=  5.025ms semisort=197.257ms (keyed= 0.000ms group_by= 18.511ms per_group=21.120ms)
[pe] round=  2 work=  1331386 frontier=  2662670 next=       18 consolidate= 88.471ms frontier=  8.037ms semisort=220.135ms (keyed= 0.000ms group_by= 73.653ms per_group=21.213ms)
[pe] round=  3 work=       18 frontier=        0 next=        0 consolidate=  0.023ms frontier=  0.005ms semisort=  0.000ms (break)
[pe] round=  0 work=    99964 frontier=  2665698 next=  1332660 consolidate=  5.373ms frontier=  0.822ms semisort=139.203ms (keyed= 0.000ms group_by= 16.737ms per_group=28.902ms)
[pe] round=  1 work=  1332660 frontier=  2665302 next=  1331386 consolidate= 60.135ms frontier=  5.096ms semisort=196.585ms (keyed= 0.000ms group_by= 19.487ms per_group=20.547ms)
[pe] round=  2 work=  1331386 frontier=  2662670 next=       18 consolidate= 88.642ms frontier=  8.431ms semisort=218.365ms (keyed= 0.000ms group_by= 73.126ms per_group=20.463ms)
[pe] round=  3 work=       18 frontier=        0 next=        0 consolidate=  0.024ms frontier=  0.005ms semisort=  0.000ms (break)
[pe] round=  0 work=    99964 frontier=  2665698 next=  1332660 consolidate=  5.914ms frontier=  0.872ms semisort=140.467ms (keyed= 0.000ms group_by= 18.301ms per_group=27.700ms)
[pe] round=  1 work=  1332660 frontier=  2665302 next=  1331386 consolidate= 58.305ms frontier=  4.432ms semisort=197.443ms (keyed= 0.000ms group_by= 20.593ms per_group=18.977ms)
[pe] round=  2 work=  1331386 frontier=  2662670 next=       18 consolidate= 90.445ms frontier=  8.404ms semisort=222.872ms (keyed= 0.000ms group_by= 75.391ms per_group=21.939ms)
[pe] round=  3 work=       18 frontier=        0 next=        0 consolidate=  0.029ms frontier=  0.005ms semisort=  0.000ms (break)
[pe] round=  0 work=    99964 frontier=  2665698 next=  1332660 consolidate=  5.861ms frontier=  0.882ms semisort=137.589ms (keyed= 0.000ms group_by= 17.169ms per_group=26.441ms)
[pe] round=  1 work=  1332660 frontier=  2665302 next=  1331386 consolidate= 58.776ms frontier=  5.181ms semisort=197.135ms (keyed= 0.000ms group_by= 19.267ms per_group=20.343ms)
[pe] round=  2 work=  1331386 frontier=  2662670 next=       18 consolidate= 88.031ms frontier=  9.601ms semisort=218.217ms (keyed= 0.000ms group_by= 71.392ms per_group=20.207ms)
[pe] round=  3 work=       18 frontier=        0 next=        0 consolidate=  0.023ms frontier=  0.004ms semisort=  0.000ms (break)
