[bench] running 2XL ...
[pe] round=  0 work=    99964 frontier=  2665698 next=  1332660 consolidate=  2.905ms frontier=  2.165ms semisort= 38.758ms (keyed= 0.000ms group_by= 12.985ms per_group= 7.702ms)
[pe] round=  1 work=  1332660 frontier=  2665302 next=  1331386 consolidate= 16.693ms frontier=  3.162ms semisort= 84.982ms (keyed= 0.000ms group_by= 17.762ms per_group= 3.885ms)
[pe] round=  2 work=  1331386 frontier=  2662670 next=       18 consolidate= 19.332ms frontier=  6.720ms semisort= 35.435ms (keyed= 0.000ms group_by= 13.042ms per_group= 5.315ms)
[pe] round=  3 work=       18 frontier=        0 next=        0 consolidate=  0.022ms frontier=  0.005ms semisort=  0.000ms (break)
[pe] round=  0 work=    99964 frontier=  2665698 next=  1332660 consolidate=  2.622ms frontier=  0.869ms semisort= 30.254ms (keyed= 0.000ms group_by=  7.901ms per_group= 6.894ms)
[pe] round=  1 work=  1332660 frontier=  2665302 next=  1331386 consolidate= 12.979ms frontier=  3.486ms semisort= 79.639ms (keyed= 0.000ms group_by= 13.927ms per_group= 3.160ms)
[pe] round=  2 work=  1331386 frontier=  2662670 next=       18 consolidate= 15.355ms frontier=  3.540ms semisort= 34.125ms (keyed= 0.000ms group_by= 13.089ms per_group= 4.015ms)
[pe] round=  3 work=       18 frontier=        0 next=        0 consolidate=  0.022ms frontier=  0.005ms semisort=  0.000ms (break)
[pe] round=  0 work=    99964 frontier=  2665698 next=  1332660 consolidate=  1.671ms frontier=  0.911ms semisort= 32.222ms (keyed= 0.000ms group_by=  8.425ms per_group= 8.127ms)
[pe] round=  1 work=  1332660 frontier=  2665302 next=  1331386 consolidate= 12.956ms frontier=  3.253ms semisort= 79.938ms (keyed= 0.000ms group_by= 14.133ms per_group= 3.129ms)
[pe] round=  2 work=  1331386 frontier=  2662670 next=       18 consolidate= 15.661ms frontier=  3.559ms semisort= 34.077ms (keyed= 0.000ms group_by= 12.860ms per_group= 4.102ms)
[pe] round=  3 work=       18 frontier=        0 next=        0 consolidate=  0.026ms frontier=  0.005ms semisort=  0.000ms (break)
[pe] round=  0 work=    99964 frontier=  2665698 next=  1332660 consolidate=  2.644ms frontier=  0.869ms semisort= 33.727ms (keyed= 0.000ms group_by=  9.795ms per_group= 7.865ms)
[pe] round=  1 work=  1332660 frontier=  2665302 next=  1331386 consolidate= 13.857ms frontier=  3.638ms semisort= 78.620ms (keyed= 0.000ms group_by= 12.343ms per_group= 3.111ms)
[pe] round=  2 work=  1331386 frontier=  2662670 next=       18 consolidate= 15.582ms frontier=  4.807ms semisort= 34.914ms (keyed= 0.000ms group_by= 13.777ms per_group= 4.014ms)
[pe] round=  3 work=       18 frontier=        0 next=        0 consolidate=  0.022ms frontier=  0.006ms semisort=  0.000ms (break)
[pe] round=  0 work=    99964 frontier=  2665698 next=  1332660 consolidate=  1.875ms frontier=  0.901ms semisort= 30.828ms (keyed= 0.000ms group_by=  8.336ms per_group= 7.446ms)
[pe] round=  1 work=  1332660 frontier=  2665302 next=  1331386 consolidate= 12.612ms frontier=  3.491ms semisort= 72.825ms (keyed= 0.000ms group_by=  6.470ms per_group= 3.206ms)
[pe] round=  2 work=  1331386 frontier=  2662670 next=       18 consolidate= 16.443ms frontier=  3.596ms semisort= 34.848ms (keyed= 0.000ms group_by= 13.351ms per_group= 4.098ms)
[pe] round=  3 work=       18 frontier=        0 next=        0 consolidate=  0.022ms frontier=  0.005ms semisort=  0.000ms (break)
[pe] round=  0 work=    99964 frontier=  2665698 next=  1332660 consolidate=  2.445ms frontier=  0.895ms semisort= 30.621ms (keyed= 0.000ms group_by=  9.921ms per_group= 5.767ms)
[pe] round=  1 work=  1332660 frontier=  2665302 next=  1331386 consolidate= 12.670ms frontier=  3.298ms semisort= 72.904ms (keyed= 0.000ms group_by=  6.664ms per_group= 3.232ms)
[pe] round=  2 work=  1331386 frontier=  2662670 next=       18 consolidate= 15.433ms frontier=  3.635ms semisort= 35.195ms (keyed= 0.000ms group_by= 13.801ms per_group= 4.102ms)
[pe] round=  3 work=       18 frontier=        0 next=        0 consolidate=  0.024ms frontier=  0.005ms semisort=  0.000ms (break)
