[bench] running 4XL ...
[pe] round=  0 work=   100000 frontier=  5333332 next=  2666666 consolidate=  5.767ms frontier= 11.394ms semisort= 70.572ms (keyed= 0.000ms group_by= 17.957ms per_group=16.313ms)
[pe] round=  1 work=  2666666 frontier=  5333332 next=  2666666 consolidate= 28.838ms frontier=  6.245ms semisort= 85.534ms (keyed= 0.000ms group_by= 41.626ms per_group= 8.526ms)
[pe] round=  2 work=  2666666 frontier=  5333336 next=      112 consolidate= 33.028ms frontier=  4.661ms semisort= 72.618ms (keyed= 0.000ms group_by= 26.556ms per_group= 9.161ms)
[pe] round=  3 work=      112 frontier=        0 next=        0 consolidate=  0.065ms frontier=  0.022ms semisort=  0.000ms (break)
[pe] round=  0 work=   100000 frontier=  5333332 next=  2666666 consolidate=  1.822ms frontier=  1.084ms semisort= 51.906ms (keyed= 0.000ms group_by= 13.491ms per_group= 9.373ms)
[pe] round=  1 work=  2666666 frontier=  5333332 next=  2666666 consolidate= 24.095ms frontier=  5.616ms semisort= 53.851ms (keyed= 0.000ms group_by= 11.925ms per_group= 5.596ms)
[pe] round=  2 work=  2666666 frontier=  5333336 next=      112 consolidate= 24.506ms frontier=  4.957ms semisort= 71.985ms (keyed= 0.000ms group_by= 25.097ms per_group= 7.937ms)
[pe] round=  3 work=      112 frontier=        0 next=        0 consolidate=  0.070ms frontier=  0.021ms semisort=  0.000ms (break)
[pe] round=  0 work=   100000 frontier=  5333332 next=  2666666 consolidate=  2.683ms frontier=  1.176ms semisort= 52.284ms (keyed= 0.000ms group_by= 13.098ms per_group= 9.920ms)
[pe] round=  1 work=  2666666 frontier=  5333332 next=  2666666 consolidate= 21.203ms frontier=  5.112ms semisort= 53.630ms (keyed= 0.000ms group_by= 11.663ms per_group= 5.403ms)
[pe] round=  2 work=  2666666 frontier=  5333336 next=      112 consolidate= 23.668ms frontier=  4.859ms semisort= 71.444ms (keyed= 0.000ms group_by= 24.926ms per_group= 7.827ms)
[pe] round=  3 work=      112 frontier=        0 next=        0 consolidate=  0.071ms frontier=  0.022ms semisort=  0.000ms (break)
[pe] round=  0 work=   100000 frontier=  5333332 next=  2666666 consolidate=  1.985ms frontier=  1.227ms semisort= 57.164ms (keyed= 0.000ms group_by= 16.172ms per_group= 9.780ms)
[pe] round=  1 work=  2666666 frontier=  5333332 next=  2666666 consolidate= 24.873ms frontier=  5.774ms semisort= 54.941ms (keyed= 0.000ms group_by= 12.079ms per_group= 5.626ms)
[pe] round=  2 work=  2666666 frontier=  5333336 next=      112 consolidate= 24.468ms frontier=  4.799ms semisort= 74.687ms (keyed= 0.000ms group_by= 25.697ms per_group= 8.132ms)
[pe] round=  3 work=      112 frontier=        0 next=        0 consolidate=  0.073ms frontier=  0.023ms semisort=  0.000ms (break)
[pe] round=  0 work=   100000 frontier=  5333332 next=  2666666 consolidate=  1.858ms frontier=  1.197ms semisort= 53.811ms (keyed= 0.000ms group_by= 13.587ms per_group= 9.668ms)
[pe] round=  1 work=  2666666 frontier=  5333332 next=  2666666 consolidate= 23.185ms frontier=  5.856ms semisort= 55.785ms (keyed= 0.000ms group_by= 12.664ms per_group= 5.482ms)
[pe] round=  2 work=  2666666 frontier=  5333336 next=      112 consolidate= 25.278ms frontier=  5.155ms semisort= 76.483ms (keyed= 0.000ms group_by= 26.116ms per_group= 8.293ms)
[pe] round=  3 work=      112 frontier=        0 next=        0 consolidate=  0.068ms frontier=  0.024ms semisort=  0.000ms (break)
[pe] round=  0 work=   100000 frontier=  5333332 next=  2666666 consolidate=  1.785ms frontier=  1.274ms semisort= 53.455ms (keyed= 0.000ms group_by= 12.899ms per_group= 9.677ms)
[pe] round=  1 work=  2666666 frontier=  5333332 next=  2666666 consolidate= 23.174ms frontier=  5.855ms semisort= 55.618ms (keyed= 0.000ms group_by= 12.611ms per_group= 5.521ms)
[pe] round=  2 work=  2666666 frontier=  5333336 next=      112 consolidate= 25.197ms frontier=  5.938ms semisort= 74.823ms (keyed= 0.000ms group_by= 25.358ms per_group= 8.185ms)
[pe] round=  3 work=      112 frontier=        0 next=        0 consolidate=  0.069ms frontier=  0.025ms semisort=  0.000ms (break)
