[synthetic_bench] quartic n=53 d=2 classes=31562028 merges=53 ...
[pe] round=  0 work=      106 frontier= 63123848 next= 15780962 consolidate= 19.601ms frontier= 73.559ms semisort=11711.014ms (keyed=729.636ms group_by=4061.311ms per_group=2785.697ms)
[pe] round=  1 work= 15780962 frontier= 15780962 next=  7392354 consolidate=5140.984ms frontier=867.054ms semisort=3948.430ms (keyed=88.218ms group_by=610.912ms per_group=850.956ms)
[pe] round=  2 work=  7392354 frontier=  7392354 next=  4194304 consolidate=2591.858ms frontier=445.440ms semisort=1916.497ms (keyed=43.660ms group_by=330.093ms per_group=461.603ms)
[pe] round=  3 work=  4194304 frontier=  4194304 next=  2097152 consolidate=1512.073ms frontier=264.367ms semisort=855.017ms (keyed=15.917ms group_by=148.068ms per_group=218.720ms)
[pe] round=  4 work=  2097152 frontier=  2097152 next=  1048576 consolidate=737.525ms frontier=125.083ms semisort=441.141ms (keyed=12.529ms group_by= 75.370ms per_group=108.321ms)
[pe] round=  5 work=  1048576 frontier=  1048576 next=   524288 consolidate=337.321ms frontier= 64.128ms semisort=204.193ms (keyed= 1.902ms group_by= 34.125ms per_group=54.076ms)
[pe] round=  6 work=   524288 frontier=   524288 next=   262144 consolidate=195.389ms frontier= 33.457ms semisort=106.212ms (keyed= 1.071ms group_by= 15.924ms per_group=28.216ms)
[pe] round=  7 work=   262144 frontier=   262144 next=   131072 consolidate= 85.655ms frontier= 18.866ms semisort= 55.460ms (keyed= 0.494ms group_by=  7.852ms per_group=15.071ms)
[pe] round=  8 work=   131072 frontier=   131072 next=    65536 consolidate= 42.118ms frontier=  7.609ms semisort= 26.119ms (keyed= 0.243ms group_by=  3.907ms per_group= 6.685ms)
[pe] round=  9 work=    65536 frontier=    65536 next=    32768 consolidate= 20.221ms frontier=  3.837ms semisort= 18.471ms (keyed= 0.125ms group_by=  2.140ms per_group= 3.240ms)
[pe] round= 10 work=    32768 frontier=    32768 next=    16384 consolidate= 10.545ms frontier=  1.388ms semisort=  8.308ms (keyed= 0.061ms group_by=  1.033ms per_group= 1.539ms)
[pe] round= 11 work=    16384 frontier=    16384 next=     8192 consolidate=  4.919ms frontier=  0.771ms semisort=  2.237ms (keyed= 0.032ms group_by=  0.579ms per_group= 0.489ms)
[pe] round= 12 work=     8192 frontier=     8192 next=     4096 consolidate=  2.187ms frontier=  0.281ms semisort=  0.945ms (keyed= 0.016ms group_by=  0.259ms per_group= 0.230ms)
[pe] round= 13 work=     4096 frontier=     4096 next=     2048 consolidate=  1.052ms frontier=  0.100ms semisort=  0.442ms (keyed= 0.009ms group_by=  0.112ms per_group= 0.115ms)
[pe] round= 14 work=     2048 frontier=     2048 next=     1024 consolidate=  0.500ms frontier=  0.044ms semisort=  0.204ms (keyed= 0.004ms group_by=  0.056ms per_group= 0.069ms)
[pe] round= 15 work=     1024 frontier=     1024 next=      512 consolidate=  0.256ms frontier=  0.022ms semisort=  0.090ms (keyed= 0.002ms group_by=  0.029ms per_group= 0.029ms)
[pe] round= 16 work=      512 frontier=      512 next=      256 consolidate=  0.121ms frontier=  0.011ms semisort=  0.041ms (keyed= 0.001ms group_by=  0.011ms per_group= 0.015ms)
[pe] round= 17 work=      256 frontier=      256 next=      128 consolidate=  0.065ms frontier=  0.006ms semisort=  0.020ms (keyed= 0.000ms group_by=  0.005ms per_group= 0.007ms)
[pe] round= 18 work=      128 frontier=      128 next=       64 consolidate=  0.036ms frontier=  0.004ms semisort=  0.010ms (keyed= 0.000ms group_by=  0.002ms per_group= 0.004ms)
[pe] round= 19 work=       64 frontier=       64 next=       32 consolidate=  0.018ms frontier=  0.003ms semisort=  0.007ms (keyed= 0.000ms group_by=  0.002ms per_group= 0.003ms)
[pe] round= 20 work=       32 frontier=       32 next=       16 consolidate=  0.013ms frontier=  0.002ms semisort=  0.008ms (keyed= 0.000ms group_by=  0.001ms per_group= 0.005ms)
[pe] round= 21 work=       16 frontier=       16 next=        8 consolidate=  0.005ms frontier=  0.001ms semisort=  0.003ms (keyed= 0.000ms group_by=  0.001ms per_group= 0.001ms)
[pe] round= 22 work=        8 frontier=        8 next=        4 consolidate=  0.003ms frontier=  0.001ms semisort=  0.002ms (keyed= 0.000ms group_by=  0.000ms per_group= 0.001ms)
[pe] round= 23 work=        4 frontier=        4 next=        2 consolidate=  0.001ms frontier=  0.000ms semisort=  0.001ms (keyed= 0.000ms group_by=  0.000ms per_group= 0.000ms)
[pe] round= 24 work=        2 frontier=        0 next=        0 consolidate=  0.001ms frontier=  0.001ms semisort=  0.000ms (break)
