[synthetic_bench] quartic n=53 d=2 classes=31562028 merges=53 ...
[pe] round=  0 work=      106 frontier= 63123848 next= 15780962 consolidate= 11.723ms frontier= 26.148ms semisort=7586.058ms (keyed=925.904ms group_by=3043.451ms per_group=1446.719ms)
[pe] round=  1 work= 15780962 frontier= 15780962 next=  7392354 consolidate=2650.996ms frontier=552.707ms semisort=2595.128ms (keyed=188.453ms group_by=470.061ms per_group=565.310ms)
[pe] round=  2 work=  7392354 frontier=  7392354 next=  4194304 consolidate=1378.448ms frontier=242.776ms semisort=1093.489ms (keyed=50.700ms group_by=201.424ms per_group=250.768ms)
[pe] round=  3 work=  4194304 frontier=  4194304 next=  2097152 consolidate=793.261ms frontier=142.188ms semisort=450.203ms (keyed= 9.195ms group_by= 77.559ms per_group=115.346ms)
[pe] round=  4 work=  2097152 frontier=  2097152 next=  1048576 consolidate=362.755ms frontier= 70.158ms semisort=261.361ms (keyed= 4.170ms group_by= 43.570ms per_group=57.028ms)
[pe] round=  5 work=  1048576 frontier=  1048576 next=   524288 consolidate=189.051ms frontier= 37.324ms semisort=113.516ms (keyed= 1.124ms group_by= 18.727ms per_group=30.695ms)
[pe] round=  6 work=   524288 frontier=   524288 next=   262144 consolidate= 91.353ms frontier= 18.383ms semisort= 57.119ms (keyed= 0.518ms group_by=  8.660ms per_group=15.614ms)
[pe] round=  7 work=   262144 frontier=   262144 next=   131072 consolidate= 43.982ms frontier=  9.116ms semisort= 29.639ms (keyed= 0.309ms group_by=  4.486ms per_group= 7.354ms)
[pe] round=  8 work=   131072 frontier=   131072 next=    65536 consolidate= 22.725ms frontier=  4.290ms semisort= 13.556ms (keyed= 0.144ms group_by=  2.199ms per_group= 3.555ms)
[pe] round=  9 work=    65536 frontier=    65536 next=    32768 consolidate= 11.020ms frontier=  2.352ms semisort=  6.362ms (keyed= 0.071ms group_by=  1.212ms per_group= 1.681ms)
[pe] round= 10 work=    32768 frontier=    32768 next=    16384 consolidate=  5.834ms frontier=  0.994ms semisort=  3.085ms (keyed= 0.046ms group_by=  0.651ms per_group= 0.781ms)
[pe] round= 11 work=    16384 frontier=    16384 next=     8192 consolidate=  2.796ms frontier=  0.315ms semisort=  1.174ms (keyed= 0.020ms group_by=  0.295ms per_group= 0.248ms)
[pe] round= 12 work=     8192 frontier=     8192 next=     4096 consolidate=  1.116ms frontier=  0.155ms semisort=  0.600ms (keyed= 0.014ms group_by=  0.227ms per_group= 0.135ms)
[pe] round= 13 work=     4096 frontier=     4096 next=     2048 consolidate=  0.544ms frontier=  0.073ms semisort=  0.304ms (keyed= 0.007ms group_by=  0.111ms per_group= 0.065ms)
[pe] round= 14 work=     2048 frontier=     2048 next=     1024 consolidate=  0.285ms frontier=  0.055ms semisort=  0.170ms (keyed= 0.004ms group_by=  0.065ms per_group= 0.039ms)
[pe] round= 15 work=     1024 frontier=     1024 next=      512 consolidate=  0.149ms frontier=  0.024ms semisort=  0.077ms (keyed= 0.002ms group_by=  0.028ms per_group= 0.022ms)
[pe] round= 16 work=      512 frontier=      512 next=      256 consolidate=  0.080ms frontier=  0.012ms semisort=  0.038ms (keyed= 0.001ms group_by=  0.012ms per_group= 0.011ms)
[pe] round= 17 work=      256 frontier=      256 next=      128 consolidate=  0.043ms frontier=  0.007ms semisort=  0.020ms (keyed= 0.001ms group_by=  0.005ms per_group= 0.008ms)
[pe] round= 18 work=      128 frontier=      128 next=       64 consolidate=  0.023ms frontier=  0.005ms semisort=  0.011ms (keyed= 0.000ms group_by=  0.003ms per_group= 0.004ms)
[pe] round= 19 work=       64 frontier=       64 next=       32 consolidate=  0.016ms frontier=  0.003ms semisort=  0.007ms (keyed= 0.000ms group_by=  0.002ms per_group= 0.003ms)
[pe] round= 20 work=       32 frontier=       32 next=       16 consolidate=  0.012ms frontier=  0.002ms semisort=  0.005ms (keyed= 0.000ms group_by=  0.001ms per_group= 0.002ms)
[pe] round= 21 work=       16 frontier=       16 next=        8 consolidate=  0.005ms frontier=  0.001ms semisort=  0.003ms (keyed= 0.000ms group_by=  0.001ms per_group= 0.001ms)
[pe] round= 22 work=        8 frontier=        8 next=        4 consolidate=  0.003ms frontier=  0.001ms semisort=  0.002ms (keyed= 0.000ms group_by=  0.000ms per_group= 0.001ms)
[pe] round= 23 work=        4 frontier=        4 next=        2 consolidate=  0.002ms frontier=  0.001ms semisort=  0.001ms (keyed= 0.000ms group_by=  0.000ms per_group= 0.000ms)
[pe] round= 24 work=        2 frontier=        0 next=        0 consolidate=  0.001ms frontier=  0.000ms semisort=  0.000ms (break)
