[synthetic_bench] cube n=155 d=2 classes=14895808 merges=155 ...
[pe] round=  0 work=      310 frontier= 22343250 next=  3723875 consolidate= 23.184ms frontier=  5.927ms semisort=4037.597ms (keyed=57.054ms group_by=994.158ms per_group=1490.360ms)
[pe] round=  1 work=  3723875 frontier=  7447750 next=  1626723 consolidate=2969.873ms frontier=202.218ms semisort=2322.317ms (keyed=19.504ms group_by=251.274ms per_group=685.357ms)
[pe] round=  2 work=  1626723 frontier=  3253446 next=  1048576 consolidate=1427.024ms frontier= 94.989ms semisort=1120.104ms (keyed= 6.029ms group_by=128.040ms per_group=433.062ms)
[pe] round=  3 work=  1048576 frontier=  2097152 next=   524288 consolidate=970.782ms frontier= 60.584ms semisort=653.787ms (keyed= 3.863ms group_by= 89.983ms per_group=236.820ms)
[pe] round=  4 work=   524288 frontier=  1048576 next=   262144 consolidate=490.233ms frontier= 32.580ms semisort=331.538ms (keyed= 1.797ms group_by= 46.611ms per_group=121.956ms)
[pe] round=  5 work=   262144 frontier=   524288 next=   131072 consolidate=245.360ms frontier= 17.001ms semisort=165.779ms (keyed= 0.903ms group_by= 23.550ms per_group=57.973ms)
[pe] round=  6 work=   131072 frontier=   262144 next=    65536 consolidate=121.702ms frontier=  8.350ms semisort= 79.438ms (keyed= 0.465ms group_by= 11.857ms per_group=28.983ms)
[pe] round=  7 work=    65536 frontier=   131072 next=    32768 consolidate= 57.843ms frontier=  3.599ms semisort= 37.934ms (keyed= 0.240ms group_by=  6.366ms per_group=13.605ms)
[pe] round=  8 work=    32768 frontier=    65536 next=    16384 consolidate= 26.785ms frontier=  1.334ms semisort= 18.985ms (keyed= 0.152ms group_by=  3.347ms per_group= 6.507ms)
[pe] round=  9 work=    16384 frontier=    32768 next=     8192 consolidate= 14.109ms frontier=  0.824ms semisort=  8.875ms (keyed= 0.071ms group_by=  1.449ms per_group= 2.946ms)
[pe] round= 10 work=     8192 frontier=    16384 next=     4096 consolidate=  7.533ms frontier=  0.416ms semisort=  4.002ms (keyed= 0.033ms group_by=  0.600ms per_group= 1.527ms)
[pe] round= 11 work=     4096 frontier=     8192 next=     2048 consolidate=  3.724ms frontier=  0.212ms semisort=  2.484ms (keyed= 0.025ms group_by=  0.612ms per_group= 0.798ms)
[pe] round= 12 work=     2048 frontier=     4096 next=     1024 consolidate=  1.760ms frontier=  0.119ms semisort=  1.190ms (keyed= 0.013ms group_by=  0.306ms per_group= 0.431ms)
[pe] round= 13 work=     1024 frontier=     2048 next=      512 consolidate=  0.864ms frontier=  0.066ms semisort=  0.703ms (keyed= 0.007ms group_by=  0.125ms per_group= 0.220ms)
[pe] round= 14 work=      512 frontier=     1024 next=      256 consolidate=  0.433ms frontier=  0.037ms semisort=  0.333ms (keyed= 0.003ms group_by=  0.087ms per_group= 0.111ms)
[pe] round= 15 work=      256 frontier=      512 next=      128 consolidate=  0.227ms frontier=  0.019ms semisort=  0.193ms (keyed= 0.002ms group_by=  0.043ms per_group= 0.059ms)
[pe] round= 16 work=      128 frontier=      256 next=       64 consolidate=  0.113ms frontier=  0.010ms semisort=  0.083ms (keyed= 0.001ms group_by=  0.022ms per_group= 0.030ms)
[pe] round= 17 work=       64 frontier=      128 next=       32 consolidate=  0.055ms frontier=  0.006ms semisort=  0.036ms (keyed= 0.001ms group_by=  0.006ms per_group= 0.015ms)
[pe] round= 18 work=       32 frontier=       64 next=       16 consolidate=  0.033ms frontier=  0.005ms semisort=  0.022ms (keyed= 0.001ms group_by=  0.003ms per_group= 0.010ms)
[pe] round= 19 work=       16 frontier=       32 next=        8 consolidate=  0.018ms frontier=  0.002ms semisort=  0.011ms (keyed= 0.000ms group_by=  0.001ms per_group= 0.005ms)
[pe] round= 20 work=        8 frontier=       16 next=        4 consolidate=  0.009ms frontier=  0.001ms semisort=  0.006ms (keyed= 0.000ms group_by=  0.001ms per_group= 0.002ms)
[pe] round= 21 work=        4 frontier=        8 next=        2 consolidate=  0.005ms frontier=  0.001ms semisort=  0.005ms (keyed= 0.000ms group_by=  0.001ms per_group= 0.002ms)
[pe] round= 22 work=        2 frontier=        4 next=        1 consolidate=  0.003ms frontier=  0.001ms semisort=  0.003ms (keyed= 0.000ms group_by=  0.000ms per_group= 0.001ms)
[pe] round= 23 work=        1 frontier=        0 next=        0 consolidate=  0.002ms frontier=  0.001ms semisort=  0.000ms (break)
[pe-async] round=  0 R=2 dirty=  7447750 runs=  3723875 filter=129.253ms semisort=769.049ms
[pe-async] round=  1 R=3 dirty=  4194304 runs=  2567581 filter=169.506ms semisort=416.414ms
[pe-async] round=  2 R=4 dirty=  2097152 runs=  1048576 filter=190.551ms semisort=254.532ms
[pe-async] round=  3 R=5 dirty=  1048576 runs=   524288 filter=189.944ms semisort=163.785ms
[pe-async] round=  4 R=6 dirty=   524288 runs=   262144 filter=181.853ms semisort= 98.001ms
[pe-async] round=  5 R=7 dirty=   262144 runs=   131072 filter=172.860ms semisort= 50.447ms
[pe-async] round=  6 R=8 dirty=   131072 runs=    65536 filter=173.419ms semisort= 27.174ms
[pe-async] round=  7 R=9 dirty=    65536 runs=    32768 filter=170.116ms semisort= 17.852ms
[pe-async] round=  8 R=10 dirty=    32768 runs=    16384 filter=166.416ms semisort= 10.220ms
[pe-async] round=  9 R=11 dirty=    16384 runs=     8192 filter=167.401ms semisort=  4.908ms
[pe-async] round= 10 R=12 dirty=     8192 runs=     4096 filter=161.945ms semisort=  2.426ms
[pe-async] round= 11 R=13 dirty=     4096 runs=     2048 filter=161.018ms semisort=  1.279ms
[pe-async] round= 12 R=14 dirty=     2048 runs=     1024 filter=162.614ms semisort=  0.721ms
[pe-async] round= 13 R=15 dirty=     1024 runs=      512 filter=161.400ms semisort=  0.451ms
[pe-async] round= 14 R=16 dirty=      512 runs=      256 filter=160.931ms semisort=  0.251ms
[pe-async] round= 15 R=17 dirty=      256 runs=      128 filter=162.281ms semisort=  0.158ms
[pe-async] round= 16 R=18 dirty=      128 runs=       64 filter=160.901ms semisort=  0.100ms
[pe-async] round= 17 R=19 dirty=       64 runs=       32 filter=160.233ms semisort=  0.056ms
[pe-async] round= 18 R=20 dirty=       32 runs=       16 filter=160.996ms semisort=  0.033ms
[pe-async] round= 19 R=21 dirty=       16 runs=        8 filter=163.190ms semisort=  0.027ms
[pe-async] round= 20 R=22 dirty=        8 runs=        4 filter=161.379ms semisort=  0.017ms
[pe-async] round= 21 R=23 dirty=        4 runs=        2 filter=163.936ms semisort=  0.015ms
[pe-async] round= 22 R=24 dirty=        2 runs=        1 filter=161.088ms semisort=  0.012ms
[pe-async] round= 23 R=25 dirty=        0 filter=162.983ms (clean break)
[pe-async-cont] scans=24 empty_scans=1 groups_pushed=8388607 groups_consumed=8388607 unions=7447749  total=10584.612ms
