[synthetic_bench] cube n=155 d=3 classes=11421434 merges=155 ...
[pe] round=  0 work=      310 frontier= 22343250 next=  3723875 consolidate= 23.451ms frontier=  6.224ms semisort=4060.193ms (keyed=57.374ms group_by=1002.094ms per_group=1495.262ms)
[pe] round=  1 work=  3723875 frontier=  7447750 next=  1189526 consolidate=2982.638ms frontier=205.151ms semisort=2357.977ms (keyed=19.936ms group_by=266.639ms per_group=465.587ms)
[pe] round=  2 work=  1189526 frontier=  2379052 next=   531441 consolidate=1030.534ms frontier= 71.770ms semisort=781.927ms (keyed= 4.439ms group_by= 85.083ms per_group=218.201ms)
[pe] round=  3 work=   531441 frontier=  1062882 next=   177147 consolidate=473.597ms frontier= 32.285ms semisort=307.762ms (keyed= 1.820ms group_by= 47.789ms per_group=69.585ms)
[pe] round=  4 work=   177147 frontier=   354294 next=    59049 consolidate=163.106ms frontier= 11.392ms semisort=102.055ms (keyed= 0.612ms group_by= 16.951ms per_group=23.838ms)
[pe] round=  5 work=    59049 frontier=   118098 next=    19683 consolidate= 55.986ms frontier=  3.003ms semisort= 31.561ms (keyed= 0.202ms group_by=  5.584ms per_group= 7.944ms)
[pe] round=  6 work=    19683 frontier=    39366 next=     6561 consolidate= 17.032ms frontier=  0.660ms semisort= 10.695ms (keyed= 0.092ms group_by=  1.911ms per_group= 2.581ms)
[pe] round=  7 work=     6561 frontier=    13122 next=     2187 consolidate=  6.118ms frontier=  0.284ms semisort=  3.212ms (keyed= 0.090ms group_by=  0.526ms per_group= 0.834ms)
[pe] round=  8 work=     2187 frontier=     4374 next=      729 consolidate=  1.869ms frontier=  0.091ms semisort=  1.112ms (keyed= 0.012ms group_by=  0.264ms per_group= 0.301ms)
[pe] round=  9 work=      729 frontier=     1458 next=      243 consolidate=  0.654ms frontier=  0.050ms semisort=  0.379ms (keyed= 0.013ms group_by=  0.087ms per_group= 0.106ms)
[pe] round= 10 work=      243 frontier=      486 next=       81 consolidate=  0.215ms frontier=  0.017ms semisort=  0.140ms (keyed= 0.002ms group_by=  0.031ms per_group= 0.043ms)
[pe] round= 11 work=       81 frontier=      162 next=       27 consolidate=  0.074ms frontier=  0.007ms semisort=  0.042ms (keyed= 0.001ms group_by=  0.010ms per_group= 0.013ms)
[pe] round= 12 work=       27 frontier=       54 next=        9 consolidate=  0.026ms frontier=  0.003ms semisort=  0.025ms (keyed= 0.001ms group_by=  0.006ms per_group= 0.009ms)
[pe] round= 13 work=        9 frontier=       18 next=        3 consolidate=  0.012ms frontier=  0.001ms semisort=  0.006ms (keyed= 0.000ms group_by=  0.001ms per_group= 0.002ms)
[pe] round= 14 work=        3 frontier=        6 next=        1 consolidate=  0.003ms frontier=  0.001ms semisort=  0.004ms (keyed= 0.000ms group_by=  0.001ms per_group= 0.001ms)
[pe] round= 15 work=        1 frontier=        0 next=        0 consolidate=  0.002ms frontier=  0.000ms semisort=  0.000ms (break)
[pe-async] round=  0 R=2 dirty=  7447750 runs=  3723875 filter= 92.105ms semisort=766.526ms
[pe-async] round=  1 R=3 dirty=  3188646 runs=  1999120 filter=135.002ms semisort=312.350ms
[pe-async] round=  2 R=4 dirty=  1062882 runs=   531441 filter=149.810ms semisort=135.588ms
[pe-async] round=  3 R=5 dirty=   354294 runs=   177147 filter=138.624ms semisort= 74.716ms
[pe-async] round=  4 R=6 dirty=   118098 runs=    59049 filter=131.313ms semisort= 30.908ms
[pe-async] round=  5 R=7 dirty=    39366 runs=    19683 filter=131.772ms semisort= 11.505ms
[pe-async] round=  6 R=8 dirty=    13122 runs=     6561 filter=127.176ms semisort=  4.829ms
[pe-async] round=  7 R=9 dirty=     4374 runs=     2187 filter=127.365ms semisort=  1.574ms
[pe-async] round=  8 R=10 dirty=     1458 runs=      729 filter=131.554ms semisort=  0.619ms
[pe-async] round=  9 R=11 dirty=      486 runs=      243 filter=127.027ms semisort=  0.289ms
[pe-async] round= 10 R=12 dirty=      162 runs=       81 filter=127.826ms semisort=  0.107ms
[pe-async] round= 11 R=13 dirty=       54 runs=       27 filter=127.120ms semisort=  0.049ms
[pe-async] round= 12 R=14 dirty=       18 runs=        9 filter=127.115ms semisort=  0.030ms
[pe-async] round= 13 R=15 dirty=        6 runs=        3 filter=127.821ms semisort=  0.016ms
[pe-async] round= 14 R=16 dirty=        2 runs=        1 filter=127.396ms semisort=  0.012ms
[pe-async] round= 15 R=17 dirty=        0 filter=124.695ms (clean break)
[pe-async-cont] scans=16 empty_scans=1 groups_pushed=6520156 groups_consumed=6520156 unions=5710562  total=6127.344ms
