[synthetic_bench] cube n=105 d=3 classes=3654956 merges=105 ...
[pe] round=  0 work=      210 frontier=  6945750 next=  1157625 consolidate=  7.076ms frontier=  0.888ms semisort=218.521ms (keyed= 5.057ms group_by= 95.394ms per_group=61.417ms)
[pe] round=  1 work=  1157625 frontier=  2315250 next=   404028 consolidate=146.984ms frontier= 11.450ms semisort= 98.611ms (keyed= 1.013ms group_by= 17.068ms per_group=23.257ms)
[pe] round=  2 work=   404028 frontier=   808056 next=   177147 consolidate= 50.904ms frontier=  3.690ms semisort= 38.915ms (keyed= 0.360ms group_by=  7.741ms per_group=10.958ms)
[pe] round=  3 work=   177147 frontier=   354294 next=    59049 consolidate= 25.028ms frontier=  2.309ms semisort= 16.759ms (keyed= 0.191ms group_by=  3.452ms per_group= 3.984ms)
[pe] round=  4 work=    59049 frontier=   118098 next=    19683 consolidate=  7.882ms frontier=  0.588ms semisort=  5.742ms (keyed= 0.179ms group_by=  1.358ms per_group= 1.433ms)
[pe] round=  5 work=    19683 frontier=    39366 next=     6561 consolidate=  2.794ms frontier=  0.267ms semisort=  2.164ms (keyed= 0.071ms group_by=  0.533ms per_group= 0.507ms)
[pe] round=  6 work=     6561 frontier=    13122 next=     2187 consolidate=  1.895ms frontier=  0.276ms semisort=  0.964ms (keyed= 0.028ms group_by=  0.147ms per_group= 0.230ms)
[pe] round=  7 work=     2187 frontier=     4374 next=      729 consolidate=  0.648ms frontier=  0.139ms semisort=  0.591ms (keyed= 0.016ms group_by=  0.251ms per_group= 0.113ms)
[pe] round=  8 work=      729 frontier=     1458 next=      243 consolidate=  0.246ms frontier=  0.043ms semisort=  0.288ms (keyed= 0.012ms group_by=  0.119ms per_group= 0.046ms)
[pe] round=  9 work=      243 frontier=      486 next=       81 consolidate=  0.106ms frontier=  0.022ms semisort=  0.108ms (keyed= 0.004ms group_by=  0.037ms per_group= 0.025ms)
[pe] round= 10 work=       81 frontier=      162 next=       27 consolidate=  0.050ms frontier=  0.011ms semisort=  0.048ms (keyed= 0.002ms group_by=  0.011ms per_group= 0.014ms)
[pe] round= 11 work=       27 frontier=       54 next=        9 consolidate=  0.024ms frontier=  0.005ms semisort=  0.027ms (keyed= 0.001ms group_by=  0.004ms per_group= 0.009ms)
[pe] round= 12 work=        9 frontier=       18 next=        3 consolidate=  0.014ms frontier=  0.003ms semisort=  0.007ms (keyed= 0.000ms group_by=  0.001ms per_group= 0.002ms)
[pe] round= 13 work=        3 frontier=        6 next=        1 consolidate=  0.007ms frontier=  0.001ms semisort=  0.004ms (keyed= 0.000ms group_by=  0.001ms per_group= 0.001ms)
[pe] round= 14 work=        1 frontier=        0 next=        0 consolidate=  0.002ms frontier=  0.001ms semisort=  0.000ms (break)
[pe-async] round=  0 R=2 dirty=  2315250 runs=  1157625 filter=  6.811ms semisort= 40.584ms
[pe-async] round=  1 R=3 dirty=  1062882 runs=   658854 filter=  7.801ms semisort= 18.193ms
[pe-async] round=  2 R=4 dirty=   354294 runs=   177147 filter=  8.789ms semisort=  9.325ms
[pe-async] round=  3 R=5 dirty=   118098 runs=    59049 filter=  7.957ms semisort=  8.849ms
[pe-async] round=  4 R=6 dirty=    39366 runs=    19683 filter=  8.110ms semisort=  2.973ms
[pe-async] round=  5 R=7 dirty=    13122 runs=     6561 filter=  8.314ms semisort=  1.090ms
[pe-async] round=  6 R=8 dirty=     4374 runs=     2187 filter=  7.583ms semisort=  0.478ms
[pe-async] round=  7 R=9 dirty=     1458 runs=      729 filter=  7.505ms semisort=  0.227ms
[pe-async] round=  8 R=10 dirty=      486 runs=      243 filter=  7.654ms semisort=  0.095ms
[pe-async] round=  9 R=11 dirty=      162 runs=       81 filter=  7.733ms semisort=  0.049ms
[pe-async] round= 10 R=12 dirty=       54 runs=       27 filter=  7.439ms semisort=  0.037ms
[pe-async] round= 11 R=13 dirty=       18 runs=        9 filter=  7.484ms semisort=  0.025ms
[pe-async] round= 12 R=14 dirty=        6 runs=        3 filter=  7.525ms semisort=  0.016ms
[pe-async] round= 13 R=15 dirty=        2 runs=        1 filter=  7.311ms semisort=  0.011ms
[pe-async] round= 14 R=16 dirty=        0 filter=  7.532ms (clean break)
[pe-async-cont] scans=15 empty_scans=1 groups_pushed=2082199 groups_consumed=2082199 unions=1827373  total=346.137ms
