[synthetic_bench] cube n=55 d=3 classes=505288 merges=55 ...
[pe] round=  0 work=      110 frontier=   998250 next=   166375 consolidate=  0.710ms frontier=  0.387ms semisort=258.482ms (keyed= 3.963ms group_by= 67.159ms per_group=92.765ms)
[pe] round=  1 work=   166375 frontier=   332750 next=    56690 consolidate=157.291ms frontier=  7.360ms semisort=106.799ms (keyed= 1.082ms group_by= 23.095ms per_group=29.839ms)
[pe] round=  2 work=    56690 frontier=   113380 next=    19683 consolidate= 47.696ms frontier=  2.160ms semisort= 35.735ms (keyed= 0.452ms group_by=  7.413ms per_group= 8.854ms)
[pe] round=  3 work=    19683 frontier=    39366 next=     6561 consolidate= 20.135ms frontier=  0.783ms semisort= 10.640ms (keyed= 0.148ms group_by=  2.384ms per_group= 2.616ms)
[pe] round=  4 work=     6561 frontier=    13122 next=     2187 consolidate=  6.148ms frontier=  0.249ms semisort=  2.967ms (keyed= 0.048ms group_by=  0.628ms per_group= 0.891ms)
[pe] round=  5 work=     2187 frontier=     4374 next=      729 consolidate=  1.604ms frontier=  0.077ms semisort=  0.878ms (keyed= 0.008ms group_by=  0.185ms per_group= 0.286ms)
[pe] round=  6 work=      729 frontier=     1458 next=      243 consolidate=  0.534ms frontier=  0.027ms semisort=  0.291ms (keyed= 0.003ms group_by=  0.057ms per_group= 0.097ms)
[pe] round=  7 work=      243 frontier=      486 next=       81 consolidate=  0.176ms frontier=  0.010ms semisort=  0.103ms (keyed= 0.002ms group_by=  0.021ms per_group= 0.034ms)
[pe] round=  8 work=       81 frontier=      162 next=       27 consolidate=  0.059ms frontier=  0.004ms semisort=  0.035ms (keyed= 0.001ms group_by=  0.006ms per_group= 0.012ms)
[pe] round=  9 work=       27 frontier=       54 next=        9 consolidate=  0.021ms frontier=  0.002ms semisort=  0.013ms (keyed= 0.001ms group_by=  0.002ms per_group= 0.005ms)
[pe] round= 10 work=        9 frontier=       18 next=        3 consolidate=  0.008ms frontier=  0.001ms semisort=  0.006ms (keyed= 0.000ms group_by=  0.001ms per_group= 0.002ms)
[pe] round= 11 work=        3 frontier=        6 next=        1 consolidate=  0.003ms frontier=  0.001ms semisort=  0.003ms (keyed= 0.000ms group_by=  0.001ms per_group= 0.001ms)
[pe] round= 12 work=        1 frontier=        0 next=        0 consolidate=  0.002ms frontier=  0.000ms semisort=  0.000ms (break)
[pe-async] round=  0 R=2 dirty=   332750 runs=   166375 filter=  6.415ms semisort= 44.374ms
[pe-async] round=  1 R=3 dirty=   118098 runs=    61408 filter= 10.004ms semisort= 15.908ms
[pe-async] round=  2 R=4 dirty=    39366 runs=    19683 filter= 10.325ms semisort=  8.224ms
[pe-async] round=  3 R=5 dirty=    13122 runs=     6561 filter=  9.904ms semisort=  3.890ms
[pe-async] round=  4 R=6 dirty=     4374 runs=     2187 filter=  8.946ms semisort=  1.318ms
[pe-async] round=  5 R=7 dirty=     1458 runs=      729 filter=  8.906ms semisort=  0.470ms
[pe-async] round=  6 R=8 dirty=      486 runs=      243 filter=  8.617ms semisort=  0.197ms
[pe-async] round=  7 R=9 dirty=      162 runs=       81 filter=  8.545ms semisort=  0.087ms
[pe-async] round=  8 R=10 dirty=       54 runs=       27 filter=  8.552ms semisort=  0.036ms
[pe-async] round=  9 R=11 dirty=       18 runs=        9 filter=  8.678ms semisort=  0.016ms
[pe-async] round= 10 R=12 dirty=        6 runs=        3 filter=  8.608ms semisort=  0.011ms
[pe-async] round= 11 R=13 dirty=        2 runs=        1 filter=  8.578ms semisort=  0.009ms
[pe-async] round= 12 R=14 dirty=        0 filter=  8.637ms (clean break)
