[synthetic_bench] cube n=55 d=3 classes=505288 merges=55 ...
[pe] round=  0 work=      110 frontier=   998250 next=   166375 consolidate=  1.562ms frontier=  0.229ms semisort= 50.479ms (keyed= 1.302ms group_by= 17.001ms per_group=16.492ms)
[pe] round=  1 work=   166375 frontier=   332750 next=    56690 consolidate= 38.196ms frontier=  2.640ms semisort= 25.460ms (keyed= 0.216ms group_by=  5.394ms per_group= 5.878ms)
[pe] round=  2 work=    56690 frontier=   113380 next=    19683 consolidate= 13.544ms frontier=  0.985ms semisort=  9.465ms (keyed= 0.089ms group_by=  1.955ms per_group= 3.015ms)
[pe] round=  3 work=    19683 frontier=    39366 next=     6561 consolidate=  5.434ms frontier=  0.419ms semisort=  3.002ms (keyed= 0.074ms group_by=  0.713ms per_group= 0.724ms)
[pe] round=  4 work=     6561 frontier=    13122 next=     2187 consolidate=  2.524ms frontier=  0.271ms semisort=  1.256ms (keyed= 0.049ms group_by=  0.220ms per_group= 0.325ms)
[pe] round=  5 work=     2187 frontier=     4374 next=      729 consolidate=  0.922ms frontier=  0.125ms semisort=  0.732ms (keyed= 0.018ms group_by=  0.286ms per_group= 0.121ms)
[pe] round=  6 work=      729 frontier=     1458 next=      243 consolidate=  0.364ms frontier=  0.063ms semisort=  0.314ms (keyed= 0.012ms group_by=  0.116ms per_group= 0.073ms)
[pe] round=  7 work=      243 frontier=      486 next=       81 consolidate=  0.122ms frontier=  0.026ms semisort=  0.141ms (keyed= 0.003ms group_by=  0.038ms per_group= 0.051ms)
[pe] round=  8 work=       81 frontier=      162 next=       27 consolidate=  0.079ms frontier=  0.009ms semisort=  0.053ms (keyed= 0.002ms group_by=  0.011ms per_group= 0.015ms)
[pe] round=  9 work=       27 frontier=       54 next=        9 consolidate=  0.037ms frontier=  0.002ms semisort=  0.018ms (keyed= 0.001ms group_by=  0.004ms per_group= 0.005ms)
[pe] round= 10 work=        9 frontier=       18 next=        3 consolidate=  0.013ms frontier=  0.002ms semisort=  0.006ms (keyed= 0.000ms group_by=  0.001ms per_group= 0.002ms)
[pe] round= 11 work=        3 frontier=        6 next=        1 consolidate=  0.004ms frontier=  0.001ms semisort=  0.003ms (keyed= 0.000ms group_by=  0.001ms per_group= 0.001ms)
[pe] round= 12 work=        1 frontier=        0 next=        0 consolidate=  0.002ms frontier=  0.001ms semisort=  0.000ms (break)
[pe-async] round=  0 R=2 dirty=   332750 runs=   166375 filter=  2.485ms semisort= 11.702ms
[pe-async] round=  1 R=3 dirty=   118098 runs=    61408 filter=  2.252ms semisort=  8.545ms
[pe-async] round=  2 R=4 dirty=    39366 runs=    19683 filter=  2.083ms semisort=  3.152ms
[pe-async] round=  3 R=5 dirty=    13122 runs=     6561 filter=  2.045ms semisort=  1.207ms
[pe-async] round=  4 R=6 dirty=     4374 runs=     2187 filter=  1.832ms semisort=  0.465ms
[pe-async] round=  5 R=7 dirty=     1458 runs=      729 filter=  1.692ms semisort=  0.182ms
[pe-async] round=  6 R=8 dirty=      486 runs=      243 filter=  1.902ms semisort=  0.122ms
[pe-async] round=  7 R=9 dirty=      162 runs=       81 filter=  1.788ms semisort=  0.043ms
[pe-async] round=  8 R=10 dirty=       54 runs=       27 filter=  1.763ms semisort=  0.027ms
[pe-async] round=  9 R=11 dirty=       18 runs=        9 filter=  1.741ms semisort=  0.016ms
[pe-async] round= 10 R=12 dirty=        6 runs=        3 filter=  1.683ms semisort=  0.009ms
[pe-async] round= 11 R=13 dirty=        2 runs=        1 filter=  1.826ms semisort=  0.006ms
[pe-async] round= 12 R=14 dirty=        0 filter=  1.589ms (clean break)
[pe-async-cont] scans=13 empty_scans=1 groups_pushed=257307 groups_consumed=257307 unions=252589  total= 81.410ms
