[synthetic_bench] cube n=55 d=5 classes=499672 merges=55 ...
[pe] round=  0 work=      110 frontier=   998250 next=   166375 consolidate=  1.321ms frontier=  0.587ms semisort=152.476ms (keyed= 2.515ms group_by= 39.318ms per_group=60.955ms)
[pe] round=  1 work=   166375 frontier=   332750 next=    63875 consolidate=121.880ms frontier=  5.223ms semisort= 65.620ms (keyed= 0.645ms group_by= 11.920ms per_group=20.057ms)
[pe] round=  2 work=    63875 frontier=   127750 next=    15625 consolidate= 59.298ms frontier=  2.578ms semisort= 32.883ms (keyed= 0.305ms group_by=  6.381ms per_group= 9.698ms)
[pe] round=  3 work=    15625 frontier=    31250 next=     3125 consolidate= 13.289ms frontier=  0.814ms semisort=  5.738ms (keyed= 0.099ms group_by=  1.193ms per_group= 1.305ms)
[pe] round=  4 work=     3125 frontier=     6250 next=      625 consolidate=  2.697ms frontier=  0.167ms semisort=  1.251ms (keyed= 0.080ms group_by=  0.227ms per_group= 0.265ms)
[pe] round=  5 work=      625 frontier=     1250 next=      125 consolidate=  0.539ms frontier=  0.046ms semisort=  0.319ms (keyed= 0.006ms group_by=  0.096ms per_group= 0.072ms)
[pe] round=  6 work=      125 frontier=      250 next=       25 consolidate=  0.125ms frontier=  0.011ms semisort=  0.061ms (keyed= 0.002ms group_by=  0.013ms per_group= 0.014ms)
[pe] round=  7 work=       25 frontier=       50 next=        5 consolidate=  0.026ms frontier=  0.002ms semisort=  0.016ms (keyed= 0.001ms group_by=  0.002ms per_group= 0.004ms)
[pe] round=  8 work=        5 frontier=       10 next=        1 consolidate=  0.005ms frontier=  0.001ms semisort=  0.004ms (keyed= 0.000ms group_by=  0.001ms per_group= 0.001ms)
[pe] round=  9 work=        1 frontier=        0 next=        0 consolidate=  0.002ms frontier=  0.001ms semisort=  0.000ms (break)
[pe-async] round=  0 R=2 dirty=   332750 runs=   166375 filter=  4.598ms semisort= 35.094ms
[pe-async] round=  1 R=3 dirty=   130000 runs=    66125 filter=  6.408ms semisort= 16.871ms
[pe-async] round=  2 R=4 dirty=    31250 runs=    15625 filter=  6.782ms semisort=  5.681ms
[pe-async] round=  3 R=5 dirty=     6250 runs=     3125 filter=  5.608ms semisort=  1.557ms
[pe-async] round=  4 R=6 dirty=     1250 runs=      625 filter=  5.593ms semisort=  0.356ms
[pe-async] round=  5 R=7 dirty=      250 runs=      125 filter=  5.351ms semisort=  0.130ms
[pe-async] round=  6 R=8 dirty=       50 runs=       25 filter=  5.290ms semisort=  0.041ms
[pe-async] round=  7 R=9 dirty=       10 runs=        5 filter=  5.610ms semisort=  0.017ms
[pe-async] round=  8 R=10 dirty=        2 runs=        1 filter=  5.347ms semisort=  0.011ms
[pe-async] round=  9 R=11 dirty=        0 filter=  5.275ms (clean break)
[pe-async-cont] scans=10 empty_scans=1 groups_pushed=252031 groups_consumed=252031 unions=249781  total=165.702ms
