[synthetic_bench] cube n=55 d=5 classes=499672 merges=55 ...
[pe] round=  0 work=      110 frontier=   998250 next=   166375 consolidate=  1.040ms frontier=  0.217ms semisort= 51.652ms (keyed= 1.221ms group_by= 16.913ms per_group=17.555ms)
[pe] round=  1 work=   166375 frontier=   332750 next=    63875 consolidate= 37.956ms frontier=  2.645ms semisort= 25.010ms (keyed= 0.210ms group_by=  4.732ms per_group= 6.760ms)
[pe] round=  2 work=    63875 frontier=   127750 next=    15625 consolidate= 15.372ms frontier=  1.061ms semisort= 10.032ms (keyed= 0.153ms group_by=  2.293ms per_group= 2.134ms)
[pe] round=  3 work=    15625 frontier=    31250 next=     3125 consolidate=  4.264ms frontier=  0.344ms semisort=  2.287ms (keyed= 0.063ms group_by=  0.460ms per_group= 0.399ms)
[pe] round=  4 work=     3125 frontier=     6250 next=      625 consolidate=  1.243ms frontier=  0.139ms semisort=  0.984ms (keyed= 0.020ms group_by=  0.437ms per_group= 0.111ms)
[pe] round=  5 work=      625 frontier=     1250 next=      125 consolidate=  0.283ms frontier=  0.048ms semisort=  0.280ms (keyed= 0.011ms group_by=  0.098ms per_group= 0.067ms)
[pe] round=  6 work=      125 frontier=      250 next=       25 consolidate=  0.080ms frontier=  0.015ms semisort=  0.060ms (keyed= 0.003ms group_by=  0.014ms per_group= 0.014ms)
[pe] round=  7 work=       25 frontier=       50 next=        5 consolidate=  0.026ms frontier=  0.004ms semisort=  0.019ms (keyed= 0.001ms group_by=  0.003ms per_group= 0.005ms)
[pe] round=  8 work=        5 frontier=       10 next=        1 consolidate=  0.010ms frontier=  0.002ms semisort=  0.004ms (keyed= 0.000ms group_by=  0.001ms per_group= 0.001ms)
[pe] round=  9 work=        1 frontier=        0 next=        0 consolidate=  0.002ms frontier=  0.001ms semisort=  0.000ms (break)
[pe-async] round=  0 R=2 dirty=   332750 runs=   166375 filter=  2.742ms semisort= 12.234ms
[pe-async] round=  1 R=3 dirty=   130000 runs=    66125 filter=  2.405ms semisort=  9.530ms
[pe-async] round=  2 R=4 dirty=    31250 runs=    15625 filter=  2.130ms semisort=  2.774ms
[pe-async] round=  3 R=5 dirty=     6250 runs=     3125 filter=  1.813ms semisort=  0.665ms
[pe-async] round=  4 R=6 dirty=     1250 runs=      625 filter=  1.879ms semisort=  0.179ms
[pe-async] round=  5 R=7 dirty=      250 runs=      125 filter=  2.094ms semisort=  0.062ms
[pe-async] round=  6 R=8 dirty=       50 runs=       25 filter=  1.838ms semisort=  0.028ms
[pe-async] round=  7 R=9 dirty=       10 runs=        5 filter=  2.163ms semisort=  0.016ms
[pe-async] round=  8 R=10 dirty=        2 runs=        1 filter=  2.049ms semisort=  0.007ms
[pe-async] round=  9 R=11 dirty=        0 filter=  1.909ms (clean break)
[pe-async-cont] scans=10 empty_scans=1 groups_pushed=252031 groups_consumed=252031 unions=249781  total= 57.086ms
