[synthetic_bench] cube n=155 d=5 classes=12122372 merges=155 ...
[pe] round=  0 work=      310 frontier= 22343250 next=  3723875 consolidate= 18.318ms frontier=  2.554ms semisort=728.994ms (keyed=13.414ms group_by=297.139ms per_group=212.988ms)
[pe] round=  1 work=  3723875 frontier=  7447750 next=  1848875 consolidate=432.303ms frontier= 29.520ms semisort=361.455ms (keyed= 5.025ms group_by= 67.899ms per_group=109.488ms)
[pe] round=  2 work=  1848875 frontier=  3697750 next=   390625 consolidate=233.627ms frontier= 17.166ms semisort=180.457ms (keyed= 1.648ms group_by= 22.989ms per_group=22.237ms)
[pe] round=  3 work=   390625 frontier=   781250 next=    78125 consolidate= 58.839ms frontier=  4.591ms semisort= 38.237ms (keyed= 0.358ms group_by=  5.040ms per_group= 5.108ms)
[pe] round=  4 work=    78125 frontier=   156250 next=    15625 consolidate= 10.396ms frontier=  0.757ms semisort=  8.862ms (keyed= 0.071ms group_by=  2.204ms per_group= 1.046ms)
[pe] round=  5 work=    15625 frontier=    31250 next=     3125 consolidate=  2.300ms frontier=  0.225ms semisort=  1.712ms (keyed= 0.054ms group_by=  0.290ms per_group= 0.281ms)
[pe] round=  6 work=     3125 frontier=     6250 next=      625 consolidate=  0.919ms frontier=  0.145ms semisort=  0.869ms (keyed= 0.026ms group_by=  0.447ms per_group= 0.092ms)
[pe] round=  7 work=      625 frontier=     1250 next=      125 consolidate=  0.224ms frontier=  0.041ms semisort=  0.206ms (keyed= 0.010ms group_by=  0.077ms per_group= 0.037ms)
[pe] round=  8 work=      125 frontier=      250 next=       25 consolidate=  0.086ms frontier=  0.014ms semisort=  0.061ms (keyed= 0.003ms group_by=  0.017ms per_group= 0.014ms)
[pe] round=  9 work=       25 frontier=       50 next=        5 consolidate=  0.030ms frontier=  0.005ms semisort=  0.022ms (keyed= 0.001ms group_by=  0.004ms per_group= 0.005ms)
[pe] round= 10 work=        5 frontier=       10 next=        1 consolidate=  0.010ms frontier=  0.002ms semisort=  0.004ms (keyed= 0.000ms group_by=  0.001ms per_group= 0.001ms)
[pe] round= 11 work=        1 frontier=        0 next=        0 consolidate=  0.002ms frontier=  0.001ms semisort=  0.000ms (break)
[pe-async] round=  0 R=2 dirty=  7447750 runs=  3723875 filter= 21.094ms semisort=125.151ms
[pe-async] round=  1 R=3 dirty=  3750000 runs=  1901125 filter= 26.222ms semisort= 68.502ms
[pe-async] round=  2 R=4 dirty=   781250 runs=   390625 filter= 26.497ms semisort= 22.533ms
[pe-async] round=  3 R=5 dirty=   156250 runs=    78125 filter= 24.291ms semisort=  5.943ms
[pe-async] round=  4 R=6 dirty=    31250 runs=    15625 filter= 25.348ms semisort=  2.728ms
[pe-async] round=  5 R=7 dirty=     6250 runs=     3125 filter= 24.067ms semisort=  0.724ms
[pe-async] round=  6 R=8 dirty=     1250 runs=      625 filter= 24.140ms semisort=  0.222ms
[pe-async] round=  7 R=9 dirty=      250 runs=      125 filter= 24.076ms semisort=  0.063ms
[pe-async] round=  8 R=10 dirty=       50 runs=       25 filter= 24.231ms semisort=  0.034ms
[pe-async] round=  9 R=11 dirty=       10 runs=        5 filter= 23.919ms semisort=  0.021ms
[pe-async] round= 10 R=12 dirty=        2 runs=        1 filter= 24.095ms semisort=  0.011ms
[pe-async] round= 11 R=13 dirty=        0 filter= 24.622ms (clean break)
[pe-async-cont] scans=12 empty_scans=1 groups_pushed=6113281 groups_consumed=6113281 unions=6061031  total=1108.467ms
