[synthetic_bench] cube n=55 d=5 classes=499672 merges=55 ...
[pe] round=  0 work=      110 frontier=   998250 next=   166375 consolidate=  1.216ms frontier=  0.254ms semisort= 37.796ms (keyed= 1.474ms group_by= 24.471ms per_group= 5.947ms)
[pe] round=  1 work=   166375 frontier=   332750 next=    63875 consolidate= 10.755ms frontier=  1.286ms semisort= 11.269ms (keyed= 0.173ms group_by=  5.404ms per_group= 2.050ms)
[pe] round=  2 work=    63875 frontier=   127750 next=    15625 consolidate=  4.276ms frontier=  0.720ms semisort=  4.030ms (keyed= 0.182ms group_by=  1.400ms per_group= 0.784ms)
[pe] round=  3 work=    15625 frontier=    31250 next=     3125 consolidate=  1.201ms frontier=  0.216ms semisort=  1.219ms (keyed= 0.051ms group_by=  0.483ms per_group= 0.177ms)
[pe] round=  4 work=     3125 frontier=     6250 next=      625 consolidate=  0.771ms frontier=  0.125ms semisort=  0.743ms (keyed= 0.029ms group_by=  0.439ms per_group= 0.057ms)
[pe] round=  5 work=      625 frontier=     1250 next=      125 consolidate=  0.214ms frontier=  0.037ms semisort=  0.185ms (keyed= 0.011ms group_by=  0.076ms per_group= 0.039ms)
[pe] round=  6 work=      125 frontier=      250 next=       25 consolidate=  0.061ms frontier=  0.015ms semisort=  0.057ms (keyed= 0.003ms group_by=  0.017ms per_group= 0.014ms)
[pe] round=  7 work=       25 frontier=       50 next=        5 consolidate=  0.023ms frontier=  0.005ms semisort=  0.025ms (keyed= 0.001ms group_by=  0.004ms per_group= 0.008ms)
[pe] round=  8 work=        5 frontier=       10 next=        1 consolidate=  0.011ms frontier=  0.002ms semisort=  0.003ms (keyed= 0.000ms group_by=  0.001ms per_group= 0.001ms)
[pe] round=  9 work=        1 frontier=        0 next=        0 consolidate=  0.002ms frontier=  0.001ms semisort=  0.000ms (break)
[pe-async] round=  0 R=2 dirty=   332750 runs=   166375 filter=  1.433ms semisort=  4.188ms
[pe-async] round=  1 R=3 dirty=   130000 runs=    66125 filter=  1.256ms semisort=  6.709ms
[pe-async] round=  2 R=4 dirty=    31250 runs=    15625 filter=  1.123ms semisort=  1.795ms
[pe-async] round=  3 R=5 dirty=     6250 runs=     3125 filter=  1.676ms semisort=  0.424ms
[pe-async] round=  4 R=6 dirty=     1250 runs=      625 filter=  1.016ms semisort=  0.121ms
[pe-async] round=  5 R=7 dirty=      250 runs=      125 filter=  0.910ms semisort=  0.045ms
[pe-async] round=  6 R=8 dirty=       50 runs=       25 filter=  0.974ms semisort=  0.025ms
[pe-async] round=  7 R=9 dirty=       10 runs=        5 filter=  0.927ms semisort=  0.015ms
[pe-async] round=  8 R=10 dirty=        2 runs=        1 filter=  1.092ms semisort=  0.007ms
[pe-async] round=  9 R=11 dirty=        0 filter=  0.924ms (clean break)
[pe-async-cont] scans=10 empty_scans=1 groups_pushed=252031 groups_consumed=252031 unions=249781  total= 45.720ms
