[synthetic_bench] cube n=50 d=2 classes=500098 merges=50 ...
[pe-async] round=  0 R=2 dirty=   250000 groups=   125000 filter=  0.441ms semisort=  4.703ms
[pe-async] round=  1 R=3 dirty=   131072 groups=    71608 filter=  0.564ms semisort=  2.056ms
[pe-async] round=  2 R=4 dirty=    65536 groups=    32768 filter=  0.594ms semisort=  1.738ms
[pe-async] round=  3 R=5 dirty=    32768 groups=    16384 filter=  0.580ms semisort=  1.311ms
[pe-async] round=  4 R=6 dirty=    16384 groups=     8192 filter=  0.680ms semisort=  0.546ms
[pe-async] round=  5 R=7 dirty=     8192 groups=     4096 filter=  0.611ms semisort=  0.475ms
[pe-async] round=  6 R=8 dirty=     4096 groups=     2048 filter=  0.543ms semisort=  0.295ms
[pe-async] round=  7 R=9 dirty=     2048 groups=     1024 filter=  0.562ms semisort=  0.190ms
[pe-async] round=  8 R=10 dirty=     1024 groups=      512 filter=  0.538ms semisort=  0.103ms
[pe-async] round=  9 R=11 dirty=      512 groups=      256 filter=  0.572ms semisort=  0.036ms
[pe-async] round= 10 R=12 dirty=      256 groups=      128 filter=  0.553ms semisort=  0.053ms
[pe-async] round= 11 R=13 dirty=      128 groups=       64 filter=  0.572ms semisort=  0.050ms
[pe-async] round= 12 R=14 dirty=       64 groups=       32 filter=  0.508ms semisort=  0.005ms
[pe-async] round= 13 R=15 dirty=       32 groups=       16 filter=  0.517ms semisort=  0.003ms
[pe-async] round= 14 R=16 dirty=       16 groups=        8 filter=  0.519ms semisort=  0.003ms
[pe-async] round= 15 R=17 dirty=        8 groups=        4 filter=  0.556ms semisort=  0.002ms
[pe-async] round= 16 R=18 dirty=        4 groups=        2 filter=  0.517ms semisort=  0.002ms
[pe-async] round= 17 R=19 dirty=        2 groups=        1 filter=  0.505ms semisort=  0.001ms
[pe-async] round= 18 R=20 dirty=        0 filter=  0.501ms (clean break)
