[synthetic_bench] quintic n=21 d=2 classes=16336444 merges=21 ...
[pe] round=  0 work=       42 frontier= 40841010 next=  8168202 consolidate= 12.804ms frontier= 20.552ms semisort=2306.277ms (keyed= 0.000ms group_by=738.110ms per_group=568.792ms)
[pe] round=  1 work=  8168202 frontier=  8168202 next=  3973898 consolidate=1775.112ms frontier=364.269ms semisort=1152.918ms (keyed= 0.000ms group_by=183.755ms per_group=238.536ms)
[pe] round=  2 work=  3973898 frontier=  3973898 next=  2097152 consolidate=1058.698ms frontier=227.507ms semisort=517.178ms (keyed= 0.000ms group_by= 88.297ms per_group=124.923ms)
[pe] round=  3 work=  2097152 frontier=  2097152 next=  1048576 consolidate=615.850ms frontier=129.771ms semisort=264.091ms (keyed= 0.000ms group_by= 47.531ms per_group=59.180ms)
[pe] round=  4 work=  1048576 frontier=  1048576 next=   524288 consolidate=319.501ms frontier= 68.878ms semisort=135.637ms (keyed= 0.000ms group_by= 23.462ms per_group=30.543ms)
[pe] round=  5 work=   524288 frontier=   524288 next=   262144 consolidate=153.675ms frontier= 31.271ms semisort= 68.933ms (keyed= 0.000ms group_by= 12.206ms per_group=15.663ms)
[pe] round=  6 work=   262144 frontier=   262144 next=   131072 consolidate= 73.323ms frontier= 16.509ms semisort= 36.320ms (keyed= 0.000ms group_by=  6.385ms per_group= 9.503ms)
[pe] round=  7 work=   131072 frontier=   131072 next=    65536 consolidate= 33.720ms frontier=  6.340ms semisort= 19.247ms (keyed= 0.000ms group_by=  3.542ms per_group= 4.765ms)
[pe] round=  8 work=    65536 frontier=    65536 next=    32768 consolidate= 19.292ms frontier=  3.375ms semisort= 13.175ms (keyed= 0.000ms group_by=  4.228ms per_group= 2.425ms)
[pe] round=  9 work=    32768 frontier=    32768 next=    16384 consolidate= 10.156ms frontier=  1.918ms semisort=  6.590ms (keyed= 0.000ms group_by=  2.133ms per_group= 1.223ms)
[pe] round= 10 work=    16384 frontier=    16384 next=     8192 consolidate=  5.636ms frontier=  1.243ms semisort=  3.315ms (keyed= 0.000ms group_by=  1.024ms per_group= 0.644ms)
[pe] round= 11 work=     8192 frontier=     8192 next=     4096 consolidate=  2.684ms frontier=  0.611ms semisort=  1.816ms (keyed= 0.000ms group_by=  0.540ms per_group= 0.344ms)
[pe] round= 12 work=     4096 frontier=     4096 next=     2048 consolidate=  1.354ms frontier=  0.357ms semisort=  0.924ms (keyed= 0.000ms group_by=  0.267ms per_group= 0.198ms)
[pe] round= 13 work=     2048 frontier=     2048 next=     1024 consolidate=  0.726ms frontier=  0.175ms semisort=  0.525ms (keyed= 0.000ms group_by=  0.160ms per_group= 0.112ms)
[pe] round= 14 work=     1024 frontier=     1024 next=      512 consolidate=  0.379ms frontier=  0.177ms semisort=  0.295ms (keyed= 0.000ms group_by=  0.082ms per_group= 0.069ms)
[pe] round= 15 work=      512 frontier=      512 next=      256 consolidate=  0.237ms frontier=  0.061ms semisort=  0.187ms (keyed= 0.000ms group_by=  0.053ms per_group= 0.044ms)
[pe] round= 16 work=      256 frontier=      256 next=      128 consolidate=  0.109ms frontier=  0.040ms semisort=  0.104ms (keyed= 0.000ms group_by=  0.028ms per_group= 0.033ms)
[pe] round= 17 work=      128 frontier=      128 next=       64 consolidate=  0.076ms frontier=  0.015ms semisort=  0.049ms (keyed= 0.000ms group_by=  0.014ms per_group= 0.010ms)
[pe] round= 18 work=       64 frontier=       64 next=       32 consolidate=  0.033ms frontier=  0.013ms semisort=  0.035ms (keyed= 0.000ms group_by=  0.009ms per_group= 0.008ms)
[pe] round= 19 work=       32 frontier=       32 next=       16 consolidate=  0.021ms frontier=  0.006ms semisort=  0.016ms (keyed= 0.000ms group_by=  0.006ms per_group= 0.003ms)
[pe] round= 20 work=       16 frontier=       16 next=        8 consolidate=  0.013ms frontier=  0.002ms semisort=  0.011ms (keyed= 0.000ms group_by=  0.004ms per_group= 0.003ms)
[pe] round= 21 work=        8 frontier=        8 next=        4 consolidate=  0.005ms frontier=  0.002ms semisort=  0.006ms (keyed= 0.000ms group_by=  0.003ms per_group= 0.001ms)
[pe] round= 22 work=        4 frontier=        4 next=        2 consolidate=  0.003ms frontier=  0.001ms semisort=  0.005ms (keyed= 0.000ms group_by=  0.003ms per_group= 0.001ms)
[pe] round= 23 work=        2 frontier=        0 next=        0 consolidate=  0.002ms frontier=  0.001ms semisort=  0.000ms (break)
[pe] round=  0 work=       42 frontier= 40841010 next=  8168202 consolidate=  7.247ms frontier= 14.949ms semisort=2339.595ms (keyed= 0.000ms group_by=638.745ms per_group=579.920ms)
[pe] round=  1 work=  8168202 frontier=  8168202 next=  3973898 consolidate=2507.274ms frontier=538.736ms semisort=1216.512ms (keyed= 0.000ms group_by=191.805ms per_group=237.004ms)
[pe] round=  2 work=  3973898 frontier=  3973898 next=  2097152 consolidate=1249.736ms frontier=272.782ms semisort=523.585ms (keyed= 0.000ms group_by= 88.680ms per_group=127.935ms)
[pe] round=  3 work=  2097152 frontier=  2097152 next=  1048576 consolidate=654.103ms frontier=145.023ms semisort=265.992ms (keyed= 0.000ms group_by= 47.606ms per_group=59.415ms)
[pe] round=  4 work=  1048576 frontier=  1048576 next=   524288 consolidate=323.569ms frontier= 70.881ms semisort=135.168ms (keyed= 0.000ms group_by= 23.080ms per_group=30.457ms)
[pe] round=  5 work=   524288 frontier=   524288 next=   262144 consolidate=156.134ms frontier= 32.213ms semisort= 69.075ms (keyed= 0.000ms group_by= 12.472ms per_group=15.717ms)
[pe] round=  6 work=   262144 frontier=   262144 next=   131072 consolidate= 75.390ms frontier= 16.043ms semisort= 36.105ms (keyed= 0.000ms group_by=  6.746ms per_group= 9.222ms)
[pe] round=  7 work=   131072 frontier=   131072 next=    65536 consolidate= 34.163ms frontier=  6.322ms semisort= 19.222ms (keyed= 0.000ms group_by=  3.712ms per_group= 4.621ms)
[pe] round=  8 work=    65536 frontier=    65536 next=    32768 consolidate= 18.683ms frontier=  4.294ms semisort= 12.993ms (keyed= 0.000ms group_by=  3.993ms per_group= 2.529ms)
[pe] round=  9 work=    32768 frontier=    32768 next=    16384 consolidate=  9.185ms frontier=  1.970ms semisort=  6.497ms (keyed= 0.000ms group_by=  2.107ms per_group= 1.244ms)
[pe] round= 10 work=    16384 frontier=    16384 next=     8192 consolidate=  5.313ms frontier=  1.258ms semisort=  3.422ms (keyed= 0.000ms group_by=  1.001ms per_group= 0.667ms)
[pe] round= 11 work=     8192 frontier=     8192 next=     4096 consolidate=  2.552ms frontier=  0.575ms semisort=  1.877ms (keyed= 0.000ms group_by=  0.522ms per_group= 0.358ms)
[pe] round= 12 work=     4096 frontier=     4096 next=     2048 consolidate=  1.315ms frontier=  0.349ms semisort=  0.975ms (keyed= 0.000ms group_by=  0.294ms per_group= 0.198ms)
[pe] round= 13 work=     2048 frontier=     2048 next=     1024 consolidate=  0.708ms frontier=  0.265ms semisort=  0.570ms (keyed= 0.000ms group_by=  0.169ms per_group= 0.113ms)
[pe] round= 14 work=     1024 frontier=     1024 next=      512 consolidate=  0.409ms frontier=  0.170ms semisort=  0.314ms (keyed= 0.000ms group_by=  0.082ms per_group= 0.061ms)
[pe] round= 15 work=      512 frontier=      512 next=      256 consolidate=  0.262ms frontier=  0.065ms semisort=  0.200ms (keyed= 0.000ms group_by=  0.050ms per_group= 0.049ms)
[pe] round= 16 work=      256 frontier=      256 next=      128 consolidate=  0.108ms frontier=  0.045ms semisort=  0.103ms (keyed= 0.000ms group_by=  0.025ms per_group= 0.027ms)
[pe] round= 17 work=      128 frontier=      128 next=       64 consolidate=  0.077ms frontier=  0.018ms semisort=  0.056ms (keyed= 0.000ms group_by=  0.014ms per_group= 0.013ms)
[pe] round= 18 work=       64 frontier=       64 next=       32 consolidate=  0.054ms frontier=  0.008ms semisort=  0.030ms (keyed= 0.000ms group_by=  0.009ms per_group= 0.006ms)
[pe] round= 19 work=       32 frontier=       32 next=       16 consolidate=  0.028ms frontier=  0.006ms semisort=  0.017ms (keyed= 0.000ms group_by=  0.006ms per_group= 0.003ms)
[pe] round= 20 work=       16 frontier=       16 next=        8 consolidate=  0.014ms frontier=  0.002ms semisort=  0.010ms (keyed= 0.000ms group_by=  0.004ms per_group= 0.002ms)
[pe] round= 21 work=        8 frontier=        8 next=        4 consolidate=  0.008ms frontier=  0.002ms semisort=  0.007ms (keyed= 0.000ms group_by=  0.003ms per_group= 0.001ms)
[pe] round= 22 work=        4 frontier=        4 next=        2 consolidate=  0.004ms frontier=  0.001ms semisort=  0.005ms (keyed= 0.000ms group_by=  0.003ms per_group= 0.001ms)
[pe] round= 23 work=        2 frontier=        0 next=        0 consolidate=  0.002ms frontier=  0.001ms semisort=  0.000ms (break)
[pe] round=  0 work=       42 frontier= 40841010 next=  8168202 consolidate=  7.197ms frontier= 14.727ms semisort=2265.174ms (keyed= 0.000ms group_by=631.573ms per_group=582.427ms)
[pe] round=  1 work=  8168202 frontier=  8168202 next=  3973898 consolidate=2537.051ms frontier=567.348ms semisort=1215.908ms (keyed= 0.000ms group_by=192.508ms per_group=236.137ms)
[pe] round=  2 work=  3973898 frontier=  3973898 next=  2097152 consolidate=1252.782ms frontier=280.459ms semisort=521.034ms (keyed= 0.000ms group_by= 87.175ms per_group=127.180ms)
[pe] round=  3 work=  2097152 frontier=  2097152 next=  1048576 consolidate=654.718ms frontier=148.519ms semisort=263.414ms (keyed= 0.000ms group_by= 47.623ms per_group=59.398ms)
[pe] round=  4 work=  1048576 frontier=  1048576 next=   524288 consolidate=324.298ms frontier= 69.127ms semisort=135.557ms (keyed= 0.000ms group_by= 23.915ms per_group=30.578ms)
[pe] round=  5 work=   524288 frontier=   524288 next=   262144 consolidate=156.211ms frontier= 33.716ms semisort= 68.084ms (keyed= 0.000ms group_by= 12.466ms per_group=15.540ms)
[pe] round=  6 work=   262144 frontier=   262144 next=   131072 consolidate= 74.212ms frontier= 14.499ms semisort= 36.511ms (keyed= 0.000ms group_by=  6.415ms per_group= 9.154ms)
[pe] round=  7 work=   131072 frontier=   131072 next=    65536 consolidate= 34.616ms frontier=  6.136ms semisort= 18.964ms (keyed= 0.000ms group_by=  3.521ms per_group= 4.669ms)
[pe] round=  8 work=    65536 frontier=    65536 next=    32768 consolidate= 18.823ms frontier=  3.353ms semisort= 13.168ms (keyed= 0.000ms group_by=  4.110ms per_group= 2.593ms)
[pe] round=  9 work=    32768 frontier=    32768 next=    16384 consolidate=  9.552ms frontier=  2.037ms semisort=  6.705ms (keyed= 0.000ms group_by=  2.160ms per_group= 1.217ms)
[pe] round= 10 work=    16384 frontier=    16384 next=     8192 consolidate=  5.017ms frontier=  1.209ms semisort=  3.426ms (keyed= 0.000ms group_by=  1.022ms per_group= 0.651ms)
[pe] round= 11 work=     8192 frontier=     8192 next=     4096 consolidate=  2.521ms frontier=  0.621ms semisort=  1.928ms (keyed= 0.000ms group_by=  0.538ms per_group= 0.362ms)
[pe] round= 12 work=     4096 frontier=     4096 next=     2048 consolidate=  1.353ms frontier=  0.309ms semisort=  0.969ms (keyed= 0.000ms group_by=  0.273ms per_group= 0.193ms)
[pe] round= 13 work=     2048 frontier=     2048 next=     1024 consolidate=  0.669ms frontier=  0.234ms semisort=  0.535ms (keyed= 0.000ms group_by=  0.164ms per_group= 0.111ms)
[pe] round= 14 work=     1024 frontier=     1024 next=      512 consolidate=  0.411ms frontier=  0.151ms semisort=  0.288ms (keyed= 0.000ms group_by=  0.078ms per_group= 0.059ms)
[pe] round= 15 work=      512 frontier=      512 next=      256 consolidate=  0.234ms frontier=  0.069ms semisort=  0.213ms (keyed= 0.000ms group_by=  0.049ms per_group= 0.043ms)
[pe] round= 16 work=      256 frontier=      256 next=      128 consolidate=  0.109ms frontier=  0.047ms semisort=  0.123ms (keyed= 0.000ms group_by=  0.034ms per_group= 0.038ms)
[pe] round= 17 work=      128 frontier=      128 next=       64 consolidate=  0.072ms frontier=  0.019ms semisort=  0.060ms (keyed= 0.000ms group_by=  0.014ms per_group= 0.015ms)
[pe] round= 18 work=       64 frontier=       64 next=       32 consolidate=  0.057ms frontier=  0.008ms semisort=  0.029ms (keyed= 0.000ms group_by=  0.009ms per_group= 0.006ms)
[pe] round= 19 work=       32 frontier=       32 next=       16 consolidate=  0.026ms frontier=  0.005ms semisort=  0.026ms (keyed= 0.000ms group_by=  0.006ms per_group= 0.009ms)
[pe] round= 20 work=       16 frontier=       16 next=        8 consolidate=  0.015ms frontier=  0.002ms semisort=  0.011ms (keyed= 0.000ms group_by=  0.004ms per_group= 0.003ms)
[pe] round= 21 work=        8 frontier=        8 next=        4 consolidate=  0.006ms frontier=  0.002ms semisort=  0.007ms (keyed= 0.000ms group_by=  0.004ms per_group= 0.001ms)
[pe] round= 22 work=        4 frontier=        4 next=        2 consolidate=  0.004ms frontier=  0.001ms semisort=  0.005ms (keyed= 0.000ms group_by=  0.003ms per_group= 0.001ms)
[pe] round= 23 work=        2 frontier=        0 next=        0 consolidate=  0.003ms frontier=  0.001ms semisort=  0.000ms (break)
[pe] round=  0 work=       42 frontier= 40841010 next=  8168202 consolidate=  7.138ms frontier= 14.898ms semisort=2375.644ms (keyed= 0.000ms group_by=638.235ms per_group=589.078ms)
[pe] round=  1 work=  8168202 frontier=  8168202 next=  3973898 consolidate=2559.525ms frontier=571.843ms semisort=1220.987ms (keyed= 0.000ms group_by=191.758ms per_group=233.469ms)
[pe] round=  2 work=  3973898 frontier=  3973898 next=  2097152 consolidate=1261.243ms frontier=278.434ms semisort=520.091ms (keyed= 0.000ms group_by= 88.147ms per_group=127.872ms)
[pe] round=  3 work=  2097152 frontier=  2097152 next=  1048576 consolidate=654.224ms frontier=150.455ms semisort=265.939ms (keyed= 0.000ms group_by= 47.855ms per_group=57.657ms)
[pe] round=  4 work=  1048576 frontier=  1048576 next=   524288 consolidate=325.554ms frontier= 72.089ms semisort=132.758ms (keyed= 0.000ms group_by= 23.576ms per_group=30.249ms)
[pe] round=  5 work=   524288 frontier=   524288 next=   262144 consolidate=154.629ms frontier= 33.396ms semisort= 68.967ms (keyed= 0.000ms group_by= 12.503ms per_group=15.600ms)
[pe] round=  6 work=   262144 frontier=   262144 next=   131072 consolidate= 75.526ms frontier= 16.814ms semisort= 35.958ms (keyed= 0.000ms group_by=  6.554ms per_group= 9.070ms)
[pe] round=  7 work=   131072 frontier=   131072 next=    65536 consolidate= 34.001ms frontier=  6.786ms semisort= 19.307ms (keyed= 0.000ms group_by=  3.717ms per_group= 4.589ms)
[pe] round=  8 work=    65536 frontier=    65536 next=    32768 consolidate= 18.615ms frontier=  4.455ms semisort= 12.775ms (keyed= 0.000ms group_by=  4.003ms per_group= 2.472ms)
[pe] round=  9 work=    32768 frontier=    32768 next=    16384 consolidate=  9.347ms frontier=  1.903ms semisort=  6.403ms (keyed= 0.000ms group_by=  2.068ms per_group= 1.211ms)
[pe] round= 10 work=    16384 frontier=    16384 next=     8192 consolidate=  5.012ms frontier=  1.220ms semisort=  3.379ms (keyed= 0.000ms group_by=  1.026ms per_group= 0.632ms)
[pe] round= 11 work=     8192 frontier=     8192 next=     4096 consolidate=  2.489ms frontier=  0.611ms semisort=  1.914ms (keyed= 0.000ms group_by=  0.583ms per_group= 0.361ms)
[pe] round= 12 work=     4096 frontier=     4096 next=     2048 consolidate=  1.327ms frontier=  0.417ms semisort=  1.036ms (keyed= 0.000ms group_by=  0.272ms per_group= 0.209ms)
[pe] round= 13 work=     2048 frontier=     2048 next=     1024 consolidate=  0.683ms frontier=  0.187ms semisort=  0.520ms (keyed= 0.000ms group_by=  0.167ms per_group= 0.111ms)
[pe] round= 14 work=     1024 frontier=     1024 next=      512 consolidate=  0.365ms frontier=  0.181ms semisort=  0.315ms (keyed= 0.000ms group_by=  0.087ms per_group= 0.067ms)
[pe] round= 15 work=      512 frontier=      512 next=      256 consolidate=  0.253ms frontier=  0.069ms semisort=  0.204ms (keyed= 0.000ms group_by=  0.048ms per_group= 0.044ms)
[pe] round= 16 work=      256 frontier=      256 next=      128 consolidate=  0.119ms frontier=  0.038ms semisort=  0.127ms (keyed= 0.000ms group_by=  0.032ms per_group= 0.040ms)
[pe] round= 17 work=      128 frontier=      128 next=       64 consolidate=  0.077ms frontier=  0.023ms semisort=  0.065ms (keyed= 0.000ms group_by=  0.016ms per_group= 0.014ms)
[pe] round= 18 work=       64 frontier=       64 next=       32 consolidate=  0.053ms frontier=  0.012ms semisort=  0.037ms (keyed= 0.000ms group_by=  0.009ms per_group= 0.009ms)
[pe] round= 19 work=       32 frontier=       32 next=       16 consolidate=  0.026ms frontier=  0.009ms semisort=  0.026ms (keyed= 0.000ms group_by=  0.006ms per_group= 0.008ms)
[pe] round= 20 work=       16 frontier=       16 next=        8 consolidate=  0.016ms frontier=  0.002ms semisort=  0.011ms (keyed= 0.000ms group_by=  0.004ms per_group= 0.002ms)
[pe] round= 21 work=        8 frontier=        8 next=        4 consolidate=  0.006ms frontier=  0.002ms semisort=  0.007ms (keyed= 0.000ms group_by=  0.003ms per_group= 0.001ms)
[pe] round= 22 work=        4 frontier=        4 next=        2 consolidate=  0.004ms frontier=  0.001ms semisort=  0.005ms (keyed= 0.000ms group_by=  0.003ms per_group= 0.001ms)
[pe] round= 23 work=        2 frontier=        0 next=        0 consolidate=  0.003ms frontier=  0.001ms semisort=  0.000ms (break)
[pe] round=  0 work=       42 frontier= 40841010 next=  8168202 consolidate=  7.214ms frontier= 14.741ms semisort=2311.354ms (keyed= 0.000ms group_by=632.872ms per_group=587.983ms)
[pe] round=  1 work=  8168202 frontier=  8168202 next=  3973898 consolidate=2549.892ms frontier=572.368ms semisort=1223.560ms (keyed= 0.000ms group_by=191.651ms per_group=235.374ms)
[pe] round=  2 work=  3973898 frontier=  3973898 next=  2097152 consolidate=1258.231ms frontier=279.525ms semisort=522.714ms (keyed= 0.000ms group_by= 88.785ms per_group=127.763ms)
[pe] round=  3 work=  2097152 frontier=  2097152 next=  1048576 consolidate=656.021ms frontier=147.881ms semisort=265.393ms (keyed= 0.000ms group_by= 47.469ms per_group=58.948ms)
[pe] round=  4 work=  1048576 frontier=  1048576 next=   524288 consolidate=324.088ms frontier= 73.373ms semisort=136.575ms (keyed= 0.000ms group_by= 23.990ms per_group=30.886ms)
[pe] round=  5 work=   524288 frontier=   524288 next=   262144 consolidate=154.350ms frontier= 33.358ms semisort= 68.298ms (keyed= 0.000ms group_by= 12.471ms per_group=15.492ms)
[pe] round=  6 work=   262144 frontier=   262144 next=   131072 consolidate= 74.874ms frontier= 15.913ms semisort= 36.506ms (keyed= 0.000ms group_by=  6.409ms per_group= 9.072ms)
[pe] round=  7 work=   131072 frontier=   131072 next=    65536 consolidate= 34.149ms frontier=  7.165ms semisort= 19.194ms (keyed= 0.000ms group_by=  3.422ms per_group= 4.778ms)
[pe] round=  8 work=    65536 frontier=    65536 next=    32768 consolidate= 17.962ms frontier=  4.308ms semisort= 13.220ms (keyed= 0.000ms group_by=  4.411ms per_group= 2.566ms)
[pe] round=  9 work=    32768 frontier=    32768 next=    16384 consolidate=  9.240ms frontier=  1.976ms semisort=  6.561ms (keyed= 0.000ms group_by=  2.055ms per_group= 1.216ms)
[pe] round= 10 work=    16384 frontier=    16384 next=     8192 consolidate=  5.058ms frontier=  1.211ms semisort=  3.400ms (keyed= 0.000ms group_by=  1.052ms per_group= 0.646ms)
[pe] round= 11 work=     8192 frontier=     8192 next=     4096 consolidate=  2.556ms frontier=  0.589ms semisort=  1.824ms (keyed= 0.000ms group_by=  0.533ms per_group= 0.337ms)
[pe] round= 12 work=     4096 frontier=     4096 next=     2048 consolidate=  1.375ms frontier=  0.374ms semisort=  0.980ms (keyed= 0.000ms group_by=  0.275ms per_group= 0.199ms)
[pe] round= 13 work=     2048 frontier=     2048 next=     1024 consolidate=  0.731ms frontier=  0.222ms semisort=  0.513ms (keyed= 0.000ms group_by=  0.165ms per_group= 0.110ms)
[pe] round= 14 work=     1024 frontier=     1024 next=      512 consolidate=  0.361ms frontier=  0.116ms semisort=  0.295ms (keyed= 0.000ms group_by=  0.083ms per_group= 0.060ms)
[pe] round= 15 work=      512 frontier=      512 next=      256 consolidate=  0.221ms frontier=  0.141ms semisort=  0.225ms (keyed= 0.000ms group_by=  0.054ms per_group= 0.043ms)
[pe] round= 16 work=      256 frontier=      256 next=      128 consolidate=  0.130ms frontier=  0.048ms semisort=  0.109ms (keyed= 0.000ms group_by=  0.025ms per_group= 0.020ms)
[pe] round= 17 work=      128 frontier=      128 next=       64 consolidate=  0.075ms frontier=  0.017ms semisort=  0.056ms (keyed= 0.000ms group_by=  0.014ms per_group= 0.015ms)
[pe] round= 18 work=       64 frontier=       64 next=       32 consolidate=  0.051ms frontier=  0.006ms semisort=  0.033ms (keyed= 0.000ms group_by=  0.008ms per_group= 0.008ms)
[pe] round= 19 work=       32 frontier=       32 next=       16 consolidate=  0.026ms frontier=  0.005ms semisort=  0.026ms (keyed= 0.000ms group_by=  0.005ms per_group= 0.008ms)
[pe] round= 20 work=       16 frontier=       16 next=        8 consolidate=  0.014ms frontier=  0.002ms semisort=  0.012ms (keyed= 0.000ms group_by=  0.004ms per_group= 0.003ms)
[pe] round= 21 work=        8 frontier=        8 next=        4 consolidate=  0.006ms frontier=  0.002ms semisort=  0.007ms (keyed= 0.000ms group_by=  0.004ms per_group= 0.001ms)
[pe] round= 22 work=        4 frontier=        4 next=        2 consolidate=  0.004ms frontier=  0.001ms semisort=  0.005ms (keyed= 0.000ms group_by=  0.003ms per_group= 0.001ms)
[pe] round= 23 work=        2 frontier=        0 next=        0 consolidate=  0.002ms frontier=  0.001ms semisort=  0.000ms (break)
[pe] round=  0 work=       42 frontier= 40841010 next=  8168202 consolidate=  7.028ms frontier= 14.788ms semisort=2403.765ms (keyed= 0.000ms group_by=638.868ms per_group=590.256ms)
[pe] round=  1 work=  8168202 frontier=  8168202 next=  3973898 consolidate=2559.427ms frontier=572.188ms semisort=1219.489ms (keyed= 0.000ms group_by=191.880ms per_group=234.853ms)
[pe] round=  2 work=  3973898 frontier=  3973898 next=  2097152 consolidate=1256.629ms frontier=278.998ms semisort=516.490ms (keyed= 0.000ms group_by= 87.690ms per_group=125.859ms)
[pe] round=  3 work=  2097152 frontier=  2097152 next=  1048576 consolidate=653.235ms frontier=149.382ms semisort=262.285ms (keyed= 0.000ms group_by= 47.349ms per_group=58.339ms)
[pe] round=  4 work=  1048576 frontier=  1048576 next=   524288 consolidate=322.631ms frontier= 72.174ms semisort=136.058ms (keyed= 0.000ms group_by= 23.887ms per_group=30.362ms)
[pe] round=  5 work=   524288 frontier=   524288 next=   262144 consolidate=155.431ms frontier= 33.669ms semisort= 67.144ms (keyed= 0.000ms group_by= 12.151ms per_group=15.474ms)
[pe] round=  6 work=   262144 frontier=   262144 next=   131072 consolidate= 74.052ms frontier= 15.093ms semisort= 36.342ms (keyed= 0.000ms group_by=  6.439ms per_group= 9.194ms)
[pe] round=  7 work=   131072 frontier=   131072 next=    65536 consolidate= 33.924ms frontier=  6.533ms semisort= 18.753ms (keyed= 0.000ms group_by=  3.579ms per_group= 4.653ms)
[pe] round=  8 work=    65536 frontier=    65536 next=    32768 consolidate= 17.897ms frontier=  3.885ms semisort= 13.003ms (keyed= 0.000ms group_by=  4.185ms per_group= 2.431ms)
[pe] round=  9 work=    32768 frontier=    32768 next=    16384 consolidate=  9.319ms frontier=  1.839ms semisort=  6.472ms (keyed= 0.000ms group_by=  2.007ms per_group= 1.224ms)
[pe] round= 10 work=    16384 frontier=    16384 next=     8192 consolidate=  5.053ms frontier=  1.180ms semisort=  3.373ms (keyed= 0.000ms group_by=  1.039ms per_group= 0.630ms)
[pe] round= 11 work=     8192 frontier=     8192 next=     4096 consolidate=  2.458ms frontier=  0.542ms semisort=  1.791ms (keyed= 0.000ms group_by=  0.515ms per_group= 0.349ms)
[pe] round= 12 work=     4096 frontier=     4096 next=     2048 consolidate=  1.360ms frontier=  0.369ms semisort=  0.961ms (keyed= 0.000ms group_by=  0.260ms per_group= 0.189ms)
[pe] round= 13 work=     2048 frontier=     2048 next=     1024 consolidate=  0.643ms frontier=  0.206ms semisort=  0.524ms (keyed= 0.000ms group_by=  0.158ms per_group= 0.111ms)
[pe] round= 14 work=     1024 frontier=     1024 next=      512 consolidate=  0.423ms frontier=  0.116ms semisort=  0.318ms (keyed= 0.000ms group_by=  0.084ms per_group= 0.066ms)
[pe] round= 15 work=      512 frontier=      512 next=      256 consolidate=  0.210ms frontier=  0.068ms semisort=  0.184ms (keyed= 0.000ms group_by=  0.048ms per_group= 0.047ms)
[pe] round= 16 work=      256 frontier=      256 next=      128 consolidate=  0.099ms frontier=  0.039ms semisort=  0.094ms (keyed= 0.000ms group_by=  0.025ms per_group= 0.028ms)
[pe] round= 17 work=      128 frontier=      128 next=       64 consolidate=  0.078ms frontier=  0.016ms semisort=  0.055ms (keyed= 0.000ms group_by=  0.013ms per_group= 0.015ms)
[pe] round= 18 work=       64 frontier=       64 next=       32 consolidate=  0.053ms frontier=  0.006ms semisort=  0.034ms (keyed= 0.000ms group_by=  0.008ms per_group= 0.010ms)
[pe] round= 19 work=       32 frontier=       32 next=       16 consolidate=  0.024ms frontier=  0.005ms semisort=  0.025ms (keyed= 0.000ms group_by=  0.005ms per_group= 0.007ms)
[pe] round= 20 work=       16 frontier=       16 next=        8 consolidate=  0.014ms frontier=  0.002ms semisort=  0.010ms (keyed= 0.000ms group_by=  0.004ms per_group= 0.002ms)
[pe] round= 21 work=        8 frontier=        8 next=        4 consolidate=  0.006ms frontier=  0.001ms semisort=  0.006ms (keyed= 0.000ms group_by=  0.003ms per_group= 0.001ms)
[pe] round= 22 work=        4 frontier=        4 next=        2 consolidate=  0.003ms frontier=  0.001ms semisort=  0.005ms (keyed= 0.000ms group_by=  0.003ms per_group= 0.001ms)
[pe] round= 23 work=        2 frontier=        0 next=        0 consolidate=  0.002ms frontier=  0.001ms semisort=  0.000ms (break)
