[synthetic_bench] quintic n=18 d=2 classes=7558306 merges=18 ...
[pe] round=  0 work=       36 frontier= 18895680 next=  3779136 consolidate= 19.289ms frontier=  9.453ms semisort=214.109ms (keyed= 0.000ms group_by=103.802ms per_group=39.194ms)
[pe] round=  1 work=  3779136 frontier=  3779136 next=  1681984 consolidate=124.227ms frontier= 28.945ms semisort= 84.240ms (keyed= 0.000ms group_by= 21.158ms per_group=16.060ms)
[pe] round=  2 work=  1681984 frontier=  1681984 next=  1048576 consolidate= 64.353ms frontier= 14.960ms semisort= 39.580ms (keyed= 0.000ms group_by=  9.740ms per_group= 9.575ms)
[pe] round=  3 work=  1048576 frontier=  1048576 next=   524288 consolidate= 42.029ms frontier=  9.691ms semisort= 20.845ms (keyed= 0.000ms group_by=  4.416ms per_group= 4.893ms)
[pe] round=  4 work=   524288 frontier=   524288 next=   262144 consolidate= 21.581ms frontier=  4.734ms semisort= 11.974ms (keyed= 0.000ms group_by=  2.753ms per_group= 2.745ms)
[pe] round=  5 work=   262144 frontier=   262144 next=   131072 consolidate= 11.104ms frontier=  2.558ms semisort=  5.970ms (keyed= 0.000ms group_by=  1.453ms per_group= 1.461ms)
[pe] round=  6 work=   131072 frontier=   131072 next=    65536 consolidate=  5.389ms frontier=  1.286ms semisort=  3.276ms (keyed= 0.000ms group_by=  0.928ms per_group= 0.768ms)
[pe] round=  7 work=    65536 frontier=    65536 next=    32768 consolidate=  2.650ms frontier=  0.737ms semisort=  4.535ms (keyed= 0.000ms group_by=  3.238ms per_group= 0.432ms)
[pe] round=  8 work=    32768 frontier=    32768 next=    16384 consolidate=  1.470ms frontier=  0.423ms semisort=  2.617ms (keyed= 0.000ms group_by=  1.782ms per_group= 0.270ms)
[pe] round=  9 work=    16384 frontier=    16384 next=     8192 consolidate=  2.158ms frontier=  0.289ms semisort=  1.485ms (keyed= 0.000ms group_by=  0.923ms per_group= 0.171ms)
[pe] round= 10 work=     8192 frontier=     8192 next=     4096 consolidate=  1.320ms frontier=  0.326ms semisort=  0.911ms (keyed= 0.000ms group_by=  0.454ms per_group= 0.104ms)
[pe] round= 11 work=     4096 frontier=     4096 next=     2048 consolidate=  0.687ms frontier=  0.194ms semisort=  0.523ms (keyed= 0.000ms group_by=  0.238ms per_group= 0.094ms)
[pe] round= 12 work=     2048 frontier=     2048 next=     1024 consolidate=  0.363ms frontier=  0.104ms semisort=  0.331ms (keyed= 0.000ms group_by=  0.154ms per_group= 0.051ms)
[pe] round= 13 work=     1024 frontier=     1024 next=      512 consolidate=  0.223ms frontier=  0.077ms semisort=  0.185ms (keyed= 0.000ms group_by=  0.066ms per_group= 0.037ms)
[pe] round= 14 work=      512 frontier=      512 next=      256 consolidate=  0.094ms frontier=  0.047ms semisort=  0.129ms (keyed= 0.000ms group_by=  0.039ms per_group= 0.030ms)
[pe] round= 15 work=      256 frontier=      256 next=      128 consolidate=  0.067ms frontier=  0.035ms semisort=  0.082ms (keyed= 0.000ms group_by=  0.023ms per_group= 0.022ms)
[pe] round= 16 work=      128 frontier=      128 next=       64 consolidate=  0.044ms frontier=  0.027ms semisort=  0.054ms (keyed= 0.000ms group_by=  0.013ms per_group= 0.015ms)
[pe] round= 17 work=       64 frontier=       64 next=       32 consolidate=  0.027ms frontier=  0.019ms semisort=  0.039ms (keyed= 0.000ms group_by=  0.009ms per_group= 0.011ms)
[pe] round= 18 work=       32 frontier=       32 next=       16 consolidate=  0.022ms frontier=  0.007ms semisort=  0.020ms (keyed= 0.000ms group_by=  0.006ms per_group= 0.005ms)
[pe] round= 19 work=       16 frontier=       16 next=        8 consolidate=  0.011ms frontier=  0.002ms semisort=  0.014ms (keyed= 0.000ms group_by=  0.004ms per_group= 0.002ms)
[pe] round= 20 work=        8 frontier=        8 next=        4 consolidate=  0.008ms frontier=  0.002ms semisort=  0.007ms (keyed= 0.000ms group_by=  0.003ms per_group= 0.001ms)
[pe] round= 21 work=        4 frontier=        4 next=        2 consolidate=  0.003ms frontier=  0.001ms semisort=  0.005ms (keyed= 0.000ms group_by=  0.003ms per_group= 0.001ms)
[pe] round= 22 work=        2 frontier=        0 next=        0 consolidate=  0.002ms frontier=  0.001ms semisort=  0.000ms (break)
[pe] round=  0 work=       36 frontier= 18895680 next=  3779136 consolidate=  1.642ms frontier=  4.823ms semisort=173.261ms (keyed= 0.000ms group_by= 56.752ms per_group=36.857ms)
[pe] round=  1 work=  3779136 frontier=  3779136 next=  1681984 consolidate=128.741ms frontier= 31.506ms semisort= 80.933ms (keyed= 0.000ms group_by= 17.304ms per_group=14.647ms)
[pe] round=  2 work=  1681984 frontier=  1681984 next=  1048576 consolidate= 72.605ms frontier= 15.070ms semisort= 38.110ms (keyed= 0.000ms group_by=  7.356ms per_group=10.119ms)
[pe] round=  3 work=  1048576 frontier=  1048576 next=   524288 consolidate= 42.587ms frontier=  9.822ms semisort= 22.482ms (keyed= 0.000ms group_by=  4.582ms per_group= 5.084ms)
[pe] round=  4 work=   524288 frontier=   524288 next=   262144 consolidate= 21.698ms frontier=  4.964ms semisort= 11.345ms (keyed= 0.000ms group_by=  2.648ms per_group= 2.698ms)
[pe] round=  5 work=   262144 frontier=   262144 next=   131072 consolidate= 10.899ms frontier=  2.374ms semisort=  6.012ms (keyed= 0.000ms group_by=  1.457ms per_group= 1.478ms)
[pe] round=  6 work=   131072 frontier=   131072 next=    65536 consolidate=  5.402ms frontier=  1.311ms semisort=  3.186ms (keyed= 0.000ms group_by=  0.798ms per_group= 0.775ms)
[pe] round=  7 work=    65536 frontier=    65536 next=    32768 consolidate=  2.717ms frontier=  0.727ms semisort=  4.585ms (keyed= 0.000ms group_by=  3.213ms per_group= 0.470ms)
[pe] round=  8 work=    32768 frontier=    32768 next=    16384 consolidate=  1.423ms frontier=  0.433ms semisort=  2.377ms (keyed= 0.000ms group_by=  1.540ms per_group= 0.268ms)
[pe] round=  9 work=    16384 frontier=    16384 next=     8192 consolidate=  1.807ms frontier=  0.288ms semisort=  1.301ms (keyed= 0.000ms group_by=  0.786ms per_group= 0.166ms)
[pe] round= 10 work=     8192 frontier=     8192 next=     4096 consolidate=  1.067ms frontier=  0.313ms semisort=  1.076ms (keyed= 0.000ms group_by=  0.433ms per_group= 0.105ms)
[pe] round= 11 work=     4096 frontier=     4096 next=     2048 consolidate=  0.726ms frontier=  0.396ms semisort=  0.522ms (keyed= 0.000ms group_by=  0.248ms per_group= 0.071ms)
[pe] round= 12 work=     2048 frontier=     2048 next=     1024 consolidate=  0.435ms frontier=  0.106ms semisort=  0.331ms (keyed= 0.000ms group_by=  0.156ms per_group= 0.048ms)
[pe] round= 13 work=     1024 frontier=     1024 next=      512 consolidate=  0.212ms frontier=  0.069ms semisort=  0.196ms (keyed= 0.000ms group_by=  0.073ms per_group= 0.037ms)
[pe] round= 14 work=      512 frontier=      512 next=      256 consolidate=  0.115ms frontier=  0.057ms semisort=  0.123ms (keyed= 0.000ms group_by=  0.038ms per_group= 0.031ms)
[pe] round= 15 work=      256 frontier=      256 next=      128 consolidate=  0.065ms frontier=  0.037ms semisort=  0.081ms (keyed= 0.000ms group_by=  0.025ms per_group= 0.021ms)
[pe] round= 16 work=      128 frontier=      128 next=       64 consolidate=  0.046ms frontier=  0.028ms semisort=  0.054ms (keyed= 0.000ms group_by=  0.013ms per_group= 0.017ms)
[pe] round= 17 work=       64 frontier=       64 next=       32 consolidate=  0.028ms frontier=  0.019ms semisort=  0.041ms (keyed= 0.000ms group_by=  0.009ms per_group= 0.013ms)
[pe] round= 18 work=       32 frontier=       32 next=       16 consolidate=  0.022ms frontier=  0.008ms semisort=  0.036ms (keyed= 0.000ms group_by=  0.006ms per_group= 0.013ms)
[pe] round= 19 work=       16 frontier=       16 next=        8 consolidate=  0.016ms frontier=  0.004ms semisort=  0.011ms (keyed= 0.000ms group_by=  0.004ms per_group= 0.002ms)
[pe] round= 20 work=        8 frontier=        8 next=        4 consolidate=  0.012ms frontier=  0.003ms semisort=  0.016ms (keyed= 0.000ms group_by=  0.012ms per_group= 0.001ms)
[pe] round= 21 work=        4 frontier=        4 next=        2 consolidate=  0.004ms frontier=  0.001ms semisort=  0.005ms (keyed= 0.000ms group_by=  0.003ms per_group= 0.001ms)
[pe] round= 22 work=        2 frontier=        0 next=        0 consolidate=  0.002ms frontier=  0.001ms semisort=  0.000ms (break)
[pe] round=  0 work=       36 frontier= 18895680 next=  3779136 consolidate=  1.710ms frontier=  5.090ms semisort=168.459ms (keyed= 0.000ms group_by= 58.473ms per_group=37.970ms)
[pe] round=  1 work=  3779136 frontier=  3779136 next=  1681984 consolidate=130.673ms frontier= 32.817ms semisort= 82.682ms (keyed= 0.000ms group_by= 19.681ms per_group=14.596ms)
[pe] round=  2 work=  1681984 frontier=  1681984 next=  1048576 consolidate= 67.499ms frontier= 15.740ms semisort= 38.903ms (keyed= 0.000ms group_by=  7.492ms per_group=10.192ms)
[pe] round=  3 work=  1048576 frontier=  1048576 next=   524288 consolidate= 42.380ms frontier= 10.011ms semisort= 21.090ms (keyed= 0.000ms group_by=  4.655ms per_group= 4.864ms)
[pe] round=  4 work=   524288 frontier=   524288 next=   262144 consolidate= 22.601ms frontier=  4.837ms semisort= 11.489ms (keyed= 0.000ms group_by=  2.724ms per_group= 2.746ms)
[pe] round=  5 work=   262144 frontier=   262144 next=   131072 consolidate= 10.951ms frontier=  2.510ms semisort=  6.195ms (keyed= 0.000ms group_by=  1.453ms per_group= 1.510ms)
[pe] round=  6 work=   131072 frontier=   131072 next=    65536 consolidate=  5.370ms frontier=  1.530ms semisort=  3.232ms (keyed= 0.000ms group_by=  0.827ms per_group= 0.789ms)
[pe] round=  7 work=    65536 frontier=    65536 next=    32768 consolidate=  2.674ms frontier=  0.731ms semisort=  4.510ms (keyed= 0.000ms group_by=  3.171ms per_group= 0.449ms)
[pe] round=  8 work=    32768 frontier=    32768 next=    16384 consolidate=  1.439ms frontier=  0.448ms semisort=  2.500ms (keyed= 0.000ms group_by=  1.671ms per_group= 0.268ms)
[pe] round=  9 work=    16384 frontier=    16384 next=     8192 consolidate=  1.899ms frontier=  0.301ms semisort=  1.280ms (keyed= 0.000ms group_by=  0.779ms per_group= 0.163ms)
[pe] round= 10 work=     8192 frontier=     8192 next=     4096 consolidate=  1.085ms frontier=  0.319ms semisort=  1.036ms (keyed= 0.000ms group_by=  0.409ms per_group= 0.093ms)
[pe] round= 11 work=     4096 frontier=     4096 next=     2048 consolidate=  0.700ms frontier=  0.208ms semisort=  0.504ms (keyed= 0.000ms group_by=  0.231ms per_group= 0.070ms)
[pe] round= 12 work=     2048 frontier=     2048 next=     1024 consolidate=  0.627ms frontier=  0.128ms semisort=  0.328ms (keyed= 0.000ms group_by=  0.149ms per_group= 0.049ms)
[pe] round= 13 work=     1024 frontier=     1024 next=      512 consolidate=  0.170ms frontier=  0.076ms semisort=  0.189ms (keyed= 0.000ms group_by=  0.068ms per_group= 0.037ms)
[pe] round= 14 work=      512 frontier=      512 next=      256 consolidate=  0.116ms frontier=  0.054ms semisort=  0.128ms (keyed= 0.000ms group_by=  0.040ms per_group= 0.027ms)
[pe] round= 15 work=      256 frontier=      256 next=      128 consolidate=  0.065ms frontier=  0.039ms semisort=  0.084ms (keyed= 0.000ms group_by=  0.024ms per_group= 0.021ms)
[pe] round= 16 work=      128 frontier=      128 next=       64 consolidate=  0.046ms frontier=  0.029ms semisort=  0.054ms (keyed= 0.000ms group_by=  0.014ms per_group= 0.016ms)
[pe] round= 17 work=       64 frontier=       64 next=       32 consolidate=  0.033ms frontier=  0.018ms semisort=  0.049ms (keyed= 0.000ms group_by=  0.009ms per_group= 0.012ms)
[pe] round= 18 work=       32 frontier=       32 next=       16 consolidate=  0.022ms frontier=  0.007ms semisort=  0.023ms (keyed= 0.000ms group_by=  0.006ms per_group= 0.005ms)
[pe] round= 19 work=       16 frontier=       16 next=        8 consolidate=  0.016ms frontier=  0.005ms semisort=  0.010ms (keyed= 0.000ms group_by=  0.004ms per_group= 0.002ms)
[pe] round= 20 work=        8 frontier=        8 next=        4 consolidate=  0.009ms frontier=  0.002ms semisort=  0.007ms (keyed= 0.000ms group_by=  0.003ms per_group= 0.001ms)
[pe] round= 21 work=        4 frontier=        4 next=        2 consolidate=  0.004ms frontier=  0.001ms semisort=  0.005ms (keyed= 0.000ms group_by=  0.003ms per_group= 0.001ms)
[pe] round= 22 work=        2 frontier=        0 next=        0 consolidate=  0.002ms frontier=  0.001ms semisort=  0.000ms (break)
[pe] round=  0 work=       36 frontier= 18895680 next=  3779136 consolidate=  1.918ms frontier=  5.061ms semisort=182.156ms (keyed= 0.000ms group_by= 61.631ms per_group=38.493ms)
[pe] round=  1 work=  3779136 frontier=  3779136 next=  1681984 consolidate=132.514ms frontier= 34.279ms semisort= 81.607ms (keyed= 0.000ms group_by= 17.676ms per_group=14.544ms)
[pe] round=  2 work=  1681984 frontier=  1681984 next=  1048576 consolidate= 67.536ms frontier= 15.867ms semisort= 38.908ms (keyed= 0.000ms group_by=  7.515ms per_group=10.201ms)
[pe] round=  3 work=  1048576 frontier=  1048576 next=   524288 consolidate= 42.927ms frontier= 10.103ms semisort= 21.754ms (keyed= 0.000ms group_by=  4.903ms per_group= 5.000ms)
[pe] round=  4 work=   524288 frontier=   524288 next=   262144 consolidate= 26.553ms frontier=  5.739ms semisort= 11.812ms (keyed= 0.000ms group_by=  2.759ms per_group= 2.853ms)
[pe] round=  5 work=   262144 frontier=   262144 next=   131072 consolidate= 11.418ms frontier=  2.921ms semisort=  6.227ms (keyed= 0.000ms group_by=  1.541ms per_group= 1.516ms)
[pe] round=  6 work=   131072 frontier=   131072 next=    65536 consolidate=  5.522ms frontier=  1.379ms semisort=  3.351ms (keyed= 0.000ms group_by=  0.904ms per_group= 0.816ms)
[pe] round=  7 work=    65536 frontier=    65536 next=    32768 consolidate=  2.732ms frontier=  0.763ms semisort=  4.842ms (keyed= 0.000ms group_by=  3.472ms per_group= 0.462ms)
[pe] round=  8 work=    32768 frontier=    32768 next=    16384 consolidate=  1.454ms frontier=  0.457ms semisort=  2.428ms (keyed= 0.000ms group_by=  1.567ms per_group= 0.273ms)
[pe] round=  9 work=    16384 frontier=    16384 next=     8192 consolidate=  1.729ms frontier=  0.300ms semisort=  1.416ms (keyed= 0.000ms group_by=  0.888ms per_group= 0.170ms)
[pe] round= 10 work=     8192 frontier=     8192 next=     4096 consolidate=  1.020ms frontier=  0.322ms semisort=  0.885ms (keyed= 0.000ms group_by=  0.443ms per_group= 0.103ms)
[pe] round= 11 work=     4096 frontier=     4096 next=     2048 consolidate=  0.560ms frontier=  0.198ms semisort=  0.522ms (keyed= 0.000ms group_by=  0.250ms per_group= 0.072ms)
[pe] round= 12 work=     2048 frontier=     2048 next=     1024 consolidate=  0.340ms frontier=  0.122ms semisort=  0.520ms (keyed= 0.000ms group_by=  0.153ms per_group= 0.049ms)
[pe] round= 13 work=     1024 frontier=     1024 next=      512 consolidate=  0.166ms frontier=  0.070ms semisort=  0.197ms (keyed= 0.000ms group_by=  0.069ms per_group= 0.039ms)
[pe] round= 14 work=      512 frontier=      512 next=      256 consolidate=  0.122ms frontier=  0.055ms semisort=  0.131ms (keyed= 0.000ms group_by=  0.041ms per_group= 0.030ms)
[pe] round= 15 work=      256 frontier=      256 next=      128 consolidate=  0.064ms frontier=  0.038ms semisort=  0.092ms (keyed= 0.000ms group_by=  0.028ms per_group= 0.024ms)
[pe] round= 16 work=      128 frontier=      128 next=       64 consolidate=  0.049ms frontier=  0.037ms semisort=  0.056ms (keyed= 0.000ms group_by=  0.015ms per_group= 0.015ms)
[pe] round= 17 work=       64 frontier=       64 next=       32 consolidate=  0.034ms frontier=  0.020ms semisort=  0.041ms (keyed= 0.000ms group_by=  0.008ms per_group= 0.012ms)
[pe] round= 18 work=       32 frontier=       32 next=       16 consolidate=  0.022ms frontier=  0.007ms semisort=  0.022ms (keyed= 0.000ms group_by=  0.005ms per_group= 0.005ms)
[pe] round= 19 work=       16 frontier=       16 next=        8 consolidate=  0.015ms frontier=  0.004ms semisort=  0.010ms (keyed= 0.000ms group_by=  0.004ms per_group= 0.002ms)
[pe] round= 20 work=        8 frontier=        8 next=        4 consolidate=  0.011ms frontier=  0.003ms semisort=  0.007ms (keyed= 0.000ms group_by=  0.003ms per_group= 0.001ms)
[pe] round= 21 work=        4 frontier=        4 next=        2 consolidate=  0.004ms frontier=  0.001ms semisort=  0.005ms (keyed= 0.000ms group_by=  0.003ms per_group= 0.001ms)
[pe] round= 22 work=        2 frontier=        0 next=        0 consolidate=  0.002ms frontier=  0.001ms semisort=  0.000ms (break)
[pe] round=  0 work=       36 frontier= 18895680 next=  3779136 consolidate=  2.048ms frontier=  5.575ms semisort=184.538ms (keyed= 0.000ms group_by= 64.749ms per_group=39.001ms)
[pe] round=  1 work=  3779136 frontier=  3779136 next=  1681984 consolidate=134.493ms frontier= 33.367ms semisort= 81.299ms (keyed= 0.000ms group_by= 17.867ms per_group=14.777ms)
[pe] round=  2 work=  1681984 frontier=  1681984 next=  1048576 consolidate= 67.916ms frontier= 15.869ms semisort= 38.914ms (keyed= 0.000ms group_by=  7.634ms per_group= 9.829ms)
[pe] round=  3 work=  1048576 frontier=  1048576 next=   524288 consolidate= 43.332ms frontier= 10.099ms semisort= 21.942ms (keyed= 0.000ms group_by=  5.018ms per_group= 4.994ms)
[pe] round=  4 work=   524288 frontier=   524288 next=   262144 consolidate= 27.181ms frontier=  5.161ms semisort= 11.922ms (keyed= 0.000ms group_by=  2.773ms per_group= 2.869ms)
[pe] round=  5 work=   262144 frontier=   262144 next=   131072 consolidate= 13.433ms frontier=  2.964ms semisort=  6.909ms (keyed= 0.000ms group_by=  1.898ms per_group= 1.528ms)
[pe] round=  6 work=   131072 frontier=   131072 next=    65536 consolidate=  5.504ms frontier=  1.594ms semisort=  3.335ms (keyed= 0.000ms group_by=  0.874ms per_group= 0.815ms)
[pe] round=  7 work=    65536 frontier=    65536 next=    32768 consolidate=  2.786ms frontier=  0.768ms semisort=  4.937ms (keyed= 0.000ms group_by=  3.548ms per_group= 0.461ms)
[pe] round=  8 work=    32768 frontier=    32768 next=    16384 consolidate=  1.496ms frontier=  0.472ms semisort=  2.455ms (keyed= 0.000ms group_by=  1.567ms per_group= 0.281ms)
[pe] round=  9 work=    16384 frontier=    16384 next=     8192 consolidate=  1.838ms frontier=  0.311ms semisort=  1.396ms (keyed= 0.000ms group_by=  0.850ms per_group= 0.174ms)
[pe] round= 10 work=     8192 frontier=     8192 next=     4096 consolidate=  0.980ms frontier=  0.322ms semisort=  0.878ms (keyed= 0.000ms group_by=  0.431ms per_group= 0.109ms)
[pe] round= 11 work=     4096 frontier=     4096 next=     2048 consolidate=  0.552ms frontier=  0.212ms semisort=  0.517ms (keyed= 0.000ms group_by=  0.246ms per_group= 0.072ms)
[pe] round= 12 work=     2048 frontier=     2048 next=     1024 consolidate=  0.316ms frontier=  0.124ms semisort=  0.328ms (keyed= 0.000ms group_by=  0.154ms per_group= 0.048ms)
[pe] round= 13 work=     1024 frontier=     1024 next=      512 consolidate=  0.154ms frontier=  0.069ms semisort=  0.198ms (keyed= 0.000ms group_by=  0.071ms per_group= 0.043ms)
[pe] round= 14 work=      512 frontier=      512 next=      256 consolidate=  0.110ms frontier=  0.056ms semisort=  0.122ms (keyed= 0.000ms group_by=  0.040ms per_group= 0.029ms)
[pe] round= 15 work=      256 frontier=      256 next=      128 consolidate=  0.066ms frontier=  0.038ms semisort=  0.091ms (keyed= 0.000ms group_by=  0.027ms per_group= 0.025ms)
[pe] round= 16 work=      128 frontier=      128 next=       64 consolidate=  0.051ms frontier=  0.029ms semisort=  0.067ms (keyed= 0.000ms group_by=  0.016ms per_group= 0.017ms)
[pe] round= 17 work=       64 frontier=       64 next=       32 consolidate=  0.033ms frontier=  0.015ms semisort=  0.039ms (keyed= 0.000ms group_by=  0.009ms per_group= 0.011ms)
[pe] round= 18 work=       32 frontier=       32 next=       16 consolidate=  0.021ms frontier=  0.007ms semisort=  0.030ms (keyed= 0.000ms group_by=  0.006ms per_group= 0.008ms)
[pe] round= 19 work=       16 frontier=       16 next=        8 consolidate=  0.014ms frontier=  0.004ms semisort=  0.011ms (keyed= 0.000ms group_by=  0.004ms per_group= 0.003ms)
[pe] round= 20 work=        8 frontier=        8 next=        4 consolidate=  0.010ms frontier=  0.002ms semisort=  0.007ms (keyed= 0.000ms group_by=  0.003ms per_group= 0.001ms)
[pe] round= 21 work=        4 frontier=        4 next=        2 consolidate=  0.004ms frontier=  0.001ms semisort=  0.005ms (keyed= 0.000ms group_by=  0.003ms per_group= 0.001ms)
[pe] round= 22 work=        2 frontier=        0 next=        0 consolidate=  0.002ms frontier=  0.001ms semisort=  0.000ms (break)
[pe] round=  0 work=       36 frontier= 18895680 next=  3779136 consolidate=  2.010ms frontier=  5.584ms semisort=191.683ms (keyed= 0.000ms group_by= 64.415ms per_group=38.874ms)
[pe] round=  1 work=  3779136 frontier=  3779136 next=  1681984 consolidate=139.484ms frontier= 33.506ms semisort= 82.156ms (keyed= 0.000ms group_by= 18.091ms per_group=14.699ms)
[pe] round=  2 work=  1681984 frontier=  1681984 next=  1048576 consolidate= 67.672ms frontier= 16.281ms semisort= 39.095ms (keyed= 0.000ms group_by=  7.482ms per_group= 9.874ms)
[pe] round=  3 work=  1048576 frontier=  1048576 next=   524288 consolidate= 43.608ms frontier= 10.332ms semisort= 22.003ms (keyed= 0.000ms group_by=  5.007ms per_group= 5.015ms)
[pe] round=  4 work=   524288 frontier=   524288 next=   262144 consolidate= 23.288ms frontier=  5.182ms semisort= 12.102ms (keyed= 0.000ms group_by=  2.956ms per_group= 2.861ms)
[pe] round=  5 work=   262144 frontier=   262144 next=   131072 consolidate= 11.680ms frontier=  3.187ms semisort=  6.230ms (keyed= 0.000ms group_by=  1.504ms per_group= 1.537ms)
[pe] round=  6 work=   131072 frontier=   131072 next=    65536 consolidate=  5.574ms frontier=  1.378ms semisort=  3.552ms (keyed= 0.000ms group_by=  0.907ms per_group= 0.842ms)
[pe] round=  7 work=    65536 frontier=    65536 next=    32768 consolidate=  2.870ms frontier=  0.785ms semisort=  4.713ms (keyed= 0.000ms group_by=  3.330ms per_group= 0.479ms)
[pe] round=  8 work=    32768 frontier=    32768 next=    16384 consolidate=  1.509ms frontier=  0.472ms semisort=  2.579ms (keyed= 0.000ms group_by=  1.673ms per_group= 0.288ms)
[pe] round=  9 work=    16384 frontier=    16384 next=     8192 consolidate=  1.663ms frontier=  0.316ms semisort=  1.315ms (keyed= 0.000ms group_by=  0.780ms per_group= 0.174ms)
[pe] round= 10 work=     8192 frontier=     8192 next=     4096 consolidate=  0.790ms frontier=  0.349ms semisort=  0.880ms (keyed= 0.000ms group_by=  0.425ms per_group= 0.112ms)
[pe] round= 11 work=     4096 frontier=     4096 next=     2048 consolidate=  0.565ms frontier=  0.224ms semisort=  0.511ms (keyed= 0.000ms group_by=  0.243ms per_group= 0.070ms)
[pe] round= 12 work=     2048 frontier=     2048 next=     1024 consolidate=  0.333ms frontier=  0.138ms semisort=  0.334ms (keyed= 0.000ms group_by=  0.154ms per_group= 0.050ms)
[pe] round= 13 work=     1024 frontier=     1024 next=      512 consolidate=  0.150ms frontier=  0.070ms semisort=  0.196ms (keyed= 0.000ms group_by=  0.070ms per_group= 0.044ms)
[pe] round= 14 work=      512 frontier=      512 next=      256 consolidate=  0.119ms frontier=  0.055ms semisort=  0.327ms (keyed= 0.000ms group_by=  0.232ms per_group= 0.035ms)
[pe] round= 15 work=      256 frontier=      256 next=      128 consolidate=  0.065ms frontier=  0.046ms semisort=  0.093ms (keyed= 0.000ms group_by=  0.027ms per_group= 0.025ms)
[pe] round= 16 work=      128 frontier=      128 next=       64 consolidate=  0.049ms frontier=  0.030ms semisort=  0.066ms (keyed= 0.000ms group_by=  0.016ms per_group= 0.018ms)
[pe] round= 17 work=       64 frontier=       64 next=       32 consolidate=  0.037ms frontier=  0.022ms semisort=  0.037ms (keyed= 0.000ms group_by=  0.009ms per_group= 0.012ms)
[pe] round= 18 work=       32 frontier=       32 next=       16 consolidate=  0.020ms frontier=  0.007ms semisort=  0.020ms (keyed= 0.000ms group_by=  0.006ms per_group= 0.005ms)
[pe] round= 19 work=       16 frontier=       16 next=        8 consolidate=  0.015ms frontier=  0.005ms semisort=  0.010ms (keyed= 0.000ms group_by=  0.004ms per_group= 0.002ms)
[pe] round= 20 work=        8 frontier=        8 next=        4 consolidate=  0.012ms frontier=  0.003ms semisort=  0.007ms (keyed= 0.000ms group_by=  0.004ms per_group= 0.001ms)
[pe] round= 21 work=        4 frontier=        4 next=        2 consolidate=  0.004ms frontier=  0.001ms semisort=  0.005ms (keyed= 0.000ms group_by=  0.003ms per_group= 0.001ms)
[pe] round= 22 work=        2 frontier=        0 next=        0 consolidate=  0.002ms frontier=  0.001ms semisort=  0.000ms (break)
