[synthetic_bench] quintic n=23 d=2 classes=25745416 merges=23 ...
[pe] round=  0 work=       46 frontier= 64363430 next= 12872686 consolidate= 12.640ms frontier= 18.386ms semisort=696.505ms (keyed= 0.000ms group_by=331.889ms per_group=132.359ms)
[pe] round=  1 work= 12872686 frontier= 12872686 next=  4484078 consolidate=414.570ms frontier= 88.933ms semisort=263.164ms (keyed= 0.000ms group_by= 53.858ms per_group=44.136ms)
[pe] round=  2 work=  4484078 frontier=  4484078 next=  4194304 consolidate=152.543ms frontier= 39.624ms semisort=124.738ms (keyed= 0.000ms group_by= 24.178ms per_group=34.801ms)
[pe] round=  3 work=  4194304 frontier=  4194304 next=  2097152 consolidate=161.549ms frontier= 37.953ms semisort= 80.504ms (keyed= 0.000ms group_by= 17.282ms per_group=17.347ms)
[pe] round=  4 work=  2097152 frontier=  2097152 next=  1048576 consolidate= 88.294ms frontier= 20.086ms semisort= 43.106ms (keyed= 0.000ms group_by=  8.936ms per_group= 9.978ms)
[pe] round=  5 work=  1048576 frontier=  1048576 next=   524288 consolidate= 45.040ms frontier= 11.501ms semisort= 23.427ms (keyed= 0.000ms group_by=  4.747ms per_group= 5.566ms)
[pe] round=  6 work=   524288 frontier=   524288 next=   262144 consolidate= 22.702ms frontier=  5.169ms semisort= 14.704ms (keyed= 0.000ms group_by=  2.593ms per_group= 4.488ms)
[pe] round=  7 work=   262144 frontier=   262144 next=   131072 consolidate= 11.821ms frontier=  2.887ms semisort=  6.556ms (keyed= 0.000ms group_by=  1.508ms per_group= 1.483ms)
[pe] round=  8 work=   131072 frontier=   131072 next=    65536 consolidate=  5.594ms frontier=  1.356ms semisort=  3.554ms (keyed= 0.000ms group_by=  0.846ms per_group= 0.778ms)
[pe] round=  9 work=    65536 frontier=    65536 next=    32768 consolidate=  2.786ms frontier=  0.767ms semisort=  4.956ms (keyed= 0.000ms group_by=  3.503ms per_group= 0.450ms)
[pe] round= 10 work=    32768 frontier=    32768 next=    16384 consolidate=  1.497ms frontier=  0.459ms semisort=  2.673ms (keyed= 0.000ms group_by=  1.813ms per_group= 0.265ms)
[pe] round= 11 work=    16384 frontier=    16384 next=     8192 consolidate=  1.532ms frontier=  0.302ms semisort=  1.407ms (keyed= 0.000ms group_by=  0.892ms per_group= 0.169ms)
[pe] round= 12 work=     8192 frontier=     8192 next=     4096 consolidate=  0.891ms frontier=  0.329ms semisort=  0.879ms (keyed= 0.000ms group_by=  0.428ms per_group= 0.104ms)
[pe] round= 13 work=     4096 frontier=     4096 next=     2048 consolidate=  0.644ms frontier=  0.397ms semisort=  0.542ms (keyed= 0.000ms group_by=  0.247ms per_group= 0.076ms)
[pe] round= 14 work=     2048 frontier=     2048 next=     1024 consolidate=  0.411ms frontier=  0.108ms semisort=  0.535ms (keyed= 0.000ms group_by=  0.155ms per_group= 0.055ms)
[pe] round= 15 work=     1024 frontier=     1024 next=      512 consolidate=  0.193ms frontier=  0.081ms semisort=  0.199ms (keyed= 0.000ms group_by=  0.065ms per_group= 0.041ms)
[pe] round= 16 work=      512 frontier=      512 next=      256 consolidate=  0.108ms frontier=  0.058ms semisort=  0.141ms (keyed= 0.000ms group_by=  0.042ms per_group= 0.031ms)
[pe] round= 17 work=      256 frontier=      256 next=      128 consolidate=  0.065ms frontier=  0.041ms semisort=  0.096ms (keyed= 0.000ms group_by=  0.030ms per_group= 0.025ms)
[pe] round= 18 work=      128 frontier=      128 next=       64 consolidate=  0.052ms frontier=  0.032ms semisort=  0.059ms (keyed= 0.000ms group_by=  0.017ms per_group= 0.017ms)
[pe] round= 19 work=       64 frontier=       64 next=       32 consolidate=  0.034ms frontier=  0.021ms semisort=  0.043ms (keyed= 0.000ms group_by=  0.009ms per_group= 0.015ms)
[pe] round= 20 work=       32 frontier=       32 next=       16 consolidate=  0.022ms frontier=  0.012ms semisort=  0.029ms (keyed= 0.000ms group_by=  0.006ms per_group= 0.009ms)
[pe] round= 21 work=       16 frontier=       16 next=        8 consolidate=  0.014ms frontier=  0.004ms semisort=  0.011ms (keyed= 0.000ms group_by=  0.004ms per_group= 0.003ms)
[pe] round= 22 work=        8 frontier=        8 next=        4 consolidate=  0.006ms frontier=  0.002ms semisort=  0.007ms (keyed= 0.000ms group_by=  0.003ms per_group= 0.001ms)
[pe] round= 23 work=        4 frontier=        4 next=        2 consolidate=  0.003ms frontier=  0.001ms semisort=  0.005ms (keyed= 0.000ms group_by=  0.003ms per_group= 0.001ms)
[pe] round= 24 work=        2 frontier=        0 next=        0 consolidate=  0.002ms frontier=  0.001ms semisort=  0.000ms (break)
[pe] round=  0 work=       46 frontier= 64363430 next= 12872686 consolidate=  5.234ms frontier= 12.551ms semisort=581.194ms (keyed= 0.000ms group_by=173.555ms per_group=131.234ms)
[pe] round=  1 work= 12872686 frontier= 12872686 next=  4484078 consolidate=482.955ms frontier=112.763ms semisort=302.467ms (keyed= 0.000ms group_by= 75.681ms per_group=44.080ms)
[pe] round=  2 work=  4484078 frontier=  4484078 next=  4194304 consolidate=176.173ms frontier= 42.272ms semisort=121.678ms (keyed= 0.000ms group_by= 20.320ms per_group=33.427ms)
[pe] round=  3 work=  4194304 frontier=  4194304 next=  2097152 consolidate=166.744ms frontier= 38.944ms semisort= 82.146ms (keyed= 0.000ms group_by= 16.647ms per_group=17.904ms)
[pe] round=  4 work=  2097152 frontier=  2097152 next=  1048576 consolidate= 90.421ms frontier= 20.481ms semisort= 44.657ms (keyed= 0.000ms group_by=  9.114ms per_group=10.465ms)
[pe] round=  5 work=  1048576 frontier=  1048576 next=   524288 consolidate= 46.001ms frontier= 10.220ms semisort= 24.764ms (keyed= 0.000ms group_by=  4.798ms per_group= 5.815ms)
[pe] round=  6 work=   524288 frontier=   524288 next=   262144 consolidate= 26.370ms frontier=  5.307ms semisort= 13.290ms (keyed= 0.000ms group_by=  2.633ms per_group= 2.932ms)
[pe] round=  7 work=   262144 frontier=   262144 next=   131072 consolidate= 11.847ms frontier=  3.023ms semisort=  6.176ms (keyed= 0.000ms group_by=  1.481ms per_group= 1.525ms)
[pe] round=  8 work=   131072 frontier=   131072 next=    65536 consolidate=  5.549ms frontier=  1.439ms semisort=  3.803ms (keyed= 0.000ms group_by=  0.878ms per_group= 0.807ms)
[pe] round=  9 work=    65536 frontier=    65536 next=    32768 consolidate=  2.785ms frontier=  0.803ms semisort=  5.080ms (keyed= 0.000ms group_by=  3.533ms per_group= 0.473ms)
[pe] round= 10 work=    32768 frontier=    32768 next=    16384 consolidate=  1.532ms frontier=  0.489ms semisort=  2.670ms (keyed= 0.000ms group_by=  1.749ms per_group= 0.294ms)
[pe] round= 11 work=    16384 frontier=    16384 next=     8192 consolidate=  1.839ms frontier=  0.337ms semisort=  1.356ms (keyed= 0.000ms group_by=  0.810ms per_group= 0.182ms)
[pe] round= 12 work=     8192 frontier=     8192 next=     4096 consolidate=  0.806ms frontier=  0.351ms semisort=  0.920ms (keyed= 0.000ms group_by=  0.424ms per_group= 0.115ms)
[pe] round= 13 work=     4096 frontier=     4096 next=     2048 consolidate=  0.660ms frontier=  0.204ms semisort=  0.536ms (keyed= 0.000ms group_by=  0.255ms per_group= 0.075ms)
[pe] round= 14 work=     2048 frontier=     2048 next=     1024 consolidate=  0.344ms frontier=  0.125ms semisort=  0.332ms (keyed= 0.000ms group_by=  0.153ms per_group= 0.052ms)
[pe] round= 15 work=     1024 frontier=     1024 next=      512 consolidate=  0.170ms frontier=  0.078ms semisort=  0.199ms (keyed= 0.000ms group_by=  0.064ms per_group= 0.048ms)
[pe] round= 16 work=      512 frontier=      512 next=      256 consolidate=  0.111ms frontier=  0.057ms semisort=  0.138ms (keyed= 0.000ms group_by=  0.041ms per_group= 0.036ms)
[pe] round= 17 work=      256 frontier=      256 next=      128 consolidate=  0.066ms frontier=  0.042ms semisort=  0.088ms (keyed= 0.000ms group_by=  0.030ms per_group= 0.022ms)
[pe] round= 18 work=      128 frontier=      128 next=       64 consolidate=  0.047ms frontier=  0.032ms semisort=  0.059ms (keyed= 0.000ms group_by=  0.015ms per_group= 0.016ms)
[pe] round= 19 work=       64 frontier=       64 next=       32 consolidate=  0.035ms frontier=  0.022ms semisort=  0.040ms (keyed= 0.000ms group_by=  0.009ms per_group= 0.012ms)
[pe] round= 20 work=       32 frontier=       32 next=       16 consolidate=  0.025ms frontier=  0.010ms semisort=  0.029ms (keyed= 0.000ms group_by=  0.006ms per_group= 0.009ms)
[pe] round= 21 work=       16 frontier=       16 next=        8 consolidate=  0.014ms frontier=  0.004ms semisort=  0.010ms (keyed= 0.000ms group_by=  0.004ms per_group= 0.002ms)
[pe] round= 22 work=        8 frontier=        8 next=        4 consolidate=  0.010ms frontier=  0.011ms semisort=  0.007ms (keyed= 0.000ms group_by=  0.003ms per_group= 0.001ms)
[pe] round= 23 work=        4 frontier=        4 next=        2 consolidate=  0.004ms frontier=  0.001ms semisort=  0.005ms (keyed= 0.000ms group_by=  0.003ms per_group= 0.001ms)
[pe] round= 24 work=        2 frontier=        0 next=        0 consolidate=  0.002ms frontier=  0.001ms semisort=  0.000ms (break)
[pe] round=  0 work=       46 frontier= 64363430 next= 12872686 consolidate=  4.824ms frontier= 12.625ms semisort=563.308ms (keyed= 0.000ms group_by=167.661ms per_group=134.961ms)
[pe] round=  1 work= 12872686 frontier= 12872686 next=  4484078 consolidate=494.319ms frontier=118.419ms semisort=307.856ms (keyed= 0.000ms group_by= 79.608ms per_group=43.988ms)
[pe] round=  2 work=  4484078 frontier=  4484078 next=  4194304 consolidate=172.828ms frontier= 42.706ms semisort=124.556ms (keyed= 0.000ms group_by= 19.832ms per_group=35.318ms)
[pe] round=  3 work=  4194304 frontier=  4194304 next=  2097152 consolidate=169.307ms frontier= 39.449ms semisort= 82.098ms (keyed= 0.000ms group_by= 16.676ms per_group=18.837ms)
[pe] round=  4 work=  2097152 frontier=  2097152 next=  1048576 consolidate= 89.891ms frontier= 20.846ms semisort= 45.193ms (keyed= 0.000ms group_by=  8.900ms per_group=11.022ms)
[pe] round=  5 work=  1048576 frontier=  1048576 next=   524288 consolidate= 46.734ms frontier= 10.528ms semisort= 23.733ms (keyed= 0.000ms group_by=  4.879ms per_group= 5.845ms)
[pe] round=  6 work=   524288 frontier=   524288 next=   262144 consolidate= 26.704ms frontier=  5.408ms semisort= 13.550ms (keyed= 0.000ms group_by=  2.717ms per_group= 2.993ms)
[pe] round=  7 work=   262144 frontier=   262144 next=   131072 consolidate= 12.044ms frontier=  3.091ms semisort=  6.771ms (keyed= 0.000ms group_by=  1.512ms per_group= 1.545ms)
[pe] round=  8 work=   131072 frontier=   131072 next=    65536 consolidate=  5.631ms frontier=  1.509ms semisort=  3.805ms (keyed= 0.000ms group_by=  0.909ms per_group= 0.841ms)
[pe] round=  9 work=    65536 frontier=    65536 next=    32768 consolidate=  3.489ms frontier=  0.852ms semisort=  5.071ms (keyed= 0.000ms group_by=  3.466ms per_group= 0.484ms)
[pe] round= 10 work=    32768 frontier=    32768 next=    16384 consolidate=  1.574ms frontier=  0.524ms semisort=  2.646ms (keyed= 0.000ms group_by=  1.674ms per_group= 0.305ms)
[pe] round= 11 work=    16384 frontier=    16384 next=     8192 consolidate=  1.911ms frontier=  0.351ms semisort=  1.409ms (keyed= 0.000ms group_by=  0.815ms per_group= 0.196ms)
[pe] round= 12 work=     8192 frontier=     8192 next=     4096 consolidate=  0.860ms frontier=  0.357ms semisort=  0.953ms (keyed= 0.000ms group_by=  0.463ms per_group= 0.122ms)
[pe] round= 13 work=     4096 frontier=     4096 next=     2048 consolidate=  0.551ms frontier=  0.200ms semisort=  0.558ms (keyed= 0.000ms group_by=  0.265ms per_group= 0.084ms)
[pe] round= 14 work=     2048 frontier=     2048 next=     1024 consolidate=  0.492ms frontier=  0.117ms semisort=  0.356ms (keyed= 0.000ms group_by=  0.157ms per_group= 0.062ms)
[pe] round= 15 work=     1024 frontier=     1024 next=      512 consolidate=  0.177ms frontier=  0.088ms semisort=  0.436ms (keyed= 0.000ms group_by=  0.084ms per_group= 0.257ms)
[pe] round= 16 work=      512 frontier=      512 next=      256 consolidate=  0.105ms frontier=  0.070ms semisort=  0.151ms (keyed= 0.000ms group_by=  0.054ms per_group= 0.034ms)
[pe] round= 17 work=      256 frontier=      256 next=      128 consolidate=  0.073ms frontier=  0.052ms semisort=  0.110ms (keyed= 0.000ms group_by=  0.034ms per_group= 0.030ms)
[pe] round= 18 work=      128 frontier=      128 next=       64 consolidate=  0.063ms frontier=  0.041ms semisort=  0.073ms (keyed= 0.000ms group_by=  0.016ms per_group= 0.023ms)
[pe] round= 19 work=       64 frontier=       64 next=       32 consolidate=  0.048ms frontier=  0.017ms semisort=  0.059ms (keyed= 0.000ms group_by=  0.015ms per_group= 0.017ms)
[pe] round= 20 work=       32 frontier=       32 next=       16 consolidate=  0.023ms frontier=  0.013ms semisort=  0.035ms (keyed= 0.000ms group_by=  0.006ms per_group= 0.011ms)
[pe] round= 21 work=       16 frontier=       16 next=        8 consolidate=  0.017ms frontier=  0.004ms semisort=  0.015ms (keyed= 0.000ms group_by=  0.004ms per_group= 0.003ms)
[pe] round= 22 work=        8 frontier=        8 next=        4 consolidate=  0.012ms frontier=  0.003ms semisort=  0.007ms (keyed= 0.000ms group_by=  0.004ms per_group= 0.001ms)
[pe] round= 23 work=        4 frontier=        4 next=        2 consolidate=  0.004ms frontier=  0.001ms semisort=  0.005ms (keyed= 0.000ms group_by=  0.003ms per_group= 0.001ms)
[pe] round= 24 work=        2 frontier=        0 next=        0 consolidate=  0.002ms frontier=  0.001ms semisort=  0.000ms (break)
[pe] round=  0 work=       46 frontier= 64363430 next= 12872686 consolidate=  4.352ms frontier= 11.870ms semisort=588.930ms (keyed= 0.000ms group_by=167.000ms per_group=134.352ms)
[pe] round=  1 work= 12872686 frontier= 12872686 next=  4484078 consolidate=500.823ms frontier=121.196ms semisort=307.751ms (keyed= 0.000ms group_by= 80.198ms per_group=43.211ms)
[pe] round=  2 work=  4484078 frontier=  4484078 next=  4194304 consolidate=182.479ms frontier= 42.860ms semisort=125.827ms (keyed= 0.000ms group_by= 19.980ms per_group=35.690ms)
[pe] round=  3 work=  4194304 frontier=  4194304 next=  2097152 consolidate=162.037ms frontier= 39.475ms semisort= 83.612ms (keyed= 0.000ms group_by= 16.414ms per_group=19.106ms)
[pe] round=  4 work=  2097152 frontier=  2097152 next=  1048576 consolidate= 91.453ms frontier= 20.779ms semisort= 45.622ms (keyed= 0.000ms group_by=  8.868ms per_group=11.091ms)
[pe] round=  5 work=  1048576 frontier=  1048576 next=   524288 consolidate= 55.749ms frontier= 11.918ms semisort= 27.361ms (keyed= 0.000ms group_by=  5.329ms per_group= 5.880ms)
[pe] round=  6 work=   524288 frontier=   524288 next=   262144 consolidate= 28.544ms frontier=  6.140ms semisort= 13.695ms (keyed= 0.000ms group_by=  2.829ms per_group= 3.024ms)
[pe] round=  7 work=   262144 frontier=   262144 next=   131072 consolidate= 12.706ms frontier=  3.176ms semisort=  6.400ms (keyed= 0.000ms group_by=  1.563ms per_group= 1.561ms)
[pe] round=  8 work=   131072 frontier=   131072 next=    65536 consolidate=  5.744ms frontier=  1.498ms semisort=  3.796ms (keyed= 0.000ms group_by=  0.919ms per_group= 0.842ms)
[pe] round=  9 work=    65536 frontier=    65536 next=    32768 consolidate=  2.872ms frontier=  0.827ms semisort=  5.029ms (keyed= 0.000ms group_by=  3.424ms per_group= 0.498ms)
[pe] round= 10 work=    32768 frontier=    32768 next=    16384 consolidate=  1.558ms frontier=  0.503ms semisort=  2.603ms (keyed= 0.000ms group_by=  1.614ms per_group= 0.306ms)
[pe] round= 11 work=    16384 frontier=    16384 next=     8192 consolidate=  1.991ms frontier=  0.365ms semisort=  1.448ms (keyed= 0.000ms group_by=  0.847ms per_group= 0.193ms)
[pe] round= 12 work=     8192 frontier=     8192 next=     4096 consolidate=  1.133ms frontier=  0.361ms semisort=  0.978ms (keyed= 0.000ms group_by=  0.472ms per_group= 0.120ms)
[pe] round= 13 work=     4096 frontier=     4096 next=     2048 consolidate=  0.584ms frontier=  0.219ms semisort=  0.558ms (keyed= 0.000ms group_by=  0.269ms per_group= 0.080ms)
[pe] round= 14 work=     2048 frontier=     2048 next=     1024 consolidate=  0.334ms frontier=  0.110ms semisort=  0.350ms (keyed= 0.000ms group_by=  0.156ms per_group= 0.059ms)
[pe] round= 15 work=     1024 frontier=     1024 next=      512 consolidate=  0.175ms frontier=  0.078ms semisort=  0.428ms (keyed= 0.000ms group_by=  0.071ms per_group= 0.255ms)
[pe] round= 16 work=      512 frontier=      512 next=      256 consolidate=  0.123ms frontier=  0.075ms semisort=  0.161ms (keyed= 0.000ms group_by=  0.048ms per_group= 0.041ms)
[pe] round= 17 work=      256 frontier=      256 next=      128 consolidate=  0.077ms frontier=  0.051ms semisort=  0.121ms (keyed= 0.000ms group_by=  0.034ms per_group= 0.039ms)
[pe] round= 18 work=      128 frontier=      128 next=       64 consolidate=  0.067ms frontier=  0.041ms semisort=  0.074ms (keyed= 0.000ms group_by=  0.017ms per_group= 0.022ms)
[pe] round= 19 work=       64 frontier=       64 next=       32 consolidate=  0.045ms frontier=  0.026ms semisort=  0.051ms (keyed= 0.000ms group_by=  0.009ms per_group= 0.019ms)
[pe] round= 20 work=       32 frontier=       32 next=       16 consolidate=  0.031ms frontier=  0.013ms semisort=  0.035ms (keyed= 0.000ms group_by=  0.006ms per_group= 0.011ms)
[pe] round= 21 work=       16 frontier=       16 next=        8 consolidate=  0.017ms frontier=  0.005ms semisort=  0.016ms (keyed= 0.000ms group_by=  0.004ms per_group= 0.003ms)
[pe] round= 22 work=        8 frontier=        8 next=        4 consolidate=  0.013ms frontier=  0.003ms semisort=  0.007ms (keyed= 0.000ms group_by=  0.003ms per_group= 0.001ms)
[pe] round= 23 work=        4 frontier=        4 next=        2 consolidate=  0.004ms frontier=  0.001ms semisort=  0.005ms (keyed= 0.000ms group_by=  0.003ms per_group= 0.001ms)
[pe] round= 24 work=        2 frontier=        0 next=        0 consolidate=  0.002ms frontier=  0.001ms semisort=  0.000ms (break)
[pe] round=  0 work=       46 frontier= 64363430 next= 12872686 consolidate=  4.798ms frontier= 11.530ms semisort=576.122ms (keyed= 0.000ms group_by=168.634ms per_group=136.333ms)
[pe] round=  1 work= 12872686 frontier= 12872686 next=  4484078 consolidate=501.677ms frontier=120.134ms semisort=307.554ms (keyed= 0.000ms group_by= 79.438ms per_group=44.359ms)
[pe] round=  2 work=  4484078 frontier=  4484078 next=  4194304 consolidate=173.912ms frontier= 42.820ms semisort=126.182ms (keyed= 0.000ms group_by= 20.054ms per_group=35.887ms)
[pe] round=  3 work=  4194304 frontier=  4194304 next=  2097152 consolidate=161.888ms frontier= 39.168ms semisort= 83.932ms (keyed= 0.000ms group_by= 16.715ms per_group=18.915ms)
[pe] round=  4 work=  2097152 frontier=  2097152 next=  1048576 consolidate= 92.264ms frontier= 20.856ms semisort= 45.506ms (keyed= 0.000ms group_by=  8.881ms per_group=11.159ms)
[pe] round=  5 work=  1048576 frontier=  1048576 next=   524288 consolidate= 47.324ms frontier= 12.114ms semisort= 25.691ms (keyed= 0.000ms group_by=  5.173ms per_group= 5.876ms)
[pe] round=  6 work=   524288 frontier=   524288 next=   262144 consolidate= 24.706ms frontier=  6.226ms semisort= 13.548ms (keyed= 0.000ms group_by=  2.743ms per_group= 2.993ms)
[pe] round=  7 work=   262144 frontier=   262144 next=   131072 consolidate= 12.202ms frontier=  3.210ms semisort=  6.601ms (keyed= 0.000ms group_by=  1.506ms per_group= 1.543ms)
[pe] round=  8 work=   131072 frontier=   131072 next=    65536 consolidate=  5.755ms frontier=  1.503ms semisort=  3.946ms (keyed= 0.000ms group_by=  0.909ms per_group= 0.853ms)
[pe] round=  9 work=    65536 frontier=    65536 next=    32768 consolidate=  2.911ms frontier=  0.831ms semisort=  4.948ms (keyed= 0.000ms group_by=  3.342ms per_group= 0.497ms)
[pe] round= 10 work=    32768 frontier=    32768 next=    16384 consolidate=  1.581ms frontier=  0.536ms semisort=  2.693ms (keyed= 0.000ms group_by=  1.710ms per_group= 0.315ms)
[pe] round= 11 work=    16384 frontier=    16384 next=     8192 consolidate=  2.031ms frontier=  0.373ms semisort=  1.445ms (keyed= 0.000ms group_by=  0.859ms per_group= 0.193ms)
[pe] round= 12 work=     8192 frontier=     8192 next=     4096 consolidate=  0.852ms frontier=  0.342ms semisort=  0.948ms (keyed= 0.000ms group_by=  0.453ms per_group= 0.118ms)
[pe] round= 13 work=     4096 frontier=     4096 next=     2048 consolidate=  0.669ms frontier=  0.206ms semisort=  0.760ms (keyed= 0.000ms group_by=  0.263ms per_group= 0.081ms)
[pe] round= 14 work=     2048 frontier=     2048 next=     1024 consolidate=  0.354ms frontier=  0.113ms semisort=  0.372ms (keyed= 0.000ms group_by=  0.158ms per_group= 0.066ms)
[pe] round= 15 work=     1024 frontier=     1024 next=      512 consolidate=  0.187ms frontier=  0.298ms semisort=  0.223ms (keyed= 0.000ms group_by=  0.072ms per_group= 0.052ms)
[pe] round= 16 work=      512 frontier=      512 next=      256 consolidate=  0.121ms frontier=  0.077ms semisort=  0.163ms (keyed= 0.000ms group_by=  0.045ms per_group= 0.045ms)
[pe] round= 17 work=      256 frontier=      256 next=      128 consolidate=  0.089ms frontier=  0.072ms semisort=  0.126ms (keyed= 0.000ms group_by=  0.037ms per_group= 0.034ms)
[pe] round= 18 work=      128 frontier=      128 next=       64 consolidate=  0.070ms frontier=  0.037ms semisort=  0.077ms (keyed= 0.000ms group_by=  0.018ms per_group= 0.022ms)
[pe] round= 19 work=       64 frontier=       64 next=       32 consolidate=  0.046ms frontier=  0.031ms semisort=  0.056ms (keyed= 0.000ms group_by=  0.009ms per_group= 0.019ms)
[pe] round= 20 work=       32 frontier=       32 next=       16 consolidate=  0.029ms frontier=  0.012ms semisort=  0.035ms (keyed= 0.000ms group_by=  0.006ms per_group= 0.010ms)
[pe] round= 21 work=       16 frontier=       16 next=        8 consolidate=  0.017ms frontier=  0.009ms semisort=  0.022ms (keyed= 0.000ms group_by=  0.004ms per_group= 0.003ms)
[pe] round= 22 work=        8 frontier=        8 next=        4 consolidate=  0.014ms frontier=  0.003ms semisort=  0.007ms (keyed= 0.000ms group_by=  0.003ms per_group= 0.001ms)
[pe] round= 23 work=        4 frontier=        4 next=        2 consolidate=  0.004ms frontier=  0.001ms semisort=  0.005ms (keyed= 0.000ms group_by=  0.003ms per_group= 0.001ms)
[pe] round= 24 work=        2 frontier=        0 next=        0 consolidate=  0.002ms frontier=  0.001ms semisort=  0.000ms (break)
[pe] round=  0 work=       46 frontier= 64363430 next= 12872686 consolidate=  4.879ms frontier= 11.745ms semisort=600.867ms (keyed= 0.000ms group_by=167.694ms per_group=135.190ms)
[pe] round=  1 work= 12872686 frontier= 12872686 next=  4484078 consolidate=501.275ms frontier=120.133ms semisort=309.918ms (keyed= 0.000ms group_by= 79.852ms per_group=44.580ms)
[pe] round=  2 work=  4484078 frontier=  4484078 next=  4194304 consolidate=182.980ms frontier= 43.556ms semisort=126.148ms (keyed= 0.000ms group_by= 19.874ms per_group=35.759ms)
[pe] round=  3 work=  4194304 frontier=  4194304 next=  2097152 consolidate=162.239ms frontier= 39.881ms semisort= 83.282ms (keyed= 0.000ms group_by= 16.164ms per_group=19.025ms)
[pe] round=  4 work=  2097152 frontier=  2097152 next=  1048576 consolidate= 92.528ms frontier= 20.560ms semisort= 45.912ms (keyed= 0.000ms group_by=  8.895ms per_group=11.168ms)
[pe] round=  5 work=  1048576 frontier=  1048576 next=   524288 consolidate= 57.414ms frontier= 12.247ms semisort= 25.585ms (keyed= 0.000ms group_by=  4.936ms per_group= 5.968ms)
[pe] round=  6 work=   524288 frontier=   524288 next=   262144 consolidate= 27.592ms frontier=  5.528ms semisort= 13.599ms (keyed= 0.000ms group_by=  2.721ms per_group= 3.026ms)
[pe] round=  7 work=   262144 frontier=   262144 next=   131072 consolidate= 11.182ms frontier=  3.266ms semisort=  6.735ms (keyed= 0.000ms group_by=  1.606ms per_group= 1.545ms)
[pe] round=  8 work=   131072 frontier=   131072 next=    65536 consolidate=  5.642ms frontier=  1.696ms semisort=  3.798ms (keyed= 0.000ms group_by=  0.906ms per_group= 0.851ms)
[pe] round=  9 work=    65536 frontier=    65536 next=    32768 consolidate=  2.913ms frontier=  0.829ms semisort=  5.275ms (keyed= 0.000ms group_by=  3.665ms per_group= 0.502ms)
[pe] round= 10 work=    32768 frontier=    32768 next=    16384 consolidate=  1.568ms frontier=  0.521ms semisort=  2.691ms (keyed= 0.000ms group_by=  1.692ms per_group= 0.334ms)
[pe] round= 11 work=    16384 frontier=    16384 next=     8192 consolidate=  1.887ms frontier=  0.358ms semisort=  1.632ms (keyed= 0.000ms group_by=  0.863ms per_group= 0.370ms)
[pe] round= 12 work=     8192 frontier=     8192 next=     4096 consolidate=  1.079ms frontier=  0.351ms semisort=  0.949ms (keyed= 0.000ms group_by=  0.440ms per_group= 0.124ms)
[pe] round= 13 work=     4096 frontier=     4096 next=     2048 consolidate=  0.543ms frontier=  0.233ms semisort=  0.715ms (keyed= 0.000ms group_by=  0.395ms per_group= 0.092ms)
[pe] round= 14 work=     2048 frontier=     2048 next=     1024 consolidate=  0.374ms frontier=  0.132ms semisort=  0.384ms (keyed= 0.000ms group_by=  0.159ms per_group= 0.069ms)
[pe] round= 15 work=     1024 frontier=     1024 next=      512 consolidate=  0.175ms frontier=  0.078ms semisort=  0.233ms (keyed= 0.000ms group_by=  0.078ms per_group= 0.055ms)
[pe] round= 16 work=      512 frontier=      512 next=      256 consolidate=  0.136ms frontier=  0.070ms semisort=  0.160ms (keyed= 0.000ms group_by=  0.045ms per_group= 0.044ms)
[pe] round= 17 work=      256 frontier=      256 next=      128 consolidate=  0.095ms frontier=  0.055ms semisort=  0.117ms (keyed= 0.000ms group_by=  0.035ms per_group= 0.033ms)
[pe] round= 18 work=      128 frontier=      128 next=       64 consolidate=  0.064ms frontier=  0.045ms semisort=  0.075ms (keyed= 0.000ms group_by=  0.018ms per_group= 0.024ms)
[pe] round= 19 work=       64 frontier=       64 next=       32 consolidate=  0.047ms frontier=  0.028ms semisort=  0.056ms (keyed= 0.000ms group_by=  0.009ms per_group= 0.019ms)
[pe] round= 20 work=       32 frontier=       32 next=       16 consolidate=  0.031ms frontier=  0.014ms semisort=  0.036ms (keyed= 0.000ms group_by=  0.006ms per_group= 0.011ms)
[pe] round= 21 work=       16 frontier=       16 next=        8 consolidate=  0.028ms frontier=  0.005ms semisort=  0.017ms (keyed= 0.000ms group_by=  0.004ms per_group= 0.002ms)
[pe] round= 22 work=        8 frontier=        8 next=        4 consolidate=  0.014ms frontier=  0.003ms semisort=  0.007ms (keyed= 0.000ms group_by=  0.003ms per_group= 0.001ms)
[pe] round= 23 work=        4 frontier=        4 next=        2 consolidate=  0.004ms frontier=  0.001ms semisort=  0.005ms (keyed= 0.000ms group_by=  0.003ms per_group= 0.001ms)
[pe] round= 24 work=        2 frontier=        0 next=        0 consolidate=  0.002ms frontier=  0.001ms semisort=  0.000ms (break)
