[synthetic_bench] quartic n=44 d=2 classes=14992470 merges=44 ...
[pe] round=  0 work=       88 frontier= 29984768 next=  7496192 consolidate=100.603ms frontier=125.762ms semisort=10410.201ms (keyed= 0.000ms group_by=4540.537ms per_group=1575.281ms)
[pe] round=  1 work=  7496192 frontier=  7496192 next=  3301888 consolidate=5335.961ms frontier=1134.849ms semisort=4409.019ms (keyed= 0.000ms group_by=1308.913ms per_group=608.081ms)
[pe] round=  2 work=  3301888 frontier=  3301888 next=  2097152 consolidate=2513.210ms frontier=569.360ms semisort=1865.844ms (keyed= 0.000ms group_by=491.468ms per_group=375.142ms)
[pe] round=  3 work=  2097152 frontier=  2097152 next=  1048576 consolidate=1622.960ms frontier=352.925ms semisort=1019.731ms (keyed= 0.002ms group_by=264.356ms per_group=187.468ms)
[pe] round=  4 work=  1048576 frontier=  1048576 next=   524288 consolidate=810.838ms frontier=172.239ms semisort=517.889ms (keyed= 0.000ms group_by=126.896ms per_group=92.325ms)
[pe] round=  5 work=   524288 frontier=   524288 next=   262144 consolidate=407.509ms frontier= 83.551ms semisort=289.009ms (keyed= 0.000ms group_by= 62.193ms per_group=48.481ms)
[pe] round=  6 work=   262144 frontier=   262144 next=   131072 consolidate=197.549ms frontier= 34.779ms semisort=122.379ms (keyed= 0.000ms group_by= 29.896ms per_group=22.296ms)
[pe] round=  7 work=   131072 frontier=   131072 next=    65536 consolidate= 97.346ms frontier= 13.956ms semisort= 57.398ms (keyed= 0.000ms group_by= 14.329ms per_group= 9.020ms)
[pe] round=  8 work=    65536 frontier=    65536 next=    32768 consolidate= 47.411ms frontier=  6.313ms semisort= 26.013ms (keyed= 0.000ms group_by=  8.853ms per_group= 4.347ms)
[pe] round=  9 work=    32768 frontier=    32768 next=    16384 consolidate= 19.021ms frontier=  3.083ms semisort= 11.565ms (keyed= 0.000ms group_by=  4.354ms per_group= 2.210ms)
[pe] round= 10 work=    16384 frontier=    16384 next=     8192 consolidate=  9.018ms frontier=  1.551ms semisort=  5.521ms (keyed= 0.000ms group_by=  1.978ms per_group= 1.132ms)
[pe] round= 11 work=     8192 frontier=     8192 next=     4096 consolidate=  4.472ms frontier=  0.739ms semisort=  2.639ms (keyed= 0.000ms group_by=  0.883ms per_group= 0.639ms)
[pe] round= 12 work=     4096 frontier=     4096 next=     2048 consolidate=  2.222ms frontier=  0.359ms semisort=  1.289ms (keyed= 0.000ms group_by=  0.364ms per_group= 0.297ms)
[pe] round= 13 work=     2048 frontier=     2048 next=     1024 consolidate=  1.148ms frontier=  0.166ms semisort=  0.635ms (keyed= 0.000ms group_by=  0.186ms per_group= 0.142ms)
[pe] round= 14 work=     1024 frontier=     1024 next=      512 consolidate=  0.580ms frontier=  0.073ms semisort=  0.279ms (keyed= 0.000ms group_by=  0.080ms per_group= 0.064ms)
[pe] round= 15 work=      512 frontier=      512 next=      256 consolidate=  0.301ms frontier=  0.036ms semisort=  0.135ms (keyed= 0.000ms group_by=  0.041ms per_group= 0.030ms)
[pe] round= 16 work=      256 frontier=      256 next=      128 consolidate=  0.141ms frontier=  0.016ms semisort=  0.063ms (keyed= 0.000ms group_by=  0.022ms per_group= 0.015ms)
[pe] round= 17 work=      128 frontier=      128 next=       64 consolidate=  0.070ms frontier=  0.009ms semisort=  0.034ms (keyed= 0.000ms group_by=  0.012ms per_group= 0.009ms)
[pe] round= 18 work=       64 frontier=       64 next=       32 consolidate=  0.035ms frontier=  0.005ms semisort=  0.021ms (keyed= 0.000ms group_by=  0.008ms per_group= 0.005ms)
[pe] round= 19 work=       32 frontier=       32 next=       16 consolidate=  0.018ms frontier=  0.003ms semisort=  0.012ms (keyed= 0.000ms group_by=  0.005ms per_group= 0.003ms)
[pe] round= 20 work=       16 frontier=       16 next=        8 consolidate=  0.009ms frontier=  0.002ms semisort=  0.009ms (keyed= 0.000ms group_by=  0.004ms per_group= 0.002ms)
[pe] round= 21 work=        8 frontier=        8 next=        4 consolidate=  0.005ms frontier=  0.002ms semisort=  0.006ms (keyed= 0.000ms group_by=  0.003ms per_group= 0.001ms)
[pe] round= 22 work=        4 frontier=        4 next=        2 consolidate=  0.003ms frontier=  0.001ms semisort=  0.005ms (keyed= 0.000ms group_by=  0.003ms per_group= 0.001ms)
[pe] round= 23 work=        2 frontier=        0 next=        0 consolidate=  0.002ms frontier=  0.001ms semisort=  0.000ms (break)
[pe] round=  0 work=       88 frontier= 29984768 next=  7496192 consolidate= 36.558ms frontier= 69.054ms semisort=10447.268ms (keyed= 0.002ms group_by=4511.391ms per_group=1645.397ms)
[pe] round=  1 work=  7496192 frontier=  7496192 next=  3301888 consolidate=6806.328ms frontier=1708.044ms semisort=4783.008ms (keyed= 0.000ms group_by=1540.196ms per_group=614.191ms)
[pe] round=  2 work=  3301888 frontier=  3301888 next=  2097152 consolidate=3066.964ms frontier=763.040ms semisort=2119.101ms (keyed= 0.000ms group_by=572.149ms per_group=488.767ms)
[pe] round=  3 work=  2097152 frontier=  2097152 next=  1048576 consolidate=1945.476ms frontier=479.622ms semisort=1012.802ms (keyed= 0.000ms group_by=276.693ms per_group=169.311ms)
[pe] round=  4 work=  1048576 frontier=  1048576 next=   524288 consolidate=978.843ms frontier=245.314ms semisort=518.092ms (keyed= 0.000ms group_by=125.397ms per_group=93.561ms)
[pe] round=  5 work=   524288 frontier=   524288 next=   262144 consolidate=498.616ms frontier=113.583ms semisort=272.486ms (keyed= 0.001ms group_by= 65.282ms per_group=48.485ms)
[pe] round=  6 work=   262144 frontier=   262144 next=   131072 consolidate=235.596ms frontier= 45.391ms semisort=119.724ms (keyed= 0.000ms group_by= 30.467ms per_group=22.212ms)
[pe] round=  7 work=   131072 frontier=   131072 next=    65536 consolidate=108.914ms frontier= 17.647ms semisort= 56.236ms (keyed= 0.000ms group_by= 14.422ms per_group= 8.882ms)
[pe] round=  8 work=    65536 frontier=    65536 next=    32768 consolidate= 51.122ms frontier=  7.548ms semisort= 26.738ms (keyed= 0.000ms group_by=  8.935ms per_group= 4.347ms)
[pe] round=  9 work=    32768 frontier=    32768 next=    16384 consolidate= 20.231ms frontier=  3.716ms semisort= 11.628ms (keyed= 0.000ms group_by=  4.387ms per_group= 2.189ms)
[pe] round= 10 work=    16384 frontier=    16384 next=     8192 consolidate=  9.193ms frontier=  1.798ms semisort=  5.596ms (keyed= 0.000ms group_by=  1.948ms per_group= 1.129ms)
[pe] round= 11 work=     8192 frontier=     8192 next=     4096 consolidate=  4.491ms frontier=  0.886ms semisort=  2.663ms (keyed= 0.000ms group_by=  0.911ms per_group= 0.621ms)
[pe] round= 12 work=     4096 frontier=     4096 next=     2048 consolidate=  2.241ms frontier=  0.418ms semisort=  1.243ms (keyed= 0.000ms group_by=  0.346ms per_group= 0.281ms)
[pe] round= 13 work=     2048 frontier=     2048 next=     1024 consolidate=  1.106ms frontier=  0.189ms semisort=  0.631ms (keyed= 0.000ms group_by=  0.171ms per_group= 0.139ms)
[pe] round= 14 work=     1024 frontier=     1024 next=      512 consolidate=  0.568ms frontier=  0.079ms semisort=  0.288ms (keyed= 0.000ms group_by=  0.086ms per_group= 0.064ms)
[pe] round= 15 work=      512 frontier=      512 next=      256 consolidate=  0.280ms frontier=  0.047ms semisort=  0.137ms (keyed= 0.000ms group_by=  0.042ms per_group= 0.030ms)
[pe] round= 16 work=      256 frontier=      256 next=      128 consolidate=  0.139ms frontier=  0.016ms semisort=  0.063ms (keyed= 0.000ms group_by=  0.022ms per_group= 0.015ms)
[pe] round= 17 work=      128 frontier=      128 next=       64 consolidate=  0.068ms frontier=  0.009ms semisort=  0.033ms (keyed= 0.000ms group_by=  0.013ms per_group= 0.009ms)
[pe] round= 18 work=       64 frontier=       64 next=       32 consolidate=  0.034ms frontier=  0.005ms semisort=  0.021ms (keyed= 0.000ms group_by=  0.008ms per_group= 0.005ms)
[pe] round= 19 work=       32 frontier=       32 next=       16 consolidate=  0.018ms frontier=  0.003ms semisort=  0.012ms (keyed= 0.000ms group_by=  0.005ms per_group= 0.003ms)
[pe] round= 20 work=       16 frontier=       16 next=        8 consolidate=  0.009ms frontier=  0.002ms semisort=  0.009ms (keyed= 0.000ms group_by=  0.004ms per_group= 0.002ms)
[pe] round= 21 work=        8 frontier=        8 next=        4 consolidate=  0.005ms frontier=  0.002ms semisort=  0.006ms (keyed= 0.000ms group_by=  0.003ms per_group= 0.001ms)
[pe] round= 22 work=        4 frontier=        4 next=        2 consolidate=  0.003ms frontier=  0.001ms semisort=  0.005ms (keyed= 0.000ms group_by=  0.003ms per_group= 0.001ms)
[pe] round= 23 work=        2 frontier=        0 next=        0 consolidate=  0.002ms frontier=  0.001ms semisort=  0.000ms (break)
[pe] round=  0 work=       88 frontier= 29984768 next=  7496192 consolidate= 36.577ms frontier= 69.048ms semisort=10294.451ms (keyed= 0.000ms group_by=4480.183ms per_group=1537.932ms)
[pe] round=  1 work=  7496192 frontier=  7496192 next=  3301888 consolidate=6840.185ms frontier=1701.498ms semisort=4774.255ms (keyed= 0.000ms group_by=1563.165ms per_group=583.235ms)
[pe] round=  2 work=  3301888 frontier=  3301888 next=  2097152 consolidate=3054.850ms frontier=786.706ms semisort=2097.098ms (keyed= 0.000ms group_by=572.466ms per_group=487.486ms)
[pe] round=  3 work=  2097152 frontier=  2097152 next=  1048576 consolidate=1939.871ms frontier=480.505ms semisort=1011.815ms (keyed= 0.000ms group_by=262.424ms per_group=169.088ms)
[pe] round=  4 work=  1048576 frontier=  1048576 next=   524288 consolidate=976.524ms frontier=243.505ms semisort=526.769ms (keyed= 0.000ms group_by=125.165ms per_group=94.532ms)
[pe] round=  5 work=   524288 frontier=   524288 next=   262144 consolidate=489.226ms frontier=105.241ms semisort=269.918ms (keyed= 0.000ms group_by= 62.264ms per_group=47.661ms)
[pe] round=  6 work=   262144 frontier=   262144 next=   131072 consolidate=230.965ms frontier= 42.434ms semisort=124.042ms (keyed= 0.000ms group_by= 30.147ms per_group=22.325ms)
[pe] round=  7 work=   131072 frontier=   131072 next=    65536 consolidate=107.103ms frontier= 16.790ms semisort= 57.659ms (keyed= 0.000ms group_by= 14.373ms per_group= 9.048ms)
[pe] round=  8 work=    65536 frontier=    65536 next=    32768 consolidate= 51.072ms frontier=  7.385ms semisort= 26.755ms (keyed= 0.000ms group_by=  8.965ms per_group= 4.331ms)
[pe] round=  9 work=    32768 frontier=    32768 next=    16384 consolidate= 20.163ms frontier=  3.663ms semisort= 11.761ms (keyed= 0.000ms group_by=  4.411ms per_group= 2.195ms)
[pe] round= 10 work=    16384 frontier=    16384 next=     8192 consolidate=  9.461ms frontier=  1.810ms semisort=  5.521ms (keyed= 0.000ms group_by=  1.932ms per_group= 1.131ms)
[pe] round= 11 work=     8192 frontier=     8192 next=     4096 consolidate=  4.630ms frontier=  0.852ms semisort=  2.651ms (keyed= 0.000ms group_by=  0.795ms per_group= 0.710ms)
[pe] round= 12 work=     4096 frontier=     4096 next=     2048 consolidate=  2.334ms frontier=  0.417ms semisort=  1.347ms (keyed= 0.000ms group_by=  0.340ms per_group= 0.367ms)
[pe] round= 13 work=     2048 frontier=     2048 next=     1024 consolidate=  1.272ms frontier=  0.195ms semisort=  0.635ms (keyed= 0.000ms group_by=  0.183ms per_group= 0.142ms)
[pe] round= 14 work=     1024 frontier=     1024 next=      512 consolidate=  0.583ms frontier=  0.077ms semisort=  0.290ms (keyed= 0.000ms group_by=  0.083ms per_group= 0.062ms)
[pe] round= 15 work=      512 frontier=      512 next=      256 consolidate=  0.286ms frontier=  0.034ms semisort=  0.136ms (keyed= 0.000ms group_by=  0.042ms per_group= 0.030ms)
[pe] round= 16 work=      256 frontier=      256 next=      128 consolidate=  0.143ms frontier=  0.016ms semisort=  0.063ms (keyed= 0.000ms group_by=  0.022ms per_group= 0.015ms)
[pe] round= 17 work=      128 frontier=      128 next=       64 consolidate=  0.070ms frontier=  0.009ms semisort=  0.034ms (keyed= 0.000ms group_by=  0.013ms per_group= 0.009ms)
[pe] round= 18 work=       64 frontier=       64 next=       32 consolidate=  0.035ms frontier=  0.005ms semisort=  0.020ms (keyed= 0.000ms group_by=  0.008ms per_group= 0.005ms)
[pe] round= 19 work=       32 frontier=       32 next=       16 consolidate=  0.017ms frontier=  0.003ms semisort=  0.012ms (keyed= 0.000ms group_by=  0.005ms per_group= 0.003ms)
[pe] round= 20 work=       16 frontier=       16 next=        8 consolidate=  0.010ms frontier=  0.002ms semisort=  0.008ms (keyed= 0.000ms group_by=  0.004ms per_group= 0.002ms)
[pe] round= 21 work=        8 frontier=        8 next=        4 consolidate=  0.005ms frontier=  0.002ms semisort=  0.007ms (keyed= 0.000ms group_by=  0.004ms per_group= 0.001ms)
[pe] round= 22 work=        4 frontier=        4 next=        2 consolidate=  0.003ms frontier=  0.001ms semisort=  0.005ms (keyed= 0.000ms group_by=  0.003ms per_group= 0.001ms)
[pe] round= 23 work=        2 frontier=        0 next=        0 consolidate=  0.002ms frontier=  0.001ms semisort=  0.000ms (break)
[pe] round=  0 work=       88 frontier= 29984768 next=  7496192 consolidate= 36.784ms frontier= 70.926ms semisort=10474.180ms (keyed= 0.000ms group_by=4523.493ms per_group=1632.731ms)
[pe] round=  1 work=  7496192 frontier=  7496192 next=  3301888 consolidate=6854.081ms frontier=1701.046ms semisort=4798.067ms (keyed= 0.000ms group_by=1562.762ms per_group=608.512ms)
[pe] round=  2 work=  3301888 frontier=  3301888 next=  2097152 consolidate=3078.407ms frontier=765.853ms semisort=2067.099ms (keyed= 0.000ms group_by=572.741ms per_group=456.188ms)
[pe] round=  3 work=  2097152 frontier=  2097152 next=  1048576 consolidate=1948.104ms frontier=481.637ms semisort=1010.198ms (keyed= 0.000ms group_by=262.577ms per_group=178.204ms)
[pe] round=  4 work=  1048576 frontier=  1048576 next=   524288 consolidate=983.612ms frontier=243.269ms semisort=514.063ms (keyed= 0.002ms group_by=125.817ms per_group=88.525ms)
[pe] round=  5 work=   524288 frontier=   524288 next=   262144 consolidate=487.677ms frontier=113.965ms semisort=269.450ms (keyed= 0.000ms group_by= 62.270ms per_group=48.245ms)
[pe] round=  6 work=   262144 frontier=   262144 next=   131072 consolidate=254.652ms frontier= 47.116ms semisort=119.739ms (keyed= 0.001ms group_by= 30.323ms per_group=22.083ms)
[pe] round=  7 work=   131072 frontier=   131072 next=    65536 consolidate=108.518ms frontier= 17.767ms semisort= 54.797ms (keyed= 0.000ms group_by= 14.388ms per_group= 8.930ms)
[pe] round=  8 work=    65536 frontier=    65536 next=    32768 consolidate= 51.198ms frontier=  7.627ms semisort= 26.660ms (keyed= 0.000ms group_by=  8.933ms per_group= 4.350ms)
[pe] round=  9 work=    32768 frontier=    32768 next=    16384 consolidate= 20.402ms frontier=  3.829ms semisort= 11.685ms (keyed= 0.000ms group_by=  4.423ms per_group= 2.193ms)
[pe] round= 10 work=    16384 frontier=    16384 next=     8192 consolidate=  9.446ms frontier=  1.811ms semisort=  5.553ms (keyed= 0.000ms group_by=  1.973ms per_group= 1.111ms)
[pe] round= 11 work=     8192 frontier=     8192 next=     4096 consolidate=  4.692ms frontier=  0.878ms semisort=  2.568ms (keyed= 0.000ms group_by=  0.805ms per_group= 0.614ms)
[pe] round= 12 work=     4096 frontier=     4096 next=     2048 consolidate=  2.340ms frontier=  0.418ms semisort=  1.263ms (keyed= 0.000ms group_by=  0.354ms per_group= 0.289ms)
[pe] round= 13 work=     2048 frontier=     2048 next=     1024 consolidate=  1.180ms frontier=  0.205ms semisort=  0.616ms (keyed= 0.000ms group_by=  0.171ms per_group= 0.139ms)
[pe] round= 14 work=     1024 frontier=     1024 next=      512 consolidate=  0.588ms frontier=  0.079ms semisort=  0.288ms (keyed= 0.000ms group_by=  0.085ms per_group= 0.065ms)
[pe] round= 15 work=      512 frontier=      512 next=      256 consolidate=  0.297ms frontier=  0.034ms semisort=  0.136ms (keyed= 0.000ms group_by=  0.042ms per_group= 0.030ms)
[pe] round= 16 work=      256 frontier=      256 next=      128 consolidate=  0.143ms frontier=  0.016ms semisort=  0.063ms (keyed= 0.000ms group_by=  0.022ms per_group= 0.015ms)
[pe] round= 17 work=      128 frontier=      128 next=       64 consolidate=  0.070ms frontier=  0.009ms semisort=  0.034ms (keyed= 0.000ms group_by=  0.012ms per_group= 0.009ms)
[pe] round= 18 work=       64 frontier=       64 next=       32 consolidate=  0.035ms frontier=  0.005ms semisort=  0.021ms (keyed= 0.000ms group_by=  0.008ms per_group= 0.005ms)
[pe] round= 19 work=       32 frontier=       32 next=       16 consolidate=  0.017ms frontier=  0.004ms semisort=  0.012ms (keyed= 0.000ms group_by=  0.005ms per_group= 0.003ms)
[pe] round= 20 work=       16 frontier=       16 next=        8 consolidate=  0.009ms frontier=  0.002ms semisort=  0.009ms (keyed= 0.000ms group_by=  0.004ms per_group= 0.002ms)
[pe] round= 21 work=        8 frontier=        8 next=        4 consolidate=  0.006ms frontier=  0.002ms semisort=  0.006ms (keyed= 0.000ms group_by=  0.003ms per_group= 0.001ms)
[pe] round= 22 work=        4 frontier=        4 next=        2 consolidate=  0.003ms frontier=  0.001ms semisort=  0.005ms (keyed= 0.000ms group_by=  0.003ms per_group= 0.001ms)
[pe] round= 23 work=        2 frontier=        0 next=        0 consolidate=  0.002ms frontier=  0.001ms semisort=  0.000ms (break)
[pe] round=  0 work=       88 frontier= 29984768 next=  7496192 consolidate= 36.707ms frontier= 70.702ms semisort=10322.868ms (keyed= 0.001ms group_by=4499.009ms per_group=1547.909ms)
[pe] round=  1 work=  7496192 frontier=  7496192 next=  3301888 consolidate=6807.266ms frontier=1660.145ms semisort=4786.256ms (keyed= 0.000ms group_by=1534.538ms per_group=595.864ms)
[pe] round=  2 work=  3301888 frontier=  3301888 next=  2097152 consolidate=3042.645ms frontier=746.558ms semisort=2103.808ms (keyed= 0.000ms group_by=575.891ms per_group=494.280ms)
[pe] round=  3 work=  2097152 frontier=  2097152 next=  1048576 consolidate=1942.550ms frontier=468.936ms semisort=1005.247ms (keyed= 0.000ms group_by=264.907ms per_group=170.206ms)
[pe] round=  4 work=  1048576 frontier=  1048576 next=   524288 consolidate=973.528ms frontier=239.130ms semisort=520.561ms (keyed= 0.000ms group_by=125.579ms per_group=97.081ms)
[pe] round=  5 work=   524288 frontier=   524288 next=   262144 consolidate=508.516ms frontier=103.044ms semisort=268.648ms (keyed= 0.000ms group_by= 62.405ms per_group=47.720ms)
[pe] round=  6 work=   262144 frontier=   262144 next=   131072 consolidate=232.318ms frontier= 42.244ms semisort=122.480ms (keyed= 0.000ms group_by= 30.104ms per_group=22.469ms)
[pe] round=  7 work=   131072 frontier=   131072 next=    65536 consolidate=107.681ms frontier= 18.533ms semisort= 57.418ms (keyed= 0.000ms group_by= 14.359ms per_group= 8.946ms)
[pe] round=  8 work=    65536 frontier=    65536 next=    32768 consolidate= 50.018ms frontier=  7.412ms semisort= 26.401ms (keyed= 0.000ms group_by=  8.896ms per_group= 4.350ms)
[pe] round=  9 work=    32768 frontier=    32768 next=    16384 consolidate= 20.395ms frontier=  3.693ms semisort= 11.738ms (keyed= 0.000ms group_by=  4.410ms per_group= 2.208ms)
[pe] round= 10 work=    16384 frontier=    16384 next=     8192 consolidate=  9.482ms frontier=  1.794ms semisort=  5.536ms (keyed= 0.000ms group_by=  1.923ms per_group= 1.114ms)
[pe] round= 11 work=     8192 frontier=     8192 next=     4096 consolidate=  4.691ms frontier=  0.855ms semisort=  2.643ms (keyed= 0.000ms group_by=  0.845ms per_group= 0.666ms)
[pe] round= 12 work=     4096 frontier=     4096 next=     2048 consolidate=  2.343ms frontier=  0.414ms semisort=  1.233ms (keyed= 0.000ms group_by=  0.349ms per_group= 0.280ms)
[pe] round= 13 work=     2048 frontier=     2048 next=     1024 consolidate=  1.186ms frontier=  0.187ms semisort=  0.612ms (keyed= 0.000ms group_by=  0.171ms per_group= 0.137ms)
[pe] round= 14 work=     1024 frontier=     1024 next=      512 consolidate=  0.588ms frontier=  0.078ms semisort=  0.288ms (keyed= 0.000ms group_by=  0.085ms per_group= 0.064ms)
[pe] round= 15 work=      512 frontier=      512 next=      256 consolidate=  0.288ms frontier=  0.034ms semisort=  0.136ms (keyed= 0.000ms group_by=  0.042ms per_group= 0.030ms)
[pe] round= 16 work=      256 frontier=      256 next=      128 consolidate=  0.145ms frontier=  0.016ms semisort=  0.064ms (keyed= 0.000ms group_by=  0.022ms per_group= 0.016ms)
[pe] round= 17 work=      128 frontier=      128 next=       64 consolidate=  0.069ms frontier=  0.009ms semisort=  0.034ms (keyed= 0.000ms group_by=  0.013ms per_group= 0.009ms)
[pe] round= 18 work=       64 frontier=       64 next=       32 consolidate=  0.035ms frontier=  0.005ms semisort=  0.020ms (keyed= 0.000ms group_by=  0.008ms per_group= 0.005ms)
[pe] round= 19 work=       32 frontier=       32 next=       16 consolidate=  0.017ms frontier=  0.003ms semisort=  0.012ms (keyed= 0.000ms group_by=  0.005ms per_group= 0.003ms)
[pe] round= 20 work=       16 frontier=       16 next=        8 consolidate=  0.010ms frontier=  0.002ms semisort=  0.008ms (keyed= 0.000ms group_by=  0.004ms per_group= 0.002ms)
[pe] round= 21 work=        8 frontier=        8 next=        4 consolidate=  0.005ms frontier=  0.002ms semisort=  0.006ms (keyed= 0.000ms group_by=  0.003ms per_group= 0.001ms)
[pe] round= 22 work=        4 frontier=        4 next=        2 consolidate=  0.003ms frontier=  0.001ms semisort=  0.005ms (keyed= 0.000ms group_by=  0.003ms per_group= 0.001ms)
[pe] round= 23 work=        2 frontier=        0 next=        0 consolidate=  0.002ms frontier=  0.001ms semisort=  0.000ms (break)
[pe] round=  0 work=       88 frontier= 29984768 next=  7496192 consolidate= 36.758ms frontier= 69.319ms semisort=10493.531ms (keyed= 0.000ms group_by=4534.087ms per_group=1658.904ms)
[pe] round=  1 work=  7496192 frontier=  7496192 next=  3301888 consolidate=6836.527ms frontier=1702.554ms semisort=4810.436ms (keyed= 0.000ms group_by=1542.666ms per_group=626.846ms)
[pe] round=  2 work=  3301888 frontier=  3301888 next=  2097152 consolidate=3064.821ms frontier=762.501ms semisort=2060.112ms (keyed= 0.000ms group_by=576.475ms per_group=443.630ms)
[pe] round=  3 work=  2097152 frontier=  2097152 next=  1048576 consolidate=1953.702ms frontier=479.853ms semisort=1016.447ms (keyed= 0.000ms group_by=264.320ms per_group=177.022ms)
[pe] round=  4 work=  1048576 frontier=  1048576 next=   524288 consolidate=977.926ms frontier=244.964ms semisort=535.914ms (keyed= 0.000ms group_by=146.547ms per_group=91.204ms)
[pe] round=  5 work=   524288 frontier=   524288 next=   262144 consolidate=489.631ms frontier=104.998ms semisort=270.525ms (keyed= 0.000ms group_by= 62.427ms per_group=49.759ms)
[pe] round=  6 work=   262144 frontier=   262144 next=   131072 consolidate=232.783ms frontier= 44.173ms semisort=122.621ms (keyed= 0.000ms group_by= 30.156ms per_group=22.576ms)
[pe] round=  7 work=   131072 frontier=   131072 next=    65536 consolidate=110.600ms frontier= 17.746ms semisort= 54.649ms (keyed= 0.001ms group_by= 14.397ms per_group= 8.894ms)
[pe] round=  8 work=    65536 frontier=    65536 next=    32768 consolidate= 51.296ms frontier=  7.458ms semisort= 26.691ms (keyed= 0.000ms group_by=  8.938ms per_group= 4.341ms)
[pe] round=  9 work=    32768 frontier=    32768 next=    16384 consolidate= 20.515ms frontier=  3.718ms semisort= 11.718ms (keyed= 0.000ms group_by=  4.454ms per_group= 2.195ms)
[pe] round= 10 work=    16384 frontier=    16384 next=     8192 consolidate=  9.412ms frontier=  1.789ms semisort=  5.666ms (keyed= 0.000ms group_by=  2.011ms per_group= 1.125ms)
[pe] round= 11 work=     8192 frontier=     8192 next=     4096 consolidate=  4.654ms frontier=  0.873ms semisort=  2.628ms (keyed= 0.000ms group_by=  0.850ms per_group= 0.614ms)
[pe] round= 12 work=     4096 frontier=     4096 next=     2048 consolidate=  2.343ms frontier=  0.419ms semisort=  1.253ms (keyed= 0.000ms group_by=  0.347ms per_group= 0.297ms)
[pe] round= 13 work=     2048 frontier=     2048 next=     1024 consolidate=  1.189ms frontier=  0.184ms semisort=  0.629ms (keyed= 0.000ms group_by=  0.177ms per_group= 0.147ms)
[pe] round= 14 work=     1024 frontier=     1024 next=      512 consolidate=  0.589ms frontier=  0.079ms semisort=  0.295ms (keyed= 0.000ms group_by=  0.084ms per_group= 0.075ms)
[pe] round= 15 work=      512 frontier=      512 next=      256 consolidate=  0.287ms frontier=  0.034ms semisort=  0.136ms (keyed= 0.000ms group_by=  0.042ms per_group= 0.030ms)
[pe] round= 16 work=      256 frontier=      256 next=      128 consolidate=  0.143ms frontier=  0.016ms semisort=  0.064ms (keyed= 0.000ms group_by=  0.022ms per_group= 0.015ms)
[pe] round= 17 work=      128 frontier=      128 next=       64 consolidate=  0.070ms frontier=  0.009ms semisort=  0.033ms (keyed= 0.000ms group_by=  0.012ms per_group= 0.009ms)
[pe] round= 18 work=       64 frontier=       64 next=       32 consolidate=  0.035ms frontier=  0.006ms semisort=  0.021ms (keyed= 0.000ms group_by=  0.008ms per_group= 0.005ms)
[pe] round= 19 work=       32 frontier=       32 next=       16 consolidate=  0.018ms frontier=  0.003ms semisort=  0.012ms (keyed= 0.000ms group_by=  0.005ms per_group= 0.003ms)
[pe] round= 20 work=       16 frontier=       16 next=        8 consolidate=  0.010ms frontier=  0.002ms semisort=  0.009ms (keyed= 0.000ms group_by=  0.004ms per_group= 0.002ms)
[pe] round= 21 work=        8 frontier=        8 next=        4 consolidate=  0.005ms frontier=  0.002ms semisort=  0.007ms (keyed= 0.000ms group_by=  0.003ms per_group= 0.001ms)
[pe] round= 22 work=        4 frontier=        4 next=        2 consolidate=  0.003ms frontier=  0.001ms semisort=  0.005ms (keyed= 0.000ms group_by=  0.003ms per_group= 0.001ms)
[pe] round= 23 work=        2 frontier=        0 next=        0 consolidate=  0.002ms frontier=  0.001ms semisort=  0.000ms (break)
