[synthetic_bench] quartic n=50 d=2 classes=25000098 merges=50 ...
[pe] round=  0 work=      100 frontier= 50000000 next= 12500000 consolidate= 37.659ms frontier= 53.260ms semisort=3771.170ms (keyed= 0.000ms group_by=1158.860ms per_group=755.378ms)
[pe] round=  1 work= 12500000 frontier= 12500000 next=  4194304 consolidate=2486.032ms frontier=488.057ms semisort=1902.793ms (keyed= 0.000ms group_by=514.574ms per_group=282.071ms)
[pe] round=  2 work=  4194304 frontier=  4194304 next=  4111392 consolidate=880.139ms frontier=195.708ms semisort=777.780ms (keyed= 0.000ms group_by=183.359ms per_group=210.980ms)
[pe] round=  3 work=  4111392 frontier=  4111392 next=  2097152 consolidate=879.002ms frontier=199.277ms semisort=546.578ms (keyed= 0.000ms group_by=153.252ms per_group=102.774ms)
[pe] round=  4 work=  2097152 frontier=  2097152 next=  1048576 consolidate=478.737ms frontier=108.957ms semisort=258.833ms (keyed= 0.000ms group_by= 53.744ms per_group=51.231ms)
[pe] round=  5 work=  1048576 frontier=  1048576 next=   524288 consolidate=247.494ms frontier= 55.094ms semisort=130.860ms (keyed= 0.000ms group_by= 26.775ms per_group=26.483ms)
[pe] round=  6 work=   524288 frontier=   524288 next=   262144 consolidate=120.694ms frontier= 26.203ms semisort= 71.989ms (keyed= 0.000ms group_by= 13.096ms per_group=13.470ms)
[pe] round=  7 work=   262144 frontier=   262144 next=   131072 consolidate= 58.858ms frontier= 11.000ms semisort= 31.416ms (keyed= 0.000ms group_by=  6.542ms per_group= 6.367ms)
[pe] round=  8 work=   131072 frontier=   131072 next=    65536 consolidate= 27.865ms frontier=  4.491ms semisort= 15.173ms (keyed= 0.000ms group_by=  3.460ms per_group= 2.821ms)
[pe] round=  9 work=    65536 frontier=    65536 next=    32768 consolidate= 13.447ms frontier=  2.061ms semisort= 12.190ms (keyed= 0.000ms group_by=  6.918ms per_group= 1.387ms)
[pe] round= 10 work=    32768 frontier=    32768 next=    16384 consolidate=  5.116ms frontier=  1.016ms semisort=  5.641ms (keyed= 0.000ms group_by=  3.543ms per_group= 0.709ms)
[pe] round= 11 work=    16384 frontier=    16384 next=     8192 consolidate=  2.740ms frontier=  0.534ms semisort=  2.450ms (keyed= 0.000ms group_by=  1.355ms per_group= 0.386ms)
[pe] round= 12 work=     8192 frontier=     8192 next=     4096 consolidate=  1.400ms frontier=  0.383ms semisort=  1.112ms (keyed= 0.000ms group_by=  0.449ms per_group= 0.207ms)
[pe] round= 13 work=     4096 frontier=     4096 next=     2048 consolidate=  0.748ms frontier=  0.225ms semisort=  0.573ms (keyed= 0.000ms group_by=  0.246ms per_group= 0.098ms)
[pe] round= 14 work=     2048 frontier=     2048 next=     1024 consolidate=  0.451ms frontier=  0.114ms semisort=  0.330ms (keyed= 0.000ms group_by=  0.152ms per_group= 0.055ms)
[pe] round= 15 work=     1024 frontier=     1024 next=      512 consolidate=  0.240ms frontier=  0.109ms semisort=  0.177ms (keyed= 0.000ms group_by=  0.076ms per_group= 0.031ms)
[pe] round= 16 work=      512 frontier=      512 next=      256 consolidate=  0.135ms frontier=  0.044ms semisort=  0.123ms (keyed= 0.000ms group_by=  0.047ms per_group= 0.030ms)
[pe] round= 17 work=      256 frontier=      256 next=      128 consolidate=  0.065ms frontier=  0.019ms semisort=  0.062ms (keyed= 0.000ms group_by=  0.026ms per_group= 0.012ms)
[pe] round= 18 work=      128 frontier=      128 next=       64 consolidate=  0.043ms frontier=  0.012ms semisort=  0.036ms (keyed= 0.000ms group_by=  0.013ms per_group= 0.009ms)
[pe] round= 19 work=       64 frontier=       64 next=       32 consolidate=  0.020ms frontier=  0.007ms semisort=  0.028ms (keyed= 0.000ms group_by=  0.009ms per_group= 0.011ms)
[pe] round= 20 work=       32 frontier=       32 next=       16 consolidate=  0.017ms frontier=  0.004ms semisort=  0.015ms (keyed= 0.000ms group_by=  0.006ms per_group= 0.005ms)
[pe] round= 21 work=       16 frontier=       16 next=        8 consolidate=  0.007ms frontier=  0.003ms semisort=  0.009ms (keyed= 0.000ms group_by=  0.005ms per_group= 0.002ms)
[pe] round= 22 work=        8 frontier=        8 next=        4 consolidate=  0.005ms frontier=  0.002ms semisort=  0.007ms (keyed= 0.000ms group_by=  0.004ms per_group= 0.001ms)
[pe] round= 23 work=        4 frontier=        4 next=        2 consolidate=  0.003ms frontier=  0.001ms semisort=  0.005ms (keyed= 0.000ms group_by=  0.004ms per_group= 0.001ms)
[pe] round= 24 work=        2 frontier=        0 next=        0 consolidate=  0.002ms frontier=  0.001ms semisort=  0.000ms (break)
[pe] round=  0 work=      100 frontier= 50000000 next= 12500000 consolidate= 36.201ms frontier= 41.451ms semisort=3524.870ms (keyed= 0.000ms group_by=1033.318ms per_group=732.174ms)
[pe] round=  1 work= 12500000 frontier= 12500000 next=  4194304 consolidate=2873.579ms frontier=677.116ms semisort=2195.868ms (keyed= 0.000ms group_by=736.803ms per_group=281.485ms)
[pe] round=  2 work=  4194304 frontier=  4194304 next=  4111392 consolidate=992.890ms frontier=241.456ms semisort=841.702ms (keyed= 0.000ms group_by=187.425ms per_group=262.062ms)
[pe] round=  3 work=  4111392 frontier=  4111392 next=  2097152 consolidate=952.852ms frontier=234.830ms semisort=557.970ms (keyed= 0.000ms group_by=162.835ms per_group=104.427ms)
[pe] round=  4 work=  2097152 frontier=  2097152 next=  1048576 consolidate=489.613ms frontier=122.804ms semisort=256.205ms (keyed= 0.000ms group_by= 53.917ms per_group=49.973ms)
[pe] round=  5 work=  1048576 frontier=  1048576 next=   524288 consolidate=250.513ms frontier= 62.357ms semisort=132.476ms (keyed= 0.000ms group_by= 27.415ms per_group=27.109ms)
[pe] round=  6 work=   524288 frontier=   524288 next=   262144 consolidate=124.327ms frontier= 29.349ms semisort= 65.853ms (keyed= 0.000ms group_by= 13.844ms per_group=13.365ms)
[pe] round=  7 work=   262144 frontier=   262144 next=   131072 consolidate= 60.753ms frontier= 12.224ms semisort= 31.884ms (keyed= 0.000ms group_by=  6.884ms per_group= 6.424ms)
[pe] round=  8 work=   131072 frontier=   131072 next=    65536 consolidate= 28.766ms frontier=  6.199ms semisort= 15.267ms (keyed= 0.000ms group_by=  3.552ms per_group= 2.849ms)
[pe] round=  9 work=    65536 frontier=    65536 next=    32768 consolidate= 14.062ms frontier=  2.171ms semisort= 12.406ms (keyed= 0.000ms group_by=  6.999ms per_group= 1.440ms)
[pe] round= 10 work=    32768 frontier=    32768 next=    16384 consolidate=  6.005ms frontier=  1.152ms semisort=  5.757ms (keyed= 0.000ms group_by=  3.529ms per_group= 0.758ms)
[pe] round= 11 work=    16384 frontier=    16384 next=     8192 consolidate=  3.199ms frontier=  0.638ms semisort=  2.752ms (keyed= 0.000ms group_by=  1.562ms per_group= 0.406ms)
[pe] round= 12 work=     8192 frontier=     8192 next=     4096 consolidate=  1.597ms frontier=  0.386ms semisort=  1.120ms (keyed= 0.000ms group_by=  0.466ms per_group= 0.212ms)
[pe] round= 13 work=     4096 frontier=     4096 next=     2048 consolidate=  0.880ms frontier=  0.233ms semisort=  0.589ms (keyed= 0.000ms group_by=  0.244ms per_group= 0.105ms)
[pe] round= 14 work=     2048 frontier=     2048 next=     1024 consolidate=  0.497ms frontier=  0.115ms semisort=  0.338ms (keyed= 0.000ms group_by=  0.154ms per_group= 0.056ms)
[pe] round= 15 work=     1024 frontier=     1024 next=      512 consolidate=  0.258ms frontier=  0.102ms semisort=  0.184ms (keyed= 0.000ms group_by=  0.077ms per_group= 0.031ms)
[pe] round= 16 work=      512 frontier=      512 next=      256 consolidate=  0.147ms frontier=  0.046ms semisort=  0.127ms (keyed= 0.000ms group_by=  0.048ms per_group= 0.029ms)
[pe] round= 17 work=      256 frontier=      256 next=      128 consolidate=  0.069ms frontier=  0.021ms semisort=  0.062ms (keyed= 0.000ms group_by=  0.025ms per_group= 0.014ms)
[pe] round= 18 work=      128 frontier=      128 next=       64 consolidate=  0.038ms frontier=  0.013ms semisort=  0.044ms (keyed= 0.000ms group_by=  0.021ms per_group= 0.009ms)
[pe] round= 19 work=       64 frontier=       64 next=       32 consolidate=  0.035ms frontier=  0.006ms semisort=  0.025ms (keyed= 0.000ms group_by=  0.009ms per_group= 0.008ms)
[pe] round= 20 work=       32 frontier=       32 next=       16 consolidate=  0.020ms frontier=  0.004ms semisort=  0.013ms (keyed= 0.000ms group_by=  0.006ms per_group= 0.003ms)
[pe] round= 21 work=       16 frontier=       16 next=        8 consolidate=  0.008ms frontier=  0.003ms semisort=  0.009ms (keyed= 0.000ms group_by=  0.005ms per_group= 0.002ms)
[pe] round= 22 work=        8 frontier=        8 next=        4 consolidate=  0.006ms frontier=  0.002ms semisort=  0.007ms (keyed= 0.000ms group_by=  0.004ms per_group= 0.001ms)
[pe] round= 23 work=        4 frontier=        4 next=        2 consolidate=  0.003ms frontier=  0.001ms semisort=  0.006ms (keyed= 0.000ms group_by=  0.004ms per_group= 0.001ms)
[pe] round= 24 work=        2 frontier=        0 next=        0 consolidate=  0.002ms frontier=  0.001ms semisort=  0.000ms (break)
[pe] round=  0 work=      100 frontier= 50000000 next= 12500000 consolidate= 17.690ms frontier= 31.408ms semisort=3396.041ms (keyed= 0.000ms group_by=976.485ms per_group=697.960ms)
[pe] round=  1 work= 12500000 frontier= 12500000 next=  4194304 consolidate=2894.173ms frontier=701.920ms semisort=2113.790ms (keyed= 0.000ms group_by=735.389ms per_group=274.999ms)
[pe] round=  2 work=  4194304 frontier=  4194304 next=  4111392 consolidate=989.143ms frontier=245.581ms semisort=844.111ms (keyed= 0.000ms group_by=179.397ms per_group=268.326ms)
[pe] round=  3 work=  4111392 frontier=  4111392 next=  2097152 consolidate=968.130ms frontier=239.311ms semisort=542.609ms (keyed= 0.000ms group_by=151.573ms per_group=104.055ms)
[pe] round=  4 work=  2097152 frontier=  2097152 next=  1048576 consolidate=504.420ms frontier=125.020ms semisort=256.610ms (keyed= 0.000ms group_by= 54.254ms per_group=52.458ms)
[pe] round=  5 work=  1048576 frontier=  1048576 next=   524288 consolidate=247.725ms frontier= 64.076ms semisort=129.667ms (keyed= 0.001ms group_by= 25.946ms per_group=27.149ms)
[pe] round=  6 work=   524288 frontier=   524288 next=   262144 consolidate=128.879ms frontier= 28.996ms semisort= 67.116ms (keyed= 0.000ms group_by= 12.999ms per_group=13.480ms)
[pe] round=  7 work=   262144 frontier=   262144 next=   131072 consolidate= 60.330ms frontier= 11.978ms semisort= 32.191ms (keyed= 0.000ms group_by=  6.879ms per_group= 6.500ms)
[pe] round=  8 work=   131072 frontier=   131072 next=    65536 consolidate= 28.085ms frontier=  4.589ms semisort= 15.063ms (keyed= 0.000ms group_by=  3.323ms per_group= 2.799ms)
[pe] round=  9 work=    65536 frontier=    65536 next=    32768 consolidate= 13.658ms frontier=  2.014ms semisort= 12.256ms (keyed= 0.000ms group_by=  6.937ms per_group= 1.391ms)
[pe] round= 10 work=    32768 frontier=    32768 next=    16384 consolidate=  5.743ms frontier=  1.037ms semisort=  5.558ms (keyed= 0.001ms group_by=  3.420ms per_group= 0.712ms)
[pe] round= 11 work=    16384 frontier=    16384 next=     8192 consolidate=  3.204ms frontier=  0.586ms semisort=  2.616ms (keyed= 0.000ms group_by=  1.525ms per_group= 0.382ms)
[pe] round= 12 work=     8192 frontier=     8192 next=     4096 consolidate=  1.593ms frontier=  0.386ms semisort=  1.146ms (keyed= 0.000ms group_by=  0.489ms per_group= 0.201ms)
[pe] round= 13 work=     4096 frontier=     4096 next=     2048 consolidate=  0.878ms frontier=  0.218ms semisort=  0.616ms (keyed= 0.000ms group_by=  0.252ms per_group= 0.099ms)
[pe] round= 14 work=     2048 frontier=     2048 next=     1024 consolidate=  0.487ms frontier=  0.113ms semisort=  0.330ms (keyed= 0.000ms group_by=  0.153ms per_group= 0.056ms)
[pe] round= 15 work=     1024 frontier=     1024 next=      512 consolidate=  0.267ms frontier=  0.102ms semisort=  0.180ms (keyed= 0.000ms group_by=  0.075ms per_group= 0.031ms)
[pe] round= 16 work=      512 frontier=      512 next=      256 consolidate=  0.148ms frontier=  0.046ms semisort=  0.122ms (keyed= 0.000ms group_by=  0.048ms per_group= 0.029ms)
[pe] round= 17 work=      256 frontier=      256 next=      128 consolidate=  0.071ms frontier=  0.020ms semisort=  0.062ms (keyed= 0.000ms group_by=  0.025ms per_group= 0.014ms)
[pe] round= 18 work=      128 frontier=      128 next=       64 consolidate=  0.051ms frontier=  0.011ms semisort=  0.036ms (keyed= 0.000ms group_by=  0.013ms per_group= 0.009ms)
[pe] round= 19 work=       64 frontier=       64 next=       32 consolidate=  0.023ms frontier=  0.007ms semisort=  0.025ms (keyed= 0.000ms group_by=  0.009ms per_group= 0.009ms)
[pe] round= 20 work=       32 frontier=       32 next=       16 consolidate=  0.021ms frontier=  0.004ms semisort=  0.016ms (keyed= 0.000ms group_by=  0.006ms per_group= 0.006ms)
[pe] round= 21 work=       16 frontier=       16 next=        8 consolidate=  0.009ms frontier=  0.003ms semisort=  0.009ms (keyed= 0.000ms group_by=  0.005ms per_group= 0.002ms)
[pe] round= 22 work=        8 frontier=        8 next=        4 consolidate=  0.006ms frontier=  0.002ms semisort=  0.007ms (keyed= 0.000ms group_by=  0.004ms per_group= 0.001ms)
[pe] round= 23 work=        4 frontier=        4 next=        2 consolidate=  0.003ms frontier=  0.001ms semisort=  0.005ms (keyed= 0.000ms group_by=  0.004ms per_group= 0.001ms)
[pe] round= 24 work=        2 frontier=        0 next=        0 consolidate=  0.002ms frontier=  0.001ms semisort=  0.000ms (break)
[pe] round=  0 work=      100 frontier= 50000000 next= 12500000 consolidate= 34.635ms frontier= 41.278ms semisort=3550.141ms (keyed= 0.000ms group_by=1071.078ms per_group=724.052ms)
[pe] round=  1 work= 12500000 frontier= 12500000 next=  4194304 consolidate=2925.627ms frontier=710.641ms semisort=2213.450ms (keyed= 0.000ms group_by=759.122ms per_group=273.629ms)
[pe] round=  2 work=  4194304 frontier=  4194304 next=  4111392 consolidate=988.479ms frontier=249.537ms semisort=855.618ms (keyed= 0.000ms group_by=189.999ms per_group=269.779ms)
[pe] round=  3 work=  4111392 frontier=  4111392 next=  2097152 consolidate=973.667ms frontier=243.099ms semisort=544.994ms (keyed= 0.000ms group_by=154.228ms per_group=107.088ms)
[pe] round=  4 work=  2097152 frontier=  2097152 next=  1048576 consolidate=504.798ms frontier=126.211ms semisort=254.209ms (keyed= 0.000ms group_by= 53.813ms per_group=49.760ms)
[pe] round=  5 work=  1048576 frontier=  1048576 next=   524288 consolidate=250.487ms frontier= 64.687ms semisort=129.201ms (keyed= 0.000ms group_by= 26.229ms per_group=26.067ms)
[pe] round=  6 work=   524288 frontier=   524288 next=   262144 consolidate=125.980ms frontier= 29.213ms semisort= 63.944ms (keyed= 0.000ms group_by= 12.914ms per_group=13.057ms)
[pe] round=  7 work=   262144 frontier=   262144 next=   131072 consolidate= 59.780ms frontier= 12.064ms semisort= 32.837ms (keyed= 0.000ms group_by=  6.629ms per_group= 6.226ms)
[pe] round=  8 work=   131072 frontier=   131072 next=    65536 consolidate= 28.589ms frontier=  4.753ms semisort= 14.902ms (keyed= 0.000ms group_by=  3.313ms per_group= 2.897ms)
[pe] round=  9 work=    65536 frontier=    65536 next=    32768 consolidate= 13.789ms frontier=  2.142ms semisort= 12.310ms (keyed= 0.002ms group_by=  6.961ms per_group= 1.400ms)
[pe] round= 10 work=    32768 frontier=    32768 next=    16384 consolidate=  5.930ms frontier=  1.161ms semisort=  5.580ms (keyed= 0.000ms group_by=  3.477ms per_group= 0.711ms)
[pe] round= 11 work=    16384 frontier=    16384 next=     8192 consolidate=  3.234ms frontier=  0.602ms semisort=  2.625ms (keyed= 0.000ms group_by=  1.531ms per_group= 0.388ms)
[pe] round= 12 work=     8192 frontier=     8192 next=     4096 consolidate=  1.597ms frontier=  0.395ms semisort=  1.096ms (keyed= 0.000ms group_by=  0.456ms per_group= 0.196ms)
[pe] round= 13 work=     4096 frontier=     4096 next=     2048 consolidate=  0.864ms frontier=  0.223ms semisort=  0.582ms (keyed= 0.000ms group_by=  0.247ms per_group= 0.102ms)
[pe] round= 14 work=     2048 frontier=     2048 next=     1024 consolidate=  0.495ms frontier=  0.115ms semisort=  0.335ms (keyed= 0.000ms group_by=  0.155ms per_group= 0.054ms)
[pe] round= 15 work=     1024 frontier=     1024 next=      512 consolidate=  0.259ms frontier=  0.085ms semisort=  0.191ms (keyed= 0.000ms group_by=  0.077ms per_group= 0.030ms)
[pe] round= 16 work=      512 frontier=      512 next=      256 consolidate=  0.147ms frontier=  0.045ms semisort=  0.122ms (keyed= 0.000ms group_by=  0.048ms per_group= 0.029ms)
[pe] round= 17 work=      256 frontier=      256 next=      128 consolidate=  0.072ms frontier=  0.021ms semisort=  0.062ms (keyed= 0.000ms group_by=  0.025ms per_group= 0.012ms)
[pe] round= 18 work=      128 frontier=      128 next=       64 consolidate=  0.049ms frontier=  0.012ms semisort=  0.037ms (keyed= 0.000ms group_by=  0.014ms per_group= 0.009ms)
[pe] round= 19 work=       64 frontier=       64 next=       32 consolidate=  0.021ms frontier=  0.007ms semisort=  0.023ms (keyed= 0.000ms group_by=  0.009ms per_group= 0.006ms)
[pe] round= 20 work=       32 frontier=       32 next=       16 consolidate=  0.015ms frontier=  0.004ms semisort=  0.013ms (keyed= 0.000ms group_by=  0.006ms per_group= 0.003ms)
[pe] round= 21 work=       16 frontier=       16 next=        8 consolidate=  0.011ms frontier=  0.003ms semisort=  0.009ms (keyed= 0.000ms group_by=  0.005ms per_group= 0.002ms)
[pe] round= 22 work=        8 frontier=        8 next=        4 consolidate=  0.006ms frontier=  0.002ms semisort=  0.007ms (keyed= 0.000ms group_by=  0.004ms per_group= 0.001ms)
[pe] round= 23 work=        4 frontier=        4 next=        2 consolidate=  0.003ms frontier=  0.001ms semisort=  0.007ms (keyed= 0.000ms group_by=  0.005ms per_group= 0.001ms)
[pe] round= 24 work=        2 frontier=        0 next=        0 consolidate=  0.002ms frontier=  0.001ms semisort=  0.000ms (break)
[pe] round=  0 work=      100 frontier= 50000000 next= 12500000 consolidate= 16.396ms frontier= 50.983ms semisort=3464.897ms (keyed= 0.000ms group_by=1016.652ms per_group=701.505ms)
[pe] round=  1 work= 12500000 frontier= 12500000 next=  4194304 consolidate=2929.965ms frontier=717.364ms semisort=2153.984ms (keyed= 0.000ms group_by=745.477ms per_group=272.440ms)
[pe] round=  2 work=  4194304 frontier=  4194304 next=  4111392 consolidate=991.841ms frontier=249.297ms semisort=854.031ms (keyed= 0.000ms group_by=180.817ms per_group=269.792ms)
[pe] round=  3 work=  4111392 frontier=  4111392 next=  2097152 consolidate=979.556ms frontier=242.711ms semisort=545.457ms (keyed= 0.000ms group_by=151.924ms per_group=107.706ms)
[pe] round=  4 work=  2097152 frontier=  2097152 next=  1048576 consolidate=502.619ms frontier=127.862ms semisort=259.080ms (keyed= 0.000ms group_by= 54.610ms per_group=50.309ms)
[pe] round=  5 work=  1048576 frontier=  1048576 next=   524288 consolidate=254.913ms frontier= 64.958ms semisort=129.264ms (keyed= 0.000ms group_by= 26.179ms per_group=26.287ms)
[pe] round=  6 work=   524288 frontier=   524288 next=   262144 consolidate=124.168ms frontier= 28.234ms semisort= 66.975ms (keyed= 0.000ms group_by= 13.266ms per_group=13.175ms)
[pe] round=  7 work=   262144 frontier=   262144 next=   131072 consolidate= 59.855ms frontier= 19.964ms semisort= 32.311ms (keyed= 0.000ms group_by=  6.768ms per_group= 6.470ms)
[pe] round=  8 work=   131072 frontier=   131072 next=    65536 consolidate= 29.459ms frontier=  4.690ms semisort= 15.064ms (keyed= 0.000ms group_by=  3.271ms per_group= 2.770ms)
[pe] round=  9 work=    65536 frontier=    65536 next=    32768 consolidate= 13.917ms frontier=  2.015ms semisort= 12.234ms (keyed= 0.000ms group_by=  6.900ms per_group= 1.382ms)
[pe] round= 10 work=    32768 frontier=    32768 next=    16384 consolidate=  5.877ms frontier=  1.160ms semisort=  5.731ms (keyed= 0.000ms group_by=  3.484ms per_group= 0.711ms)
[pe] round= 11 work=    16384 frontier=    16384 next=     8192 consolidate=  3.267ms frontier=  0.545ms semisort=  2.628ms (keyed= 0.000ms group_by=  1.535ms per_group= 0.379ms)
[pe] round= 12 work=     8192 frontier=     8192 next=     4096 consolidate=  1.611ms frontier=  0.380ms semisort=  1.084ms (keyed= 0.000ms group_by=  0.451ms per_group= 0.201ms)
[pe] round= 13 work=     4096 frontier=     4096 next=     2048 consolidate=  0.874ms frontier=  0.222ms semisort=  0.578ms (keyed= 0.000ms group_by=  0.247ms per_group= 0.099ms)
[pe] round= 14 work=     2048 frontier=     2048 next=     1024 consolidate=  0.504ms frontier=  0.112ms semisort=  0.334ms (keyed= 0.000ms group_by=  0.151ms per_group= 0.055ms)
[pe] round= 15 work=     1024 frontier=     1024 next=      512 consolidate=  0.254ms frontier=  0.088ms semisort=  0.192ms (keyed= 0.000ms group_by=  0.076ms per_group= 0.031ms)
[pe] round= 16 work=      512 frontier=      512 next=      256 consolidate=  0.151ms frontier=  0.046ms semisort=  0.122ms (keyed= 0.000ms group_by=  0.048ms per_group= 0.028ms)
[pe] round= 17 work=      256 frontier=      256 next=      128 consolidate=  0.071ms frontier=  0.020ms semisort=  0.063ms (keyed= 0.000ms group_by=  0.027ms per_group= 0.012ms)
[pe] round= 18 work=      128 frontier=      128 next=       64 consolidate=  0.050ms frontier=  0.012ms semisort=  0.039ms (keyed= 0.000ms group_by=  0.013ms per_group= 0.011ms)
[pe] round= 19 work=       64 frontier=       64 next=       32 consolidate=  0.023ms frontier=  0.007ms semisort=  0.022ms (keyed= 0.000ms group_by=  0.009ms per_group= 0.006ms)
[pe] round= 20 work=       32 frontier=       32 next=       16 consolidate=  0.021ms frontier=  0.004ms semisort=  0.013ms (keyed= 0.000ms group_by=  0.006ms per_group= 0.003ms)
[pe] round= 21 work=       16 frontier=       16 next=        8 consolidate=  0.011ms frontier=  0.003ms semisort=  0.012ms (keyed= 0.000ms group_by=  0.004ms per_group= 0.002ms)
[pe] round= 22 work=        8 frontier=        8 next=        4 consolidate=  0.006ms frontier=  0.002ms semisort=  0.007ms (keyed= 0.000ms group_by=  0.004ms per_group= 0.001ms)
[pe] round= 23 work=        4 frontier=        4 next=        2 consolidate=  0.003ms frontier=  0.001ms semisort=  0.005ms (keyed= 0.000ms group_by=  0.004ms per_group= 0.001ms)
[pe] round= 24 work=        2 frontier=        0 next=        0 consolidate=  0.002ms frontier=  0.001ms semisort=  0.000ms (break)
[pe] round=  0 work=      100 frontier= 50000000 next= 12500000 consolidate= 34.432ms frontier= 41.252ms semisort=3529.201ms (keyed= 0.000ms group_by=1066.331ms per_group=732.282ms)
[pe] round=  1 work= 12500000 frontier= 12500000 next=  4194304 consolidate=2920.850ms frontier=715.860ms semisort=2178.512ms (keyed= 0.000ms group_by=749.943ms per_group=272.989ms)
[pe] round=  2 work=  4194304 frontier=  4194304 next=  4111392 consolidate=984.982ms frontier=250.506ms semisort=874.175ms (keyed= 0.000ms group_by=181.516ms per_group=269.403ms)
[pe] round=  3 work=  4111392 frontier=  4111392 next=  2097152 consolidate=968.362ms frontier=242.622ms semisort=544.976ms (keyed= 0.000ms group_by=152.691ms per_group=105.679ms)
[pe] round=  4 work=  2097152 frontier=  2097152 next=  1048576 consolidate=494.613ms frontier=126.197ms semisort=256.616ms (keyed= 0.001ms group_by= 54.340ms per_group=50.422ms)
[pe] round=  5 work=  1048576 frontier=  1048576 next=   524288 consolidate=249.351ms frontier= 64.015ms semisort=131.019ms (keyed= 0.000ms group_by= 26.347ms per_group=26.256ms)
[pe] round=  6 work=   524288 frontier=   524288 next=   262144 consolidate=123.948ms frontier= 28.815ms semisort= 64.481ms (keyed= 0.000ms group_by= 13.353ms per_group=13.117ms)
[pe] round=  7 work=   262144 frontier=   262144 next=   131072 consolidate= 60.713ms frontier= 12.186ms semisort= 31.467ms (keyed= 0.000ms group_by=  6.977ms per_group= 6.241ms)
[pe] round=  8 work=   131072 frontier=   131072 next=    65536 consolidate= 28.606ms frontier=  4.813ms semisort= 14.788ms (keyed= 0.000ms group_by=  3.329ms per_group= 2.793ms)
[pe] round=  9 work=    65536 frontier=    65536 next=    32768 consolidate= 13.879ms frontier=  2.088ms semisort= 12.220ms (keyed= 0.000ms group_by=  6.891ms per_group= 1.380ms)
[pe] round= 10 work=    32768 frontier=    32768 next=    16384 consolidate=  5.819ms frontier=  2.760ms semisort=  5.694ms (keyed= 0.000ms group_by=  3.503ms per_group= 0.710ms)
[pe] round= 11 work=    16384 frontier=    16384 next=     8192 consolidate=  3.222ms frontier=  0.573ms semisort=  2.577ms (keyed= 0.000ms group_by=  1.442ms per_group= 0.431ms)
[pe] round= 12 work=     8192 frontier=     8192 next=     4096 consolidate=  1.594ms frontier=  0.386ms semisort=  1.140ms (keyed= 0.000ms group_by=  0.507ms per_group= 0.196ms)
[pe] round= 13 work=     4096 frontier=     4096 next=     2048 consolidate=  0.854ms frontier=  0.222ms semisort=  0.576ms (keyed= 0.000ms group_by=  0.246ms per_group= 0.098ms)
[pe] round= 14 work=     2048 frontier=     2048 next=     1024 consolidate=  0.497ms frontier=  0.109ms semisort=  0.321ms (keyed= 0.000ms group_by=  0.140ms per_group= 0.054ms)
[pe] round= 15 work=     1024 frontier=     1024 next=      512 consolidate=  0.259ms frontier=  0.102ms semisort=  0.176ms (keyed= 0.000ms group_by=  0.075ms per_group= 0.031ms)
[pe] round= 16 work=      512 frontier=      512 next=      256 consolidate=  0.153ms frontier=  0.045ms semisort=  0.122ms (keyed= 0.000ms group_by=  0.047ms per_group= 0.030ms)
[pe] round= 17 work=      256 frontier=      256 next=      128 consolidate=  0.070ms frontier=  0.020ms semisort=  0.063ms (keyed= 0.000ms group_by=  0.026ms per_group= 0.013ms)
[pe] round= 18 work=      128 frontier=      128 next=       64 consolidate=  0.048ms frontier=  0.012ms semisort=  0.037ms (keyed= 0.000ms group_by=  0.013ms per_group= 0.009ms)
[pe] round= 19 work=       64 frontier=       64 next=       32 consolidate=  0.022ms frontier=  0.007ms semisort=  0.023ms (keyed= 0.000ms group_by=  0.009ms per_group= 0.006ms)
[pe] round= 20 work=       32 frontier=       32 next=       16 consolidate=  0.021ms frontier=  0.004ms semisort=  0.014ms (keyed= 0.000ms group_by=  0.006ms per_group= 0.003ms)
[pe] round= 21 work=       16 frontier=       16 next=        8 consolidate=  0.016ms frontier=  0.003ms semisort=  0.009ms (keyed= 0.000ms group_by=  0.005ms per_group= 0.002ms)
[pe] round= 22 work=        8 frontier=        8 next=        4 consolidate=  0.006ms frontier=  0.002ms semisort=  0.007ms (keyed= 0.000ms group_by=  0.004ms per_group= 0.001ms)
[pe] round= 23 work=        4 frontier=        4 next=        2 consolidate=  0.003ms frontier=  0.001ms semisort=  0.005ms (keyed= 0.000ms group_by=  0.004ms per_group= 0.001ms)
[pe] round= 24 work=        2 frontier=        0 next=        0 consolidate=  0.002ms frontier=  0.001ms semisort=  0.000ms (break)
