[synthetic_bench] quartic n=53 d=2 classes=31562028 merges=53 ...
[pe] round=  0 work=      106 frontier= 63123848 next= 15780962 consolidate=180.000ms frontier=239.850ms semisort=21000.077ms (keyed= 0.000ms group_by=8310.390ms per_group=3538.221ms)
[pe] round=  1 work= 15780962 frontier= 15780962 next=  7392354 consolidate=12238.460ms frontier=2488.207ms semisort=9797.375ms (keyed= 0.000ms group_by=2744.581ms per_group=1491.121ms)
[pe] round=  2 work=  7392354 frontier=  7392354 next=  4194304 consolidate=5956.879ms frontier=1325.544ms semisort=4156.100ms (keyed= 0.000ms group_by=1054.024ms per_group=841.651ms)
[pe] round=  3 work=  4194304 frontier=  4194304 next=  2097152 consolidate=3392.674ms frontier=746.122ms semisort=2313.482ms (keyed= 0.000ms group_by=710.306ms per_group=398.847ms)
[pe] round=  4 work=  2097152 frontier=  2097152 next=  1048576 consolidate=1711.468ms frontier=378.361ms semisort=1069.188ms (keyed= 0.000ms group_by=260.634ms per_group=200.194ms)
[pe] round=  5 work=  1048576 frontier=  1048576 next=   524288 consolidate=860.307ms frontier=178.326ms semisort=543.828ms (keyed= 0.000ms group_by=124.973ms per_group=108.791ms)
[pe] round=  6 work=   524288 frontier=   524288 next=   262144 consolidate=437.355ms frontier= 88.077ms semisort=284.277ms (keyed= 0.000ms group_by= 62.171ms per_group=51.082ms)
[pe] round=  7 work=   262144 frontier=   262144 next=   131072 consolidate=207.940ms frontier= 39.709ms semisort=124.083ms (keyed= 0.000ms group_by= 30.221ms per_group=23.747ms)
[pe] round=  8 work=   131072 frontier=   131072 next=    65536 consolidate=103.303ms frontier= 14.792ms semisort= 58.360ms (keyed= 0.000ms group_by= 14.403ms per_group= 9.209ms)
[pe] round=  9 work=    65536 frontier=    65536 next=    32768 consolidate= 50.640ms frontier=  6.540ms semisort= 28.109ms (keyed= 0.000ms group_by=  8.886ms per_group= 4.491ms)
[pe] round= 10 work=    32768 frontier=    32768 next=    16384 consolidate= 19.867ms frontier=  3.214ms semisort= 11.615ms (keyed= 0.000ms group_by=  4.391ms per_group= 2.269ms)
[pe] round= 11 work=    16384 frontier=    16384 next=     8192 consolidate=  9.263ms frontier=  1.614ms semisort=  5.656ms (keyed= 0.000ms group_by=  1.966ms per_group= 1.131ms)
[pe] round= 12 work=     8192 frontier=     8192 next=     4096 consolidate=  4.622ms frontier=  0.745ms semisort=  2.628ms (keyed= 0.000ms group_by=  0.830ms per_group= 0.597ms)
[pe] round= 13 work=     4096 frontier=     4096 next=     2048 consolidate=  2.302ms frontier=  0.340ms semisort=  1.251ms (keyed= 0.000ms group_by=  0.346ms per_group= 0.290ms)
[pe] round= 14 work=     2048 frontier=     2048 next=     1024 consolidate=  1.145ms frontier=  0.161ms semisort=  0.640ms (keyed= 0.000ms group_by=  0.172ms per_group= 0.137ms)
[pe] round= 15 work=     1024 frontier=     1024 next=      512 consolidate=  0.582ms frontier=  0.076ms semisort=  0.280ms (keyed= 0.000ms group_by=  0.084ms per_group= 0.067ms)
[pe] round= 16 work=      512 frontier=      512 next=      256 consolidate=  0.291ms frontier=  0.034ms semisort=  0.152ms (keyed= 0.000ms group_by=  0.042ms per_group= 0.044ms)
[pe] round= 17 work=      256 frontier=      256 next=      128 consolidate=  0.163ms frontier=  0.018ms semisort=  0.067ms (keyed= 0.000ms group_by=  0.023ms per_group= 0.016ms)
[pe] round= 18 work=      128 frontier=      128 next=       64 consolidate=  0.071ms frontier=  0.009ms semisort=  0.036ms (keyed= 0.000ms group_by=  0.013ms per_group= 0.009ms)
[pe] round= 19 work=       64 frontier=       64 next=       32 consolidate=  0.040ms frontier=  0.006ms semisort=  0.036ms (keyed= 0.000ms group_by=  0.008ms per_group= 0.020ms)
[pe] round= 20 work=       32 frontier=       32 next=       16 consolidate=  0.029ms frontier=  0.003ms semisort=  0.012ms (keyed= 0.000ms group_by=  0.005ms per_group= 0.003ms)
[pe] round= 21 work=       16 frontier=       16 next=        8 consolidate=  0.009ms frontier=  0.002ms semisort=  0.008ms (keyed= 0.000ms group_by=  0.004ms per_group= 0.002ms)
[pe] round= 22 work=        8 frontier=        8 next=        4 consolidate=  0.005ms frontier=  0.002ms semisort=  0.006ms (keyed= 0.000ms group_by=  0.003ms per_group= 0.001ms)
[pe] round= 23 work=        4 frontier=        4 next=        2 consolidate=  0.003ms frontier=  0.001ms semisort=  0.005ms (keyed= 0.000ms group_by=  0.003ms per_group= 0.001ms)
[pe] round= 24 work=        2 frontier=        0 next=        0 consolidate=  0.002ms frontier=  0.001ms semisort=  0.000ms (break)
[pe] round=  0 work=      106 frontier= 63123848 next= 15780962 consolidate= 75.980ms frontier=145.247ms semisort=21032.021ms (keyed= 0.000ms group_by=8194.660ms per_group=3643.766ms)
[pe] round=  1 work= 15780962 frontier= 15780962 next=  7392354 consolidate=14935.251ms frontier=3543.853ms semisort=9926.132ms (keyed= 0.000ms group_by=2986.887ms per_group=1379.419ms)
[pe] round=  2 work=  7392354 frontier=  7392354 next=  4194304 consolidate=7095.555ms frontier=1720.119ms semisort=4575.131ms (keyed= 0.002ms group_by=1295.479ms per_group=1016.072ms)
[pe] round=  3 work=  4194304 frontier=  4194304 next=  2097152 consolidate=3992.382ms frontier=988.323ms semisort=2254.231ms (keyed= 0.000ms group_by=687.063ms per_group=377.783ms)
[pe] round=  4 work=  2097152 frontier=  2097152 next=  1048576 consolidate=2034.127ms frontier=485.775ms semisort=1071.726ms (keyed= 0.000ms group_by=259.121ms per_group=219.608ms)
[pe] round=  5 work=  1048576 frontier=  1048576 next=   524288 consolidate=998.263ms frontier=254.170ms semisort=534.900ms (keyed= 0.000ms group_by=125.895ms per_group=101.433ms)
[pe] round=  6 work=   524288 frontier=   524288 next=   262144 consolidate=497.170ms frontier=105.483ms semisort=288.550ms (keyed= 0.000ms group_by= 62.199ms per_group=51.224ms)
[pe] round=  7 work=   262144 frontier=   262144 next=   131072 consolidate=237.000ms frontier= 43.793ms semisort=125.345ms (keyed= 0.000ms group_by= 29.968ms per_group=22.879ms)
[pe] round=  8 work=   131072 frontier=   131072 next=    65536 consolidate=112.017ms frontier= 16.231ms semisort= 57.654ms (keyed= 0.000ms group_by= 14.298ms per_group= 9.208ms)
[pe] round=  9 work=    65536 frontier=    65536 next=    32768 consolidate= 51.767ms frontier=  7.606ms semisort= 27.301ms (keyed= 0.000ms group_by=  8.657ms per_group= 4.440ms)
[pe] round= 10 work=    32768 frontier=    32768 next=    16384 consolidate= 20.482ms frontier=  3.729ms semisort= 11.739ms (keyed= 0.000ms group_by=  4.295ms per_group= 2.220ms)
[pe] round= 11 work=    16384 frontier=    16384 next=     8192 consolidate=  9.415ms frontier=  1.789ms semisort=  5.539ms (keyed= 0.000ms group_by=  1.948ms per_group= 1.114ms)
[pe] round= 12 work=     8192 frontier=     8192 next=     4096 consolidate=  4.675ms frontier=  0.823ms semisort=  2.617ms (keyed= 0.000ms group_by=  0.827ms per_group= 0.663ms)
[pe] round= 13 work=     4096 frontier=     4096 next=     2048 consolidate=  2.295ms frontier=  0.373ms semisort=  1.208ms (keyed= 0.000ms group_by=  0.341ms per_group= 0.296ms)
[pe] round= 14 work=     2048 frontier=     2048 next=     1024 consolidate=  1.164ms frontier=  0.169ms semisort=  0.643ms (keyed= 0.000ms group_by=  0.175ms per_group= 0.139ms)
[pe] round= 15 work=     1024 frontier=     1024 next=      512 consolidate=  0.579ms frontier=  0.076ms semisort=  0.267ms (keyed= 0.000ms group_by=  0.081ms per_group= 0.062ms)
[pe] round= 16 work=      512 frontier=      512 next=      256 consolidate=  0.281ms frontier=  0.033ms semisort=  0.134ms (keyed= 0.000ms group_by=  0.041ms per_group= 0.030ms)
[pe] round= 17 work=      256 frontier=      256 next=      128 consolidate=  0.140ms frontier=  0.017ms semisort=  0.063ms (keyed= 0.000ms group_by=  0.022ms per_group= 0.015ms)
[pe] round= 18 work=      128 frontier=      128 next=       64 consolidate=  0.069ms frontier=  0.009ms semisort=  0.033ms (keyed= 0.000ms group_by=  0.012ms per_group= 0.008ms)
[pe] round= 19 work=       64 frontier=       64 next=       32 consolidate=  0.033ms frontier=  0.005ms semisort=  0.018ms (keyed= 0.000ms group_by=  0.007ms per_group= 0.004ms)
[pe] round= 20 work=       32 frontier=       32 next=       16 consolidate=  0.017ms frontier=  0.003ms semisort=  0.012ms (keyed= 0.000ms group_by=  0.005ms per_group= 0.003ms)
[pe] round= 21 work=       16 frontier=       16 next=        8 consolidate=  0.009ms frontier=  0.002ms semisort=  0.008ms (keyed= 0.000ms group_by=  0.004ms per_group= 0.002ms)
[pe] round= 22 work=        8 frontier=        8 next=        4 consolidate=  0.005ms frontier=  0.002ms semisort=  0.006ms (keyed= 0.000ms group_by=  0.003ms per_group= 0.001ms)
[pe] round= 23 work=        4 frontier=        4 next=        2 consolidate=  0.003ms frontier=  0.001ms semisort=  0.005ms (keyed= 0.000ms group_by=  0.003ms per_group= 0.001ms)
[pe] round= 24 work=        2 frontier=        0 next=        0 consolidate=  0.002ms frontier=  0.001ms semisort=  0.000ms (break)
[pe] round=  0 work=      106 frontier= 63123848 next= 15780962 consolidate= 75.765ms frontier=145.145ms semisort=20692.009ms (keyed= 0.000ms group_by=8157.310ms per_group=3399.911ms)
[pe] round=  1 work= 15780962 frontier= 15780962 next=  7392354 consolidate=15019.456ms frontier=3535.290ms semisort=9974.474ms (keyed= 0.000ms group_by=2966.118ms per_group=1398.765ms)
[pe] round=  2 work=  7392354 frontier=  7392354 next=  4194304 consolidate=7076.759ms frontier=1743.901ms semisort=4571.255ms (keyed= 0.000ms group_by=1301.510ms per_group=1035.588ms)
[pe] round=  3 work=  4194304 frontier=  4194304 next=  2097152 consolidate=3992.224ms frontier=1003.360ms semisort=2250.642ms (keyed= 0.000ms group_by=683.456ms per_group=375.325ms)
[pe] round=  4 work=  2097152 frontier=  2097152 next=  1048576 consolidate=2023.067ms frontier=488.039ms semisort=1068.321ms (keyed= 0.000ms group_by=269.826ms per_group=205.153ms)
[pe] round=  5 work=  1048576 frontier=  1048576 next=   524288 consolidate=1003.246ms frontier=244.351ms semisort=529.377ms (keyed= 0.000ms group_by=124.617ms per_group=101.503ms)
[pe] round=  6 work=   524288 frontier=   524288 next=   262144 consolidate=516.681ms frontier=114.993ms semisort=279.941ms (keyed= 0.000ms group_by= 62.043ms per_group=51.488ms)
[pe] round=  7 work=   262144 frontier=   262144 next=   131072 consolidate=240.298ms frontier= 46.261ms semisort=121.114ms (keyed= 0.000ms group_by= 30.106ms per_group=22.724ms)
[pe] round=  8 work=   131072 frontier=   131072 next=    65536 consolidate=111.593ms frontier= 17.260ms semisort= 58.857ms (keyed= 0.000ms group_by= 14.355ms per_group= 9.044ms)
[pe] round=  9 work=    65536 frontier=    65536 next=    32768 consolidate= 53.716ms frontier=  7.631ms semisort= 27.799ms (keyed= 0.000ms group_by=  8.679ms per_group= 4.414ms)
[pe] round= 10 work=    32768 frontier=    32768 next=    16384 consolidate= 20.973ms frontier=  3.748ms semisort= 11.572ms (keyed= 0.000ms group_by=  4.302ms per_group= 2.234ms)
[pe] round= 11 work=    16384 frontier=    16384 next=     8192 consolidate=  9.506ms frontier=  1.799ms semisort=  5.479ms (keyed= 0.000ms group_by=  1.904ms per_group= 1.118ms)
[pe] round= 12 work=     8192 frontier=     8192 next=     4096 consolidate=  4.737ms frontier=  0.820ms semisort=  2.664ms (keyed= 0.000ms group_by=  0.832ms per_group= 0.698ms)
[pe] round= 13 work=     4096 frontier=     4096 next=     2048 consolidate=  2.330ms frontier=  0.374ms semisort=  1.238ms (keyed= 0.000ms group_by=  0.338ms per_group= 0.320ms)
[pe] round= 14 work=     2048 frontier=     2048 next=     1024 consolidate=  1.225ms frontier=  0.174ms semisort=  0.622ms (keyed= 0.000ms group_by=  0.163ms per_group= 0.146ms)
[pe] round= 15 work=     1024 frontier=     1024 next=      512 consolidate=  0.585ms frontier=  0.077ms semisort=  0.292ms (keyed= 0.000ms group_by=  0.085ms per_group= 0.081ms)
[pe] round= 16 work=      512 frontier=      512 next=      256 consolidate=  0.286ms frontier=  0.033ms semisort=  0.133ms (keyed= 0.000ms group_by=  0.041ms per_group= 0.030ms)
[pe] round= 17 work=      256 frontier=      256 next=      128 consolidate=  0.144ms frontier=  0.017ms semisort=  0.063ms (keyed= 0.000ms group_by=  0.022ms per_group= 0.015ms)
[pe] round= 18 work=      128 frontier=      128 next=       64 consolidate=  0.070ms frontier=  0.009ms semisort=  0.035ms (keyed= 0.000ms group_by=  0.013ms per_group= 0.009ms)
[pe] round= 19 work=       64 frontier=       64 next=       32 consolidate=  0.034ms frontier=  0.005ms semisort=  0.020ms (keyed= 0.000ms group_by=  0.008ms per_group= 0.005ms)
[pe] round= 20 work=       32 frontier=       32 next=       16 consolidate=  0.018ms frontier=  0.003ms semisort=  0.012ms (keyed= 0.000ms group_by=  0.005ms per_group= 0.003ms)
[pe] round= 21 work=       16 frontier=       16 next=        8 consolidate=  0.010ms frontier=  0.002ms semisort=  0.008ms (keyed= 0.000ms group_by=  0.004ms per_group= 0.002ms)
[pe] round= 22 work=        8 frontier=        8 next=        4 consolidate=  0.006ms frontier=  0.002ms semisort=  0.006ms (keyed= 0.000ms group_by=  0.003ms per_group= 0.001ms)
[pe] round= 23 work=        4 frontier=        4 next=        2 consolidate=  0.003ms frontier=  0.001ms semisort=  0.005ms (keyed= 0.000ms group_by=  0.003ms per_group= 0.001ms)
[pe] round= 24 work=        2 frontier=        0 next=        0 consolidate=  0.002ms frontier=  0.001ms semisort=  0.000ms (break)
[pe] round=  0 work=      106 frontier= 63123848 next= 15780962 consolidate= 75.867ms frontier=143.008ms semisort=21033.211ms (keyed= 0.000ms group_by=8208.983ms per_group=3625.290ms)
[pe] round=  1 work= 15780962 frontier= 15780962 next=  7392354 consolidate=15086.279ms frontier=3541.427ms semisort=9989.542ms (keyed= 0.000ms group_by=2995.108ms per_group=1417.002ms)
[pe] round=  2 work=  7392354 frontier=  7392354 next=  4194304 consolidate=7063.524ms frontier=1724.777ms semisort=4461.020ms (keyed= 0.000ms group_by=1292.748ms per_group=929.288ms)
[pe] round=  3 work=  4194304 frontier=  4194304 next=  2097152 consolidate=4012.597ms frontier=1001.075ms semisort=2277.526ms (keyed= 0.000ms group_by=683.279ms per_group=395.154ms)
[pe] round=  4 work=  2097152 frontier=  2097152 next=  1048576 consolidate=2006.130ms frontier=487.175ms semisort=1060.056ms (keyed= 0.000ms group_by=257.855ms per_group=196.567ms)
[pe] round=  5 work=  1048576 frontier=  1048576 next=   524288 consolidate=1018.697ms frontier=243.743ms semisort=558.015ms (keyed= 0.001ms group_by=124.665ms per_group=122.081ms)
[pe] round=  6 work=   524288 frontier=   524288 next=   262144 consolidate=494.307ms frontier=105.547ms semisort=277.346ms (keyed= 0.000ms group_by= 62.004ms per_group=49.872ms)
[pe] round=  7 work=   262144 frontier=   262144 next=   131072 consolidate=237.187ms frontier= 43.301ms semisort=123.961ms (keyed= 0.000ms group_by= 29.949ms per_group=23.173ms)
[pe] round=  8 work=   131072 frontier=   131072 next=    65536 consolidate=135.541ms frontier= 19.671ms semisort= 58.151ms (keyed= 0.000ms group_by= 14.442ms per_group= 9.234ms)
[pe] round=  9 work=    65536 frontier=    65536 next=    32768 consolidate= 51.155ms frontier=  7.521ms semisort= 27.203ms (keyed= 0.000ms group_by=  8.648ms per_group= 4.440ms)
[pe] round= 10 work=    32768 frontier=    32768 next=    16384 consolidate= 20.468ms frontier=  3.698ms semisort= 11.680ms (keyed= 0.000ms group_by=  4.313ms per_group= 2.214ms)
[pe] round= 11 work=    16384 frontier=    16384 next=     8192 consolidate=  9.497ms frontier=  1.771ms semisort=  5.601ms (keyed= 0.000ms group_by=  1.914ms per_group= 1.124ms)
[pe] round= 12 work=     8192 frontier=     8192 next=     4096 consolidate=  4.773ms frontier=  0.828ms semisort=  2.637ms (keyed= 0.000ms group_by=  0.894ms per_group= 0.619ms)
[pe] round= 13 work=     4096 frontier=     4096 next=     2048 consolidate=  2.369ms frontier=  0.373ms semisort=  1.201ms (keyed= 0.000ms group_by=  0.344ms per_group= 0.282ms)
[pe] round= 14 work=     2048 frontier=     2048 next=     1024 consolidate=  1.176ms frontier=  0.173ms semisort=  0.616ms (keyed= 0.000ms group_by=  0.169ms per_group= 0.132ms)
[pe] round= 15 work=     1024 frontier=     1024 next=      512 consolidate=  0.591ms frontier=  0.077ms semisort=  0.288ms (keyed= 0.000ms group_by=  0.085ms per_group= 0.077ms)
[pe] round= 16 work=      512 frontier=      512 next=      256 consolidate=  0.298ms frontier=  0.033ms semisort=  0.134ms (keyed= 0.000ms group_by=  0.041ms per_group= 0.030ms)
[pe] round= 17 work=      256 frontier=      256 next=      128 consolidate=  0.143ms frontier=  0.017ms semisort=  0.063ms (keyed= 0.000ms group_by=  0.022ms per_group= 0.015ms)
[pe] round= 18 work=      128 frontier=      128 next=       64 consolidate=  0.070ms frontier=  0.009ms semisort=  0.034ms (keyed= 0.000ms group_by=  0.012ms per_group= 0.009ms)
[pe] round= 19 work=       64 frontier=       64 next=       32 consolidate=  0.035ms frontier=  0.005ms semisort=  0.019ms (keyed= 0.000ms group_by=  0.008ms per_group= 0.005ms)
[pe] round= 20 work=       32 frontier=       32 next=       16 consolidate=  0.017ms frontier=  0.003ms semisort=  0.012ms (keyed= 0.000ms group_by=  0.005ms per_group= 0.003ms)
[pe] round= 21 work=       16 frontier=       16 next=        8 consolidate=  0.009ms frontier=  0.002ms semisort=  0.008ms (keyed= 0.000ms group_by=  0.004ms per_group= 0.002ms)
[pe] round= 22 work=        8 frontier=        8 next=        4 consolidate=  0.005ms frontier=  0.002ms semisort=  0.006ms (keyed= 0.000ms group_by=  0.003ms per_group= 0.001ms)
[pe] round= 23 work=        4 frontier=        4 next=        2 consolidate=  0.003ms frontier=  0.001ms semisort=  0.005ms (keyed= 0.000ms group_by=  0.003ms per_group= 0.001ms)
[pe] round= 24 work=        2 frontier=        0 next=        0 consolidate=  0.002ms frontier=  0.001ms semisort=  0.000ms (break)
[pe] round=  0 work=      106 frontier= 63123848 next= 15780962 consolidate= 76.012ms frontier=143.394ms semisort=20674.664ms (keyed= 0.000ms group_by=8189.692ms per_group=3374.024ms)
[pe] round=  1 work= 15780962 frontier= 15780962 next=  7392354 consolidate=14999.219ms frontier=3523.330ms semisort=9986.105ms (keyed= 0.000ms group_by=3009.838ms per_group=1417.569ms)
[pe] round=  2 work=  7392354 frontier=  7392354 next=  4194304 consolidate=7068.284ms frontier=1708.898ms semisort=4570.012ms (keyed= 0.000ms group_by=1287.993ms per_group=1033.705ms)
[pe] round=  3 work=  4194304 frontier=  4194304 next=  2097152 consolidate=4019.923ms frontier=981.216ms semisort=2242.897ms (keyed= 0.000ms group_by=681.889ms per_group=376.685ms)
[pe] round=  4 work=  2097152 frontier=  2097152 next=  1048576 consolidate=2000.570ms frontier=504.652ms semisort=1059.112ms (keyed= 0.000ms group_by=258.345ms per_group=203.243ms)
[pe] round=  5 work=  1048576 frontier=  1048576 next=   524288 consolidate=1008.601ms frontier=241.058ms semisort=529.035ms (keyed= 0.000ms group_by=125.066ms per_group=101.622ms)
[pe] round=  6 work=   524288 frontier=   524288 next=   262144 consolidate=515.875ms frontier=115.565ms semisort=279.265ms (keyed= 0.000ms group_by= 62.051ms per_group=51.299ms)
[pe] round=  7 work=   262144 frontier=   262144 next=   131072 consolidate=239.414ms frontier= 46.404ms semisort=121.104ms (keyed= 0.000ms group_by= 30.100ms per_group=22.704ms)
[pe] round=  8 work=   131072 frontier=   131072 next=    65536 consolidate=112.957ms frontier= 17.129ms semisort= 57.498ms (keyed= 0.000ms group_by= 14.411ms per_group= 9.066ms)
[pe] round=  9 work=    65536 frontier=    65536 next=    32768 consolidate= 53.737ms frontier=  7.432ms semisort= 27.886ms (keyed= 0.001ms group_by=  8.645ms per_group= 4.457ms)
[pe] round= 10 work=    32768 frontier=    32768 next=    16384 consolidate= 22.775ms frontier=  3.568ms semisort= 22.678ms (keyed= 0.000ms group_by=  4.398ms per_group= 2.231ms)
[pe] round= 11 work=    16384 frontier=    16384 next=     8192 consolidate= 11.208ms frontier=  1.843ms semisort=  5.830ms (keyed= 0.000ms group_by=  2.135ms per_group= 1.120ms)
[pe] round= 12 work=     8192 frontier=     8192 next=     4096 consolidate=  4.877ms frontier=  0.851ms semisort=  2.691ms (keyed= 0.000ms group_by=  0.909ms per_group= 0.617ms)
[pe] round= 13 work=     4096 frontier=     4096 next=     2048 consolidate=  2.408ms frontier=  0.390ms semisort=  1.201ms (keyed= 0.000ms group_by=  0.344ms per_group= 0.291ms)
[pe] round= 14 work=     2048 frontier=     2048 next=     1024 consolidate=  1.197ms frontier=  0.180ms semisort=  0.624ms (keyed= 0.000ms group_by=  0.168ms per_group= 0.141ms)
[pe] round= 15 work=     1024 frontier=     1024 next=      512 consolidate=  0.641ms frontier=  0.092ms semisort=  0.266ms (keyed= 0.000ms group_by=  0.082ms per_group= 0.062ms)
[pe] round= 16 work=      512 frontier=      512 next=      256 consolidate=  0.293ms frontier=  0.033ms semisort=  0.136ms (keyed= 0.000ms group_by=  0.041ms per_group= 0.030ms)
[pe] round= 17 work=      256 frontier=      256 next=      128 consolidate=  0.148ms frontier=  0.017ms semisort=  0.064ms (keyed= 0.000ms group_by=  0.022ms per_group= 0.015ms)
[pe] round= 18 work=      128 frontier=      128 next=       64 consolidate=  0.072ms frontier=  0.009ms semisort=  0.034ms (keyed= 0.000ms group_by=  0.013ms per_group= 0.009ms)
[pe] round= 19 work=       64 frontier=       64 next=       32 consolidate=  0.035ms frontier=  0.005ms semisort=  0.018ms (keyed= 0.000ms group_by=  0.007ms per_group= 0.004ms)
[pe] round= 20 work=       32 frontier=       32 next=       16 consolidate=  0.018ms frontier=  0.003ms semisort=  0.012ms (keyed= 0.000ms group_by=  0.005ms per_group= 0.003ms)
[pe] round= 21 work=       16 frontier=       16 next=        8 consolidate=  0.010ms frontier=  0.002ms semisort=  0.008ms (keyed= 0.000ms group_by=  0.004ms per_group= 0.002ms)
[pe] round= 22 work=        8 frontier=        8 next=        4 consolidate=  0.005ms frontier=  0.002ms semisort=  0.006ms (keyed= 0.000ms group_by=  0.003ms per_group= 0.001ms)
[pe] round= 23 work=        4 frontier=        4 next=        2 consolidate=  0.003ms frontier=  0.001ms semisort=  0.005ms (keyed= 0.000ms group_by=  0.003ms per_group= 0.001ms)
[pe] round= 24 work=        2 frontier=        0 next=        0 consolidate=  0.002ms frontier=  0.001ms semisort=  0.000ms (break)
[pe] round=  0 work=      106 frontier= 63123848 next= 15780962 consolidate= 76.017ms frontier=154.721ms semisort=21051.830ms (keyed= 0.000ms group_by=8232.575ms per_group=3652.129ms)
[pe] round=  1 work= 15780962 frontier= 15780962 next=  7392354 consolidate=15027.698ms frontier=3544.479ms semisort=10010.182ms (keyed= 0.000ms group_by=3009.076ms per_group=1430.712ms)
[pe] round=  2 work=  7392354 frontier=  7392354 next=  4194304 consolidate=7086.701ms frontier=1723.481ms semisort=4484.221ms (keyed= 0.000ms group_by=1296.609ms per_group=956.474ms)
[pe] round=  3 work=  4194304 frontier=  4194304 next=  2097152 consolidate=4040.229ms frontier=978.661ms semisort=2272.714ms (keyed= 0.002ms group_by=691.651ms per_group=396.223ms)
[pe] round=  4 work=  2097152 frontier=  2097152 next=  1048576 consolidate=2019.391ms frontier=498.468ms semisort=1069.985ms (keyed= 0.000ms group_by=263.288ms per_group=210.996ms)
[pe] round=  5 work=  1048576 frontier=  1048576 next=   524288 consolidate=996.535ms frontier=245.221ms semisort=549.389ms (keyed= 0.000ms group_by=126.779ms per_group=106.998ms)
[pe] round=  6 work=   524288 frontier=   524288 next=   262144 consolidate=495.187ms frontier=115.054ms semisort=279.805ms (keyed= 0.000ms group_by= 61.919ms per_group=50.354ms)
[pe] round=  7 work=   262144 frontier=   262144 next=   131072 consolidate=238.252ms frontier= 46.331ms semisort=122.962ms (keyed= 0.000ms group_by= 30.029ms per_group=22.989ms)
[pe] round=  8 work=   131072 frontier=   131072 next=    65536 consolidate=112.827ms frontier= 17.231ms semisort= 59.700ms (keyed= 0.000ms group_by= 15.712ms per_group= 9.690ms)
[pe] round=  9 work=    65536 frontier=    65536 next=    32768 consolidate= 53.861ms frontier=  7.557ms semisort= 28.114ms (keyed= 0.000ms group_by=  8.745ms per_group= 4.437ms)
[pe] round= 10 work=    32768 frontier=    32768 next=    16384 consolidate= 21.243ms frontier=  3.624ms semisort= 11.664ms (keyed= 0.000ms group_by=  4.330ms per_group= 2.234ms)
[pe] round= 11 work=    16384 frontier=    16384 next=     8192 consolidate=  9.515ms frontier=  1.799ms semisort=  5.475ms (keyed= 0.000ms group_by=  1.870ms per_group= 1.112ms)
[pe] round= 12 work=     8192 frontier=     8192 next=     4096 consolidate=  4.756ms frontier=  0.835ms semisort=  2.714ms (keyed= 0.000ms group_by=  0.837ms per_group= 0.713ms)
[pe] round= 13 work=     4096 frontier=     4096 next=     2048 consolidate=  2.370ms frontier=  0.377ms semisort=  1.249ms (keyed= 0.000ms group_by=  0.345ms per_group= 0.325ms)
[pe] round= 14 work=     2048 frontier=     2048 next=     1024 consolidate=  1.213ms frontier=  0.170ms semisort=  0.630ms (keyed= 0.000ms group_by=  0.164ms per_group= 0.148ms)
[pe] round= 15 work=     1024 frontier=     1024 next=      512 consolidate=  0.591ms frontier=  0.077ms semisort=  0.282ms (keyed= 0.000ms group_by=  0.084ms per_group= 0.074ms)
[pe] round= 16 work=      512 frontier=      512 next=      256 consolidate=  0.289ms frontier=  0.033ms semisort=  0.134ms (keyed= 0.000ms group_by=  0.041ms per_group= 0.030ms)
[pe] round= 17 work=      256 frontier=      256 next=      128 consolidate=  0.145ms frontier=  0.017ms semisort=  0.064ms (keyed= 0.000ms group_by=  0.022ms per_group= 0.015ms)
[pe] round= 18 work=      128 frontier=      128 next=       64 consolidate=  0.074ms frontier=  0.009ms semisort=  0.034ms (keyed= 0.000ms group_by=  0.012ms per_group= 0.008ms)
[pe] round= 19 work=       64 frontier=       64 next=       32 consolidate=  0.034ms frontier=  0.005ms semisort=  0.019ms (keyed= 0.000ms group_by=  0.007ms per_group= 0.005ms)
[pe] round= 20 work=       32 frontier=       32 next=       16 consolidate=  0.017ms frontier=  0.003ms semisort=  0.012ms (keyed= 0.000ms group_by=  0.005ms per_group= 0.003ms)
[pe] round= 21 work=       16 frontier=       16 next=        8 consolidate=  0.009ms frontier=  0.002ms semisort=  0.009ms (keyed= 0.000ms group_by=  0.004ms per_group= 0.002ms)
[pe] round= 22 work=        8 frontier=        8 next=        4 consolidate=  0.005ms frontier=  0.002ms semisort=  0.006ms (keyed= 0.000ms group_by=  0.003ms per_group= 0.001ms)
[pe] round= 23 work=        4 frontier=        4 next=        2 consolidate=  0.003ms frontier=  0.001ms semisort=  0.005ms (keyed= 0.000ms group_by=  0.003ms per_group= 0.001ms)
[pe] round= 24 work=        2 frontier=        0 next=        0 consolidate=  0.002ms frontier=  0.001ms semisort=  0.000ms (break)
