[synthetic_bench] quartic n=53 d=2 classes=31562028 merges=53 ...
[pe] round=  0 work=      106 frontier= 63123848 next= 15780962 consolidate= 21.742ms frontier= 23.989ms semisort=948.803ms (keyed= 0.000ms group_by=416.157ms per_group=79.339ms)
[pe] round=  1 work= 15780962 frontier= 15780962 next=  7392354 consolidate=221.421ms frontier= 59.168ms semisort=325.584ms (keyed= 0.000ms group_by= 83.317ms per_group=31.043ms)
[pe] round=  2 work=  7392354 frontier=  7392354 next=  4194304 consolidate=122.252ms frontier= 33.057ms semisort=108.294ms (keyed= 0.000ms group_by= 28.458ms per_group=24.556ms)
[pe] round=  3 work=  4194304 frontier=  4194304 next=  2097152 consolidate= 55.342ms frontier= 23.030ms semisort= 50.677ms (keyed= 0.000ms group_by= 12.117ms per_group= 9.491ms)
[pe] round=  4 work=  2097152 frontier=  2097152 next=  1048576 consolidate= 37.573ms frontier= 10.659ms semisort= 28.233ms (keyed= 0.000ms group_by=  6.762ms per_group= 6.143ms)
[pe] round=  5 work=  1048576 frontier=  1048576 next=   524288 consolidate= 23.623ms frontier=  5.857ms semisort= 15.255ms (keyed= 0.000ms group_by=  2.961ms per_group= 2.639ms)
[pe] round=  6 work=   524288 frontier=   524288 next=   262144 consolidate= 21.977ms frontier=  3.216ms semisort=  8.560ms (keyed= 0.000ms group_by=  1.872ms per_group= 1.420ms)
[pe] round=  7 work=   262144 frontier=   262144 next=   131072 consolidate=  6.208ms frontier=  1.680ms semisort=  4.689ms (keyed= 0.000ms group_by=  1.278ms per_group= 0.814ms)
[pe] round=  8 work=   131072 frontier=   131072 next=    65536 consolidate=  2.939ms frontier=  0.884ms semisort=  2.638ms (keyed= 0.000ms group_by=  0.812ms per_group= 0.440ms)
[pe] round=  9 work=    65536 frontier=    65536 next=    32768 consolidate=  1.522ms frontier=  0.620ms semisort=  8.316ms (keyed= 0.000ms group_by=  7.377ms per_group= 0.266ms)
[pe] round= 10 work=    32768 frontier=    32768 next=    16384 consolidate=  0.861ms frontier=  0.369ms semisort=  4.007ms (keyed= 0.000ms group_by=  3.434ms per_group= 0.169ms)
[pe] round= 11 work=    16384 frontier=    16384 next=     8192 consolidate=  2.828ms frontier=  0.281ms semisort=  2.123ms (keyed= 0.000ms group_by=  1.695ms per_group= 0.125ms)
[pe] round= 12 work=     8192 frontier=     8192 next=     4096 consolidate=  1.359ms frontier=  0.348ms semisort=  1.041ms (keyed= 0.000ms group_by=  0.651ms per_group= 0.074ms)
[pe] round= 13 work=     4096 frontier=     4096 next=     2048 consolidate=  0.721ms frontier=  0.181ms semisort=  0.680ms (keyed= 0.000ms group_by=  0.328ms per_group= 0.167ms)
[pe] round= 14 work=     2048 frontier=     2048 next=     1024 consolidate=  0.414ms frontier=  0.115ms semisort=  0.424ms (keyed= 0.000ms group_by=  0.233ms per_group= 0.052ms)
[pe] round= 15 work=     1024 frontier=     1024 next=      512 consolidate=  0.221ms frontier=  0.075ms semisort=  0.254ms (keyed= 0.000ms group_by=  0.100ms per_group= 0.052ms)
[pe] round= 16 work=      512 frontier=      512 next=      256 consolidate=  0.155ms frontier=  0.054ms semisort=  0.163ms (keyed= 0.000ms group_by=  0.057ms per_group= 0.039ms)
[pe] round= 17 work=      256 frontier=      256 next=      128 consolidate=  0.134ms frontier=  0.056ms semisort=  0.131ms (keyed= 0.000ms group_by=  0.039ms per_group= 0.033ms)
[pe] round= 18 work=      128 frontier=      128 next=       64 consolidate=  0.072ms frontier=  0.031ms semisort=  0.115ms (keyed= 0.000ms group_by=  0.034ms per_group= 0.039ms)
[pe] round= 19 work=       64 frontier=       64 next=       32 consolidate=  0.071ms frontier=  0.022ms semisort=  0.073ms (keyed= 0.000ms group_by=  0.021ms per_group= 0.028ms)
[pe] round= 20 work=       32 frontier=       32 next=       16 consolidate=  0.037ms frontier=  0.016ms semisort=  0.024ms (keyed= 0.000ms group_by=  0.012ms per_group= 0.005ms)
[pe] round= 21 work=       16 frontier=       16 next=        8 consolidate=  0.020ms frontier=  0.006ms semisort=  0.016ms (keyed= 0.000ms group_by=  0.008ms per_group= 0.004ms)
[pe] round= 22 work=        8 frontier=        8 next=        4 consolidate=  0.015ms frontier=  0.003ms semisort=  0.012ms (keyed= 0.000ms group_by=  0.007ms per_group= 0.002ms)
[pe] round= 23 work=        4 frontier=        4 next=        2 consolidate=  0.007ms frontier=  0.002ms semisort=  0.009ms (keyed= 0.000ms group_by=  0.006ms per_group= 0.001ms)
[pe] round= 24 work=        2 frontier=        0 next=        0 consolidate=  0.004ms frontier=  0.002ms semisort=  0.000ms (break)
[pe] round=  0 work=      106 frontier= 63123848 next= 15780962 consolidate=  4.571ms frontier=  9.908ms semisort=501.558ms (keyed= 0.000ms group_by=230.074ms per_group=68.097ms)
[pe] round=  1 work= 15780962 frontier= 15780962 next=  7392354 consolidate=172.603ms frontier= 67.033ms semisort=312.343ms (keyed= 0.000ms group_by=141.431ms per_group=50.723ms)
[pe] round=  2 work=  7392354 frontier=  7392354 next=  4194304 consolidate= 97.077ms frontier= 32.784ms semisort=134.207ms (keyed= 0.000ms group_by= 46.242ms per_group=33.083ms)
[pe] round=  3 work=  4194304 frontier=  4194304 next=  2097152 consolidate= 54.112ms frontier= 26.377ms semisort= 49.522ms (keyed= 0.000ms group_by= 11.659ms per_group= 7.976ms)
[pe] round=  4 work=  2097152 frontier=  2097152 next=  1048576 consolidate= 35.252ms frontier= 14.285ms semisort= 31.810ms (keyed= 0.000ms group_by=  6.466ms per_group= 9.010ms)
[pe] round=  5 work=  1048576 frontier=  1048576 next=   524288 consolidate= 23.098ms frontier= 10.172ms semisort= 21.147ms (keyed= 0.000ms group_by=  2.918ms per_group= 9.189ms)
[pe] round=  6 work=   524288 frontier=   524288 next=   262144 consolidate= 12.698ms frontier=  2.856ms semisort=  8.213ms (keyed= 0.000ms group_by=  1.845ms per_group= 1.282ms)
[pe] round=  7 work=   262144 frontier=   262144 next=   131072 consolidate=  6.160ms frontier=  1.528ms semisort=  4.379ms (keyed= 0.000ms group_by=  1.230ms per_group= 0.736ms)
[pe] round=  8 work=   131072 frontier=   131072 next=    65536 consolidate=  2.893ms frontier=  1.128ms semisort=  2.498ms (keyed= 0.000ms group_by=  0.854ms per_group= 0.430ms)
[pe] round=  9 work=    65536 frontier=    65536 next=    32768 consolidate=  1.495ms frontier=  0.538ms semisort=  8.108ms (keyed= 0.000ms group_by=  7.241ms per_group= 0.247ms)
[pe] round= 10 work=    32768 frontier=    32768 next=    16384 consolidate=  0.874ms frontier=  0.363ms semisort=  4.037ms (keyed= 0.000ms group_by=  3.488ms per_group= 0.166ms)
[pe] round= 11 work=    16384 frontier=    16384 next=     8192 consolidate=  2.623ms frontier=  0.267ms semisort=  2.031ms (keyed= 0.000ms group_by=  1.668ms per_group= 0.113ms)
[pe] round= 12 work=     8192 frontier=     8192 next=     4096 consolidate=  1.403ms frontier=  0.348ms semisort=  1.075ms (keyed= 0.000ms group_by=  0.650ms per_group= 0.075ms)
[pe] round= 13 work=     4096 frontier=     4096 next=     2048 consolidate=  0.790ms frontier=  0.184ms semisort=  0.590ms (keyed= 0.000ms group_by=  0.341ms per_group= 0.056ms)
[pe] round= 14 work=     2048 frontier=     2048 next=     1024 consolidate=  0.371ms frontier=  0.110ms semisort=  0.376ms (keyed= 0.000ms group_by=  0.198ms per_group= 0.049ms)
[pe] round= 15 work=     1024 frontier=     1024 next=      512 consolidate=  0.233ms frontier=  0.074ms semisort=  0.241ms (keyed= 0.000ms group_by=  0.102ms per_group= 0.044ms)
[pe] round= 16 work=      512 frontier=      512 next=      256 consolidate=  0.142ms frontier=  0.052ms semisort=  0.187ms (keyed= 0.000ms group_by=  0.062ms per_group= 0.049ms)
[pe] round= 17 work=      256 frontier=      256 next=      128 consolidate=  0.113ms frontier=  0.050ms semisort=  0.134ms (keyed= 0.000ms group_by=  0.038ms per_group= 0.033ms)
[pe] round= 18 work=      128 frontier=      128 next=       64 consolidate=  0.078ms frontier=  0.029ms semisort=  0.088ms (keyed= 0.000ms group_by=  0.033ms per_group= 0.023ms)
[pe] round= 19 work=       64 frontier=       64 next=       32 consolidate=  0.071ms frontier=  0.024ms semisort=  0.060ms (keyed= 0.000ms group_by=  0.023ms per_group= 0.015ms)
[pe] round= 20 work=       32 frontier=       32 next=       16 consolidate=  0.030ms frontier=  0.010ms semisort=  0.031ms (keyed= 0.000ms group_by=  0.013ms per_group= 0.007ms)
[pe] round= 21 work=       16 frontier=       16 next=        8 consolidate=  0.025ms frontier=  0.006ms semisort=  0.016ms (keyed= 0.000ms group_by=  0.009ms per_group= 0.003ms)
[pe] round= 22 work=        8 frontier=        8 next=        4 consolidate=  0.014ms frontier=  0.003ms semisort=  0.012ms (keyed= 0.000ms group_by=  0.007ms per_group= 0.002ms)
[pe] round= 23 work=        4 frontier=        4 next=        2 consolidate=  0.007ms frontier=  0.002ms semisort=  0.009ms (keyed= 0.000ms group_by=  0.006ms per_group= 0.001ms)
[pe] round= 24 work=        2 frontier=        0 next=        0 consolidate=  0.004ms frontier=  0.002ms semisort=  0.000ms (break)
[pe] round=  0 work=      106 frontier= 63123848 next= 15780962 consolidate= 56.865ms frontier= 48.153ms semisort=409.581ms (keyed= 0.000ms group_by=140.878ms per_group=71.847ms)
[pe] round=  1 work= 15780962 frontier= 15780962 next=  7392354 consolidate=181.588ms frontier= 55.937ms semisort=222.518ms (keyed= 0.000ms group_by= 76.649ms per_group=29.989ms)
[pe] round=  2 work=  7392354 frontier=  7392354 next=  4194304 consolidate= 95.547ms frontier= 31.212ms semisort= 94.555ms (keyed= 0.000ms group_by= 23.547ms per_group=17.362ms)
[pe] round=  3 work=  4194304 frontier=  4194304 next=  2097152 consolidate= 59.370ms frontier= 20.184ms semisort= 53.709ms (keyed= 0.000ms group_by= 12.072ms per_group= 9.176ms)
[pe] round=  4 work=  2097152 frontier=  2097152 next=  1048576 consolidate= 36.271ms frontier= 11.405ms semisort= 32.036ms (keyed= 0.000ms group_by=  6.333ms per_group= 9.108ms)
[pe] round=  5 work=  1048576 frontier=  1048576 next=   524288 consolidate= 25.063ms frontier=  5.900ms semisort= 16.575ms (keyed= 0.000ms group_by=  2.994ms per_group= 2.686ms)
[pe] round=  6 work=   524288 frontier=   524288 next=   262144 consolidate= 12.089ms frontier=  2.830ms semisort=  8.619ms (keyed= 0.000ms group_by=  1.817ms per_group= 1.417ms)
[pe] round=  7 work=   262144 frontier=   262144 next=   131072 consolidate=  6.319ms frontier=  1.555ms semisort=  4.618ms (keyed= 0.000ms group_by=  1.222ms per_group= 0.824ms)
[pe] round=  8 work=   131072 frontier=   131072 next=    65536 consolidate=  2.948ms frontier=  1.747ms semisort=  2.574ms (keyed= 0.000ms group_by=  0.847ms per_group= 0.456ms)
[pe] round=  9 work=    65536 frontier=    65536 next=    32768 consolidate=  1.473ms frontier=  0.539ms semisort=  8.590ms (keyed= 0.000ms group_by=  7.649ms per_group= 0.270ms)
[pe] round= 10 work=    32768 frontier=    32768 next=    16384 consolidate=  1.009ms frontier=  0.355ms semisort=  4.016ms (keyed= 0.000ms group_by=  3.437ms per_group= 0.188ms)
[pe] round= 11 work=    16384 frontier=    16384 next=     8192 consolidate=  2.735ms frontier=  0.262ms semisort=  2.545ms (keyed= 0.000ms group_by=  1.830ms per_group= 0.459ms)
[pe] round= 12 work=     8192 frontier=     8192 next=     4096 consolidate=  1.454ms frontier=  0.355ms semisort=  1.093ms (keyed= 0.000ms group_by=  0.679ms per_group= 0.084ms)
[pe] round= 13 work=     4096 frontier=     4096 next=     2048 consolidate=  0.764ms frontier=  0.184ms semisort=  0.596ms (keyed= 0.000ms group_by=  0.344ms per_group= 0.067ms)
[pe] round= 14 work=     2048 frontier=     2048 next=     1024 consolidate=  0.394ms frontier=  0.111ms semisort=  0.372ms (keyed= 0.000ms group_by=  0.196ms per_group= 0.047ms)
[pe] round= 15 work=     1024 frontier=     1024 next=      512 consolidate=  0.228ms frontier=  0.077ms semisort=  0.243ms (keyed= 0.000ms group_by=  0.111ms per_group= 0.047ms)
[pe] round= 16 work=      512 frontier=      512 next=      256 consolidate=  0.160ms frontier=  0.062ms semisort=  0.175ms (keyed= 0.000ms group_by=  0.057ms per_group= 0.043ms)
[pe] round= 17 work=      256 frontier=      256 next=      128 consolidate=  0.131ms frontier=  0.053ms semisort=  0.157ms (keyed= 0.000ms group_by=  0.046ms per_group= 0.041ms)
[pe] round= 18 work=      128 frontier=      128 next=       64 consolidate=  0.071ms frontier=  0.035ms semisort=  0.094ms (keyed= 0.000ms group_by=  0.032ms per_group= 0.030ms)
[pe] round= 19 work=       64 frontier=       64 next=       32 consolidate=  0.069ms frontier=  0.026ms semisort=  0.050ms (keyed= 0.000ms group_by=  0.019ms per_group= 0.013ms)
[pe] round= 20 work=       32 frontier=       32 next=       16 consolidate=  0.025ms frontier=  0.011ms semisort=  0.027ms (keyed= 0.000ms group_by=  0.012ms per_group= 0.007ms)
[pe] round= 21 work=       16 frontier=       16 next=        8 consolidate=  0.018ms frontier=  0.006ms semisort=  0.017ms (keyed= 0.000ms group_by=  0.009ms per_group= 0.004ms)
[pe] round= 22 work=        8 frontier=        8 next=        4 consolidate=  0.013ms frontier=  0.004ms semisort=  0.012ms (keyed= 0.000ms group_by=  0.007ms per_group= 0.002ms)
[pe] round= 23 work=        4 frontier=        4 next=        2 consolidate=  0.007ms frontier=  0.002ms semisort=  0.010ms (keyed= 0.000ms group_by=  0.006ms per_group= 0.001ms)
[pe] round= 24 work=        2 frontier=        0 next=        0 consolidate=  0.004ms frontier=  0.002ms semisort=  0.000ms (break)
[pe] round=  0 work=      106 frontier= 63123848 next= 15780962 consolidate=  4.561ms frontier=  9.870ms semisort=395.726ms (keyed= 0.000ms group_by=133.429ms per_group=70.187ms)
[pe] round=  1 work= 15780962 frontier= 15780962 next=  7392354 consolidate=182.996ms frontier= 55.644ms semisort=206.596ms (keyed= 0.000ms group_by= 77.666ms per_group=28.763ms)
[pe] round=  2 work=  7392354 frontier=  7392354 next=  4194304 consolidate= 95.765ms frontier= 31.557ms semisort= 86.137ms (keyed= 0.000ms group_by= 22.102ms per_group=16.551ms)
[pe] round=  3 work=  4194304 frontier=  4194304 next=  2097152 consolidate= 64.913ms frontier= 18.447ms semisort= 48.038ms (keyed= 0.000ms group_by= 11.793ms per_group= 9.175ms)
[pe] round=  4 work=  2097152 frontier=  2097152 next=  1048576 consolidate= 36.240ms frontier= 10.495ms semisort= 28.256ms (keyed= 0.000ms group_by=  6.329ms per_group= 5.547ms)
[pe] round=  5 work=  1048576 frontier=  1048576 next=   524288 consolidate= 24.237ms frontier=  5.795ms semisort= 15.190ms (keyed= 0.000ms group_by=  3.059ms per_group= 2.609ms)
[pe] round=  6 work=   524288 frontier=   524288 next=   262144 consolidate= 12.479ms frontier=  2.859ms semisort=  8.243ms (keyed= 0.000ms group_by=  1.883ms per_group= 1.421ms)
[pe] round=  7 work=   262144 frontier=   262144 next=   131072 consolidate=  6.529ms frontier=  1.729ms semisort=  4.547ms (keyed= 0.000ms group_by=  1.269ms per_group= 0.798ms)
[pe] round=  8 work=   131072 frontier=   131072 next=    65536 consolidate=  2.979ms frontier=  0.878ms semisort=  2.503ms (keyed= 0.000ms group_by=  0.871ms per_group= 0.460ms)
[pe] round=  9 work=    65536 frontier=    65536 next=    32768 consolidate=  1.539ms frontier=  0.532ms semisort=  8.087ms (keyed= 0.000ms group_by=  7.223ms per_group= 0.256ms)
[pe] round= 10 work=    32768 frontier=    32768 next=    16384 consolidate=  0.858ms frontier=  0.349ms semisort=  4.010ms (keyed= 0.000ms group_by=  3.455ms per_group= 0.170ms)
[pe] round= 11 work=    16384 frontier=    16384 next=     8192 consolidate=  2.583ms frontier=  0.291ms semisort=  2.082ms (keyed= 0.000ms group_by=  1.698ms per_group= 0.112ms)
[pe] round= 12 work=     8192 frontier=     8192 next=     4096 consolidate=  1.341ms frontier=  0.382ms semisort=  1.069ms (keyed= 0.000ms group_by=  0.665ms per_group= 0.078ms)
[pe] round= 13 work=     4096 frontier=     4096 next=     2048 consolidate=  0.741ms frontier=  0.179ms semisort=  0.629ms (keyed= 0.000ms group_by=  0.369ms per_group= 0.065ms)
[pe] round= 14 work=     2048 frontier=     2048 next=     1024 consolidate=  0.380ms frontier=  0.123ms semisort=  0.424ms (keyed= 0.000ms group_by=  0.218ms per_group= 0.054ms)
[pe] round= 15 work=     1024 frontier=     1024 next=      512 consolidate=  0.235ms frontier=  0.078ms semisort=  0.256ms (keyed= 0.000ms group_by=  0.115ms per_group= 0.038ms)
[pe] round= 16 work=      512 frontier=      512 next=      256 consolidate=  0.157ms frontier=  0.052ms semisort=  0.176ms (keyed= 0.000ms group_by=  0.062ms per_group= 0.052ms)
[pe] round= 17 work=      256 frontier=      256 next=      128 consolidate=  0.120ms frontier=  0.053ms semisort=  0.142ms (keyed= 0.000ms group_by=  0.045ms per_group= 0.044ms)
[pe] round= 18 work=      128 frontier=      128 next=       64 consolidate=  0.064ms frontier=  0.045ms semisort=  0.123ms (keyed= 0.000ms group_by=  0.037ms per_group= 0.037ms)
[pe] round= 19 work=       64 frontier=       64 next=       32 consolidate=  0.051ms frontier=  0.025ms semisort=  0.061ms (keyed= 0.000ms group_by=  0.022ms per_group= 0.017ms)
[pe] round= 20 work=       32 frontier=       32 next=       16 consolidate=  0.036ms frontier=  0.014ms semisort=  0.026ms (keyed= 0.000ms group_by=  0.012ms per_group= 0.007ms)
[pe] round= 21 work=       16 frontier=       16 next=        8 consolidate=  0.023ms frontier=  0.005ms semisort=  0.016ms (keyed= 0.000ms group_by=  0.009ms per_group= 0.003ms)
[pe] round= 22 work=        8 frontier=        8 next=        4 consolidate=  0.016ms frontier=  0.004ms semisort=  0.013ms (keyed= 0.000ms group_by=  0.007ms per_group= 0.002ms)
[pe] round= 23 work=        4 frontier=        4 next=        2 consolidate=  0.007ms frontier=  0.002ms semisort=  0.009ms (keyed= 0.000ms group_by=  0.006ms per_group= 0.001ms)
[pe] round= 24 work=        2 frontier=        0 next=        0 consolidate=  0.004ms frontier=  0.002ms semisort=  0.000ms (break)
[pe] round=  0 work=      106 frontier= 63123848 next= 15780962 consolidate=  4.488ms frontier= 11.528ms semisort=408.038ms (keyed= 0.000ms group_by=135.006ms per_group=72.409ms)
[pe] round=  1 work= 15780962 frontier= 15780962 next=  7392354 consolidate=233.349ms frontier= 70.932ms semisort=211.999ms (keyed= 0.000ms group_by= 79.467ms per_group=29.811ms)
[pe] round=  2 work=  7392354 frontier=  7392354 next=  4194304 consolidate=100.048ms frontier= 31.622ms semisort= 86.635ms (keyed= 0.000ms group_by= 22.996ms per_group=16.670ms)
[pe] round=  3 work=  4194304 frontier=  4194304 next=  2097152 consolidate= 59.748ms frontier= 18.165ms semisort= 47.533ms (keyed= 0.000ms group_by= 11.555ms per_group= 9.224ms)
[pe] round=  4 work=  2097152 frontier=  2097152 next=  1048576 consolidate= 35.216ms frontier= 10.578ms semisort= 26.150ms (keyed= 0.000ms group_by=  6.298ms per_group= 5.564ms)
[pe] round=  5 work=  1048576 frontier=  1048576 next=   524288 consolidate= 24.924ms frontier=  5.867ms semisort= 14.853ms (keyed= 0.000ms group_by=  3.016ms per_group= 2.669ms)
[pe] round=  6 work=   524288 frontier=   524288 next=   262144 consolidate= 12.130ms frontier=  2.969ms semisort=  8.247ms (keyed= 0.000ms group_by=  1.846ms per_group= 1.471ms)
[pe] round=  7 work=   262144 frontier=   262144 next=   131072 consolidate=  6.308ms frontier=  1.552ms semisort=  4.536ms (keyed= 0.000ms group_by=  1.285ms per_group= 0.814ms)
[pe] round=  8 work=   131072 frontier=   131072 next=    65536 consolidate=  2.962ms frontier=  0.930ms semisort=  2.698ms (keyed= 0.000ms group_by=  0.790ms per_group= 0.577ms)
[pe] round=  9 work=    65536 frontier=    65536 next=    32768 consolidate=  1.537ms frontier=  0.525ms semisort=  9.190ms (keyed= 0.000ms group_by=  7.262ms per_group= 0.261ms)
[pe] round= 10 work=    32768 frontier=    32768 next=    16384 consolidate=  0.869ms frontier=  0.377ms semisort=  3.992ms (keyed= 0.000ms group_by=  3.426ms per_group= 0.174ms)
[pe] round= 11 work=    16384 frontier=    16384 next=     8192 consolidate=  2.743ms frontier=  0.265ms semisort=  2.103ms (keyed= 0.000ms group_by=  1.730ms per_group= 0.116ms)
[pe] round= 12 work=     8192 frontier=     8192 next=     4096 consolidate=  1.357ms frontier=  0.356ms semisort=  1.065ms (keyed= 0.000ms group_by=  0.675ms per_group= 0.076ms)
[pe] round= 13 work=     4096 frontier=     4096 next=     2048 consolidate=  0.752ms frontier=  0.183ms semisort=  0.608ms (keyed= 0.000ms group_by=  0.358ms per_group= 0.057ms)
[pe] round= 14 work=     2048 frontier=     2048 next=     1024 consolidate=  0.393ms frontier=  0.110ms semisort=  0.424ms (keyed= 0.000ms group_by=  0.242ms per_group= 0.048ms)
[pe] round= 15 work=     1024 frontier=     1024 next=      512 consolidate=  0.213ms frontier=  0.085ms semisort=  0.259ms (keyed= 0.000ms group_by=  0.102ms per_group= 0.056ms)
[pe] round= 16 work=      512 frontier=      512 next=      256 consolidate=  0.149ms frontier=  0.057ms semisort=  0.168ms (keyed= 0.000ms group_by=  0.057ms per_group= 0.043ms)
[pe] round= 17 work=      256 frontier=      256 next=      128 consolidate=  0.107ms frontier=  0.050ms semisort=  0.148ms (keyed= 0.000ms group_by=  0.040ms per_group= 0.044ms)
[pe] round= 18 work=      128 frontier=      128 next=       64 consolidate=  0.066ms frontier=  0.033ms semisort=  0.139ms (keyed= 0.000ms group_by=  0.038ms per_group= 0.051ms)
[pe] round= 19 work=       64 frontier=       64 next=       32 consolidate=  0.051ms frontier=  0.023ms semisort=  0.065ms (keyed= 0.000ms group_by=  0.016ms per_group= 0.019ms)
[pe] round= 20 work=       32 frontier=       32 next=       16 consolidate=  0.037ms frontier=  0.015ms semisort=  0.039ms (keyed= 0.000ms group_by=  0.012ms per_group= 0.014ms)
[pe] round= 21 work=       16 frontier=       16 next=        8 consolidate=  0.024ms frontier=  0.005ms semisort=  0.017ms (keyed= 0.000ms group_by=  0.009ms per_group= 0.003ms)
[pe] round= 22 work=        8 frontier=        8 next=        4 consolidate=  0.018ms frontier=  0.004ms semisort=  0.012ms (keyed= 0.000ms group_by=  0.007ms per_group= 0.002ms)
[pe] round= 23 work=        4 frontier=        4 next=        2 consolidate=  0.007ms frontier=  0.002ms semisort=  0.009ms (keyed= 0.000ms group_by=  0.006ms per_group= 0.001ms)
[pe] round= 24 work=        2 frontier=        0 next=        0 consolidate=  0.004ms frontier=  0.002ms semisort=  0.000ms (break)
[pe] round=  0 work=      106 frontier= 63123848 next= 15780962 consolidate=  4.720ms frontier= 10.600ms semisort=537.645ms (keyed= 0.000ms group_by=277.635ms per_group=71.252ms)
[pe] round=  1 work= 15780962 frontier= 15780962 next=  7392354 consolidate=182.136ms frontier= 57.497ms semisort=222.879ms (keyed= 0.000ms group_by= 77.995ms per_group=28.490ms)
[pe] round=  2 work=  7392354 frontier=  7392354 next=  4194304 consolidate= 96.831ms frontier= 30.843ms semisort=100.244ms (keyed= 0.000ms group_by= 22.275ms per_group=26.215ms)
[pe] round=  3 work=  4194304 frontier=  4194304 next=  2097152 consolidate= 57.499ms frontier= 19.800ms semisort= 57.215ms (keyed= 0.000ms group_by= 16.819ms per_group= 9.280ms)
[pe] round=  4 work=  2097152 frontier=  2097152 next=  1048576 consolidate= 39.772ms frontier= 10.587ms semisort= 27.518ms (keyed= 0.000ms group_by=  6.376ms per_group= 5.502ms)
[pe] round=  5 work=  1048576 frontier=  1048576 next=   524288 consolidate= 25.515ms frontier=  5.846ms semisort= 17.671ms (keyed= 0.000ms group_by=  3.536ms per_group= 2.692ms)
[pe] round=  6 work=   524288 frontier=   524288 next=   262144 consolidate= 16.251ms frontier=  2.978ms semisort=  8.777ms (keyed= 0.000ms group_by=  1.933ms per_group= 1.455ms)
[pe] round=  7 work=   262144 frontier=   262144 next=   131072 consolidate=  6.868ms frontier=  1.555ms semisort=  4.661ms (keyed= 0.000ms group_by=  1.298ms per_group= 0.816ms)
[pe] round=  8 work=   131072 frontier=   131072 next=    65536 consolidate=  3.001ms frontier=  0.975ms semisort=  2.621ms (keyed= 0.000ms group_by=  0.906ms per_group= 0.440ms)
[pe] round=  9 work=    65536 frontier=    65536 next=    32768 consolidate=  1.581ms frontier=  0.568ms semisort=  8.187ms (keyed= 0.000ms group_by=  7.296ms per_group= 0.260ms)
[pe] round= 10 work=    32768 frontier=    32768 next=    16384 consolidate=  0.930ms frontier=  0.383ms semisort=  4.041ms (keyed= 0.000ms group_by=  3.476ms per_group= 0.165ms)
[pe] round= 11 work=    16384 frontier=    16384 next=     8192 consolidate=  2.746ms frontier=  0.261ms semisort=  2.011ms (keyed= 0.000ms group_by=  1.617ms per_group= 0.126ms)
[pe] round= 12 work=     8192 frontier=     8192 next=     4096 consolidate=  1.365ms frontier=  0.361ms semisort=  1.040ms (keyed= 0.000ms group_by=  0.630ms per_group= 0.076ms)
[pe] round= 13 work=     4096 frontier=     4096 next=     2048 consolidate=  0.769ms frontier=  0.180ms semisort=  0.578ms (keyed= 0.000ms group_by=  0.331ms per_group= 0.056ms)
[pe] round= 14 work=     2048 frontier=     2048 next=     1024 consolidate=  0.397ms frontier=  0.112ms semisort=  0.385ms (keyed= 0.000ms group_by=  0.211ms per_group= 0.048ms)
[pe] round= 15 work=     1024 frontier=     1024 next=      512 consolidate=  0.235ms frontier=  0.089ms semisort=  0.251ms (keyed= 0.000ms group_by=  0.118ms per_group= 0.047ms)
[pe] round= 16 work=      512 frontier=      512 next=      256 consolidate=  0.162ms frontier=  0.064ms semisort=  0.182ms (keyed= 0.000ms group_by=  0.060ms per_group= 0.045ms)
[pe] round= 17 work=      256 frontier=      256 next=      128 consolidate=  0.119ms frontier=  0.046ms semisort=  0.156ms (keyed= 0.000ms group_by=  0.042ms per_group= 0.045ms)
[pe] round= 18 work=      128 frontier=      128 next=       64 consolidate=  0.081ms frontier=  0.034ms semisort=  0.129ms (keyed= 0.000ms group_by=  0.042ms per_group= 0.038ms)
[pe] round= 19 work=       64 frontier=       64 next=       32 consolidate=  0.056ms frontier=  0.025ms semisort=  0.069ms (keyed= 0.000ms group_by=  0.022ms per_group= 0.020ms)
[pe] round= 20 work=       32 frontier=       32 next=       16 consolidate=  0.035ms frontier=  0.015ms semisort=  0.046ms (keyed= 0.000ms group_by=  0.015ms per_group= 0.016ms)
[pe] round= 21 work=       16 frontier=       16 next=        8 consolidate=  0.019ms frontier=  0.016ms semisort=  0.016ms (keyed= 0.000ms group_by=  0.009ms per_group= 0.003ms)
[pe] round= 22 work=        8 frontier=        8 next=        4 consolidate=  0.022ms frontier=  0.004ms semisort=  0.023ms (keyed= 0.000ms group_by=  0.007ms per_group= 0.002ms)
[pe] round= 23 work=        4 frontier=        4 next=        2 consolidate=  0.008ms frontier=  0.003ms semisort=  0.009ms (keyed= 0.000ms group_by=  0.006ms per_group= 0.001ms)
[pe] round= 24 work=        2 frontier=        0 next=        0 consolidate=  0.004ms frontier=  0.001ms semisort=  0.000ms (break)
