[synthetic_bench] quartic n=44 d=2 classes=14992470 merges=44 ...
[pe] round=  0 work=       88 frontier= 29984768 next=  7496192 consolidate= 14.587ms frontier= 12.239ms semisort=529.452ms (keyed= 0.000ms group_by=279.683ms per_group=40.218ms)
[pe] round=  1 work=  7496192 frontier=  7496192 next=  3301888 consolidate= 92.723ms frontier= 21.031ms semisort=169.956ms (keyed= 0.000ms group_by= 42.985ms per_group=15.259ms)
[pe] round=  2 work=  3301888 frontier=  3301888 next=  2097152 consolidate= 47.144ms frontier= 15.265ms semisort= 51.846ms (keyed= 0.000ms group_by= 17.034ms per_group= 9.036ms)
[pe] round=  3 work=  2097152 frontier=  2097152 next=  1048576 consolidate= 34.831ms frontier= 10.443ms semisort= 26.943ms (keyed= 0.000ms group_by=  6.477ms per_group= 4.831ms)
[pe] round=  4 work=  1048576 frontier=  1048576 next=   524288 consolidate= 23.942ms frontier=  7.053ms semisort= 16.203ms (keyed= 0.000ms group_by=  3.602ms per_group= 3.362ms)
[pe] round=  5 work=   524288 frontier=   524288 next=   262144 consolidate= 13.863ms frontier=  3.391ms semisort= 15.049ms (keyed= 0.000ms group_by=  1.964ms per_group= 1.520ms)
[pe] round=  6 work=   262144 frontier=   262144 next=   131072 consolidate=  6.201ms frontier=  1.766ms semisort=  5.529ms (keyed= 0.000ms group_by=  1.176ms per_group= 0.788ms)
[pe] round=  7 work=   131072 frontier=   131072 next=    65536 consolidate=  2.963ms frontier=  1.019ms semisort=  2.433ms (keyed= 0.000ms group_by=  0.748ms per_group= 0.492ms)
[pe] round=  8 work=    65536 frontier=    65536 next=    32768 consolidate=  1.515ms frontier=  0.578ms semisort=  8.661ms (keyed= 0.000ms group_by=  7.702ms per_group= 0.291ms)
[pe] round=  9 work=    32768 frontier=    32768 next=    16384 consolidate=  0.883ms frontier=  0.380ms semisort=  4.225ms (keyed= 0.000ms group_by=  3.643ms per_group= 0.187ms)
[pe] round= 10 work=    16384 frontier=    16384 next=     8192 consolidate=  2.771ms frontier=  0.271ms semisort=  2.239ms (keyed= 0.000ms group_by=  1.733ms per_group= 0.246ms)
[pe] round= 11 work=     8192 frontier=     8192 next=     4096 consolidate=  1.347ms frontier=  0.384ms semisort=  1.104ms (keyed= 0.000ms group_by=  0.666ms per_group= 0.083ms)
[pe] round= 12 work=     4096 frontier=     4096 next=     2048 consolidate=  0.737ms frontier=  0.214ms semisort=  0.767ms (keyed= 0.000ms group_by=  0.360ms per_group= 0.199ms)
[pe] round= 13 work=     2048 frontier=     2048 next=     1024 consolidate=  0.410ms frontier=  0.127ms semisort=  0.405ms (keyed= 0.000ms group_by=  0.218ms per_group= 0.050ms)
[pe] round= 14 work=     1024 frontier=     1024 next=      512 consolidate=  0.233ms frontier=  0.074ms semisort=  0.251ms (keyed= 0.000ms group_by=  0.107ms per_group= 0.047ms)
[pe] round= 15 work=      512 frontier=      512 next=      256 consolidate=  0.164ms frontier=  0.066ms semisort=  0.180ms (keyed= 0.000ms group_by=  0.058ms per_group= 0.053ms)
[pe] round= 16 work=      256 frontier=      256 next=      128 consolidate=  0.129ms frontier=  0.045ms semisort=  0.129ms (keyed= 0.000ms group_by=  0.039ms per_group= 0.032ms)
[pe] round= 17 work=      128 frontier=      128 next=       64 consolidate=  0.080ms frontier=  0.036ms semisort=  0.095ms (keyed= 0.000ms group_by=  0.029ms per_group= 0.027ms)
[pe] round= 18 work=       64 frontier=       64 next=       32 consolidate=  0.048ms frontier=  0.022ms semisort=  0.063ms (keyed= 0.000ms group_by=  0.023ms per_group= 0.019ms)
[pe] round= 19 work=       32 frontier=       32 next=       16 consolidate=  0.032ms frontier=  0.015ms semisort=  0.022ms (keyed= 0.000ms group_by=  0.010ms per_group= 0.005ms)
[pe] round= 20 work=       16 frontier=       16 next=        8 consolidate=  0.028ms frontier=  0.006ms semisort=  0.016ms (keyed= 0.000ms group_by=  0.008ms per_group= 0.003ms)
[pe] round= 21 work=        8 frontier=        8 next=        4 consolidate=  0.015ms frontier=  0.003ms semisort=  0.012ms (keyed= 0.000ms group_by=  0.006ms per_group= 0.002ms)
[pe] round= 22 work=        4 frontier=        4 next=        2 consolidate=  0.005ms frontier=  0.002ms semisort=  0.008ms (keyed= 0.000ms group_by=  0.005ms per_group= 0.001ms)
[pe] round= 23 work=        2 frontier=        0 next=        0 consolidate=  0.004ms frontier=  0.001ms semisort=  0.000ms (break)
[pe] round=  0 work=       88 frontier= 29984768 next=  7496192 consolidate=  2.353ms frontier=  4.952ms semisort=301.509ms (keyed= 0.000ms group_by=170.928ms per_group=43.593ms)
[pe] round=  1 work=  7496192 frontier=  7496192 next=  3301888 consolidate= 91.282ms frontier= 26.996ms semisort=111.452ms (keyed= 0.000ms group_by= 27.592ms per_group=18.064ms)
[pe] round=  2 work=  3301888 frontier=  3301888 next=  2097152 consolidate= 58.567ms frontier= 16.571ms semisort= 70.551ms (keyed= 0.000ms group_by= 30.557ms per_group=14.083ms)
[pe] round=  3 work=  2097152 frontier=  2097152 next=  1048576 consolidate= 35.591ms frontier= 12.781ms semisort= 26.151ms (keyed= 0.000ms group_by=  6.507ms per_group= 4.871ms)
[pe] round=  4 work=  1048576 frontier=  1048576 next=   524288 consolidate= 23.765ms frontier=  6.867ms semisort= 15.431ms (keyed= 0.000ms group_by=  3.658ms per_group= 2.819ms)
[pe] round=  5 work=   524288 frontier=   524288 next=   262144 consolidate= 12.756ms frontier=  3.444ms semisort=  8.656ms (keyed= 0.000ms group_by=  2.008ms per_group= 1.517ms)
[pe] round=  6 work=   262144 frontier=   262144 next=   131072 consolidate=  6.362ms frontier=  1.805ms semisort=  4.803ms (keyed= 0.000ms group_by=  1.268ms per_group= 0.843ms)
[pe] round=  7 work=   131072 frontier=   131072 next=    65536 consolidate=  3.039ms frontier=  0.948ms semisort=  2.574ms (keyed= 0.000ms group_by=  0.807ms per_group= 0.461ms)
[pe] round=  8 work=    65536 frontier=    65536 next=    32768 consolidate=  1.614ms frontier=  0.608ms semisort=  8.638ms (keyed= 0.000ms group_by=  7.680ms per_group= 0.284ms)
[pe] round=  9 work=    32768 frontier=    32768 next=    16384 consolidate=  0.875ms frontier=  0.390ms semisort=  3.694ms (keyed= 0.000ms group_by=  3.104ms per_group= 0.181ms)
[pe] round= 10 work=    16384 frontier=    16384 next=     8192 consolidate=  2.219ms frontier=  0.277ms semisort=  2.267ms (keyed= 0.000ms group_by=  1.615ms per_group= 0.389ms)
[pe] round= 11 work=     8192 frontier=     8192 next=     4096 consolidate=  1.149ms frontier=  0.380ms semisort=  1.064ms (keyed= 0.000ms group_by=  0.638ms per_group= 0.076ms)
[pe] round= 12 work=     4096 frontier=     4096 next=     2048 consolidate=  0.612ms frontier=  0.192ms semisort=  0.553ms (keyed= 0.000ms group_by=  0.316ms per_group= 0.060ms)
[pe] round= 13 work=     2048 frontier=     2048 next=     1024 consolidate=  0.345ms frontier=  0.111ms semisort=  0.400ms (keyed= 0.000ms group_by=  0.227ms per_group= 0.052ms)
[pe] round= 14 work=     1024 frontier=     1024 next=      512 consolidate=  0.216ms frontier=  0.072ms semisort=  0.245ms (keyed= 0.000ms group_by=  0.091ms per_group= 0.055ms)
[pe] round= 15 work=      512 frontier=      512 next=      256 consolidate=  0.135ms frontier=  0.059ms semisort=  0.186ms (keyed= 0.000ms group_by=  0.053ms per_group= 0.055ms)
[pe] round= 16 work=      256 frontier=      256 next=      128 consolidate=  0.128ms frontier=  0.047ms semisort=  0.131ms (keyed= 0.000ms group_by=  0.038ms per_group= 0.036ms)
[pe] round= 17 work=      128 frontier=      128 next=       64 consolidate=  0.065ms frontier=  0.033ms semisort=  0.082ms (keyed= 0.000ms group_by=  0.024ms per_group= 0.022ms)
[pe] round= 18 work=       64 frontier=       64 next=       32 consolidate=  0.046ms frontier=  0.017ms semisort=  0.049ms (keyed= 0.000ms group_by=  0.013ms per_group= 0.016ms)
[pe] round= 19 work=       32 frontier=       32 next=       16 consolidate=  0.031ms frontier=  0.008ms semisort=  0.018ms (keyed= 0.000ms group_by=  0.008ms per_group= 0.004ms)
[pe] round= 20 work=       16 frontier=       16 next=        8 consolidate=  0.020ms frontier=  0.005ms semisort=  0.012ms (keyed= 0.000ms group_by=  0.006ms per_group= 0.003ms)
[pe] round= 21 work=        8 frontier=        8 next=        4 consolidate=  0.020ms frontier=  0.003ms semisort=  0.008ms (keyed= 0.000ms group_by=  0.004ms per_group= 0.001ms)
[pe] round= 22 work=        4 frontier=        4 next=        2 consolidate=  0.004ms frontier=  0.001ms semisort=  0.006ms (keyed= 0.000ms group_by=  0.004ms per_group= 0.001ms)
[pe] round= 23 work=        2 frontier=        0 next=        0 consolidate=  0.003ms frontier=  0.001ms semisort=  0.000ms (break)
[pe] round=  0 work=       88 frontier= 29984768 next=  7496192 consolidate=  2.211ms frontier=  4.876ms semisort=288.137ms (keyed= 0.000ms group_by=163.109ms per_group=45.713ms)
[pe] round=  1 work=  7496192 frontier=  7496192 next=  3301888 consolidate= 94.861ms frontier= 27.854ms semisort=109.192ms (keyed= 0.000ms group_by= 29.983ms per_group=14.823ms)
[pe] round=  2 work=  3301888 frontier=  3301888 next=  2097152 consolidate= 53.678ms frontier= 17.867ms semisort= 47.518ms (keyed= 0.000ms group_by= 15.065ms per_group= 8.544ms)
[pe] round=  3 work=  2097152 frontier=  2097152 next=  1048576 consolidate= 35.463ms frontier=  9.989ms semisort= 26.061ms (keyed= 0.000ms group_by=  6.819ms per_group= 4.986ms)
[pe] round=  4 work=  1048576 frontier=  1048576 next=   524288 consolidate= 23.879ms frontier=  6.998ms semisort= 14.743ms (keyed= 0.000ms group_by=  3.476ms per_group= 2.904ms)
[pe] round=  5 work=   524288 frontier=   524288 next=   262144 consolidate= 12.725ms frontier=  3.296ms semisort=  8.270ms (keyed= 0.000ms group_by=  1.995ms per_group= 1.528ms)
[pe] round=  6 work=   262144 frontier=   262144 next=   131072 consolidate=  6.213ms frontier=  1.766ms semisort=  4.420ms (keyed= 0.000ms group_by=  1.207ms per_group= 0.846ms)
[pe] round=  7 work=   131072 frontier=   131072 next=    65536 consolidate=  2.959ms frontier=  0.989ms semisort=  2.372ms (keyed= 0.000ms group_by=  0.776ms per_group= 0.447ms)
[pe] round=  8 work=    65536 frontier=    65536 next=    32768 consolidate=  1.576ms frontier=  0.571ms semisort=  7.914ms (keyed= 0.000ms group_by=  6.998ms per_group= 0.281ms)
[pe] round=  9 work=    32768 frontier=    32768 next=    16384 consolidate=  0.937ms frontier=  0.387ms semisort=  3.871ms (keyed= 0.000ms group_by=  3.305ms per_group= 0.183ms)
[pe] round= 10 work=    16384 frontier=    16384 next=     8192 consolidate=  2.244ms frontier=  0.271ms semisort=  1.956ms (keyed= 0.000ms group_by=  1.559ms per_group= 0.119ms)
[pe] round= 11 work=     8192 frontier=     8192 next=     4096 consolidate=  1.090ms frontier=  0.393ms semisort=  1.037ms (keyed= 0.000ms group_by=  0.626ms per_group= 0.078ms)
[pe] round= 12 work=     4096 frontier=     4096 next=     2048 consolidate=  0.595ms frontier=  0.189ms semisort=  0.588ms (keyed= 0.001ms group_by=  0.337ms per_group= 0.059ms)
[pe] round= 13 work=     2048 frontier=     2048 next=     1024 consolidate=  0.317ms frontier=  0.129ms semisort=  0.388ms (keyed= 0.000ms group_by=  0.210ms per_group= 0.054ms)
[pe] round= 14 work=     1024 frontier=     1024 next=      512 consolidate=  0.193ms frontier=  0.081ms semisort=  0.256ms (keyed= 0.000ms group_by=  0.093ms per_group= 0.060ms)
[pe] round= 15 work=      512 frontier=      512 next=      256 consolidate=  0.147ms frontier=  0.076ms semisort=  0.196ms (keyed= 0.000ms group_by=  0.054ms per_group= 0.069ms)
[pe] round= 16 work=      256 frontier=      256 next=      128 consolidate=  0.109ms frontier=  0.055ms semisort=  0.135ms (keyed= 0.000ms group_by=  0.044ms per_group= 0.041ms)
[pe] round= 17 work=      128 frontier=      128 next=       64 consolidate=  0.071ms frontier=  0.033ms semisort=  0.094ms (keyed= 0.000ms group_by=  0.025ms per_group= 0.028ms)
[pe] round= 18 work=       64 frontier=       64 next=       32 consolidate=  0.054ms frontier=  0.019ms semisort=  0.052ms (keyed= 0.000ms group_by=  0.013ms per_group= 0.016ms)
[pe] round= 19 work=       32 frontier=       32 next=       16 consolidate=  0.029ms frontier=  0.012ms semisort=  0.019ms (keyed= 0.000ms group_by=  0.009ms per_group= 0.005ms)
[pe] round= 20 work=       16 frontier=       16 next=        8 consolidate=  0.022ms frontier=  0.005ms semisort=  0.012ms (keyed= 0.000ms group_by=  0.006ms per_group= 0.002ms)
[pe] round= 21 work=        8 frontier=        8 next=        4 consolidate=  0.016ms frontier=  0.003ms semisort=  0.008ms (keyed= 0.000ms group_by=  0.005ms per_group= 0.001ms)
[pe] round= 22 work=        4 frontier=        4 next=        2 consolidate=  0.004ms frontier=  0.002ms semisort=  0.006ms (keyed= 0.000ms group_by=  0.004ms per_group= 0.001ms)
[pe] round= 23 work=        2 frontier=        0 next=        0 consolidate=  0.003ms frontier=  0.001ms semisort=  0.000ms (break)
[pe] round=  0 work=       88 frontier= 29984768 next=  7496192 consolidate=  2.170ms frontier=  4.793ms semisort=284.532ms (keyed= 0.000ms group_by=171.635ms per_group=35.641ms)
[pe] round=  1 work=  7496192 frontier=  7496192 next=  3301888 consolidate= 95.764ms frontier= 28.615ms semisort=106.976ms (keyed= 0.000ms group_by= 27.770ms per_group=14.318ms)
[pe] round=  2 work=  3301888 frontier=  3301888 next=  2097152 consolidate= 54.091ms frontier= 16.485ms semisort= 47.493ms (keyed= 0.000ms group_by= 15.162ms per_group= 8.551ms)
[pe] round=  3 work=  2097152 frontier=  2097152 next=  1048576 consolidate= 36.562ms frontier= 10.055ms semisort= 25.098ms (keyed= 0.000ms group_by=  6.195ms per_group= 4.848ms)
[pe] round=  4 work=  1048576 frontier=  1048576 next=   524288 consolidate= 24.538ms frontier=  7.089ms semisort= 14.728ms (keyed= 0.000ms group_by=  3.502ms per_group= 2.906ms)
[pe] round=  5 work=   524288 frontier=   524288 next=   262144 consolidate= 12.493ms frontier=  3.333ms semisort=  7.899ms (keyed= 0.000ms group_by=  1.830ms per_group= 1.485ms)
[pe] round=  6 work=   262144 frontier=   262144 next=   131072 consolidate=  6.477ms frontier=  1.841ms semisort=  4.498ms (keyed= 0.000ms group_by=  1.268ms per_group= 0.826ms)
[pe] round=  7 work=   131072 frontier=   131072 next=    65536 consolidate=  3.007ms frontier=  0.991ms semisort=  2.422ms (keyed= 0.000ms group_by=  0.731ms per_group= 0.504ms)
[pe] round=  8 work=    65536 frontier=    65536 next=    32768 consolidate=  1.528ms frontier=  0.609ms semisort=  8.751ms (keyed= 0.000ms group_by=  7.874ms per_group= 0.273ms)
[pe] round=  9 work=    32768 frontier=    32768 next=    16384 consolidate=  0.910ms frontier=  0.355ms semisort=  4.059ms (keyed= 0.000ms group_by=  3.490ms per_group= 0.183ms)
[pe] round= 10 work=    16384 frontier=    16384 next=     8192 consolidate=  2.854ms frontier=  0.260ms semisort=  2.097ms (keyed= 0.000ms group_by=  1.731ms per_group= 0.121ms)
[pe] round= 11 work=     8192 frontier=     8192 next=     4096 consolidate=  1.390ms frontier=  0.382ms semisort=  1.121ms (keyed= 0.000ms group_by=  0.678ms per_group= 0.081ms)
[pe] round= 12 work=     4096 frontier=     4096 next=     2048 consolidate=  0.745ms frontier=  0.209ms semisort=  0.606ms (keyed= 0.000ms group_by=  0.333ms per_group= 0.062ms)
[pe] round= 13 work=     2048 frontier=     2048 next=     1024 consolidate=  0.391ms frontier=  0.126ms semisort=  0.411ms (keyed= 0.000ms group_by=  0.228ms per_group= 0.046ms)
[pe] round= 14 work=     1024 frontier=     1024 next=      512 consolidate=  0.228ms frontier=  0.075ms semisort=  0.251ms (keyed= 0.000ms group_by=  0.107ms per_group= 0.053ms)
[pe] round= 15 work=      512 frontier=      512 next=      256 consolidate=  0.159ms frontier=  0.064ms semisort=  0.185ms (keyed= 0.001ms group_by=  0.060ms per_group= 0.054ms)
[pe] round= 16 work=      256 frontier=      256 next=      128 consolidate=  0.112ms frontier=  0.047ms semisort=  0.141ms (keyed= 0.000ms group_by=  0.044ms per_group= 0.036ms)
[pe] round= 17 work=      128 frontier=      128 next=       64 consolidate=  0.083ms frontier=  0.031ms semisort=  0.089ms (keyed= 0.000ms group_by=  0.027ms per_group= 0.025ms)
[pe] round= 18 work=       64 frontier=       64 next=       32 consolidate=  0.048ms frontier=  0.033ms semisort=  0.072ms (keyed= 0.000ms group_by=  0.022ms per_group= 0.016ms)
[pe] round= 19 work=       32 frontier=       32 next=       16 consolidate=  0.036ms frontier=  0.017ms semisort=  0.025ms (keyed= 0.000ms group_by=  0.010ms per_group= 0.006ms)
[pe] round= 20 work=       16 frontier=       16 next=        8 consolidate=  0.024ms frontier=  0.006ms semisort=  0.016ms (keyed= 0.000ms group_by=  0.008ms per_group= 0.003ms)
[pe] round= 21 work=        8 frontier=        8 next=        4 consolidate=  0.018ms frontier=  0.003ms semisort=  0.011ms (keyed= 0.000ms group_by=  0.006ms per_group= 0.002ms)
[pe] round= 22 work=        4 frontier=        4 next=        2 consolidate=  0.006ms frontier=  0.002ms semisort=  0.008ms (keyed= 0.000ms group_by=  0.005ms per_group= 0.001ms)
[pe] round= 23 work=        2 frontier=        0 next=        0 consolidate=  0.004ms frontier=  0.001ms semisort=  0.000ms (break)
[pe] round=  0 work=       88 frontier= 29984768 next=  7496192 consolidate=  2.174ms frontier=  4.842ms semisort=275.123ms (keyed= 0.000ms group_by=158.556ms per_group=36.320ms)
[pe] round=  1 work=  7496192 frontier=  7496192 next=  3301888 consolidate= 95.874ms frontier= 27.363ms semisort=132.967ms (keyed= 0.000ms group_by= 54.713ms per_group=14.553ms)
[pe] round=  2 work=  3301888 frontier=  3301888 next=  2097152 consolidate= 69.512ms frontier= 16.352ms semisort= 49.785ms (keyed= 0.000ms group_by= 12.218ms per_group= 8.519ms)
[pe] round=  3 work=  2097152 frontier=  2097152 next=  1048576 consolidate= 35.041ms frontier= 10.244ms semisort= 33.833ms (keyed= 0.000ms group_by=  6.323ms per_group= 4.835ms)
[pe] round=  4 work=  1048576 frontier=  1048576 next=   524288 consolidate= 24.677ms frontier= 11.254ms semisort= 14.504ms (keyed= 0.000ms group_by=  3.448ms per_group= 2.853ms)
[pe] round=  5 work=   524288 frontier=   524288 next=   262144 consolidate= 12.610ms frontier=  3.452ms semisort=  8.360ms (keyed= 0.000ms group_by=  1.882ms per_group= 1.545ms)
[pe] round=  6 work=   262144 frontier=   262144 next=   131072 consolidate=  6.333ms frontier=  1.780ms semisort=  4.497ms (keyed= 0.000ms group_by=  1.278ms per_group= 0.818ms)
[pe] round=  7 work=   131072 frontier=   131072 next=    65536 consolidate=  2.988ms frontier=  1.031ms semisort=  2.394ms (keyed= 0.000ms group_by=  0.779ms per_group= 0.463ms)
[pe] round=  8 work=    65536 frontier=    65536 next=    32768 consolidate=  1.589ms frontier=  0.565ms semisort=  7.914ms (keyed= 0.000ms group_by=  7.022ms per_group= 0.269ms)
[pe] round=  9 work=    32768 frontier=    32768 next=    16384 consolidate=  0.852ms frontier=  0.386ms semisort=  4.184ms (keyed= 0.000ms group_by=  3.629ms per_group= 0.180ms)
[pe] round= 10 work=    16384 frontier=    16384 next=     8192 consolidate=  2.850ms frontier=  0.259ms semisort=  2.147ms (keyed= 0.000ms group_by=  1.770ms per_group= 0.124ms)
[pe] round= 11 work=     8192 frontier=     8192 next=     4096 consolidate=  1.369ms frontier=  0.377ms semisort=  1.100ms (keyed= 0.000ms group_by=  0.647ms per_group= 0.086ms)
[pe] round= 12 work=     4096 frontier=     4096 next=     2048 consolidate=  0.722ms frontier=  0.213ms semisort=  0.624ms (keyed= 0.000ms group_by=  0.351ms per_group= 0.065ms)
[pe] round= 13 work=     2048 frontier=     2048 next=     1024 consolidate=  0.399ms frontier=  0.122ms semisort=  0.395ms (keyed= 0.000ms group_by=  0.224ms per_group= 0.047ms)
[pe] round= 14 work=     1024 frontier=     1024 next=      512 consolidate=  0.246ms frontier=  0.074ms semisort=  0.251ms (keyed= 0.000ms group_by=  0.104ms per_group= 0.051ms)
[pe] round= 15 work=      512 frontier=      512 next=      256 consolidate=  0.168ms frontier=  0.056ms semisort=  0.191ms (keyed= 0.000ms group_by=  0.061ms per_group= 0.066ms)
[pe] round= 16 work=      256 frontier=      256 next=      128 consolidate=  0.101ms frontier=  0.045ms semisort=  0.149ms (keyed= 0.000ms group_by=  0.038ms per_group= 0.039ms)
[pe] round= 17 work=      128 frontier=      128 next=       64 consolidate=  0.095ms frontier=  0.032ms semisort=  0.127ms (keyed= 0.000ms group_by=  0.041ms per_group= 0.031ms)
[pe] round= 18 work=       64 frontier=       64 next=       32 consolidate=  0.057ms frontier=  0.022ms semisort=  0.060ms (keyed= 0.000ms group_by=  0.021ms per_group= 0.018ms)
[pe] round= 19 work=       32 frontier=       32 next=       16 consolidate=  0.040ms frontier=  0.016ms semisort=  0.025ms (keyed= 0.000ms group_by=  0.011ms per_group= 0.006ms)
[pe] round= 20 work=       16 frontier=       16 next=        8 consolidate=  0.027ms frontier=  0.006ms semisort=  0.016ms (keyed= 0.000ms group_by=  0.008ms per_group= 0.003ms)
[pe] round= 21 work=        8 frontier=        8 next=        4 consolidate=  0.020ms frontier=  0.003ms semisort=  0.011ms (keyed= 0.000ms group_by=  0.006ms per_group= 0.002ms)
[pe] round= 22 work=        4 frontier=        4 next=        2 consolidate=  0.006ms frontier=  0.002ms semisort=  0.009ms (keyed= 0.000ms group_by=  0.006ms per_group= 0.001ms)
[pe] round= 23 work=        2 frontier=        0 next=        0 consolidate=  0.003ms frontier=  0.001ms semisort=  0.000ms (break)
[pe] round=  0 work=       88 frontier= 29984768 next=  7496192 consolidate=  2.142ms frontier=  4.806ms semisort=273.688ms (keyed= 0.000ms group_by=158.725ms per_group=37.373ms)
[pe] round=  1 work=  7496192 frontier=  7496192 next=  3301888 consolidate=113.350ms frontier= 27.867ms semisort=104.377ms (keyed= 0.000ms group_by= 25.476ms per_group=14.418ms)
[pe] round=  2 work=  3301888 frontier=  3301888 next=  2097152 consolidate= 53.974ms frontier= 16.453ms semisort= 44.769ms (keyed= 0.000ms group_by= 12.225ms per_group= 8.500ms)
[pe] round=  3 work=  2097152 frontier=  2097152 next=  1048576 consolidate= 35.211ms frontier= 10.075ms semisort= 25.350ms (keyed= 0.000ms group_by=  6.194ms per_group= 4.936ms)
[pe] round=  4 work=  1048576 frontier=  1048576 next=   524288 consolidate= 24.252ms frontier=  6.909ms semisort= 14.848ms (keyed= 0.000ms group_by=  3.518ms per_group= 2.883ms)
[pe] round=  5 work=   524288 frontier=   524288 next=   262144 consolidate= 12.452ms frontier=  3.231ms semisort=  8.213ms (keyed= 0.000ms group_by=  1.773ms per_group= 1.529ms)
[pe] round=  6 work=   262144 frontier=   262144 next=   131072 consolidate=  7.277ms frontier=  1.686ms semisort=  4.509ms (keyed= 0.000ms group_by=  1.331ms per_group= 0.806ms)
[pe] round=  7 work=   131072 frontier=   131072 next=    65536 consolidate=  2.985ms frontier=  0.993ms semisort=  2.328ms (keyed= 0.000ms group_by=  0.712ms per_group= 0.471ms)
[pe] round=  8 work=    65536 frontier=    65536 next=    32768 consolidate=  1.572ms frontier=  0.553ms semisort=  8.337ms (keyed= 0.000ms group_by=  7.455ms per_group= 0.274ms)
[pe] round=  9 work=    32768 frontier=    32768 next=    16384 consolidate=  0.903ms frontier=  0.354ms semisort=  4.142ms (keyed= 0.000ms group_by=  3.541ms per_group= 0.190ms)
[pe] round= 10 work=    16384 frontier=    16384 next=     8192 consolidate=  2.825ms frontier=  0.260ms semisort=  2.098ms (keyed= 0.000ms group_by=  1.685ms per_group= 0.126ms)
[pe] round= 11 work=     8192 frontier=     8192 next=     4096 consolidate=  1.359ms frontier=  0.385ms semisort=  1.100ms (keyed= 0.000ms group_by=  0.641ms per_group= 0.089ms)
[pe] round= 12 work=     4096 frontier=     4096 next=     2048 consolidate=  0.721ms frontier=  0.209ms semisort=  0.643ms (keyed= 0.000ms group_by=  0.359ms per_group= 0.074ms)
[pe] round= 13 work=     2048 frontier=     2048 next=     1024 consolidate=  0.382ms frontier=  0.123ms semisort=  0.424ms (keyed= 0.000ms group_by=  0.245ms per_group= 0.045ms)
[pe] round= 14 work=     1024 frontier=     1024 next=      512 consolidate=  0.256ms frontier=  0.077ms semisort=  0.270ms (keyed= 0.000ms group_by=  0.116ms per_group= 0.055ms)
[pe] round= 15 work=      512 frontier=      512 next=      256 consolidate=  0.145ms frontier=  0.058ms semisort=  0.188ms (keyed= 0.000ms group_by=  0.062ms per_group= 0.059ms)
[pe] round= 16 work=      256 frontier=      256 next=      128 consolidate=  0.106ms frontier=  0.046ms semisort=  0.142ms (keyed= 0.000ms group_by=  0.041ms per_group= 0.050ms)
[pe] round= 17 work=      128 frontier=      128 next=       64 consolidate=  0.080ms frontier=  0.038ms semisort=  0.111ms (keyed= 0.000ms group_by=  0.033ms per_group= 0.034ms)
[pe] round= 18 work=       64 frontier=       64 next=       32 consolidate=  0.070ms frontier=  0.035ms semisort=  0.068ms (keyed= 0.000ms group_by=  0.021ms per_group= 0.020ms)
[pe] round= 19 work=       32 frontier=       32 next=       16 consolidate=  0.035ms frontier=  0.013ms semisort=  0.025ms (keyed= 0.000ms group_by=  0.011ms per_group= 0.007ms)
[pe] round= 20 work=       16 frontier=       16 next=        8 consolidate=  0.024ms frontier=  0.006ms semisort=  0.015ms (keyed= 0.000ms group_by=  0.008ms per_group= 0.003ms)
[pe] round= 21 work=        8 frontier=        8 next=        4 consolidate=  0.017ms frontier=  0.003ms semisort=  0.011ms (keyed= 0.000ms group_by=  0.006ms per_group= 0.002ms)
[pe] round= 22 work=        4 frontier=        4 next=        2 consolidate=  0.006ms frontier=  0.002ms semisort=  0.008ms (keyed= 0.000ms group_by=  0.005ms per_group= 0.001ms)
[pe] round= 23 work=        2 frontier=        0 next=        0 consolidate=  0.004ms frontier=  0.001ms semisort=  0.000ms (break)
