[synthetic_bench] cube n=180 d=2 classes=23328358 merges=180 ...
[pe] round=  0 work=      360 frontier= 11664000 next=  5832000 consolidate= 12.443ms frontier= 21.313ms semisort= 82.290ms (keyed=20.533ms group_by=  3.802ms per_group=30.042ms)
[pe] round=  1 work=  5832000 frontier=  7469696 next=  2097152 consolidate= 68.267ms frontier= 16.596ms semisort= 53.894ms (keyed=21.256ms group_by=  2.194ms per_group=10.681ms)
[pe] round=  2 work=  2097152 frontier=  4194304 next=  1637696 consolidate= 26.274ms frontier= 11.591ms semisort= 31.725ms (keyed= 7.004ms group_by=  0.318ms per_group= 9.215ms)
[pe] round=  3 work=  1637696 frontier=  2097152 next=  1048576 consolidate= 31.175ms frontier=  9.082ms semisort= 17.254ms (keyed= 3.866ms group_by=  0.147ms per_group= 7.706ms)
[pe] round=  4 work=  1048576 frontier=  1048576 next=   524288 consolidate= 15.555ms frontier=  4.923ms semisort= 10.512ms (keyed= 1.186ms group_by=  0.158ms per_group= 5.135ms)
[pe] round=  5 work=   524288 frontier=   524288 next=   262144 consolidate= 10.492ms frontier=  3.902ms semisort=  5.452ms (keyed= 0.651ms group_by=  0.080ms per_group= 1.677ms)
[pe] round=  6 work=   262144 frontier=   262144 next=   131072 consolidate=  5.193ms frontier=  2.355ms semisort=  2.248ms (keyed= 0.408ms group_by=  0.115ms per_group= 0.827ms)
[pe] round=  7 work=   131072 frontier=   262144 next=    65536 consolidate=  2.658ms frontier=  0.630ms semisort=  1.667ms (keyed= 0.438ms group_by=  0.095ms per_group= 0.494ms)
[pe] round=  8 work=    65536 frontier=   131072 next=    32768 consolidate=  1.532ms frontier=  0.407ms semisort=  3.564ms (keyed= 0.044ms group_by=  2.711ms per_group= 0.352ms)
[pe] round=  9 work=    32768 frontier=    65536 next=    16384 consolidate=  0.891ms frontier=  0.329ms semisort=  1.894ms (keyed= 0.046ms group_by=  1.278ms per_group= 0.258ms)
[pe] round= 10 work=    16384 frontier=    32768 next=     8192 consolidate=  0.607ms frontier=  0.238ms semisort=  1.126ms (keyed= 0.029ms group_by=  0.682ms per_group= 0.168ms)
[pe] round= 11 work=     8192 frontier=    16384 next=     4096 consolidate=  1.662ms frontier=  0.256ms semisort=  0.827ms (keyed= 0.036ms group_by=  0.411ms per_group= 0.174ms)
[pe] round= 12 work=     4096 frontier=     8192 next=     2048 consolidate=  0.922ms frontier=  0.182ms semisort=  2.046ms (keyed= 0.035ms group_by=  1.776ms per_group= 0.092ms)
[pe] round= 13 work=     2048 frontier=     4096 next=     1024 consolidate=  0.500ms frontier=  0.119ms semisort=  0.992ms (keyed= 0.019ms group_by=  0.806ms per_group= 0.070ms)
[pe] round= 14 work=     1024 frontier=     2048 next=      512 consolidate=  0.289ms frontier=  0.083ms semisort=  0.470ms (keyed= 0.010ms group_by=  0.292ms per_group= 0.054ms)
[pe] round= 15 work=      512 frontier=     1024 next=      256 consolidate=  0.148ms frontier=  0.048ms semisort=  0.212ms (keyed= 0.004ms group_by=  0.094ms per_group= 0.034ms)
[pe] round= 16 work=      256 frontier=      512 next=      128 consolidate=  0.085ms frontier=  0.023ms semisort=  0.121ms (keyed= 0.002ms group_by=  0.044ms per_group= 0.031ms)
[pe] round= 17 work=      128 frontier=      256 next=       64 consolidate=  0.061ms frontier=  0.013ms semisort=  0.100ms (keyed= 0.001ms group_by=  0.022ms per_group= 0.029ms)
[pe] round= 18 work=       64 frontier=      128 next=       32 consolidate=  0.044ms frontier=  0.049ms semisort=  0.038ms (keyed= 0.001ms group_by=  0.011ms per_group= 0.018ms)
[pe] round= 19 work=       32 frontier=       64 next=       16 consolidate=  0.025ms frontier=  0.004ms semisort=  0.025ms (keyed= 0.001ms group_by=  0.005ms per_group= 0.014ms)
[pe] round= 20 work=       16 frontier=       32 next=        8 consolidate=  0.023ms frontier=  0.003ms semisort=  0.008ms (keyed= 0.000ms group_by=  0.002ms per_group= 0.004ms)
[pe] round= 21 work=        8 frontier=       16 next=        4 consolidate=  0.009ms frontier=  0.002ms semisort=  0.005ms (keyed= 0.000ms group_by=  0.001ms per_group= 0.002ms)
[pe] round= 22 work=        4 frontier=        8 next=        2 consolidate=  0.005ms frontier=  0.001ms semisort=  0.004ms (keyed= 0.000ms group_by=  0.001ms per_group= 0.001ms)
[pe] round= 23 work=        2 frontier=        4 next=        1 consolidate=  0.002ms frontier=  0.001ms semisort=  0.003ms (keyed= 0.000ms group_by=  0.000ms per_group= 0.001ms)
[pe] round= 24 work=        1 (tail-skip: all parents empty)
[pe] round=  0 work=      360 frontier= 11664000 next=  5832000 consolidate=  0.950ms frontier=  6.490ms semisort= 68.139ms (keyed=19.253ms group_by=  0.556ms per_group=26.805ms)
[pe] round=  1 work=  5832000 frontier=  7469696 next=  2097152 consolidate= 55.612ms frontier= 10.563ms semisort= 39.770ms (keyed=13.239ms group_by=  0.653ms per_group=11.282ms)
[pe] round=  2 work=  2097152 frontier=  4194304 next=  1637696 consolidate= 31.195ms frontier=  8.434ms semisort= 27.194ms (keyed= 7.123ms group_by=  0.326ms per_group= 8.420ms)
[pe] round=  3 work=  1637696 frontier=  2097152 next=  1048576 consolidate= 34.228ms frontier=  6.714ms semisort= 14.458ms (keyed= 3.241ms group_by=  0.148ms per_group= 5.969ms)
[pe] round=  4 work=  1048576 frontier=  1048576 next=   524288 consolidate= 16.978ms frontier=  4.566ms semisort=  8.916ms (keyed= 1.141ms group_by=  0.115ms per_group= 4.366ms)
[pe] round=  5 work=   524288 frontier=   524288 next=   262144 consolidate= 11.963ms frontier=  3.264ms semisort=  4.541ms (keyed= 0.697ms group_by=  0.091ms per_group= 1.896ms)
[pe] round=  6 work=   262144 frontier=   262144 next=   131072 consolidate=  5.540ms frontier=  1.858ms semisort=  2.197ms (keyed= 0.466ms group_by=  0.107ms per_group= 0.744ms)
[pe] round=  7 work=   131072 frontier=   262144 next=    65536 consolidate=  2.900ms frontier=  0.610ms semisort=  1.634ms (keyed= 0.432ms group_by=  0.084ms per_group= 0.490ms)
[pe] round=  8 work=    65536 frontier=   131072 next=    32768 consolidate=  1.632ms frontier=  0.380ms semisort=  3.372ms (keyed= 0.049ms group_by=  2.547ms per_group= 0.328ms)
[pe] round=  9 work=    32768 frontier=    65536 next=    16384 consolidate=  0.977ms frontier=  0.280ms semisort=  1.954ms (keyed= 0.030ms group_by=  1.334ms per_group= 0.285ms)
[pe] round= 10 work=    16384 frontier=    32768 next=     8192 consolidate=  0.674ms frontier=  0.279ms semisort=  1.116ms (keyed= 0.026ms group_by=  0.659ms per_group= 0.203ms)
[pe] round= 11 work=     8192 frontier=    16384 next=     4096 consolidate=  1.723ms frontier=  0.293ms semisort=  0.880ms (keyed= 0.030ms group_by=  0.517ms per_group= 0.119ms)
[pe] round= 12 work=     4096 frontier=     8192 next=     2048 consolidate=  0.967ms frontier=  0.161ms semisort=  2.200ms (keyed= 0.029ms group_by=  1.740ms per_group= 0.286ms)
[pe] round= 13 work=     2048 frontier=     4096 next=     1024 consolidate=  0.783ms frontier=  0.102ms semisort=  0.849ms (keyed= 0.024ms group_by=  0.666ms per_group= 0.065ms)
[pe] round= 14 work=     1024 frontier=     2048 next=      512 consolidate=  0.261ms frontier=  0.075ms semisort=  0.365ms (keyed= 0.007ms group_by=  0.220ms per_group= 0.050ms)
[pe] round= 15 work=      512 frontier=     1024 next=      256 consolidate=  0.153ms frontier=  0.053ms semisort=  0.210ms (keyed= 0.004ms group_by=  0.094ms per_group= 0.037ms)
[pe] round= 16 work=      256 frontier=      512 next=      128 consolidate=  0.090ms frontier=  0.042ms semisort=  0.167ms (keyed= 0.003ms group_by=  0.044ms per_group= 0.052ms)
[pe] round= 17 work=      128 frontier=      256 next=       64 consolidate=  0.069ms frontier=  0.019ms semisort=  0.084ms (keyed= 0.001ms group_by=  0.015ms per_group= 0.033ms)
[pe] round= 18 work=       64 frontier=      128 next=       32 consolidate=  0.049ms frontier=  0.007ms semisort=  0.042ms (keyed= 0.001ms group_by=  0.010ms per_group= 0.024ms)
[pe] round= 19 work=       32 frontier=       64 next=       16 consolidate=  0.030ms frontier=  0.005ms semisort=  0.025ms (keyed= 0.001ms group_by=  0.005ms per_group= 0.015ms)
[pe] round= 20 work=       16 frontier=       32 next=        8 consolidate=  0.026ms frontier=  0.003ms semisort=  0.009ms (keyed= 0.000ms group_by=  0.002ms per_group= 0.004ms)
[pe] round= 21 work=        8 frontier=       16 next=        4 consolidate=  0.010ms frontier=  0.002ms semisort=  0.004ms (keyed= 0.000ms group_by=  0.001ms per_group= 0.002ms)
[pe] round= 22 work=        4 frontier=        8 next=        2 consolidate=  0.004ms frontier=  0.001ms semisort=  0.003ms (keyed= 0.000ms group_by=  0.001ms per_group= 0.001ms)
[pe] round= 23 work=        2 frontier=        4 next=        1 consolidate=  0.003ms frontier=  0.001ms semisort=  0.002ms (keyed= 0.000ms group_by=  0.000ms per_group= 0.001ms)
[pe] round= 24 work=        1 (tail-skip: all parents empty)
[pe] round=  0 work=      360 frontier= 11664000 next=  5832000 consolidate=  0.963ms frontier=  7.274ms semisort= 67.212ms (keyed=17.541ms group_by=  0.540ms per_group=27.603ms)
[pe] round=  1 work=  5832000 frontier=  7469696 next=  2097152 consolidate= 62.245ms frontier= 10.631ms semisort= 41.494ms (keyed=14.673ms group_by=  0.558ms per_group=11.689ms)
[pe] round=  2 work=  2097152 frontier=  4194304 next=  1637696 consolidate= 32.714ms frontier=  8.605ms semisort= 22.853ms (keyed= 4.959ms group_by=  0.332ms per_group= 8.580ms)
[pe] round=  3 work=  1637696 frontier=  2097152 next=  1048576 consolidate= 26.199ms frontier=  8.079ms semisort= 13.883ms (keyed= 3.258ms group_by=  0.177ms per_group= 5.626ms)
[pe] round=  4 work=  1048576 frontier=  1048576 next=   524288 consolidate= 16.709ms frontier=  4.621ms semisort=  7.613ms (keyed= 1.204ms group_by=  0.108ms per_group= 3.367ms)
[pe] round=  5 work=   524288 frontier=   524288 next=   262144 consolidate= 10.667ms frontier=  3.638ms semisort=  4.210ms (keyed= 0.686ms group_by=  0.106ms per_group= 1.841ms)
[pe] round=  6 work=   262144 frontier=   262144 next=   131072 consolidate=  5.586ms frontier=  1.888ms semisort=  2.242ms (keyed= 0.465ms group_by=  0.092ms per_group= 0.768ms)
[pe] round=  7 work=   131072 frontier=   262144 next=    65536 consolidate=  3.049ms frontier=  0.539ms semisort=  1.676ms (keyed= 0.420ms group_by=  0.102ms per_group= 0.520ms)
[pe] round=  8 work=    65536 frontier=   131072 next=    32768 consolidate=  1.616ms frontier=  0.378ms semisort=  3.555ms (keyed= 0.046ms group_by=  2.684ms per_group= 0.382ms)
[pe] round=  9 work=    32768 frontier=    65536 next=    16384 consolidate=  0.978ms frontier=  0.292ms semisort=  1.790ms (keyed= 0.035ms group_by=  1.222ms per_group= 0.240ms)
[pe] round= 10 work=    16384 frontier=    32768 next=     8192 consolidate=  0.643ms frontier=  0.240ms semisort=  1.098ms (keyed= 0.029ms group_by=  0.625ms per_group= 0.184ms)
[pe] round= 11 work=     8192 frontier=    16384 next=     4096 consolidate=  1.808ms frontier=  0.249ms semisort=  0.794ms (keyed= 0.025ms group_by=  0.417ms per_group= 0.144ms)
[pe] round= 12 work=     4096 frontier=     8192 next=     2048 consolidate=  1.007ms frontier=  0.183ms semisort=  2.033ms (keyed= 0.020ms group_by=  1.775ms per_group= 0.106ms)
[pe] round= 13 work=     2048 frontier=     4096 next=     1024 consolidate=  0.607ms frontier=  0.116ms semisort=  0.840ms (keyed= 0.012ms group_by=  0.632ms per_group= 0.069ms)
[pe] round= 14 work=     1024 frontier=     2048 next=      512 consolidate=  0.315ms frontier=  0.068ms semisort=  0.507ms (keyed= 0.009ms group_by=  0.327ms per_group= 0.073ms)
[pe] round= 15 work=      512 frontier=     1024 next=      256 consolidate=  0.173ms frontier=  0.060ms semisort=  0.220ms (keyed= 0.004ms group_by=  0.097ms per_group= 0.055ms)
[pe] round= 16 work=      256 frontier=      512 next=      128 consolidate=  0.070ms frontier=  0.041ms semisort=  0.135ms (keyed= 0.003ms group_by=  0.048ms per_group= 0.033ms)
[pe] round= 17 work=      128 frontier=      256 next=       64 consolidate=  0.069ms frontier=  0.017ms semisort=  0.072ms (keyed= 0.001ms group_by=  0.023ms per_group= 0.022ms)
[pe] round= 18 work=       64 frontier=      128 next=       32 consolidate=  0.040ms frontier=  0.018ms semisort=  0.035ms (keyed= 0.001ms group_by=  0.009ms per_group= 0.017ms)
[pe] round= 19 work=       32 frontier=       64 next=       16 consolidate=  0.032ms frontier=  0.004ms semisort=  0.029ms (keyed= 0.000ms group_by=  0.006ms per_group= 0.018ms)
[pe] round= 20 work=       16 frontier=       32 next=        8 consolidate=  0.026ms frontier=  0.003ms semisort=  0.009ms (keyed= 0.000ms group_by=  0.002ms per_group= 0.004ms)
[pe] round= 21 work=        8 frontier=       16 next=        4 consolidate=  0.014ms frontier=  0.002ms semisort=  0.005ms (keyed= 0.000ms group_by=  0.001ms per_group= 0.002ms)
[pe] round= 22 work=        4 frontier=        8 next=        2 consolidate=  0.006ms frontier=  0.001ms semisort=  0.004ms (keyed= 0.000ms group_by=  0.001ms per_group= 0.001ms)
[pe] round= 23 work=        2 frontier=        4 next=        1 consolidate=  0.003ms frontier=  0.001ms semisort=  0.003ms (keyed= 0.000ms group_by=  0.000ms per_group= 0.001ms)
[pe] round= 24 work=        1 (tail-skip: all parents empty)
[pe] round=  0 work=      360 frontier= 11664000 next=  5832000 consolidate=  0.966ms frontier=  6.224ms semisort= 68.818ms (keyed=18.533ms group_by=  0.522ms per_group=28.275ms)
[pe] round=  1 work=  5832000 frontier=  7469696 next=  2097152 consolidate= 65.156ms frontier= 12.953ms semisort= 43.016ms (keyed=14.193ms group_by=  0.517ms per_group=12.998ms)
[pe] round=  2 work=  2097152 frontier=  4194304 next=  1637696 consolidate= 32.936ms frontier=  9.458ms semisort= 24.256ms (keyed= 6.117ms group_by=  0.334ms per_group= 9.017ms)
[pe] round=  3 work=  1637696 frontier=  2097152 next=  1048576 consolidate= 35.926ms frontier=  7.850ms semisort= 15.976ms (keyed= 3.494ms group_by=  0.170ms per_group= 6.544ms)
[pe] round=  4 work=  1048576 frontier=  1048576 next=   524288 consolidate= 23.187ms frontier=  4.467ms semisort=  8.181ms (keyed= 1.425ms group_by=  0.120ms per_group= 3.328ms)
[pe] round=  5 work=   524288 frontier=   524288 next=   262144 consolidate= 11.481ms frontier=  2.678ms semisort=  4.255ms (keyed= 0.609ms group_by=  0.088ms per_group= 1.939ms)
[pe] round=  6 work=   262144 frontier=   262144 next=   131072 consolidate=  6.002ms frontier=  2.376ms semisort=  2.214ms (keyed= 0.416ms group_by=  0.126ms per_group= 0.729ms)
[pe] round=  7 work=   131072 frontier=   262144 next=    65536 consolidate=  3.041ms frontier=  0.577ms semisort=  1.616ms (keyed= 0.408ms group_by=  0.081ms per_group= 0.503ms)
[pe] round=  8 work=    65536 frontier=   131072 next=    32768 consolidate=  1.603ms frontier=  0.383ms semisort=  3.594ms (keyed= 0.044ms group_by=  2.746ms per_group= 0.356ms)
[pe] round=  9 work=    32768 frontier=    65536 next=    16384 consolidate=  0.970ms frontier=  0.294ms semisort=  1.853ms (keyed= 0.029ms group_by=  1.251ms per_group= 0.268ms)
[pe] round= 10 work=    16384 frontier=    32768 next=     8192 consolidate=  0.637ms frontier=  0.263ms semisort=  1.115ms (keyed= 0.036ms group_by=  0.617ms per_group= 0.190ms)
[pe] round= 11 work=     8192 frontier=    16384 next=     4096 consolidate=  1.831ms frontier=  0.284ms semisort=  0.797ms (keyed= 0.027ms group_by=  0.422ms per_group= 0.129ms)
[pe] round= 12 work=     4096 frontier=     8192 next=     2048 consolidate=  1.016ms frontier=  0.166ms semisort=  2.044ms (keyed= 0.028ms group_by=  1.790ms per_group= 0.089ms)
[pe] round= 13 work=     2048 frontier=     4096 next=     1024 consolidate=  0.532ms frontier=  0.091ms semisort=  0.958ms (keyed= 0.012ms group_by=  0.756ms per_group= 0.065ms)
[pe] round= 14 work=     1024 frontier=     2048 next=      512 consolidate=  0.325ms frontier=  0.070ms semisort=  0.357ms (keyed= 0.007ms group_by=  0.203ms per_group= 0.057ms)
[pe] round= 15 work=      512 frontier=     1024 next=      256 consolidate=  0.153ms frontier=  0.056ms semisort=  0.210ms (keyed= 0.004ms group_by=  0.094ms per_group= 0.044ms)
[pe] round= 16 work=      256 frontier=      512 next=      128 consolidate=  0.089ms frontier=  0.027ms semisort=  0.127ms (keyed= 0.002ms group_by=  0.042ms per_group= 0.039ms)
[pe] round= 17 work=      128 frontier=      256 next=       64 consolidate=  0.063ms frontier=  0.018ms semisort=  0.076ms (keyed= 0.001ms group_by=  0.018ms per_group= 0.027ms)
[pe] round= 18 work=       64 frontier=      128 next=       32 consolidate=  0.045ms frontier=  0.007ms semisort=  0.039ms (keyed= 0.001ms group_by=  0.010ms per_group= 0.021ms)
[pe] round= 19 work=       32 frontier=       64 next=       16 consolidate=  0.032ms frontier=  0.005ms semisort=  0.021ms (keyed= 0.000ms group_by=  0.005ms per_group= 0.010ms)
[pe] round= 20 work=       16 frontier=       32 next=        8 consolidate=  0.027ms frontier=  0.004ms semisort=  0.009ms (keyed= 0.000ms group_by=  0.002ms per_group= 0.004ms)
[pe] round= 21 work=        8 frontier=       16 next=        4 consolidate=  0.025ms frontier=  0.002ms semisort=  0.006ms (keyed= 0.000ms group_by=  0.001ms per_group= 0.002ms)
[pe] round= 22 work=        4 frontier=        8 next=        2 consolidate=  0.005ms frontier=  0.001ms semisort=  0.003ms (keyed= 0.000ms group_by=  0.001ms per_group= 0.001ms)
[pe] round= 23 work=        2 frontier=        4 next=        1 consolidate=  0.012ms frontier=  0.001ms semisort=  0.003ms (keyed= 0.000ms group_by=  0.001ms per_group= 0.001ms)
[pe] round= 24 work=        1 (tail-skip: all parents empty)
[pe] round=  0 work=      360 frontier= 11664000 next=  5832000 consolidate=  1.163ms frontier=  7.588ms semisort= 69.491ms (keyed=19.022ms group_by=  0.570ms per_group=28.254ms)
[pe] round=  1 work=  5832000 frontier=  7469696 next=  2097152 consolidate= 65.067ms frontier= 10.445ms semisort= 39.802ms (keyed=11.610ms group_by=  0.534ms per_group=11.947ms)
[pe] round=  2 work=  2097152 frontier=  4194304 next=  1637696 consolidate= 27.377ms frontier=  9.376ms semisort= 23.250ms (keyed= 5.498ms group_by=  0.320ms per_group= 8.726ms)
[pe] round=  3 work=  1637696 frontier=  2097152 next=  1048576 consolidate= 26.252ms frontier=  6.414ms semisort= 13.223ms (keyed= 2.444ms group_by=  0.154ms per_group= 5.712ms)
[pe] round=  4 work=  1048576 frontier=  1048576 next=   524288 consolidate= 16.457ms frontier=  4.810ms semisort=  7.478ms (keyed= 1.134ms group_by=  0.116ms per_group= 3.305ms)
[pe] round=  5 work=   524288 frontier=   524288 next=   262144 consolidate= 11.001ms frontier=  3.365ms semisort=  4.375ms (keyed= 0.677ms group_by=  0.097ms per_group= 1.941ms)
[pe] round=  6 work=   262144 frontier=   262144 next=   131072 consolidate=  5.573ms frontier=  1.913ms semisort=  2.273ms (keyed= 0.450ms group_by=  0.098ms per_group= 0.773ms)
[pe] round=  7 work=   131072 frontier=   262144 next=    65536 consolidate=  3.017ms frontier=  0.545ms semisort=  1.666ms (keyed= 0.426ms group_by=  0.107ms per_group= 0.503ms)
[pe] round=  8 work=    65536 frontier=   131072 next=    32768 consolidate=  1.624ms frontier=  0.400ms semisort=  3.505ms (keyed= 0.044ms group_by=  2.614ms per_group= 0.385ms)
[pe] round=  9 work=    32768 frontier=    65536 next=    16384 consolidate=  0.985ms frontier=  0.265ms semisort=  2.055ms (keyed= 0.028ms group_by=  1.481ms per_group= 0.252ms)
[pe] round= 10 work=    16384 frontier=    32768 next=     8192 consolidate=  0.639ms frontier=  0.244ms semisort=  1.045ms (keyed= 0.035ms group_by=  0.589ms per_group= 0.207ms)
[pe] round= 11 work=     8192 frontier=    16384 next=     4096 consolidate=  1.837ms frontier=  0.283ms semisort=  0.799ms (keyed= 0.039ms group_by=  0.432ms per_group= 0.124ms)
[pe] round= 12 work=     4096 frontier=     8192 next=     2048 consolidate=  1.015ms frontier=  0.167ms semisort=  2.002ms (keyed= 0.014ms group_by=  1.768ms per_group= 0.084ms)
[pe] round= 13 work=     2048 frontier=     4096 next=     1024 consolidate=  0.534ms frontier=  0.095ms semisort=  0.884ms (keyed= 0.023ms group_by=  0.637ms per_group= 0.090ms)
[pe] round= 14 work=     1024 frontier=     2048 next=      512 consolidate=  0.319ms frontier=  0.072ms semisort=  0.377ms (keyed= 0.008ms group_by=  0.222ms per_group= 0.049ms)
[pe] round= 15 work=      512 frontier=     1024 next=      256 consolidate=  0.159ms frontier=  0.061ms semisort=  0.311ms (keyed= 0.005ms group_by=  0.195ms per_group= 0.049ms)
[pe] round= 16 work=      256 frontier=      512 next=      128 consolidate=  0.083ms frontier=  0.038ms semisort=  0.159ms (keyed= 0.002ms group_by=  0.049ms per_group= 0.054ms)
[pe] round= 17 work=      128 frontier=      256 next=       64 consolidate=  0.077ms frontier=  0.021ms semisort=  0.077ms (keyed= 0.001ms group_by=  0.023ms per_group= 0.025ms)
[pe] round= 18 work=       64 frontier=      128 next=       32 consolidate=  0.067ms frontier=  0.007ms semisort=  0.043ms (keyed= 0.001ms group_by=  0.009ms per_group= 0.025ms)
[pe] round= 19 work=       32 frontier=       64 next=       16 consolidate=  0.026ms frontier=  0.004ms semisort=  0.021ms (keyed= 0.000ms group_by=  0.005ms per_group= 0.010ms)
[pe] round= 20 work=       16 frontier=       32 next=        8 consolidate=  0.036ms frontier=  0.004ms semisort=  0.009ms (keyed= 0.000ms group_by=  0.002ms per_group= 0.004ms)
[pe] round= 21 work=        8 frontier=       16 next=        4 consolidate=  0.019ms frontier=  0.003ms semisort=  0.006ms (keyed= 0.000ms group_by=  0.001ms per_group= 0.002ms)
[pe] round= 22 work=        4 frontier=        8 next=        2 consolidate=  0.006ms frontier=  0.001ms semisort=  0.004ms (keyed= 0.000ms group_by=  0.001ms per_group= 0.001ms)
[pe] round= 23 work=        2 frontier=        4 next=        1 consolidate=  0.003ms frontier=  0.001ms semisort=  0.003ms (keyed= 0.000ms group_by=  0.001ms per_group= 0.001ms)
[pe] round= 24 work=        1 (tail-skip: all parents empty)
[pe] round=  0 work=      360 frontier= 11664000 next=  5832000 consolidate=  1.007ms frontier=  6.424ms semisort= 66.326ms (keyed=17.290ms group_by=  0.518ms per_group=27.796ms)
[pe] round=  1 work=  5832000 frontier=  7469696 next=  2097152 consolidate= 63.422ms frontier= 10.969ms semisort= 38.152ms (keyed=10.776ms group_by=  0.565ms per_group=12.018ms)
[pe] round=  2 work=  2097152 frontier=  4194304 next=  1637696 consolidate= 33.677ms frontier=  8.395ms semisort= 24.354ms (keyed= 6.290ms group_by=  0.376ms per_group= 8.850ms)
[pe] round=  3 work=  1637696 frontier=  2097152 next=  1048576 consolidate= 26.889ms frontier=  7.686ms semisort= 13.296ms (keyed= 2.478ms group_by=  0.158ms per_group= 5.726ms)
[pe] round=  4 work=  1048576 frontier=  1048576 next=   524288 consolidate= 22.004ms frontier=  4.667ms semisort=  7.705ms (keyed= 1.121ms group_by=  0.117ms per_group= 3.388ms)
[pe] round=  5 work=   524288 frontier=   524288 next=   262144 consolidate= 11.222ms frontier=  2.740ms semisort=  4.261ms (keyed= 0.668ms group_by=  0.085ms per_group= 1.918ms)
[pe] round=  6 work=   262144 frontier=   262144 next=   131072 consolidate=  8.127ms frontier=  1.764ms semisort=  2.165ms (keyed= 0.435ms group_by=  0.095ms per_group= 0.769ms)
[pe] round=  7 work=   131072 frontier=   262144 next=    65536 consolidate=  3.054ms frontier=  0.564ms semisort=  1.666ms (keyed= 0.418ms group_by=  0.092ms per_group= 0.526ms)
[pe] round=  8 work=    65536 frontier=   131072 next=    32768 consolidate=  1.658ms frontier=  0.383ms semisort=  3.793ms (keyed= 0.047ms group_by=  2.914ms per_group= 0.370ms)
[pe] round=  9 work=    32768 frontier=    65536 next=    16384 consolidate=  0.962ms frontier=  0.316ms semisort=  1.873ms (keyed= 0.042ms group_by=  1.230ms per_group= 0.284ms)
[pe] round= 10 work=    16384 frontier=    32768 next=     8192 consolidate=  0.620ms frontier=  0.243ms semisort=  1.237ms (keyed= 0.042ms group_by=  0.670ms per_group= 0.274ms)
[pe] round= 11 work=     8192 frontier=    16384 next=     4096 consolidate=  1.961ms frontier=  0.255ms semisort=  0.748ms (keyed= 0.027ms group_by=  0.401ms per_group= 0.127ms)
[pe] round= 12 work=     4096 frontier=     8192 next=     2048 consolidate=  1.102ms frontier=  0.171ms semisort=  1.966ms (keyed= 0.023ms group_by=  1.657ms per_group= 0.145ms)
[pe] round= 13 work=     2048 frontier=     4096 next=     1024 consolidate=  0.517ms frontier=  0.100ms semisort=  0.847ms (keyed= 0.013ms group_by=  0.658ms per_group= 0.063ms)
[pe] round= 14 work=     1024 frontier=     2048 next=      512 consolidate=  0.310ms frontier=  0.086ms semisort=  0.383ms (keyed= 0.011ms group_by=  0.228ms per_group= 0.066ms)
[pe] round= 15 work=      512 frontier=     1024 next=      256 consolidate=  0.186ms frontier=  0.042ms semisort=  0.217ms (keyed= 0.004ms group_by=  0.097ms per_group= 0.048ms)
[pe] round= 16 work=      256 frontier=      512 next=      128 consolidate=  0.092ms frontier=  0.036ms semisort=  0.127ms (keyed= 0.002ms group_by=  0.045ms per_group= 0.035ms)
[pe] round= 17 work=      128 frontier=      256 next=       64 consolidate=  0.062ms frontier=  0.017ms semisort=  0.086ms (keyed= 0.001ms group_by=  0.021ms per_group= 0.028ms)
[pe] round= 18 work=       64 frontier=      128 next=       32 consolidate=  0.043ms frontier=  0.007ms semisort=  0.039ms (keyed= 0.001ms group_by=  0.010ms per_group= 0.020ms)
[pe] round= 19 work=       32 frontier=       64 next=       16 consolidate=  0.026ms frontier=  0.004ms semisort=  0.012ms (keyed= 0.000ms group_by=  0.004ms per_group= 0.005ms)
[pe] round= 20 work=       16 frontier=       32 next=        8 consolidate=  0.027ms frontier=  0.003ms semisort=  0.007ms (keyed= 0.000ms group_by=  0.001ms per_group= 0.003ms)
[pe] round= 21 work=        8 frontier=       16 next=        4 consolidate=  0.012ms frontier=  0.002ms semisort=  0.005ms (keyed= 0.000ms group_by=  0.001ms per_group= 0.002ms)
[pe] round= 22 work=        4 frontier=        8 next=        2 consolidate=  0.007ms frontier=  0.002ms semisort=  0.004ms (keyed= 0.000ms group_by=  0.001ms per_group= 0.001ms)
[pe] round= 23 work=        2 frontier=        4 next=        1 consolidate=  0.003ms frontier=  0.001ms semisort=  0.003ms (keyed= 0.000ms group_by=  0.000ms per_group= 0.001ms)
[pe] round= 24 work=        1 (tail-skip: all parents empty)
[pe-async] round=  0 R=2 dirty= 11664000 runs=  5832000 filter=  6.186ms semisort= 35.818ms
[pe-async] round=  1 R=3 dirty=  7469696 runs=  5372544 filter=  5.563ms semisort= 28.728ms
[pe-async] round=  2 R=4 dirty=  4194304 runs=  2556608 filter=  6.348ms semisort= 11.342ms
[pe-async] round=  3 R=5 dirty=  2097152 runs=  1048576 filter=  6.459ms semisort=  6.988ms
[pe-async] round=  4 R=6 dirty=  1048576 runs=   524288 filter=  5.758ms semisort=  3.957ms
[pe-async] round=  5 R=7 dirty=   524288 runs=   262144 filter=  5.561ms semisort=  2.213ms
[pe-async] round=  6 R=8 dirty=   262144 runs=   131072 filter=  5.446ms semisort=  1.430ms
[pe-async] round=  7 R=9 dirty=   131072 runs=    65536 filter=  5.331ms semisort=  0.903ms
[pe-async] round=  8 R=10 dirty=    65536 runs=    32768 filter=  5.370ms semisort=  2.665ms
[pe-async] round=  9 R=11 dirty=    32768 runs=    16384 filter=  5.161ms semisort=  1.376ms
[pe-async] round= 10 R=12 dirty=    16384 runs=     8192 filter=  5.091ms semisort=  0.686ms
[pe-async] round= 11 R=13 dirty=     8192 runs=     4096 filter=  5.181ms semisort=  0.406ms
[pe-async] round= 12 R=14 dirty=     4096 runs=     2048 filter=  5.356ms semisort=  0.222ms
[pe-async] round= 13 R=15 dirty=     2048 runs=     1024 filter=  5.170ms semisort=  0.168ms
[pe-async] round= 14 R=16 dirty=     1024 runs=      512 filter=  4.967ms semisort=  0.092ms
[pe-async] round= 15 R=17 dirty=      512 runs=      256 filter=  5.111ms semisort=  0.064ms
[pe-async] round= 16 R=18 dirty=      256 runs=      128 filter=  5.242ms semisort=  0.059ms
[pe-async] round= 17 R=19 dirty=      128 runs=       64 filter=  4.890ms semisort=  0.061ms
[pe-async] round= 18 R=20 dirty=       64 runs=       32 filter=  4.912ms semisort=  0.052ms
[pe-async] round= 19 R=21 dirty=       32 runs=       16 filter=  4.918ms semisort=  0.038ms
[pe-async] round= 20 R=22 dirty=       16 runs=        8 filter=  4.998ms semisort=  0.017ms
[pe-async] round= 21 R=23 dirty=        8 runs=        4 filter=  4.873ms semisort=  0.012ms
[pe-async] round= 22 R=24 dirty=        4 runs=        2 filter=  4.864ms semisort=  0.011ms
[pe-async] round= 23 R=25 dirty=        2 runs=        1 filter=  4.842ms semisort=  0.010ms
[pe-async] round= 24 R=26 dirty=        0 filter=  4.840ms (clean break)
[pe-async] round=  0 R=2 dirty= 11664000 runs=  5832000 filter=  5.933ms semisort= 37.614ms
[pe-async] round=  1 R=3 dirty=  7469696 runs=  5372544 filter=  5.609ms semisort= 22.587ms
[pe-async] round=  2 R=4 dirty=  4194304 runs=  2556608 filter=  6.605ms semisort= 11.012ms
[pe-async] round=  3 R=5 dirty=  2097152 runs=  1048576 filter=  6.463ms semisort=  7.076ms
[pe-async] round=  4 R=6 dirty=  1048576 runs=   524288 filter=  5.751ms semisort=  3.906ms
[pe-async] round=  5 R=7 dirty=   524288 runs=   262144 filter=  5.588ms semisort=  2.281ms
[pe-async] round=  6 R=8 dirty=   262144 runs=   131072 filter=  5.460ms semisort=  1.397ms
[pe-async] round=  7 R=9 dirty=   131072 runs=    65536 filter=  5.349ms semisort=  0.832ms
[pe-async] round=  8 R=10 dirty=    65536 runs=    32768 filter=  5.251ms semisort=  2.847ms
[pe-async] round=  9 R=11 dirty=    32768 runs=    16384 filter=  5.217ms semisort=  1.386ms
[pe-async] round= 10 R=12 dirty=    16384 runs=     8192 filter=  5.159ms semisort=  0.724ms
[pe-async] round= 11 R=13 dirty=     8192 runs=     4096 filter=  5.112ms semisort=  0.382ms
[pe-async] round= 12 R=14 dirty=     4096 runs=     2048 filter=  5.160ms semisort=  0.247ms
[pe-async] round= 13 R=15 dirty=     2048 runs=     1024 filter=  5.298ms semisort=  0.167ms
[pe-async] round= 14 R=16 dirty=     1024 runs=      512 filter=  5.004ms semisort=  0.109ms
[pe-async] round= 15 R=17 dirty=      512 runs=      256 filter=  5.002ms semisort=  0.085ms
[pe-async] round= 16 R=18 dirty=      256 runs=      128 filter=  4.918ms semisort=  0.078ms
[pe-async] round= 17 R=19 dirty=      128 runs=       64 filter=  5.055ms semisort=  0.061ms
[pe-async] round= 18 R=20 dirty=       64 runs=       32 filter=  4.954ms semisort=  0.058ms
[pe-async] round= 19 R=21 dirty=       32 runs=       16 filter=  5.155ms semisort=  0.054ms
[pe-async] round= 20 R=22 dirty=       16 runs=        8 filter=  4.871ms semisort=  0.043ms
[pe-async] round= 21 R=23 dirty=        8 runs=        4 filter=  4.864ms semisort=  0.013ms
[pe-async] round= 22 R=24 dirty=        4 runs=        2 filter=  4.847ms semisort=  0.020ms
[pe-async] round= 23 R=25 dirty=        2 runs=        1 filter=  5.440ms semisort=  0.011ms
[pe-async] round= 24 R=26 dirty=        0 filter=  5.168ms (clean break)
[pe-async] round=  0 R=2 dirty= 11664000 runs=  5832000 filter=  5.967ms semisort= 35.390ms
[pe-async] round=  1 R=3 dirty=  7469696 runs=  5372544 filter=  5.619ms semisort= 22.959ms
[pe-async] round=  2 R=4 dirty=  4194304 runs=  2556608 filter=  6.443ms semisort= 11.019ms
[pe-async] round=  3 R=5 dirty=  2097152 runs=  1048576 filter=  6.486ms semisort=  7.226ms
[pe-async] round=  4 R=6 dirty=  1048576 runs=   524288 filter=  5.746ms semisort=  3.920ms
[pe-async] round=  5 R=7 dirty=   524288 runs=   262144 filter=  5.574ms semisort=  2.251ms
[pe-async] round=  6 R=8 dirty=   262144 runs=   131072 filter=  5.414ms semisort=  1.393ms
[pe-async] round=  7 R=9 dirty=   131072 runs=    65536 filter=  5.290ms semisort=  0.910ms
[pe-async] round=  8 R=10 dirty=    65536 runs=    32768 filter=  5.218ms semisort=  2.653ms
[pe-async] round=  9 R=11 dirty=    32768 runs=    16384 filter=  5.568ms semisort=  1.368ms
[pe-async] round= 10 R=12 dirty=    16384 runs=     8192 filter=  5.128ms semisort=  0.708ms
[pe-async] round= 11 R=13 dirty=     8192 runs=     4096 filter=  5.188ms semisort=  0.377ms
[pe-async] round= 12 R=14 dirty=     4096 runs=     2048 filter=  5.032ms semisort=  0.237ms
[pe-async] round= 13 R=15 dirty=     2048 runs=     1024 filter=  5.041ms semisort=  0.145ms
[pe-async] round= 14 R=16 dirty=     1024 runs=      512 filter=  5.092ms semisort=  0.104ms
[pe-async] round= 15 R=17 dirty=      512 runs=      256 filter=  4.940ms semisort=  0.086ms
[pe-async] round= 16 R=18 dirty=      256 runs=      128 filter=  4.928ms semisort=  0.069ms
[pe-async] round= 17 R=19 dirty=      128 runs=       64 filter=  5.134ms semisort=  0.060ms
[pe-async] round= 18 R=20 dirty=       64 runs=       32 filter=  4.919ms semisort=  0.067ms
[pe-async] round= 19 R=21 dirty=       32 runs=       16 filter=  4.964ms semisort=  0.058ms
[pe-async] round= 20 R=22 dirty=       16 runs=        8 filter=  4.874ms semisort=  0.025ms
[pe-async] round= 21 R=23 dirty=        8 runs=        4 filter=  4.875ms semisort=  0.013ms
[pe-async] round= 22 R=24 dirty=        4 runs=        2 filter=  4.875ms semisort=  0.010ms
[pe-async] round= 23 R=25 dirty=        2 runs=        1 filter=  4.845ms semisort=  0.009ms
[pe-async] round= 24 R=26 dirty=        0 filter=  4.898ms (clean break)
[pe-async] round=  0 R=2 dirty= 11664000 runs=  5832000 filter=  6.584ms semisort= 36.894ms
[pe-async] round=  1 R=3 dirty=  7469696 runs=  5372544 filter=  6.269ms semisort= 23.935ms
[pe-async] round=  2 R=4 dirty=  4194304 runs=  2556608 filter=  6.673ms semisort= 12.398ms
[pe-async] round=  3 R=5 dirty=  2097152 runs=  1048576 filter=  6.821ms semisort=  7.588ms
[pe-async] round=  4 R=6 dirty=  1048576 runs=   524288 filter=  6.000ms semisort=  3.821ms
[pe-async] round=  5 R=7 dirty=   524288 runs=   262144 filter=  5.769ms semisort=  2.455ms
[pe-async] round=  6 R=8 dirty=   262144 runs=   131072 filter=  5.909ms semisort=  1.274ms
[pe-async] round=  7 R=9 dirty=   131072 runs=    65536 filter=  5.768ms semisort=  0.813ms
[pe-async] round=  8 R=10 dirty=    65536 runs=    32768 filter=  5.446ms semisort=  2.976ms
[pe-async] round=  9 R=11 dirty=    32768 runs=    16384 filter=  5.677ms semisort=  1.281ms
[pe-async] round= 10 R=12 dirty=    16384 runs=     8192 filter=  6.124ms semisort=  1.020ms
[pe-async] round= 11 R=13 dirty=     8192 runs=     4096 filter=  5.557ms semisort=  0.883ms
[pe-async] round= 12 R=14 dirty=     4096 runs=     2048 filter=  5.508ms semisort=  0.224ms
[pe-async] round= 13 R=15 dirty=     2048 runs=     1024 filter=  5.208ms semisort=  0.147ms
[pe-async] round= 14 R=16 dirty=     1024 runs=      512 filter=  5.429ms semisort=  0.085ms
[pe-async] round= 15 R=17 dirty=      512 runs=      256 filter=  5.153ms semisort=  0.085ms
[pe-async] round= 16 R=18 dirty=      256 runs=      128 filter=  5.400ms semisort=  0.062ms
[pe-async] round= 17 R=19 dirty=      128 runs=       64 filter=  5.199ms semisort=  0.073ms
[pe-async] round= 18 R=20 dirty=       64 runs=       32 filter=  5.077ms semisort=  0.059ms
[pe-async] round= 19 R=21 dirty=       32 runs=       16 filter=  5.214ms semisort=  0.053ms
[pe-async] round= 20 R=22 dirty=       16 runs=        8 filter=  5.083ms semisort=  0.017ms
[pe-async] round= 21 R=23 dirty=        8 runs=        4 filter=  5.196ms semisort=  0.013ms
[pe-async] round= 22 R=24 dirty=        4 runs=        2 filter=  5.173ms semisort=  0.012ms
[pe-async] round= 23 R=25 dirty=        2 runs=        1 filter=  5.190ms semisort=  0.010ms
[pe-async] round= 24 R=26 dirty=        0 filter=  5.238ms (clean break)
[pe-async] round=  0 R=2 dirty= 11664000 runs=  5832000 filter=  6.416ms semisort= 37.123ms
[pe-async] round=  1 R=3 dirty=  7469696 runs=  5372544 filter=  5.921ms semisort= 23.337ms
[pe-async] round=  2 R=4 dirty=  4194304 runs=  2556608 filter=  6.588ms semisort= 11.367ms
[pe-async] round=  3 R=5 dirty=  2097152 runs=  1048576 filter=  6.423ms semisort=  7.161ms
[pe-async] round=  4 R=6 dirty=  1048576 runs=   524288 filter=  5.766ms semisort=  3.862ms
[pe-async] round=  5 R=7 dirty=   524288 runs=   262144 filter=  5.567ms semisort=  2.237ms
[pe-async] round=  6 R=8 dirty=   262144 runs=   131072 filter=  5.403ms semisort=  1.360ms
[pe-async] round=  7 R=9 dirty=   131072 runs=    65536 filter=  5.285ms semisort=  0.891ms
[pe-async] round=  8 R=10 dirty=    65536 runs=    32768 filter=  5.188ms semisort=  2.813ms
[pe-async] round=  9 R=11 dirty=    32768 runs=    16384 filter=  5.357ms semisort=  1.385ms
[pe-async] round= 10 R=12 dirty=    16384 runs=     8192 filter=  5.175ms semisort=  0.672ms
[pe-async] round= 11 R=13 dirty=     8192 runs=     4096 filter=  5.477ms semisort=  0.384ms
[pe-async] round= 12 R=14 dirty=     4096 runs=     2048 filter=  5.055ms semisort=  0.237ms
[pe-async] round= 13 R=15 dirty=     2048 runs=     1024 filter=  5.002ms semisort=  0.159ms
[pe-async] round= 14 R=16 dirty=     1024 runs=      512 filter=  4.969ms semisort=  0.134ms
[pe-async] round= 15 R=17 dirty=      512 runs=      256 filter=  5.313ms semisort=  0.073ms
[pe-async] round= 16 R=18 dirty=      256 runs=      128 filter=  4.934ms semisort=  0.079ms
[pe-async] round= 17 R=19 dirty=      128 runs=       64 filter=  4.900ms semisort=  0.069ms
[pe-async] round= 18 R=20 dirty=       64 runs=       32 filter=  5.232ms semisort=  0.058ms
[pe-async] round= 19 R=21 dirty=       32 runs=       16 filter=  4.878ms semisort=  0.054ms
[pe-async] round= 20 R=22 dirty=       16 runs=        8 filter=  4.861ms semisort=  0.020ms
[pe-async] round= 21 R=23 dirty=        8 runs=        4 filter=  4.909ms semisort=  0.012ms
[pe-async] round= 22 R=24 dirty=        4 runs=        2 filter=  5.125ms semisort=  0.011ms
[pe-async] round= 23 R=25 dirty=        2 runs=        1 filter=  4.829ms semisort=  0.010ms
[pe-async] round= 24 R=26 dirty=        0 filter=  4.840ms (clean break)
[pe-async] round=  0 R=2 dirty= 11664000 runs=  5832000 filter=  5.977ms semisort= 35.675ms
[pe-async] round=  1 R=3 dirty=  7469696 runs=  5372544 filter=  5.579ms semisort= 22.033ms
[pe-async] round=  2 R=4 dirty=  4194304 runs=  2556608 filter=  6.367ms semisort= 11.140ms
[pe-async] round=  3 R=5 dirty=  2097152 runs=  1048576 filter=  6.320ms semisort=  7.279ms
[pe-async] round=  4 R=6 dirty=  1048576 runs=   524288 filter=  5.736ms semisort=  4.076ms
[pe-async] round=  5 R=7 dirty=   524288 runs=   262144 filter=  5.537ms semisort=  2.299ms
[pe-async] round=  6 R=8 dirty=   262144 runs=   131072 filter=  5.427ms semisort=  1.460ms
[pe-async] round=  7 R=9 dirty=   131072 runs=    65536 filter=  5.265ms semisort=  0.860ms
[pe-async] round=  8 R=10 dirty=    65536 runs=    32768 filter=  5.375ms semisort=  2.515ms
[pe-async] round=  9 R=11 dirty=    32768 runs=    16384 filter=  5.162ms semisort=  1.375ms
[pe-async] round= 10 R=12 dirty=    16384 runs=     8192 filter=  5.173ms semisort=  0.672ms
[pe-async] round= 11 R=13 dirty=     8192 runs=     4096 filter=  5.367ms semisort=  0.374ms
[pe-async] round= 12 R=14 dirty=     4096 runs=     2048 filter=  5.223ms semisort=  0.236ms
[pe-async] round= 13 R=15 dirty=     2048 runs=     1024 filter=  5.004ms semisort=  0.154ms
[pe-async] round= 14 R=16 dirty=     1024 runs=      512 filter=  4.968ms semisort=  0.095ms
[pe-async] round= 15 R=17 dirty=      512 runs=      256 filter=  4.983ms semisort=  0.072ms
[pe-async] round= 16 R=18 dirty=      256 runs=      128 filter=  4.996ms semisort=  0.067ms
[pe-async] round= 17 R=19 dirty=      128 runs=       64 filter=  5.410ms semisort=  0.063ms
[pe-async] round= 18 R=20 dirty=       64 runs=       32 filter=  4.900ms semisort=  0.044ms
[pe-async] round= 19 R=21 dirty=       32 runs=       16 filter=  4.917ms semisort=  0.051ms
[pe-async] round= 20 R=22 dirty=       16 runs=        8 filter=  4.910ms semisort=  0.018ms
[pe-async] round= 21 R=23 dirty=        8 runs=        4 filter=  4.897ms semisort=  0.013ms
[pe-async] round= 22 R=24 dirty=        4 runs=        2 filter=  4.851ms semisort=  0.011ms
[pe-async] round= 23 R=25 dirty=        2 runs=        1 filter=  4.848ms semisort=  0.009ms
[pe-async] round= 24 R=26 dirty=        0 filter=  4.862ms (clean break)
