[synthetic_bench] cube n=30 d=2 classes=108058 merges=30 ...
[pe] round=  0 work=       60 frontier=   162000 next=    27000 consolidate=  0.756ms frontier=  0.047ms semisort=  9.808ms (keyed= 0.851ms group_by=  8.001ms per_group= 0.423ms)
[pe] round=  1 work=    27000 frontier=    54000 next=    10616 consolidate=  2.794ms frontier=  0.424ms semisort=  2.521ms (keyed= 0.281ms group_by=  1.522ms per_group= 0.227ms)
[pe] round=  2 work=    10616 frontier=    21232 next=     8192 consolidate=  0.759ms frontier=  0.405ms semisort=  1.441ms (keyed= 0.022ms group_by=  0.704ms per_group= 0.214ms)
[pe] round=  3 work=     8192 frontier=    16384 next=     4096 consolidate=  0.632ms frontier=  0.238ms semisort=  0.876ms (keyed= 0.025ms group_by=  0.488ms per_group= 0.166ms)
[pe] round=  4 work=     4096 frontier=     8192 next=     2048 consolidate=  0.453ms frontier=  0.172ms semisort=  1.259ms (keyed= 0.030ms group_by=  0.970ms per_group= 0.115ms)
[pe] round=  5 work=     2048 frontier=     4096 next=     1024 consolidate=  0.278ms frontier=  0.085ms semisort=  0.537ms (keyed= 0.014ms group_by=  0.344ms per_group= 0.077ms)
[pe] round=  6 work=     1024 frontier=     2048 next=      512 consolidate=  0.165ms frontier=  0.080ms semisort=  0.421ms (keyed= 0.010ms group_by=  0.249ms per_group= 0.066ms)
[pe] round=  7 work=      512 frontier=     1024 next=      256 consolidate=  0.131ms frontier=  0.039ms semisort=  0.194ms (keyed= 0.003ms group_by=  0.085ms per_group= 0.041ms)
[pe] round=  8 work=      256 frontier=      512 next=      128 consolidate=  0.082ms frontier=  0.026ms semisort=  0.134ms (keyed= 0.002ms group_by=  0.042ms per_group= 0.048ms)
[pe] round=  9 work=      128 frontier=      256 next=       64 consolidate=  0.068ms frontier=  0.008ms semisort=  0.060ms (keyed= 0.001ms group_by=  0.022ms per_group= 0.018ms)
[pe] round= 10 work=       64 frontier=      128 next=       32 consolidate=  0.059ms frontier=  0.006ms semisort=  0.037ms (keyed= 0.001ms group_by=  0.009ms per_group= 0.020ms)
[pe] round= 11 work=       32 frontier=       64 next=       16 consolidate=  0.039ms frontier=  0.004ms semisort=  0.019ms (keyed= 0.001ms group_by=  0.005ms per_group= 0.009ms)
[pe] round= 12 work=       16 frontier=       32 next=        8 consolidate=  0.026ms frontier=  0.002ms semisort=  0.008ms (keyed= 0.000ms group_by=  0.002ms per_group= 0.004ms)
[pe] round= 13 work=        8 frontier=       16 next=        4 consolidate=  0.008ms frontier=  0.002ms semisort=  0.005ms (keyed= 0.000ms group_by=  0.001ms per_group= 0.002ms)
[pe] round= 14 work=        4 frontier=        8 next=        2 consolidate=  0.004ms frontier=  0.001ms semisort=  0.003ms (keyed= 0.000ms group_by=  0.000ms per_group= 0.001ms)
[pe] round= 15 work=        2 frontier=        4 next=        1 consolidate=  0.002ms frontier=  0.001ms semisort=  0.002ms (keyed= 0.000ms group_by=  0.000ms per_group= 0.000ms)
[pe] round= 16 work=        1 (tail-skip: all parents empty)
[pe] round=  0 work=       60 frontier=   162000 next=    27000 consolidate=  0.131ms frontier=  0.047ms semisort=  2.367ms (keyed= 0.040ms group_by=  1.547ms per_group= 0.363ms)
[pe] round=  1 work=    27000 frontier=    54000 next=    10616 consolidate=  0.824ms frontier=  0.284ms semisort=  1.356ms (keyed= 0.031ms group_by=  0.695ms per_group= 0.226ms)
[pe] round=  2 work=    10616 frontier=    21232 next=     8192 consolidate=  0.705ms frontier=  0.413ms semisort=  1.068ms (keyed= 0.027ms group_by=  0.474ms per_group= 0.196ms)
[pe] round=  3 work=     8192 frontier=    16384 next=     4096 consolidate=  0.697ms frontier=  0.233ms semisort=  0.775ms (keyed= 0.018ms group_by=  0.383ms per_group= 0.150ms)
[pe] round=  4 work=     4096 frontier=     8192 next=     2048 consolidate=  0.462ms frontier=  0.182ms semisort=  1.267ms (keyed= 0.015ms group_by=  0.963ms per_group= 0.147ms)
[pe] round=  5 work=     2048 frontier=     4096 next=     1024 consolidate=  0.235ms frontier=  0.096ms semisort=  0.633ms (keyed= 0.017ms group_by=  0.403ms per_group= 0.077ms)
[pe] round=  6 work=     1024 frontier=     2048 next=      512 consolidate=  0.202ms frontier=  0.068ms semisort=  0.306ms (keyed= 0.009ms group_by=  0.153ms per_group= 0.050ms)
[pe] round=  7 work=      512 frontier=     1024 next=      256 consolidate=  0.123ms frontier=  0.040ms semisort=  0.214ms (keyed= 0.004ms group_by=  0.078ms per_group= 0.058ms)
[pe] round=  8 work=      256 frontier=      512 next=      128 consolidate=  0.091ms frontier=  0.019ms semisort=  0.123ms (keyed= 0.002ms group_by=  0.044ms per_group= 0.030ms)
[pe] round=  9 work=      128 frontier=      256 next=       64 consolidate=  0.079ms frontier=  0.010ms semisort=  0.069ms (keyed= 0.001ms group_by=  0.022ms per_group= 0.024ms)
[pe] round= 10 work=       64 frontier=      128 next=       32 consolidate=  0.052ms frontier=  0.006ms semisort=  0.038ms (keyed= 0.001ms group_by=  0.011ms per_group= 0.019ms)
[pe] round= 11 work=       32 frontier=       64 next=       16 consolidate=  0.024ms frontier=  0.003ms semisort=  0.011ms (keyed= 0.000ms group_by=  0.003ms per_group= 0.005ms)
[pe] round= 12 work=       16 frontier=       32 next=        8 consolidate=  0.021ms frontier=  0.003ms semisort=  0.008ms (keyed= 0.000ms group_by=  0.002ms per_group= 0.004ms)
[pe] round= 13 work=        8 frontier=       16 next=        4 consolidate=  0.012ms frontier=  0.002ms semisort=  0.005ms (keyed= 0.000ms group_by=  0.001ms per_group= 0.002ms)
[pe] round= 14 work=        4 frontier=        8 next=        2 consolidate=  0.015ms frontier=  0.002ms semisort=  0.003ms (keyed= 0.000ms group_by=  0.001ms per_group= 0.001ms)
[pe] round= 15 work=        2 frontier=        4 next=        1 consolidate=  0.003ms frontier=  0.001ms semisort=  0.002ms (keyed= 0.000ms group_by=  0.000ms per_group= 0.001ms)
[pe] round= 16 work=        1 (tail-skip: all parents empty)
[pe] round=  0 work=       60 frontier=   162000 next=    27000 consolidate=  0.073ms frontier=  0.050ms semisort=  2.305ms (keyed= 0.042ms group_by=  1.524ms per_group= 0.361ms)
[pe] round=  1 work=    27000 frontier=    54000 next=    10616 consolidate=  0.828ms frontier=  0.305ms semisort=  1.268ms (keyed= 0.045ms group_by=  0.631ms per_group= 0.244ms)
[pe] round=  2 work=    10616 frontier=    21232 next=     8192 consolidate=  0.696ms frontier=  0.350ms semisort=  0.999ms (keyed= 0.038ms group_by=  0.423ms per_group= 0.180ms)
[pe] round=  3 work=     8192 frontier=    16384 next=     4096 consolidate=  0.670ms frontier=  0.242ms semisort=  0.777ms (keyed= 0.045ms group_by=  0.398ms per_group= 0.152ms)
[pe] round=  4 work=     4096 frontier=     8192 next=     2048 consolidate=  0.393ms frontier=  0.155ms semisort=  1.128ms (keyed= 0.022ms group_by=  0.889ms per_group= 0.096ms)
[pe] round=  5 work=     2048 frontier=     4096 next=     1024 consolidate=  0.230ms frontier=  0.084ms semisort=  0.632ms (keyed= 0.016ms group_by=  0.406ms per_group= 0.068ms)
[pe] round=  6 work=     1024 frontier=     2048 next=      512 consolidate=  0.187ms frontier=  0.066ms semisort=  0.322ms (keyed= 0.010ms group_by=  0.160ms per_group= 0.046ms)
[pe] round=  7 work=      512 frontier=     1024 next=      256 consolidate=  0.142ms frontier=  0.045ms semisort=  0.207ms (keyed= 0.010ms group_by=  0.088ms per_group= 0.043ms)
[pe] round=  8 work=      256 frontier=      512 next=      128 consolidate=  0.099ms frontier=  0.024ms semisort=  0.144ms (keyed= 0.002ms group_by=  0.045ms per_group= 0.044ms)
[pe] round=  9 work=      128 frontier=      256 next=       64 consolidate=  0.074ms frontier=  0.008ms semisort=  0.081ms (keyed= 0.001ms group_by=  0.021ms per_group= 0.032ms)
[pe] round= 10 work=       64 frontier=      128 next=       32 consolidate=  0.042ms frontier=  0.006ms semisort=  0.041ms (keyed= 0.001ms group_by=  0.010ms per_group= 0.022ms)
[pe] round= 11 work=       32 frontier=       64 next=       16 consolidate=  0.033ms frontier=  0.004ms semisort=  0.018ms (keyed= 0.001ms group_by=  0.004ms per_group= 0.009ms)
[pe] round= 12 work=       16 frontier=       32 next=        8 consolidate=  0.024ms frontier=  0.002ms semisort=  0.006ms (keyed= 0.000ms group_by=  0.001ms per_group= 0.003ms)
[pe] round= 13 work=        8 frontier=       16 next=        4 consolidate=  0.011ms frontier=  0.001ms semisort=  0.004ms (keyed= 0.000ms group_by=  0.001ms per_group= 0.001ms)
[pe] round= 14 work=        4 frontier=        8 next=        2 consolidate=  0.004ms frontier=  0.001ms semisort=  0.003ms (keyed= 0.000ms group_by=  0.000ms per_group= 0.001ms)
[pe] round= 15 work=        2 frontier=        4 next=        1 consolidate=  0.003ms frontier=  0.001ms semisort=  0.002ms (keyed= 0.000ms group_by=  0.000ms per_group= 0.001ms)
[pe] round= 16 work=        1 (tail-skip: all parents empty)
[pe] round=  0 work=       60 frontier=   162000 next=    27000 consolidate=  0.079ms frontier=  0.051ms semisort=  2.164ms (keyed= 0.048ms group_by=  1.429ms per_group= 0.342ms)
[pe] round=  1 work=    27000 frontier=    54000 next=    10616 consolidate=  0.888ms frontier=  0.270ms semisort=  1.398ms (keyed= 0.069ms group_by=  0.767ms per_group= 0.238ms)
[pe] round=  2 work=    10616 frontier=    21232 next=     8192 consolidate=  0.622ms frontier=  0.315ms semisort=  0.955ms (keyed= 0.037ms group_by=  0.394ms per_group= 0.191ms)
[pe] round=  3 work=     8192 frontier=    16384 next=     4096 consolidate=  0.704ms frontier=  0.198ms semisort=  0.744ms (keyed= 0.031ms group_by=  0.367ms per_group= 0.149ms)
[pe] round=  4 work=     4096 frontier=     8192 next=     2048 consolidate=  0.371ms frontier=  0.145ms semisort=  1.224ms (keyed= 0.029ms group_by=  0.935ms per_group= 0.112ms)
[pe] round=  5 work=     2048 frontier=     4096 next=     1024 consolidate=  0.255ms frontier=  0.098ms semisort=  0.505ms (keyed= 0.013ms group_by=  0.333ms per_group= 0.063ms)
[pe] round=  6 work=     1024 frontier=     2048 next=      512 consolidate=  0.196ms frontier=  0.061ms semisort=  0.308ms (keyed= 0.011ms group_by=  0.150ms per_group= 0.053ms)
[pe] round=  7 work=      512 frontier=     1024 next=      256 consolidate=  0.128ms frontier=  0.036ms semisort=  0.200ms (keyed= 0.003ms group_by=  0.078ms per_group= 0.044ms)
[pe] round=  8 work=      256 frontier=      512 next=      128 consolidate=  0.067ms frontier=  0.029ms semisort=  0.118ms (keyed= 0.002ms group_by=  0.047ms per_group= 0.027ms)
[pe] round=  9 work=      128 frontier=      256 next=       64 consolidate=  0.069ms frontier=  0.007ms semisort=  0.073ms (keyed= 0.001ms group_by=  0.021ms per_group= 0.024ms)
[pe] round= 10 work=       64 frontier=      128 next=       32 consolidate=  0.053ms frontier=  0.006ms semisort=  0.036ms (keyed= 0.001ms group_by=  0.010ms per_group= 0.018ms)
[pe] round= 11 work=       32 frontier=       64 next=       16 consolidate=  0.033ms frontier=  0.003ms semisort=  0.015ms (keyed= 0.000ms group_by=  0.003ms per_group= 0.008ms)
[pe] round= 12 work=       16 frontier=       32 next=        8 consolidate=  0.023ms frontier=  0.003ms semisort=  0.009ms (keyed= 0.000ms group_by=  0.002ms per_group= 0.004ms)
[pe] round= 13 work=        8 frontier=       16 next=        4 consolidate=  0.009ms frontier=  0.002ms semisort=  0.005ms (keyed= 0.000ms group_by=  0.001ms per_group= 0.002ms)
[pe] round= 14 work=        4 frontier=        8 next=        2 consolidate=  0.006ms frontier=  0.001ms semisort=  0.003ms (keyed= 0.000ms group_by=  0.001ms per_group= 0.001ms)
[pe] round= 15 work=        2 frontier=        4 next=        1 consolidate=  0.003ms frontier=  0.001ms semisort=  0.002ms (keyed= 0.000ms group_by=  0.000ms per_group= 0.001ms)
[pe] round= 16 work=        1 (tail-skip: all parents empty)
[pe] round=  0 work=       60 frontier=   162000 next=    27000 consolidate=  0.053ms frontier=  0.056ms semisort=  2.296ms (keyed= 0.057ms group_by=  1.569ms per_group= 0.344ms)
[pe] round=  1 work=    27000 frontier=    54000 next=    10616 consolidate=  0.796ms frontier=  0.308ms semisort=  1.506ms (keyed= 0.037ms group_by=  0.895ms per_group= 0.238ms)
[pe] round=  2 work=    10616 frontier=    21232 next=     8192 consolidate=  0.644ms frontier=  0.350ms semisort=  0.886ms (keyed= 0.040ms group_by=  0.353ms per_group= 0.194ms)
[pe] round=  3 work=     8192 frontier=    16384 next=     4096 consolidate=  0.734ms frontier=  0.231ms semisort=  0.600ms (keyed= 0.039ms group_by=  0.259ms per_group= 0.129ms)
[pe] round=  4 work=     4096 frontier=     8192 next=     2048 consolidate=  0.378ms frontier=  0.146ms semisort=  1.196ms (keyed= 0.029ms group_by=  0.945ms per_group= 0.093ms)
[pe] round=  5 work=     2048 frontier=     4096 next=     1024 consolidate=  0.250ms frontier=  0.101ms semisort=  0.559ms (keyed= 0.014ms group_by=  0.349ms per_group= 0.103ms)
[pe] round=  6 work=     1024 frontier=     2048 next=      512 consolidate=  0.186ms frontier=  0.057ms semisort=  0.312ms (keyed= 0.011ms group_by=  0.154ms per_group= 0.053ms)
[pe] round=  7 work=      512 frontier=     1024 next=      256 consolidate=  0.124ms frontier=  0.048ms semisort=  0.205ms (keyed= 0.003ms group_by=  0.081ms per_group= 0.054ms)
[pe] round=  8 work=      256 frontier=      512 next=      128 consolidate=  0.078ms frontier=  0.026ms semisort=  0.195ms (keyed= 0.002ms group_by=  0.131ms per_group= 0.022ms)
[pe] round=  9 work=      128 frontier=      256 next=       64 consolidate=  0.054ms frontier=  0.010ms semisort=  0.083ms (keyed= 0.001ms group_by=  0.023ms per_group= 0.027ms)
[pe] round= 10 work=       64 frontier=      128 next=       32 consolidate=  0.046ms frontier=  0.006ms semisort=  0.033ms (keyed= 0.001ms group_by=  0.010ms per_group= 0.016ms)
[pe] round= 11 work=       32 frontier=       64 next=       16 consolidate=  0.022ms frontier=  0.003ms semisort=  0.015ms (keyed= 0.000ms group_by=  0.003ms per_group= 0.008ms)
[pe] round= 12 work=       16 frontier=       32 next=        8 consolidate=  0.025ms frontier=  0.003ms semisort=  0.009ms (keyed= 0.000ms group_by=  0.002ms per_group= 0.004ms)
[pe] round= 13 work=        8 frontier=       16 next=        4 consolidate=  0.009ms frontier=  0.002ms semisort=  0.005ms (keyed= 0.000ms group_by=  0.001ms per_group= 0.002ms)
[pe] round= 14 work=        4 frontier=        8 next=        2 consolidate=  0.005ms frontier=  0.001ms semisort=  0.003ms (keyed= 0.000ms group_by=  0.001ms per_group= 0.001ms)
[pe] round= 15 work=        2 frontier=        4 next=        1 consolidate=  0.003ms frontier=  0.001ms semisort=  0.002ms (keyed= 0.000ms group_by=  0.000ms per_group= 0.001ms)
[pe] round= 16 work=        1 (tail-skip: all parents empty)
[pe] round=  0 work=       60 frontier=   162000 next=    27000 consolidate=  0.069ms frontier=  0.063ms semisort=  2.220ms (keyed= 0.047ms group_by=  1.516ms per_group= 0.336ms)
[pe] round=  1 work=    27000 frontier=    54000 next=    10616 consolidate=  0.757ms frontier=  0.270ms semisort=  1.219ms (keyed= 0.051ms group_by=  0.655ms per_group= 0.231ms)
[pe] round=  2 work=    10616 frontier=    21232 next=     8192 consolidate=  0.564ms frontier=  0.289ms semisort=  0.983ms (keyed= 0.046ms group_by=  0.416ms per_group= 0.223ms)
[pe] round=  3 work=     8192 frontier=    16384 next=     4096 consolidate=  0.709ms frontier=  0.235ms semisort=  0.689ms (keyed= 0.027ms group_by=  0.313ms per_group= 0.147ms)
[pe] round=  4 work=     4096 frontier=     8192 next=     2048 consolidate=  0.382ms frontier=  0.164ms semisort=  1.166ms (keyed= 0.026ms group_by=  0.916ms per_group= 0.085ms)
[pe] round=  5 work=     2048 frontier=     4096 next=     1024 consolidate=  0.275ms frontier=  0.109ms semisort=  0.541ms (keyed= 0.017ms group_by=  0.327ms per_group= 0.060ms)
[pe] round=  6 work=     1024 frontier=     2048 next=      512 consolidate=  0.190ms frontier=  0.070ms semisort=  0.422ms (keyed= 0.009ms group_by=  0.253ms per_group= 0.055ms)
[pe] round=  7 work=      512 frontier=     1024 next=      256 consolidate=  0.110ms frontier=  0.046ms semisort=  0.197ms (keyed= 0.004ms group_by=  0.082ms per_group= 0.044ms)
[pe] round=  8 work=      256 frontier=      512 next=      128 consolidate=  0.093ms frontier=  0.029ms semisort=  0.149ms (keyed= 0.002ms group_by=  0.043ms per_group= 0.052ms)
[pe] round=  9 work=      128 frontier=      256 next=       64 consolidate=  0.062ms frontier=  0.008ms semisort=  0.067ms (keyed= 0.001ms group_by=  0.021ms per_group= 0.026ms)
[pe] round= 10 work=       64 frontier=      128 next=       32 consolidate=  0.046ms frontier=  0.006ms semisort=  0.042ms (keyed= 0.001ms group_by=  0.010ms per_group= 0.024ms)
[pe] round= 11 work=       32 frontier=       64 next=       16 consolidate=  0.034ms frontier=  0.004ms semisort=  0.018ms (keyed= 0.000ms group_by=  0.004ms per_group= 0.009ms)
[pe] round= 12 work=       16 frontier=       32 next=        8 consolidate=  0.025ms frontier=  0.003ms semisort=  0.009ms (keyed= 0.001ms group_by=  0.002ms per_group= 0.004ms)
[pe] round= 13 work=        8 frontier=       16 next=        4 consolidate=  0.009ms frontier=  0.002ms semisort=  0.004ms (keyed= 0.000ms group_by=  0.001ms per_group= 0.002ms)
[pe] round= 14 work=        4 frontier=        8 next=        2 consolidate=  0.004ms frontier=  0.001ms semisort=  0.003ms (keyed= 0.000ms group_by=  0.000ms per_group= 0.001ms)
[pe] round= 15 work=        2 frontier=        4 next=        1 consolidate=  0.002ms frontier=  0.001ms semisort=  0.002ms (keyed= 0.000ms group_by=  0.000ms per_group= 0.001ms)
[pe] round= 16 work=        1 (tail-skip: all parents empty)
[pe-async] round=  0 R=2 dirty=    54000 runs=    27000 filter=  0.114ms semisort=  2.101ms
[pe-async] round=  1 R=3 dirty=    32768 runs=    22152 filter=  0.131ms semisort=  1.174ms
[pe-async] round=  2 R=4 dirty=    16384 runs=     8192 filter=  0.114ms semisort=  0.754ms
[pe-async] round=  3 R=5 dirty=     8192 runs=     4096 filter=  0.084ms semisort=  0.426ms
[pe-async] round=  4 R=6 dirty=     4096 runs=     2048 filter=  0.095ms semisort=  0.247ms
[pe-async] round=  5 R=7 dirty=     2048 runs=     1024 filter=  0.102ms semisort=  0.151ms
[pe-async] round=  6 R=8 dirty=     1024 runs=      512 filter=  0.122ms semisort=  0.104ms
[pe-async] round=  7 R=9 dirty=      512 runs=      256 filter=  0.087ms semisort=  0.076ms
[pe-async] round=  8 R=10 dirty=      256 runs=      128 filter=  0.124ms semisort=  0.070ms
[pe-async] round=  9 R=11 dirty=      128 runs=       64 filter=  0.103ms semisort=  0.044ms
[pe-async] round= 10 R=12 dirty=       64 runs=       32 filter=  0.109ms semisort=  0.021ms
[pe-async] round= 11 R=13 dirty=       32 runs=       16 filter=  0.091ms semisort=  0.010ms
[pe-async] round= 12 R=14 dirty=       16 runs=        8 filter=  0.102ms semisort=  0.006ms
[pe-async] round= 13 R=15 dirty=        8 runs=        4 filter=  0.109ms semisort=  0.005ms
[pe-async] round= 14 R=16 dirty=        4 runs=        2 filter=  0.089ms semisort=  0.004ms
[pe-async] round= 15 R=17 dirty=        2 runs=        1 filter=  0.109ms semisort=  0.003ms
[pe-async] round= 16 R=18 dirty=        0 filter=  0.086ms (clean break)
[pe-async] round=  0 R=2 dirty=    54000 runs=    27000 filter=  0.146ms semisort=  2.030ms
[pe-async] round=  1 R=3 dirty=    32768 runs=    22152 filter=  0.122ms semisort=  1.127ms
[pe-async] round=  2 R=4 dirty=    16384 runs=     8192 filter=  0.101ms semisort=  0.723ms
[pe-async] round=  3 R=5 dirty=     8192 runs=     4096 filter=  0.089ms semisort=  0.439ms
[pe-async] round=  4 R=6 dirty=     4096 runs=     2048 filter=  0.085ms semisort=  0.250ms
[pe-async] round=  5 R=7 dirty=     2048 runs=     1024 filter=  0.088ms semisort=  0.164ms
[pe-async] round=  6 R=8 dirty=     1024 runs=      512 filter=  0.121ms semisort=  0.104ms
[pe-async] round=  7 R=9 dirty=      512 runs=      256 filter=  0.094ms semisort=  0.076ms
[pe-async] round=  8 R=10 dirty=      256 runs=      128 filter=  0.100ms semisort=  0.069ms
[pe-async] round=  9 R=11 dirty=      128 runs=       64 filter=  0.099ms semisort=  0.048ms
[pe-async] round= 10 R=12 dirty=       64 runs=       32 filter=  0.103ms semisort=  0.035ms
[pe-async] round= 11 R=13 dirty=       32 runs=       16 filter=  0.098ms semisort=  0.014ms
[pe-async] round= 12 R=14 dirty=       16 runs=        8 filter=  0.084ms semisort=  0.007ms
[pe-async] round= 13 R=15 dirty=        8 runs=        4 filter=  0.112ms semisort=  0.005ms
[pe-async] round= 14 R=16 dirty=        4 runs=        2 filter=  0.085ms semisort=  0.004ms
[pe-async] round= 15 R=17 dirty=        2 runs=        1 filter=  0.118ms semisort=  0.004ms
[pe-async] round= 16 R=18 dirty=        0 filter=  0.102ms (clean break)
[pe-async] round=  0 R=2 dirty=    54000 runs=    27000 filter=  0.136ms semisort=  1.981ms
[pe-async] round=  1 R=3 dirty=    32768 runs=    22152 filter=  0.119ms semisort=  1.164ms
[pe-async] round=  2 R=4 dirty=    16384 runs=     8192 filter=  0.111ms semisort=  0.725ms
[pe-async] round=  3 R=5 dirty=     8192 runs=     4096 filter=  0.085ms semisort=  0.402ms
[pe-async] round=  4 R=6 dirty=     4096 runs=     2048 filter=  0.100ms semisort=  0.240ms
[pe-async] round=  5 R=7 dirty=     2048 runs=     1024 filter=  0.107ms semisort=  0.145ms
[pe-async] round=  6 R=8 dirty=     1024 runs=      512 filter=  0.106ms semisort=  0.095ms
[pe-async] round=  7 R=9 dirty=      512 runs=      256 filter=  0.089ms semisort=  0.086ms
[pe-async] round=  8 R=10 dirty=      256 runs=      128 filter=  0.084ms semisort=  0.065ms
[pe-async] round=  9 R=11 dirty=      128 runs=       64 filter=  0.103ms semisort=  0.039ms
[pe-async] round= 10 R=12 dirty=       64 runs=       32 filter=  0.108ms semisort=  0.034ms
[pe-async] round= 11 R=13 dirty=       32 runs=       16 filter=  0.108ms semisort=  0.010ms
[pe-async] round= 12 R=14 dirty=       16 runs=        8 filter=  0.095ms semisort=  0.006ms
[pe-async] round= 13 R=15 dirty=        8 runs=        4 filter=  0.098ms semisort=  0.005ms
[pe-async] round= 14 R=16 dirty=        4 runs=        2 filter=  0.100ms semisort=  0.004ms
[pe-async] round= 15 R=17 dirty=        2 runs=        1 filter=  0.112ms semisort=  0.004ms
[pe-async] round= 16 R=18 dirty=        0 filter=  0.098ms (clean break)
[pe-async] round=  0 R=2 dirty=    54000 runs=    27000 filter=  0.128ms semisort=  2.051ms
[pe-async] round=  1 R=3 dirty=    32768 runs=    22152 filter=  0.117ms semisort=  1.184ms
[pe-async] round=  2 R=4 dirty=    16384 runs=     8192 filter=  0.118ms semisort=  0.656ms
[pe-async] round=  3 R=5 dirty=     8192 runs=     4096 filter=  0.108ms semisort=  0.406ms
[pe-async] round=  4 R=6 dirty=     4096 runs=     2048 filter=  0.082ms semisort=  0.243ms
[pe-async] round=  5 R=7 dirty=     2048 runs=     1024 filter=  0.117ms semisort=  0.149ms
[pe-async] round=  6 R=8 dirty=     1024 runs=      512 filter=  0.090ms semisort=  0.084ms
[pe-async] round=  7 R=9 dirty=      512 runs=      256 filter=  0.095ms semisort=  0.079ms
[pe-async] round=  8 R=10 dirty=      256 runs=      128 filter=  0.109ms semisort=  0.053ms
[pe-async] round=  9 R=11 dirty=      128 runs=       64 filter=  0.082ms semisort=  0.038ms
[pe-async] round= 10 R=12 dirty=       64 runs=       32 filter=  0.091ms semisort=  0.027ms
[pe-async] round= 11 R=13 dirty=       32 runs=       16 filter=  0.093ms semisort=  0.014ms
[pe-async] round= 12 R=14 dirty=       16 runs=        8 filter=  0.091ms semisort=  0.006ms
[pe-async] round= 13 R=15 dirty=        8 runs=        4 filter=  0.079ms semisort=  0.005ms
[pe-async] round= 14 R=16 dirty=        4 runs=        2 filter=  0.105ms semisort=  0.004ms
[pe-async] round= 15 R=17 dirty=        2 runs=        1 filter=  0.081ms semisort=  0.003ms
[pe-async] round= 16 R=18 dirty=        0 filter=  0.078ms (clean break)
[pe-async] round=  0 R=2 dirty=    54000 runs=    27000 filter=  0.129ms semisort=  2.052ms
[pe-async] round=  1 R=3 dirty=    32768 runs=    22152 filter=  0.117ms semisort=  1.224ms
[pe-async] round=  2 R=4 dirty=    16384 runs=     8192 filter=  0.105ms semisort=  0.715ms
[pe-async] round=  3 R=5 dirty=     8192 runs=     4096 filter=  0.099ms semisort=  0.421ms
[pe-async] round=  4 R=6 dirty=     4096 runs=     2048 filter=  0.076ms semisort=  0.256ms
[pe-async] round=  5 R=7 dirty=     2048 runs=     1024 filter=  0.102ms semisort=  0.157ms
[pe-async] round=  6 R=8 dirty=     1024 runs=      512 filter=  0.089ms semisort=  0.109ms
[pe-async] round=  7 R=9 dirty=      512 runs=      256 filter=  0.091ms semisort=  0.078ms
[pe-async] round=  8 R=10 dirty=      256 runs=      128 filter=  0.115ms semisort=  0.062ms
[pe-async] round=  9 R=11 dirty=      128 runs=       64 filter=  0.113ms semisort=  0.051ms
[pe-async] round= 10 R=12 dirty=       64 runs=       32 filter=  0.092ms semisort=  0.033ms
[pe-async] round= 11 R=13 dirty=       32 runs=       16 filter=  0.096ms semisort=  0.011ms
[pe-async] round= 12 R=14 dirty=       16 runs=        8 filter=  0.086ms semisort=  0.010ms
[pe-async] round= 13 R=15 dirty=        8 runs=        4 filter=  0.106ms semisort=  0.005ms
[pe-async] round= 14 R=16 dirty=        4 runs=        2 filter=  0.097ms semisort=  0.004ms
[pe-async] round= 15 R=17 dirty=        2 runs=        1 filter=  0.113ms semisort=  0.003ms
[pe-async] round= 16 R=18 dirty=        0 filter=  0.078ms (clean break)
[pe-async] round=  0 R=2 dirty=    54000 runs=    27000 filter=  0.133ms semisort=  1.983ms
[pe-async] round=  1 R=3 dirty=    32768 runs=    22152 filter=  0.133ms semisort=  1.177ms
[pe-async] round=  2 R=4 dirty=    16384 runs=     8192 filter=  0.093ms semisort=  0.671ms
[pe-async] round=  3 R=5 dirty=     8192 runs=     4096 filter=  0.089ms semisort=  0.393ms
[pe-async] round=  4 R=6 dirty=     4096 runs=     2048 filter=  0.119ms semisort=  0.244ms
[pe-async] round=  5 R=7 dirty=     2048 runs=     1024 filter=  0.117ms semisort=  0.155ms
[pe-async] round=  6 R=8 dirty=     1024 runs=      512 filter=  0.093ms semisort=  0.115ms
[pe-async] round=  7 R=9 dirty=      512 runs=      256 filter=  0.096ms semisort=  0.075ms
[pe-async] round=  8 R=10 dirty=      256 runs=      128 filter=  0.122ms semisort=  0.059ms
[pe-async] round=  9 R=11 dirty=      128 runs=       64 filter=  0.080ms semisort=  0.042ms
[pe-async] round= 10 R=12 dirty=       64 runs=       32 filter=  0.097ms semisort=  0.022ms
[pe-async] round= 11 R=13 dirty=       32 runs=       16 filter=  0.078ms semisort=  0.014ms
[pe-async] round= 12 R=14 dirty=       16 runs=        8 filter=  0.095ms semisort=  0.007ms
[pe-async] round= 13 R=15 dirty=        8 runs=        4 filter=  0.096ms semisort=  0.005ms
[pe-async] round= 14 R=16 dirty=        4 runs=        2 filter=  0.104ms semisort=  0.004ms
[pe-async] round= 15 R=17 dirty=        2 runs=        1 filter=  0.096ms semisort=  0.004ms
[pe-async] round= 16 R=18 dirty=        0 filter=  0.101ms (clean break)
