[synthetic_bench] cube n=5 d=2 classes=508 merges=5 ...
[pe] round=  0 work=       10 frontier=      750 next=      125 consolidate=  0.362ms frontier=  0.004ms semisort=  0.979ms (keyed= 0.031ms group_by=  0.055ms per_group= 0.862ms)
[pe] round=  1 work=      125 frontier=      250 next=       61 consolidate=  1.141ms frontier=  0.011ms semisort=  0.240ms (keyed= 0.001ms group_by=  0.017ms per_group= 0.191ms)
[pe] round=  2 work=       61 frontier=      122 next=       32 consolidate=  0.578ms frontier=  0.005ms semisort=  0.028ms (keyed= 0.000ms group_by=  0.007ms per_group= 0.014ms)
[pe] round=  3 work=       32 frontier=       64 next=       16 consolidate=  0.102ms frontier=  0.004ms semisort=  0.017ms (keyed= 0.000ms group_by=  0.004ms per_group= 0.009ms)
[pe] round=  4 work=       16 frontier=       32 next=        8 consolidate=  0.015ms frontier=  0.003ms semisort=  0.009ms (keyed= 0.000ms group_by=  0.002ms per_group= 0.004ms)
[pe] round=  5 work=        8 frontier=       16 next=        4 consolidate=  0.009ms frontier=  0.002ms semisort=  0.005ms (keyed= 0.000ms group_by=  0.001ms per_group= 0.002ms)
[pe] round=  6 work=        4 frontier=        8 next=        2 consolidate=  0.004ms frontier=  0.001ms semisort=  0.005ms (keyed= 0.000ms group_by=  0.001ms per_group= 0.002ms)
[pe] round=  7 work=        2 frontier=        4 next=        1 consolidate=  0.002ms frontier=  0.001ms semisort=  0.002ms (keyed= 0.000ms group_by=  0.000ms per_group= 0.001ms)
[pe] round=  8 work=        1 (tail-skip: all parents empty)
[pe] round=  0 work=       10 frontier=      750 next=      125 consolidate=  0.004ms frontier=  0.001ms semisort=  0.096ms (keyed= 0.002ms group_by=  0.041ms per_group= 0.026ms)
[pe] round=  1 work=      125 frontier=      250 next=       61 consolidate=  0.227ms frontier=  0.006ms semisort=  0.056ms (keyed= 0.001ms group_by=  0.012ms per_group= 0.026ms)
[pe] round=  2 work=       61 frontier=      122 next=       32 consolidate=  0.024ms frontier=  0.003ms semisort=  0.025ms (keyed= 0.000ms group_by=  0.005ms per_group= 0.014ms)
[pe] round=  3 work=       32 frontier=       64 next=       16 consolidate=  0.018ms frontier=  0.003ms semisort=  0.018ms (keyed= 0.001ms group_by=  0.004ms per_group= 0.010ms)
[pe] round=  4 work=       16 frontier=       32 next=        8 consolidate=  0.015ms frontier=  0.002ms semisort=  0.017ms (keyed= 0.000ms group_by=  0.002ms per_group= 0.007ms)
[pe] round=  5 work=        8 frontier=       16 next=        4 consolidate=  0.009ms frontier=  0.002ms semisort=  0.005ms (keyed= 0.000ms group_by=  0.001ms per_group= 0.002ms)
[pe] round=  6 work=        4 frontier=        8 next=        2 consolidate=  0.004ms frontier=  0.001ms semisort=  0.003ms (keyed= 0.000ms group_by=  0.001ms per_group= 0.001ms)
[pe] round=  7 work=        2 frontier=        4 next=        1 consolidate=  0.004ms frontier=  0.001ms semisort=  0.001ms (keyed= 0.000ms group_by=  0.000ms per_group= 0.000ms)
[pe] round=  8 work=        1 (tail-skip: all parents empty)
[pe] round=  0 work=       10 frontier=      750 next=      125 consolidate=  0.005ms frontier=  0.001ms semisort=  0.099ms (keyed= 0.002ms group_by=  0.041ms per_group= 0.022ms)
[pe] round=  1 work=      125 frontier=      250 next=       61 consolidate=  0.215ms frontier=  0.008ms semisort=  0.052ms (keyed= 0.002ms group_by=  0.012ms per_group= 0.018ms)
[pe] round=  2 work=       61 frontier=      122 next=       32 consolidate=  0.106ms frontier=  0.004ms semisort=  0.029ms (keyed= 0.001ms group_by=  0.007ms per_group= 0.011ms)
[pe] round=  3 work=       32 frontier=       64 next=       16 consolidate=  0.098ms frontier=  0.004ms semisort=  0.018ms (keyed= 0.000ms group_by=  0.005ms per_group= 0.009ms)
[pe] round=  4 work=       16 frontier=       32 next=        8 consolidate=  0.016ms frontier=  0.002ms semisort=  0.006ms (keyed= 0.000ms group_by=  0.002ms per_group= 0.003ms)
[pe] round=  5 work=        8 frontier=       16 next=        4 consolidate=  0.007ms frontier=  0.001ms semisort=  0.003ms (keyed= 0.000ms group_by=  0.001ms per_group= 0.002ms)
[pe] round=  6 work=        4 frontier=        8 next=        2 consolidate=  0.003ms frontier=  0.001ms semisort=  0.002ms (keyed= 0.000ms group_by=  0.000ms per_group= 0.001ms)
[pe] round=  7 work=        2 frontier=        4 next=        1 consolidate=  0.002ms frontier=  0.000ms semisort=  0.001ms (keyed= 0.000ms group_by=  0.000ms per_group= 0.000ms)
[pe] round=  8 work=        1 (tail-skip: all parents empty)
[pe] round=  0 work=       10 frontier=      750 next=      125 consolidate=  0.005ms frontier=  0.001ms semisort=  0.108ms (keyed= 0.002ms group_by=  0.050ms per_group= 0.026ms)
[pe] round=  1 work=      125 frontier=      250 next=       61 consolidate=  0.127ms frontier=  0.005ms semisort=  0.052ms (keyed= 0.001ms group_by=  0.012ms per_group= 0.018ms)
[pe] round=  2 work=       61 frontier=      122 next=       32 consolidate=  0.026ms frontier=  0.004ms semisort=  0.033ms (keyed= 0.000ms group_by=  0.008ms per_group= 0.015ms)
[pe] round=  3 work=       32 frontier=       64 next=       16 consolidate=  0.020ms frontier=  0.003ms semisort=  0.014ms (keyed= 0.000ms group_by=  0.003ms per_group= 0.008ms)
[pe] round=  4 work=       16 frontier=       32 next=        8 consolidate=  0.015ms frontier=  0.003ms semisort=  0.009ms (keyed= 0.000ms group_by=  0.002ms per_group= 0.004ms)
[pe] round=  5 work=        8 frontier=       16 next=        4 consolidate=  0.009ms frontier=  0.002ms semisort=  0.005ms (keyed= 0.000ms group_by=  0.001ms per_group= 0.002ms)
[pe] round=  6 work=        4 frontier=        8 next=        2 consolidate=  0.004ms frontier=  0.001ms semisort=  0.003ms (keyed= 0.000ms group_by=  0.001ms per_group= 0.001ms)
[pe] round=  7 work=        2 frontier=        4 next=        1 consolidate=  0.002ms frontier=  0.001ms semisort=  0.002ms (keyed= 0.000ms group_by=  0.000ms per_group= 0.000ms)
[pe] round=  8 work=        1 (tail-skip: all parents empty)
[pe] round=  0 work=       10 frontier=      750 next=      125 consolidate=  0.005ms frontier=  0.001ms semisort=  0.103ms (keyed= 0.002ms group_by=  0.047ms per_group= 0.026ms)
[pe] round=  1 work=      125 frontier=      250 next=       61 consolidate=  0.041ms frontier=  0.005ms semisort=  0.059ms (keyed= 0.001ms group_by=  0.012ms per_group= 0.018ms)
[pe] round=  2 work=       61 frontier=      122 next=       32 consolidate=  0.026ms frontier=  0.004ms semisort=  0.031ms (keyed= 0.001ms group_by=  0.008ms per_group= 0.014ms)
[pe] round=  3 work=       32 frontier=       64 next=       16 consolidate=  0.022ms frontier=  0.003ms semisort=  0.019ms (keyed= 0.000ms group_by=  0.005ms per_group= 0.009ms)
[pe] round=  4 work=       16 frontier=       32 next=        8 consolidate=  0.016ms frontier=  0.003ms semisort=  0.008ms (keyed= 0.000ms group_by=  0.002ms per_group= 0.004ms)
[pe] round=  5 work=        8 frontier=       16 next=        4 consolidate=  0.009ms frontier=  0.007ms semisort=  0.005ms (keyed= 0.000ms group_by=  0.001ms per_group= 0.002ms)
[pe] round=  6 work=        4 frontier=        8 next=        2 consolidate=  0.004ms frontier=  0.001ms semisort=  0.003ms (keyed= 0.000ms group_by=  0.000ms per_group= 0.001ms)
[pe] round=  7 work=        2 frontier=        4 next=        1 consolidate=  0.002ms frontier=  0.001ms semisort=  0.002ms (keyed= 0.000ms group_by=  0.000ms per_group= 0.001ms)
[pe] round=  8 work=        1 (tail-skip: all parents empty)
[pe] round=  0 work=       10 frontier=      750 next=      125 consolidate=  0.005ms frontier=  0.001ms semisort=  0.100ms (keyed= 0.002ms group_by=  0.045ms per_group= 0.021ms)
[pe] round=  1 work=      125 frontier=      250 next=       61 consolidate=  0.035ms frontier=  0.005ms semisort=  0.055ms (keyed= 0.001ms group_by=  0.011ms per_group= 0.024ms)
[pe] round=  2 work=       61 frontier=      122 next=       32 consolidate=  0.025ms frontier=  0.004ms semisort=  0.031ms (keyed= 0.000ms group_by=  0.008ms per_group= 0.015ms)
[pe] round=  3 work=       32 frontier=       64 next=       16 consolidate=  0.022ms frontier=  0.003ms semisort=  0.018ms (keyed= 0.001ms group_by=  0.005ms per_group= 0.009ms)
[pe] round=  4 work=       16 frontier=       32 next=        8 consolidate=  0.019ms frontier=  0.002ms semisort=  0.008ms (keyed= 0.000ms group_by=  0.002ms per_group= 0.004ms)
[pe] round=  5 work=        8 frontier=       16 next=        4 consolidate=  0.009ms frontier=  0.002ms semisort=  0.004ms (keyed= 0.000ms group_by=  0.001ms per_group= 0.002ms)
[pe] round=  6 work=        4 frontier=        8 next=        2 consolidate=  0.004ms frontier=  0.001ms semisort=  0.003ms (keyed= 0.000ms group_by=  0.000ms per_group= 0.001ms)
[pe] round=  7 work=        2 frontier=        4 next=        1 consolidate=  0.002ms frontier=  0.001ms semisort=  0.001ms (keyed= 0.000ms group_by=  0.000ms per_group= 0.000ms)
[pe] round=  8 work=        1 (tail-skip: all parents empty)
[pe-async] round=  0 R=2 dirty=      250 runs=      125 filter=  0.003ms semisort=  0.021ms
[pe-async] round=  1 R=3 dirty=      128 runs=       67 filter=  0.006ms semisort=  0.011ms
[pe-async] round=  2 R=4 dirty=       64 runs=       32 filter=  0.007ms semisort=  0.007ms
[pe-async] round=  3 R=5 dirty=       32 runs=       16 filter=  0.007ms semisort=  0.005ms
[pe-async] round=  4 R=6 dirty=       16 runs=        8 filter=  0.006ms semisort=  0.004ms
[pe-async] round=  5 R=7 dirty=        8 runs=        4 filter=  0.006ms semisort=  0.002ms
[pe-async] round=  6 R=8 dirty=        4 runs=        2 filter=  0.003ms semisort=  0.002ms
[pe-async] round=  7 R=9 dirty=        2 runs=        1 filter=  0.003ms semisort=  0.002ms
[pe-async] round=  8 R=10 dirty=        0 filter=  0.003ms (clean break)
[pe-async] round=  0 R=2 dirty=      250 runs=      125 filter=  0.002ms semisort=  0.015ms
[pe-async] round=  1 R=3 dirty=      128 runs=       67 filter=  0.005ms semisort=  0.011ms
[pe-async] round=  2 R=4 dirty=       64 runs=       32 filter=  0.006ms semisort=  0.007ms
[pe-async] round=  3 R=5 dirty=       32 runs=       16 filter=  0.006ms semisort=  0.005ms
[pe-async] round=  4 R=6 dirty=       16 runs=        8 filter=  0.006ms semisort=  0.003ms
[pe-async] round=  5 R=7 dirty=        8 runs=        4 filter=  0.006ms semisort=  0.003ms
[pe-async] round=  6 R=8 dirty=        4 runs=        2 filter=  0.006ms semisort=  0.002ms
[pe-async] round=  7 R=9 dirty=        2 runs=        1 filter=  0.006ms semisort=  0.002ms
[pe-async] round=  8 R=10 dirty=        0 filter=  0.004ms (clean break)
[pe-async] round=  0 R=2 dirty=      250 runs=      125 filter=  0.002ms semisort=  0.014ms
[pe-async] round=  1 R=3 dirty=      128 runs=       67 filter=  0.003ms semisort=  0.008ms
[pe-async] round=  2 R=4 dirty=       64 runs=       32 filter=  0.004ms semisort=  0.005ms
[pe-async] round=  3 R=5 dirty=       32 runs=       16 filter=  0.006ms semisort=  0.005ms
[pe-async] round=  4 R=6 dirty=       16 runs=        8 filter=  0.006ms semisort=  0.003ms
[pe-async] round=  5 R=7 dirty=        8 runs=        4 filter=  0.006ms semisort=  0.003ms
[pe-async] round=  6 R=8 dirty=        4 runs=        2 filter=  0.006ms semisort=  0.002ms
[pe-async] round=  7 R=9 dirty=        2 runs=        1 filter=  0.006ms semisort=  0.002ms
[pe-async] round=  8 R=10 dirty=        0 filter=  0.006ms (clean break)
[pe-async] round=  0 R=2 dirty=      250 runs=      125 filter=  0.004ms semisort=  0.018ms
[pe-async] round=  1 R=3 dirty=      128 runs=       67 filter=  0.006ms semisort=  0.010ms
[pe-async] round=  2 R=4 dirty=       64 runs=       32 filter=  0.006ms semisort=  0.007ms
[pe-async] round=  3 R=5 dirty=       32 runs=       16 filter=  0.006ms semisort=  0.004ms
[pe-async] round=  4 R=6 dirty=       16 runs=        8 filter=  0.006ms semisort=  0.003ms
[pe-async] round=  5 R=7 dirty=        8 runs=        4 filter=  0.006ms semisort=  0.003ms
[pe-async] round=  6 R=8 dirty=        4 runs=        2 filter=  0.006ms semisort=  0.002ms
[pe-async] round=  7 R=9 dirty=        2 runs=        1 filter=  0.006ms semisort=  0.002ms
[pe-async] round=  8 R=10 dirty=        0 filter=  0.003ms (clean break)
[pe-async] round=  0 R=2 dirty=      250 runs=      125 filter=  0.002ms semisort=  0.015ms
[pe-async] round=  1 R=3 dirty=      128 runs=       67 filter=  0.003ms semisort=  0.008ms
[pe-async] round=  2 R=4 dirty=       64 runs=       32 filter=  0.004ms semisort=  0.006ms
[pe-async] round=  3 R=5 dirty=       32 runs=       16 filter=  0.006ms semisort=  0.005ms
[pe-async] round=  4 R=6 dirty=       16 runs=        8 filter=  0.006ms semisort=  0.003ms
[pe-async] round=  5 R=7 dirty=        8 runs=        4 filter=  0.006ms semisort=  0.003ms
[pe-async] round=  6 R=8 dirty=        4 runs=        2 filter=  0.006ms semisort=  0.002ms
[pe-async] round=  7 R=9 dirty=        2 runs=        1 filter=  0.006ms semisort=  0.002ms
[pe-async] round=  8 R=10 dirty=        0 filter=  0.006ms (clean break)
[pe-async] round=  0 R=2 dirty=      250 runs=      125 filter=  0.003ms semisort=  0.014ms
[pe-async] round=  1 R=3 dirty=      128 runs=       67 filter=  0.003ms semisort=  0.008ms
[pe-async] round=  2 R=4 dirty=       64 runs=       32 filter=  0.003ms semisort=  0.005ms
[pe-async] round=  3 R=5 dirty=       32 runs=       16 filter=  0.004ms semisort=  0.003ms
[pe-async] round=  4 R=6 dirty=       16 runs=        8 filter=  0.003ms semisort=  0.002ms
[pe-async] round=  5 R=7 dirty=        8 runs=        4 filter=  0.006ms semisort=  0.003ms
[pe-async] round=  6 R=8 dirty=        4 runs=        2 filter=  0.006ms semisort=  0.002ms
[pe-async] round=  7 R=9 dirty=        2 runs=        1 filter=  0.006ms semisort=  0.002ms
[pe-async] round=  8 R=10 dirty=        0 filter=  0.006ms (clean break)
