[synthetic_bench] cube n=30 d=2 classes=108058 merges=30 ...
[pe] round=  0 work=       60 frontier=   162000 next=    27000 consolidate=  0.316ms frontier=  0.080ms semisort= 11.369ms (keyed= 0.820ms group_by=  5.244ms per_group= 3.657ms)
[pe] round=  1 work=    27000 frontier=    54000 next=    10616 consolidate=  7.169ms frontier=  0.532ms semisort=  5.197ms (keyed= 0.291ms group_by=  1.869ms per_group= 1.551ms)
[pe] round=  2 work=    10616 frontier=    21232 next=     8192 consolidate=  3.075ms frontier=  0.338ms semisort=  2.445ms (keyed= 0.065ms group_by=  0.704ms per_group= 0.904ms)
[pe] round=  3 work=     8192 frontier=    16384 next=     4096 consolidate=  2.581ms frontier=  0.239ms semisort=  1.674ms (keyed= 0.051ms group_by=  0.650ms per_group= 0.544ms)
[pe] round=  4 work=     4096 frontier=     8192 next=     2048 consolidate=  1.397ms frontier=  0.145ms semisort=  1.276ms (keyed= 0.022ms group_by=  0.619ms per_group= 0.334ms)
[pe] round=  5 work=     2048 frontier=     4096 next=     1024 consolidate=  0.685ms frontier=  0.096ms semisort=  0.710ms (keyed= 0.010ms group_by=  0.294ms per_group= 0.202ms)
[pe] round=  6 work=     1024 frontier=     2048 next=      512 consolidate=  0.370ms frontier=  0.033ms semisort=  0.349ms (keyed= 0.003ms group_by=  0.107ms per_group= 0.151ms)
[pe] round=  7 work=      512 frontier=     1024 next=      256 consolidate=  0.211ms frontier=  0.032ms semisort=  0.246ms (keyed= 0.003ms group_by=  0.064ms per_group= 0.082ms)
[pe] round=  8 work=      256 frontier=      512 next=      128 consolidate=  0.171ms frontier=  0.017ms semisort=  0.071ms (keyed= 0.001ms group_by=  0.024ms per_group= 0.033ms)
[pe] round=  9 work=      128 frontier=      256 next=       64 consolidate=  0.058ms frontier=  0.006ms semisort=  0.034ms (keyed= 0.001ms group_by=  0.008ms per_group= 0.018ms)
[pe] round= 10 work=       64 frontier=      128 next=       32 consolidate=  0.032ms frontier=  0.003ms semisort=  0.018ms (keyed= 0.000ms group_by=  0.004ms per_group= 0.009ms)
[pe] round= 11 work=       32 frontier=       64 next=       16 consolidate=  0.020ms frontier=  0.001ms semisort=  0.010ms (keyed= 0.000ms group_by=  0.002ms per_group= 0.005ms)
[pe] round= 12 work=       16 frontier=       32 next=        8 consolidate=  0.009ms frontier=  0.001ms semisort=  0.006ms (keyed= 0.000ms group_by=  0.001ms per_group= 0.003ms)
[pe] round= 13 work=        8 frontier=       16 next=        4 consolidate=  0.005ms frontier=  0.001ms semisort=  0.004ms (keyed= 0.000ms group_by=  0.001ms per_group= 0.002ms)
[pe] round= 14 work=        4 frontier=        8 next=        2 consolidate=  0.003ms frontier=  0.001ms semisort=  0.003ms (keyed= 0.000ms group_by=  0.000ms per_group= 0.001ms)
[pe] round= 15 work=        2 frontier=        4 next=        1 consolidate=  0.002ms frontier=  0.001ms semisort=  0.002ms (keyed= 0.000ms group_by=  0.000ms per_group= 0.001ms)
[pe] round= 16 work=        1 (tail-skip: all parents empty)
[pe] round=  0 work=       60 frontier=   162000 next=    27000 consolidate=  0.202ms frontier=  0.038ms semisort=  9.091ms (keyed= 0.146ms group_by=  3.751ms per_group= 3.551ms)
[pe] round=  1 work=    27000 frontier=    54000 next=    10616 consolidate=  7.057ms frontier=  0.529ms semisort=  4.797ms (keyed= 0.095ms group_by=  1.474ms per_group= 1.894ms)
[pe] round=  2 work=    10616 frontier=    21232 next=     8192 consolidate=  3.091ms frontier=  0.343ms semisort=  2.888ms (keyed= 0.066ms group_by=  0.764ms per_group= 1.386ms)
[pe] round=  3 work=     8192 frontier=    16384 next=     4096 consolidate=  2.826ms frontier=  0.242ms semisort=  1.775ms (keyed= 0.051ms group_by=  0.544ms per_group= 0.690ms)
[pe] round=  4 work=     4096 frontier=     8192 next=     2048 consolidate=  1.396ms frontier=  0.214ms semisort=  1.383ms (keyed= 0.024ms group_by=  0.635ms per_group= 0.441ms)
[pe] round=  5 work=     2048 frontier=     4096 next=     1024 consolidate=  0.812ms frontier=  0.095ms semisort=  0.740ms (keyed= 0.010ms group_by=  0.320ms per_group= 0.209ms)
[pe] round=  6 work=     1024 frontier=     2048 next=      512 consolidate=  0.451ms frontier=  0.054ms semisort=  0.410ms (keyed= 0.006ms group_by=  0.163ms per_group= 0.107ms)
[pe] round=  7 work=      512 frontier=     1024 next=      256 consolidate=  0.195ms frontier=  0.030ms semisort=  0.226ms (keyed= 0.003ms group_by=  0.048ms per_group= 0.135ms)
[pe] round=  8 work=      256 frontier=      512 next=      128 consolidate=  0.166ms frontier=  0.013ms semisort=  0.132ms (keyed= 0.001ms group_by=  0.025ms per_group= 0.088ms)
[pe] round=  9 work=      128 frontier=      256 next=       64 consolidate=  0.074ms frontier=  0.005ms semisort=  0.037ms (keyed= 0.001ms group_by=  0.011ms per_group= 0.018ms)
[pe] round= 10 work=       64 frontier=      128 next=       32 consolidate=  0.028ms frontier=  0.004ms semisort=  0.018ms (keyed= 0.000ms group_by=  0.004ms per_group= 0.009ms)
[pe] round= 11 work=       32 frontier=       64 next=       16 consolidate=  0.022ms frontier=  0.001ms semisort=  0.010ms (keyed= 0.000ms group_by=  0.002ms per_group= 0.005ms)
[pe] round= 12 work=       16 frontier=       32 next=        8 consolidate=  0.010ms frontier=  0.001ms semisort=  0.006ms (keyed= 0.000ms group_by=  0.001ms per_group= 0.003ms)
[pe] round= 13 work=        8 frontier=       16 next=        4 consolidate=  0.007ms frontier=  0.001ms semisort=  0.004ms (keyed= 0.000ms group_by=  0.001ms per_group= 0.002ms)
[pe] round= 14 work=        4 frontier=        8 next=        2 consolidate=  0.004ms frontier=  0.001ms semisort=  0.003ms (keyed= 0.000ms group_by=  0.000ms per_group= 0.001ms)
[pe] round= 15 work=        2 frontier=        4 next=        1 consolidate=  0.002ms frontier=  0.001ms semisort=  0.002ms (keyed= 0.000ms group_by=  0.000ms per_group= 0.001ms)
[pe] round= 16 work=        1 (tail-skip: all parents empty)
[pe] round=  0 work=       60 frontier=   162000 next=    27000 consolidate=  0.070ms frontier=  0.067ms semisort=  8.920ms (keyed= 0.142ms group_by=  3.493ms per_group= 3.604ms)
[pe] round=  1 work=    27000 frontier=    54000 next=    10616 consolidate=  7.333ms frontier=  0.589ms semisort=  4.693ms (keyed= 0.147ms group_by=  1.379ms per_group= 1.844ms)
[pe] round=  2 work=    10616 frontier=    21232 next=     8192 consolidate=  2.952ms frontier=  0.375ms semisort=  2.753ms (keyed= 0.065ms group_by=  0.750ms per_group= 1.192ms)
[pe] round=  3 work=     8192 frontier=    16384 next=     4096 consolidate=  2.705ms frontier=  0.238ms semisort=  1.613ms (keyed= 0.052ms group_by=  0.519ms per_group= 0.589ms)
[pe] round=  4 work=     4096 frontier=     8192 next=     2048 consolidate=  1.438ms frontier=  0.207ms semisort=  1.295ms (keyed= 0.018ms group_by=  0.638ms per_group= 0.339ms)
[pe] round=  5 work=     2048 frontier=     4096 next=     1024 consolidate=  0.840ms frontier=  0.159ms semisort=  0.672ms (keyed= 0.010ms group_by=  0.291ms per_group= 0.174ms)
[pe] round=  6 work=     1024 frontier=     2048 next=      512 consolidate=  0.397ms frontier=  0.053ms semisort=  0.388ms (keyed= 0.007ms group_by=  0.144ms per_group= 0.106ms)
[pe] round=  7 work=      512 frontier=     1024 next=      256 consolidate=  0.203ms frontier=  0.031ms semisort=  0.242ms (keyed= 0.003ms group_by=  0.068ms per_group= 0.138ms)
[pe] round=  8 work=      256 frontier=      512 next=      128 consolidate=  0.175ms frontier=  0.016ms semisort=  0.067ms (keyed= 0.001ms group_by=  0.020ms per_group= 0.031ms)
[pe] round=  9 work=      128 frontier=      256 next=       64 consolidate=  0.122ms frontier=  0.006ms semisort=  0.037ms (keyed= 0.001ms group_by=  0.011ms per_group= 0.018ms)
[pe] round= 10 work=       64 frontier=      128 next=       32 consolidate=  0.030ms frontier=  0.003ms semisort=  0.018ms (keyed= 0.000ms group_by=  0.004ms per_group= 0.009ms)
[pe] round= 11 work=       32 frontier=       64 next=       16 consolidate=  0.026ms frontier=  0.002ms semisort=  0.011ms (keyed= 0.000ms group_by=  0.002ms per_group= 0.005ms)
[pe] round= 12 work=       16 frontier=       32 next=        8 consolidate=  0.011ms frontier=  0.001ms semisort=  0.006ms (keyed= 0.000ms group_by=  0.001ms per_group= 0.003ms)
[pe] round= 13 work=        8 frontier=       16 next=        4 consolidate=  0.006ms frontier=  0.001ms semisort=  0.004ms (keyed= 0.000ms group_by=  0.001ms per_group= 0.002ms)
[pe] round= 14 work=        4 frontier=        8 next=        2 consolidate=  0.004ms frontier=  0.001ms semisort=  0.002ms (keyed= 0.000ms group_by=  0.000ms per_group= 0.001ms)
[pe] round= 15 work=        2 frontier=        4 next=        1 consolidate=  0.002ms frontier=  0.001ms semisort=  0.002ms (keyed= 0.000ms group_by=  0.000ms per_group= 0.001ms)
[pe] round= 16 work=        1 (tail-skip: all parents empty)
[pe] round=  0 work=       60 frontier=   162000 next=    27000 consolidate=  0.065ms frontier=  0.067ms semisort=  8.950ms (keyed= 0.190ms group_by=  3.464ms per_group= 3.612ms)
[pe] round=  1 work=    27000 frontier=    54000 next=    10616 consolidate=  7.817ms frontier=  0.508ms semisort=  4.882ms (keyed= 0.086ms group_by=  1.486ms per_group= 1.995ms)
[pe] round=  2 work=    10616 frontier=    21232 next=     8192 consolidate=  3.168ms frontier=  0.319ms semisort=  2.750ms (keyed= 0.130ms group_by=  0.755ms per_group= 1.159ms)
[pe] round=  3 work=     8192 frontier=    16384 next=     4096 consolidate=  2.795ms frontier=  0.242ms semisort=  1.767ms (keyed= 0.052ms group_by=  0.643ms per_group= 0.620ms)
[pe] round=  4 work=     4096 frontier=     8192 next=     2048 consolidate=  1.367ms frontier=  0.130ms semisort=  1.317ms (keyed= 0.025ms group_by=  0.621ms per_group= 0.357ms)
[pe] round=  5 work=     2048 frontier=     4096 next=     1024 consolidate=  0.730ms frontier=  0.155ms semisort=  0.732ms (keyed= 0.011ms group_by=  0.336ms per_group= 0.187ms)
[pe] round=  6 work=     1024 frontier=     2048 next=      512 consolidate=  0.453ms frontier=  0.053ms semisort=  0.307ms (keyed= 0.005ms group_by=  0.132ms per_group= 0.101ms)
[pe] round=  7 work=      512 frontier=     1024 next=      256 consolidate=  0.209ms frontier=  0.030ms semisort=  0.247ms (keyed= 0.003ms group_by=  0.064ms per_group= 0.145ms)
[pe] round=  8 work=      256 frontier=      512 next=      128 consolidate=  0.109ms frontier=  0.018ms semisort=  0.073ms (keyed= 0.001ms group_by=  0.025ms per_group= 0.034ms)
[pe] round=  9 work=      128 frontier=      256 next=       64 consolidate=  0.121ms frontier=  0.010ms semisort=  0.033ms (keyed= 0.001ms group_by=  0.008ms per_group= 0.018ms)
[pe] round= 10 work=       64 frontier=      128 next=       32 consolidate=  0.031ms frontier=  0.004ms semisort=  0.018ms (keyed= 0.000ms group_by=  0.004ms per_group= 0.009ms)
[pe] round= 11 work=       32 frontier=       64 next=       16 consolidate=  0.022ms frontier=  0.002ms semisort=  0.010ms (keyed= 0.000ms group_by=  0.002ms per_group= 0.005ms)
[pe] round= 12 work=       16 frontier=       32 next=        8 consolidate=  0.011ms frontier=  0.001ms semisort=  0.006ms (keyed= 0.000ms group_by=  0.001ms per_group= 0.003ms)
[pe] round= 13 work=        8 frontier=       16 next=        4 consolidate=  0.005ms frontier=  0.001ms semisort=  0.004ms (keyed= 0.000ms group_by=  0.001ms per_group= 0.001ms)
[pe] round= 14 work=        4 frontier=        8 next=        2 consolidate=  0.004ms frontier=  0.001ms semisort=  0.003ms (keyed= 0.000ms group_by=  0.000ms per_group= 0.001ms)
[pe] round= 15 work=        2 frontier=        4 next=        1 consolidate=  0.002ms frontier=  0.001ms semisort=  0.002ms (keyed= 0.000ms group_by=  0.000ms per_group= 0.001ms)
[pe] round= 16 work=        1 (tail-skip: all parents empty)
[pe] round=  0 work=       60 frontier=   162000 next=    27000 consolidate=  0.127ms frontier=  0.048ms semisort=  8.712ms (keyed= 0.127ms group_by=  3.322ms per_group= 3.581ms)
[pe] round=  1 work=    27000 frontier=    54000 next=    10616 consolidate=  7.560ms frontier=  0.428ms semisort=  4.524ms (keyed= 0.086ms group_by=  1.257ms per_group= 1.910ms)
[pe] round=  2 work=    10616 frontier=    21232 next=     8192 consolidate=  3.458ms frontier=  0.339ms semisort=  2.923ms (keyed= 0.129ms group_by=  0.739ms per_group= 1.320ms)
[pe] round=  3 work=     8192 frontier=    16384 next=     4096 consolidate=  2.737ms frontier=  0.240ms semisort=  1.796ms (keyed= 0.053ms group_by=  0.526ms per_group= 0.670ms)
[pe] round=  4 work=     4096 frontier=     8192 next=     2048 consolidate=  1.289ms frontier=  0.145ms semisort=  1.392ms (keyed= 0.024ms group_by=  0.640ms per_group= 0.380ms)
[pe] round=  5 work=     2048 frontier=     4096 next=     1024 consolidate=  0.800ms frontier=  0.081ms semisort=  0.706ms (keyed= 0.010ms group_by=  0.291ms per_group= 0.196ms)
[pe] round=  6 work=     1024 frontier=     2048 next=      512 consolidate=  0.449ms frontier=  0.054ms semisort=  0.340ms (keyed= 0.004ms group_by=  0.150ms per_group= 0.110ms)
[pe] round=  7 work=      512 frontier=     1024 next=      256 consolidate=  0.230ms frontier=  0.029ms semisort=  0.172ms (keyed= 0.002ms group_by=  0.064ms per_group= 0.077ms)
[pe] round=  8 work=      256 frontier=      512 next=      128 consolidate=  0.109ms frontier=  0.019ms semisort=  0.126ms (keyed= 0.001ms group_by=  0.019ms per_group= 0.090ms)
[pe] round=  9 work=      128 frontier=      256 next=       64 consolidate=  0.068ms frontier=  0.005ms semisort=  0.037ms (keyed= 0.001ms group_by=  0.012ms per_group= 0.017ms)
[pe] round= 10 work=       64 frontier=      128 next=       32 consolidate=  0.029ms frontier=  0.004ms semisort=  0.017ms (keyed= 0.000ms group_by=  0.004ms per_group= 0.009ms)
[pe] round= 11 work=       32 frontier=       64 next=       16 consolidate=  0.023ms frontier=  0.002ms semisort=  0.010ms (keyed= 0.000ms group_by=  0.002ms per_group= 0.005ms)
[pe] round= 12 work=       16 frontier=       32 next=        8 consolidate=  0.011ms frontier=  0.001ms semisort=  0.006ms (keyed= 0.000ms group_by=  0.001ms per_group= 0.003ms)
[pe] round= 13 work=        8 frontier=       16 next=        4 consolidate=  0.006ms frontier=  0.001ms semisort=  0.004ms (keyed= 0.000ms group_by=  0.001ms per_group= 0.002ms)
[pe] round= 14 work=        4 frontier=        8 next=        2 consolidate=  0.003ms frontier=  0.001ms semisort=  0.003ms (keyed= 0.000ms group_by=  0.000ms per_group= 0.001ms)
[pe] round= 15 work=        2 frontier=        4 next=        1 consolidate=  0.002ms frontier=  0.001ms semisort=  0.002ms (keyed= 0.000ms group_by=  0.000ms per_group= 0.001ms)
[pe] round= 16 work=        1 (tail-skip: all parents empty)
[pe] round=  0 work=       60 frontier=   162000 next=    27000 consolidate=  0.132ms frontier=  0.062ms semisort=  8.441ms (keyed= 0.132ms group_by=  3.331ms per_group= 3.416ms)
[pe] round=  1 work=    27000 frontier=    54000 next=    10616 consolidate=  7.326ms frontier=  0.450ms semisort=  4.770ms (keyed= 0.151ms group_by=  1.367ms per_group= 1.892ms)
[pe] round=  2 work=    10616 frontier=    21232 next=     8192 consolidate=  3.065ms frontier=  0.327ms semisort=  2.497ms (keyed= 0.062ms group_by=  0.680ms per_group= 1.075ms)
[pe] round=  3 work=     8192 frontier=    16384 next=     4096 consolidate=  2.788ms frontier=  0.237ms semisort=  1.682ms (keyed= 0.060ms group_by=  0.611ms per_group= 0.588ms)
[pe] round=  4 work=     4096 frontier=     8192 next=     2048 consolidate=  1.555ms frontier=  0.208ms semisort=  1.289ms (keyed= 0.021ms group_by=  0.645ms per_group= 0.336ms)
[pe] round=  5 work=     2048 frontier=     4096 next=     1024 consolidate=  0.839ms frontier=  0.081ms semisort=  0.630ms (keyed= 0.010ms group_by=  0.301ms per_group= 0.164ms)
[pe] round=  6 work=     1024 frontier=     2048 next=      512 consolidate=  0.443ms frontier=  0.055ms semisort=  0.330ms (keyed= 0.004ms group_by=  0.159ms per_group= 0.097ms)
[pe] round=  7 work=      512 frontier=     1024 next=      256 consolidate=  0.207ms frontier=  0.029ms semisort=  0.172ms (keyed= 0.002ms group_by=  0.067ms per_group= 0.069ms)
[pe] round=  8 work=      256 frontier=      512 next=      128 consolidate=  0.179ms frontier=  0.017ms semisort=  0.068ms (keyed= 0.001ms group_by=  0.021ms per_group= 0.033ms)
[pe] round=  9 work=      128 frontier=      256 next=       64 consolidate=  0.051ms frontier=  0.006ms semisort=  0.032ms (keyed= 0.001ms group_by=  0.008ms per_group= 0.017ms)
[pe] round= 10 work=       64 frontier=      128 next=       32 consolidate=  0.033ms frontier=  0.004ms semisort=  0.018ms (keyed= 0.000ms group_by=  0.004ms per_group= 0.009ms)
[pe] round= 11 work=       32 frontier=       64 next=       16 consolidate=  0.022ms frontier=  0.002ms semisort=  0.010ms (keyed= 0.000ms group_by=  0.002ms per_group= 0.005ms)
[pe] round= 12 work=       16 frontier=       32 next=        8 consolidate=  0.011ms frontier=  0.001ms semisort=  0.006ms (keyed= 0.000ms group_by=  0.001ms per_group= 0.003ms)
[pe] round= 13 work=        8 frontier=       16 next=        4 consolidate=  0.006ms frontier=  0.001ms semisort=  0.004ms (keyed= 0.000ms group_by=  0.001ms per_group= 0.002ms)
[pe] round= 14 work=        4 frontier=        8 next=        2 consolidate=  0.004ms frontier=  0.001ms semisort=  0.003ms (keyed= 0.000ms group_by=  0.001ms per_group= 0.001ms)
[pe] round= 15 work=        2 frontier=        4 next=        1 consolidate=  0.002ms frontier=  0.001ms semisort=  0.002ms (keyed= 0.000ms group_by=  0.000ms per_group= 0.001ms)
[pe] round= 16 work=        1 (tail-skip: all parents empty)
[pe-async] round=  0 R=2 dirty=    54000 runs=    27000 filter=  0.236ms semisort=  3.593ms
[pe-async] round=  1 R=3 dirty=    32768 runs=    22152 filter=  0.445ms semisort=  1.900ms
[pe-async] round=  2 R=4 dirty=    16384 runs=     8192 filter=  0.505ms semisort=  1.079ms
[pe-async] round=  3 R=5 dirty=     8192 runs=     4096 filter=  0.419ms semisort=  0.715ms
[pe-async] round=  4 R=6 dirty=     4096 runs=     2048 filter=  0.457ms semisort=  0.344ms
[pe-async] round=  5 R=7 dirty=     2048 runs=     1024 filter=  0.471ms semisort=  0.264ms
[pe-async] round=  6 R=8 dirty=     1024 runs=      512 filter=  0.376ms semisort=  0.122ms
[pe-async] round=  7 R=9 dirty=      512 runs=      256 filter=  0.390ms semisort=  0.090ms
[pe-async] round=  8 R=10 dirty=      256 runs=      128 filter=  0.424ms semisort=  0.068ms
[pe-async] round=  9 R=11 dirty=      128 runs=       64 filter=  0.382ms semisort=  0.033ms
[pe-async] round= 10 R=12 dirty=       64 runs=       32 filter=  0.319ms semisort=  0.019ms
[pe-async] round= 11 R=13 dirty=       32 runs=       16 filter=  0.369ms semisort=  0.012ms
[pe-async] round= 12 R=14 dirty=       16 runs=        8 filter=  0.271ms semisort=  0.009ms
[pe-async] round= 13 R=15 dirty=        8 runs=        4 filter=  0.441ms semisort=  0.006ms
[pe-async] round= 14 R=16 dirty=        4 runs=        2 filter=  0.386ms semisort=  0.005ms
[pe-async] round= 15 R=17 dirty=        2 runs=        1 filter=  0.386ms semisort=  0.004ms
[pe-async] round= 16 R=18 dirty=        0 filter=  0.320ms (clean break)
[pe-async] round=  0 R=2 dirty=    54000 runs=    27000 filter=  0.334ms semisort=  3.298ms
[pe-async] round=  1 R=3 dirty=    32768 runs=    22152 filter=  0.444ms semisort=  1.674ms
[pe-async] round=  2 R=4 dirty=    16384 runs=     8192 filter=  0.482ms semisort=  1.078ms
[pe-async] round=  3 R=5 dirty=     8192 runs=     4096 filter=  0.403ms semisort=  0.626ms
[pe-async] round=  4 R=6 dirty=     4096 runs=     2048 filter=  0.457ms semisort=  0.354ms
[pe-async] round=  5 R=7 dirty=     2048 runs=     1024 filter=  0.472ms semisort=  0.227ms
[pe-async] round=  6 R=8 dirty=     1024 runs=      512 filter=  0.456ms semisort=  0.119ms
[pe-async] round=  7 R=9 dirty=      512 runs=      256 filter=  0.423ms semisort=  0.087ms
[pe-async] round=  8 R=10 dirty=      256 runs=      128 filter=  0.490ms semisort=  0.063ms
[pe-async] round=  9 R=11 dirty=      128 runs=       64 filter=  0.434ms semisort=  0.032ms
[pe-async] round= 10 R=12 dirty=       64 runs=       32 filter=  0.378ms semisort=  0.020ms
[pe-async] round= 11 R=13 dirty=       32 runs=       16 filter=  0.292ms semisort=  0.012ms
[pe-async] round= 12 R=14 dirty=       16 runs=        8 filter=  0.381ms semisort=  0.008ms
[pe-async] round= 13 R=15 dirty=        8 runs=        4 filter=  0.392ms semisort=  0.006ms
[pe-async] round= 14 R=16 dirty=        4 runs=        2 filter=  0.354ms semisort=  0.005ms
[pe-async] round= 15 R=17 dirty=        2 runs=        1 filter=  0.231ms semisort=  0.003ms
[pe-async] round= 16 R=18 dirty=        0 filter=  0.388ms (clean break)
[pe-async] round=  0 R=2 dirty=    54000 runs=    27000 filter=  0.201ms semisort=  3.320ms
[pe-async] round=  1 R=3 dirty=    32768 runs=    22152 filter=  0.429ms semisort=  1.695ms
[pe-async] round=  2 R=4 dirty=    16384 runs=     8192 filter=  0.458ms semisort=  1.184ms
[pe-async] round=  3 R=5 dirty=     8192 runs=     4096 filter=  0.409ms semisort=  0.591ms
[pe-async] round=  4 R=6 dirty=     4096 runs=     2048 filter=  0.387ms semisort=  0.393ms
[pe-async] round=  5 R=7 dirty=     2048 runs=     1024 filter=  0.395ms semisort=  0.263ms
[pe-async] round=  6 R=8 dirty=     1024 runs=      512 filter=  0.352ms semisort=  0.152ms
[pe-async] round=  7 R=9 dirty=      512 runs=      256 filter=  0.381ms semisort=  0.097ms
[pe-async] round=  8 R=10 dirty=      256 runs=      128 filter=  0.357ms semisort=  0.057ms
[pe-async] round=  9 R=11 dirty=      128 runs=       64 filter=  0.368ms semisort=  0.034ms
[pe-async] round= 10 R=12 dirty=       64 runs=       32 filter=  0.317ms semisort=  0.018ms
[pe-async] round= 11 R=13 dirty=       32 runs=       16 filter=  0.250ms semisort=  0.011ms
[pe-async] round= 12 R=14 dirty=       16 runs=        8 filter=  0.321ms semisort=  0.008ms
[pe-async] round= 13 R=15 dirty=        8 runs=        4 filter=  0.393ms semisort=  0.007ms
[pe-async] round= 14 R=16 dirty=        4 runs=        2 filter=  0.412ms semisort=  0.005ms
[pe-async] round= 15 R=17 dirty=        2 runs=        1 filter=  0.307ms semisort=  0.004ms
[pe-async] round= 16 R=18 dirty=        0 filter=  0.251ms (clean break)
[pe-async] round=  0 R=2 dirty=    54000 runs=    27000 filter=  0.339ms semisort=  3.279ms
[pe-async] round=  1 R=3 dirty=    32768 runs=    22152 filter=  0.316ms semisort=  1.685ms
[pe-async] round=  2 R=4 dirty=    16384 runs=     8192 filter=  0.362ms semisort=  1.054ms
[pe-async] round=  3 R=5 dirty=     8192 runs=     4096 filter=  0.421ms semisort=  0.618ms
[pe-async] round=  4 R=6 dirty=     4096 runs=     2048 filter=  0.410ms semisort=  0.359ms
[pe-async] round=  5 R=7 dirty=     2048 runs=     1024 filter=  0.439ms semisort=  0.252ms
[pe-async] round=  6 R=8 dirty=     1024 runs=      512 filter=  0.374ms semisort=  0.218ms
[pe-async] round=  7 R=9 dirty=      512 runs=      256 filter=  0.377ms semisort=  0.082ms
[pe-async] round=  8 R=10 dirty=      256 runs=      128 filter=  0.409ms semisort=  0.052ms
[pe-async] round=  9 R=11 dirty=      128 runs=       64 filter=  0.313ms semisort=  0.033ms
[pe-async] round= 10 R=12 dirty=       64 runs=       32 filter=  0.390ms semisort=  0.019ms
[pe-async] round= 11 R=13 dirty=       32 runs=       16 filter=  0.391ms semisort=  0.011ms
[pe-async] round= 12 R=14 dirty=       16 runs=        8 filter=  0.325ms semisort=  0.008ms
[pe-async] round= 13 R=15 dirty=        8 runs=        4 filter=  0.309ms semisort=  0.005ms
[pe-async] round= 14 R=16 dirty=        4 runs=        2 filter=  0.340ms semisort=  0.004ms
[pe-async] round= 15 R=17 dirty=        2 runs=        1 filter=  0.359ms semisort=  0.004ms
[pe-async] round= 16 R=18 dirty=        0 filter=  0.324ms (clean break)
[pe-async] round=  0 R=2 dirty=    54000 runs=    27000 filter=  0.340ms semisort=  3.486ms
[pe-async] round=  1 R=3 dirty=    32768 runs=    22152 filter=  0.353ms semisort=  1.785ms
[pe-async] round=  2 R=4 dirty=    16384 runs=     8192 filter=  0.496ms semisort=  1.168ms
[pe-async] round=  3 R=5 dirty=     8192 runs=     4096 filter=  0.401ms semisort=  0.597ms
[pe-async] round=  4 R=6 dirty=     4096 runs=     2048 filter=  0.423ms semisort=  0.351ms
[pe-async] round=  5 R=7 dirty=     2048 runs=     1024 filter=  0.429ms semisort=  0.219ms
[pe-async] round=  6 R=8 dirty=     1024 runs=      512 filter=  0.377ms semisort=  0.180ms
[pe-async] round=  7 R=9 dirty=      512 runs=      256 filter=  0.427ms semisort=  0.148ms
[pe-async] round=  8 R=10 dirty=      256 runs=      128 filter=  0.341ms semisort=  0.052ms
[pe-async] round=  9 R=11 dirty=      128 runs=       64 filter=  0.318ms semisort=  0.033ms
[pe-async] round= 10 R=12 dirty=       64 runs=       32 filter=  0.239ms semisort=  0.017ms
[pe-async] round= 11 R=13 dirty=       32 runs=       16 filter=  0.386ms semisort=  0.012ms
[pe-async] round= 12 R=14 dirty=       16 runs=        8 filter=  0.348ms semisort=  0.009ms
[pe-async] round= 13 R=15 dirty=        8 runs=        4 filter=  0.315ms semisort=  0.006ms
[pe-async] round= 14 R=16 dirty=        4 runs=        2 filter=  0.322ms semisort=  0.005ms
[pe-async] round= 15 R=17 dirty=        2 runs=        1 filter=  0.226ms semisort=  0.003ms
[pe-async] round= 16 R=18 dirty=        0 filter=  0.321ms (clean break)
[pe-async] round=  0 R=2 dirty=    54000 runs=    27000 filter=  0.331ms semisort=  3.516ms
[pe-async] round=  1 R=3 dirty=    32768 runs=    22152 filter=  0.567ms semisort=  1.742ms
[pe-async] round=  2 R=4 dirty=    16384 runs=     8192 filter=  0.588ms semisort=  1.104ms
[pe-async] round=  3 R=5 dirty=     8192 runs=     4096 filter=  0.376ms semisort=  0.717ms
[pe-async] round=  4 R=6 dirty=     4096 runs=     2048 filter=  0.361ms semisort=  0.387ms
[pe-async] round=  5 R=7 dirty=     2048 runs=     1024 filter=  0.394ms semisort=  0.226ms
[pe-async] round=  6 R=8 dirty=     1024 runs=      512 filter=  0.500ms semisort=  0.150ms
[pe-async] round=  7 R=9 dirty=      512 runs=      256 filter=  0.399ms semisort=  0.144ms
[pe-async] round=  8 R=10 dirty=      256 runs=      128 filter=  0.446ms semisort=  0.056ms
[pe-async] round=  9 R=11 dirty=      128 runs=       64 filter=  0.239ms semisort=  0.031ms
[pe-async] round= 10 R=12 dirty=       64 runs=       32 filter=  0.313ms semisort=  0.018ms
[pe-async] round= 11 R=13 dirty=       32 runs=       16 filter=  0.355ms semisort=  0.012ms
[pe-async] round= 12 R=14 dirty=       16 runs=        8 filter=  0.364ms semisort=  0.008ms
[pe-async] round= 13 R=15 dirty=        8 runs=        4 filter=  0.406ms semisort=  0.007ms
[pe-async] round= 14 R=16 dirty=        4 runs=        2 filter=  0.328ms semisort=  0.005ms
[pe-async] round= 15 R=17 dirty=        2 runs=        1 filter=  0.332ms semisort=  0.004ms
[pe-async] round= 16 R=18 dirty=        0 filter=  0.441ms (clean break)
