[synthetic_bench] cube n=205 d=2 classes=34460908 merges=205 ...
[pe] round=  0 work=      410 frontier= 17230250 next=  8615125 consolidate= 13.790ms frontier= 42.079ms semisort=126.514ms (keyed=45.307ms group_by=  4.464ms per_group=42.036ms)
[pe] round=  1 work=  8615125 frontier=  8841642 next=  4194304 consolidate= 90.888ms frontier= 13.548ms semisort= 56.919ms (keyed=11.831ms group_by=  1.150ms per_group=22.664ms)
[pe] round=  2 work=  4194304 frontier=  4647338 next=  2097152 consolidate= 48.909ms frontier= 11.766ms semisort= 32.973ms (keyed= 6.442ms group_by=  0.334ms per_group=12.111ms)
[pe] round=  3 work=  2097152 frontier=  2550186 next=  1048576 consolidate= 27.641ms frontier=  9.428ms semisort= 20.778ms (keyed= 3.870ms group_by=  0.236ms per_group= 7.175ms)
[pe] round=  4 work=  1048576 frontier=  1501610 next=   524288 consolidate= 21.783ms frontier=  6.923ms semisort= 10.754ms (keyed= 2.587ms group_by=  0.285ms per_group= 4.416ms)
[pe] round=  5 work=   524288 frontier=   977322 next=   262144 consolidate= 11.362ms frontier=  6.771ms semisort=  6.031ms (keyed= 1.289ms group_by=  0.543ms per_group= 2.176ms)
[pe] round=  6 work=   262144 frontier=   524288 next=   226517 consolidate=  5.557ms frontier=  2.175ms semisort=  4.060ms (keyed= 0.647ms group_by=  0.126ms per_group= 1.705ms)
[pe] round=  7 work=   226517 frontier=   453034 next=   131072 consolidate=  4.966ms frontier=  1.024ms semisort=  2.872ms (keyed= 0.675ms group_by=  0.089ms per_group= 0.890ms)
[pe] round=  8 work=   131072 frontier=   262144 next=    65536 consolidate=  2.829ms frontier=  0.544ms semisort=  2.228ms (keyed= 0.476ms group_by=  0.110ms per_group= 0.986ms)
[pe] round=  9 work=    65536 frontier=   131072 next=    32768 consolidate=  1.573ms frontier=  0.408ms semisort=  4.129ms (keyed= 0.048ms group_by=  3.278ms per_group= 0.353ms)
[pe] round= 10 work=    32768 frontier=    65536 next=    16384 consolidate=  0.892ms frontier=  0.271ms semisort=  1.638ms (keyed= 0.025ms group_by=  1.072ms per_group= 0.231ms)
[pe] round= 11 work=    16384 frontier=    32768 next=     8192 consolidate=  0.617ms frontier=  0.282ms semisort=  1.286ms (keyed= 0.028ms group_by=  0.792ms per_group= 0.240ms)
[pe] round= 12 work=     8192 frontier=    16384 next=     4096 consolidate=  1.777ms frontier=  0.271ms semisort=  0.747ms (keyed= 0.028ms group_by=  0.338ms per_group= 0.154ms)
[pe] round= 13 work=     4096 frontier=     8192 next=     2048 consolidate=  0.967ms frontier=  0.159ms semisort=  1.874ms (keyed= 0.018ms group_by=  1.617ms per_group= 0.099ms)
[pe] round= 14 work=     2048 frontier=     4096 next=     1024 consolidate=  0.503ms frontier=  0.099ms semisort=  1.031ms (keyed= 0.013ms group_by=  0.800ms per_group= 0.105ms)
[pe] round= 15 work=     1024 frontier=     2048 next=      512 consolidate=  0.273ms frontier=  0.067ms semisort=  0.425ms (keyed= 0.007ms group_by=  0.257ms per_group= 0.060ms)
[pe] round= 16 work=      512 frontier=     1024 next=      256 consolidate=  0.154ms frontier=  0.057ms semisort=  0.232ms (keyed= 0.004ms group_by=  0.096ms per_group= 0.047ms)
[pe] round= 17 work=      256 frontier=      512 next=      128 consolidate=  0.071ms frontier=  0.027ms semisort=  0.158ms (keyed= 0.002ms group_by=  0.059ms per_group= 0.046ms)
[pe] round= 18 work=      128 frontier=      256 next=       64 consolidate=  0.077ms frontier=  0.011ms semisort=  0.082ms (keyed= 0.002ms group_by=  0.023ms per_group= 0.024ms)
[pe] round= 19 work=       64 frontier=      128 next=       32 consolidate=  0.036ms frontier=  0.007ms semisort=  0.035ms (keyed= 0.001ms group_by=  0.011ms per_group= 0.015ms)
[pe] round= 20 work=       32 frontier=       64 next=       16 consolidate=  0.021ms frontier=  0.004ms semisort=  0.019ms (keyed= 0.000ms group_by=  0.005ms per_group= 0.009ms)
[pe] round= 21 work=       16 frontier=       32 next=        8 consolidate=  0.023ms frontier=  0.003ms semisort=  0.008ms (keyed= 0.000ms group_by=  0.002ms per_group= 0.004ms)
[pe] round= 22 work=        8 frontier=       16 next=        4 consolidate=  0.010ms frontier=  0.001ms semisort=  0.004ms (keyed= 0.000ms group_by=  0.001ms per_group= 0.002ms)
[pe] round= 23 work=        4 frontier=        8 next=        2 consolidate=  0.003ms frontier=  0.001ms semisort=  0.003ms (keyed= 0.000ms group_by=  0.000ms per_group= 0.001ms)
[pe] round= 24 work=        2 frontier=        4 next=        1 consolidate=  0.002ms frontier=  0.001ms semisort=  0.002ms (keyed= 0.000ms group_by=  0.000ms per_group= 0.001ms)
[pe] round= 25 work=        1 (tail-skip: all parents empty)
[pe] round=  0 work=      410 frontier= 17230250 next=  8615125 consolidate=  1.305ms frontier=  9.997ms semisort=106.110ms (keyed=31.759ms group_by=  0.782ms per_group=40.345ms)
[pe] round=  1 work=  8615125 frontier=  8841642 next=  4194304 consolidate= 90.369ms frontier= 14.426ms semisort= 52.989ms (keyed=12.757ms group_by=  0.488ms per_group=21.613ms)
[pe] round=  2 work=  4194304 frontier=  4647338 next=  2097152 consolidate= 53.461ms frontier= 11.603ms semisort= 29.199ms (keyed= 5.808ms group_by=  0.366ms per_group=11.927ms)
[pe] round=  3 work=  2097152 frontier=  2550186 next=  1048576 consolidate= 34.615ms frontier=  8.065ms semisort= 16.375ms (keyed= 3.693ms group_by=  0.234ms per_group= 6.634ms)
[pe] round=  4 work=  1048576 frontier=  1501610 next=   524288 consolidate= 18.891ms frontier=  6.527ms semisort=  9.439ms (keyed= 1.538ms group_by=  0.329ms per_group= 3.840ms)
[pe] round=  5 work=   524288 frontier=   977322 next=   262144 consolidate= 11.818ms frontier=  4.980ms semisort=  5.048ms (keyed= 0.896ms group_by=  0.221ms per_group= 1.893ms)
[pe] round=  6 work=   262144 frontier=   524288 next=   226517 consolidate=  6.341ms frontier=  2.451ms semisort=  3.973ms (keyed= 0.703ms group_by=  0.106ms per_group= 1.834ms)
[pe] round=  7 work=   226517 frontier=   453034 next=   131072 consolidate=  5.170ms frontier=  0.710ms semisort=  2.612ms (keyed= 0.640ms group_by=  0.097ms per_group= 0.858ms)
[pe] round=  8 work=   131072 frontier=   262144 next=    65536 consolidate=  3.140ms frontier=  0.578ms semisort=  1.710ms (keyed= 0.470ms group_by=  0.095ms per_group= 0.491ms)
[pe] round=  9 work=    65536 frontier=   131072 next=    32768 consolidate=  1.670ms frontier=  0.435ms semisort=  3.168ms (keyed= 0.054ms group_by=  2.314ms per_group= 0.356ms)
[pe] round= 10 work=    32768 frontier=    65536 next=    16384 consolidate=  0.991ms frontier=  0.319ms semisort=  1.821ms (keyed= 0.037ms group_by=  1.218ms per_group= 0.252ms)
[pe] round= 11 work=    16384 frontier=    32768 next=     8192 consolidate=  0.644ms frontier=  0.262ms semisort=  1.353ms (keyed= 0.028ms group_by=  0.891ms per_group= 0.228ms)
[pe] round= 12 work=     8192 frontier=    16384 next=     4096 consolidate=  1.988ms frontier=  0.273ms semisort=  0.720ms (keyed= 0.027ms group_by=  0.362ms per_group= 0.131ms)
[pe] round= 13 work=     4096 frontier=     8192 next=     2048 consolidate=  1.031ms frontier=  0.181ms semisort=  1.948ms (keyed= 0.031ms group_by=  1.637ms per_group= 0.136ms)
[pe] round= 14 work=     2048 frontier=     4096 next=     1024 consolidate=  0.536ms frontier=  0.098ms semisort=  0.865ms (keyed= 0.014ms group_by=  0.654ms per_group= 0.080ms)
[pe] round= 15 work=     1024 frontier=     2048 next=      512 consolidate=  0.305ms frontier=  0.073ms semisort=  0.380ms (keyed= 0.011ms group_by=  0.220ms per_group= 0.057ms)
[pe] round= 16 work=      512 frontier=     1024 next=      256 consolidate=  0.158ms frontier=  0.056ms semisort=  0.199ms (keyed= 0.004ms group_by=  0.096ms per_group= 0.037ms)
[pe] round= 17 work=      256 frontier=      512 next=      128 consolidate=  0.075ms frontier=  0.035ms semisort=  0.131ms (keyed= 0.002ms group_by=  0.048ms per_group= 0.034ms)
[pe] round= 18 work=      128 frontier=      256 next=       64 consolidate=  0.067ms frontier=  0.016ms semisort=  0.080ms (keyed= 0.001ms group_by=  0.023ms per_group= 0.029ms)
[pe] round= 19 work=       64 frontier=      128 next=       32 consolidate=  0.045ms frontier=  0.007ms semisort=  0.049ms (keyed= 0.001ms group_by=  0.010ms per_group= 0.032ms)
[pe] round= 20 work=       32 frontier=       64 next=       16 consolidate=  0.028ms frontier=  0.004ms semisort=  0.021ms (keyed= 0.000ms group_by=  0.004ms per_group= 0.012ms)
[pe] round= 21 work=       16 frontier=       32 next=        8 consolidate=  0.022ms frontier=  0.003ms semisort=  0.008ms (keyed= 0.000ms group_by=  0.002ms per_group= 0.003ms)
[pe] round= 22 work=        8 frontier=       16 next=        4 consolidate=  0.022ms frontier=  0.002ms semisort=  0.004ms (keyed= 0.000ms group_by=  0.001ms per_group= 0.002ms)
[pe] round= 23 work=        4 frontier=        8 next=        2 consolidate=  0.004ms frontier=  0.001ms semisort=  0.003ms (keyed= 0.000ms group_by=  0.001ms per_group= 0.001ms)
[pe] round= 24 work=        2 frontier=        4 next=        1 consolidate=  0.003ms frontier=  0.001ms semisort=  0.002ms (keyed= 0.000ms group_by=  0.000ms per_group= 0.001ms)
[pe] round= 25 work=        1 (tail-skip: all parents empty)
[pe] round=  0 work=      410 frontier= 17230250 next=  8615125 consolidate=  1.308ms frontier= 11.215ms semisort=108.292ms (keyed=33.534ms group_by=  0.823ms per_group=41.542ms)
[pe] round=  1 work=  8615125 frontier=  8841642 next=  4194304 consolidate= 88.773ms frontier= 15.032ms semisort= 52.248ms (keyed=12.233ms group_by=  0.499ms per_group=22.036ms)
[pe] round=  2 work=  4194304 frontier=  4647338 next=  2097152 consolidate= 53.855ms frontier=  9.573ms semisort= 27.591ms (keyed= 5.666ms group_by=  0.330ms per_group=12.128ms)
[pe] round=  3 work=  2097152 frontier=  2550186 next=  1048576 consolidate= 28.002ms frontier=  6.197ms semisort= 15.818ms (keyed= 3.155ms group_by=  0.239ms per_group= 6.595ms)
[pe] round=  4 work=  1048576 frontier=  1501610 next=   524288 consolidate= 17.061ms frontier=  4.870ms semisort=  9.870ms (keyed= 1.675ms group_by=  0.548ms per_group= 3.839ms)
[pe] round=  5 work=   524288 frontier=   977322 next=   262144 consolidate= 11.806ms frontier=  4.346ms semisort=  5.233ms (keyed= 1.145ms group_by=  0.247ms per_group= 1.842ms)
[pe] round=  6 work=   262144 frontier=   524288 next=   226517 consolidate=  6.092ms frontier=  2.231ms semisort=  3.989ms (keyed= 0.726ms group_by=  0.131ms per_group= 1.785ms)
[pe] round=  7 work=   226517 frontier=   453034 next=   131072 consolidate=  5.174ms frontier=  0.708ms semisort=  2.461ms (keyed= 0.598ms group_by=  0.088ms per_group= 0.752ms)
[pe] round=  8 work=   131072 frontier=   262144 next=    65536 consolidate=  3.163ms frontier=  0.492ms semisort=  1.705ms (keyed= 0.440ms group_by=  0.103ms per_group= 0.518ms)
[pe] round=  9 work=    65536 frontier=   131072 next=    32768 consolidate=  1.700ms frontier=  0.426ms semisort=  4.143ms (keyed= 0.050ms group_by=  3.262ms per_group= 0.367ms)
[pe] round= 10 work=    32768 frontier=    65536 next=    16384 consolidate=  1.043ms frontier=  0.308ms semisort=  2.001ms (keyed= 0.033ms group_by=  1.406ms per_group= 0.253ms)
[pe] round= 11 work=    16384 frontier=    32768 next=     8192 consolidate=  0.650ms frontier=  0.267ms semisort=  1.334ms (keyed= 0.028ms group_by=  0.870ms per_group= 0.183ms)
[pe] round= 12 work=     8192 frontier=    16384 next=     4096 consolidate=  1.957ms frontier=  0.260ms semisort=  0.707ms (keyed= 0.023ms group_by=  0.322ms per_group= 0.162ms)
[pe] round= 13 work=     4096 frontier=     8192 next=     2048 consolidate=  0.994ms frontier=  0.163ms semisort=  1.940ms (keyed= 0.016ms group_by=  1.659ms per_group= 0.123ms)
[pe] round= 14 work=     2048 frontier=     4096 next=     1024 consolidate=  0.539ms frontier=  0.098ms semisort=  0.928ms (keyed= 0.018ms group_by=  0.742ms per_group= 0.062ms)
[pe] round= 15 work=     1024 frontier=     2048 next=      512 consolidate=  0.303ms frontier=  0.074ms semisort=  0.396ms (keyed= 0.007ms group_by=  0.240ms per_group= 0.048ms)
[pe] round= 16 work=      512 frontier=     1024 next=      256 consolidate=  0.160ms frontier=  0.054ms semisort=  0.242ms (keyed= 0.004ms group_by=  0.094ms per_group= 0.056ms)
[pe] round= 17 work=      256 frontier=      512 next=      128 consolidate=  0.111ms frontier=  0.042ms semisort=  0.125ms (keyed= 0.002ms group_by=  0.045ms per_group= 0.029ms)
[pe] round= 18 work=      128 frontier=      256 next=       64 consolidate=  0.058ms frontier=  0.013ms semisort=  0.079ms (keyed= 0.001ms group_by=  0.018ms per_group= 0.028ms)
[pe] round= 19 work=       64 frontier=      128 next=       32 consolidate=  0.049ms frontier=  0.007ms semisort=  0.034ms (keyed= 0.001ms group_by=  0.010ms per_group= 0.016ms)
[pe] round= 20 work=       32 frontier=       64 next=       16 consolidate=  0.025ms frontier=  0.004ms semisort=  0.020ms (keyed= 0.001ms group_by=  0.005ms per_group= 0.010ms)
[pe] round= 21 work=       16 frontier=       32 next=        8 consolidate=  0.021ms frontier=  0.013ms semisort=  0.009ms (keyed= 0.000ms group_by=  0.002ms per_group= 0.004ms)
[pe] round= 22 work=        8 frontier=       16 next=        4 consolidate=  0.014ms frontier=  0.002ms semisort=  0.005ms (keyed= 0.000ms group_by=  0.001ms per_group= 0.002ms)
[pe] round= 23 work=        4 frontier=        8 next=        2 consolidate=  0.005ms frontier=  0.001ms semisort=  0.003ms (keyed= 0.000ms group_by=  0.000ms per_group= 0.001ms)
[pe] round= 24 work=        2 frontier=        4 next=        1 consolidate=  0.002ms frontier=  0.001ms semisort=  0.002ms (keyed= 0.000ms group_by=  0.000ms per_group= 0.001ms)
[pe] round= 25 work=        1 (tail-skip: all parents empty)
[pe] round=  0 work=      410 frontier= 17230250 next=  8615125 consolidate=  1.306ms frontier= 10.948ms semisort=108.166ms (keyed=33.400ms group_by=  0.782ms per_group=41.572ms)
[pe] round=  1 work=  8615125 frontier=  8841642 next=  4194304 consolidate= 94.091ms frontier= 13.414ms semisort= 52.351ms (keyed=12.303ms group_by=  0.496ms per_group=22.095ms)
[pe] round=  2 work=  4194304 frontier=  4647338 next=  2097152 consolidate= 49.053ms frontier=  8.704ms semisort= 27.211ms (keyed= 5.519ms group_by=  0.341ms per_group=11.830ms)
[pe] round=  3 work=  2097152 frontier=  2550186 next=  1048576 consolidate= 28.560ms frontier=  7.147ms semisort= 15.545ms (keyed= 2.900ms group_by=  0.256ms per_group= 6.583ms)
[pe] round=  4 work=  1048576 frontier=  1501610 next=   524288 consolidate= 17.331ms frontier=  4.858ms semisort=  9.729ms (keyed= 1.708ms group_by=  0.318ms per_group= 3.926ms)
[pe] round=  5 work=   524288 frontier=   977322 next=   262144 consolidate= 11.948ms frontier=  3.916ms semisort=  5.226ms (keyed= 1.115ms group_by=  0.248ms per_group= 1.811ms)
[pe] round=  6 work=   262144 frontier=   524288 next=   226517 consolidate=  6.215ms frontier=  2.134ms semisort=  4.005ms (keyed= 0.712ms group_by=  0.093ms per_group= 1.838ms)
[pe] round=  7 work=   226517 frontier=   453034 next=   131072 consolidate=  5.231ms frontier=  0.734ms semisort=  2.611ms (keyed= 0.664ms group_by=  0.095ms per_group= 0.890ms)
[pe] round=  8 work=   131072 frontier=   262144 next=    65536 consolidate=  3.235ms frontier=  0.502ms semisort=  1.757ms (keyed= 0.519ms group_by=  0.090ms per_group= 0.499ms)
[pe] round=  9 work=    65536 frontier=   131072 next=    32768 consolidate=  1.756ms frontier=  0.405ms semisort=  3.356ms (keyed= 0.050ms group_by=  2.482ms per_group= 0.370ms)
[pe] round= 10 work=    32768 frontier=    65536 next=    16384 consolidate=  1.048ms frontier=  0.288ms semisort=  2.122ms (keyed= 0.023ms group_by=  1.491ms per_group= 0.292ms)
[pe] round= 11 work=    16384 frontier=    32768 next=     8192 consolidate=  0.624ms frontier=  0.226ms semisort=  1.356ms (keyed= 0.040ms group_by=  0.922ms per_group= 0.185ms)
[pe] round= 12 work=     8192 frontier=    16384 next=     4096 consolidate=  2.055ms frontier=  0.256ms semisort=  0.770ms (keyed= 0.029ms group_by=  0.403ms per_group= 0.146ms)
[pe] round= 13 work=     4096 frontier=     8192 next=     2048 consolidate=  1.054ms frontier=  0.176ms semisort=  1.899ms (keyed= 0.032ms group_by=  1.614ms per_group= 0.097ms)
[pe] round= 14 work=     2048 frontier=     4096 next=     1024 consolidate=  0.524ms frontier=  0.087ms semisort=  0.876ms (keyed= 0.014ms group_by=  0.679ms per_group= 0.068ms)
[pe] round= 15 work=     1024 frontier=     2048 next=      512 consolidate=  0.300ms frontier=  0.069ms semisort=  0.373ms (keyed= 0.008ms group_by=  0.239ms per_group= 0.041ms)
[pe] round= 16 work=      512 frontier=     1024 next=      256 consolidate=  0.165ms frontier=  0.065ms semisort=  0.237ms (keyed= 0.004ms group_by=  0.096ms per_group= 0.049ms)
[pe] round= 17 work=      256 frontier=      512 next=      128 consolidate=  0.091ms frontier=  0.028ms semisort=  0.119ms (keyed= 0.002ms group_by=  0.044ms per_group= 0.032ms)
[pe] round= 18 work=      128 frontier=      256 next=       64 consolidate=  0.067ms frontier=  0.016ms semisort=  0.081ms (keyed= 0.001ms group_by=  0.018ms per_group= 0.021ms)
[pe] round= 19 work=       64 frontier=      128 next=       32 consolidate=  0.048ms frontier=  0.007ms semisort=  0.040ms (keyed= 0.001ms group_by=  0.010ms per_group= 0.021ms)
[pe] round= 20 work=       32 frontier=       64 next=       16 consolidate=  0.041ms frontier=  0.005ms semisort=  0.018ms (keyed= 0.001ms group_by=  0.005ms per_group= 0.009ms)
[pe] round= 21 work=       16 frontier=       32 next=        8 consolidate=  0.025ms frontier=  0.003ms semisort=  0.009ms (keyed= 0.000ms group_by=  0.002ms per_group= 0.004ms)
[pe] round= 22 work=        8 frontier=       16 next=        4 consolidate=  0.012ms frontier=  0.002ms semisort=  0.006ms (keyed= 0.000ms group_by=  0.001ms per_group= 0.002ms)
[pe] round= 23 work=        4 frontier=        8 next=        2 consolidate=  0.005ms frontier=  0.001ms semisort=  0.003ms (keyed= 0.000ms group_by=  0.001ms per_group= 0.001ms)
[pe] round= 24 work=        2 frontier=        4 next=        1 consolidate=  0.003ms frontier=  0.001ms semisort=  0.002ms (keyed= 0.000ms group_by=  0.000ms per_group= 0.001ms)
[pe] round= 25 work=        1 (tail-skip: all parents empty)
[pe] round=  0 work=      410 frontier= 17230250 next=  8615125 consolidate=  1.318ms frontier=  9.624ms semisort=107.511ms (keyed=32.858ms group_by=  0.774ms per_group=41.705ms)
[pe] round=  1 work=  8615125 frontier=  8841642 next=  4194304 consolidate= 88.711ms frontier= 13.701ms semisort= 52.358ms (keyed=12.586ms group_by=  0.474ms per_group=22.106ms)
[pe] round=  2 work=  4194304 frontier=  4647338 next=  2097152 consolidate= 55.644ms frontier=  8.818ms semisort= 28.556ms (keyed= 5.849ms group_by=  0.332ms per_group=11.860ms)
[pe] round=  3 work=  2097152 frontier=  2550186 next=  1048576 consolidate= 30.002ms frontier=  8.933ms semisort= 16.813ms (keyed= 3.361ms group_by=  0.233ms per_group= 7.145ms)
[pe] round=  4 work=  1048576 frontier=  1501610 next=   524288 consolidate= 25.407ms frontier=  6.458ms semisort= 10.785ms (keyed= 1.440ms group_by=  0.443ms per_group= 5.055ms)
[pe] round=  5 work=   524288 frontier=   977322 next=   262144 consolidate= 12.609ms frontier=  4.566ms semisort=  5.160ms (keyed= 1.030ms group_by=  0.251ms per_group= 1.829ms)
[pe] round=  6 work=   262144 frontier=   524288 next=   226517 consolidate=  6.231ms frontier=  2.263ms semisort=  4.805ms (keyed= 0.717ms group_by=  0.086ms per_group= 1.940ms)
[pe] round=  7 work=   226517 frontier=   453034 next=   131072 consolidate=  5.457ms frontier=  0.709ms semisort=  2.631ms (keyed= 0.576ms group_by=  0.135ms per_group= 0.929ms)
[pe] round=  8 work=   131072 frontier=   262144 next=    65536 consolidate=  3.294ms frontier=  0.517ms semisort=  1.656ms (keyed= 0.423ms group_by=  0.124ms per_group= 0.485ms)
[pe] round=  9 work=    65536 frontier=   131072 next=    32768 consolidate=  1.834ms frontier=  0.466ms semisort=  3.670ms (keyed= 0.051ms group_by=  2.693ms per_group= 0.443ms)
[pe] round= 10 work=    32768 frontier=    65536 next=    16384 consolidate=  1.050ms frontier=  0.339ms semisort=  1.898ms (keyed= 0.032ms group_by=  1.270ms per_group= 0.270ms)
[pe] round= 11 work=    16384 frontier=    32768 next=     8192 consolidate=  0.670ms frontier=  0.290ms semisort=  1.230ms (keyed= 0.037ms group_by=  0.795ms per_group= 0.198ms)
[pe] round= 12 work=     8192 frontier=    16384 next=     4096 consolidate=  1.998ms frontier=  0.266ms semisort=  0.699ms (keyed= 0.024ms group_by=  0.328ms per_group= 0.148ms)
[pe] round= 13 work=     4096 frontier=     8192 next=     2048 consolidate=  1.022ms frontier=  0.165ms semisort=  1.810ms (keyed= 0.024ms group_by=  1.532ms per_group= 0.103ms)
[pe] round= 14 work=     2048 frontier=     4096 next=     1024 consolidate=  0.604ms frontier=  0.098ms semisort=  0.862ms (keyed= 0.024ms group_by=  0.644ms per_group= 0.071ms)
[pe] round= 15 work=     1024 frontier=     2048 next=      512 consolidate=  0.323ms frontier=  0.061ms semisort=  0.424ms (keyed= 0.013ms group_by=  0.244ms per_group= 0.072ms)
[pe] round= 16 work=      512 frontier=     1024 next=      256 consolidate=  0.151ms frontier=  0.049ms semisort=  0.214ms (keyed= 0.004ms group_by=  0.094ms per_group= 0.052ms)
[pe] round= 17 work=      256 frontier=      512 next=      128 consolidate=  0.089ms frontier=  0.033ms semisort=  0.126ms (keyed= 0.002ms group_by=  0.044ms per_group= 0.038ms)
[pe] round= 18 work=      128 frontier=      256 next=       64 consolidate=  0.064ms frontier=  0.017ms semisort=  0.089ms (keyed= 0.001ms group_by=  0.021ms per_group= 0.028ms)
[pe] round= 19 work=       64 frontier=      128 next=       32 consolidate=  0.055ms frontier=  0.008ms semisort=  0.037ms (keyed= 0.001ms group_by=  0.010ms per_group= 0.019ms)
[pe] round= 20 work=       32 frontier=       64 next=       16 consolidate=  0.038ms frontier=  0.005ms semisort=  0.021ms (keyed= 0.001ms group_by=  0.004ms per_group= 0.011ms)
[pe] round= 21 work=       16 frontier=       32 next=        8 consolidate=  0.022ms frontier=  0.003ms semisort=  0.009ms (keyed= 0.000ms group_by=  0.002ms per_group= 0.004ms)
[pe] round= 22 work=        8 frontier=       16 next=        4 consolidate=  0.020ms frontier=  0.002ms semisort=  0.006ms (keyed= 0.000ms group_by=  0.001ms per_group= 0.002ms)
[pe] round= 23 work=        4 frontier=        8 next=        2 consolidate=  0.016ms frontier=  0.002ms semisort=  0.004ms (keyed= 0.000ms group_by=  0.001ms per_group= 0.001ms)
[pe] round= 24 work=        2 frontier=        4 next=        1 consolidate=  0.003ms frontier=  0.001ms semisort=  0.003ms (keyed= 0.000ms group_by=  0.001ms per_group= 0.001ms)
[pe] round= 25 work=        1 (tail-skip: all parents empty)
[pe] round=  0 work=      410 frontier= 17230250 next=  8615125 consolidate=  1.250ms frontier= 10.445ms semisort=110.286ms (keyed=33.781ms group_by=  0.880ms per_group=42.315ms)
[pe] round=  1 work=  8615125 frontier=  8841642 next=  4194304 consolidate= 94.295ms frontier= 14.584ms semisort= 54.564ms (keyed=13.355ms group_by=  0.503ms per_group=22.523ms)
[pe] round=  2 work=  4194304 frontier=  4647338 next=  2097152 consolidate= 56.885ms frontier=  9.147ms semisort= 29.443ms (keyed= 5.748ms group_by=  0.610ms per_group=12.212ms)
[pe] round=  3 work=  2097152 frontier=  2550186 next=  1048576 consolidate= 35.894ms frontier=  7.332ms semisort= 16.257ms (keyed= 3.111ms group_by=  0.499ms per_group= 6.624ms)
[pe] round=  4 work=  1048576 frontier=  1501610 next=   524288 consolidate= 25.245ms frontier=  4.983ms semisort= 10.570ms (keyed= 1.621ms group_by=  0.413ms per_group= 4.488ms)
[pe] round=  5 work=   524288 frontier=   977322 next=   262144 consolidate= 12.679ms frontier=  4.964ms semisort=  7.095ms (keyed= 1.077ms group_by=  0.232ms per_group= 3.149ms)
[pe] round=  6 work=   262144 frontier=   524288 next=   226517 consolidate=  6.237ms frontier=  2.051ms semisort=  4.084ms (keyed= 0.731ms group_by=  0.093ms per_group= 1.955ms)
[pe] round=  7 work=   226517 frontier=   453034 next=   131072 consolidate=  5.342ms frontier=  0.696ms semisort=  2.637ms (keyed= 0.648ms group_by=  0.111ms per_group= 0.881ms)
[pe] round=  8 work=   131072 frontier=   262144 next=    65536 consolidate=  3.760ms frontier=  0.511ms semisort=  1.704ms (keyed= 0.434ms group_by=  0.084ms per_group= 0.513ms)
[pe] round=  9 work=    65536 frontier=   131072 next=    32768 consolidate=  2.164ms frontier=  0.612ms semisort=  3.764ms (keyed= 0.043ms group_by=  2.913ms per_group= 0.351ms)
[pe] round= 10 work=    32768 frontier=    65536 next=    16384 consolidate=  1.020ms frontier=  0.282ms semisort=  1.781ms (keyed= 0.040ms group_by=  1.232ms per_group= 0.223ms)
[pe] round= 11 work=    16384 frontier=    32768 next=     8192 consolidate=  0.646ms frontier=  0.259ms semisort=  1.179ms (keyed= 0.024ms group_by=  0.774ms per_group= 0.175ms)
[pe] round= 12 work=     8192 frontier=    16384 next=     4096 consolidate=  1.959ms frontier=  0.256ms semisort=  0.691ms (keyed= 0.021ms group_by=  0.332ms per_group= 0.139ms)
[pe] round= 13 work=     4096 frontier=     8192 next=     2048 consolidate=  0.988ms frontier=  0.184ms semisort=  1.776ms (keyed= 0.030ms group_by=  1.510ms per_group= 0.075ms)
[pe] round= 14 work=     2048 frontier=     4096 next=     1024 consolidate=  0.511ms frontier=  0.099ms semisort=  0.793ms (keyed= 0.011ms group_by=  0.615ms per_group= 0.059ms)
[pe] round= 15 work=     1024 frontier=     2048 next=      512 consolidate=  0.298ms frontier=  0.061ms semisort=  0.383ms (keyed= 0.012ms group_by=  0.246ms per_group= 0.049ms)
[pe] round= 16 work=      512 frontier=     1024 next=      256 consolidate=  0.144ms frontier=  0.042ms semisort=  0.231ms (keyed= 0.004ms group_by=  0.093ms per_group= 0.042ms)
[pe] round= 17 work=      256 frontier=      512 next=      128 consolidate=  0.085ms frontier=  0.028ms semisort=  0.131ms (keyed= 0.002ms group_by=  0.046ms per_group= 0.042ms)
[pe] round= 18 work=      128 frontier=      256 next=       64 consolidate=  0.074ms frontier=  0.017ms semisort=  0.101ms (keyed= 0.001ms group_by=  0.022ms per_group= 0.028ms)
[pe] round= 19 work=       64 frontier=      128 next=       32 consolidate=  0.050ms frontier=  0.007ms semisort=  0.054ms (keyed= 0.001ms group_by=  0.010ms per_group= 0.036ms)
[pe] round= 20 work=       32 frontier=       64 next=       16 consolidate=  0.030ms frontier=  0.005ms semisort=  0.017ms (keyed= 0.001ms group_by=  0.004ms per_group= 0.008ms)
[pe] round= 21 work=       16 frontier=       32 next=        8 consolidate=  0.021ms frontier=  0.003ms semisort=  0.008ms (keyed= 0.000ms group_by=  0.002ms per_group= 0.004ms)
[pe] round= 22 work=        8 frontier=       16 next=        4 consolidate=  0.017ms frontier=  0.002ms semisort=  0.006ms (keyed= 0.000ms group_by=  0.001ms per_group= 0.002ms)
[pe] round= 23 work=        4 frontier=        8 next=        2 consolidate=  0.005ms frontier=  0.001ms semisort=  0.003ms (keyed= 0.000ms group_by=  0.001ms per_group= 0.001ms)
[pe] round= 24 work=        2 frontier=        4 next=        1 consolidate=  0.003ms frontier=  0.001ms semisort=  0.002ms (keyed= 0.000ms group_by=  0.000ms per_group= 0.001ms)
[pe] round= 25 work=        1 (tail-skip: all parents empty)
[pe-async] round=  0 R=2 dirty= 17230250 runs=  8615125 filter=  9.065ms semisort= 54.116ms
[pe-async] round=  1 R=3 dirty=  8841642 runs=  4647338 filter=  8.411ms semisort= 39.956ms
[pe-async] round=  2 R=4 dirty=  4647338 runs=  2550186 filter=  9.250ms semisort= 15.960ms
[pe-async] round=  3 R=5 dirty=  2550186 runs=  1501610 filter=  9.167ms semisort=  8.725ms
[pe-async] round=  4 R=6 dirty=  1501610 runs=   977322 filter=  8.695ms semisort=  4.897ms
[pe-async] round=  5 R=7 dirty=   977322 runs=   715178 filter=  8.552ms semisort=  3.081ms
[pe-async] round=  6 R=8 dirty=   524288 runs=   297771 filter=  8.497ms semisort=  2.271ms
[pe-async] round=  7 R=9 dirty=   262144 runs=   131072 filter=  8.325ms semisort=  1.427ms
[pe-async] round=  8 R=10 dirty=   131072 runs=    65536 filter=  8.185ms semisort=  0.971ms
[pe-async] round=  9 R=11 dirty=    65536 runs=    32768 filter=  8.058ms semisort=  2.465ms
[pe-async] round= 10 R=12 dirty=    32768 runs=    16384 filter=  8.056ms semisort=  1.375ms
[pe-async] round= 11 R=13 dirty=    16384 runs=     8192 filter=  8.097ms semisort=  0.703ms
[pe-async] round= 12 R=14 dirty=     8192 runs=     4096 filter=  7.921ms semisort=  0.378ms
[pe-async] round= 13 R=15 dirty=     4096 runs=     2048 filter=  7.944ms semisort=  0.237ms
[pe-async] round= 14 R=16 dirty=     2048 runs=     1024 filter=  7.851ms semisort=  0.174ms
[pe-async] round= 15 R=17 dirty=     1024 runs=      512 filter=  8.001ms semisort=  0.102ms
[pe-async] round= 16 R=18 dirty=      512 runs=      256 filter=  7.846ms semisort=  0.093ms
[pe-async] round= 17 R=19 dirty=      256 runs=      128 filter=  7.787ms semisort=  0.103ms
[pe-async] round= 18 R=20 dirty=      128 runs=       64 filter=  7.801ms semisort=  0.075ms
[pe-async] round= 19 R=21 dirty=       64 runs=       32 filter=  7.770ms semisort=  0.050ms
[pe-async] round= 20 R=22 dirty=       32 runs=       16 filter=  7.772ms semisort=  0.044ms
[pe-async] round= 21 R=23 dirty=       16 runs=        8 filter=  7.766ms semisort=  0.040ms
[pe-async] round= 22 R=24 dirty=        8 runs=        4 filter=  7.763ms semisort=  0.014ms
[pe-async] round= 23 R=25 dirty=        4 runs=        2 filter=  7.733ms semisort=  0.011ms
[pe-async] round= 24 R=26 dirty=        2 runs=        1 filter=  7.729ms semisort=  0.010ms
[pe-async] round= 25 R=27 dirty=        0 filter=  7.752ms (clean break)
[pe-async] round=  0 R=2 dirty= 17230250 runs=  8615125 filter=  8.997ms semisort= 57.339ms
[pe-async] round=  1 R=3 dirty=  8841642 runs=  4647338 filter=  8.428ms semisort= 33.045ms
[pe-async] round=  2 R=4 dirty=  4647338 runs=  2550186 filter=  9.277ms semisort= 15.756ms
[pe-async] round=  3 R=5 dirty=  2550186 runs=  1501610 filter=  9.158ms semisort=  8.650ms
[pe-async] round=  4 R=6 dirty=  1501610 runs=   977322 filter=  8.723ms semisort=  5.139ms
[pe-async] round=  5 R=7 dirty=   977322 runs=   715178 filter=  8.565ms semisort=  3.163ms
[pe-async] round=  6 R=8 dirty=   524288 runs=   297771 filter=  8.476ms semisort=  2.176ms
[pe-async] round=  7 R=9 dirty=   262144 runs=   131072 filter=  8.370ms semisort=  1.360ms
[pe-async] round=  8 R=10 dirty=   131072 runs=    65536 filter=  8.184ms semisort=  0.818ms
[pe-async] round=  9 R=11 dirty=    65536 runs=    32768 filter=  8.096ms semisort=  2.642ms
[pe-async] round= 10 R=12 dirty=    32768 runs=    16384 filter=  8.082ms semisort=  1.386ms
[pe-async] round= 11 R=13 dirty=    16384 runs=     8192 filter=  8.027ms semisort=  0.715ms
[pe-async] round= 12 R=14 dirty=     8192 runs=     4096 filter=  7.953ms semisort=  0.394ms
[pe-async] round= 13 R=15 dirty=     4096 runs=     2048 filter=  7.922ms semisort=  0.256ms
[pe-async] round= 14 R=16 dirty=     2048 runs=     1024 filter=  8.035ms semisort=  0.139ms
[pe-async] round= 15 R=17 dirty=     1024 runs=      512 filter=  7.884ms semisort=  0.102ms
[pe-async] round= 16 R=18 dirty=      512 runs=      256 filter=  7.856ms semisort=  0.089ms
[pe-async] round= 17 R=19 dirty=      256 runs=      128 filter=  7.780ms semisort=  0.085ms
[pe-async] round= 18 R=20 dirty=      128 runs=       64 filter=  7.770ms semisort=  0.070ms
[pe-async] round= 19 R=21 dirty=       64 runs=       32 filter=  7.769ms semisort=  0.057ms
[pe-async] round= 20 R=22 dirty=       32 runs=       16 filter=  7.747ms semisort=  0.047ms
[pe-async] round= 21 R=23 dirty=       16 runs=        8 filter=  7.738ms semisort=  0.021ms
[pe-async] round= 22 R=24 dirty=        8 runs=        4 filter=  7.741ms semisort=  0.013ms
[pe-async] round= 23 R=25 dirty=        4 runs=        2 filter=  7.745ms semisort=  0.020ms
[pe-async] round= 24 R=26 dirty=        2 runs=        1 filter=  7.740ms semisort=  0.009ms
[pe-async] round= 25 R=27 dirty=        0 filter=  7.729ms (clean break)
[pe-async] round=  0 R=2 dirty= 17230250 runs=  8615125 filter=  9.011ms semisort= 57.242ms
[pe-async] round=  1 R=3 dirty=  8841642 runs=  4647338 filter=  8.430ms semisort= 33.423ms
[pe-async] round=  2 R=4 dirty=  4647338 runs=  2550186 filter=  9.278ms semisort= 15.814ms
[pe-async] round=  3 R=5 dirty=  2550186 runs=  1501610 filter=  9.209ms semisort=  8.717ms
[pe-async] round=  4 R=6 dirty=  1501610 runs=   977322 filter=  8.731ms semisort=  5.098ms
[pe-async] round=  5 R=7 dirty=   977322 runs=   715178 filter=  8.565ms semisort=  3.087ms
[pe-async] round=  6 R=8 dirty=   524288 runs=   297771 filter=  8.506ms semisort=  2.157ms
[pe-async] round=  7 R=9 dirty=   262144 runs=   131072 filter=  8.380ms semisort=  1.360ms
[pe-async] round=  8 R=10 dirty=   131072 runs=    65536 filter=  8.179ms semisort=  1.060ms
[pe-async] round=  9 R=11 dirty=    65536 runs=    32768 filter=  8.069ms semisort=  2.675ms
[pe-async] round= 10 R=12 dirty=    32768 runs=    16384 filter=  8.045ms semisort=  1.361ms
[pe-async] round= 11 R=13 dirty=    16384 runs=     8192 filter=  8.167ms semisort=  0.706ms
[pe-async] round= 12 R=14 dirty=     8192 runs=     4096 filter=  7.943ms semisort=  0.376ms
[pe-async] round= 13 R=15 dirty=     4096 runs=     2048 filter=  7.896ms semisort=  0.256ms
[pe-async] round= 14 R=16 dirty=     2048 runs=     1024 filter=  7.875ms semisort=  0.164ms
[pe-async] round= 15 R=17 dirty=     1024 runs=      512 filter=  7.854ms semisort=  0.100ms
[pe-async] round= 16 R=18 dirty=      512 runs=      256 filter=  7.833ms semisort=  0.075ms
[pe-async] round= 17 R=19 dirty=      256 runs=      128 filter=  7.857ms semisort=  0.086ms
[pe-async] round= 18 R=20 dirty=      128 runs=       64 filter=  7.781ms semisort=  0.062ms
[pe-async] round= 19 R=21 dirty=       64 runs=       32 filter=  7.812ms semisort=  0.069ms
[pe-async] round= 20 R=22 dirty=       32 runs=       16 filter=  7.819ms semisort=  0.034ms
[pe-async] round= 21 R=23 dirty=       16 runs=        8 filter=  7.792ms semisort=  0.016ms
[pe-async] round= 22 R=24 dirty=        8 runs=        4 filter=  7.759ms semisort=  0.012ms
[pe-async] round= 23 R=25 dirty=        4 runs=        2 filter=  7.736ms semisort=  0.012ms
[pe-async] round= 24 R=26 dirty=        2 runs=        1 filter=  7.728ms semisort=  0.009ms
[pe-async] round= 25 R=27 dirty=        0 filter=  7.747ms (clean break)
[pe-async] round=  0 R=2 dirty= 17230250 runs=  8615125 filter=  8.977ms semisort= 56.864ms
[pe-async] round=  1 R=3 dirty=  8841642 runs=  4647338 filter=  8.449ms semisort= 32.136ms
[pe-async] round=  2 R=4 dirty=  4647338 runs=  2550186 filter=  9.263ms semisort= 15.412ms
[pe-async] round=  3 R=5 dirty=  2550186 runs=  1501610 filter=  9.180ms semisort=  8.553ms
[pe-async] round=  4 R=6 dirty=  1501610 runs=   977322 filter=  8.735ms semisort=  5.088ms
[pe-async] round=  5 R=7 dirty=   977322 runs=   715178 filter=  8.559ms semisort=  3.065ms
[pe-async] round=  6 R=8 dirty=   524288 runs=   297771 filter=  8.500ms semisort=  2.271ms
[pe-async] round=  7 R=9 dirty=   262144 runs=   131072 filter=  8.328ms semisort=  1.383ms
[pe-async] round=  8 R=10 dirty=   131072 runs=    65536 filter=  8.170ms semisort=  0.937ms
[pe-async] round=  9 R=11 dirty=    65536 runs=    32768 filter=  8.157ms semisort=  2.659ms
[pe-async] round= 10 R=12 dirty=    32768 runs=    16384 filter=  8.012ms semisort=  1.268ms
[pe-async] round= 11 R=13 dirty=    16384 runs=     8192 filter=  7.978ms semisort=  0.697ms
[pe-async] round= 12 R=14 dirty=     8192 runs=     4096 filter=  8.004ms semisort=  0.378ms
[pe-async] round= 13 R=15 dirty=     4096 runs=     2048 filter=  7.965ms semisort=  0.254ms
[pe-async] round= 14 R=16 dirty=     2048 runs=     1024 filter=  7.870ms semisort=  0.167ms
[pe-async] round= 15 R=17 dirty=     1024 runs=      512 filter=  7.850ms semisort=  0.086ms
[pe-async] round= 16 R=18 dirty=      512 runs=      256 filter=  7.829ms semisort=  0.107ms
[pe-async] round= 17 R=19 dirty=      256 runs=      128 filter=  7.826ms semisort=  0.086ms
[pe-async] round= 18 R=20 dirty=      128 runs=       64 filter=  7.791ms semisort=  0.077ms
[pe-async] round= 19 R=21 dirty=       64 runs=       32 filter=  7.744ms semisort=  0.062ms
[pe-async] round= 20 R=22 dirty=       32 runs=       16 filter=  7.758ms semisort=  0.039ms
[pe-async] round= 21 R=23 dirty=       16 runs=        8 filter=  7.753ms semisort=  0.027ms
[pe-async] round= 22 R=24 dirty=        8 runs=        4 filter=  7.823ms semisort=  0.013ms
[pe-async] round= 23 R=25 dirty=        4 runs=        2 filter=  7.730ms semisort=  0.035ms
[pe-async] round= 24 R=26 dirty=        2 runs=        1 filter=  7.727ms semisort=  0.008ms
[pe-async] round= 25 R=27 dirty=        0 filter=  7.764ms (clean break)
[pe-async] round=  0 R=2 dirty= 17230250 runs=  8615125 filter=  9.206ms semisort= 53.553ms
[pe-async] round=  1 R=3 dirty=  8841642 runs=  4647338 filter=  8.447ms semisort= 35.327ms
[pe-async] round=  2 R=4 dirty=  4647338 runs=  2550186 filter=  9.284ms semisort= 16.467ms
[pe-async] round=  3 R=5 dirty=  2550186 runs=  1501610 filter=  9.180ms semisort=  8.757ms
[pe-async] round=  4 R=6 dirty=  1501610 runs=   977322 filter=  8.686ms semisort=  4.890ms
[pe-async] round=  5 R=7 dirty=   977322 runs=   715178 filter=  8.558ms semisort=  3.033ms
[pe-async] round=  6 R=8 dirty=   524288 runs=   297771 filter=  8.528ms semisort=  2.202ms
[pe-async] round=  7 R=9 dirty=   262144 runs=   131072 filter=  8.350ms semisort=  1.382ms
[pe-async] round=  8 R=10 dirty=   131072 runs=    65536 filter=  8.178ms semisort=  0.880ms
[pe-async] round=  9 R=11 dirty=    65536 runs=    32768 filter=  8.104ms semisort=  2.495ms
[pe-async] round= 10 R=12 dirty=    32768 runs=    16384 filter=  8.081ms semisort=  1.367ms
[pe-async] round= 11 R=13 dirty=    16384 runs=     8192 filter=  8.038ms semisort=  0.695ms
[pe-async] round= 12 R=14 dirty=     8192 runs=     4096 filter=  7.950ms semisort=  0.389ms
[pe-async] round= 13 R=15 dirty=     4096 runs=     2048 filter=  7.904ms semisort=  0.230ms
[pe-async] round= 14 R=16 dirty=     2048 runs=     1024 filter=  7.892ms semisort=  0.150ms
[pe-async] round= 15 R=17 dirty=     1024 runs=      512 filter=  7.909ms semisort=  0.102ms
[pe-async] round= 16 R=18 dirty=      512 runs=      256 filter=  7.816ms semisort=  0.094ms
[pe-async] round= 17 R=19 dirty=      256 runs=      128 filter=  7.800ms semisort=  0.083ms
[pe-async] round= 18 R=20 dirty=      128 runs=       64 filter=  7.804ms semisort=  0.052ms
[pe-async] round= 19 R=21 dirty=       64 runs=       32 filter=  7.806ms semisort=  0.047ms
[pe-async] round= 20 R=22 dirty=       32 runs=       16 filter=  7.769ms semisort=  0.047ms
[pe-async] round= 21 R=23 dirty=       16 runs=        8 filter=  7.795ms semisort=  0.026ms
[pe-async] round= 22 R=24 dirty=        8 runs=        4 filter=  7.761ms semisort=  0.013ms
[pe-async] round= 23 R=25 dirty=        4 runs=        2 filter=  7.795ms semisort=  0.011ms
[pe-async] round= 24 R=26 dirty=        2 runs=        1 filter=  7.736ms semisort=  0.008ms
[pe-async] round= 25 R=27 dirty=        0 filter=  7.755ms (clean break)
[pe-async] round=  0 R=2 dirty= 17230250 runs=  8615125 filter=  8.994ms semisort= 55.293ms
[pe-async] round=  1 R=3 dirty=  8841642 runs=  4647338 filter=  8.416ms semisort= 32.621ms
[pe-async] round=  2 R=4 dirty=  4647338 runs=  2550186 filter=  9.283ms semisort= 16.226ms
[pe-async] round=  3 R=5 dirty=  2550186 runs=  1501610 filter=  9.185ms semisort=  8.931ms
[pe-async] round=  4 R=6 dirty=  1501610 runs=   977322 filter=  8.697ms semisort=  5.211ms
[pe-async] round=  5 R=7 dirty=   977322 runs=   715178 filter=  8.567ms semisort=  3.129ms
[pe-async] round=  6 R=8 dirty=   524288 runs=   297771 filter=  8.485ms semisort=  2.206ms
[pe-async] round=  7 R=9 dirty=   262144 runs=   131072 filter=  8.321ms semisort=  1.344ms
[pe-async] round=  8 R=10 dirty=   131072 runs=    65536 filter=  8.208ms semisort=  0.937ms
[pe-async] round=  9 R=11 dirty=    65536 runs=    32768 filter=  8.150ms semisort=  2.731ms
[pe-async] round= 10 R=12 dirty=    32768 runs=    16384 filter=  8.160ms semisort=  1.385ms
[pe-async] round= 11 R=13 dirty=    16384 runs=     8192 filter=  7.984ms semisort=  0.650ms
[pe-async] round= 12 R=14 dirty=     8192 runs=     4096 filter=  7.956ms semisort=  0.386ms
[pe-async] round= 13 R=15 dirty=     4096 runs=     2048 filter=  7.917ms semisort=  0.233ms
[pe-async] round= 14 R=16 dirty=     2048 runs=     1024 filter=  7.871ms semisort=  0.135ms
[pe-async] round= 15 R=17 dirty=     1024 runs=      512 filter=  7.823ms semisort=  0.109ms
[pe-async] round= 16 R=18 dirty=      512 runs=      256 filter=  7.789ms semisort=  0.082ms
[pe-async] round= 17 R=19 dirty=      256 runs=      128 filter=  7.799ms semisort=  0.084ms
[pe-async] round= 18 R=20 dirty=      128 runs=       64 filter=  7.774ms semisort=  0.081ms
[pe-async] round= 19 R=21 dirty=       64 runs=       32 filter=  7.778ms semisort=  0.059ms
[pe-async] round= 20 R=22 dirty=       32 runs=       16 filter=  7.793ms semisort=  0.042ms
[pe-async] round= 21 R=23 dirty=       16 runs=        8 filter=  7.743ms semisort=  0.022ms
[pe-async] round= 22 R=24 dirty=        8 runs=        4 filter=  7.761ms semisort=  0.013ms
[pe-async] round= 23 R=25 dirty=        4 runs=        2 filter=  7.714ms semisort=  0.011ms
[pe-async] round= 24 R=26 dirty=        2 runs=        1 filter=  7.734ms semisort=  0.008ms
[pe-async] round= 25 R=27 dirty=        0 filter=  7.769ms (clean break)
