[synthetic_bench] cube n=30 d=2 classes=108058 merges=30 ...
[pe] round=  0 work=       60 frontier=   162000 next=    27000 consolidate=  0.740ms frontier=  0.040ms semisort= 11.924ms (keyed= 0.793ms group_by= 10.300ms per_group= 0.347ms)
[pe] round=  1 work=    27000 frontier=    54000 next=    10616 consolidate=  3.713ms frontier=  0.362ms semisort=  2.319ms (keyed= 0.344ms group_by=  1.246ms per_group= 0.206ms)
[pe] round=  2 work=    10616 frontier=    21232 next=     8192 consolidate=  0.780ms frontier=  0.395ms semisort=  1.456ms (keyed= 0.029ms group_by=  0.655ms per_group= 0.170ms)
[pe] round=  3 work=     8192 frontier=    16384 next=     4096 consolidate=  0.761ms frontier=  0.227ms semisort=  1.048ms (keyed= 0.027ms group_by=  0.704ms per_group= 0.123ms)
[pe] round=  4 work=     4096 frontier=     8192 next=     2048 consolidate=  0.473ms frontier=  0.152ms semisort=  1.196ms (keyed= 0.022ms group_by=  0.958ms per_group= 0.091ms)
[pe] round=  5 work=     2048 frontier=     4096 next=     1024 consolidate=  0.263ms frontier=  0.079ms semisort=  0.530ms (keyed= 0.018ms group_by=  0.349ms per_group= 0.060ms)
[pe] round=  6 work=     1024 frontier=     2048 next=      512 consolidate=  0.164ms frontier=  0.068ms semisort=  0.405ms (keyed= 0.006ms group_by=  0.274ms per_group= 0.056ms)
[pe] round=  7 work=      512 frontier=     1024 next=      256 consolidate=  0.104ms frontier=  0.035ms semisort=  0.186ms (keyed= 0.004ms group_by=  0.084ms per_group= 0.038ms)
[pe] round=  8 work=      256 frontier=      512 next=      128 consolidate=  0.092ms frontier=  0.027ms semisort=  0.131ms (keyed= 0.002ms group_by=  0.044ms per_group= 0.050ms)
[pe] round=  9 work=      128 frontier=      256 next=       64 consolidate=  0.054ms frontier=  0.010ms semisort=  0.069ms (keyed= 0.001ms group_by=  0.021ms per_group= 0.022ms)
[pe] round= 10 work=       64 frontier=      128 next=       32 consolidate=  0.038ms frontier=  0.006ms semisort=  0.036ms (keyed= 0.001ms group_by=  0.010ms per_group= 0.017ms)
[pe] round= 11 work=       32 frontier=       64 next=       16 consolidate=  0.031ms frontier=  0.004ms semisort=  0.021ms (keyed= 0.001ms group_by=  0.005ms per_group= 0.011ms)
[pe] round= 12 work=       16 frontier=       32 next=        8 consolidate=  0.024ms frontier=  0.002ms semisort=  0.008ms (keyed= 0.000ms group_by=  0.002ms per_group= 0.004ms)
[pe] round= 13 work=        8 frontier=       16 next=        4 consolidate=  0.009ms frontier=  0.002ms semisort=  0.005ms (keyed= 0.000ms group_by=  0.001ms per_group= 0.002ms)
[pe] round= 14 work=        4 frontier=        8 next=        2 consolidate=  0.004ms frontier=  0.001ms semisort=  0.003ms (keyed= 0.000ms group_by=  0.001ms per_group= 0.001ms)
[pe] round= 15 work=        2 frontier=        4 next=        1 consolidate=  0.002ms frontier=  0.001ms semisort=  0.002ms (keyed= 0.000ms group_by=  0.000ms per_group= 0.001ms)
[pe] round= 16 work=        1 (tail-skip: all parents empty)
[pe] round=  0 work=       60 frontier=   162000 next=    27000 consolidate=  0.123ms frontier=  0.039ms semisort=  2.297ms (keyed= 0.039ms group_by=  1.604ms per_group= 0.291ms)
[pe] round=  1 work=    27000 frontier=    54000 next=    10616 consolidate=  0.791ms frontier=  0.229ms semisort=  1.247ms (keyed= 0.028ms group_by=  0.598ms per_group= 0.178ms)
[pe] round=  2 work=    10616 frontier=    21232 next=     8192 consolidate=  0.696ms frontier=  0.427ms semisort=  1.275ms (keyed= 0.025ms group_by=  0.568ms per_group= 0.165ms)
[pe] round=  3 work=     8192 frontier=    16384 next=     4096 consolidate=  0.580ms frontier=  0.226ms semisort=  0.723ms (keyed= 0.035ms group_by=  0.382ms per_group= 0.117ms)
[pe] round=  4 work=     4096 frontier=     8192 next=     2048 consolidate=  0.515ms frontier=  0.156ms semisort=  1.195ms (keyed= 0.028ms group_by=  0.964ms per_group= 0.076ms)
[pe] round=  5 work=     2048 frontier=     4096 next=     1024 consolidate=  0.254ms frontier=  0.093ms semisort=  0.631ms (keyed= 0.017ms group_by=  0.437ms per_group= 0.075ms)
[pe] round=  6 work=     1024 frontier=     2048 next=      512 consolidate=  0.182ms frontier=  0.065ms semisort=  0.288ms (keyed= 0.009ms group_by=  0.155ms per_group= 0.046ms)
[pe] round=  7 work=      512 frontier=     1024 next=      256 consolidate=  0.111ms frontier=  0.034ms semisort=  0.196ms (keyed= 0.004ms group_by=  0.087ms per_group= 0.037ms)
[pe] round=  8 work=      256 frontier=      512 next=      128 consolidate=  0.078ms frontier=  0.013ms semisort=  0.142ms (keyed= 0.002ms group_by=  0.044ms per_group= 0.058ms)
[pe] round=  9 work=      128 frontier=      256 next=       64 consolidate=  0.053ms frontier=  0.010ms semisort=  0.079ms (keyed= 0.001ms group_by=  0.022ms per_group= 0.033ms)
[pe] round= 10 work=       64 frontier=      128 next=       32 consolidate=  0.035ms frontier=  0.006ms semisort=  0.034ms (keyed= 0.001ms group_by=  0.009ms per_group= 0.017ms)
[pe] round= 11 work=       32 frontier=       64 next=       16 consolidate=  0.025ms frontier=  0.004ms semisort=  0.021ms (keyed= 0.000ms group_by=  0.005ms per_group= 0.011ms)
[pe] round= 12 work=       16 frontier=       32 next=        8 consolidate=  0.016ms frontier=  0.003ms semisort=  0.008ms (keyed= 0.000ms group_by=  0.002ms per_group= 0.004ms)
[pe] round= 13 work=        8 frontier=       16 next=        4 consolidate=  0.013ms frontier=  0.002ms semisort=  0.005ms (keyed= 0.000ms group_by=  0.001ms per_group= 0.002ms)
[pe] round= 14 work=        4 frontier=        8 next=        2 consolidate=  0.010ms frontier=  0.001ms semisort=  0.004ms (keyed= 0.000ms group_by=  0.001ms per_group= 0.001ms)
[pe] round= 15 work=        2 frontier=        4 next=        1 consolidate=  0.003ms frontier=  0.001ms semisort=  0.002ms (keyed= 0.000ms group_by=  0.000ms per_group= 0.001ms)
[pe] round= 16 work=        1 (tail-skip: all parents empty)
[pe] round=  0 work=       60 frontier=   162000 next=    27000 consolidate=  0.204ms frontier=  0.043ms semisort=  2.397ms (keyed= 0.042ms group_by=  1.695ms per_group= 0.295ms)
[pe] round=  1 work=    27000 frontier=    54000 next=    10616 consolidate=  0.724ms frontier=  0.288ms semisort=  1.302ms (keyed= 0.041ms group_by=  0.726ms per_group= 0.180ms)
[pe] round=  2 work=    10616 frontier=    21232 next=     8192 consolidate=  0.744ms frontier=  0.321ms semisort=  1.069ms (keyed= 0.020ms group_by=  0.482ms per_group= 0.183ms)
[pe] round=  3 work=     8192 frontier=    16384 next=     4096 consolidate=  0.786ms frontier=  0.251ms semisort=  0.662ms (keyed= 0.024ms group_by=  0.299ms per_group= 0.148ms)
[pe] round=  4 work=     4096 frontier=     8192 next=     2048 consolidate=  0.479ms frontier=  0.157ms semisort=  1.213ms (keyed= 0.026ms group_by=  0.955ms per_group= 0.100ms)
[pe] round=  5 work=     2048 frontier=     4096 next=     1024 consolidate=  0.233ms frontier=  0.074ms semisort=  0.675ms (keyed= 0.012ms group_by=  0.452ms per_group= 0.086ms)
[pe] round=  6 work=     1024 frontier=     2048 next=      512 consolidate=  0.164ms frontier=  0.072ms semisort=  0.284ms (keyed= 0.009ms group_by=  0.162ms per_group= 0.043ms)
[pe] round=  7 work=      512 frontier=     1024 next=      256 consolidate=  0.113ms frontier=  0.043ms semisort=  0.188ms (keyed= 0.004ms group_by=  0.081ms per_group= 0.041ms)
[pe] round=  8 work=      256 frontier=      512 next=      128 consolidate=  0.080ms frontier=  0.023ms semisort=  0.121ms (keyed= 0.002ms group_by=  0.046ms per_group= 0.023ms)
[pe] round=  9 work=      128 frontier=      256 next=       64 consolidate=  0.059ms frontier=  0.010ms semisort=  0.070ms (keyed= 0.001ms group_by=  0.020ms per_group= 0.027ms)
[pe] round= 10 work=       64 frontier=      128 next=       32 consolidate=  0.036ms frontier=  0.006ms semisort=  0.040ms (keyed= 0.001ms group_by=  0.010ms per_group= 0.022ms)
[pe] round= 11 work=       32 frontier=       64 next=       16 consolidate=  0.034ms frontier=  0.004ms semisort=  0.021ms (keyed= 0.000ms group_by=  0.004ms per_group= 0.011ms)
[pe] round= 12 work=       16 frontier=       32 next=        8 consolidate=  0.034ms frontier=  0.003ms semisort=  0.008ms (keyed= 0.000ms group_by=  0.002ms per_group= 0.004ms)
[pe] round= 13 work=        8 frontier=       16 next=        4 consolidate=  0.009ms frontier=  0.002ms semisort=  0.005ms (keyed= 0.000ms group_by=  0.001ms per_group= 0.002ms)
[pe] round= 14 work=        4 frontier=        8 next=        2 consolidate=  0.009ms frontier=  0.002ms semisort=  0.004ms (keyed= 0.000ms group_by=  0.001ms per_group= 0.001ms)
[pe] round= 15 work=        2 frontier=        4 next=        1 consolidate=  0.003ms frontier=  0.001ms semisort=  0.002ms (keyed= 0.000ms group_by=  0.000ms per_group= 0.001ms)
[pe] round= 16 work=        1 (tail-skip: all parents empty)
[pe] round=  0 work=       60 frontier=   162000 next=    27000 consolidate=  0.091ms frontier=  0.047ms semisort=  2.585ms (keyed= 0.044ms group_by=  1.888ms per_group= 0.262ms)
[pe] round=  1 work=    27000 frontier=    54000 next=    10616 consolidate=  0.681ms frontier=  0.221ms semisort=  1.208ms (keyed= 0.037ms group_by=  0.699ms per_group= 0.205ms)
[pe] round=  2 work=    10616 frontier=    21232 next=     8192 consolidate=  0.638ms frontier=  0.329ms semisort=  1.011ms (keyed= 0.025ms group_by=  0.430ms per_group= 0.151ms)
[pe] round=  3 work=     8192 frontier=    16384 next=     4096 consolidate=  0.690ms frontier=  0.253ms semisort=  0.781ms (keyed= 0.023ms group_by=  0.406ms per_group= 0.164ms)
[pe] round=  4 work=     4096 frontier=     8192 next=     2048 consolidate=  0.485ms frontier=  0.162ms semisort=  1.180ms (keyed= 0.018ms group_by=  0.930ms per_group= 0.090ms)
[pe] round=  5 work=     2048 frontier=     4096 next=     1024 consolidate=  0.248ms frontier=  0.088ms semisort=  0.516ms (keyed= 0.012ms group_by=  0.323ms per_group= 0.082ms)
[pe] round=  6 work=     1024 frontier=     2048 next=      512 consolidate=  0.210ms frontier=  0.057ms semisort=  0.292ms (keyed= 0.008ms group_by=  0.165ms per_group= 0.042ms)
[pe] round=  7 work=      512 frontier=     1024 next=      256 consolidate=  0.106ms frontier=  0.044ms semisort=  0.191ms (keyed= 0.004ms group_by=  0.081ms per_group= 0.039ms)
[pe] round=  8 work=      256 frontier=      512 next=      128 consolidate=  0.088ms frontier=  0.021ms semisort=  0.129ms (keyed= 0.002ms group_by=  0.045ms per_group= 0.031ms)
[pe] round=  9 work=      128 frontier=      256 next=       64 consolidate=  0.053ms frontier=  0.010ms semisort=  0.087ms (keyed= 0.001ms group_by=  0.020ms per_group= 0.031ms)
[pe] round= 10 work=       64 frontier=      128 next=       32 consolidate=  0.040ms frontier=  0.006ms semisort=  0.042ms (keyed= 0.001ms group_by=  0.010ms per_group= 0.023ms)
[pe] round= 11 work=       32 frontier=       64 next=       16 consolidate=  0.025ms frontier=  0.004ms semisort=  0.022ms (keyed= 0.001ms group_by=  0.005ms per_group= 0.012ms)
[pe] round= 12 work=       16 frontier=       32 next=        8 consolidate=  0.016ms frontier=  0.002ms semisort=  0.006ms (keyed= 0.000ms group_by=  0.001ms per_group= 0.003ms)
[pe] round= 13 work=        8 frontier=       16 next=        4 consolidate=  0.008ms frontier=  0.001ms semisort=  0.004ms (keyed= 0.000ms group_by=  0.001ms per_group= 0.002ms)
[pe] round= 14 work=        4 frontier=        8 next=        2 consolidate=  0.004ms frontier=  0.001ms semisort=  0.003ms (keyed= 0.000ms group_by=  0.000ms per_group= 0.001ms)
[pe] round= 15 work=        2 frontier=        4 next=        1 consolidate=  0.002ms frontier=  0.001ms semisort=  0.002ms (keyed= 0.000ms group_by=  0.000ms per_group= 0.001ms)
[pe] round= 16 work=        1 (tail-skip: all parents empty)
[pe] round=  0 work=       60 frontier=   162000 next=    27000 consolidate=  0.095ms frontier=  0.049ms semisort=  2.282ms (keyed= 0.046ms group_by=  1.617ms per_group= 0.258ms)
[pe] round=  1 work=    27000 frontier=    54000 next=    10616 consolidate=  0.686ms frontier=  0.282ms semisort=  1.224ms (keyed= 0.023ms group_by=  0.666ms per_group= 0.196ms)
[pe] round=  2 work=    10616 frontier=    21232 next=     8192 consolidate=  0.588ms frontier=  0.327ms semisort=  1.011ms (keyed= 0.023ms group_by=  0.493ms per_group= 0.182ms)
[pe] round=  3 work=     8192 frontier=    16384 next=     4096 consolidate=  0.705ms frontier=  0.221ms semisort=  0.746ms (keyed= 0.034ms group_by=  0.403ms per_group= 0.119ms)
[pe] round=  4 work=     4096 frontier=     8192 next=     2048 consolidate=  0.402ms frontier=  0.146ms semisort=  1.162ms (keyed= 0.018ms group_by=  0.935ms per_group= 0.088ms)
[pe] round=  5 work=     2048 frontier=     4096 next=     1024 consolidate=  0.260ms frontier=  0.086ms semisort=  0.541ms (keyed= 0.013ms group_by=  0.355ms per_group= 0.068ms)
[pe] round=  6 work=     1024 frontier=     2048 next=      512 consolidate=  0.155ms frontier=  0.064ms semisort=  0.293ms (keyed= 0.006ms group_by=  0.165ms per_group= 0.041ms)
[pe] round=  7 work=      512 frontier=     1024 next=      256 consolidate=  0.108ms frontier=  0.075ms semisort=  0.249ms (keyed= 0.003ms group_by=  0.164ms per_group= 0.031ms)
[pe] round=  8 work=      256 frontier=      512 next=      128 consolidate=  0.083ms frontier=  0.031ms semisort=  0.118ms (keyed= 0.002ms group_by=  0.043ms per_group= 0.030ms)
[pe] round=  9 work=      128 frontier=      256 next=       64 consolidate=  0.047ms frontier=  0.007ms semisort=  0.070ms (keyed= 0.001ms group_by=  0.022ms per_group= 0.026ms)
[pe] round= 10 work=       64 frontier=      128 next=       32 consolidate=  0.039ms frontier=  0.006ms semisort=  0.035ms (keyed= 0.001ms group_by=  0.009ms per_group= 0.018ms)
[pe] round= 11 work=       32 frontier=       64 next=       16 consolidate=  0.023ms frontier=  0.004ms semisort=  0.020ms (keyed= 0.000ms group_by=  0.005ms per_group= 0.009ms)
[pe] round= 12 work=       16 frontier=       32 next=        8 consolidate=  0.026ms frontier=  0.003ms semisort=  0.006ms (keyed= 0.000ms group_by=  0.001ms per_group= 0.003ms)
[pe] round= 13 work=        8 frontier=       16 next=        4 consolidate=  0.008ms frontier=  0.002ms semisort=  0.004ms (keyed= 0.000ms group_by=  0.001ms per_group= 0.002ms)
[pe] round= 14 work=        4 frontier=        8 next=        2 consolidate=  0.004ms frontier=  0.001ms semisort=  0.003ms (keyed= 0.000ms group_by=  0.000ms per_group= 0.001ms)
[pe] round= 15 work=        2 frontier=        4 next=        1 consolidate=  0.002ms frontier=  0.001ms semisort=  0.002ms (keyed= 0.000ms group_by=  0.000ms per_group= 0.001ms)
[pe] round= 16 work=        1 (tail-skip: all parents empty)
[pe] round=  0 work=       60 frontier=   162000 next=    27000 consolidate=  0.074ms frontier=  0.041ms semisort=  2.289ms (keyed= 0.039ms group_by=  1.612ms per_group= 0.281ms)
[pe] round=  1 work=    27000 frontier=    54000 next=    10616 consolidate=  0.788ms frontier=  0.273ms semisort=  1.223ms (keyed= 0.024ms group_by=  0.632ms per_group= 0.218ms)
[pe] round=  2 work=    10616 frontier=    21232 next=     8192 consolidate=  0.629ms frontier=  0.300ms semisort=  0.895ms (keyed= 0.022ms group_by=  0.416ms per_group= 0.157ms)
[pe] round=  3 work=     8192 frontier=    16384 next=     4096 consolidate=  0.750ms frontier=  0.244ms semisort=  0.708ms (keyed= 0.027ms group_by=  0.366ms per_group= 0.123ms)
[pe] round=  4 work=     4096 frontier=     8192 next=     2048 consolidate=  0.453ms frontier=  0.141ms semisort=  1.192ms (keyed= 0.026ms group_by=  0.954ms per_group= 0.090ms)
[pe] round=  5 work=     2048 frontier=     4096 next=     1024 consolidate=  0.275ms frontier=  0.084ms semisort=  0.515ms (keyed= 0.015ms group_by=  0.325ms per_group= 0.059ms)
[pe] round=  6 work=     1024 frontier=     2048 next=      512 consolidate=  0.157ms frontier=  0.094ms semisort=  0.416ms (keyed= 0.015ms group_by=  0.244ms per_group= 0.066ms)
[pe] round=  7 work=      512 frontier=     1024 next=      256 consolidate=  0.106ms frontier=  0.048ms semisort=  0.211ms (keyed= 0.004ms group_by=  0.080ms per_group= 0.050ms)
[pe] round=  8 work=      256 frontier=      512 next=      128 consolidate=  0.086ms frontier=  0.023ms semisort=  0.126ms (keyed= 0.002ms group_by=  0.043ms per_group= 0.030ms)
[pe] round=  9 work=      128 frontier=      256 next=       64 consolidate=  0.057ms frontier=  0.010ms semisort=  0.072ms (keyed= 0.001ms group_by=  0.020ms per_group= 0.026ms)
[pe] round= 10 work=       64 frontier=      128 next=       32 consolidate=  0.037ms frontier=  0.006ms semisort=  0.036ms (keyed= 0.001ms group_by=  0.010ms per_group= 0.017ms)
[pe] round= 11 work=       32 frontier=       64 next=       16 consolidate=  0.025ms frontier=  0.004ms semisort=  0.022ms (keyed= 0.000ms group_by=  0.005ms per_group= 0.012ms)
[pe] round= 12 work=       16 frontier=       32 next=        8 consolidate=  0.023ms frontier=  0.002ms semisort=  0.006ms (keyed= 0.000ms group_by=  0.001ms per_group= 0.003ms)
[pe] round= 13 work=        8 frontier=       16 next=        4 consolidate=  0.008ms frontier=  0.002ms semisort=  0.004ms (keyed= 0.000ms group_by=  0.001ms per_group= 0.002ms)
[pe] round= 14 work=        4 frontier=        8 next=        2 consolidate=  0.004ms frontier=  0.001ms semisort=  0.003ms (keyed= 0.000ms group_by=  0.000ms per_group= 0.001ms)
[pe] round= 15 work=        2 frontier=        4 next=        1 consolidate=  0.002ms frontier=  0.001ms semisort=  0.002ms (keyed= 0.000ms group_by=  0.000ms per_group= 0.000ms)
[pe] round= 16 work=        1 (tail-skip: all parents empty)
[pe-async] round=  0 R=2 dirty=    54000 runs=    27000 filter=  0.135ms semisort=  2.070ms
[pe-async] round=  1 R=3 dirty=    32768 runs=    22152 filter=  0.112ms semisort=  1.166ms
[pe-async] round=  2 R=4 dirty=    16384 runs=     8192 filter=  0.083ms semisort=  0.658ms
[pe-async] round=  3 R=5 dirty=     8192 runs=     4096 filter=  0.102ms semisort=  0.396ms
[pe-async] round=  4 R=6 dirty=     4096 runs=     2048 filter=  0.099ms semisort=  0.228ms
[pe-async] round=  5 R=7 dirty=     2048 runs=     1024 filter=  0.082ms semisort=  0.140ms
[pe-async] round=  6 R=8 dirty=     1024 runs=      512 filter=  0.073ms semisort=  0.099ms
[pe-async] round=  7 R=9 dirty=      512 runs=      256 filter=  0.085ms semisort=  0.062ms
[pe-async] round=  8 R=10 dirty=      256 runs=      128 filter=  0.088ms semisort=  0.061ms
[pe-async] round=  9 R=11 dirty=      128 runs=       64 filter=  0.111ms semisort=  0.038ms
[pe-async] round= 10 R=12 dirty=       64 runs=       32 filter=  0.102ms semisort=  0.030ms
[pe-async] round= 11 R=13 dirty=       32 runs=       16 filter=  0.091ms semisort=  0.017ms
[pe-async] round= 12 R=14 dirty=       16 runs=        8 filter=  0.073ms semisort=  0.007ms
[pe-async] round= 13 R=15 dirty=        8 runs=        4 filter=  0.089ms semisort=  0.005ms
[pe-async] round= 14 R=16 dirty=        4 runs=        2 filter=  0.100ms semisort=  0.004ms
[pe-async] round= 15 R=17 dirty=        2 runs=        1 filter=  0.071ms semisort=  0.003ms
[pe-async] round= 16 R=18 dirty=        0 filter=  0.104ms (clean break)
[pe-async] round=  0 R=2 dirty=    54000 runs=    27000 filter=  0.142ms semisort=  1.902ms
[pe-async] round=  1 R=3 dirty=    32768 runs=    22152 filter=  0.135ms semisort=  1.080ms
[pe-async] round=  2 R=4 dirty=    16384 runs=     8192 filter=  0.081ms semisort=  0.663ms
[pe-async] round=  3 R=5 dirty=     8192 runs=     4096 filter=  0.098ms semisort=  0.391ms
[pe-async] round=  4 R=6 dirty=     4096 runs=     2048 filter=  0.086ms semisort=  0.237ms
[pe-async] round=  5 R=7 dirty=     2048 runs=     1024 filter=  0.083ms semisort=  0.138ms
[pe-async] round=  6 R=8 dirty=     1024 runs=      512 filter=  0.080ms semisort=  0.094ms
[pe-async] round=  7 R=9 dirty=      512 runs=      256 filter=  0.095ms semisort=  0.062ms
[pe-async] round=  8 R=10 dirty=      256 runs=      128 filter=  0.072ms semisort=  0.057ms
[pe-async] round=  9 R=11 dirty=      128 runs=       64 filter=  0.078ms semisort=  0.051ms
[pe-async] round= 10 R=12 dirty=       64 runs=       32 filter=  0.076ms semisort=  0.022ms
[pe-async] round= 11 R=13 dirty=       32 runs=       16 filter=  0.073ms semisort=  0.010ms
[pe-async] round= 12 R=14 dirty=       16 runs=        8 filter=  0.084ms semisort=  0.006ms
[pe-async] round= 13 R=15 dirty=        8 runs=        4 filter=  0.088ms semisort=  0.005ms
[pe-async] round= 14 R=16 dirty=        4 runs=        2 filter=  0.091ms semisort=  0.004ms
[pe-async] round= 15 R=17 dirty=        2 runs=        1 filter=  0.088ms semisort=  0.003ms
[pe-async] round= 16 R=18 dirty=        0 filter=  0.096ms (clean break)
[pe-async] round=  0 R=2 dirty=    54000 runs=    27000 filter=  0.130ms semisort=  1.909ms
[pe-async] round=  1 R=3 dirty=    32768 runs=    22152 filter=  0.123ms semisort=  1.064ms
[pe-async] round=  2 R=4 dirty=    16384 runs=     8192 filter=  0.085ms semisort=  0.658ms
[pe-async] round=  3 R=5 dirty=     8192 runs=     4096 filter=  0.104ms semisort=  0.374ms
[pe-async] round=  4 R=6 dirty=     4096 runs=     2048 filter=  0.094ms semisort=  0.242ms
[pe-async] round=  5 R=7 dirty=     2048 runs=     1024 filter=  0.089ms semisort=  0.139ms
[pe-async] round=  6 R=8 dirty=     1024 runs=      512 filter=  0.089ms semisort=  0.097ms
[pe-async] round=  7 R=9 dirty=      512 runs=      256 filter=  0.087ms semisort=  0.082ms
[pe-async] round=  8 R=10 dirty=      256 runs=      128 filter=  0.088ms semisort=  0.049ms
[pe-async] round=  9 R=11 dirty=      128 runs=       64 filter=  0.081ms semisort=  0.046ms
[pe-async] round= 10 R=12 dirty=       64 runs=       32 filter=  0.083ms semisort=  0.035ms
[pe-async] round= 11 R=13 dirty=       32 runs=       16 filter=  0.086ms semisort=  0.010ms
[pe-async] round= 12 R=14 dirty=       16 runs=        8 filter=  0.094ms semisort=  0.007ms
[pe-async] round= 13 R=15 dirty=        8 runs=        4 filter=  0.093ms semisort=  0.005ms
[pe-async] round= 14 R=16 dirty=        4 runs=        2 filter=  0.087ms semisort=  0.004ms
[pe-async] round= 15 R=17 dirty=        2 runs=        1 filter=  0.076ms semisort=  0.003ms
[pe-async] round= 16 R=18 dirty=        0 filter=  0.087ms (clean break)
[pe-async] round=  0 R=2 dirty=    54000 runs=    27000 filter=  0.135ms semisort=  1.932ms
[pe-async] round=  1 R=3 dirty=    32768 runs=    22152 filter=  0.111ms semisort=  1.077ms
[pe-async] round=  2 R=4 dirty=    16384 runs=     8192 filter=  0.118ms semisort=  0.660ms
[pe-async] round=  3 R=5 dirty=     8192 runs=     4096 filter=  0.094ms semisort=  0.385ms
[pe-async] round=  4 R=6 dirty=     4096 runs=     2048 filter=  0.077ms semisort=  0.241ms
[pe-async] round=  5 R=7 dirty=     2048 runs=     1024 filter=  0.089ms semisort=  0.150ms
[pe-async] round=  6 R=8 dirty=     1024 runs=      512 filter=  0.096ms semisort=  0.080ms
[pe-async] round=  7 R=9 dirty=      512 runs=      256 filter=  0.084ms semisort=  0.074ms
[pe-async] round=  8 R=10 dirty=      256 runs=      128 filter=  0.082ms semisort=  0.054ms
[pe-async] round=  9 R=11 dirty=      128 runs=       64 filter=  0.078ms semisort=  0.039ms
[pe-async] round= 10 R=12 dirty=       64 runs=       32 filter=  0.096ms semisort=  0.032ms
[pe-async] round= 11 R=13 dirty=       32 runs=       16 filter=  0.086ms semisort=  0.014ms
[pe-async] round= 12 R=14 dirty=       16 runs=        8 filter=  0.116ms semisort=  0.007ms
[pe-async] round= 13 R=15 dirty=        8 runs=        4 filter=  0.076ms semisort=  0.005ms
[pe-async] round= 14 R=16 dirty=        4 runs=        2 filter=  0.084ms semisort=  0.004ms
[pe-async] round= 15 R=17 dirty=        2 runs=        1 filter=  0.105ms semisort=  0.003ms
[pe-async] round= 16 R=18 dirty=        0 filter=  0.100ms (clean break)
[pe-async] round=  0 R=2 dirty=    54000 runs=    27000 filter=  0.125ms semisort=  1.953ms
[pe-async] round=  1 R=3 dirty=    32768 runs=    22152 filter=  0.121ms semisort=  1.132ms
[pe-async] round=  2 R=4 dirty=    16384 runs=     8192 filter=  0.097ms semisort=  0.652ms
[pe-async] round=  3 R=5 dirty=     8192 runs=     4096 filter=  0.075ms semisort=  0.362ms
[pe-async] round=  4 R=6 dirty=     4096 runs=     2048 filter=  0.086ms semisort=  0.234ms
[pe-async] round=  5 R=7 dirty=     2048 runs=     1024 filter=  0.078ms semisort=  0.134ms
[pe-async] round=  6 R=8 dirty=     1024 runs=      512 filter=  0.077ms semisort=  0.100ms
[pe-async] round=  7 R=9 dirty=      512 runs=      256 filter=  0.078ms semisort=  0.064ms
[pe-async] round=  8 R=10 dirty=      256 runs=      128 filter=  0.109ms semisort=  0.053ms
[pe-async] round=  9 R=11 dirty=      128 runs=       64 filter=  0.098ms semisort=  0.034ms
[pe-async] round= 10 R=12 dirty=       64 runs=       32 filter=  0.074ms semisort=  0.022ms
[pe-async] round= 11 R=13 dirty=       32 runs=       16 filter=  0.101ms semisort=  0.011ms
[pe-async] round= 12 R=14 dirty=       16 runs=        8 filter=  0.099ms semisort=  0.007ms
[pe-async] round= 13 R=15 dirty=        8 runs=        4 filter=  0.071ms semisort=  0.005ms
[pe-async] round= 14 R=16 dirty=        4 runs=        2 filter=  0.087ms semisort=  0.004ms
[pe-async] round= 15 R=17 dirty=        2 runs=        1 filter=  0.094ms semisort=  0.003ms
[pe-async] round= 16 R=18 dirty=        0 filter=  0.100ms (clean break)
[pe-async] round=  0 R=2 dirty=    54000 runs=    27000 filter=  0.119ms semisort=  1.898ms
[pe-async] round=  1 R=3 dirty=    32768 runs=    22152 filter=  0.115ms semisort=  1.165ms
[pe-async] round=  2 R=4 dirty=    16384 runs=     8192 filter=  0.080ms semisort=  0.647ms
[pe-async] round=  3 R=5 dirty=     8192 runs=     4096 filter=  0.086ms semisort=  0.377ms
[pe-async] round=  4 R=6 dirty=     4096 runs=     2048 filter=  0.098ms semisort=  0.223ms
[pe-async] round=  5 R=7 dirty=     2048 runs=     1024 filter=  0.079ms semisort=  0.135ms
[pe-async] round=  6 R=8 dirty=     1024 runs=      512 filter=  0.112ms semisort=  0.084ms
[pe-async] round=  7 R=9 dirty=      512 runs=      256 filter=  0.082ms semisort=  0.065ms
[pe-async] round=  8 R=10 dirty=      256 runs=      128 filter=  0.092ms semisort=  0.060ms
[pe-async] round=  9 R=11 dirty=      128 runs=       64 filter=  0.093ms semisort=  0.052ms
[pe-async] round= 10 R=12 dirty=       64 runs=       32 filter=  0.069ms semisort=  0.028ms
[pe-async] round= 11 R=13 dirty=       32 runs=       16 filter=  0.082ms semisort=  0.012ms
[pe-async] round= 12 R=14 dirty=       16 runs=        8 filter=  0.086ms semisort=  0.007ms
[pe-async] round= 13 R=15 dirty=        8 runs=        4 filter=  0.075ms semisort=  0.005ms
[pe-async] round= 14 R=16 dirty=        4 runs=        2 filter=  0.099ms semisort=  0.004ms
[pe-async] round= 15 R=17 dirty=        2 runs=        1 filter=  0.081ms semisort=  0.004ms
[pe-async] round= 16 R=18 dirty=        0 filter=  0.107ms (clean break)
