[synthetic_bench] cube n=55 d=2 classes=665608 merges=55 ...
[pe] round=  0 work=      110 frontier=   332750 next=   166375 consolidate=  0.646ms frontier=  2.494ms semisort=  7.331ms (keyed= 1.646ms group_by=  0.217ms per_group= 3.624ms)
[pe] round=  1 work=   166375 frontier=   332750 next=    65536 consolidate= 11.171ms frontier=  0.650ms semisort=  5.028ms (keyed= 0.817ms group_by=  0.207ms per_group= 2.243ms)
[pe] round=  2 work=    65536 frontier=   131072 next=    35303 consolidate=  4.844ms frontier=  0.412ms semisort=  5.675ms (keyed= 0.037ms group_by=  3.448ms per_group= 1.342ms)
[pe] round=  3 work=    35303 frontier=    70606 next=    32768 consolidate=  2.996ms frontier=  0.306ms semisort=  2.742ms (keyed= 0.024ms group_by=  1.072ms per_group= 1.113ms)
[pe] round=  4 work=    32768 frontier=    65536 next=    16384 consolidate=  2.592ms frontier=  0.321ms semisort=  2.184ms (keyed= 0.031ms group_by=  0.992ms per_group= 0.689ms)
[pe] round=  5 work=    16384 frontier=    32768 next=     8192 consolidate=  1.254ms frontier=  0.288ms semisort=  1.346ms (keyed= 0.018ms group_by=  0.593ms per_group= 0.439ms)
[pe] round=  6 work=     8192 frontier=    16384 next=     4096 consolidate=  1.150ms frontier=  0.232ms semisort=  0.681ms (keyed= 0.013ms group_by=  0.224ms per_group= 0.229ms)
[pe] round=  7 work=     4096 frontier=     8192 next=     2048 consolidate=  0.702ms frontier=  0.111ms semisort=  1.141ms (keyed= 0.011ms group_by=  0.848ms per_group= 0.144ms)
[pe] round=  8 work=     2048 frontier=     4096 next=     1024 consolidate=  0.391ms frontier=  0.086ms semisort=  0.551ms (keyed= 0.009ms group_by=  0.359ms per_group= 0.091ms)
[pe] round=  9 work=     1024 frontier=     2048 next=      512 consolidate=  0.223ms frontier=  0.059ms semisort=  0.240ms (keyed= 0.007ms group_by=  0.133ms per_group= 0.043ms)
[pe] round= 10 work=      512 frontier=     1024 next=      256 consolidate=  0.116ms frontier=  0.027ms semisort=  0.147ms (keyed= 0.003ms group_by=  0.053ms per_group= 0.047ms)
[pe] round= 11 work=      256 frontier=      512 next=      128 consolidate=  0.074ms frontier=  0.012ms semisort=  0.071ms (keyed= 0.001ms group_by=  0.026ms per_group= 0.027ms)
[pe] round= 12 work=      128 frontier=      256 next=       64 consolidate=  0.067ms frontier=  0.006ms semisort=  0.040ms (keyed= 0.001ms group_by=  0.013ms per_group= 0.018ms)
[pe] round= 13 work=       64 frontier=      128 next=       32 consolidate=  0.025ms frontier=  0.004ms semisort=  0.021ms (keyed= 0.000ms group_by=  0.005ms per_group= 0.011ms)
[pe] round= 14 work=       32 frontier=       64 next=       16 consolidate=  0.023ms frontier=  0.002ms semisort=  0.011ms (keyed= 0.000ms group_by=  0.003ms per_group= 0.005ms)
[pe] round= 15 work=       16 frontier=       32 next=        8 consolidate=  0.019ms frontier=  0.003ms semisort=  0.006ms (keyed= 0.000ms group_by=  0.002ms per_group= 0.003ms)
[pe] round= 16 work=        8 frontier=       16 next=        4 consolidate=  0.005ms frontier=  0.001ms semisort=  0.004ms (keyed= 0.000ms group_by=  0.001ms per_group= 0.001ms)
[pe] round= 17 work=        4 frontier=        8 next=        2 consolidate=  0.003ms frontier=  0.001ms semisort=  0.003ms (keyed= 0.000ms group_by=  0.000ms per_group= 0.001ms)
[pe] round= 18 work=        2 frontier=        4 next=        1 consolidate=  0.002ms frontier=  0.001ms semisort=  0.002ms (keyed= 0.000ms group_by=  0.000ms per_group= 0.001ms)
[pe] round= 19 work=        1 (tail-skip: all parents empty)
[pe] round=  0 work=      110 frontier=   332750 next=   166375 consolidate=  0.129ms frontier=  1.464ms semisort=  6.188ms (keyed= 1.023ms group_by=  0.151ms per_group= 3.127ms)
[pe] round=  1 work=   166375 frontier=   332750 next=    65536 consolidate= 12.246ms frontier=  0.686ms semisort=  5.239ms (keyed= 1.060ms group_by=  0.177ms per_group= 2.290ms)
[pe] round=  2 work=    65536 frontier=   131072 next=    35303 consolidate=  5.071ms frontier=  0.605ms semisort=  4.596ms (keyed= 0.034ms group_by=  2.127ms per_group= 1.522ms)
[pe] round=  3 work=    35303 frontier=    70606 next=    32768 consolidate=  3.164ms frontier=  0.293ms semisort=  2.732ms (keyed= 0.024ms group_by=  1.099ms per_group= 1.137ms)
[pe] round=  4 work=    32768 frontier=    65536 next=    16384 consolidate=  2.546ms frontier=  0.242ms semisort=  2.255ms (keyed= 0.048ms group_by=  0.988ms per_group= 0.721ms)
[pe] round=  5 work=    16384 frontier=    32768 next=     8192 consolidate=  1.379ms frontier=  0.289ms semisort=  1.238ms (keyed= 0.017ms group_by=  0.526ms per_group= 0.393ms)
[pe] round=  6 work=     8192 frontier=    16384 next=     4096 consolidate=  1.269ms frontier=  0.228ms semisort=  0.752ms (keyed= 0.016ms group_by=  0.301ms per_group= 0.224ms)
[pe] round=  7 work=     4096 frontier=     8192 next=     2048 consolidate=  0.679ms frontier=  0.112ms semisort=  1.125ms (keyed= 0.011ms group_by=  0.790ms per_group= 0.151ms)
[pe] round=  8 work=     2048 frontier=     4096 next=     1024 consolidate=  0.388ms frontier=  0.070ms semisort=  0.553ms (keyed= 0.009ms group_by=  0.365ms per_group= 0.098ms)
[pe] round=  9 work=     1024 frontier=     2048 next=      512 consolidate=  0.213ms frontier=  0.061ms semisort=  0.281ms (keyed= 0.006ms group_by=  0.143ms per_group= 0.082ms)
[pe] round= 10 work=      512 frontier=     1024 next=      256 consolidate=  0.142ms frontier=  0.031ms semisort=  0.135ms (keyed= 0.002ms group_by=  0.050ms per_group= 0.043ms)
[pe] round= 11 work=      256 frontier=      512 next=      128 consolidate=  0.074ms frontier=  0.013ms semisort=  0.084ms (keyed= 0.001ms group_by=  0.040ms per_group= 0.018ms)
[pe] round= 12 work=      128 frontier=      256 next=       64 consolidate=  0.064ms frontier=  0.006ms semisort=  0.055ms (keyed= 0.001ms group_by=  0.016ms per_group= 0.022ms)
[pe] round= 13 work=       64 frontier=      128 next=       32 consolidate=  0.021ms frontier=  0.004ms semisort=  0.018ms (keyed= 0.000ms group_by=  0.004ms per_group= 0.009ms)
[pe] round= 14 work=       32 frontier=       64 next=       16 consolidate=  0.023ms frontier=  0.002ms semisort=  0.013ms (keyed= 0.000ms group_by=  0.005ms per_group= 0.005ms)
[pe] round= 15 work=       16 frontier=       32 next=        8 consolidate=  0.010ms frontier=  0.002ms semisort=  0.006ms (keyed= 0.000ms group_by=  0.002ms per_group= 0.003ms)
[pe] round= 16 work=        8 frontier=       16 next=        4 consolidate=  0.007ms frontier=  0.001ms semisort=  0.004ms (keyed= 0.000ms group_by=  0.001ms per_group= 0.002ms)
[pe] round= 17 work=        4 frontier=        8 next=        2 consolidate=  0.004ms frontier=  0.001ms semisort=  0.003ms (keyed= 0.000ms group_by=  0.001ms per_group= 0.001ms)
[pe] round= 18 work=        2 frontier=        4 next=        1 consolidate=  0.002ms frontier=  0.001ms semisort=  0.002ms (keyed= 0.000ms group_by=  0.000ms per_group= 0.001ms)
[pe] round= 19 work=        1 (tail-skip: all parents empty)
[pe] round=  0 work=      110 frontier=   332750 next=   166375 consolidate=  0.093ms frontier=  1.137ms semisort=  5.821ms (keyed= 0.911ms group_by=  0.125ms per_group= 2.975ms)
[pe] round=  1 work=   166375 frontier=   332750 next=    65536 consolidate= 11.885ms frontier=  0.626ms semisort=  4.877ms (keyed= 0.856ms group_by=  0.151ms per_group= 2.225ms)
[pe] round=  2 work=    65536 frontier=   131072 next=    35303 consolidate=  5.011ms frontier=  0.498ms semisort=  3.951ms (keyed= 0.033ms group_by=  1.549ms per_group= 1.427ms)
[pe] round=  3 work=    35303 frontier=    70606 next=    32768 consolidate=  2.922ms frontier=  0.269ms semisort=  2.631ms (keyed= 0.024ms group_by=  0.968ms per_group= 1.128ms)
[pe] round=  4 work=    32768 frontier=    65536 next=    16384 consolidate=  2.626ms frontier=  0.209ms semisort=  1.882ms (keyed= 0.033ms group_by=  0.754ms per_group= 0.682ms)
[pe] round=  5 work=    16384 frontier=    32768 next=     8192 consolidate=  1.316ms frontier=  0.278ms semisort=  1.175ms (keyed= 0.017ms group_by=  0.497ms per_group= 0.392ms)
[pe] round=  6 work=     8192 frontier=    16384 next=     4096 consolidate=  1.168ms frontier=  0.210ms semisort=  0.748ms (keyed= 0.014ms group_by=  0.304ms per_group= 0.222ms)
[pe] round=  7 work=     4096 frontier=     8192 next=     2048 consolidate=  0.686ms frontier=  0.111ms semisort=  1.095ms (keyed= 0.009ms group_by=  0.796ms per_group= 0.140ms)
[pe] round=  8 work=     2048 frontier=     4096 next=     1024 consolidate=  0.341ms frontier=  0.071ms semisort=  0.523ms (keyed= 0.009ms group_by=  0.353ms per_group= 0.075ms)
[pe] round=  9 work=     1024 frontier=     2048 next=      512 consolidate=  0.209ms frontier=  0.054ms semisort=  0.260ms (keyed= 0.006ms group_by=  0.134ms per_group= 0.067ms)
[pe] round= 10 work=      512 frontier=     1024 next=      256 consolidate=  0.135ms frontier=  0.033ms semisort=  0.133ms (keyed= 0.002ms group_by=  0.041ms per_group= 0.049ms)
[pe] round= 11 work=      256 frontier=      512 next=      128 consolidate=  0.070ms frontier=  0.014ms semisort=  0.073ms (keyed= 0.001ms group_by=  0.028ms per_group= 0.020ms)
[pe] round= 12 work=      128 frontier=      256 next=       64 consolidate=  0.064ms frontier=  0.006ms semisort=  0.037ms (keyed= 0.001ms group_by=  0.011ms per_group= 0.018ms)
[pe] round= 13 work=       64 frontier=      128 next=       32 consolidate=  0.026ms frontier=  0.004ms semisort=  0.019ms (keyed= 0.000ms group_by=  0.004ms per_group= 0.010ms)
[pe] round= 14 work=       32 frontier=       64 next=       16 consolidate=  0.023ms frontier=  0.002ms semisort=  0.011ms (keyed= 0.000ms group_by=  0.003ms per_group= 0.005ms)
[pe] round= 15 work=       16 frontier=       32 next=        8 consolidate=  0.011ms frontier=  0.002ms semisort=  0.006ms (keyed= 0.000ms group_by=  0.002ms per_group= 0.003ms)
[pe] round= 16 work=        8 frontier=       16 next=        4 consolidate=  0.007ms frontier=  0.001ms semisort=  0.004ms (keyed= 0.000ms group_by=  0.001ms per_group= 0.001ms)
[pe] round= 17 work=        4 frontier=        8 next=        2 consolidate=  0.004ms frontier=  0.001ms semisort=  0.003ms (keyed= 0.000ms group_by=  0.000ms per_group= 0.001ms)
[pe] round= 18 work=        2 frontier=        4 next=        1 consolidate=  0.002ms frontier=  0.001ms semisort=  0.002ms (keyed= 0.000ms group_by=  0.000ms per_group= 0.001ms)
[pe] round= 19 work=        1 (tail-skip: all parents empty)
[pe] round=  0 work=      110 frontier=   332750 next=   166375 consolidate=  0.097ms frontier=  1.067ms semisort=  5.992ms (keyed= 0.961ms group_by=  0.128ms per_group= 3.087ms)
[pe] round=  1 work=   166375 frontier=   332750 next=    65536 consolidate= 11.762ms frontier=  0.547ms semisort=  4.962ms (keyed= 0.938ms group_by=  0.168ms per_group= 2.208ms)
[pe] round=  2 work=    65536 frontier=   131072 next=    35303 consolidate=  4.967ms frontier=  0.325ms semisort=  4.614ms (keyed= 0.034ms group_by=  2.194ms per_group= 1.479ms)
[pe] round=  3 work=    35303 frontier=    70606 next=    32768 consolidate=  2.755ms frontier=  0.287ms semisort=  2.526ms (keyed= 0.023ms group_by=  0.897ms per_group= 1.138ms)
[pe] round=  4 work=    32768 frontier=    65536 next=    16384 consolidate=  2.484ms frontier=  0.283ms semisort=  1.901ms (keyed= 0.032ms group_by=  0.776ms per_group= 0.686ms)
[pe] round=  5 work=    16384 frontier=    32768 next=     8192 consolidate=  1.302ms frontier=  0.343ms semisort=  1.103ms (keyed= 0.017ms group_by=  0.444ms per_group= 0.382ms)
[pe] round=  6 work=     8192 frontier=    16384 next=     4096 consolidate=  1.136ms frontier=  0.198ms semisort=  0.849ms (keyed= 0.016ms group_by=  0.295ms per_group= 0.219ms)
[pe] round=  7 work=     4096 frontier=     8192 next=     2048 consolidate=  0.765ms frontier=  0.100ms semisort=  1.166ms (keyed= 0.011ms group_by=  0.857ms per_group= 0.170ms)
[pe] round=  8 work=     2048 frontier=     4096 next=     1024 consolidate=  0.325ms frontier=  0.094ms semisort=  0.544ms (keyed= 0.009ms group_by=  0.357ms per_group= 0.094ms)
[pe] round=  9 work=     1024 frontier=     2048 next=      512 consolidate=  0.214ms frontier=  0.062ms semisort=  0.274ms (keyed= 0.007ms group_by=  0.137ms per_group= 0.084ms)
[pe] round= 10 work=      512 frontier=     1024 next=      256 consolidate=  0.136ms frontier=  0.035ms semisort=  0.138ms (keyed= 0.002ms group_by=  0.045ms per_group= 0.042ms)
[pe] round= 11 work=      256 frontier=      512 next=      128 consolidate=  0.070ms frontier=  0.012ms semisort=  0.069ms (keyed= 0.001ms group_by=  0.024ms per_group= 0.029ms)
[pe] round= 12 work=      128 frontier=      256 next=       64 consolidate=  0.065ms frontier=  0.006ms semisort=  0.038ms (keyed= 0.001ms group_by=  0.011ms per_group= 0.019ms)
[pe] round= 13 work=       64 frontier=      128 next=       32 consolidate=  0.025ms frontier=  0.004ms semisort=  0.018ms (keyed= 0.000ms group_by=  0.004ms per_group= 0.009ms)
[pe] round= 14 work=       32 frontier=       64 next=       16 consolidate=  0.022ms frontier=  0.002ms semisort=  0.010ms (keyed= 0.000ms group_by=  0.003ms per_group= 0.005ms)
[pe] round= 15 work=       16 frontier=       32 next=        8 consolidate=  0.012ms frontier=  0.002ms semisort=  0.006ms (keyed= 0.000ms group_by=  0.002ms per_group= 0.003ms)
[pe] round= 16 work=        8 frontier=       16 next=        4 consolidate=  0.006ms frontier=  0.001ms semisort=  0.004ms (keyed= 0.000ms group_by=  0.001ms per_group= 0.001ms)
[pe] round= 17 work=        4 frontier=        8 next=        2 consolidate=  0.003ms frontier=  0.001ms semisort=  0.003ms (keyed= 0.000ms group_by=  0.001ms per_group= 0.001ms)
[pe] round= 18 work=        2 frontier=        4 next=        1 consolidate=  0.002ms frontier=  0.001ms semisort=  0.002ms (keyed= 0.000ms group_by=  0.000ms per_group= 0.000ms)
[pe] round= 19 work=        1 (tail-skip: all parents empty)
[pe] round=  0 work=      110 frontier=   332750 next=   166375 consolidate=  0.071ms frontier=  1.400ms semisort=  6.001ms (keyed= 1.012ms group_by=  0.146ms per_group= 3.027ms)
[pe] round=  1 work=   166375 frontier=   332750 next=    65536 consolidate= 11.939ms frontier=  0.683ms semisort=  5.078ms (keyed= 0.931ms group_by=  0.178ms per_group= 2.262ms)
[pe] round=  2 work=    65536 frontier=   131072 next=    35303 consolidate=  5.024ms frontier=  0.417ms semisort=  4.673ms (keyed= 0.034ms group_by=  2.200ms per_group= 1.527ms)
[pe] round=  3 work=    35303 frontier=    70606 next=    32768 consolidate=  2.930ms frontier=  0.275ms semisort=  2.545ms (keyed= 0.024ms group_by=  0.921ms per_group= 1.138ms)
[pe] round=  4 work=    32768 frontier=    65536 next=    16384 consolidate=  2.467ms frontier=  0.211ms semisort=  2.012ms (keyed= 0.033ms group_by=  0.869ms per_group= 0.705ms)
[pe] round=  5 work=    16384 frontier=    32768 next=     8192 consolidate=  1.255ms frontier=  0.275ms semisort=  1.140ms (keyed= 0.019ms group_by=  0.455ms per_group= 0.403ms)
[pe] round=  6 work=     8192 frontier=    16384 next=     4096 consolidate=  1.088ms frontier=  0.226ms semisort=  0.686ms (keyed= 0.013ms group_by=  0.220ms per_group= 0.221ms)
[pe] round=  7 work=     4096 frontier=     8192 next=     2048 consolidate=  0.733ms frontier=  0.105ms semisort=  1.078ms (keyed= 0.028ms group_by=  0.722ms per_group= 0.142ms)
[pe] round=  8 work=     2048 frontier=     4096 next=     1024 consolidate=  0.354ms frontier=  0.070ms semisort=  0.575ms (keyed= 0.010ms group_by=  0.367ms per_group= 0.112ms)
[pe] round=  9 work=     1024 frontier=     2048 next=      512 consolidate=  0.227ms frontier=  0.058ms semisort=  0.251ms (keyed= 0.006ms group_by=  0.135ms per_group= 0.041ms)
[pe] round= 10 work=      512 frontier=     1024 next=      256 consolidate=  0.133ms frontier=  0.035ms semisort=  0.142ms (keyed= 0.002ms group_by=  0.051ms per_group= 0.037ms)
[pe] round= 11 work=      256 frontier=      512 next=      128 consolidate=  0.065ms frontier=  0.013ms semisort=  0.068ms (keyed= 0.001ms group_by=  0.022ms per_group= 0.031ms)
[pe] round= 12 work=      128 frontier=      256 next=       64 consolidate=  0.065ms frontier=  0.006ms semisort=  0.037ms (keyed= 0.001ms group_by=  0.011ms per_group= 0.018ms)
[pe] round= 13 work=       64 frontier=      128 next=       32 consolidate=  0.027ms frontier=  0.004ms semisort=  0.018ms (keyed= 0.000ms group_by=  0.004ms per_group= 0.009ms)
[pe] round= 14 work=       32 frontier=       64 next=       16 consolidate=  0.029ms frontier=  0.002ms semisort=  0.011ms (keyed= 0.000ms group_by=  0.003ms per_group= 0.005ms)
[pe] round= 15 work=       16 frontier=       32 next=        8 consolidate=  0.012ms frontier=  0.001ms semisort=  0.006ms (keyed= 0.000ms group_by=  0.002ms per_group= 0.003ms)
[pe] round= 16 work=        8 frontier=       16 next=        4 consolidate=  0.006ms frontier=  0.001ms semisort=  0.004ms (keyed= 0.000ms group_by=  0.001ms per_group= 0.001ms)
[pe] round= 17 work=        4 frontier=        8 next=        2 consolidate=  0.003ms frontier=  0.001ms semisort=  0.003ms (keyed= 0.000ms group_by=  0.000ms per_group= 0.001ms)
[pe] round= 18 work=        2 frontier=        4 next=        1 consolidate=  0.002ms frontier=  0.001ms semisort=  0.002ms (keyed= 0.000ms group_by=  0.000ms per_group= 0.000ms)
[pe] round= 19 work=        1 (tail-skip: all parents empty)
[pe] round=  0 work=      110 frontier=   332750 next=   166375 consolidate=  0.090ms frontier=  1.161ms semisort=  5.893ms (keyed= 0.951ms group_by=  0.108ms per_group= 2.950ms)
[pe] round=  1 work=   166375 frontier=   332750 next=    65536 consolidate= 12.080ms frontier=  0.651ms semisort=  4.919ms (keyed= 0.922ms group_by=  0.161ms per_group= 2.247ms)
[pe] round=  2 work=    65536 frontier=   131072 next=    35303 consolidate=  4.978ms frontier=  0.345ms semisort=  3.892ms (keyed= 0.033ms group_by=  1.531ms per_group= 1.398ms)
[pe] round=  3 work=    35303 frontier=    70606 next=    32768 consolidate=  2.768ms frontier=  0.282ms semisort=  2.759ms (keyed= 0.023ms group_by=  0.881ms per_group= 1.224ms)
[pe] round=  4 work=    32768 frontier=    65536 next=    16384 consolidate=  2.529ms frontier=  0.205ms semisort=  1.907ms (keyed= 0.033ms group_by=  0.746ms per_group= 0.683ms)
[pe] round=  5 work=    16384 frontier=    32768 next=     8192 consolidate=  1.475ms frontier=  0.209ms semisort=  1.175ms (keyed= 0.016ms group_by=  0.408ms per_group= 0.507ms)
[pe] round=  6 work=     8192 frontier=    16384 next=     4096 consolidate=  1.127ms frontier=  0.227ms semisort=  0.758ms (keyed= 0.015ms group_by=  0.237ms per_group= 0.230ms)
[pe] round=  7 work=     4096 frontier=     8192 next=     2048 consolidate=  0.612ms frontier=  0.104ms semisort=  1.161ms (keyed= 0.014ms group_by=  0.810ms per_group= 0.162ms)
[pe] round=  8 work=     2048 frontier=     4096 next=     1024 consolidate=  0.401ms frontier=  0.069ms semisort=  0.548ms (keyed= 0.009ms group_by=  0.355ms per_group= 0.107ms)
[pe] round=  9 work=     1024 frontier=     2048 next=      512 consolidate=  0.208ms frontier=  0.059ms semisort=  0.243ms (keyed= 0.007ms group_by=  0.139ms per_group= 0.041ms)
[pe] round= 10 work=      512 frontier=     1024 next=      256 consolidate=  0.139ms frontier=  0.030ms semisort=  0.143ms (keyed= 0.002ms group_by=  0.049ms per_group= 0.045ms)
[pe] round= 11 work=      256 frontier=      512 next=      128 consolidate=  0.066ms frontier=  0.014ms semisort=  0.076ms (keyed= 0.001ms group_by=  0.028ms per_group= 0.023ms)
[pe] round= 12 work=      128 frontier=      256 next=       64 consolidate=  0.063ms frontier=  0.006ms semisort=  0.044ms (keyed= 0.001ms group_by=  0.013ms per_group= 0.021ms)
[pe] round= 13 work=       64 frontier=      128 next=       32 consolidate=  0.023ms frontier=  0.004ms semisort=  0.018ms (keyed= 0.000ms group_by=  0.004ms per_group= 0.009ms)
[pe] round= 14 work=       32 frontier=       64 next=       16 consolidate=  0.022ms frontier=  0.002ms semisort=  0.010ms (keyed= 0.000ms group_by=  0.003ms per_group= 0.005ms)
[pe] round= 15 work=       16 frontier=       32 next=        8 consolidate=  0.010ms frontier=  0.002ms semisort=  0.006ms (keyed= 0.000ms group_by=  0.002ms per_group= 0.003ms)
[pe] round= 16 work=        8 frontier=       16 next=        4 consolidate=  0.007ms frontier=  0.001ms semisort=  0.004ms (keyed= 0.000ms group_by=  0.001ms per_group= 0.001ms)
[pe] round= 17 work=        4 frontier=        8 next=        2 consolidate=  0.003ms frontier=  0.001ms semisort=  0.003ms (keyed= 0.000ms group_by=  0.000ms per_group= 0.001ms)
[pe] round= 18 work=        2 frontier=        4 next=        1 consolidate=  0.002ms frontier=  0.001ms semisort=  0.002ms (keyed= 0.000ms group_by=  0.000ms per_group= 0.000ms)
[pe] round= 19 work=        1 (tail-skip: all parents empty)
[pe-async] round=  0 R=2 dirty=   332750 runs=   166375 filter=  0.495ms semisort=  4.193ms
[pe-async] round=  1 R=3 dirty=   201678 runs=   136142 filter=  0.494ms semisort=  2.007ms
[pe-async] round=  2 R=4 dirty=   131072 runs=    95769 filter=  0.500ms semisort=  1.284ms
[pe-async] round=  3 R=5 dirty=    65536 runs=    32768 filter=  0.476ms semisort=  2.760ms
[pe-async] round=  4 R=6 dirty=    32768 runs=    16384 filter=  0.445ms semisort=  1.502ms
[pe-async] round=  5 R=7 dirty=    16384 runs=     8192 filter=  0.427ms semisort=  0.746ms
[pe-async] round=  6 R=8 dirty=     8192 runs=     4096 filter=  0.442ms semisort=  0.441ms
[pe-async] round=  7 R=9 dirty=     4096 runs=     2048 filter=  0.420ms semisort=  0.229ms
[pe-async] round=  8 R=10 dirty=     2048 runs=     1024 filter=  0.380ms semisort=  0.129ms
[pe-async] round=  9 R=11 dirty=     1024 runs=      512 filter=  0.382ms semisort=  0.109ms
[pe-async] round= 10 R=12 dirty=      512 runs=      256 filter=  0.370ms semisort=  0.094ms
[pe-async] round= 11 R=13 dirty=      256 runs=      128 filter=  0.369ms semisort=  0.071ms
[pe-async] round= 12 R=14 dirty=      128 runs=       64 filter=  0.366ms semisort=  0.033ms
[pe-async] round= 13 R=15 dirty=       64 runs=       32 filter=  0.402ms semisort=  0.019ms
[pe-async] round= 14 R=16 dirty=       32 runs=       16 filter=  0.412ms semisort=  0.011ms
[pe-async] round= 15 R=17 dirty=       16 runs=        8 filter=  0.407ms semisort=  0.007ms
[pe-async] round= 16 R=18 dirty=        8 runs=        4 filter=  0.424ms semisort=  0.006ms
[pe-async] round= 17 R=19 dirty=        4 runs=        2 filter=  0.422ms semisort=  0.004ms
[pe-async] round= 18 R=20 dirty=        2 runs=        1 filter=  0.423ms semisort=  0.004ms
[pe-async] round= 19 R=21 dirty=        0 filter=  0.407ms (clean break)
[pe-async] round=  0 R=2 dirty=   332750 runs=   166375 filter=  0.372ms semisort=  3.713ms
[pe-async] round=  1 R=3 dirty=   201678 runs=   136142 filter=  0.410ms semisort=  2.100ms
[pe-async] round=  2 R=4 dirty=   131072 runs=    95769 filter=  0.537ms semisort=  1.375ms
[pe-async] round=  3 R=5 dirty=    65536 runs=    32768 filter=  0.465ms semisort=  2.482ms
[pe-async] round=  4 R=6 dirty=    32768 runs=    16384 filter=  0.493ms semisort=  1.395ms
[pe-async] round=  5 R=7 dirty=    16384 runs=     8192 filter=  0.405ms semisort=  0.720ms
[pe-async] round=  6 R=8 dirty=     8192 runs=     4096 filter=  0.641ms semisort=  0.434ms
[pe-async] round=  7 R=9 dirty=     4096 runs=     2048 filter=  0.390ms semisort=  0.257ms
[pe-async] round=  8 R=10 dirty=     2048 runs=     1024 filter=  0.374ms semisort=  0.131ms
[pe-async] round=  9 R=11 dirty=     1024 runs=      512 filter=  0.379ms semisort=  0.104ms
[pe-async] round= 10 R=12 dirty=      512 runs=      256 filter=  0.377ms semisort=  0.091ms
[pe-async] round= 11 R=13 dirty=      256 runs=      128 filter=  0.376ms semisort=  0.069ms
[pe-async] round= 12 R=14 dirty=      128 runs=       64 filter=  0.374ms semisort=  0.032ms
[pe-async] round= 13 R=15 dirty=       64 runs=       32 filter=  0.396ms semisort=  0.019ms
[pe-async] round= 14 R=16 dirty=       32 runs=       16 filter=  0.421ms semisort=  0.011ms
[pe-async] round= 15 R=17 dirty=       16 runs=        8 filter=  0.492ms semisort=  0.009ms
[pe-async] round= 16 R=18 dirty=        8 runs=        4 filter=  0.405ms semisort=  0.006ms
[pe-async] round= 17 R=19 dirty=        4 runs=        2 filter=  0.420ms semisort=  0.004ms
[pe-async] round= 18 R=20 dirty=        2 runs=        1 filter=  0.431ms semisort=  0.004ms
[pe-async] round= 19 R=21 dirty=        0 filter=  0.408ms (clean break)
[pe-async] round=  0 R=2 dirty=   332750 runs=   166375 filter=  0.484ms semisort=  3.826ms
[pe-async] round=  1 R=3 dirty=   201678 runs=   136142 filter=  0.490ms semisort=  1.894ms
[pe-async] round=  2 R=4 dirty=   131072 runs=    95769 filter=  0.536ms semisort=  1.232ms
[pe-async] round=  3 R=5 dirty=    65536 runs=    32768 filter=  0.454ms semisort=  2.733ms
[pe-async] round=  4 R=6 dirty=    32768 runs=    16384 filter=  0.442ms semisort=  1.439ms
[pe-async] round=  5 R=7 dirty=    16384 runs=     8192 filter=  0.410ms semisort=  0.656ms
[pe-async] round=  6 R=8 dirty=     8192 runs=     4096 filter=  0.383ms semisort=  0.409ms
[pe-async] round=  7 R=9 dirty=     4096 runs=     2048 filter=  0.601ms semisort=  0.248ms
[pe-async] round=  8 R=10 dirty=     2048 runs=     1024 filter=  0.392ms semisort=  0.127ms
[pe-async] round=  9 R=11 dirty=     1024 runs=      512 filter=  0.552ms semisort=  0.117ms
[pe-async] round= 10 R=12 dirty=      512 runs=      256 filter=  0.368ms semisort=  0.096ms
[pe-async] round= 11 R=13 dirty=      256 runs=      128 filter=  0.466ms semisort=  0.037ms
[pe-async] round= 12 R=14 dirty=      128 runs=       64 filter=  0.390ms semisort=  0.034ms
[pe-async] round= 13 R=15 dirty=       64 runs=       32 filter=  0.411ms semisort=  0.018ms
[pe-async] round= 14 R=16 dirty=       32 runs=       16 filter=  0.413ms semisort=  0.010ms
[pe-async] round= 15 R=17 dirty=       16 runs=        8 filter=  0.421ms semisort=  0.007ms
[pe-async] round= 16 R=18 dirty=        8 runs=        4 filter=  0.434ms semisort=  0.006ms
[pe-async] round= 17 R=19 dirty=        4 runs=        2 filter=  0.419ms semisort=  0.005ms
[pe-async] round= 18 R=20 dirty=        2 runs=        1 filter=  0.417ms semisort=  0.004ms
[pe-async] round= 19 R=21 dirty=        0 filter=  0.413ms (clean break)
[pe-async] round=  0 R=2 dirty=   332750 runs=   166375 filter=  0.520ms semisort=  3.853ms
[pe-async] round=  1 R=3 dirty=   201678 runs=   136142 filter=  0.515ms semisort=  2.023ms
[pe-async] round=  2 R=4 dirty=   131072 runs=    95769 filter=  0.468ms semisort=  1.295ms
[pe-async] round=  3 R=5 dirty=    65536 runs=    32768 filter=  0.450ms semisort=  2.693ms
[pe-async] round=  4 R=6 dirty=    32768 runs=    16384 filter=  0.620ms semisort=  1.455ms
[pe-async] round=  5 R=7 dirty=    16384 runs=     8192 filter=  0.416ms semisort=  0.672ms
[pe-async] round=  6 R=8 dirty=     8192 runs=     4096 filter=  0.386ms semisort=  0.432ms
[pe-async] round=  7 R=9 dirty=     4096 runs=     2048 filter=  0.401ms semisort=  0.227ms
[pe-async] round=  8 R=10 dirty=     2048 runs=     1024 filter=  0.374ms semisort=  0.127ms
[pe-async] round=  9 R=11 dirty=     1024 runs=      512 filter=  0.376ms semisort=  0.106ms
[pe-async] round= 10 R=12 dirty=      512 runs=      256 filter=  0.374ms semisort=  0.084ms
[pe-async] round= 11 R=13 dirty=      256 runs=      128 filter=  0.463ms semisort=  0.043ms
[pe-async] round= 12 R=14 dirty=      128 runs=       64 filter=  0.387ms semisort=  0.032ms
[pe-async] round= 13 R=15 dirty=       64 runs=       32 filter=  0.410ms semisort=  0.021ms
[pe-async] round= 14 R=16 dirty=       32 runs=       16 filter=  0.394ms semisort=  0.014ms
[pe-async] round= 15 R=17 dirty=       16 runs=        8 filter=  0.415ms semisort=  0.007ms
[pe-async] round= 16 R=18 dirty=        8 runs=        4 filter=  0.428ms semisort=  0.006ms
[pe-async] round= 17 R=19 dirty=        4 runs=        2 filter=  0.423ms semisort=  0.004ms
[pe-async] round= 18 R=20 dirty=        2 runs=        1 filter=  0.418ms semisort=  0.004ms
[pe-async] round= 19 R=21 dirty=        0 filter=  0.419ms (clean break)
[pe-async] round=  0 R=2 dirty=   332750 runs=   166375 filter=  0.363ms semisort=  3.770ms
[pe-async] round=  1 R=3 dirty=   201678 runs=   136142 filter=  0.517ms semisort=  1.995ms
[pe-async] round=  2 R=4 dirty=   131072 runs=    95769 filter=  0.582ms semisort=  1.438ms
[pe-async] round=  3 R=5 dirty=    65536 runs=    32768 filter=  0.562ms semisort=  2.705ms
[pe-async] round=  4 R=6 dirty=    32768 runs=    16384 filter=  0.475ms semisort=  1.455ms
[pe-async] round=  5 R=7 dirty=    16384 runs=     8192 filter=  0.399ms semisort=  0.734ms
[pe-async] round=  6 R=8 dirty=     8192 runs=     4096 filter=  0.390ms semisort=  0.427ms
[pe-async] round=  7 R=9 dirty=     4096 runs=     2048 filter=  0.392ms semisort=  0.229ms
[pe-async] round=  8 R=10 dirty=     2048 runs=     1024 filter=  0.376ms semisort=  0.128ms
[pe-async] round=  9 R=11 dirty=     1024 runs=      512 filter=  0.425ms semisort=  0.103ms
[pe-async] round= 10 R=12 dirty=      512 runs=      256 filter=  0.375ms semisort=  0.094ms
[pe-async] round= 11 R=13 dirty=      256 runs=      128 filter=  0.377ms semisort=  0.068ms
[pe-async] round= 12 R=14 dirty=      128 runs=       64 filter=  0.380ms semisort=  0.031ms
[pe-async] round= 13 R=15 dirty=       64 runs=       32 filter=  0.407ms semisort=  0.020ms
[pe-async] round= 14 R=16 dirty=       32 runs=       16 filter=  0.426ms semisort=  0.010ms
[pe-async] round= 15 R=17 dirty=       16 runs=        8 filter=  0.419ms semisort=  0.008ms
[pe-async] round= 16 R=18 dirty=        8 runs=        4 filter=  0.426ms semisort=  0.005ms
[pe-async] round= 17 R=19 dirty=        4 runs=        2 filter=  0.433ms semisort=  0.005ms
[pe-async] round= 18 R=20 dirty=        2 runs=        1 filter=  0.419ms semisort=  0.004ms
[pe-async] round= 19 R=21 dirty=        0 filter=  0.487ms (clean break)
[pe-async] round=  0 R=2 dirty=   332750 runs=   166375 filter=  0.347ms semisort=  3.701ms
[pe-async] round=  1 R=3 dirty=   201678 runs=   136142 filter=  0.407ms semisort=  1.999ms
[pe-async] round=  2 R=4 dirty=   131072 runs=    95769 filter=  0.441ms semisort=  1.315ms
[pe-async] round=  3 R=5 dirty=    65536 runs=    32768 filter=  0.542ms semisort=  2.697ms
[pe-async] round=  4 R=6 dirty=    32768 runs=    16384 filter=  0.474ms semisort=  1.446ms
[pe-async] round=  5 R=7 dirty=    16384 runs=     8192 filter=  0.397ms semisort=  0.738ms
[pe-async] round=  6 R=8 dirty=     8192 runs=     4096 filter=  0.392ms semisort=  0.435ms
[pe-async] round=  7 R=9 dirty=     4096 runs=     2048 filter=  0.395ms semisort=  0.238ms
[pe-async] round=  8 R=10 dirty=     2048 runs=     1024 filter=  0.497ms semisort=  0.124ms
[pe-async] round=  9 R=11 dirty=     1024 runs=      512 filter=  0.369ms semisort=  0.108ms
[pe-async] round= 10 R=12 dirty=      512 runs=      256 filter=  0.377ms semisort=  0.087ms
[pe-async] round= 11 R=13 dirty=      256 runs=      128 filter=  0.368ms semisort=  0.068ms
[pe-async] round= 12 R=14 dirty=      128 runs=       64 filter=  0.384ms semisort=  0.035ms
[pe-async] round= 13 R=15 dirty=       64 runs=       32 filter=  0.397ms semisort=  0.019ms
[pe-async] round= 14 R=16 dirty=       32 runs=       16 filter=  0.407ms semisort=  0.011ms
[pe-async] round= 15 R=17 dirty=       16 runs=        8 filter=  0.509ms semisort=  0.008ms
[pe-async] round= 16 R=18 dirty=        8 runs=        4 filter=  0.481ms semisort=  0.006ms
[pe-async] round= 17 R=19 dirty=        4 runs=        2 filter=  0.408ms semisort=  0.005ms
[pe-async] round= 18 R=20 dirty=        2 runs=        1 filter=  0.434ms semisort=  0.004ms
[pe-async] round= 19 R=21 dirty=        0 filter=  0.499ms (clean break)
