[synthetic_bench] cube n=55 d=4 classes=499526 merges=55 ...
[pe] round=  0 work=      110 frontier=   332750 next=   166375 consolidate=  0.483ms frontier=  9.750ms semisort= 60.283ms (keyed= 9.192ms group_by=  0.678ms per_group=29.120ms)
[pe] round=  1 work=   166375 frontier=   332750 next=    61488 consolidate=113.357ms frontier=  3.932ms semisort= 51.128ms (keyed= 8.150ms group_by=  0.901ms per_group=20.006ms)
[pe] round=  2 work=    61488 frontier=   122976 next=    16384 consolidate= 40.283ms frontier=  1.705ms semisort= 22.710ms (keyed= 0.224ms group_by=  9.923ms per_group= 4.936ms)
[pe] round=  3 work=    16384 frontier=    32768 next=     4096 consolidate= 10.989ms frontier=  0.520ms semisort=  5.574ms (keyed= 0.063ms group_by=  2.240ms per_group= 1.281ms)
[pe] round=  4 work=     4096 frontier=     8192 next=     1024 consolidate=  2.626ms frontier=  0.096ms semisort=  1.112ms (keyed= 0.014ms group_by=  0.479ms per_group= 0.275ms)
[pe] round=  5 work=     1024 frontier=     2048 next=      256 consolidate=  0.662ms frontier=  0.020ms semisort=  0.209ms (keyed= 0.004ms group_by=  0.075ms per_group= 0.065ms)
[pe] round=  6 work=      256 frontier=      512 next=       64 consolidate=  0.124ms frontier=  0.007ms semisort=  0.047ms (keyed= 0.001ms group_by=  0.017ms per_group= 0.017ms)
[pe] round=  7 work=       64 frontier=      128 next=       16 consolidate=  0.030ms frontier=  0.002ms semisort=  0.014ms (keyed= 0.000ms group_by=  0.005ms per_group= 0.005ms)
[pe] round=  8 work=       16 frontier=       32 next=        4 consolidate=  0.008ms frontier=  0.001ms semisort=  0.005ms (keyed= 0.000ms group_by=  0.001ms per_group= 0.002ms)
[pe] round=  9 work=        4 frontier=        8 next=        1 consolidate=  0.003ms frontier=  0.001ms semisort=  0.002ms (keyed= 0.000ms group_by=  0.001ms per_group= 0.001ms)
[pe] round= 10 work=        1 (tail-skip: all parents empty)
[pe] round=  0 work=      110 frontier=   332750 next=   166375 consolidate=  0.358ms frontier=  8.584ms semisort= 58.487ms (keyed= 8.088ms group_by=  0.527ms per_group=29.198ms)
[pe] round=  1 work=   166375 frontier=   332750 next=    61488 consolidate=125.721ms frontier=  3.793ms semisort= 52.167ms (keyed= 8.030ms group_by=  0.825ms per_group=20.806ms)
[pe] round=  2 work=    61488 frontier=   122976 next=    16384 consolidate= 44.476ms frontier=  1.737ms semisort= 21.163ms (keyed= 0.224ms group_by=  8.580ms per_group= 4.891ms)
[pe] round=  3 work=    16384 frontier=    32768 next=     4096 consolidate= 12.214ms frontier=  0.515ms semisort=  5.490ms (keyed= 0.061ms group_by=  2.237ms per_group= 1.244ms)
[pe] round=  4 work=     4096 frontier=     8192 next=     1024 consolidate=  2.816ms frontier=  0.096ms semisort=  1.111ms (keyed= 0.014ms group_by=  0.474ms per_group= 0.279ms)
[pe] round=  5 work=     1024 frontier=     2048 next=      256 consolidate=  0.689ms frontier=  0.020ms semisort=  0.211ms (keyed= 0.004ms group_by=  0.075ms per_group= 0.067ms)
[pe] round=  6 work=      256 frontier=      512 next=       64 consolidate=  0.140ms frontier=  0.007ms semisort=  0.048ms (keyed= 0.001ms group_by=  0.018ms per_group= 0.017ms)
[pe] round=  7 work=       64 frontier=      128 next=       16 consolidate=  0.038ms frontier=  0.002ms semisort=  0.014ms (keyed= 0.000ms group_by=  0.005ms per_group= 0.005ms)
[pe] round=  8 work=       16 frontier=       32 next=        4 consolidate=  0.009ms frontier=  0.001ms semisort=  0.005ms (keyed= 0.000ms group_by=  0.001ms per_group= 0.002ms)
[pe] round=  9 work=        4 frontier=        8 next=        1 consolidate=  0.003ms frontier=  0.001ms semisort=  0.002ms (keyed= 0.000ms group_by=  0.000ms per_group= 0.001ms)
[pe] round= 10 work=        1 (tail-skip: all parents empty)
[pe] round=  0 work=      110 frontier=   332750 next=   166375 consolidate=  0.363ms frontier=  8.518ms semisort= 58.391ms (keyed= 8.089ms group_by=  0.522ms per_group=29.148ms)
[pe] round=  1 work=   166375 frontier=   332750 next=    61488 consolidate=124.381ms frontier=  3.795ms semisort= 52.101ms (keyed= 8.165ms group_by=  0.828ms per_group=20.895ms)
[pe] round=  2 work=    61488 frontier=   122976 next=    16384 consolidate= 44.715ms frontier=  1.628ms semisort= 21.253ms (keyed= 0.227ms group_by=  8.613ms per_group= 4.822ms)
[pe] round=  3 work=    16384 frontier=    32768 next=     4096 consolidate= 12.212ms frontier=  0.521ms semisort=  5.469ms (keyed= 0.062ms group_by=  2.242ms per_group= 1.221ms)
[pe] round=  4 work=     4096 frontier=     8192 next=     1024 consolidate=  2.885ms frontier=  0.095ms semisort=  1.101ms (keyed= 0.014ms group_by=  0.467ms per_group= 0.275ms)
[pe] round=  5 work=     1024 frontier=     2048 next=      256 consolidate=  0.700ms frontier=  0.020ms semisort=  0.208ms (keyed= 0.004ms group_by=  0.075ms per_group= 0.064ms)
[pe] round=  6 work=      256 frontier=      512 next=       64 consolidate=  0.147ms frontier=  0.007ms semisort=  0.047ms (keyed= 0.001ms group_by=  0.017ms per_group= 0.017ms)
[pe] round=  7 work=       64 frontier=      128 next=       16 consolidate=  0.035ms frontier=  0.002ms semisort=  0.013ms (keyed= 0.000ms group_by=  0.005ms per_group= 0.005ms)
[pe] round=  8 work=       16 frontier=       32 next=        4 consolidate=  0.015ms frontier=  0.001ms semisort=  0.005ms (keyed= 0.000ms group_by=  0.002ms per_group= 0.002ms)
[pe] round=  9 work=        4 frontier=        8 next=        1 consolidate=  0.003ms frontier=  0.001ms semisort=  0.002ms (keyed= 0.000ms group_by=  0.000ms per_group= 0.001ms)
[pe] round= 10 work=        1 (tail-skip: all parents empty)
[pe] round=  0 work=      110 frontier=   332750 next=   166375 consolidate=  0.363ms frontier=  8.575ms semisort= 58.499ms (keyed= 8.091ms group_by=  0.525ms per_group=29.275ms)
[pe] round=  1 work=   166375 frontier=   332750 next=    61488 consolidate=125.105ms frontier=  3.791ms semisort= 52.557ms (keyed= 8.164ms group_by=  0.828ms per_group=21.065ms)
[pe] round=  2 work=    61488 frontier=   122976 next=    16384 consolidate= 45.234ms frontier=  1.705ms semisort= 20.943ms (keyed= 0.228ms group_by=  8.579ms per_group= 4.711ms)
[pe] round=  3 work=    16384 frontier=    32768 next=     4096 consolidate= 12.321ms frontier=  0.526ms semisort=  5.338ms (keyed= 0.060ms group_by=  2.120ms per_group= 1.218ms)
[pe] round=  4 work=     4096 frontier=     8192 next=     1024 consolidate=  2.868ms frontier=  0.096ms semisort=  1.107ms (keyed= 0.014ms group_by=  0.469ms per_group= 0.273ms)
[pe] round=  5 work=     1024 frontier=     2048 next=      256 consolidate=  0.706ms frontier=  0.020ms semisort=  0.211ms (keyed= 0.004ms group_by=  0.076ms per_group= 0.066ms)
[pe] round=  6 work=      256 frontier=      512 next=       64 consolidate=  0.153ms frontier=  0.007ms semisort=  0.048ms (keyed= 0.001ms group_by=  0.017ms per_group= 0.017ms)
[pe] round=  7 work=       64 frontier=      128 next=       16 consolidate=  0.037ms frontier=  0.002ms semisort=  0.014ms (keyed= 0.000ms group_by=  0.005ms per_group= 0.005ms)
[pe] round=  8 work=       16 frontier=       32 next=        4 consolidate=  0.010ms frontier=  0.001ms semisort=  0.005ms (keyed= 0.000ms group_by=  0.001ms per_group= 0.002ms)
[pe] round=  9 work=        4 frontier=        8 next=        1 consolidate=  0.007ms frontier=  0.001ms semisort=  0.003ms (keyed= 0.000ms group_by=  0.001ms per_group= 0.001ms)
[pe] round= 10 work=        1 (tail-skip: all parents empty)
[pe] round=  0 work=      110 frontier=   332750 next=   166375 consolidate=  0.352ms frontier=  8.824ms semisort= 58.478ms (keyed= 8.089ms group_by=  0.527ms per_group=29.216ms)
[pe] round=  1 work=   166375 frontier=   332750 next=    61488 consolidate=124.445ms frontier=  3.831ms semisort= 52.740ms (keyed= 8.154ms group_by=  0.821ms per_group=21.106ms)
[pe] round=  2 work=    61488 frontier=   122976 next=    16384 consolidate= 45.479ms frontier=  1.701ms semisort= 21.121ms (keyed= 0.224ms group_by=  8.598ms per_group= 4.813ms)
[pe] round=  3 work=    16384 frontier=    32768 next=     4096 consolidate= 12.351ms frontier=  0.524ms semisort=  5.360ms (keyed= 0.063ms group_by=  2.125ms per_group= 1.228ms)
[pe] round=  4 work=     4096 frontier=     8192 next=     1024 consolidate=  2.827ms frontier=  0.097ms semisort=  1.102ms (keyed= 0.014ms group_by=  0.461ms per_group= 0.278ms)
[pe] round=  5 work=     1024 frontier=     2048 next=      256 consolidate=  0.704ms frontier=  0.020ms semisort=  0.208ms (keyed= 0.004ms group_by=  0.075ms per_group= 0.064ms)
[pe] round=  6 work=      256 frontier=      512 next=       64 consolidate=  0.148ms frontier=  0.007ms semisort=  0.051ms (keyed= 0.001ms group_by=  0.017ms per_group= 0.017ms)
[pe] round=  7 work=       64 frontier=      128 next=       16 consolidate=  0.037ms frontier=  0.002ms semisort=  0.013ms (keyed= 0.000ms group_by=  0.005ms per_group= 0.005ms)
[pe] round=  8 work=       16 frontier=       32 next=        4 consolidate=  0.010ms frontier=  0.001ms semisort=  0.005ms (keyed= 0.000ms group_by=  0.001ms per_group= 0.002ms)
[pe] round=  9 work=        4 frontier=        8 next=        1 consolidate=  0.003ms frontier=  0.001ms semisort=  0.002ms (keyed= 0.000ms group_by=  0.001ms per_group= 0.001ms)
[pe] round= 10 work=        1 (tail-skip: all parents empty)
[pe] round=  0 work=      110 frontier=   332750 next=   166375 consolidate=  0.359ms frontier=  8.552ms semisort= 58.722ms (keyed= 8.083ms group_by=  0.530ms per_group=29.319ms)
[pe] round=  1 work=   166375 frontier=   332750 next=    61488 consolidate=124.445ms frontier=  3.809ms semisort= 52.402ms (keyed= 8.147ms group_by=  0.823ms per_group=21.127ms)
[pe] round=  2 work=    61488 frontier=   122976 next=    16384 consolidate= 45.542ms frontier=  1.686ms semisort= 21.196ms (keyed= 0.221ms group_by=  8.574ms per_group= 4.831ms)
[pe] round=  3 work=    16384 frontier=    32768 next=     4096 consolidate= 12.587ms frontier=  0.523ms semisort=  5.395ms (keyed= 0.061ms group_by=  2.133ms per_group= 1.240ms)
[pe] round=  4 work=     4096 frontier=     8192 next=     1024 consolidate=  2.852ms frontier=  0.099ms semisort=  1.113ms (keyed= 0.014ms group_by=  0.471ms per_group= 0.280ms)
[pe] round=  5 work=     1024 frontier=     2048 next=      256 consolidate=  0.700ms frontier=  0.020ms semisort=  0.214ms (keyed= 0.004ms group_by=  0.077ms per_group= 0.065ms)
[pe] round=  6 work=      256 frontier=      512 next=       64 consolidate=  0.149ms frontier=  0.007ms semisort=  0.048ms (keyed= 0.001ms group_by=  0.017ms per_group= 0.017ms)
[pe] round=  7 work=       64 frontier=      128 next=       16 consolidate=  0.037ms frontier=  0.002ms semisort=  0.014ms (keyed= 0.000ms group_by=  0.005ms per_group= 0.005ms)
[pe] round=  8 work=       16 frontier=       32 next=        4 consolidate=  0.010ms frontier=  0.001ms semisort=  0.005ms (keyed= 0.000ms group_by=  0.001ms per_group= 0.002ms)
[pe] round=  9 work=        4 frontier=        8 next=        1 consolidate=  0.003ms frontier=  0.001ms semisort=  0.002ms (keyed= 0.000ms group_by=  0.000ms per_group= 0.000ms)
[pe] round= 10 work=        1 (tail-skip: all parents empty)
[pe-async] round=  0 R=2 dirty=   332750 runs=   166375 filter=  4.094ms semisort= 37.533ms
[pe-async] round=  1 R=3 dirty=   131054 runs=    69566 filter=  4.605ms semisort= 15.895ms
[pe-async] round=  2 R=4 dirty=    32768 runs=    16384 filter=  4.570ms semisort=  3.870ms
[pe-async] round=  3 R=5 dirty=     8192 runs=     4096 filter=  4.516ms semisort=  1.138ms
[pe-async] round=  4 R=6 dirty=     2048 runs=     1024 filter=  4.375ms semisort=  0.288ms
[pe-async] round=  5 R=7 dirty=      512 runs=      256 filter=  4.383ms semisort=  0.084ms
[pe-async] round=  6 R=8 dirty=      128 runs=       64 filter=  4.378ms semisort=  0.029ms
[pe-async] round=  7 R=9 dirty=       32 runs=       16 filter=  4.242ms semisort=  0.011ms
[pe-async] round=  8 R=10 dirty=        8 runs=        4 filter=  4.258ms semisort=  0.006ms
[pe-async] round=  9 R=11 dirty=        2 runs=        1 filter=  4.251ms semisort=  0.005ms
[pe-async] round= 10 R=12 dirty=        0 filter=  4.266ms (clean break)
[pe-async] round=  0 R=2 dirty=   332750 runs=   166375 filter=  3.465ms semisort= 35.639ms
[pe-async] round=  1 R=3 dirty=   131054 runs=    69566 filter=  4.213ms semisort= 15.203ms
[pe-async] round=  2 R=4 dirty=    32768 runs=    16384 filter=  4.362ms semisort=  3.917ms
[pe-async] round=  3 R=5 dirty=     8192 runs=     4096 filter=  4.259ms semisort=  1.122ms
[pe-async] round=  4 R=6 dirty=     2048 runs=     1024 filter=  4.291ms semisort=  0.290ms
[pe-async] round=  5 R=7 dirty=      512 runs=      256 filter=  4.227ms semisort=  0.089ms
[pe-async] round=  6 R=8 dirty=      128 runs=       64 filter=  4.100ms semisort=  0.029ms
[pe-async] round=  7 R=9 dirty=       32 runs=       16 filter=  4.089ms semisort=  0.010ms
[pe-async] round=  8 R=10 dirty=        8 runs=        4 filter=  4.082ms semisort=  0.006ms
[pe-async] round=  9 R=11 dirty=        2 runs=        1 filter=  4.203ms semisort=  0.004ms
[pe-async] round= 10 R=12 dirty=        0 filter=  4.070ms (clean break)
[pe-async] round=  0 R=2 dirty=   332750 runs=   166375 filter=  3.448ms semisort= 35.687ms
[pe-async] round=  1 R=3 dirty=   131054 runs=    69566 filter=  4.185ms semisort= 15.207ms
[pe-async] round=  2 R=4 dirty=    32768 runs=    16384 filter=  4.478ms semisort=  3.967ms
[pe-async] round=  3 R=5 dirty=     8192 runs=     4096 filter=  4.311ms semisort=  1.134ms
[pe-async] round=  4 R=6 dirty=     2048 runs=     1024 filter=  4.255ms semisort=  0.294ms
[pe-async] round=  5 R=7 dirty=      512 runs=      256 filter=  4.115ms semisort=  0.088ms
[pe-async] round=  6 R=8 dirty=      128 runs=       64 filter=  4.099ms semisort=  0.028ms
[pe-async] round=  7 R=9 dirty=       32 runs=       16 filter=  4.091ms semisort=  0.010ms
[pe-async] round=  8 R=10 dirty=        8 runs=        4 filter=  4.083ms semisort=  0.006ms
[pe-async] round=  9 R=11 dirty=        2 runs=        1 filter=  4.207ms semisort=  0.004ms
[pe-async] round= 10 R=12 dirty=        0 filter=  4.082ms (clean break)
[pe-async] round=  0 R=2 dirty=   332750 runs=   166375 filter=  3.453ms semisort= 35.674ms
[pe-async] round=  1 R=3 dirty=   131054 runs=    69566 filter=  4.189ms semisort= 15.178ms
[pe-async] round=  2 R=4 dirty=    32768 runs=    16384 filter=  4.415ms semisort=  3.909ms
[pe-async] round=  3 R=5 dirty=     8192 runs=     4096 filter=  4.305ms semisort=  1.126ms
[pe-async] round=  4 R=6 dirty=     2048 runs=     1024 filter=  4.272ms semisort=  0.291ms
[pe-async] round=  5 R=7 dirty=      512 runs=      256 filter=  4.102ms semisort=  0.085ms
[pe-async] round=  6 R=8 dirty=      128 runs=       64 filter=  4.085ms semisort=  0.029ms
[pe-async] round=  7 R=9 dirty=       32 runs=       16 filter=  4.086ms semisort=  0.011ms
[pe-async] round=  8 R=10 dirty=        8 runs=        4 filter=  4.212ms semisort=  0.006ms
[pe-async] round=  9 R=11 dirty=        2 runs=        1 filter=  4.093ms semisort=  0.004ms
[pe-async] round= 10 R=12 dirty=        0 filter=  4.082ms (clean break)
[pe-async] round=  0 R=2 dirty=   332750 runs=   166375 filter=  3.442ms semisort= 35.684ms
[pe-async] round=  1 R=3 dirty=   131054 runs=    69566 filter=  4.099ms semisort= 15.263ms
[pe-async] round=  2 R=4 dirty=    32768 runs=    16384 filter=  4.445ms semisort=  3.939ms
[pe-async] round=  3 R=5 dirty=     8192 runs=     4096 filter=  4.339ms semisort=  1.138ms
[pe-async] round=  4 R=6 dirty=     2048 runs=     1024 filter=  4.172ms semisort=  0.292ms
[pe-async] round=  5 R=7 dirty=      512 runs=      256 filter=  4.144ms semisort=  0.089ms
[pe-async] round=  6 R=8 dirty=      128 runs=       64 filter=  4.151ms semisort=  0.028ms
[pe-async] round=  7 R=9 dirty=       32 runs=       16 filter=  4.145ms semisort=  0.011ms
[pe-async] round=  8 R=10 dirty=        8 runs=        4 filter=  4.146ms semisort=  0.006ms
[pe-async] round=  9 R=11 dirty=        2 runs=        1 filter=  4.145ms semisort=  0.004ms
[pe-async] round= 10 R=12 dirty=        0 filter=  4.128ms (clean break)
[pe-async] round=  0 R=2 dirty=   332750 runs=   166375 filter=  3.455ms semisort= 35.988ms
[pe-async] round=  1 R=3 dirty=   131054 runs=    69566 filter=  4.196ms semisort= 15.199ms
[pe-async] round=  2 R=4 dirty=    32768 runs=    16384 filter=  4.442ms semisort=  3.867ms
[pe-async] round=  3 R=5 dirty=     8192 runs=     4096 filter=  4.336ms semisort=  1.133ms
[pe-async] round=  4 R=6 dirty=     2048 runs=     1024 filter=  4.168ms semisort=  0.290ms
[pe-async] round=  5 R=7 dirty=      512 runs=      256 filter=  4.141ms semisort=  0.089ms
[pe-async] round=  6 R=8 dirty=      128 runs=       64 filter=  4.128ms semisort=  0.028ms
[pe-async] round=  7 R=9 dirty=       32 runs=       16 filter=  4.130ms semisort=  0.011ms
[pe-async] round=  8 R=10 dirty=        8 runs=        4 filter=  4.133ms semisort=  0.006ms
[pe-async] round=  9 R=11 dirty=        2 runs=        1 filter=  4.124ms semisort=  0.004ms
[pe-async] round= 10 R=12 dirty=        0 filter=  4.120ms (clean break)
