[synthetic_bench] cube n=30 d=4 classes=87998 merges=30 ...
[pe] round=  0 work=       60 frontier=   162000 next=    27000 consolidate=  0.123ms frontier=  0.032ms semisort=  7.610ms (keyed= 0.596ms group_by=  6.023ms per_group= 0.528ms)
[pe] round=  1 work=    27000 frontier=    54000 next=    11688 consolidate=  1.031ms frontier=  0.357ms semisort=  1.311ms (keyed= 0.032ms group_by=  0.690ms per_group= 0.253ms)
[pe] round=  2 work=    11688 frontier=    23376 next=     3916 consolidate=  0.759ms frontier=  0.272ms semisort=  1.334ms (keyed= 0.019ms group_by=  0.482ms per_group= 0.210ms)
[pe] round=  3 work=     3916 frontier=     7832 next=     1024 consolidate=  0.430ms frontier=  0.120ms semisort=  0.783ms (keyed= 0.017ms group_by=  0.577ms per_group= 0.086ms)
[pe] round=  4 work=     1024 frontier=     2048 next=      256 consolidate=  0.175ms frontier=  0.056ms semisort=  0.235ms (keyed= 0.008ms group_by=  0.138ms per_group= 0.036ms)
[pe] round=  5 work=      256 frontier=      512 next=       64 consolidate=  0.081ms frontier=  0.020ms semisort=  0.080ms (keyed= 0.003ms group_by=  0.035ms per_group= 0.017ms)
[pe] round=  6 work=       64 frontier=      128 next=       16 consolidate=  0.032ms frontier=  0.006ms semisort=  0.022ms (keyed= 0.001ms group_by=  0.009ms per_group= 0.007ms)
[pe] round=  7 work=       16 frontier=       32 next=        4 consolidate=  0.014ms frontier=  0.003ms semisort=  0.007ms (keyed= 0.000ms group_by=  0.002ms per_group= 0.002ms)
[pe] round=  8 work=        4 frontier=        8 next=        1 consolidate=  0.004ms frontier=  0.001ms semisort=  0.003ms (keyed= 0.000ms group_by=  0.001ms per_group= 0.001ms)
[pe] round=  9 work=        1 (tail-skip: all parents empty)
[pe] round=  0 work=       60 frontier=   162000 next=    27000 consolidate=  0.077ms frontier=  0.032ms semisort=  2.604ms (keyed= 0.041ms group_by=  1.785ms per_group= 0.427ms)
[pe] round=  1 work=    27000 frontier=    54000 next=    11688 consolidate=  0.901ms frontier=  0.180ms semisort=  1.264ms (keyed= 0.030ms group_by=  0.646ms per_group= 0.253ms)
[pe] round=  2 work=    11688 frontier=    23376 next=     3916 consolidate=  0.553ms frontier=  0.287ms semisort=  1.033ms (keyed= 0.023ms group_by=  0.398ms per_group= 0.161ms)
[pe] round=  3 work=     3916 frontier=     7832 next=     1024 consolidate=  0.456ms frontier=  0.174ms semisort=  0.717ms (keyed= 0.017ms group_by=  0.510ms per_group= 0.079ms)
[pe] round=  4 work=     1024 frontier=     2048 next=      256 consolidate=  0.164ms frontier=  0.058ms semisort=  0.226ms (keyed= 0.007ms group_by=  0.132ms per_group= 0.035ms)
[pe] round=  5 work=      256 frontier=      512 next=       64 consolidate=  0.109ms frontier=  0.019ms semisort=  0.080ms (keyed= 0.003ms group_by=  0.035ms per_group= 0.017ms)
[pe] round=  6 work=       64 frontier=      128 next=       16 consolidate=  0.034ms frontier=  0.006ms semisort=  0.026ms (keyed= 0.001ms group_by=  0.009ms per_group= 0.010ms)
[pe] round=  7 work=       16 frontier=       32 next=        4 consolidate=  0.018ms frontier=  0.003ms semisort=  0.007ms (keyed= 0.000ms group_by=  0.002ms per_group= 0.002ms)
[pe] round=  8 work=        4 frontier=        8 next=        1 consolidate=  0.005ms frontier=  0.001ms semisort=  0.003ms (keyed= 0.000ms group_by=  0.001ms per_group= 0.001ms)
[pe] round=  9 work=        1 (tail-skip: all parents empty)
[pe] round=  0 work=       60 frontier=   162000 next=    27000 consolidate=  0.088ms frontier=  0.032ms semisort=  2.624ms (keyed= 0.060ms group_by=  1.758ms per_group= 0.443ms)
[pe] round=  1 work=    27000 frontier=    54000 next=    11688 consolidate=  0.970ms frontier=  0.182ms semisort=  1.217ms (keyed= 0.029ms group_by=  0.618ms per_group= 0.258ms)
[pe] round=  2 work=    11688 frontier=    23376 next=     3916 consolidate=  0.570ms frontier=  0.141ms semisort=  0.916ms (keyed= 0.021ms group_by=  0.305ms per_group= 0.168ms)
[pe] round=  3 work=     3916 frontier=     7832 next=     1024 consolidate=  0.447ms frontier=  0.131ms semisort=  0.745ms (keyed= 0.023ms group_by=  0.537ms per_group= 0.066ms)
[pe] round=  4 work=     1024 frontier=     2048 next=      256 consolidate=  0.172ms frontier=  0.050ms semisort=  0.212ms (keyed= 0.008ms group_by=  0.111ms per_group= 0.038ms)
[pe] round=  5 work=      256 frontier=      512 next=       64 consolidate=  0.117ms frontier=  0.020ms semisort=  0.082ms (keyed= 0.003ms group_by=  0.034ms per_group= 0.017ms)
[pe] round=  6 work=       64 frontier=      128 next=       16 consolidate=  0.032ms frontier=  0.006ms semisort=  0.026ms (keyed= 0.001ms group_by=  0.009ms per_group= 0.010ms)
[pe] round=  7 work=       16 frontier=       32 next=        4 consolidate=  0.017ms frontier=  0.003ms semisort=  0.007ms (keyed= 0.000ms group_by=  0.002ms per_group= 0.002ms)
[pe] round=  8 work=        4 frontier=        8 next=        1 consolidate=  0.005ms frontier=  0.001ms semisort=  0.003ms (keyed= 0.000ms group_by=  0.001ms per_group= 0.001ms)
[pe] round=  9 work=        1 (tail-skip: all parents empty)
[pe] round=  0 work=       60 frontier=   162000 next=    27000 consolidate=  0.073ms frontier=  0.035ms semisort=  2.524ms (keyed= 0.059ms group_by=  1.670ms per_group= 0.436ms)
[pe] round=  1 work=    27000 frontier=    54000 next=    11688 consolidate=  0.944ms frontier=  0.175ms semisort=  1.213ms (keyed= 0.029ms group_by=  0.608ms per_group= 0.256ms)
[pe] round=  2 work=    11688 frontier=    23376 next=     3916 consolidate=  0.570ms frontier=  0.143ms semisort=  0.848ms (keyed= 0.017ms group_by=  0.373ms per_group= 0.139ms)
[pe] round=  3 work=     3916 frontier=     7832 next=     1024 consolidate=  0.546ms frontier=  0.135ms semisort=  0.753ms (keyed= 0.016ms group_by=  0.558ms per_group= 0.072ms)
[pe] round=  4 work=     1024 frontier=     2048 next=      256 consolidate=  0.161ms frontier=  0.053ms semisort=  0.229ms (keyed= 0.007ms group_by=  0.135ms per_group= 0.033ms)
[pe] round=  5 work=      256 frontier=      512 next=       64 consolidate=  0.098ms frontier=  0.019ms semisort=  0.086ms (keyed= 0.003ms group_by=  0.033ms per_group= 0.020ms)
[pe] round=  6 work=       64 frontier=      128 next=       16 consolidate=  0.037ms frontier=  0.006ms semisort=  0.024ms (keyed= 0.001ms group_by=  0.009ms per_group= 0.009ms)
[pe] round=  7 work=       16 frontier=       32 next=        4 consolidate=  0.017ms frontier=  0.003ms semisort=  0.008ms (keyed= 0.000ms group_by=  0.003ms per_group= 0.002ms)
[pe] round=  8 work=        4 frontier=        8 next=        1 consolidate=  0.006ms frontier=  0.001ms semisort=  0.003ms (keyed= 0.000ms group_by=  0.001ms per_group= 0.001ms)
[pe] round=  9 work=        1 (tail-skip: all parents empty)
[pe] round=  0 work=       60 frontier=   162000 next=    27000 consolidate=  0.052ms frontier=  0.034ms semisort=  2.461ms (keyed= 0.055ms group_by=  1.610ms per_group= 0.448ms)
[pe] round=  1 work=    27000 frontier=    54000 next=    11688 consolidate=  0.919ms frontier=  0.181ms semisort=  1.249ms (keyed= 0.036ms group_by=  0.627ms per_group= 0.270ms)
[pe] round=  2 work=    11688 frontier=    23376 next=     3916 consolidate=  0.565ms frontier=  0.144ms semisort=  0.758ms (keyed= 0.015ms group_by=  0.279ms per_group= 0.154ms)
[pe] round=  3 work=     3916 frontier=     7832 next=     1024 consolidate=  0.435ms frontier=  0.179ms semisort=  0.727ms (keyed= 0.013ms group_by=  0.550ms per_group= 0.068ms)
[pe] round=  4 work=     1024 frontier=     2048 next=      256 consolidate=  0.159ms frontier=  0.058ms semisort=  0.212ms (keyed= 0.007ms group_by=  0.119ms per_group= 0.037ms)
[pe] round=  5 work=      256 frontier=      512 next=       64 consolidate=  0.082ms frontier=  0.019ms semisort=  0.083ms (keyed= 0.003ms group_by=  0.034ms per_group= 0.018ms)
[pe] round=  6 work=       64 frontier=      128 next=       16 consolidate=  0.026ms frontier=  0.006ms semisort=  0.025ms (keyed= 0.001ms group_by=  0.009ms per_group= 0.009ms)
[pe] round=  7 work=       16 frontier=       32 next=        4 consolidate=  0.016ms frontier=  0.003ms semisort=  0.007ms (keyed= 0.000ms group_by=  0.002ms per_group= 0.002ms)
[pe] round=  8 work=        4 frontier=        8 next=        1 consolidate=  0.005ms frontier=  0.001ms semisort=  0.003ms (keyed= 0.000ms group_by=  0.001ms per_group= 0.001ms)
[pe] round=  9 work=        1 (tail-skip: all parents empty)
[pe] round=  0 work=       60 frontier=   162000 next=    27000 consolidate=  0.057ms frontier=  0.033ms semisort=  2.317ms (keyed= 0.061ms group_by=  1.478ms per_group= 0.443ms)
[pe] round=  1 work=    27000 frontier=    54000 next=    11688 consolidate=  0.960ms frontier=  0.186ms semisort=  1.215ms (keyed= 0.030ms group_by=  0.616ms per_group= 0.261ms)
[pe] round=  2 work=    11688 frontier=    23376 next=     3916 consolidate=  0.546ms frontier=  0.146ms semisort=  0.767ms (keyed= 0.020ms group_by=  0.287ms per_group= 0.162ms)
[pe] round=  3 work=     3916 frontier=     7832 next=     1024 consolidate=  0.451ms frontier=  0.160ms semisort=  0.741ms (keyed= 0.027ms group_by=  0.558ms per_group= 0.061ms)
[pe] round=  4 work=     1024 frontier=     2048 next=      256 consolidate=  0.165ms frontier=  0.047ms semisort=  0.238ms (keyed= 0.008ms group_by=  0.137ms per_group= 0.038ms)
[pe] round=  5 work=      256 frontier=      512 next=       64 consolidate=  0.080ms frontier=  0.020ms semisort=  0.094ms (keyed= 0.003ms group_by=  0.034ms per_group= 0.026ms)
[pe] round=  6 work=       64 frontier=      128 next=       16 consolidate=  0.033ms frontier=  0.006ms semisort=  0.025ms (keyed= 0.001ms group_by=  0.010ms per_group= 0.008ms)
[pe] round=  7 work=       16 frontier=       32 next=        4 consolidate=  0.018ms frontier=  0.003ms semisort=  0.007ms (keyed= 0.000ms group_by=  0.002ms per_group= 0.003ms)
[pe] round=  8 work=        4 frontier=        8 next=        1 consolidate=  0.005ms frontier=  0.001ms semisort=  0.003ms (keyed= 0.000ms group_by=  0.001ms per_group= 0.001ms)
[pe] round=  9 work=        1 (tail-skip: all parents empty)
[pe-async] round=  0 R=2 dirty=    54000 runs=    27000 filter=  0.107ms semisort=  2.237ms
[pe-async] round=  1 R=3 dirty=    29904 runs=    18216 filter=  0.070ms semisort=  1.111ms
[pe-async] round=  2 R=4 dirty=     8192 runs=     4276 filter=  0.086ms semisort=  0.360ms
[pe-async] round=  3 R=5 dirty=     2048 runs=     1024 filter=  0.070ms semisort=  0.163ms
[pe-async] round=  4 R=6 dirty=      512 runs=      256 filter=  0.072ms semisort=  0.053ms
[pe-async] round=  5 R=7 dirty=      128 runs=       64 filter=  0.062ms semisort=  0.038ms
[pe-async] round=  6 R=8 dirty=       32 runs=       16 filter=  0.071ms semisort=  0.018ms
[pe-async] round=  7 R=9 dirty=        8 runs=        4 filter=  0.073ms semisort=  0.006ms
[pe-async] round=  8 R=10 dirty=        2 runs=        1 filter=  0.073ms semisort=  0.004ms
[pe-async] round=  9 R=11 dirty=        0 filter=  0.075ms (clean break)
[pe-async] round=  0 R=2 dirty=    54000 runs=    27000 filter=  0.099ms semisort=  2.198ms
[pe-async] round=  1 R=3 dirty=    29904 runs=    18216 filter=  0.092ms semisort=  1.108ms
[pe-async] round=  2 R=4 dirty=     8192 runs=     4276 filter=  0.079ms semisort=  0.364ms
[pe-async] round=  3 R=5 dirty=     2048 runs=     1024 filter=  0.072ms semisort=  0.162ms
[pe-async] round=  4 R=6 dirty=      512 runs=      256 filter=  0.073ms semisort=  0.057ms
[pe-async] round=  5 R=7 dirty=      128 runs=       64 filter=  0.075ms semisort=  0.033ms
[pe-async] round=  6 R=8 dirty=       32 runs=       16 filter=  0.072ms semisort=  0.015ms
[pe-async] round=  7 R=9 dirty=        8 runs=        4 filter=  0.074ms semisort=  0.005ms
[pe-async] round=  8 R=10 dirty=        2 runs=        1 filter=  0.065ms semisort=  0.003ms
[pe-async] round=  9 R=11 dirty=        0 filter=  0.080ms (clean break)
[pe-async] round=  0 R=2 dirty=    54000 runs=    27000 filter=  0.122ms semisort=  2.200ms
[pe-async] round=  1 R=3 dirty=    29904 runs=    18216 filter=  0.072ms semisort=  1.138ms
[pe-async] round=  2 R=4 dirty=     8192 runs=     4276 filter=  0.088ms semisort=  0.349ms
[pe-async] round=  3 R=5 dirty=     2048 runs=     1024 filter=  0.076ms semisort=  0.160ms
[pe-async] round=  4 R=6 dirty=      512 runs=      256 filter=  0.072ms semisort=  0.056ms
[pe-async] round=  5 R=7 dirty=      128 runs=       64 filter=  0.071ms semisort=  0.035ms
[pe-async] round=  6 R=8 dirty=       32 runs=       16 filter=  0.067ms semisort=  0.014ms
[pe-async] round=  7 R=9 dirty=        8 runs=        4 filter=  0.071ms semisort=  0.006ms
[pe-async] round=  8 R=10 dirty=        2 runs=        1 filter=  0.069ms semisort=  0.004ms
[pe-async] round=  9 R=11 dirty=        0 filter=  0.068ms (clean break)
[pe-async] round=  0 R=2 dirty=    54000 runs=    27000 filter=  0.158ms semisort=  2.194ms
[pe-async] round=  1 R=3 dirty=    29904 runs=    18216 filter=  0.092ms semisort=  1.148ms
[pe-async] round=  2 R=4 dirty=     8192 runs=     4276 filter=  0.083ms semisort=  0.342ms
[pe-async] round=  3 R=5 dirty=     2048 runs=     1024 filter=  0.068ms semisort=  0.170ms
[pe-async] round=  4 R=6 dirty=      512 runs=      256 filter=  0.063ms semisort=  0.049ms
[pe-async] round=  5 R=7 dirty=      128 runs=       64 filter=  0.071ms semisort=  0.038ms
[pe-async] round=  6 R=8 dirty=       32 runs=       16 filter=  0.069ms semisort=  0.014ms
[pe-async] round=  7 R=9 dirty=        8 runs=        4 filter=  0.072ms semisort=  0.006ms
[pe-async] round=  8 R=10 dirty=        2 runs=        1 filter=  0.076ms semisort=  0.003ms
[pe-async] round=  9 R=11 dirty=        0 filter=  0.069ms (clean break)
[pe-async] round=  0 R=2 dirty=    54000 runs=    27000 filter=  0.099ms semisort=  2.172ms
[pe-async] round=  1 R=3 dirty=    29904 runs=    18216 filter=  0.076ms semisort=  1.116ms
[pe-async] round=  2 R=4 dirty=     8192 runs=     4276 filter=  0.075ms semisort=  0.339ms
[pe-async] round=  3 R=5 dirty=     2048 runs=     1024 filter=  0.066ms semisort=  0.125ms
[pe-async] round=  4 R=6 dirty=      512 runs=      256 filter=  0.067ms semisort=  0.051ms
[pe-async] round=  5 R=7 dirty=      128 runs=       64 filter=  0.072ms semisort=  0.038ms
[pe-async] round=  6 R=8 dirty=       32 runs=       16 filter=  0.068ms semisort=  0.015ms
[pe-async] round=  7 R=9 dirty=        8 runs=        4 filter=  0.063ms semisort=  0.006ms
[pe-async] round=  8 R=10 dirty=        2 runs=        1 filter=  0.068ms semisort=  0.004ms
[pe-async] round=  9 R=11 dirty=        0 filter=  0.072ms (clean break)
[pe-async] round=  0 R=2 dirty=    54000 runs=    27000 filter=  0.158ms semisort=  2.179ms
[pe-async] round=  1 R=3 dirty=    29904 runs=    18216 filter=  0.102ms semisort=  1.129ms
[pe-async] round=  2 R=4 dirty=     8192 runs=     4276 filter=  0.074ms semisort=  0.344ms
[pe-async] round=  3 R=5 dirty=     2048 runs=     1024 filter=  0.071ms semisort=  0.168ms
[pe-async] round=  4 R=6 dirty=      512 runs=      256 filter=  0.071ms semisort=  0.050ms
[pe-async] round=  5 R=7 dirty=      128 runs=       64 filter=  0.074ms semisort=  0.033ms
[pe-async] round=  6 R=8 dirty=       32 runs=       16 filter=  0.065ms semisort=  0.014ms
[pe-async] round=  7 R=9 dirty=        8 runs=        4 filter=  0.076ms semisort=  0.006ms
[pe-async] round=  8 R=10 dirty=        2 runs=        1 filter=  0.076ms semisort=  0.004ms
[pe-async] round=  9 R=11 dirty=        0 filter=  0.066ms (clean break)
