[synthetic_bench] cube n=130 d=4 classes=6704886 merges=130 ...
[pe] round=  0 work=      260 frontier=  4394000 next=  2197000 consolidate= 12.279ms frontier= 72.327ms semisort=612.858ms (keyed=67.607ms group_by=  6.519ms per_group=292.583ms)
[pe] round=  1 work=  2197000 frontier=  1692704 next=   805788 consolidate=925.963ms frontier= 64.924ms semisort=247.362ms (keyed=20.993ms group_by=  2.183ms per_group=114.262ms)
[pe] round=  2 work=   805788 frontier=   524288 next=   262144 consolidate=362.462ms frontier= 32.917ms semisort= 63.074ms (keyed= 6.594ms group_by=  0.482ms per_group=30.920ms)
[pe] round=  3 work=   262144 frontier=   131072 next=    65536 consolidate= 95.318ms frontier=  8.258ms semisort= 32.630ms (keyed= 0.172ms group_by= 14.079ms per_group=10.684ms)
[pe] round=  4 work=    65536 frontier=   131072 next=    16384 consolidate= 24.070ms frontier=  1.678ms semisort= 17.954ms (keyed= 0.137ms group_by=  8.738ms per_group= 2.977ms)
[pe] round=  5 work=    16384 frontier=    32768 next=     4096 consolidate=  6.400ms frontier=  0.438ms semisort=  4.344ms (keyed= 0.057ms group_by=  1.516ms per_group= 0.886ms)
[pe] round=  6 work=     4096 frontier=     8192 next=     1024 consolidate=  1.942ms frontier=  0.128ms semisort=  1.290ms (keyed= 0.021ms group_by=  0.588ms per_group= 0.303ms)
[pe] round=  7 work=     1024 frontier=     2048 next=      256 consolidate=  0.592ms frontier=  0.039ms semisort=  0.354ms (keyed= 0.004ms group_by=  0.110ms per_group= 0.136ms)
[pe] round=  8 work=      256 frontier=      512 next=       64 consolidate=  0.124ms frontier=  0.010ms semisort=  0.049ms (keyed= 0.001ms group_by=  0.018ms per_group= 0.017ms)
[pe] round=  9 work=       64 frontier=      128 next=       16 consolidate=  0.038ms frontier=  0.002ms semisort=  0.013ms (keyed= 0.000ms group_by=  0.004ms per_group= 0.005ms)
[pe] round= 10 work=       16 frontier=       32 next=        4 consolidate=  0.009ms frontier=  0.001ms semisort=  0.005ms (keyed= 0.000ms group_by=  0.001ms per_group= 0.002ms)
[pe] round= 11 work=        4 frontier=        8 next=        1 consolidate=  0.003ms frontier=  0.001ms semisort=  0.002ms (keyed= 0.000ms group_by=  0.000ms per_group= 0.001ms)
[pe] round= 12 work=        1 (tail-skip: all parents empty)
[pe] round=  0 work=      260 frontier=  4394000 next=  2197000 consolidate=  3.988ms frontier= 64.954ms semisort=588.743ms (keyed=59.147ms group_by=  3.950ms per_group=289.314ms)
[pe] round=  1 work=  2197000 frontier=  1692704 next=   805788 consolidate=1001.732ms frontier= 62.241ms semisort=250.000ms (keyed=21.079ms group_by=  2.076ms per_group=116.031ms)
[pe] round=  2 work=   805788 frontier=   524288 next=   262144 consolidate=380.723ms frontier= 33.083ms semisort= 66.210ms (keyed= 6.797ms group_by=  0.495ms per_group=32.508ms)
[pe] round=  3 work=   262144 frontier=   131072 next=    65536 consolidate=108.726ms frontier=  8.651ms semisort= 33.402ms (keyed= 0.191ms group_by= 14.270ms per_group=11.052ms)
[pe] round=  4 work=    65536 frontier=   131072 next=    16384 consolidate= 26.988ms frontier=  1.563ms semisort= 17.792ms (keyed= 0.136ms group_by=  8.226ms per_group= 3.174ms)
[pe] round=  5 work=    16384 frontier=    32768 next=     4096 consolidate=  7.121ms frontier=  0.487ms semisort=  4.323ms (keyed= 0.061ms group_by=  1.558ms per_group= 0.950ms)
[pe] round=  6 work=     4096 frontier=     8192 next=     1024 consolidate=  2.064ms frontier=  0.132ms semisort=  1.245ms (keyed= 0.022ms group_by=  0.577ms per_group= 0.255ms)
[pe] round=  7 work=     1024 frontier=     2048 next=      256 consolidate=  0.667ms frontier=  0.038ms semisort=  0.332ms (keyed= 0.004ms group_by=  0.105ms per_group= 0.127ms)
[pe] round=  8 work=      256 frontier=      512 next=       64 consolidate=  0.131ms frontier=  0.010ms semisort=  0.056ms (keyed= 0.001ms group_by=  0.024ms per_group= 0.017ms)
[pe] round=  9 work=       64 frontier=      128 next=       16 consolidate=  0.043ms frontier=  0.004ms semisort=  0.013ms (keyed= 0.000ms group_by=  0.004ms per_group= 0.005ms)
[pe] round= 10 work=       16 frontier=       32 next=        4 consolidate=  0.011ms frontier=  0.001ms semisort=  0.005ms (keyed= 0.000ms group_by=  0.001ms per_group= 0.002ms)
[pe] round= 11 work=        4 frontier=        8 next=        1 consolidate=  0.003ms frontier=  0.001ms semisort=  0.002ms (keyed= 0.000ms group_by=  0.001ms per_group= 0.001ms)
[pe] round= 12 work=        1 (tail-skip: all parents empty)
[pe] round=  0 work=      260 frontier=  4394000 next=  2197000 consolidate=  3.975ms frontier= 65.738ms semisort=602.742ms (keyed=58.980ms group_by=  4.073ms per_group=299.637ms)
[pe] round=  1 work=  2197000 frontier=  1692704 next=   805788 consolidate=987.331ms frontier= 62.019ms semisort=250.176ms (keyed=21.133ms group_by=  1.887ms per_group=116.121ms)
[pe] round=  2 work=   805788 frontier=   524288 next=   262144 consolidate=384.416ms frontier= 32.813ms semisort= 67.037ms (keyed= 6.506ms group_by=  0.485ms per_group=33.018ms)
[pe] round=  3 work=   262144 frontier=   131072 next=    65536 consolidate=111.417ms frontier=  8.887ms semisort= 33.966ms (keyed= 0.107ms group_by= 14.041ms per_group=11.901ms)
[pe] round=  4 work=    65536 frontier=   131072 next=    16384 consolidate= 28.007ms frontier=  1.485ms semisort= 17.409ms (keyed= 0.129ms group_by=  8.074ms per_group= 2.845ms)
[pe] round=  5 work=    16384 frontier=    32768 next=     4096 consolidate=  7.314ms frontier=  0.495ms semisort=  4.135ms (keyed= 0.057ms group_by=  1.482ms per_group= 0.834ms)
[pe] round=  6 work=     4096 frontier=     8192 next=     1024 consolidate=  2.130ms frontier=  0.134ms semisort=  1.395ms (keyed= 0.033ms group_by=  0.587ms per_group= 0.257ms)
[pe] round=  7 work=     1024 frontier=     2048 next=      256 consolidate=  0.687ms frontier=  0.041ms semisort=  0.333ms (keyed= 0.004ms group_by=  0.111ms per_group= 0.124ms)
[pe] round=  8 work=      256 frontier=      512 next=       64 consolidate=  0.136ms frontier=  0.011ms semisort=  0.116ms (keyed= 0.001ms group_by=  0.021ms per_group= 0.080ms)
[pe] round=  9 work=       64 frontier=      128 next=       16 consolidate=  0.046ms frontier=  0.002ms semisort=  0.014ms (keyed= 0.000ms group_by=  0.005ms per_group= 0.005ms)
[pe] round= 10 work=       16 frontier=       32 next=        4 consolidate=  0.012ms frontier=  0.001ms semisort=  0.005ms (keyed= 0.000ms group_by=  0.001ms per_group= 0.002ms)
[pe] round= 11 work=        4 frontier=        8 next=        1 consolidate=  0.004ms frontier=  0.001ms semisort=  0.002ms (keyed= 0.000ms group_by=  0.001ms per_group= 0.001ms)
[pe] round= 12 work=        1 (tail-skip: all parents empty)
[pe] round=  0 work=      260 frontier=  4394000 next=  2197000 consolidate=  4.003ms frontier= 66.287ms semisort=605.466ms (keyed=59.472ms group_by=  4.004ms per_group=303.229ms)
[pe] round=  1 work=  2197000 frontier=  1692704 next=   805788 consolidate=978.651ms frontier= 62.509ms semisort=251.580ms (keyed=21.400ms group_by=  1.894ms per_group=116.993ms)
[pe] round=  2 work=   805788 frontier=   524288 next=   262144 consolidate=380.673ms frontier= 32.525ms semisort= 68.025ms (keyed= 6.618ms group_by=  0.511ms per_group=33.456ms)
[pe] round=  3 work=   262144 frontier=   131072 next=    65536 consolidate=110.996ms frontier=  8.611ms semisort= 34.062ms (keyed= 0.114ms group_by= 14.006ms per_group=11.718ms)
[pe] round=  4 work=    65536 frontier=   131072 next=    16384 consolidate= 27.889ms frontier=  1.670ms semisort= 17.223ms (keyed= 0.137ms group_by=  7.988ms per_group= 2.949ms)
[pe] round=  5 work=    16384 frontier=    32768 next=     4096 consolidate=  7.189ms frontier=  0.486ms semisort=  4.193ms (keyed= 0.060ms group_by=  1.478ms per_group= 0.868ms)
[pe] round=  6 work=     4096 frontier=     8192 next=     1024 consolidate=  2.142ms frontier=  0.199ms semisort=  1.261ms (keyed= 0.029ms group_by=  0.623ms per_group= 0.219ms)
[pe] round=  7 work=     1024 frontier=     2048 next=      256 consolidate=  0.689ms frontier=  0.041ms semisort=  0.305ms (keyed= 0.004ms group_by=  0.118ms per_group= 0.087ms)
[pe] round=  8 work=      256 frontier=      512 next=       64 consolidate=  0.133ms frontier=  0.010ms semisort=  0.052ms (keyed= 0.001ms group_by=  0.020ms per_group= 0.017ms)
[pe] round=  9 work=       64 frontier=      128 next=       16 consolidate=  0.045ms frontier=  0.002ms semisort=  0.014ms (keyed= 0.000ms group_by=  0.004ms per_group= 0.005ms)
[pe] round= 10 work=       16 frontier=       32 next=        4 consolidate=  0.016ms frontier=  0.001ms semisort=  0.005ms (keyed= 0.000ms group_by=  0.001ms per_group= 0.002ms)
[pe] round= 11 work=        4 frontier=        8 next=        1 consolidate=  0.004ms frontier=  0.001ms semisort=  0.002ms (keyed= 0.000ms group_by=  0.001ms per_group= 0.001ms)
[pe] round= 12 work=        1 (tail-skip: all parents empty)
[pe] round=  0 work=      260 frontier=  4394000 next=  2197000 consolidate=  4.002ms frontier= 65.491ms semisort=608.904ms (keyed=59.271ms group_by=  3.852ms per_group=306.377ms)
[pe] round=  1 work=  2197000 frontier=  1692704 next=   805788 consolidate=975.948ms frontier= 62.211ms semisort=251.318ms (keyed=21.150ms group_by=  2.077ms per_group=116.998ms)
[pe] round=  2 work=   805788 frontier=   524288 next=   262144 consolidate=380.044ms frontier= 32.396ms semisort= 67.846ms (keyed= 6.527ms group_by=  0.523ms per_group=33.385ms)
[pe] round=  3 work=   262144 frontier=   131072 next=    65536 consolidate=110.282ms frontier=  8.772ms semisort= 34.592ms (keyed= 0.137ms group_by= 14.262ms per_group=12.104ms)
[pe] round=  4 work=    65536 frontier=   131072 next=    16384 consolidate= 27.911ms frontier=  1.691ms semisort= 17.510ms (keyed= 0.114ms group_by=  7.959ms per_group= 3.175ms)
[pe] round=  5 work=    16384 frontier=    32768 next=     4096 consolidate=  7.309ms frontier=  0.486ms semisort=  4.235ms (keyed= 0.055ms group_by=  1.628ms per_group= 0.897ms)
[pe] round=  6 work=     4096 frontier=     8192 next=     1024 consolidate=  2.176ms frontier=  0.180ms semisort=  1.239ms (keyed= 0.029ms group_by=  0.584ms per_group= 0.221ms)
[pe] round=  7 work=     1024 frontier=     2048 next=      256 consolidate=  0.609ms frontier=  0.037ms semisort=  0.271ms (keyed= 0.004ms group_by=  0.111ms per_group= 0.060ms)
[pe] round=  8 work=      256 frontier=      512 next=       64 consolidate=  0.137ms frontier=  0.011ms semisort=  0.118ms (keyed= 0.001ms group_by=  0.021ms per_group= 0.083ms)
[pe] round=  9 work=       64 frontier=      128 next=       16 consolidate=  0.046ms frontier=  0.002ms semisort=  0.014ms (keyed= 0.000ms group_by=  0.005ms per_group= 0.005ms)
[pe] round= 10 work=       16 frontier=       32 next=        4 consolidate=  0.011ms frontier=  0.001ms semisort=  0.005ms (keyed= 0.000ms group_by=  0.001ms per_group= 0.002ms)
[pe] round= 11 work=        4 frontier=        8 next=        1 consolidate=  0.004ms frontier=  0.001ms semisort=  0.002ms (keyed= 0.000ms group_by=  0.000ms per_group= 0.000ms)
[pe] round= 12 work=        1 (tail-skip: all parents empty)
[pe] round=  0 work=      260 frontier=  4394000 next=  2197000 consolidate=  4.017ms frontier= 72.896ms semisort=609.527ms (keyed=58.990ms group_by=  3.948ms per_group=305.769ms)
[pe] round=  1 work=  2197000 frontier=  1692704 next=   805788 consolidate=973.329ms frontier= 61.957ms semisort=250.346ms (keyed=21.060ms group_by=  1.907ms per_group=116.815ms)
[pe] round=  2 work=   805788 frontier=   524288 next=   262144 consolidate=378.975ms frontier= 32.511ms semisort= 68.055ms (keyed= 6.775ms group_by=  0.471ms per_group=33.315ms)
[pe] round=  3 work=   262144 frontier=   131072 next=    65536 consolidate=110.594ms frontier=  8.699ms semisort= 35.331ms (keyed= 0.201ms group_by= 14.157ms per_group=12.959ms)
[pe] round=  4 work=    65536 frontier=   131072 next=    16384 consolidate= 28.056ms frontier=  1.800ms semisort= 17.951ms (keyed= 0.199ms group_by=  8.047ms per_group= 3.398ms)
[pe] round=  5 work=    16384 frontier=    32768 next=     4096 consolidate=  7.359ms frontier=  0.429ms semisort=  4.365ms (keyed= 0.056ms group_by=  1.549ms per_group= 0.995ms)
[pe] round=  6 work=     4096 frontier=     8192 next=     1024 consolidate=  2.191ms frontier=  0.176ms semisort=  1.394ms (keyed= 0.024ms group_by=  0.579ms per_group= 0.339ms)
[pe] round=  7 work=     1024 frontier=     2048 next=      256 consolidate=  0.675ms frontier=  0.039ms semisort=  0.279ms (keyed= 0.004ms group_by=  0.114ms per_group= 0.063ms)
[pe] round=  8 work=      256 frontier=      512 next=       64 consolidate=  0.136ms frontier=  0.011ms semisort=  0.052ms (keyed= 0.001ms group_by=  0.021ms per_group= 0.017ms)
[pe] round=  9 work=       64 frontier=      128 next=       16 consolidate=  0.043ms frontier=  0.002ms semisort=  0.014ms (keyed= 0.000ms group_by=  0.004ms per_group= 0.005ms)
[pe] round= 10 work=       16 frontier=       32 next=        4 consolidate=  0.011ms frontier=  0.001ms semisort=  0.005ms (keyed= 0.000ms group_by=  0.001ms per_group= 0.002ms)
[pe] round= 11 work=        4 frontier=        8 next=        1 consolidate=  0.003ms frontier=  0.001ms semisort=  0.002ms (keyed= 0.000ms group_by=  0.000ms per_group= 0.000ms)
[pe] round= 12 work=        1 (tail-skip: all parents empty)
[pe-async] round=  0 R=2 dirty=  4394000 runs=  2197000 filter= 35.051ms semisort=358.663ms
[pe-async] round=  1 R=3 dirty=  1692704 runs=   886916 filter= 39.167ms semisort=146.865ms
[pe-async] round=  2 R=4 dirty=   524288 runs=   262144 filter= 45.156ms semisort= 40.081ms
[pe-async] round=  3 R=5 dirty=   131072 runs=    65536 filter= 42.447ms semisort= 11.145ms
[pe-async] round=  4 R=6 dirty=    32768 runs=    16384 filter= 40.594ms semisort=  3.833ms
[pe-async] round=  5 R=7 dirty=     8192 runs=     4096 filter= 39.161ms semisort=  1.129ms
[pe-async] round=  6 R=8 dirty=     2048 runs=     1024 filter= 37.883ms semisort=  0.409ms
[pe-async] round=  7 R=9 dirty=      512 runs=      256 filter= 37.307ms semisort=  0.115ms
[pe-async] round=  8 R=10 dirty=      128 runs=       64 filter= 37.003ms semisort=  0.035ms
[pe-async] round=  9 R=11 dirty=       32 runs=       16 filter= 36.683ms semisort=  0.015ms
[pe-async] round= 10 R=12 dirty=        8 runs=        4 filter= 36.740ms semisort=  0.010ms
[pe-async] round= 11 R=13 dirty=        2 runs=        1 filter= 36.634ms semisort=  0.006ms
[pe-async] round= 12 R=14 dirty=        0 filter= 36.438ms (clean break)
[pe-async] round=  0 R=2 dirty=  4394000 runs=  2197000 filter= 33.855ms semisort=352.145ms
[pe-async] round=  1 R=3 dirty=  1692704 runs=   886916 filter= 38.569ms semisort=143.319ms
[pe-async] round=  2 R=4 dirty=   524288 runs=   262144 filter= 44.545ms semisort= 39.885ms
[pe-async] round=  3 R=5 dirty=   131072 runs=    65536 filter= 42.263ms semisort= 11.146ms
[pe-async] round=  4 R=6 dirty=    32768 runs=    16384 filter= 40.583ms semisort=  3.619ms
[pe-async] round=  5 R=7 dirty=     8192 runs=     4096 filter= 38.831ms semisort=  1.107ms
[pe-async] round=  6 R=8 dirty=     2048 runs=     1024 filter= 37.592ms semisort=  0.392ms
[pe-async] round=  7 R=9 dirty=      512 runs=      256 filter= 36.984ms semisort=  0.107ms
[pe-async] round=  8 R=10 dirty=      128 runs=       64 filter= 36.617ms semisort=  0.037ms
[pe-async] round=  9 R=11 dirty=       32 runs=       16 filter= 36.507ms semisort=  0.015ms
[pe-async] round= 10 R=12 dirty=        8 runs=        4 filter= 36.258ms semisort=  0.009ms
[pe-async] round= 11 R=13 dirty=        2 runs=        1 filter= 36.067ms semisort=  0.006ms
[pe-async] round= 12 R=14 dirty=        0 filter= 36.091ms (clean break)
[pe-async] round=  0 R=2 dirty=  4394000 runs=  2197000 filter= 33.891ms semisort=352.022ms
[pe-async] round=  1 R=3 dirty=  1692704 runs=   886916 filter= 38.687ms semisort=143.469ms
[pe-async] round=  2 R=4 dirty=   524288 runs=   262144 filter= 44.567ms semisort= 39.809ms
[pe-async] round=  3 R=5 dirty=   131072 runs=    65536 filter= 42.116ms semisort= 11.271ms
[pe-async] round=  4 R=6 dirty=    32768 runs=    16384 filter= 40.652ms semisort=  3.701ms
[pe-async] round=  5 R=7 dirty=     8192 runs=     4096 filter= 38.989ms semisort=  1.223ms
[pe-async] round=  6 R=8 dirty=     2048 runs=     1024 filter= 37.594ms semisort=  0.380ms
[pe-async] round=  7 R=9 dirty=      512 runs=      256 filter= 37.032ms semisort=  0.117ms
[pe-async] round=  8 R=10 dirty=      128 runs=       64 filter= 36.618ms semisort=  0.038ms
[pe-async] round=  9 R=11 dirty=       32 runs=       16 filter= 36.567ms semisort=  0.016ms
[pe-async] round= 10 R=12 dirty=        8 runs=        4 filter= 36.441ms semisort=  0.010ms
[pe-async] round= 11 R=13 dirty=        2 runs=        1 filter= 36.373ms semisort=  0.008ms
[pe-async] round= 12 R=14 dirty=        0 filter= 36.348ms (clean break)
[pe-async] round=  0 R=2 dirty=  4394000 runs=  2197000 filter= 33.945ms semisort=350.896ms
[pe-async] round=  1 R=3 dirty=  1692704 runs=   886916 filter= 38.675ms semisort=143.092ms
[pe-async] round=  2 R=4 dirty=   524288 runs=   262144 filter= 44.544ms semisort= 39.992ms
[pe-async] round=  3 R=5 dirty=   131072 runs=    65536 filter= 42.257ms semisort= 11.234ms
[pe-async] round=  4 R=6 dirty=    32768 runs=    16384 filter= 40.855ms semisort=  3.892ms
[pe-async] round=  5 R=7 dirty=     8192 runs=     4096 filter= 38.996ms semisort=  1.096ms
[pe-async] round=  6 R=8 dirty=     2048 runs=     1024 filter= 37.784ms semisort=  0.385ms
[pe-async] round=  7 R=9 dirty=      512 runs=      256 filter= 37.130ms semisort=  0.115ms
[pe-async] round=  8 R=10 dirty=      128 runs=       64 filter= 36.772ms semisort=  0.035ms
[pe-async] round=  9 R=11 dirty=       32 runs=       16 filter= 36.560ms semisort=  0.015ms
[pe-async] round= 10 R=12 dirty=        8 runs=        4 filter= 36.364ms semisort=  0.009ms
[pe-async] round= 11 R=13 dirty=        2 runs=        1 filter= 36.283ms semisort=  0.005ms
[pe-async] round= 12 R=14 dirty=        0 filter= 36.330ms (clean break)
[pe-async] round=  0 R=2 dirty=  4394000 runs=  2197000 filter= 33.810ms semisort=352.235ms
[pe-async] round=  1 R=3 dirty=  1692704 runs=   886916 filter= 38.511ms semisort=143.537ms
[pe-async] round=  2 R=4 dirty=   524288 runs=   262144 filter= 44.713ms semisort= 40.183ms
[pe-async] round=  3 R=5 dirty=   131072 runs=    65536 filter= 42.209ms semisort= 11.240ms
[pe-async] round=  4 R=6 dirty=    32768 runs=    16384 filter= 40.669ms semisort=  3.830ms
[pe-async] round=  5 R=7 dirty=     8192 runs=     4096 filter= 39.085ms semisort=  1.132ms
[pe-async] round=  6 R=8 dirty=     2048 runs=     1024 filter= 37.715ms semisort=  0.388ms
[pe-async] round=  7 R=9 dirty=      512 runs=      256 filter= 37.203ms semisort=  0.118ms
[pe-async] round=  8 R=10 dirty=      128 runs=       64 filter= 36.876ms semisort=  0.037ms
[pe-async] round=  9 R=11 dirty=       32 runs=       16 filter= 36.548ms semisort=  0.016ms
[pe-async] round= 10 R=12 dirty=        8 runs=        4 filter= 36.444ms semisort=  0.009ms
[pe-async] round= 11 R=13 dirty=        2 runs=        1 filter= 36.443ms semisort=  0.007ms
[pe-async] round= 12 R=14 dirty=        0 filter= 36.411ms (clean break)
[pe-async] round=  0 R=2 dirty=  4394000 runs=  2197000 filter= 33.844ms semisort=351.991ms
[pe-async] round=  1 R=3 dirty=  1692704 runs=   886916 filter= 38.599ms semisort=143.653ms
[pe-async] round=  2 R=4 dirty=   524288 runs=   262144 filter= 44.456ms semisort= 40.044ms
[pe-async] round=  3 R=5 dirty=   131072 runs=    65536 filter= 42.092ms semisort= 10.985ms
[pe-async] round=  4 R=6 dirty=    32768 runs=    16384 filter= 40.238ms semisort=  3.948ms
[pe-async] round=  5 R=7 dirty=     8192 runs=     4096 filter= 38.803ms semisort=  1.130ms
[pe-async] round=  6 R=8 dirty=     2048 runs=     1024 filter= 37.511ms semisort=  0.385ms
[pe-async] round=  7 R=9 dirty=      512 runs=      256 filter= 36.932ms semisort=  0.116ms
[pe-async] round=  8 R=10 dirty=      128 runs=       64 filter= 36.645ms semisort=  0.037ms
[pe-async] round=  9 R=11 dirty=       32 runs=       16 filter= 36.286ms semisort=  0.014ms
[pe-async] round= 10 R=12 dirty=        8 runs=        4 filter= 36.171ms semisort=  0.009ms
[pe-async] round= 11 R=13 dirty=        2 runs=        1 filter= 36.116ms semisort=  0.006ms
[pe-async] round= 12 R=14 dirty=        0 filter= 36.098ms (clean break)
