[synthetic_bench] cube n=55 d=5 classes=499672 merges=55 ...
[pe] round=  0 work=      110 frontier=   332750 next=   166375 consolidate=  0.975ms frontier=  3.667ms semisort=  5.288ms (keyed= 0.976ms group_by=  0.293ms per_group= 2.526ms)
[pe] round=  1 work=   166375 frontier=   332750 next=    63875 consolidate=  4.808ms frontier=  0.625ms semisort=  2.575ms (keyed= 0.426ms group_by=  0.084ms per_group= 1.106ms)
[pe] round=  2 work=    63875 frontier=   127750 next=    15625 consolidate=  2.027ms frontier=  0.512ms semisort=  2.627ms (keyed= 0.062ms group_by=  1.779ms per_group= 0.304ms)
[pe] round=  3 work=    15625 frontier=    31250 next=     3125 consolidate=  0.722ms frontier=  0.160ms semisort=  1.204ms (keyed= 0.027ms group_by=  0.524ms per_group= 0.121ms)
[pe] round=  4 work=     3125 frontier=     6250 next=      625 consolidate=  0.516ms frontier=  0.102ms semisort=  0.761ms (keyed= 0.015ms group_by=  0.598ms per_group= 0.059ms)
[pe] round=  5 work=      625 frontier=     1250 next=      125 consolidate=  0.149ms frontier=  0.039ms semisort=  0.164ms (keyed= 0.006ms group_by=  0.081ms per_group= 0.046ms)
[pe] round=  6 work=      125 frontier=      250 next=       25 consolidate=  0.047ms frontier=  0.008ms semisort=  0.034ms (keyed= 0.001ms group_by=  0.010ms per_group= 0.013ms)
[pe] round=  7 work=       25 frontier=       50 next=        5 consolidate=  0.017ms frontier=  0.003ms semisort=  0.011ms (keyed= 0.000ms group_by=  0.003ms per_group= 0.003ms)
[pe] round=  8 work=        5 frontier=       10 next=        1 consolidate=  0.006ms frontier=  0.001ms semisort=  0.003ms (keyed= 0.000ms group_by=  0.001ms per_group= 0.001ms)
[pe] round=  9 work=        1 (tail-skip: all parents empty)
[pe] round=  0 work=      110 frontier=   332750 next=   166375 consolidate=  0.154ms frontier=  1.065ms semisort=  3.194ms (keyed= 0.420ms group_by=  0.095ms per_group= 1.645ms)
[pe] round=  1 work=   166375 frontier=   332750 next=    63875 consolidate=  4.187ms frontier=  0.443ms semisort=  2.423ms (keyed= 0.481ms group_by=  0.129ms per_group= 0.838ms)
[pe] round=  2 work=    63875 frontier=   127750 next=    15625 consolidate=  1.964ms frontier=  0.462ms semisort=  2.017ms (keyed= 0.047ms group_by=  1.216ms per_group= 0.301ms)
[pe] round=  3 work=    15625 frontier=    31250 next=     3125 consolidate=  0.679ms frontier=  0.173ms semisort=  1.063ms (keyed= 0.036ms group_by=  0.467ms per_group= 0.111ms)
[pe] round=  4 work=     3125 frontier=     6250 next=      625 consolidate=  0.550ms frontier=  0.091ms semisort=  0.690ms (keyed= 0.013ms group_by=  0.487ms per_group= 0.098ms)
[pe] round=  5 work=      625 frontier=     1250 next=      125 consolidate=  0.146ms frontier=  0.038ms semisort=  0.168ms (keyed= 0.005ms group_by=  0.077ms per_group= 0.057ms)
[pe] round=  6 work=      125 frontier=      250 next=       25 consolidate=  0.048ms frontier=  0.011ms semisort=  0.046ms (keyed= 0.002ms group_by=  0.015ms per_group= 0.012ms)
[pe] round=  7 work=       25 frontier=       50 next=        5 consolidate=  0.023ms frontier=  0.003ms semisort=  0.011ms (keyed= 0.001ms group_by=  0.003ms per_group= 0.003ms)
[pe] round=  8 work=        5 frontier=       10 next=        1 consolidate=  0.006ms frontier=  0.001ms semisort=  0.003ms (keyed= 0.000ms group_by=  0.001ms per_group= 0.001ms)
[pe] round=  9 work=        1 (tail-skip: all parents empty)
[pe] round=  0 work=      110 frontier=   332750 next=   166375 consolidate=  0.106ms frontier=  0.957ms semisort=  3.245ms (keyed= 0.436ms group_by=  0.082ms per_group= 1.657ms)
[pe] round=  1 work=   166375 frontier=   332750 next=    63875 consolidate=  4.654ms frontier=  0.429ms semisort=  2.335ms (keyed= 0.452ms group_by=  0.082ms per_group= 0.848ms)
[pe] round=  2 work=    63875 frontier=   127750 next=    15625 consolidate=  2.021ms frontier=  0.314ms semisort=  2.542ms (keyed= 0.048ms group_by=  1.719ms per_group= 0.322ms)
[pe] round=  3 work=    15625 frontier=    31250 next=     3125 consolidate=  0.675ms frontier=  0.186ms semisort=  1.127ms (keyed= 0.023ms group_by=  0.560ms per_group= 0.140ms)
[pe] round=  4 work=     3125 frontier=     6250 next=      625 consolidate=  0.518ms frontier=  0.101ms semisort=  0.598ms (keyed= 0.015ms group_by=  0.447ms per_group= 0.044ms)
[pe] round=  5 work=      625 frontier=     1250 next=      125 consolidate=  0.143ms frontier=  0.043ms semisort=  0.168ms (keyed= 0.005ms group_by=  0.074ms per_group= 0.062ms)
[pe] round=  6 work=      125 frontier=      250 next=       25 consolidate=  0.042ms frontier=  0.011ms semisort=  0.039ms (keyed= 0.001ms group_by=  0.014ms per_group= 0.014ms)
[pe] round=  7 work=       25 frontier=       50 next=        5 consolidate=  0.020ms frontier=  0.003ms semisort=  0.007ms (keyed= 0.000ms group_by=  0.002ms per_group= 0.002ms)
[pe] round=  8 work=        5 frontier=       10 next=        1 consolidate=  0.005ms frontier=  0.001ms semisort=  0.002ms (keyed= 0.000ms group_by=  0.001ms per_group= 0.001ms)
[pe] round=  9 work=        1 (tail-skip: all parents empty)
[pe] round=  0 work=      110 frontier=   332750 next=   166375 consolidate=  0.111ms frontier=  1.025ms semisort=  3.352ms (keyed= 0.470ms group_by=  0.081ms per_group= 1.672ms)
[pe] round=  1 work=   166375 frontier=   332750 next=    63875 consolidate=  4.505ms frontier=  0.457ms semisort=  2.330ms (keyed= 0.424ms group_by=  0.083ms per_group= 0.851ms)
[pe] round=  2 work=    63875 frontier=   127750 next=    15625 consolidate=  2.101ms frontier=  0.311ms semisort=  2.356ms (keyed= 0.046ms group_by=  1.549ms per_group= 0.304ms)
[pe] round=  3 work=    15625 frontier=    31250 next=     3125 consolidate=  0.708ms frontier=  0.167ms semisort=  0.778ms (keyed= 0.022ms group_by=  0.298ms per_group= 0.139ms)
[pe] round=  4 work=     3125 frontier=     6250 next=      625 consolidate=  0.565ms frontier=  0.100ms semisort=  0.618ms (keyed= 0.021ms group_by=  0.446ms per_group= 0.049ms)
[pe] round=  5 work=      625 frontier=     1250 next=      125 consolidate=  0.123ms frontier=  0.038ms semisort=  0.159ms (keyed= 0.005ms group_by=  0.070ms per_group= 0.057ms)
[pe] round=  6 work=      125 frontier=      250 next=       25 consolidate=  0.032ms frontier=  0.011ms semisort=  0.038ms (keyed= 0.001ms group_by=  0.013ms per_group= 0.013ms)
[pe] round=  7 work=       25 frontier=       50 next=        5 consolidate=  0.019ms frontier=  0.003ms semisort=  0.006ms (keyed= 0.000ms group_by=  0.002ms per_group= 0.002ms)
[pe] round=  8 work=        5 frontier=       10 next=        1 consolidate=  0.005ms frontier=  0.001ms semisort=  0.002ms (keyed= 0.000ms group_by=  0.000ms per_group= 0.001ms)
[pe] round=  9 work=        1 (tail-skip: all parents empty)
[pe] round=  0 work=      110 frontier=   332750 next=   166375 consolidate=  0.077ms frontier=  1.021ms semisort=  3.288ms (keyed= 0.457ms group_by=  0.081ms per_group= 1.666ms)
[pe] round=  1 work=   166375 frontier=   332750 next=    63875 consolidate=  4.451ms frontier=  0.480ms semisort=  2.387ms (keyed= 0.450ms group_by=  0.094ms per_group= 0.850ms)
[pe] round=  2 work=    63875 frontier=   127750 next=    15625 consolidate=  2.023ms frontier=  0.312ms semisort=  2.560ms (keyed= 0.047ms group_by=  1.746ms per_group= 0.321ms)
[pe] round=  3 work=    15625 frontier=    31250 next=     3125 consolidate=  0.693ms frontier=  0.162ms semisort=  0.870ms (keyed= 0.023ms group_by=  0.386ms per_group= 0.126ms)
[pe] round=  4 work=     3125 frontier=     6250 next=      625 consolidate=  0.547ms frontier=  0.099ms semisort=  0.663ms (keyed= 0.014ms group_by=  0.452ms per_group= 0.102ms)
[pe] round=  5 work=      625 frontier=     1250 next=      125 consolidate=  0.148ms frontier=  0.039ms semisort=  0.163ms (keyed= 0.005ms group_by=  0.075ms per_group= 0.049ms)
[pe] round=  6 work=      125 frontier=      250 next=       25 consolidate=  0.043ms frontier=  0.012ms semisort=  0.039ms (keyed= 0.001ms group_by=  0.014ms per_group= 0.013ms)
[pe] round=  7 work=       25 frontier=       50 next=        5 consolidate=  0.022ms frontier=  0.003ms semisort=  0.006ms (keyed= 0.000ms group_by=  0.002ms per_group= 0.002ms)
[pe] round=  8 work=        5 frontier=       10 next=        1 consolidate=  0.004ms frontier=  0.001ms semisort=  0.002ms (keyed= 0.000ms group_by=  0.001ms per_group= 0.001ms)
[pe] round=  9 work=        1 (tail-skip: all parents empty)
[pe] round=  0 work=      110 frontier=   332750 next=   166375 consolidate=  0.094ms frontier=  1.428ms semisort=  3.366ms (keyed= 0.438ms group_by=  0.088ms per_group= 1.654ms)
[pe] round=  1 work=   166375 frontier=   332750 next=    63875 consolidate=  4.549ms frontier=  0.598ms semisort=  2.374ms (keyed= 0.459ms group_by=  0.080ms per_group= 0.852ms)
[pe] round=  2 work=    63875 frontier=   127750 next=    15625 consolidate=  1.970ms frontier=  0.302ms semisort=  2.465ms (keyed= 0.044ms group_by=  1.668ms per_group= 0.312ms)
[pe] round=  3 work=    15625 frontier=    31250 next=     3125 consolidate=  0.666ms frontier=  0.166ms semisort=  0.908ms (keyed= 0.020ms group_by=  0.399ms per_group= 0.133ms)
[pe] round=  4 work=     3125 frontier=     6250 next=      625 consolidate=  0.545ms frontier=  0.096ms semisort=  0.632ms (keyed= 0.017ms group_by=  0.456ms per_group= 0.060ms)
[pe] round=  5 work=      625 frontier=     1250 next=      125 consolidate=  0.150ms frontier=  0.040ms semisort=  0.172ms (keyed= 0.004ms group_by=  0.078ms per_group= 0.062ms)
[pe] round=  6 work=      125 frontier=      250 next=       25 consolidate=  0.045ms frontier=  0.011ms semisort=  0.038ms (keyed= 0.001ms group_by=  0.014ms per_group= 0.013ms)
[pe] round=  7 work=       25 frontier=       50 next=        5 consolidate=  0.020ms frontier=  0.003ms semisort=  0.007ms (keyed= 0.000ms group_by=  0.002ms per_group= 0.002ms)
[pe] round=  8 work=        5 frontier=       10 next=        1 consolidate=  0.004ms frontier=  0.001ms semisort=  0.002ms (keyed= 0.000ms group_by=  0.001ms per_group= 0.001ms)
[pe] round=  9 work=        1 (tail-skip: all parents empty)
[pe-async] round=  0 R=2 dirty=   332750 runs=   166375 filter=  0.224ms semisort=  2.028ms
[pe-async] round=  1 R=3 dirty=   130000 runs=    66125 filter=  0.221ms semisort=  6.083ms
[pe-async] round=  2 R=4 dirty=    31250 runs=    15625 filter=  0.205ms semisort=  1.344ms
[pe-async] round=  3 R=5 dirty=     6250 runs=     3125 filter=  0.226ms semisort=  0.289ms
[pe-async] round=  4 R=6 dirty=     1250 runs=      625 filter=  0.214ms semisort=  0.085ms
[pe-async] round=  5 R=7 dirty=      250 runs=      125 filter=  0.214ms semisort=  0.050ms
[pe-async] round=  6 R=8 dirty=       50 runs=       25 filter=  0.199ms semisort=  0.028ms
[pe-async] round=  7 R=9 dirty=       10 runs=        5 filter=  0.198ms semisort=  0.008ms
[pe-async] round=  8 R=10 dirty=        2 runs=        1 filter=  0.209ms semisort=  0.006ms
[pe-async] round=  9 R=11 dirty=        0 filter=  0.201ms (clean break)
[pe-async] round=  0 R=2 dirty=   332750 runs=   166375 filter=  0.247ms semisort=  1.890ms
[pe-async] round=  1 R=3 dirty=   130000 runs=    66125 filter=  0.222ms semisort=  4.994ms
[pe-async] round=  2 R=4 dirty=    31250 runs=    15625 filter=  0.217ms semisort=  1.294ms
[pe-async] round=  3 R=5 dirty=     6250 runs=     3125 filter=  0.208ms semisort=  0.287ms
[pe-async] round=  4 R=6 dirty=     1250 runs=      625 filter=  0.204ms semisort=  0.093ms
[pe-async] round=  5 R=7 dirty=      250 runs=      125 filter=  0.205ms semisort=  0.044ms
[pe-async] round=  6 R=8 dirty=       50 runs=       25 filter=  0.212ms semisort=  0.027ms
[pe-async] round=  7 R=9 dirty=       10 runs=        5 filter=  0.200ms semisort=  0.009ms
[pe-async] round=  8 R=10 dirty=        2 runs=        1 filter=  0.197ms semisort=  0.005ms
[pe-async] round=  9 R=11 dirty=        0 filter=  0.198ms (clean break)
[pe-async] round=  0 R=2 dirty=   332750 runs=   166375 filter=  0.231ms semisort=  1.931ms
[pe-async] round=  1 R=3 dirty=   130000 runs=    66125 filter=  0.206ms semisort=  5.071ms
[pe-async] round=  2 R=4 dirty=    31250 runs=    15625 filter=  0.242ms semisort=  1.305ms
[pe-async] round=  3 R=5 dirty=     6250 runs=     3125 filter=  0.217ms semisort=  0.273ms
[pe-async] round=  4 R=6 dirty=     1250 runs=      625 filter=  0.207ms semisort=  0.091ms
[pe-async] round=  5 R=7 dirty=      250 runs=      125 filter=  0.224ms semisort=  0.046ms
[pe-async] round=  6 R=8 dirty=       50 runs=       25 filter=  0.201ms semisort=  0.031ms
[pe-async] round=  7 R=9 dirty=       10 runs=        5 filter=  0.198ms semisort=  0.009ms
[pe-async] round=  8 R=10 dirty=        2 runs=        1 filter=  0.209ms semisort=  0.005ms
[pe-async] round=  9 R=11 dirty=        0 filter=  0.204ms (clean break)
[pe-async] round=  0 R=2 dirty=   332750 runs=   166375 filter=  0.220ms semisort=  1.872ms
[pe-async] round=  1 R=3 dirty=   130000 runs=    66125 filter=  0.218ms semisort=  5.263ms
[pe-async] round=  2 R=4 dirty=    31250 runs=    15625 filter=  0.217ms semisort=  1.400ms
[pe-async] round=  3 R=5 dirty=     6250 runs=     3125 filter=  0.221ms semisort=  0.288ms
[pe-async] round=  4 R=6 dirty=     1250 runs=      625 filter=  0.217ms semisort=  0.096ms
[pe-async] round=  5 R=7 dirty=      250 runs=      125 filter=  0.205ms semisort=  0.047ms
[pe-async] round=  6 R=8 dirty=       50 runs=       25 filter=  0.209ms semisort=  0.026ms
[pe-async] round=  7 R=9 dirty=       10 runs=        5 filter=  0.201ms semisort=  0.008ms
[pe-async] round=  8 R=10 dirty=        2 runs=        1 filter=  0.197ms semisort=  0.014ms
[pe-async] round=  9 R=11 dirty=        0 filter=  0.195ms (clean break)
[pe-async] round=  0 R=2 dirty=   332750 runs=   166375 filter=  0.254ms semisort=  1.945ms
[pe-async] round=  1 R=3 dirty=   130000 runs=    66125 filter=  0.209ms semisort=  5.239ms
[pe-async] round=  2 R=4 dirty=    31250 runs=    15625 filter=  0.253ms semisort=  1.305ms
[pe-async] round=  3 R=5 dirty=     6250 runs=     3125 filter=  0.202ms semisort=  0.282ms
[pe-async] round=  4 R=6 dirty=     1250 runs=      625 filter=  0.210ms semisort=  0.087ms
[pe-async] round=  5 R=7 dirty=      250 runs=      125 filter=  0.201ms semisort=  0.045ms
[pe-async] round=  6 R=8 dirty=       50 runs=       25 filter=  0.200ms semisort=  0.030ms
[pe-async] round=  7 R=9 dirty=       10 runs=        5 filter=  0.202ms semisort=  0.008ms
[pe-async] round=  8 R=10 dirty=        2 runs=        1 filter=  0.203ms semisort=  0.005ms
[pe-async] round=  9 R=11 dirty=        0 filter=  0.202ms (clean break)
[pe-async] round=  0 R=2 dirty=   332750 runs=   166375 filter=  0.235ms semisort=  1.840ms
[pe-async] round=  1 R=3 dirty=   130000 runs=    66125 filter=  0.217ms semisort=  5.201ms
[pe-async] round=  2 R=4 dirty=    31250 runs=    15625 filter=  0.243ms semisort=  1.291ms
[pe-async] round=  3 R=5 dirty=     6250 runs=     3125 filter=  0.222ms semisort=  0.286ms
[pe-async] round=  4 R=6 dirty=     1250 runs=      625 filter=  0.195ms semisort=  0.091ms
[pe-async] round=  5 R=7 dirty=      250 runs=      125 filter=  0.207ms semisort=  0.049ms
[pe-async] round=  6 R=8 dirty=       50 runs=       25 filter=  0.196ms semisort=  0.027ms
[pe-async] round=  7 R=9 dirty=       10 runs=        5 filter=  0.196ms semisort=  0.009ms
[pe-async] round=  8 R=10 dirty=        2 runs=        1 filter=  0.207ms semisort=  0.005ms
[pe-async] round=  9 R=11 dirty=        0 filter=  0.198ms (clean break)
