[synthetic_bench] cube n=80 d=5 classes=1594472 merges=80 ...
[pe] round=  0 work=      160 frontier=  1024000 next=   512000 consolidate=  1.250ms frontier=  7.631ms semisort= 22.272ms (keyed= 2.539ms group_by=  0.477ms per_group=11.042ms)
[pe] round=  1 work=   512000 frontier=   531250 next=   203125 consolidate= 33.237ms frontier=  5.826ms semisort= 10.727ms (keyed= 1.481ms group_by=  0.238ms per_group= 4.787ms)
[pe] round=  2 work=   203125 frontier=   406250 next=    62500 consolidate= 14.631ms frontier=  1.126ms semisort=  6.963ms (keyed= 1.823ms group_by=  0.182ms per_group= 2.423ms)
[pe] round=  3 work=    62500 frontier=   125000 next=    15625 consolidate=  5.020ms frontier=  0.512ms semisort=  4.465ms (keyed= 0.259ms group_by=  2.543ms per_group= 0.682ms)
[pe] round=  4 work=    15625 frontier=    31250 next=     3125 consolidate=  1.335ms frontier=  0.438ms semisort=  1.313ms (keyed= 0.023ms group_by=  0.409ms per_group= 0.268ms)
[pe] round=  5 work=     3125 frontier=     6250 next=      625 consolidate=  0.508ms frontier=  0.114ms semisort=  0.603ms (keyed= 0.010ms group_by=  0.379ms per_group= 0.086ms)
[pe] round=  6 work=      625 frontier=     1250 next=      125 consolidate=  0.153ms frontier=  0.032ms semisort=  0.134ms (keyed= 0.004ms group_by=  0.061ms per_group= 0.020ms)
[pe] round=  7 work=      125 frontier=      250 next=       25 consolidate=  0.071ms frontier=  0.007ms semisort=  0.025ms (keyed= 0.001ms group_by=  0.009ms per_group= 0.008ms)
[pe] round=  8 work=       25 frontier=       50 next=        5 consolidate=  0.018ms frontier=  0.001ms semisort=  0.006ms (keyed= 0.000ms group_by=  0.002ms per_group= 0.002ms)
[pe] round=  9 work=        5 frontier=       10 next=        1 consolidate=  0.003ms frontier=  0.001ms semisort=  0.002ms (keyed= 0.000ms group_by=  0.001ms per_group= 0.001ms)
[pe] round= 10 work=        1 (tail-skip: all parents empty)
[pe] round=  0 work=      160 frontier=  1024000 next=   512000 consolidate=  0.213ms frontier=  7.583ms semisort= 20.767ms (keyed= 2.423ms group_by=  0.256ms per_group=10.544ms)
[pe] round=  1 work=   512000 frontier=   531250 next=   203125 consolidate= 36.875ms frontier=  4.666ms semisort= 10.880ms (keyed= 1.421ms group_by=  0.236ms per_group= 4.984ms)
[pe] round=  2 work=   203125 frontier=   406250 next=    62500 consolidate= 16.327ms frontier=  1.069ms semisort=  6.313ms (keyed= 1.169ms group_by=  0.175ms per_group= 2.372ms)
[pe] round=  3 work=    62500 frontier=   125000 next=    15625 consolidate=  5.255ms frontier=  0.505ms semisort=  4.332ms (keyed= 0.046ms group_by=  2.396ms per_group= 0.779ms)
[pe] round=  4 work=    15625 frontier=    31250 next=     3125 consolidate=  1.491ms frontier=  0.218ms semisort=  1.135ms (keyed= 0.024ms group_by=  0.384ms per_group= 0.214ms)
[pe] round=  5 work=     3125 frontier=     6250 next=      625 consolidate=  0.605ms frontier=  0.105ms semisort=  0.589ms (keyed= 0.013ms group_by=  0.388ms per_group= 0.079ms)
[pe] round=  6 work=      625 frontier=     1250 next=      125 consolidate=  0.153ms frontier=  0.040ms semisort=  0.138ms (keyed= 0.004ms group_by=  0.063ms per_group= 0.022ms)
[pe] round=  7 work=      125 frontier=      250 next=       25 consolidate=  0.061ms frontier=  0.006ms semisort=  0.025ms (keyed= 0.001ms group_by=  0.009ms per_group= 0.008ms)
[pe] round=  8 work=       25 frontier=       50 next=        5 consolidate=  0.018ms frontier=  0.001ms semisort=  0.006ms (keyed= 0.000ms group_by=  0.002ms per_group= 0.002ms)
[pe] round=  9 work=        5 frontier=       10 next=        1 consolidate=  0.004ms frontier=  0.001ms semisort=  0.002ms (keyed= 0.000ms group_by=  0.001ms per_group= 0.001ms)
[pe] round= 10 work=        1 (tail-skip: all parents empty)
[pe] round=  0 work=      160 frontier=  1024000 next=   512000 consolidate=  0.191ms frontier=  8.972ms semisort= 20.084ms (keyed= 2.395ms group_by=  0.305ms per_group=10.342ms)
[pe] round=  1 work=   512000 frontier=   531250 next=   203125 consolidate= 35.148ms frontier=  3.662ms semisort= 10.572ms (keyed= 1.438ms group_by=  0.241ms per_group= 4.820ms)
[pe] round=  2 work=   203125 frontier=   406250 next=    62500 consolidate= 15.812ms frontier=  1.197ms semisort=  6.172ms (keyed= 1.123ms group_by=  0.157ms per_group= 2.322ms)
[pe] round=  3 work=    62500 frontier=   125000 next=    15625 consolidate=  5.165ms frontier=  0.406ms semisort=  3.139ms (keyed= 0.051ms group_by=  1.459ms per_group= 0.642ms)
[pe] round=  4 work=    15625 frontier=    31250 next=     3125 consolidate=  1.372ms frontier=  0.352ms semisort=  1.011ms (keyed= 0.023ms group_by=  0.338ms per_group= 0.224ms)
[pe] round=  5 work=     3125 frontier=     6250 next=      625 consolidate=  0.574ms frontier=  0.113ms semisort=  0.610ms (keyed= 0.015ms group_by=  0.400ms per_group= 0.064ms)
[pe] round=  6 work=      625 frontier=     1250 next=      125 consolidate=  0.205ms frontier=  0.038ms semisort=  0.129ms (keyed= 0.004ms group_by=  0.062ms per_group= 0.023ms)
[pe] round=  7 work=      125 frontier=      250 next=       25 consolidate=  0.066ms frontier=  0.007ms semisort=  0.025ms (keyed= 0.001ms group_by=  0.009ms per_group= 0.008ms)
[pe] round=  8 work=       25 frontier=       50 next=        5 consolidate=  0.018ms frontier=  0.001ms semisort=  0.006ms (keyed= 0.000ms group_by=  0.002ms per_group= 0.002ms)
[pe] round=  9 work=        5 frontier=       10 next=        1 consolidate=  0.004ms frontier=  0.001ms semisort=  0.002ms (keyed= 0.000ms group_by=  0.001ms per_group= 0.001ms)
[pe] round= 10 work=        1 (tail-skip: all parents empty)
[pe] round=  0 work=      160 frontier=  1024000 next=   512000 consolidate=  0.194ms frontier=  5.986ms semisort= 20.020ms (keyed= 2.527ms group_by=  0.247ms per_group=10.457ms)
[pe] round=  1 work=   512000 frontier=   531250 next=   203125 consolidate= 35.952ms frontier=  3.672ms semisort= 10.404ms (keyed= 1.437ms group_by=  0.235ms per_group= 4.922ms)
[pe] round=  2 work=   203125 frontier=   406250 next=    62500 consolidate= 15.851ms frontier=  1.095ms semisort=  6.194ms (keyed= 1.093ms group_by=  0.173ms per_group= 2.327ms)
[pe] round=  3 work=    62500 frontier=   125000 next=    15625 consolidate=  4.995ms frontier=  0.451ms semisort=  3.808ms (keyed= 0.046ms group_by=  2.129ms per_group= 0.648ms)
[pe] round=  4 work=    15625 frontier=    31250 next=     3125 consolidate=  1.469ms frontier=  0.266ms semisort=  0.968ms (keyed= 0.023ms group_by=  0.376ms per_group= 0.206ms)
[pe] round=  5 work=     3125 frontier=     6250 next=      625 consolidate=  0.562ms frontier=  0.106ms semisort=  0.648ms (keyed= 0.011ms group_by=  0.437ms per_group= 0.082ms)
[pe] round=  6 work=      625 frontier=     1250 next=      125 consolidate=  0.213ms frontier=  0.043ms semisort=  0.128ms (keyed= 0.004ms group_by=  0.061ms per_group= 0.019ms)
[pe] round=  7 work=      125 frontier=      250 next=       25 consolidate=  0.068ms frontier=  0.007ms semisort=  0.027ms (keyed= 0.001ms group_by=  0.010ms per_group= 0.009ms)
[pe] round=  8 work=       25 frontier=       50 next=        5 consolidate=  0.019ms frontier=  0.002ms semisort=  0.007ms (keyed= 0.000ms group_by=  0.002ms per_group= 0.002ms)
[pe] round=  9 work=        5 frontier=       10 next=        1 consolidate=  0.004ms frontier=  0.001ms semisort=  0.002ms (keyed= 0.000ms group_by=  0.001ms per_group= 0.001ms)
[pe] round= 10 work=        1 (tail-skip: all parents empty)
[pe] round=  0 work=      160 frontier=  1024000 next=   512000 consolidate=  0.188ms frontier=  5.919ms semisort= 19.955ms (keyed= 2.245ms group_by=  0.240ms per_group=10.418ms)
[pe] round=  1 work=   512000 frontier=   531250 next=   203125 consolidate= 34.171ms frontier=  4.762ms semisort= 10.292ms (keyed= 1.158ms group_by=  0.222ms per_group= 4.982ms)
[pe] round=  2 work=   203125 frontier=   406250 next=    62500 consolidate= 15.709ms frontier=  1.012ms semisort=  6.144ms (keyed= 1.124ms group_by=  0.160ms per_group= 2.393ms)
[pe] round=  3 work=    62500 frontier=   125000 next=    15625 consolidate=  4.944ms frontier=  0.374ms semisort=  4.123ms (keyed= 0.052ms group_by=  2.345ms per_group= 0.652ms)
[pe] round=  4 work=    15625 frontier=    31250 next=     3125 consolidate=  1.461ms frontier=  0.298ms semisort=  0.920ms (keyed= 0.024ms group_by=  0.339ms per_group= 0.203ms)
[pe] round=  5 work=     3125 frontier=     6250 next=      625 consolidate=  0.567ms frontier=  0.105ms semisort=  0.622ms (keyed= 0.013ms group_by=  0.404ms per_group= 0.071ms)
[pe] round=  6 work=      625 frontier=     1250 next=      125 consolidate=  0.154ms frontier=  0.039ms semisort=  0.135ms (keyed= 0.004ms group_by=  0.060ms per_group= 0.021ms)
[pe] round=  7 work=      125 frontier=      250 next=       25 consolidate=  0.073ms frontier=  0.007ms semisort=  0.034ms (keyed= 0.001ms group_by=  0.010ms per_group= 0.013ms)
[pe] round=  8 work=       25 frontier=       50 next=        5 consolidate=  0.023ms frontier=  0.002ms semisort=  0.007ms (keyed= 0.000ms group_by=  0.002ms per_group= 0.002ms)
[pe] round=  9 work=        5 frontier=       10 next=        1 consolidate=  0.004ms frontier=  0.001ms semisort=  0.002ms (keyed= 0.000ms group_by=  0.001ms per_group= 0.001ms)
[pe] round= 10 work=        1 (tail-skip: all parents empty)
[pe] round=  0 work=      160 frontier=  1024000 next=   512000 consolidate=  0.190ms frontier=  6.003ms semisort= 20.030ms (keyed= 2.390ms group_by=  0.349ms per_group=10.303ms)
[pe] round=  1 work=   512000 frontier=   531250 next=   203125 consolidate= 36.223ms frontier=  4.688ms semisort= 10.225ms (keyed= 1.326ms group_by=  0.241ms per_group= 4.860ms)
[pe] round=  2 work=   203125 frontier=   406250 next=    62500 consolidate= 15.749ms frontier=  1.120ms semisort=  6.257ms (keyed= 1.043ms group_by=  0.179ms per_group= 2.519ms)
[pe] round=  3 work=    62500 frontier=   125000 next=    15625 consolidate=  5.195ms frontier=  0.464ms semisort=  4.212ms (keyed= 0.048ms group_by=  2.458ms per_group= 0.658ms)
[pe] round=  4 work=    15625 frontier=    31250 next=     3125 consolidate=  1.413ms frontier=  0.360ms semisort=  1.004ms (keyed= 0.023ms group_by=  0.364ms per_group= 0.228ms)
[pe] round=  5 work=     3125 frontier=     6250 next=      625 consolidate=  0.571ms frontier=  0.100ms semisort=  0.599ms (keyed= 0.012ms group_by=  0.399ms per_group= 0.067ms)
[pe] round=  6 work=      625 frontier=     1250 next=      125 consolidate=  0.153ms frontier=  0.039ms semisort=  0.142ms (keyed= 0.004ms group_by=  0.062ms per_group= 0.025ms)
[pe] round=  7 work=      125 frontier=      250 next=       25 consolidate=  0.064ms frontier=  0.006ms semisort=  0.025ms (keyed= 0.001ms group_by=  0.008ms per_group= 0.008ms)
[pe] round=  8 work=       25 frontier=       50 next=        5 consolidate=  0.018ms frontier=  0.002ms semisort=  0.006ms (keyed= 0.000ms group_by=  0.002ms per_group= 0.002ms)
[pe] round=  9 work=        5 frontier=       10 next=        1 consolidate=  0.004ms frontier=  0.001ms semisort=  0.002ms (keyed= 0.000ms group_by=  0.001ms per_group= 0.001ms)
[pe] round= 10 work=        1 (tail-skip: all parents empty)
[pe-async] round=  0 R=2 dirty=  1024000 runs=   512000 filter=  1.201ms semisort= 13.315ms
[pe-async] round=  1 R=3 dirty=   531250 runs=   328125 filter=  1.403ms semisort=  6.084ms
[pe-async] round=  2 R=4 dirty=   156250 runs=    93750 filter=  1.273ms semisort=  2.230ms
[pe-async] round=  3 R=5 dirty=    31250 runs=    15625 filter=  1.059ms semisort=  1.590ms
[pe-async] round=  4 R=6 dirty=     6250 runs=     3125 filter=  0.973ms semisort=  0.389ms
[pe-async] round=  5 R=7 dirty=     1250 runs=      625 filter=  0.948ms semisort=  0.129ms
[pe-async] round=  6 R=8 dirty=      250 runs=      125 filter=  0.947ms semisort=  0.088ms
[pe-async] round=  7 R=9 dirty=       50 runs=       25 filter=  0.967ms semisort=  0.023ms
[pe-async] round=  8 R=10 dirty=       10 runs=        5 filter=  0.983ms semisort=  0.008ms
[pe-async] round=  9 R=11 dirty=        2 runs=        1 filter=  1.011ms semisort=  0.005ms
[pe-async] round= 10 R=12 dirty=        0 filter=  1.002ms (clean break)
[pe-async] round=  0 R=2 dirty=  1024000 runs=   512000 filter=  1.144ms semisort= 11.546ms
[pe-async] round=  1 R=3 dirty=   531250 runs=   328125 filter=  1.019ms semisort=  5.444ms
[pe-async] round=  2 R=4 dirty=   156250 runs=    93750 filter=  1.044ms semisort=  1.979ms
[pe-async] round=  3 R=5 dirty=    31250 runs=    15625 filter=  0.962ms semisort=  1.515ms
[pe-async] round=  4 R=6 dirty=     6250 runs=     3125 filter=  0.945ms semisort=  0.374ms
[pe-async] round=  5 R=7 dirty=     1250 runs=      625 filter=  1.035ms semisort=  0.131ms
[pe-async] round=  6 R=8 dirty=      250 runs=      125 filter=  0.966ms semisort=  0.090ms
[pe-async] round=  7 R=9 dirty=       50 runs=       25 filter=  0.965ms semisort=  0.023ms
[pe-async] round=  8 R=10 dirty=       10 runs=        5 filter=  1.088ms semisort=  0.008ms
[pe-async] round=  9 R=11 dirty=        2 runs=        1 filter=  1.000ms semisort=  0.005ms
[pe-async] round= 10 R=12 dirty=        0 filter=  1.090ms (clean break)
[pe-async] round=  0 R=2 dirty=  1024000 runs=   512000 filter=  1.174ms semisort= 11.649ms
[pe-async] round=  1 R=3 dirty=   531250 runs=   328125 filter=  1.093ms semisort=  5.321ms
[pe-async] round=  2 R=4 dirty=   156250 runs=    93750 filter=  1.216ms semisort=  2.145ms
[pe-async] round=  3 R=5 dirty=    31250 runs=    15625 filter=  0.978ms semisort=  1.577ms
[pe-async] round=  4 R=6 dirty=     6250 runs=     3125 filter=  1.059ms semisort=  0.379ms
[pe-async] round=  5 R=7 dirty=     1250 runs=      625 filter=  0.965ms semisort=  0.129ms
[pe-async] round=  6 R=8 dirty=      250 runs=      125 filter=  0.972ms semisort=  0.080ms
[pe-async] round=  7 R=9 dirty=       50 runs=       25 filter=  0.971ms semisort=  0.022ms
[pe-async] round=  8 R=10 dirty=       10 runs=        5 filter=  1.145ms semisort=  0.007ms
[pe-async] round=  9 R=11 dirty=        2 runs=        1 filter=  0.994ms semisort=  0.004ms
[pe-async] round= 10 R=12 dirty=        0 filter=  1.039ms (clean break)
[pe-async] round=  0 R=2 dirty=  1024000 runs=   512000 filter=  0.910ms semisort= 11.029ms
[pe-async] round=  1 R=3 dirty=   531250 runs=   328125 filter=  1.033ms semisort=  5.343ms
[pe-async] round=  2 R=4 dirty=   156250 runs=    93750 filter=  1.141ms semisort=  2.308ms
[pe-async] round=  3 R=5 dirty=    31250 runs=    15625 filter=  1.165ms semisort=  1.349ms
[pe-async] round=  4 R=6 dirty=     6250 runs=     3125 filter=  0.985ms semisort=  0.379ms
[pe-async] round=  5 R=7 dirty=     1250 runs=      625 filter=  0.947ms semisort=  0.132ms
[pe-async] round=  6 R=8 dirty=      250 runs=      125 filter=  1.162ms semisort=  0.089ms
[pe-async] round=  7 R=9 dirty=       50 runs=       25 filter=  0.962ms semisort=  0.023ms
[pe-async] round=  8 R=10 dirty=       10 runs=        5 filter=  1.075ms semisort=  0.008ms
[pe-async] round=  9 R=11 dirty=        2 runs=        1 filter=  1.022ms semisort=  0.005ms
[pe-async] round= 10 R=12 dirty=        0 filter=  1.008ms (clean break)
[pe-async] round=  0 R=2 dirty=  1024000 runs=   512000 filter=  1.087ms semisort= 11.158ms
[pe-async] round=  1 R=3 dirty=   531250 runs=   328125 filter=  1.039ms semisort=  5.487ms
[pe-async] round=  2 R=4 dirty=   156250 runs=    93750 filter=  1.203ms semisort=  2.254ms
[pe-async] round=  3 R=5 dirty=    31250 runs=    15625 filter=  0.983ms semisort=  1.547ms
[pe-async] round=  4 R=6 dirty=     6250 runs=     3125 filter=  0.942ms semisort=  0.384ms
[pe-async] round=  5 R=7 dirty=     1250 runs=      625 filter=  1.040ms semisort=  0.127ms
[pe-async] round=  6 R=8 dirty=      250 runs=      125 filter=  0.957ms semisort=  0.086ms
[pe-async] round=  7 R=9 dirty=       50 runs=       25 filter=  0.978ms semisort=  0.020ms
[pe-async] round=  8 R=10 dirty=       10 runs=        5 filter=  1.002ms semisort=  0.007ms
[pe-async] round=  9 R=11 dirty=        2 runs=        1 filter=  0.991ms semisort=  0.004ms
[pe-async] round= 10 R=12 dirty=        0 filter=  1.013ms (clean break)
[pe-async] round=  0 R=2 dirty=  1024000 runs=   512000 filter=  0.890ms semisort= 11.335ms
[pe-async] round=  1 R=3 dirty=   531250 runs=   328125 filter=  0.974ms semisort=  5.458ms
[pe-async] round=  2 R=4 dirty=   156250 runs=    93750 filter=  1.129ms semisort=  2.061ms
[pe-async] round=  3 R=5 dirty=    31250 runs=    15625 filter=  1.135ms semisort=  1.508ms
[pe-async] round=  4 R=6 dirty=     6250 runs=     3125 filter=  1.042ms semisort=  0.370ms
[pe-async] round=  5 R=7 dirty=     1250 runs=      625 filter=  0.991ms semisort=  0.131ms
[pe-async] round=  6 R=8 dirty=      250 runs=      125 filter=  0.985ms semisort=  0.090ms
[pe-async] round=  7 R=9 dirty=       50 runs=       25 filter=  0.964ms semisort=  0.022ms
[pe-async] round=  8 R=10 dirty=       10 runs=        5 filter=  1.014ms semisort=  0.008ms
[pe-async] round=  9 R=11 dirty=        2 runs=        1 filter=  1.016ms semisort=  0.004ms
[pe-async] round= 10 R=12 dirty=        0 filter=  0.975ms (clean break)
