[synthetic_bench] cube n=155 d=5 classes=12122372 merges=155 ...
[pe] round=  0 work=      310 frontier=  7447750 next=  3723875 consolidate=  8.431ms frontier= 16.967ms semisort= 98.886ms (keyed=11.672ms group_by=  1.899ms per_group=49.710ms)
[pe] round=  1 work=  3723875 frontier=  3750000 next=  1848875 consolidate=133.027ms frontier= 12.443ms semisort= 52.925ms (keyed= 8.534ms group_by=  0.461ms per_group=25.716ms)
[pe] round=  2 work=  1848875 frontier=   781250 next=   390625 consolidate= 69.121ms frontier=  6.869ms semisort= 14.509ms (keyed= 1.244ms group_by=  0.177ms per_group= 6.468ms)
[pe] round=  3 work=   390625 frontier=   156250 next=    78125 consolidate= 16.698ms frontier=  2.889ms semisort=  7.090ms (keyed= 0.044ms group_by=  3.888ms per_group= 1.768ms)
[pe] round=  4 work=    78125 frontier=   156250 next=    15625 consolidate=  3.575ms frontier=  0.395ms semisort=  3.179ms (keyed= 0.051ms group_by=  1.722ms per_group= 0.402ms)
[pe] round=  5 work=    15625 frontier=    31250 next=     3125 consolidate=  1.018ms frontier=  0.174ms semisort=  0.909ms (keyed= 0.099ms group_by=  0.428ms per_group= 0.144ms)
[pe] round=  6 work=     3125 frontier=     6250 next=      625 consolidate=  0.586ms frontier=  0.088ms semisort=  0.698ms (keyed= 0.013ms group_by=  0.503ms per_group= 0.096ms)
[pe] round=  7 work=      625 frontier=     1250 next=      125 consolidate=  0.156ms frontier=  0.030ms semisort=  0.147ms (keyed= 0.005ms group_by=  0.059ms per_group= 0.039ms)
[pe] round=  8 work=      125 frontier=      250 next=       25 consolidate=  0.081ms frontier=  0.008ms semisort=  0.025ms (keyed= 0.001ms group_by=  0.009ms per_group= 0.008ms)
[pe] round=  9 work=       25 frontier=       50 next=        5 consolidate=  0.022ms frontier=  0.001ms semisort=  0.006ms (keyed= 0.000ms group_by=  0.002ms per_group= 0.002ms)
[pe] round= 10 work=        5 frontier=       10 next=        1 consolidate=  0.004ms frontier=  0.001ms semisort=  0.002ms (keyed= 0.000ms group_by=  0.001ms per_group= 0.001ms)
[pe] round= 11 work=        1 (tail-skip: all parents empty)
[pe] round=  0 work=      310 frontier=  7447750 next=  3723875 consolidate=  0.813ms frontier=  9.054ms semisort= 93.588ms (keyed= 9.848ms group_by=  0.718ms per_group=48.380ms)
[pe] round=  1 work=  3723875 frontier=  3750000 next=  1848875 consolidate=145.492ms frontier= 12.045ms semisort= 48.972ms (keyed= 6.378ms group_by=  0.462ms per_group=24.935ms)
[pe] round=  2 work=  1848875 frontier=   781250 next=   390625 consolidate= 75.188ms frontier=  6.187ms semisort= 13.359ms (keyed= 1.462ms group_by=  0.142ms per_group= 6.017ms)
[pe] round=  3 work=   390625 frontier=   156250 next=    78125 consolidate= 17.584ms frontier=  2.431ms semisort= 10.122ms (keyed= 0.046ms group_by=  6.931ms per_group= 1.794ms)
[pe] round=  4 work=    78125 frontier=   156250 next=    15625 consolidate=  3.776ms frontier=  0.401ms semisort=  3.535ms (keyed= 0.052ms group_by=  2.036ms per_group= 0.425ms)
[pe] round=  5 work=    15625 frontier=    31250 next=     3125 consolidate=  1.002ms frontier=  0.191ms semisort=  0.724ms (keyed= 0.018ms group_by=  0.321ms per_group= 0.144ms)
[pe] round=  6 work=     3125 frontier=     6250 next=      625 consolidate=  0.615ms frontier=  0.113ms semisort=  0.674ms (keyed= 0.011ms group_by=  0.501ms per_group= 0.062ms)
[pe] round=  7 work=      625 frontier=     1250 next=      125 consolidate=  0.168ms frontier=  0.030ms semisort=  0.145ms (keyed= 0.005ms group_by=  0.060ms per_group= 0.037ms)
[pe] round=  8 work=      125 frontier=      250 next=       25 consolidate=  0.076ms frontier=  0.007ms semisort=  0.040ms (keyed= 0.001ms group_by=  0.017ms per_group= 0.010ms)
[pe] round=  9 work=       25 frontier=       50 next=        5 consolidate=  0.018ms frontier=  0.003ms semisort=  0.008ms (keyed= 0.000ms group_by=  0.002ms per_group= 0.002ms)
[pe] round= 10 work=        5 frontier=       10 next=        1 consolidate=  0.005ms frontier=  0.001ms semisort=  0.003ms (keyed= 0.000ms group_by=  0.001ms per_group= 0.001ms)
[pe] round= 11 work=        1 (tail-skip: all parents empty)
[pe] round=  0 work=      310 frontier=  7447750 next=  3723875 consolidate=  0.787ms frontier=  9.289ms semisort= 94.798ms (keyed= 9.517ms group_by=  0.715ms per_group=49.442ms)
[pe] round=  1 work=  3723875 frontier=  3750000 next=  1848875 consolidate=142.993ms frontier= 11.034ms semisort= 48.113ms (keyed= 4.749ms group_by=  0.405ms per_group=25.182ms)
[pe] round=  2 work=  1848875 frontier=   781250 next=   390625 consolidate= 71.664ms frontier=  6.424ms semisort= 13.264ms (keyed= 1.401ms group_by=  0.148ms per_group= 6.002ms)
[pe] round=  3 work=   390625 frontier=   156250 next=    78125 consolidate= 17.665ms frontier=  2.446ms semisort=  7.180ms (keyed= 0.042ms group_by=  3.926ms per_group= 1.852ms)
[pe] round=  4 work=    78125 frontier=   156250 next=    15625 consolidate=  3.695ms frontier=  0.334ms semisort=  3.487ms (keyed= 0.050ms group_by=  2.074ms per_group= 0.434ms)
[pe] round=  5 work=    15625 frontier=    31250 next=     3125 consolidate=  1.088ms frontier=  0.168ms semisort=  0.716ms (keyed= 0.026ms group_by=  0.315ms per_group= 0.133ms)
[pe] round=  6 work=     3125 frontier=     6250 next=      625 consolidate=  0.604ms frontier=  0.111ms semisort=  0.700ms (keyed= 0.012ms group_by=  0.510ms per_group= 0.089ms)
[pe] round=  7 work=      625 frontier=     1250 next=      125 consolidate=  0.161ms frontier=  0.029ms semisort=  0.150ms (keyed= 0.006ms group_by=  0.062ms per_group= 0.037ms)
[pe] round=  8 work=      125 frontier=      250 next=       25 consolidate=  0.074ms frontier=  0.007ms semisort=  0.030ms (keyed= 0.001ms group_by=  0.012ms per_group= 0.008ms)
[pe] round=  9 work=       25 frontier=       50 next=        5 consolidate=  0.024ms frontier=  0.002ms semisort=  0.007ms (keyed= 0.000ms group_by=  0.002ms per_group= 0.002ms)
[pe] round= 10 work=        5 frontier=       10 next=        1 consolidate=  0.005ms frontier=  0.001ms semisort=  0.002ms (keyed= 0.000ms group_by=  0.001ms per_group= 0.001ms)
[pe] round= 11 work=        1 (tail-skip: all parents empty)
[pe] round=  0 work=      310 frontier=  7447750 next=  3723875 consolidate=  0.814ms frontier=  9.774ms semisort= 95.073ms (keyed= 9.002ms group_by=  0.701ms per_group=49.984ms)
[pe] round=  1 work=  3723875 frontier=  3750000 next=  1848875 consolidate=142.972ms frontier= 11.322ms semisort= 48.184ms (keyed= 4.927ms group_by=  0.418ms per_group=25.406ms)
[pe] round=  2 work=  1848875 frontier=   781250 next=   390625 consolidate= 70.920ms frontier=  6.986ms semisort= 13.272ms (keyed= 1.116ms group_by=  0.156ms per_group= 6.211ms)
[pe] round=  3 work=   390625 frontier=   156250 next=    78125 consolidate= 17.897ms frontier=  2.300ms semisort=  7.182ms (keyed= 0.048ms group_by=  3.934ms per_group= 1.875ms)
[pe] round=  4 work=    78125 frontier=   156250 next=    15625 consolidate=  3.722ms frontier=  0.401ms semisort=  3.321ms (keyed= 0.048ms group_by=  1.887ms per_group= 0.454ms)
[pe] round=  5 work=    15625 frontier=    31250 next=     3125 consolidate=  0.994ms frontier=  0.177ms semisort=  0.747ms (keyed= 0.015ms group_by=  0.324ms per_group= 0.164ms)
[pe] round=  6 work=     3125 frontier=     6250 next=      625 consolidate=  0.605ms frontier=  0.111ms semisort=  0.680ms (keyed= 0.015ms group_by=  0.502ms per_group= 0.069ms)
[pe] round=  7 work=      625 frontier=     1250 next=      125 consolidate=  0.169ms frontier=  0.030ms semisort=  0.148ms (keyed= 0.006ms group_by=  0.064ms per_group= 0.033ms)
[pe] round=  8 work=      125 frontier=      250 next=       25 consolidate=  0.077ms frontier=  0.008ms semisort=  0.034ms (keyed= 0.001ms group_by=  0.011ms per_group= 0.008ms)
[pe] round=  9 work=       25 frontier=       50 next=        5 consolidate=  0.023ms frontier=  0.002ms semisort=  0.006ms (keyed= 0.000ms group_by=  0.002ms per_group= 0.002ms)
[pe] round= 10 work=        5 frontier=       10 next=        1 consolidate=  0.005ms frontier=  0.001ms semisort=  0.003ms (keyed= 0.000ms group_by=  0.001ms per_group= 0.001ms)
[pe] round= 11 work=        1 (tail-skip: all parents empty)
[pe] round=  0 work=      310 frontier=  7447750 next=  3723875 consolidate=  0.787ms frontier=  8.693ms semisort= 94.470ms (keyed= 9.544ms group_by=  0.668ms per_group=49.649ms)
[pe] round=  1 work=  3723875 frontier=  3750000 next=  1848875 consolidate=142.284ms frontier= 11.371ms semisort= 47.749ms (keyed= 4.772ms group_by=  0.388ms per_group=25.344ms)
[pe] round=  2 work=  1848875 frontier=   781250 next=   390625 consolidate= 71.486ms frontier=  6.525ms semisort= 13.225ms (keyed= 1.138ms group_by=  0.145ms per_group= 6.263ms)
[pe] round=  3 work=   390625 frontier=   156250 next=    78125 consolidate= 17.617ms frontier=  2.261ms semisort=  7.378ms (keyed= 0.040ms group_by=  4.049ms per_group= 1.911ms)
[pe] round=  4 work=    78125 frontier=   156250 next=    15625 consolidate=  3.789ms frontier=  0.329ms semisort=  3.218ms (keyed= 0.047ms group_by=  1.811ms per_group= 0.446ms)
[pe] round=  5 work=    15625 frontier=    31250 next=     3125 consolidate=  1.045ms frontier=  0.158ms semisort=  0.728ms (keyed= 0.015ms group_by=  0.325ms per_group= 0.147ms)
[pe] round=  6 work=     3125 frontier=     6250 next=      625 consolidate=  0.622ms frontier=  0.094ms semisort=  0.647ms (keyed= 0.012ms group_by=  0.475ms per_group= 0.049ms)
[pe] round=  7 work=      625 frontier=     1250 next=      125 consolidate=  0.142ms frontier=  0.029ms semisort=  0.148ms (keyed= 0.010ms group_by=  0.058ms per_group= 0.035ms)
[pe] round=  8 work=      125 frontier=      250 next=       25 consolidate=  0.077ms frontier=  0.007ms semisort=  0.025ms (keyed= 0.001ms group_by=  0.010ms per_group= 0.008ms)
[pe] round=  9 work=       25 frontier=       50 next=        5 consolidate=  0.023ms frontier=  0.001ms semisort=  0.006ms (keyed= 0.000ms group_by=  0.002ms per_group= 0.002ms)
[pe] round= 10 work=        5 frontier=       10 next=        1 consolidate=  0.005ms frontier=  0.001ms semisort=  0.002ms (keyed= 0.000ms group_by=  0.001ms per_group= 0.001ms)
[pe] round= 11 work=        1 (tail-skip: all parents empty)
[pe] round=  0 work=      310 frontier=  7447750 next=  3723875 consolidate=  0.787ms frontier=  9.457ms semisort= 94.003ms (keyed= 9.656ms group_by=  0.724ms per_group=49.326ms)
[pe] round=  1 work=  3723875 frontier=  3750000 next=  1848875 consolidate=142.475ms frontier= 11.739ms semisort= 47.522ms (keyed= 4.492ms group_by=  0.415ms per_group=25.190ms)
[pe] round=  2 work=  1848875 frontier=   781250 next=   390625 consolidate= 71.032ms frontier=  6.106ms semisort= 13.480ms (keyed= 1.403ms group_by=  0.181ms per_group= 5.992ms)
[pe] round=  3 work=   390625 frontier=   156250 next=    78125 consolidate= 17.371ms frontier=  2.242ms semisort=  7.228ms (keyed= 0.044ms group_by=  3.960ms per_group= 1.896ms)
[pe] round=  4 work=    78125 frontier=   156250 next=    15625 consolidate=  3.780ms frontier=  0.315ms semisort=  3.124ms (keyed= 0.052ms group_by=  1.723ms per_group= 0.434ms)
[pe] round=  5 work=    15625 frontier=    31250 next=     3125 consolidate=  0.966ms frontier=  0.181ms semisort=  0.717ms (keyed= 0.016ms group_by=  0.313ms per_group= 0.135ms)
[pe] round=  6 work=     3125 frontier=     6250 next=      625 consolidate=  0.681ms frontier=  0.114ms semisort=  0.638ms (keyed= 0.013ms group_by=  0.492ms per_group= 0.048ms)
[pe] round=  7 work=      625 frontier=     1250 next=      125 consolidate=  0.173ms frontier=  0.032ms semisort=  0.147ms (keyed= 0.005ms group_by=  0.059ms per_group= 0.038ms)
[pe] round=  8 work=      125 frontier=      250 next=       25 consolidate=  0.079ms frontier=  0.007ms semisort=  0.029ms (keyed= 0.001ms group_by=  0.012ms per_group= 0.008ms)
[pe] round=  9 work=       25 frontier=       50 next=        5 consolidate=  0.023ms frontier=  0.001ms semisort=  0.006ms (keyed= 0.000ms group_by=  0.002ms per_group= 0.002ms)
[pe] round= 10 work=        5 frontier=       10 next=        1 consolidate=  0.005ms frontier=  0.001ms semisort=  0.002ms (keyed= 0.000ms group_by=  0.001ms per_group= 0.001ms)
[pe] round= 11 work=        1 (tail-skip: all parents empty)
[pe-async] round=  0 R=2 dirty=  7447750 runs=  3723875 filter=  5.505ms semisort= 58.905ms
[pe-async] round=  1 R=3 dirty=  3750000 runs=  1901125 filter=  5.928ms semisort= 33.243ms
[pe-async] round=  2 R=4 dirty=   781250 runs=   390625 filter=  6.253ms semisort=  7.904ms
[pe-async] round=  3 R=5 dirty=   156250 runs=    78125 filter=  5.746ms semisort=  1.884ms
[pe-async] round=  4 R=6 dirty=    31250 runs=    15625 filter=  5.545ms semisort=  1.544ms
[pe-async] round=  5 R=7 dirty=     6250 runs=     3125 filter=  5.466ms semisort=  0.378ms
[pe-async] round=  6 R=8 dirty=     1250 runs=      625 filter=  5.489ms semisort=  0.132ms
[pe-async] round=  7 R=9 dirty=      250 runs=      125 filter=  5.467ms semisort=  0.109ms
[pe-async] round=  8 R=10 dirty=       50 runs=       25 filter=  5.414ms semisort=  0.028ms
[pe-async] round=  9 R=11 dirty=       10 runs=        5 filter=  5.388ms semisort=  0.012ms
[pe-async] round= 10 R=12 dirty=        2 runs=        1 filter=  5.453ms semisort=  0.007ms
[pe-async] round= 11 R=13 dirty=        0 filter=  5.388ms (clean break)
[pe-async] round=  0 R=2 dirty=  7447750 runs=  3723875 filter=  5.319ms semisort= 57.971ms
[pe-async] round=  1 R=3 dirty=  3750000 runs=  1901125 filter=  6.282ms semisort= 30.619ms
[pe-async] round=  2 R=4 dirty=   781250 runs=   390625 filter=  6.200ms semisort=  7.953ms
[pe-async] round=  3 R=5 dirty=   156250 runs=    78125 filter=  5.760ms semisort=  1.869ms
[pe-async] round=  4 R=6 dirty=    31250 runs=    15625 filter=  5.631ms semisort=  1.314ms
[pe-async] round=  5 R=7 dirty=     6250 runs=     3125 filter=  5.460ms semisort=  0.344ms
[pe-async] round=  6 R=8 dirty=     1250 runs=      625 filter=  5.462ms semisort=  0.127ms
[pe-async] round=  7 R=9 dirty=      250 runs=      125 filter=  5.418ms semisort=  0.044ms
[pe-async] round=  8 R=10 dirty=       50 runs=       25 filter=  5.402ms semisort=  0.030ms
[pe-async] round=  9 R=11 dirty=       10 runs=        5 filter=  5.402ms semisort=  0.012ms
[pe-async] round= 10 R=12 dirty=        2 runs=        1 filter=  5.433ms semisort=  0.008ms
[pe-async] round= 11 R=13 dirty=        0 filter=  5.385ms (clean break)
[pe-async] round=  0 R=2 dirty=  7447750 runs=  3723875 filter=  5.286ms semisort= 56.929ms
[pe-async] round=  1 R=3 dirty=  3750000 runs=  1901125 filter=  5.905ms semisort= 30.609ms
[pe-async] round=  2 R=4 dirty=   781250 runs=   390625 filter=  6.224ms semisort=  7.903ms
[pe-async] round=  3 R=5 dirty=   156250 runs=    78125 filter=  5.767ms semisort=  1.891ms
[pe-async] round=  4 R=6 dirty=    31250 runs=    15625 filter=  5.514ms semisort=  1.297ms
[pe-async] round=  5 R=7 dirty=     6250 runs=     3125 filter=  5.477ms semisort=  0.350ms
[pe-async] round=  6 R=8 dirty=     1250 runs=      625 filter=  5.502ms semisort=  0.134ms
[pe-async] round=  7 R=9 dirty=      250 runs=      125 filter=  5.367ms semisort=  0.043ms
[pe-async] round=  8 R=10 dirty=       50 runs=       25 filter=  5.406ms semisort=  0.033ms
[pe-async] round=  9 R=11 dirty=       10 runs=        5 filter=  5.369ms semisort=  0.012ms
[pe-async] round= 10 R=12 dirty=        2 runs=        1 filter=  5.330ms semisort=  0.008ms
[pe-async] round= 11 R=13 dirty=        0 filter=  5.360ms (clean break)
[pe-async] round=  0 R=2 dirty=  7447750 runs=  3723875 filter=  5.411ms semisort= 57.050ms
[pe-async] round=  1 R=3 dirty=  3750000 runs=  1901125 filter=  5.924ms semisort= 30.507ms
[pe-async] round=  2 R=4 dirty=   781250 runs=   390625 filter=  6.258ms semisort=  7.918ms
[pe-async] round=  3 R=5 dirty=   156250 runs=    78125 filter=  5.762ms semisort=  1.901ms
[pe-async] round=  4 R=6 dirty=    31250 runs=    15625 filter=  5.642ms semisort=  1.542ms
[pe-async] round=  5 R=7 dirty=     6250 runs=     3125 filter=  5.534ms semisort=  0.380ms
[pe-async] round=  6 R=8 dirty=     1250 runs=      625 filter=  5.445ms semisort=  0.131ms
[pe-async] round=  7 R=9 dirty=      250 runs=      125 filter=  5.445ms semisort=  0.077ms
[pe-async] round=  8 R=10 dirty=       50 runs=       25 filter=  5.426ms semisort=  0.028ms
[pe-async] round=  9 R=11 dirty=       10 runs=        5 filter=  5.361ms semisort=  0.013ms
[pe-async] round= 10 R=12 dirty=        2 runs=        1 filter=  5.423ms semisort=  0.008ms
[pe-async] round= 11 R=13 dirty=        0 filter=  5.371ms (clean break)
[pe-async] round=  0 R=2 dirty=  7447750 runs=  3723875 filter=  5.315ms semisort= 57.180ms
[pe-async] round=  1 R=3 dirty=  3750000 runs=  1901125 filter=  5.883ms semisort= 30.133ms
[pe-async] round=  2 R=4 dirty=   781250 runs=   390625 filter=  6.193ms semisort=  7.911ms
[pe-async] round=  3 R=5 dirty=   156250 runs=    78125 filter=  5.735ms semisort=  1.896ms
[pe-async] round=  4 R=6 dirty=    31250 runs=    15625 filter=  5.558ms semisort=  1.302ms
[pe-async] round=  5 R=7 dirty=     6250 runs=     3125 filter=  5.395ms semisort=  0.382ms
[pe-async] round=  6 R=8 dirty=     1250 runs=      625 filter=  5.421ms semisort=  0.135ms
[pe-async] round=  7 R=9 dirty=      250 runs=      125 filter=  5.455ms semisort=  0.044ms
[pe-async] round=  8 R=10 dirty=       50 runs=       25 filter=  5.402ms semisort=  0.030ms
[pe-async] round=  9 R=11 dirty=       10 runs=        5 filter=  5.380ms semisort=  0.018ms
[pe-async] round= 10 R=12 dirty=        2 runs=        1 filter=  5.418ms semisort=  0.007ms
[pe-async] round= 11 R=13 dirty=        0 filter=  5.321ms (clean break)
[pe-async] round=  0 R=2 dirty=  7447750 runs=  3723875 filter=  5.287ms semisort= 57.825ms
[pe-async] round=  1 R=3 dirty=  3750000 runs=  1901125 filter=  5.896ms semisort= 31.609ms
[pe-async] round=  2 R=4 dirty=   781250 runs=   390625 filter=  6.171ms semisort=  8.055ms
[pe-async] round=  3 R=5 dirty=   156250 runs=    78125 filter=  5.782ms semisort=  1.889ms
[pe-async] round=  4 R=6 dirty=    31250 runs=    15625 filter=  5.555ms semisort=  1.559ms
[pe-async] round=  5 R=7 dirty=     6250 runs=     3125 filter=  5.403ms semisort=  0.332ms
[pe-async] round=  6 R=8 dirty=     1250 runs=      625 filter=  5.447ms semisort=  0.128ms
[pe-async] round=  7 R=9 dirty=      250 runs=      125 filter=  5.449ms semisort=  0.105ms
[pe-async] round=  8 R=10 dirty=       50 runs=       25 filter=  5.414ms semisort=  0.031ms
[pe-async] round=  9 R=11 dirty=       10 runs=        5 filter=  5.501ms semisort=  0.015ms
[pe-async] round= 10 R=12 dirty=        2 runs=        1 filter=  5.373ms semisort=  0.008ms
[pe-async] round= 11 R=13 dirty=        0 filter=  5.389ms (clean break)
