[synthetic_bench] cube n=105 d=5 classes=3286772 merges=105 ...
[pe] round=  0 work=      210 frontier=  2315250 next=  1157625 consolidate=  2.474ms frontier= 13.797ms semisort= 24.554ms (keyed= 5.280ms group_by=  1.080ms per_group= 6.742ms)
[pe] round=  1 work=  1157625 frontier=   777250 next=   388000 consolidate= 18.439ms frontier=  4.157ms semisort=  6.196ms (keyed= 0.792ms group_by=  0.223ms per_group= 2.831ms)
[pe] round=  2 work=   388000 frontier=   156250 next=    78125 consolidate=  6.714ms frontier=  2.520ms semisort=  6.416ms (keyed= 0.041ms group_by=  4.903ms per_group= 0.639ms)
[pe] round=  3 work=    78125 frontier=   156250 next=    15625 consolidate=  2.054ms frontier=  0.416ms semisort=  3.546ms (keyed= 0.049ms group_by=  2.707ms per_group= 0.315ms)
[pe] round=  4 work=    15625 frontier=    31250 next=     3125 consolidate=  0.547ms frontier=  0.230ms semisort=  0.838ms (keyed= 0.034ms group_by=  0.463ms per_group= 0.142ms)
[pe] round=  5 work=     3125 frontier=     6250 next=      625 consolidate=  0.550ms frontier=  0.187ms semisort=  0.787ms (keyed= 0.021ms group_by=  0.627ms per_group= 0.050ms)
[pe] round=  6 work=      625 frontier=     1250 next=      125 consolidate=  0.198ms frontier=  0.044ms semisort=  0.171ms (keyed= 0.005ms group_by=  0.093ms per_group= 0.030ms)
[pe] round=  7 work=      125 frontier=      250 next=       25 consolidate=  0.043ms frontier=  0.012ms semisort=  0.050ms (keyed= 0.001ms group_by=  0.016ms per_group= 0.016ms)
[pe] round=  8 work=       25 frontier=       50 next=        5 consolidate=  0.040ms frontier=  0.004ms semisort=  0.009ms (keyed= 0.001ms group_by=  0.003ms per_group= 0.003ms)
[pe] round=  9 work=        5 frontier=       10 next=        1 consolidate=  0.005ms frontier=  0.001ms semisort=  0.003ms (keyed= 0.000ms group_by=  0.001ms per_group= 0.001ms)
[pe] round= 10 work=        1 (tail-skip: all parents empty)
[pe] round=  0 work=      210 frontier=  2315250 next=  1157625 consolidate=  0.710ms frontier=  2.490ms semisort= 15.266ms (keyed= 2.806ms group_by=  0.203ms per_group= 5.479ms)
[pe] round=  1 work=  1157625 frontier=   777250 next=   388000 consolidate= 14.329ms frontier=  4.005ms semisort=  5.499ms (keyed= 0.874ms group_by=  0.338ms per_group= 1.899ms)
[pe] round=  2 work=   388000 frontier=   156250 next=    78125 consolidate=  7.242ms frontier=  2.557ms semisort=  5.214ms (keyed= 0.040ms group_by=  3.686ms per_group= 0.639ms)
[pe] round=  3 work=    78125 frontier=   156250 next=    15625 consolidate=  1.923ms frontier=  0.483ms semisort=  2.511ms (keyed= 0.044ms group_by=  1.688ms per_group= 0.323ms)
[pe] round=  4 work=    15625 frontier=    31250 next=     3125 consolidate=  0.570ms frontier=  0.180ms semisort=  0.859ms (keyed= 0.029ms group_by=  0.512ms per_group= 0.123ms)
[pe] round=  5 work=     3125 frontier=     6250 next=      625 consolidate=  0.522ms frontier=  0.121ms semisort=  0.652ms (keyed= 0.016ms group_by=  0.476ms per_group= 0.049ms)
[pe] round=  6 work=      625 frontier=     1250 next=      125 consolidate=  0.198ms frontier=  0.040ms semisort=  0.172ms (keyed= 0.009ms group_by=  0.084ms per_group= 0.040ms)
[pe] round=  7 work=      125 frontier=      250 next=       25 consolidate=  0.041ms frontier=  0.011ms semisort=  0.048ms (keyed= 0.001ms group_by=  0.015ms per_group= 0.016ms)
[pe] round=  8 work=       25 frontier=       50 next=        5 consolidate=  0.025ms frontier=  0.003ms semisort=  0.009ms (keyed= 0.000ms group_by=  0.003ms per_group= 0.003ms)
[pe] round=  9 work=        5 frontier=       10 next=        1 consolidate=  0.006ms frontier=  0.001ms semisort=  0.003ms (keyed= 0.000ms group_by=  0.001ms per_group= 0.001ms)
[pe] round= 10 work=        1 (tail-skip: all parents empty)
[pe] round=  0 work=      210 frontier=  2315250 next=  1157625 consolidate=  0.668ms frontier=  2.584ms semisort= 15.035ms (keyed= 3.180ms group_by=  0.209ms per_group= 5.984ms)
[pe] round=  1 work=  1157625 frontier=   777250 next=   388000 consolidate= 14.906ms frontier=  3.759ms semisort=  5.459ms (keyed= 0.769ms group_by=  0.250ms per_group= 2.044ms)
[pe] round=  2 work=   388000 frontier=   156250 next=    78125 consolidate=  7.242ms frontier=  2.206ms semisort=  5.287ms (keyed= 0.043ms group_by=  3.811ms per_group= 0.630ms)
[pe] round=  3 work=    78125 frontier=   156250 next=    15625 consolidate=  2.000ms frontier=  0.422ms semisort=  3.219ms (keyed= 0.043ms group_by=  2.397ms per_group= 0.305ms)
[pe] round=  4 work=    15625 frontier=    31250 next=     3125 consolidate=  0.572ms frontier=  0.195ms semisort=  0.918ms (keyed= 0.038ms group_by=  0.577ms per_group= 0.103ms)
[pe] round=  5 work=     3125 frontier=     6250 next=      625 consolidate=  0.506ms frontier=  0.127ms semisort=  0.779ms (keyed= 0.019ms group_by=  0.573ms per_group= 0.087ms)
[pe] round=  6 work=      625 frontier=     1250 next=      125 consolidate=  0.195ms frontier=  0.038ms semisort=  0.138ms (keyed= 0.004ms group_by=  0.065ms per_group= 0.033ms)
[pe] round=  7 work=      125 frontier=      250 next=       25 consolidate=  0.044ms frontier=  0.009ms semisort=  0.032ms (keyed= 0.001ms group_by=  0.010ms per_group= 0.011ms)
[pe] round=  8 work=       25 frontier=       50 next=        5 consolidate=  0.025ms frontier=  0.003ms semisort=  0.006ms (keyed= 0.000ms group_by=  0.002ms per_group= 0.002ms)
[pe] round=  9 work=        5 frontier=       10 next=        1 consolidate=  0.006ms frontier=  0.001ms semisort=  0.002ms (keyed= 0.000ms group_by=  0.001ms per_group= 0.001ms)
[pe] round= 10 work=        1 (tail-skip: all parents empty)
[pe] round=  0 work=      210 frontier=  2315250 next=  1157625 consolidate=  0.680ms frontier=  2.453ms semisort= 14.744ms (keyed= 3.005ms group_by=  0.193ms per_group= 5.977ms)
[pe] round=  1 work=  1157625 frontier=   777250 next=   388000 consolidate= 18.509ms frontier=  3.607ms semisort=  5.354ms (keyed= 0.825ms group_by=  0.117ms per_group= 2.030ms)
[pe] round=  2 work=   388000 frontier=   156250 next=    78125 consolidate=  7.254ms frontier=  2.129ms semisort=  5.244ms (keyed= 0.044ms group_by=  3.785ms per_group= 0.642ms)
[pe] round=  3 work=    78125 frontier=   156250 next=    15625 consolidate=  1.864ms frontier=  0.425ms semisort=  2.959ms (keyed= 0.046ms group_by=  2.135ms per_group= 0.329ms)
[pe] round=  4 work=    15625 frontier=    31250 next=     3125 consolidate=  0.551ms frontier=  0.223ms semisort=  0.821ms (keyed= 0.035ms group_by=  0.473ms per_group= 0.108ms)
[pe] round=  5 work=     3125 frontier=     6250 next=      625 consolidate=  0.536ms frontier=  0.127ms semisort=  0.628ms (keyed= 0.017ms group_by=  0.469ms per_group= 0.054ms)
[pe] round=  6 work=      625 frontier=     1250 next=      125 consolidate=  0.185ms frontier=  0.045ms semisort=  0.169ms (keyed= 0.005ms group_by=  0.089ms per_group= 0.022ms)
[pe] round=  7 work=      125 frontier=      250 next=       25 consolidate=  0.056ms frontier=  0.011ms semisort=  0.061ms (keyed= 0.002ms group_by=  0.015ms per_group= 0.027ms)
[pe] round=  8 work=       25 frontier=       50 next=        5 consolidate=  0.034ms frontier=  0.003ms semisort=  0.009ms (keyed= 0.000ms group_by=  0.003ms per_group= 0.003ms)
[pe] round=  9 work=        5 frontier=       10 next=        1 consolidate=  0.006ms frontier=  0.001ms semisort=  0.003ms (keyed= 0.000ms group_by=  0.001ms per_group= 0.001ms)
[pe] round= 10 work=        1 (tail-skip: all parents empty)
[pe] round=  0 work=      210 frontier=  2315250 next=  1157625 consolidate=  0.691ms frontier=  2.477ms semisort= 15.202ms (keyed= 3.232ms group_by=  0.185ms per_group= 6.205ms)
[pe] round=  1 work=  1157625 frontier=   777250 next=   388000 consolidate= 15.605ms frontier=  3.539ms semisort=  6.022ms (keyed= 1.092ms group_by=  0.363ms per_group= 2.043ms)
[pe] round=  2 work=   388000 frontier=   156250 next=    78125 consolidate=  7.168ms frontier=  2.156ms semisort=  5.394ms (keyed= 0.048ms group_by=  3.932ms per_group= 0.642ms)
[pe] round=  3 work=    78125 frontier=   156250 next=    15625 consolidate=  1.952ms frontier=  0.416ms semisort=  3.307ms (keyed= 0.048ms group_by=  2.508ms per_group= 0.304ms)
[pe] round=  4 work=    15625 frontier=    31250 next=     3125 consolidate=  0.536ms frontier=  0.227ms semisort=  0.832ms (keyed= 0.037ms group_by=  0.475ms per_group= 0.121ms)
[pe] round=  5 work=     3125 frontier=     6250 next=      625 consolidate=  0.501ms frontier=  0.141ms semisort=  0.774ms (keyed= 0.017ms group_by=  0.556ms per_group= 0.107ms)
[pe] round=  6 work=      625 frontier=     1250 next=      125 consolidate=  0.177ms frontier=  0.078ms semisort=  0.162ms (keyed= 0.005ms group_by=  0.090ms per_group= 0.027ms)
[pe] round=  7 work=      125 frontier=      250 next=       25 consolidate=  0.055ms frontier=  0.011ms semisort=  0.040ms (keyed= 0.001ms group_by=  0.016ms per_group= 0.012ms)
[pe] round=  8 work=       25 frontier=       50 next=        5 consolidate=  0.019ms frontier=  0.003ms semisort=  0.007ms (keyed= 0.000ms group_by=  0.002ms per_group= 0.002ms)
[pe] round=  9 work=        5 frontier=       10 next=        1 consolidate=  0.005ms frontier=  0.001ms semisort=  0.002ms (keyed= 0.000ms group_by=  0.001ms per_group= 0.001ms)
[pe] round= 10 work=        1 (tail-skip: all parents empty)
[pe] round=  0 work=      210 frontier=  2315250 next=  1157625 consolidate=  0.649ms frontier=  2.528ms semisort= 17.105ms (keyed= 3.709ms group_by=  0.188ms per_group= 6.238ms)
[pe] round=  1 work=  1157625 frontier=   777250 next=   388000 consolidate= 15.626ms frontier=  3.948ms semisort=  5.563ms (keyed= 0.977ms group_by=  0.120ms per_group= 2.205ms)
[pe] round=  2 work=   388000 frontier=   156250 next=    78125 consolidate=  7.254ms frontier=  2.317ms semisort=  5.318ms (keyed= 0.046ms group_by=  3.865ms per_group= 0.646ms)
[pe] round=  3 work=    78125 frontier=   156250 next=    15625 consolidate=  1.962ms frontier=  0.434ms semisort=  3.525ms (keyed= 0.046ms group_by=  2.682ms per_group= 0.333ms)
[pe] round=  4 work=    15625 frontier=    31250 next=     3125 consolidate=  0.577ms frontier=  0.190ms semisort=  0.716ms (keyed= 0.024ms group_by=  0.402ms per_group= 0.097ms)
[pe] round=  5 work=     3125 frontier=     6250 next=      625 consolidate=  0.509ms frontier=  0.137ms semisort=  0.686ms (keyed= 0.015ms group_by=  0.491ms per_group= 0.064ms)
[pe] round=  6 work=      625 frontier=     1250 next=      125 consolidate=  0.178ms frontier=  0.037ms semisort=  0.171ms (keyed= 0.004ms group_by=  0.088ms per_group= 0.032ms)
[pe] round=  7 work=      125 frontier=      250 next=       25 consolidate=  0.040ms frontier=  0.009ms semisort=  0.038ms (keyed= 0.001ms group_by=  0.015ms per_group= 0.013ms)
[pe] round=  8 work=       25 frontier=       50 next=        5 consolidate=  0.018ms frontier=  0.004ms semisort=  0.009ms (keyed= 0.000ms group_by=  0.003ms per_group= 0.003ms)
[pe] round=  9 work=        5 frontier=       10 next=        1 consolidate=  0.006ms frontier=  0.001ms semisort=  0.003ms (keyed= 0.000ms group_by=  0.001ms per_group= 0.001ms)
[pe] round= 10 work=        1 (tail-skip: all parents empty)
[pe-async] round=  0 R=2 dirty=  2315250 runs=  1157625 filter=  0.911ms semisort=  7.910ms
[pe-async] round=  1 R=3 dirty=   777250 runs=   389250 filter=  0.703ms semisort=  3.738ms
[pe-async] round=  2 R=4 dirty=   156250 runs=    78125 filter=  0.801ms semisort=  0.829ms
[pe-async] round=  3 R=5 dirty=    31250 runs=    15625 filter=  0.701ms semisort=  1.409ms
[pe-async] round=  4 R=6 dirty=     6250 runs=     3125 filter=  0.728ms semisort=  0.288ms
[pe-async] round=  5 R=7 dirty=     1250 runs=      625 filter=  0.706ms semisort=  0.116ms
[pe-async] round=  6 R=8 dirty=      250 runs=      125 filter=  0.706ms semisort=  0.060ms
[pe-async] round=  7 R=9 dirty=       50 runs=       25 filter=  0.716ms semisort=  0.047ms
[pe-async] round=  8 R=10 dirty=       10 runs=        5 filter=  0.717ms semisort=  0.009ms
[pe-async] round=  9 R=11 dirty=        2 runs=        1 filter=  0.714ms semisort=  0.005ms
[pe-async] round= 10 R=12 dirty=        0 filter=  0.694ms (clean break)
[pe-async] round=  0 R=2 dirty=  2315250 runs=  1157625 filter=  0.776ms semisort=  6.760ms
[pe-async] round=  1 R=3 dirty=   777250 runs=   389250 filter=  0.724ms semisort=  2.657ms
[pe-async] round=  2 R=4 dirty=   156250 runs=    78125 filter=  0.730ms semisort=  0.818ms
[pe-async] round=  3 R=5 dirty=    31250 runs=    15625 filter=  0.753ms semisort=  1.253ms
[pe-async] round=  4 R=6 dirty=     6250 runs=     3125 filter=  0.773ms semisort=  0.295ms
[pe-async] round=  5 R=7 dirty=     1250 runs=      625 filter=  0.778ms semisort=  0.116ms
[pe-async] round=  6 R=8 dirty=      250 runs=      125 filter=  0.773ms semisort=  0.054ms
[pe-async] round=  7 R=9 dirty=       50 runs=       25 filter=  0.722ms semisort=  0.041ms
[pe-async] round=  8 R=10 dirty=       10 runs=        5 filter=  0.863ms semisort=  0.009ms
[pe-async] round=  9 R=11 dirty=        2 runs=        1 filter=  0.775ms semisort=  0.006ms
[pe-async] round= 10 R=12 dirty=        0 filter=  0.776ms (clean break)
[pe-async] round=  0 R=2 dirty=  2315250 runs=  1157625 filter=  0.773ms semisort=  6.812ms
[pe-async] round=  1 R=3 dirty=   777250 runs=   389250 filter=  0.705ms semisort=  2.806ms
[pe-async] round=  2 R=4 dirty=   156250 runs=    78125 filter=  0.733ms semisort=  0.854ms
[pe-async] round=  3 R=5 dirty=    31250 runs=    15625 filter=  0.781ms semisort=  1.267ms
[pe-async] round=  4 R=6 dirty=     6250 runs=     3125 filter=  0.789ms semisort=  0.298ms
[pe-async] round=  5 R=7 dirty=     1250 runs=      625 filter=  0.783ms semisort=  0.118ms
[pe-async] round=  6 R=8 dirty=      250 runs=      125 filter=  0.804ms semisort=  0.057ms
[pe-async] round=  7 R=9 dirty=       50 runs=       25 filter=  0.805ms semisort=  0.059ms
[pe-async] round=  8 R=10 dirty=       10 runs=        5 filter=  0.773ms semisort=  0.009ms
[pe-async] round=  9 R=11 dirty=        2 runs=        1 filter=  0.769ms semisort=  0.005ms
[pe-async] round= 10 R=12 dirty=        0 filter=  0.775ms (clean break)
[pe-async] round=  0 R=2 dirty=  2315250 runs=  1157625 filter=  0.820ms semisort=  7.107ms
[pe-async] round=  1 R=3 dirty=   777250 runs=   389250 filter=  0.737ms semisort=  2.667ms
[pe-async] round=  2 R=4 dirty=   156250 runs=    78125 filter=  0.668ms semisort=  0.830ms
[pe-async] round=  3 R=5 dirty=    31250 runs=    15625 filter=  0.792ms semisort=  1.257ms
[pe-async] round=  4 R=6 dirty=     6250 runs=     3125 filter=  0.804ms semisort=  0.278ms
[pe-async] round=  5 R=7 dirty=     1250 runs=      625 filter=  0.772ms semisort=  0.115ms
[pe-async] round=  6 R=8 dirty=      250 runs=      125 filter=  0.790ms semisort=  0.054ms
[pe-async] round=  7 R=9 dirty=       50 runs=       25 filter=  0.793ms semisort=  0.055ms
[pe-async] round=  8 R=10 dirty=       10 runs=        5 filter=  0.788ms semisort=  0.010ms
[pe-async] round=  9 R=11 dirty=        2 runs=        1 filter=  0.807ms semisort=  0.006ms
[pe-async] round= 10 R=12 dirty=        0 filter=  0.789ms (clean break)
[pe-async] round=  0 R=2 dirty=  2315250 runs=  1157625 filter=  0.802ms semisort=  6.568ms
[pe-async] round=  1 R=3 dirty=   777250 runs=   389250 filter=  0.725ms semisort=  2.803ms
[pe-async] round=  2 R=4 dirty=   156250 runs=    78125 filter=  0.731ms semisort=  0.855ms
[pe-async] round=  3 R=5 dirty=    31250 runs=    15625 filter=  0.776ms semisort=  1.097ms
[pe-async] round=  4 R=6 dirty=     6250 runs=     3125 filter=  0.780ms semisort=  0.297ms
[pe-async] round=  5 R=7 dirty=     1250 runs=      625 filter=  0.760ms semisort=  0.111ms
[pe-async] round=  6 R=8 dirty=      250 runs=      125 filter=  0.789ms semisort=  0.065ms
[pe-async] round=  7 R=9 dirty=       50 runs=       25 filter=  0.784ms semisort=  0.044ms
[pe-async] round=  8 R=10 dirty=       10 runs=        5 filter=  0.788ms semisort=  0.010ms
[pe-async] round=  9 R=11 dirty=        2 runs=        1 filter=  0.764ms semisort=  0.006ms
[pe-async] round= 10 R=12 dirty=        0 filter=  0.760ms (clean break)
[pe-async] round=  0 R=2 dirty=  2315250 runs=  1157625 filter=  0.777ms semisort=  6.885ms
[pe-async] round=  1 R=3 dirty=   777250 runs=   389250 filter=  0.747ms semisort=  2.654ms
[pe-async] round=  2 R=4 dirty=   156250 runs=    78125 filter=  0.713ms semisort=  0.859ms
[pe-async] round=  3 R=5 dirty=    31250 runs=    15625 filter=  0.842ms semisort=  1.106ms
[pe-async] round=  4 R=6 dirty=     6250 runs=     3125 filter=  0.783ms semisort=  0.278ms
[pe-async] round=  5 R=7 dirty=     1250 runs=      625 filter=  0.775ms semisort=  0.109ms
[pe-async] round=  6 R=8 dirty=      250 runs=      125 filter=  0.799ms semisort=  0.061ms
[pe-async] round=  7 R=9 dirty=       50 runs=       25 filter=  0.771ms semisort=  0.044ms
[pe-async] round=  8 R=10 dirty=       10 runs=        5 filter=  0.798ms semisort=  0.009ms
[pe-async] round=  9 R=11 dirty=        2 runs=        1 filter=  0.791ms semisort=  0.006ms
[pe-async] round= 10 R=12 dirty=        0 filter=  0.754ms (clean break)
