[synthetic_bench] cube n=55 d=5 classes=499672 merges=55 ...
[pe] round=  0 work=      110 frontier=   332750 next=   166375 consolidate=  1.275ms frontier=  4.912ms semisort=  6.090ms (keyed= 0.984ms group_by=  0.273ms per_group= 2.311ms)
[pe] round=  1 work=   166375 frontier=   332750 next=    63875 consolidate=  5.484ms frontier=  1.091ms semisort=  2.682ms (keyed= 0.456ms group_by=  0.082ms per_group= 1.042ms)
[pe] round=  2 work=    63875 frontier=   127750 next=    15625 consolidate=  3.085ms frontier=  0.974ms semisort=  2.811ms (keyed= 0.062ms group_by=  1.816ms per_group= 0.438ms)
[pe] round=  3 work=    15625 frontier=    31250 next=     3125 consolidate=  1.303ms frontier=  0.164ms semisort=  1.206ms (keyed= 0.020ms group_by=  0.493ms per_group= 0.126ms)
[pe] round=  4 work=     3125 frontier=     6250 next=      625 consolidate=  1.025ms frontier=  0.098ms semisort=  0.991ms (keyed= 0.016ms group_by=  0.731ms per_group= 0.159ms)
[pe] round=  5 work=      625 frontier=     1250 next=      125 consolidate=  0.277ms frontier=  0.030ms semisort=  0.239ms (keyed= 0.004ms group_by=  0.067ms per_group= 0.027ms)
[pe] round=  6 work=      125 frontier=      250 next=       25 consolidate=  0.050ms frontier=  0.011ms semisort=  0.040ms (keyed= 0.001ms group_by=  0.014ms per_group= 0.014ms)
[pe] round=  7 work=       25 frontier=       50 next=        5 consolidate=  0.021ms frontier=  0.003ms semisort=  0.009ms (keyed= 0.001ms group_by=  0.003ms per_group= 0.003ms)
[pe] round=  8 work=        5 frontier=       10 next=        1 consolidate=  0.006ms frontier=  0.001ms semisort=  0.002ms (keyed= 0.000ms group_by=  0.001ms per_group= 0.001ms)
[pe] round=  9 work=        1 (tail-skip: all parents empty)
[pe] round=  0 work=      110 frontier=   332750 next=   166375 consolidate=  0.322ms frontier=  1.479ms semisort=  3.975ms (keyed= 0.472ms group_by=  0.078ms per_group= 2.110ms)
[pe] round=  1 work=   166375 frontier=   332750 next=    63875 consolidate=  5.091ms frontier=  0.501ms semisort=  3.039ms (keyed= 0.743ms group_by=  0.371ms per_group= 0.962ms)
[pe] round=  2 work=    63875 frontier=   127750 next=    15625 consolidate=  2.690ms frontier=  0.570ms semisort=  3.070ms (keyed= 0.179ms group_by=  1.847ms per_group= 0.413ms)
[pe] round=  3 work=    15625 frontier=    31250 next=     3125 consolidate=  0.903ms frontier=  0.170ms semisort=  1.576ms (keyed= 0.023ms group_by=  0.596ms per_group= 0.220ms)
[pe] round=  4 work=     3125 frontier=     6250 next=      625 consolidate=  0.620ms frontier=  0.097ms semisort=  0.733ms (keyed= 0.014ms group_by=  0.567ms per_group= 0.058ms)
[pe] round=  5 work=      625 frontier=     1250 next=      125 consolidate=  0.260ms frontier=  0.035ms semisort=  0.336ms (keyed= 0.004ms group_by=  0.068ms per_group= 0.028ms)
[pe] round=  6 work=      125 frontier=      250 next=       25 consolidate=  0.043ms frontier=  0.011ms semisort=  0.037ms (keyed= 0.001ms group_by=  0.014ms per_group= 0.012ms)
[pe] round=  7 work=       25 frontier=       50 next=        5 consolidate=  0.018ms frontier=  0.003ms semisort=  0.009ms (keyed= 0.000ms group_by=  0.003ms per_group= 0.003ms)
[pe] round=  8 work=        5 frontier=       10 next=        1 consolidate=  0.005ms frontier=  0.001ms semisort=  0.002ms (keyed= 0.000ms group_by=  0.001ms per_group= 0.001ms)
[pe] round=  9 work=        1 (tail-skip: all parents empty)
[pe] round=  0 work=      110 frontier=   332750 next=   166375 consolidate=  0.204ms frontier=  1.636ms semisort=  3.471ms (keyed= 0.455ms group_by=  0.080ms per_group= 1.495ms)
[pe] round=  1 work=   166375 frontier=   332750 next=    63875 consolidate=  5.878ms frontier=  0.810ms semisort=  2.412ms (keyed= 0.474ms group_by=  0.082ms per_group= 0.862ms)
[pe] round=  2 work=    63875 frontier=   127750 next=    15625 consolidate=  2.462ms frontier=  0.509ms semisort=  2.666ms (keyed= 0.045ms group_by=  1.721ms per_group= 0.409ms)
[pe] round=  3 work=    15625 frontier=    31250 next=     3125 consolidate=  1.020ms frontier=  0.158ms semisort=  1.238ms (keyed= 0.021ms group_by=  0.508ms per_group= 0.222ms)
[pe] round=  4 work=     3125 frontier=     6250 next=      625 consolidate=  0.618ms frontier=  0.097ms semisort=  0.851ms (keyed= 0.015ms group_by=  0.594ms per_group= 0.158ms)
[pe] round=  5 work=      625 frontier=     1250 next=      125 consolidate=  0.428ms frontier=  0.033ms semisort=  0.148ms (keyed= 0.004ms group_by=  0.085ms per_group= 0.021ms)
[pe] round=  6 work=      125 frontier=      250 next=       25 consolidate=  0.040ms frontier=  0.011ms semisort=  0.039ms (keyed= 0.001ms group_by=  0.014ms per_group= 0.013ms)
[pe] round=  7 work=       25 frontier=       50 next=        5 consolidate=  0.017ms frontier=  0.003ms semisort=  0.008ms (keyed= 0.001ms group_by=  0.003ms per_group= 0.003ms)
[pe] round=  8 work=        5 frontier=       10 next=        1 consolidate=  0.011ms frontier=  0.001ms semisort=  0.003ms (keyed= 0.000ms group_by=  0.001ms per_group= 0.001ms)
[pe] round=  9 work=        1 (tail-skip: all parents empty)
[pe] round=  0 work=      110 frontier=   332750 next=   166375 consolidate=  0.340ms frontier=  1.363ms semisort=  3.561ms (keyed= 0.494ms group_by=  0.075ms per_group= 1.580ms)
[pe] round=  1 work=   166375 frontier=   332750 next=    63875 consolidate=  5.617ms frontier=  1.284ms semisort=  2.700ms (keyed= 0.457ms group_by=  0.078ms per_group= 0.864ms)
[pe] round=  2 work=    63875 frontier=   127750 next=    15625 consolidate=  2.369ms frontier=  0.416ms semisort=  2.599ms (keyed= 0.047ms group_by=  1.669ms per_group= 0.401ms)
[pe] round=  3 work=    15625 frontier=    31250 next=     3125 consolidate=  0.923ms frontier=  0.159ms semisort=  1.205ms (keyed= 0.022ms group_by=  0.516ms per_group= 0.220ms)
[pe] round=  4 work=     3125 frontier=     6250 next=      625 consolidate=  0.542ms frontier=  0.087ms semisort=  0.667ms (keyed= 0.017ms group_by=  0.504ms per_group= 0.056ms)
[pe] round=  5 work=      625 frontier=     1250 next=      125 consolidate=  0.147ms frontier=  0.039ms semisort=  0.153ms (keyed= 0.004ms group_by=  0.084ms per_group= 0.026ms)
[pe] round=  6 work=      125 frontier=      250 next=       25 consolidate=  0.040ms frontier=  0.011ms semisort=  0.043ms (keyed= 0.001ms group_by=  0.015ms per_group= 0.015ms)
[pe] round=  7 work=       25 frontier=       50 next=        5 consolidate=  0.022ms frontier=  0.003ms semisort=  0.009ms (keyed= 0.000ms group_by=  0.003ms per_group= 0.003ms)
[pe] round=  8 work=        5 frontier=       10 next=        1 consolidate=  0.006ms frontier=  0.001ms semisort=  0.003ms (keyed= 0.000ms group_by=  0.001ms per_group= 0.001ms)
[pe] round=  9 work=        1 (tail-skip: all parents empty)
[pe] round=  0 work=      110 frontier=   332750 next=   166375 consolidate=  0.086ms frontier=  1.002ms semisort=  4.083ms (keyed= 0.690ms group_by=  0.207ms per_group= 1.780ms)
[pe] round=  1 work=   166375 frontier=   332750 next=    63875 consolidate=  5.455ms frontier=  0.460ms semisort=  2.595ms (keyed= 0.557ms group_by=  0.214ms per_group= 0.852ms)
[pe] round=  2 work=    63875 frontier=   127750 next=    15625 consolidate=  2.299ms frontier=  0.286ms semisort=  2.807ms (keyed= 0.153ms group_by=  1.901ms per_group= 0.297ms)
[pe] round=  3 work=    15625 frontier=    31250 next=     3125 consolidate=  0.908ms frontier=  0.166ms semisort=  0.983ms (keyed= 0.023ms group_by=  0.314ms per_group= 0.220ms)
[pe] round=  4 work=     3125 frontier=     6250 next=      625 consolidate=  0.600ms frontier=  0.098ms semisort=  0.902ms (keyed= 0.014ms group_by=  0.541ms per_group= 0.262ms)
[pe] round=  5 work=      625 frontier=     1250 next=      125 consolidate=  0.161ms frontier=  0.037ms semisort=  0.142ms (keyed= 0.004ms group_by=  0.081ms per_group= 0.024ms)
[pe] round=  6 work=      125 frontier=      250 next=       25 consolidate=  0.047ms frontier=  0.011ms semisort=  0.036ms (keyed= 0.001ms group_by=  0.014ms per_group= 0.010ms)
[pe] round=  7 work=       25 frontier=       50 next=        5 consolidate=  0.022ms frontier=  0.003ms semisort=  0.008ms (keyed= 0.000ms group_by=  0.003ms per_group= 0.003ms)
[pe] round=  8 work=        5 frontier=       10 next=        1 consolidate=  0.005ms frontier=  0.001ms semisort=  0.003ms (keyed= 0.000ms group_by=  0.001ms per_group= 0.001ms)
[pe] round=  9 work=        1 (tail-skip: all parents empty)
[pe] round=  0 work=      110 frontier=   332750 next=   166375 consolidate=  0.191ms frontier=  1.142ms semisort=  3.974ms (keyed= 0.758ms group_by=  0.297ms per_group= 1.612ms)
[pe] round=  1 work=   166375 frontier=   332750 next=    63875 consolidate=  6.319ms frontier=  0.796ms semisort=  2.958ms (keyed= 0.924ms group_by=  0.207ms per_group= 0.855ms)
[pe] round=  2 work=    63875 frontier=   127750 next=    15625 consolidate=  2.440ms frontier=  0.286ms semisort=  2.647ms (keyed= 0.043ms group_by=  1.733ms per_group= 0.418ms)
[pe] round=  3 work=    15625 frontier=    31250 next=     3125 consolidate=  0.946ms frontier=  0.163ms semisort=  0.935ms (keyed= 0.025ms group_by=  0.308ms per_group= 0.219ms)
[pe] round=  4 work=     3125 frontier=     6250 next=      625 consolidate=  0.565ms frontier=  0.100ms semisort=  0.726ms (keyed= 0.015ms group_by=  0.474ms per_group= 0.154ms)
[pe] round=  5 work=      625 frontier=     1250 next=      125 consolidate=  0.428ms frontier=  0.037ms semisort=  0.152ms (keyed= 0.004ms group_by=  0.084ms per_group= 0.024ms)
[pe] round=  6 work=      125 frontier=      250 next=       25 consolidate=  0.050ms frontier=  0.011ms semisort=  0.038ms (keyed= 0.001ms group_by=  0.015ms per_group= 0.012ms)
[pe] round=  7 work=       25 frontier=       50 next=        5 consolidate=  0.022ms frontier=  0.004ms semisort=  0.009ms (keyed= 0.000ms group_by=  0.003ms per_group= 0.003ms)
[pe] round=  8 work=        5 frontier=       10 next=        1 consolidate=  0.006ms frontier=  0.001ms semisort=  0.003ms (keyed= 0.000ms group_by=  0.001ms per_group= 0.001ms)
[pe] round=  9 work=        1 (tail-skip: all parents empty)
[pe-async] round=  0 R=2 dirty=   332750 runs=   166375 filter=  0.642ms semisort=  2.409ms
[pe-async] round=  1 R=3 dirty=   130000 runs=    66125 filter=  0.220ms semisort=  6.964ms
[pe-async] round=  2 R=4 dirty=    31250 runs=    15625 filter=  0.217ms semisort=  1.602ms
[pe-async] round=  3 R=5 dirty=     6250 runs=     3125 filter=  0.219ms semisort=  0.300ms
[pe-async] round=  4 R=6 dirty=     1250 runs=      625 filter=  0.206ms semisort=  0.091ms
[pe-async] round=  5 R=7 dirty=      250 runs=      125 filter=  0.202ms semisort=  0.040ms
[pe-async] round=  6 R=8 dirty=       50 runs=       25 filter=  0.193ms semisort=  0.035ms
[pe-async] round=  7 R=9 dirty=       10 runs=        5 filter=  0.199ms semisort=  0.010ms
[pe-async] round=  8 R=10 dirty=        2 runs=        1 filter=  0.194ms semisort=  0.005ms
[pe-async] round=  9 R=11 dirty=        0 filter=  0.196ms (clean break)
[pe-async] round=  0 R=2 dirty=   332750 runs=   166375 filter=  0.220ms semisort=  1.868ms
[pe-async] round=  1 R=3 dirty=   130000 runs=    66125 filter=  0.712ms semisort=  5.882ms
[pe-async] round=  2 R=4 dirty=    31250 runs=    15625 filter=  0.214ms semisort=  1.147ms
[pe-async] round=  3 R=5 dirty=     6250 runs=     3125 filter=  0.321ms semisort=  0.784ms
[pe-async] round=  4 R=6 dirty=     1250 runs=      625 filter=  0.672ms semisort=  0.270ms
[pe-async] round=  5 R=7 dirty=      250 runs=      125 filter=  0.208ms semisort=  0.044ms
[pe-async] round=  6 R=8 dirty=       50 runs=       25 filter=  0.198ms semisort=  0.027ms
[pe-async] round=  7 R=9 dirty=       10 runs=        5 filter=  0.198ms semisort=  0.008ms
[pe-async] round=  8 R=10 dirty=        2 runs=        1 filter=  0.204ms semisort=  0.005ms
[pe-async] round=  9 R=11 dirty=        0 filter=  0.211ms (clean break)
[pe-async] round=  0 R=2 dirty=   332750 runs=   166375 filter=  0.233ms semisort=  1.842ms
[pe-async] round=  1 R=3 dirty=   130000 runs=    66125 filter=  0.212ms semisort=  5.938ms
[pe-async] round=  2 R=4 dirty=    31250 runs=    15625 filter=  0.263ms semisort=  1.390ms
[pe-async] round=  3 R=5 dirty=     6250 runs=     3125 filter=  0.198ms semisort=  0.476ms
[pe-async] round=  4 R=6 dirty=     1250 runs=      625 filter=  0.214ms semisort=  0.092ms
[pe-async] round=  5 R=7 dirty=      250 runs=      125 filter=  0.201ms semisort=  0.044ms
[pe-async] round=  6 R=8 dirty=       50 runs=       25 filter=  0.199ms semisort=  0.033ms
[pe-async] round=  7 R=9 dirty=       10 runs=        5 filter=  0.670ms semisort=  0.011ms
[pe-async] round=  8 R=10 dirty=        2 runs=        1 filter=  0.201ms semisort=  0.006ms
[pe-async] round=  9 R=11 dirty=        0 filter=  0.200ms (clean break)
[pe-async] round=  0 R=2 dirty=   332750 runs=   166375 filter=  0.215ms semisort=  1.909ms
[pe-async] round=  1 R=3 dirty=   130000 runs=    66125 filter=  0.327ms semisort=  6.187ms
[pe-async] round=  2 R=4 dirty=    31250 runs=    15625 filter=  0.225ms semisort=  1.274ms
[pe-async] round=  3 R=5 dirty=     6250 runs=     3125 filter=  0.211ms semisort=  0.415ms
[pe-async] round=  4 R=6 dirty=     1250 runs=      625 filter=  0.318ms semisort=  0.094ms
[pe-async] round=  5 R=7 dirty=      250 runs=      125 filter=  0.206ms semisort=  0.044ms
[pe-async] round=  6 R=8 dirty=       50 runs=       25 filter=  0.199ms semisort=  0.028ms
[pe-async] round=  7 R=9 dirty=       10 runs=        5 filter=  0.197ms semisort=  0.009ms
[pe-async] round=  8 R=10 dirty=        2 runs=        1 filter=  0.194ms semisort=  0.014ms
[pe-async] round=  9 R=11 dirty=        0 filter=  0.196ms (clean break)
[pe-async] round=  0 R=2 dirty=   332750 runs=   166375 filter=  0.238ms semisort=  2.458ms
[pe-async] round=  1 R=3 dirty=   130000 runs=    66125 filter=  0.509ms semisort=  6.244ms
[pe-async] round=  2 R=4 dirty=    31250 runs=    15625 filter=  0.226ms semisort=  1.429ms
[pe-async] round=  3 R=5 dirty=     6250 runs=     3125 filter=  0.222ms semisort=  0.399ms
[pe-async] round=  4 R=6 dirty=     1250 runs=      625 filter=  0.201ms semisort=  0.091ms
[pe-async] round=  5 R=7 dirty=      250 runs=      125 filter=  0.193ms semisort=  0.046ms
[pe-async] round=  6 R=8 dirty=       50 runs=       25 filter=  0.484ms semisort=  0.027ms
[pe-async] round=  7 R=9 dirty=       10 runs=        5 filter=  0.201ms semisort=  0.009ms
[pe-async] round=  8 R=10 dirty=        2 runs=        1 filter=  0.195ms semisort=  0.005ms
[pe-async] round=  9 R=11 dirty=        0 filter=  0.206ms (clean break)
[pe-async] round=  0 R=2 dirty=   332750 runs=   166375 filter=  0.228ms semisort=  1.347ms
[pe-async] round=  1 R=3 dirty=   130000 runs=    66125 filter=  0.168ms semisort=  5.184ms
[pe-async] round=  2 R=4 dirty=    31250 runs=    15625 filter=  0.156ms semisort=  1.249ms
[pe-async] round=  3 R=5 dirty=     6250 runs=     3125 filter=  0.158ms semisort=  0.313ms
[pe-async] round=  4 R=6 dirty=     1250 runs=      625 filter=  0.150ms semisort=  0.100ms
[pe-async] round=  5 R=7 dirty=      250 runs=      125 filter=  0.152ms semisort=  0.041ms
[pe-async] round=  6 R=8 dirty=       50 runs=       25 filter=  0.151ms semisort=  0.031ms
[pe-async] round=  7 R=9 dirty=       10 runs=        5 filter=  0.143ms semisort=  0.008ms
[pe-async] round=  8 R=10 dirty=        2 runs=        1 filter=  0.141ms semisort=  0.005ms
[pe-async] round=  9 R=11 dirty=        0 filter=  0.147ms (clean break)
