[synthetic_bench] cube n=130 d=5 classes=7005822 merges=130 ...
[pe] round=  0 work=      260 frontier=  4394000 next=  2197000 consolidate=  4.347ms frontier=  9.592ms semisort= 62.417ms (keyed= 9.074ms group_by=  1.376ms per_group=27.988ms)
[pe] round=  1 work=  2197000 frontier=  1871250 next=   935625 consolidate= 77.661ms frontier=  9.365ms semisort= 29.849ms (keyed= 3.492ms group_by=  0.477ms per_group=13.901ms)
[pe] round=  2 work=   935625 frontier=   701250 next=   282500 consolidate= 36.799ms frontier=  5.540ms semisort=  9.725ms (keyed= 1.509ms group_by=  0.247ms per_group= 4.378ms)
[pe] round=  3 work=   282500 frontier=   156250 next=    68125 consolidate= 14.030ms frontier=  1.747ms semisort=  5.906ms (keyed= 0.045ms group_by=  3.014ms per_group= 1.612ms)
[pe] round=  4 work=    68125 frontier=   136250 next=    15625 consolidate=  2.990ms frontier=  0.361ms semisort=  2.798ms (keyed= 0.051ms group_by=  1.417ms per_group= 0.507ms)
[pe] round=  5 work=    15625 frontier=    31250 next=     3125 consolidate=  0.938ms frontier=  0.225ms semisort=  1.023ms (keyed= 0.102ms group_by=  0.480ms per_group= 0.164ms)
[pe] round=  6 work=     3125 frontier=     6250 next=      625 consolidate=  0.560ms frontier=  0.110ms semisort=  0.739ms (keyed= 0.015ms group_by=  0.527ms per_group= 0.083ms)
[pe] round=  7 work=      625 frontier=     1250 next=      125 consolidate=  0.150ms frontier=  0.030ms semisort=  0.146ms (keyed= 0.005ms group_by=  0.069ms per_group= 0.038ms)
[pe] round=  8 work=      125 frontier=      250 next=       25 consolidate=  0.046ms frontier=  0.010ms semisort=  0.041ms (keyed= 0.001ms group_by=  0.013ms per_group= 0.011ms)
[pe] round=  9 work=       25 frontier=       50 next=        5 consolidate=  0.021ms frontier=  0.002ms semisort=  0.007ms (keyed= 0.000ms group_by=  0.002ms per_group= 0.002ms)
[pe] round= 10 work=        5 frontier=       10 next=        1 consolidate=  0.004ms frontier=  0.001ms semisort=  0.003ms (keyed= 0.000ms group_by=  0.001ms per_group= 0.001ms)
[pe] round= 11 work=        1 (tail-skip: all parents empty)
[pe] round=  0 work=      260 frontier=  4394000 next=  2197000 consolidate=  0.515ms frontier=  7.313ms semisort= 56.199ms (keyed= 6.607ms group_by=  0.490ms per_group=27.260ms)
[pe] round=  1 work=  2197000 frontier=  1871250 next=   935625 consolidate= 83.946ms frontier=  8.049ms semisort= 27.076ms (keyed= 3.013ms group_by=  0.248ms per_group=13.219ms)
[pe] round=  2 work=   935625 frontier=   701250 next=   282500 consolidate= 38.579ms frontier=  4.866ms semisort=  8.896ms (keyed= 1.181ms group_by=  0.280ms per_group= 3.847ms)
[pe] round=  3 work=   282500 frontier=   156250 next=    68125 consolidate= 14.084ms frontier=  2.090ms semisort=  5.729ms (keyed= 0.047ms group_by=  2.940ms per_group= 1.629ms)
[pe] round=  4 work=    68125 frontier=   136250 next=    15625 consolidate=  3.076ms frontier=  0.295ms semisort=  3.086ms (keyed= 0.054ms group_by=  1.649ms per_group= 0.506ms)
[pe] round=  5 work=    15625 frontier=    31250 next=     3125 consolidate=  0.953ms frontier=  0.170ms semisort=  0.887ms (keyed= 0.029ms group_by=  0.455ms per_group= 0.140ms)
[pe] round=  6 work=     3125 frontier=     6250 next=      625 consolidate=  0.607ms frontier=  0.122ms semisort=  0.727ms (keyed= 0.016ms group_by=  0.519ms per_group= 0.088ms)
[pe] round=  7 work=      625 frontier=     1250 next=      125 consolidate=  0.165ms frontier=  0.027ms semisort=  0.151ms (keyed= 0.005ms group_by=  0.064ms per_group= 0.039ms)
[pe] round=  8 work=      125 frontier=      250 next=       25 consolidate=  0.074ms frontier=  0.007ms semisort=  0.029ms (keyed= 0.001ms group_by=  0.011ms per_group= 0.008ms)
[pe] round=  9 work=       25 frontier=       50 next=        5 consolidate=  0.021ms frontier=  0.002ms semisort=  0.006ms (keyed= 0.000ms group_by=  0.002ms per_group= 0.002ms)
[pe] round= 10 work=        5 frontier=       10 next=        1 consolidate=  0.005ms frontier=  0.001ms semisort=  0.003ms (keyed= 0.000ms group_by=  0.001ms per_group= 0.001ms)
[pe] round= 11 work=        1 (tail-skip: all parents empty)
[pe] round=  0 work=      260 frontier=  4394000 next=  2197000 consolidate=  0.514ms frontier=  6.586ms semisort= 55.089ms (keyed= 6.849ms group_by=  0.476ms per_group=26.892ms)
[pe] round=  1 work=  2197000 frontier=  1871250 next=   935625 consolidate= 86.792ms frontier=  8.321ms semisort= 26.609ms (keyed= 3.195ms group_by=  0.471ms per_group=12.767ms)
[pe] round=  2 work=   935625 frontier=   701250 next=   282500 consolidate= 37.226ms frontier=  4.843ms semisort=  9.175ms (keyed= 1.284ms group_by=  0.266ms per_group= 4.227ms)
[pe] round=  3 work=   282500 frontier=   156250 next=    68125 consolidate= 12.483ms frontier=  2.044ms semisort=  6.007ms (keyed= 0.049ms group_by=  3.090ms per_group= 1.682ms)
[pe] round=  4 work=    68125 frontier=   136250 next=    15625 consolidate=  3.381ms frontier=  0.381ms semisort=  2.774ms (keyed= 0.055ms group_by=  1.393ms per_group= 0.526ms)
[pe] round=  5 work=    15625 frontier=    31250 next=     3125 consolidate=  0.904ms frontier=  0.194ms semisort=  0.934ms (keyed= 0.042ms group_by=  0.463ms per_group= 0.169ms)
[pe] round=  6 work=     3125 frontier=     6250 next=      625 consolidate=  0.612ms frontier=  0.102ms semisort=  0.727ms (keyed= 0.018ms group_by=  0.547ms per_group= 0.062ms)
[pe] round=  7 work=      625 frontier=     1250 next=      125 consolidate=  0.172ms frontier=  0.031ms semisort=  0.146ms (keyed= 0.005ms group_by=  0.064ms per_group= 0.033ms)
[pe] round=  8 work=      125 frontier=      250 next=       25 consolidate=  0.074ms frontier=  0.008ms semisort=  0.025ms (keyed= 0.001ms group_by=  0.009ms per_group= 0.008ms)
[pe] round=  9 work=       25 frontier=       50 next=        5 consolidate=  0.021ms frontier=  0.002ms semisort=  0.006ms (keyed= 0.000ms group_by=  0.002ms per_group= 0.002ms)
[pe] round= 10 work=        5 frontier=       10 next=        1 consolidate=  0.005ms frontier=  0.001ms semisort=  0.002ms (keyed= 0.000ms group_by=  0.001ms per_group= 0.001ms)
[pe] round= 11 work=        1 (tail-skip: all parents empty)
[pe] round=  0 work=      260 frontier=  4394000 next=  2197000 consolidate=  0.489ms frontier=  7.923ms semisort= 53.901ms (keyed= 6.093ms group_by=  0.529ms per_group=27.223ms)
[pe] round=  1 work=  2197000 frontier=  1871250 next=   935625 consolidate= 82.840ms frontier=  8.728ms semisort= 26.437ms (keyed= 3.719ms group_by=  0.293ms per_group=12.740ms)
[pe] round=  2 work=   935625 frontier=   701250 next=   282500 consolidate= 37.278ms frontier=  4.734ms semisort=  8.901ms (keyed= 1.210ms group_by=  0.269ms per_group= 3.948ms)
[pe] round=  3 work=   282500 frontier=   156250 next=    68125 consolidate= 13.939ms frontier=  1.814ms semisort=  5.791ms (keyed= 0.043ms group_by=  2.912ms per_group= 1.712ms)
[pe] round=  4 work=    68125 frontier=   136250 next=    15625 consolidate=  3.426ms frontier=  0.284ms semisort=  3.798ms (keyed= 0.048ms group_by=  2.436ms per_group= 0.513ms)
[pe] round=  5 work=    15625 frontier=    31250 next=     3125 consolidate=  0.950ms frontier=  0.184ms semisort=  0.836ms (keyed= 0.034ms group_by=  0.379ms per_group= 0.173ms)
[pe] round=  6 work=     3125 frontier=     6250 next=      625 consolidate=  0.662ms frontier=  0.114ms semisort=  0.933ms (keyed= 0.017ms group_by=  0.738ms per_group= 0.052ms)
[pe] round=  7 work=      625 frontier=     1250 next=      125 consolidate=  0.232ms frontier=  0.024ms semisort=  0.152ms (keyed= 0.006ms group_by=  0.065ms per_group= 0.033ms)
[pe] round=  8 work=      125 frontier=      250 next=       25 consolidate=  0.075ms frontier=  0.008ms semisort=  0.029ms (keyed= 0.001ms group_by=  0.011ms per_group= 0.008ms)
[pe] round=  9 work=       25 frontier=       50 next=        5 consolidate=  0.021ms frontier=  0.002ms semisort=  0.006ms (keyed= 0.000ms group_by=  0.002ms per_group= 0.002ms)
[pe] round= 10 work=        5 frontier=       10 next=        1 consolidate=  0.004ms frontier=  0.001ms semisort=  0.002ms (keyed= 0.000ms group_by=  0.000ms per_group= 0.001ms)
[pe] round= 11 work=        1 (tail-skip: all parents empty)
[pe] round=  0 work=      260 frontier=  4394000 next=  2197000 consolidate=  0.493ms frontier=  6.548ms semisort= 55.877ms (keyed= 6.447ms group_by=  0.488ms per_group=27.932ms)
[pe] round=  1 work=  2197000 frontier=  1871250 next=   935625 consolidate= 80.353ms frontier=  8.055ms semisort= 26.753ms (keyed= 3.082ms group_by=  0.273ms per_group=13.027ms)
[pe] round=  2 work=   935625 frontier=   701250 next=   282500 consolidate= 37.465ms frontier=  4.953ms semisort=  9.187ms (keyed= 1.205ms group_by=  0.210ms per_group= 4.105ms)
[pe] round=  3 work=   282500 frontier=   156250 next=    68125 consolidate= 13.972ms frontier=  1.776ms semisort=  7.296ms (keyed= 0.045ms group_by=  4.357ms per_group= 1.732ms)
[pe] round=  4 work=    68125 frontier=   136250 next=    15625 consolidate=  3.068ms frontier=  0.406ms semisort=  2.882ms (keyed= 0.051ms group_by=  1.511ms per_group= 0.504ms)
[pe] round=  5 work=    15625 frontier=    31250 next=     3125 consolidate=  0.945ms frontier=  0.208ms semisort=  0.999ms (keyed= 0.103ms group_by=  0.443ms per_group= 0.175ms)
[pe] round=  6 work=     3125 frontier=     6250 next=      625 consolidate=  0.607ms frontier=  0.126ms semisort=  0.960ms (keyed= 0.015ms group_by=  0.779ms per_group= 0.072ms)
[pe] round=  7 work=      625 frontier=     1250 next=      125 consolidate=  0.229ms frontier=  0.025ms semisort=  0.149ms (keyed= 0.005ms group_by=  0.064ms per_group= 0.031ms)
[pe] round=  8 work=      125 frontier=      250 next=       25 consolidate=  0.076ms frontier=  0.007ms semisort=  0.029ms (keyed= 0.001ms group_by=  0.010ms per_group= 0.009ms)
[pe] round=  9 work=       25 frontier=       50 next=        5 consolidate=  0.020ms frontier=  0.002ms semisort=  0.006ms (keyed= 0.000ms group_by=  0.002ms per_group= 0.002ms)
[pe] round= 10 work=        5 frontier=       10 next=        1 consolidate=  0.004ms frontier=  0.001ms semisort=  0.002ms (keyed= 0.000ms group_by=  0.000ms per_group= 0.001ms)
[pe] round= 11 work=        1 (tail-skip: all parents empty)
[pe] round=  0 work=      260 frontier=  4394000 next=  2197000 consolidate=  0.513ms frontier=  8.361ms semisort= 54.431ms (keyed= 6.035ms group_by=  0.507ms per_group=27.524ms)
[pe] round=  1 work=  2197000 frontier=  1871250 next=   935625 consolidate= 80.121ms frontier=  8.080ms semisort= 25.302ms (keyed= 2.816ms group_by=  0.289ms per_group=12.519ms)
[pe] round=  2 work=   935625 frontier=   701250 next=   282500 consolidate= 37.068ms frontier=  5.028ms semisort=  9.027ms (keyed= 1.291ms group_by=  0.192ms per_group= 3.939ms)
[pe] round=  3 work=   282500 frontier=   156250 next=    68125 consolidate= 14.193ms frontier=  2.146ms semisort=  5.963ms (keyed= 0.043ms group_by=  3.081ms per_group= 1.722ms)
[pe] round=  4 work=    68125 frontier=   136250 next=    15625 consolidate=  3.341ms frontier=  0.285ms semisort=  3.061ms (keyed= 0.046ms group_by=  1.695ms per_group= 0.521ms)
[pe] round=  5 work=    15625 frontier=    31250 next=     3125 consolidate=  0.938ms frontier=  0.179ms semisort=  0.897ms (keyed= 0.104ms group_by=  0.345ms per_group= 0.186ms)
[pe] round=  6 work=     3125 frontier=     6250 next=      625 consolidate=  0.610ms frontier=  0.127ms semisort=  0.966ms (keyed= 0.020ms group_by=  0.780ms per_group= 0.061ms)
[pe] round=  7 work=      625 frontier=     1250 next=      125 consolidate=  0.206ms frontier=  0.031ms semisort=  0.154ms (keyed= 0.005ms group_by=  0.070ms per_group= 0.031ms)
[pe] round=  8 work=      125 frontier=      250 next=       25 consolidate=  0.084ms frontier=  0.007ms semisort=  0.030ms (keyed= 0.001ms group_by=  0.011ms per_group= 0.008ms)
[pe] round=  9 work=       25 frontier=       50 next=        5 consolidate=  0.021ms frontier=  0.002ms semisort=  0.006ms (keyed= 0.000ms group_by=  0.002ms per_group= 0.002ms)
[pe] round= 10 work=        5 frontier=       10 next=        1 consolidate=  0.005ms frontier=  0.001ms semisort=  0.002ms (keyed= 0.000ms group_by=  0.000ms per_group= 0.001ms)
[pe] round= 11 work=        1 (tail-skip: all parents empty)
[pe-async] round=  0 R=2 dirty=  4394000 runs=  2197000 filter=  3.248ms semisort= 33.952ms
[pe-async] round=  1 R=3 dirty=  1871250 runs=   935625 filter=  3.368ms semisort= 17.244ms
[pe-async] round=  2 R=4 dirty=   701250 runs=   418750 filter=  3.584ms semisort=  5.519ms
[pe-async] round=  3 R=5 dirty=   156250 runs=    88125 filter=  3.396ms semisort=  1.627ms
[pe-async] round=  4 R=6 dirty=    31250 runs=    15625 filter=  3.204ms semisort=  1.608ms
[pe-async] round=  5 R=7 dirty=     6250 runs=     3125 filter=  3.093ms semisort=  0.364ms
[pe-async] round=  6 R=8 dirty=     1250 runs=      625 filter=  3.053ms semisort=  0.135ms
[pe-async] round=  7 R=9 dirty=      250 runs=      125 filter=  3.019ms semisort=  0.044ms
[pe-async] round=  8 R=10 dirty=       50 runs=       25 filter=  3.005ms semisort=  0.041ms
[pe-async] round=  9 R=11 dirty=       10 runs=        5 filter=  2.976ms semisort=  0.011ms
[pe-async] round= 10 R=12 dirty=        2 runs=        1 filter=  2.975ms semisort=  0.008ms
[pe-async] round= 11 R=13 dirty=        0 filter=  2.955ms (clean break)
[pe-async] round=  0 R=2 dirty=  4394000 runs=  2197000 filter=  3.070ms semisort= 31.709ms
[pe-async] round=  1 R=3 dirty=  1871250 runs=   935625 filter=  3.250ms semisort= 15.739ms
[pe-async] round=  2 R=4 dirty=   701250 runs=   418750 filter=  3.555ms semisort=  5.508ms
[pe-async] round=  3 R=5 dirty=   156250 runs=    88125 filter=  3.327ms semisort=  1.676ms
[pe-async] round=  4 R=6 dirty=    31250 runs=    15625 filter=  3.177ms semisort=  1.580ms
[pe-async] round=  5 R=7 dirty=     6250 runs=     3125 filter=  3.058ms semisort=  0.348ms
[pe-async] round=  6 R=8 dirty=     1250 runs=      625 filter=  3.021ms semisort=  0.136ms
[pe-async] round=  7 R=9 dirty=      250 runs=      125 filter=  2.988ms semisort=  0.053ms
[pe-async] round=  8 R=10 dirty=       50 runs=       25 filter=  2.979ms semisort=  0.040ms
[pe-async] round=  9 R=11 dirty=       10 runs=        5 filter=  2.979ms semisort=  0.011ms
[pe-async] round= 10 R=12 dirty=        2 runs=        1 filter=  2.975ms semisort=  0.008ms
[pe-async] round= 11 R=13 dirty=        0 filter=  2.892ms (clean break)
[pe-async] round=  0 R=2 dirty=  4394000 runs=  2197000 filter=  3.104ms semisort= 32.733ms
[pe-async] round=  1 R=3 dirty=  1871250 runs=   935625 filter=  3.233ms semisort= 15.631ms
[pe-async] round=  2 R=4 dirty=   701250 runs=   418750 filter=  3.571ms semisort=  5.703ms
[pe-async] round=  3 R=5 dirty=   156250 runs=    88125 filter=  3.308ms semisort=  1.673ms
[pe-async] round=  4 R=6 dirty=    31250 runs=    15625 filter=  3.172ms semisort=  1.601ms
[pe-async] round=  5 R=7 dirty=     6250 runs=     3125 filter=  3.058ms semisort=  0.344ms
[pe-async] round=  6 R=8 dirty=     1250 runs=      625 filter=  3.018ms semisort=  0.131ms
[pe-async] round=  7 R=9 dirty=      250 runs=      125 filter=  2.984ms semisort=  0.052ms
[pe-async] round=  8 R=10 dirty=       50 runs=       25 filter=  2.937ms semisort=  0.040ms
[pe-async] round=  9 R=11 dirty=       10 runs=        5 filter=  2.963ms semisort=  0.012ms
[pe-async] round= 10 R=12 dirty=        2 runs=        1 filter=  2.955ms semisort=  0.007ms
[pe-async] round= 11 R=13 dirty=        0 filter=  2.930ms (clean break)
[pe-async] round=  0 R=2 dirty=  4394000 runs=  2197000 filter=  3.050ms semisort= 31.576ms
[pe-async] round=  1 R=3 dirty=  1871250 runs=   935625 filter=  3.210ms semisort= 15.626ms
[pe-async] round=  2 R=4 dirty=   701250 runs=   418750 filter=  3.526ms semisort=  5.705ms
[pe-async] round=  3 R=5 dirty=   156250 runs=    88125 filter=  3.292ms semisort=  1.677ms
[pe-async] round=  4 R=6 dirty=    31250 runs=    15625 filter=  3.133ms semisort=  1.566ms
[pe-async] round=  5 R=7 dirty=     6250 runs=     3125 filter=  3.032ms semisort=  0.343ms
[pe-async] round=  6 R=8 dirty=     1250 runs=      625 filter=  3.006ms semisort=  0.137ms
[pe-async] round=  7 R=9 dirty=      250 runs=      125 filter=  2.988ms semisort=  0.045ms
[pe-async] round=  8 R=10 dirty=       50 runs=       25 filter=  2.965ms semisort=  0.036ms
[pe-async] round=  9 R=11 dirty=       10 runs=        5 filter=  2.968ms semisort=  0.024ms
[pe-async] round= 10 R=12 dirty=        2 runs=        1 filter=  2.963ms semisort=  0.007ms
[pe-async] round= 11 R=13 dirty=        0 filter=  2.915ms (clean break)
[pe-async] round=  0 R=2 dirty=  4394000 runs=  2197000 filter=  3.040ms semisort= 32.021ms
[pe-async] round=  1 R=3 dirty=  1871250 runs=   935625 filter=  3.209ms semisort= 15.865ms
[pe-async] round=  2 R=4 dirty=   701250 runs=   418750 filter=  3.539ms semisort=  5.486ms
[pe-async] round=  3 R=5 dirty=   156250 runs=    88125 filter=  3.305ms semisort=  1.818ms
[pe-async] round=  4 R=6 dirty=    31250 runs=    15625 filter=  3.174ms semisort=  1.578ms
[pe-async] round=  5 R=7 dirty=     6250 runs=     3125 filter=  3.063ms semisort=  0.337ms
[pe-async] round=  6 R=8 dirty=     1250 runs=      625 filter=  3.005ms semisort=  0.133ms
[pe-async] round=  7 R=9 dirty=      250 runs=      125 filter=  2.979ms semisort=  0.041ms
[pe-async] round=  8 R=10 dirty=       50 runs=       25 filter=  2.962ms semisort=  0.040ms
[pe-async] round=  9 R=11 dirty=       10 runs=        5 filter=  2.967ms semisort=  0.011ms
[pe-async] round= 10 R=12 dirty=        2 runs=        1 filter=  2.969ms semisort=  0.007ms
[pe-async] round= 11 R=13 dirty=        0 filter=  2.918ms (clean break)
[pe-async] round=  0 R=2 dirty=  4394000 runs=  2197000 filter=  2.999ms semisort= 31.546ms
[pe-async] round=  1 R=3 dirty=  1871250 runs=   935625 filter=  3.237ms semisort= 15.689ms
[pe-async] round=  2 R=4 dirty=   701250 runs=   418750 filter=  3.576ms semisort=  5.444ms
[pe-async] round=  3 R=5 dirty=   156250 runs=    88125 filter=  3.298ms semisort=  1.770ms
[pe-async] round=  4 R=6 dirty=    31250 runs=    15625 filter=  3.151ms semisort=  1.564ms
[pe-async] round=  5 R=7 dirty=     6250 runs=     3125 filter=  3.025ms semisort=  0.341ms
[pe-async] round=  6 R=8 dirty=     1250 runs=      625 filter=  3.004ms semisort=  0.136ms
[pe-async] round=  7 R=9 dirty=      250 runs=      125 filter=  2.961ms semisort=  0.053ms
[pe-async] round=  8 R=10 dirty=       50 runs=       25 filter=  2.931ms semisort=  0.038ms
[pe-async] round=  9 R=11 dirty=       10 runs=        5 filter=  2.934ms semisort=  0.011ms
[pe-async] round= 10 R=12 dirty=        2 runs=        1 filter=  2.946ms semisort=  0.008ms
[pe-async] round= 11 R=13 dirty=        0 filter=  2.920ms (clean break)
