[bench] running small ...
[pe-topo] depth=  1 bucket=    10000 round=  0.799ms
[pe-topo] depth=  1 bucket=    10000 round=  0.345ms
[pe-topo] depth=  1 bucket=    10000 round=  0.436ms
[pe-topo] depth=  1 bucket=    10000 round=  0.300ms
[pe-topo] depth=  1 bucket=    10000 round=  0.446ms
[pe-topo] depth=  1 bucket=    10000 round=  0.174ms
[bench] running medium ...
[pe-topo] depth=  1 bucket=   200000 round=  3.010ms
[pe-topo] depth=  1 bucket=   200000 round=  2.643ms
[pe-topo] depth=  1 bucket=   200000 round=  2.340ms
[pe-topo] depth=  1 bucket=   200000 round=  2.834ms
[pe-topo] depth=  1 bucket=   200000 round=  2.624ms
[pe-topo] depth=  1 bucket=   200000 round=  2.217ms
[bench] running large ...
[pe-topo] depth=  1 bucket=  1000000 round= 21.359ms
[pe-topo] depth=  1 bucket=  1000000 round= 10.935ms
[pe-topo] depth=  1 bucket=  1000000 round= 13.115ms
[pe-topo] depth=  1 bucket=  1000000 round= 15.552ms
[pe-topo] depth=  1 bucket=  1000000 round= 32.240ms
[pe-topo] depth=  1 bucket=  1000000 round= 12.784ms
[bench] running deep-s ...
[pe-topo] depth=  1 bucket=     3333 round=  0.115ms
[pe-topo] depth=  2 bucket=     3333 round=  0.213ms
[pe-topo] depth=  3 bucket=     3334 round=  0.147ms
[pe-topo] depth=  1 bucket=     3333 round=  0.159ms
[pe-topo] depth=  2 bucket=     3333 round=  0.191ms
[pe-topo] depth=  3 bucket=     3334 round=  0.196ms
[pe-topo] depth=  1 bucket=     3333 round=  0.109ms
[pe-topo] depth=  2 bucket=     3333 round=  0.199ms
[pe-topo] depth=  3 bucket=     3334 round=  0.193ms
[pe-topo] depth=  1 bucket=     3333 round=  0.130ms
[pe-topo] depth=  2 bucket=     3333 round=  0.186ms
[pe-topo] depth=  3 bucket=     3334 round=  0.223ms
[pe-topo] depth=  1 bucket=     3333 round=  0.112ms
[pe-topo] depth=  2 bucket=     3333 round=  0.184ms
[pe-topo] depth=  3 bucket=     3334 round=  0.150ms
[pe-topo] depth=  1 bucket=     3333 round=  0.108ms
[pe-topo] depth=  2 bucket=     3333 round=  0.174ms
[pe-topo] depth=  3 bucket=     3334 round=  0.157ms
[bench] running deep-m ...
[pe-topo] depth=  1 bucket=    66666 round=  1.076ms
[pe-topo] depth=  2 bucket=    66666 round=  1.273ms
[pe-topo] depth=  3 bucket=    66668 round=  1.056ms
[pe-topo] depth=  1 bucket=    66666 round=  0.948ms
[pe-topo] depth=  2 bucket=    66666 round=  1.304ms
[pe-topo] depth=  3 bucket=    66668 round=  0.932ms
[pe-topo] depth=  1 bucket=    66666 round=  0.903ms
[pe-topo] depth=  2 bucket=    66666 round=  1.266ms
[pe-topo] depth=  3 bucket=    66668 round=  0.892ms
[pe-topo] depth=  1 bucket=    66666 round=  0.938ms
[pe-topo] depth=  2 bucket=    66666 round=  1.314ms
[pe-topo] depth=  3 bucket=    66668 round=  0.964ms
[pe-topo] depth=  1 bucket=    66666 round=  0.824ms
[pe-topo] depth=  2 bucket=    66666 round=  1.446ms
[pe-topo] depth=  3 bucket=    66668 round=  1.035ms
[pe-topo] depth=  1 bucket=    66666 round=  0.836ms
[pe-topo] depth=  2 bucket=    66666 round=  1.299ms
[pe-topo] depth=  3 bucket=    66668 round=  0.962ms
[bench] running deep-l ...
[pe-topo] depth=  1 bucket=   333333 round=  4.985ms
[pe-topo] depth=  2 bucket=   333333 round=  9.702ms
[pe-topo] depth=  3 bucket=   333334 round=  6.948ms
[pe-topo] depth=  1 bucket=   333333 round=  4.650ms
[pe-topo] depth=  2 bucket=   333333 round=  6.897ms
[pe-topo] depth=  3 bucket=   333334 round=  5.827ms
[pe-topo] depth=  1 bucket=   333333 round=  5.190ms
[pe-topo] depth=  2 bucket=   333333 round=  8.025ms
[pe-topo] depth=  3 bucket=   333334 round=  6.717ms
[pe-topo] depth=  1 bucket=   333333 round=  5.654ms
[pe-topo] depth=  2 bucket=   333333 round=  8.565ms
[pe-topo] depth=  3 bucket=   333334 round=  6.932ms
[pe-topo] depth=  1 bucket=   333333 round=  4.655ms
[pe-topo] depth=  2 bucket=   333333 round=  7.190ms
[pe-topo] depth=  3 bucket=   333334 round=  5.681ms
[pe-topo] depth=  1 bucket=   333333 round=  4.681ms
[pe-topo] depth=  2 bucket=   333333 round=  6.900ms
[pe-topo] depth=  3 bucket=   333334 round=  5.565ms
