[synthetic_bench] quintic n=21 d=2 classes=16336444 merges=21 ...
[pe] round=  0 work=       42 frontier= 40841010 next=  8168202 consolidate=117.422ms frontier=154.070ms semisort=10150.118ms (keyed= 0.000ms group_by=3886.634ms per_group=1812.956ms)
[pe] round=  1 work=  8168202 frontier=  8168202 next=  3973898 consolidate=6194.045ms frontier=1352.066ms semisort=4537.251ms (keyed= 0.000ms group_by=1066.928ms per_group=682.307ms)
[pe] round=  2 work=  3973898 frontier=  3973898 next=  2097152 consolidate=3103.779ms frontier=690.917ms semisort=2074.757ms (keyed= 0.000ms group_by=571.869ms per_group=368.869ms)
[pe] round=  3 work=  2097152 frontier=  2097152 next=  1048576 consolidate=1623.654ms frontier=361.605ms semisort=1050.392ms (keyed= 0.000ms group_by=265.102ms per_group=182.715ms)
[pe] round=  4 work=  1048576 frontier=  1048576 next=   524288 consolidate=822.984ms frontier=178.838ms semisort=496.313ms (keyed= 0.000ms group_by=125.416ms per_group=92.383ms)
[pe] round=  5 work=   524288 frontier=   524288 next=   262144 consolidate=424.569ms frontier= 85.216ms semisort=256.145ms (keyed= 0.000ms group_by= 64.221ms per_group=50.771ms)
[pe] round=  6 work=   262144 frontier=   262144 next=   131072 consolidate=200.349ms frontier= 36.937ms semisort=119.918ms (keyed= 0.000ms group_by= 30.331ms per_group=22.981ms)
[pe] round=  7 work=   131072 frontier=   131072 next=    65536 consolidate=100.117ms frontier= 14.101ms semisort= 55.478ms (keyed= 0.000ms group_by= 14.525ms per_group= 8.952ms)
[pe] round=  8 work=    65536 frontier=    65536 next=    32768 consolidate= 47.739ms frontier=  6.256ms semisort= 26.548ms (keyed= 0.000ms group_by=  8.928ms per_group= 4.332ms)
[pe] round=  9 work=    32768 frontier=    32768 next=    16384 consolidate= 19.361ms frontier=  3.024ms semisort= 11.503ms (keyed= 0.000ms group_by=  4.373ms per_group= 2.214ms)
[pe] round= 10 work=    16384 frontier=    16384 next=     8192 consolidate=  9.057ms frontier=  1.514ms semisort=  5.550ms (keyed= 0.000ms group_by=  2.007ms per_group= 1.103ms)
[pe] round= 11 work=     8192 frontier=     8192 next=     4096 consolidate=  4.498ms frontier=  0.701ms semisort=  2.644ms (keyed= 0.000ms group_by=  0.784ms per_group= 0.722ms)
[pe] round= 12 work=     4096 frontier=     4096 next=     2048 consolidate=  2.227ms frontier=  0.356ms semisort=  1.176ms (keyed= 0.000ms group_by=  0.337ms per_group= 0.285ms)
[pe] round= 13 work=     2048 frontier=     2048 next=     1024 consolidate=  1.150ms frontier=  0.161ms semisort=  0.554ms (keyed= 0.000ms group_by=  0.171ms per_group= 0.136ms)
[pe] round= 14 work=     1024 frontier=     1024 next=      512 consolidate=  0.584ms frontier=  0.078ms semisort=  0.294ms (keyed= 0.000ms group_by=  0.083ms per_group= 0.065ms)
[pe] round= 15 work=      512 frontier=      512 next=      256 consolidate=  0.295ms frontier=  0.030ms semisort=  0.136ms (keyed= 0.000ms group_by=  0.042ms per_group= 0.030ms)
[pe] round= 16 work=      256 frontier=      256 next=      128 consolidate=  0.142ms frontier=  0.017ms semisort=  0.065ms (keyed= 0.000ms group_by=  0.022ms per_group= 0.016ms)
[pe] round= 17 work=      128 frontier=      128 next=       64 consolidate=  0.069ms frontier=  0.010ms semisort=  0.035ms (keyed= 0.000ms group_by=  0.013ms per_group= 0.009ms)
[pe] round= 18 work=       64 frontier=       64 next=       32 consolidate=  0.035ms frontier=  0.005ms semisort=  0.020ms (keyed= 0.000ms group_by=  0.008ms per_group= 0.005ms)
[pe] round= 19 work=       32 frontier=       32 next=       16 consolidate=  0.018ms frontier=  0.004ms semisort=  0.013ms (keyed= 0.000ms group_by=  0.005ms per_group= 0.003ms)
[pe] round= 20 work=       16 frontier=       16 next=        8 consolidate=  0.010ms frontier=  0.002ms semisort=  0.009ms (keyed= 0.000ms group_by=  0.004ms per_group= 0.002ms)
[pe] round= 21 work=        8 frontier=        8 next=        4 consolidate=  0.005ms frontier=  0.002ms semisort=  0.006ms (keyed= 0.000ms group_by=  0.003ms per_group= 0.001ms)
[pe] round= 22 work=        4 frontier=        4 next=        2 consolidate=  0.003ms frontier=  0.001ms semisort=  0.005ms (keyed= 0.000ms group_by=  0.003ms per_group= 0.001ms)
[pe] round= 23 work=        2 frontier=        0 next=        0 consolidate=  0.002ms frontier=  0.001ms semisort=  0.000ms (break)
[pe] round=  0 work=       42 frontier= 40841010 next=  8168202 consolidate= 49.782ms frontier= 94.583ms semisort=11348.369ms (keyed= 0.000ms group_by=5222.991ms per_group=1837.319ms)
[pe] round=  1 work=  8168202 frontier=  8168202 next=  3973898 consolidate=7426.569ms frontier=1779.803ms semisort=4963.021ms (keyed= 0.002ms group_by=1478.952ms per_group=651.308ms)
[pe] round=  2 work=  3973898 frontier=  3973898 next=  2097152 consolidate=3699.895ms frontier=903.755ms semisort=2249.283ms (keyed= 0.002ms group_by=698.684ms per_group=402.659ms)
[pe] round=  3 work=  2097152 frontier=  2097152 next=  1048576 consolidate=1959.342ms frontier=478.780ms semisort=1022.480ms (keyed= 0.000ms group_by=260.910ms per_group=176.274ms)
[pe] round=  4 work=  1048576 frontier=  1048576 next=   524288 consolidate=995.468ms frontier=240.603ms semisort=500.213ms (keyed= 0.000ms group_by=125.739ms per_group=95.465ms)
[pe] round=  5 work=   524288 frontier=   524288 next=   262144 consolidate=490.525ms frontier=109.147ms semisort=257.920ms (keyed= 0.000ms group_by= 62.615ms per_group=49.340ms)
[pe] round=  6 work=   262144 frontier=   262144 next=   131072 consolidate=234.761ms frontier= 41.745ms semisort=138.942ms (keyed= 0.000ms group_by= 30.551ms per_group=23.322ms)
[pe] round=  7 work=   131072 frontier=   131072 next=    65536 consolidate=109.927ms frontier= 16.902ms semisort= 57.801ms (keyed= 0.000ms group_by= 14.517ms per_group= 9.087ms)
[pe] round=  8 work=    65536 frontier=    65536 next=    32768 consolidate= 50.719ms frontier=  7.453ms semisort= 26.802ms (keyed= 0.000ms group_by=  8.951ms per_group= 4.342ms)
[pe] round=  9 work=    32768 frontier=    32768 next=    16384 consolidate= 20.248ms frontier=  3.682ms semisort= 11.741ms (keyed= 0.000ms group_by=  4.320ms per_group= 2.194ms)
[pe] round= 10 work=    16384 frontier=    16384 next=     8192 consolidate= 11.112ms frontier=  1.732ms semisort=  5.598ms (keyed= 0.000ms group_by=  2.001ms per_group= 1.112ms)
[pe] round= 11 work=     8192 frontier=     8192 next=     4096 consolidate=  4.740ms frontier=  0.801ms semisort=  2.684ms (keyed= 0.000ms group_by=  0.864ms per_group= 0.675ms)
[pe] round= 12 work=     4096 frontier=     4096 next=     2048 consolidate=  2.329ms frontier=  0.398ms semisort=  1.231ms (keyed= 0.000ms group_by=  0.357ms per_group= 0.298ms)
[pe] round= 13 work=     2048 frontier=     2048 next=     1024 consolidate=  1.200ms frontier=  0.202ms semisort=  0.586ms (keyed= 0.000ms group_by=  0.191ms per_group= 0.143ms)
[pe] round= 14 work=     1024 frontier=     1024 next=      512 consolidate=  0.592ms frontier=  0.091ms semisort=  0.288ms (keyed= 0.000ms group_by=  0.081ms per_group= 0.063ms)
[pe] round= 15 work=      512 frontier=      512 next=      256 consolidate=  0.285ms frontier=  0.030ms semisort=  0.136ms (keyed= 0.000ms group_by=  0.042ms per_group= 0.030ms)
[pe] round= 16 work=      256 frontier=      256 next=      128 consolidate=  0.143ms frontier=  0.017ms semisort=  0.066ms (keyed= 0.000ms group_by=  0.022ms per_group= 0.015ms)
[pe] round= 17 work=      128 frontier=      128 next=       64 consolidate=  0.071ms frontier=  0.010ms semisort=  0.035ms (keyed= 0.000ms group_by=  0.013ms per_group= 0.008ms)
[pe] round= 18 work=       64 frontier=       64 next=       32 consolidate=  0.035ms frontier=  0.005ms semisort=  0.020ms (keyed= 0.000ms group_by=  0.008ms per_group= 0.005ms)
[pe] round= 19 work=       32 frontier=       32 next=       16 consolidate=  0.018ms frontier=  0.003ms semisort=  0.013ms (keyed= 0.000ms group_by=  0.005ms per_group= 0.003ms)
[pe] round= 20 work=       16 frontier=       16 next=        8 consolidate=  0.010ms frontier=  0.002ms semisort=  0.009ms (keyed= 0.000ms group_by=  0.004ms per_group= 0.002ms)
[pe] round= 21 work=        8 frontier=        8 next=        4 consolidate=  0.005ms frontier=  0.002ms semisort=  0.007ms (keyed= 0.000ms group_by=  0.003ms per_group= 0.001ms)
[pe] round= 22 work=        4 frontier=        4 next=        2 consolidate=  0.003ms frontier=  0.001ms semisort=  0.005ms (keyed= 0.000ms group_by=  0.003ms per_group= 0.001ms)
[pe] round= 23 work=        2 frontier=        0 next=        0 consolidate=  0.002ms frontier=  0.001ms semisort=  0.000ms (break)
[pe] round=  0 work=       42 frontier= 40841010 next=  8168202 consolidate= 49.568ms frontier= 94.359ms semisort=11195.342ms (keyed= 0.000ms group_by=5164.951ms per_group=1735.770ms)
[pe] round=  1 work=  8168202 frontier=  8168202 next=  3973898 consolidate=7473.700ms frontier=1780.732ms semisort=4963.046ms (keyed= 0.000ms group_by=1465.493ms per_group=666.343ms)
[pe] round=  2 work=  3973898 frontier=  3973898 next=  2097152 consolidate=3677.816ms frontier=926.748ms semisort=2242.478ms (keyed= 0.000ms group_by=683.390ms per_group=404.643ms)
[pe] round=  3 work=  2097152 frontier=  2097152 next=  1048576 consolidate=1956.993ms frontier=491.539ms semisort=1034.821ms (keyed= 0.000ms group_by=260.772ms per_group=175.937ms)
[pe] round=  4 work=  1048576 frontier=  1048576 next=   524288 consolidate=982.324ms frontier=246.921ms semisort=499.971ms (keyed= 0.000ms group_by=126.237ms per_group=95.218ms)
[pe] round=  5 work=   524288 frontier=   524288 next=   262144 consolidate=489.600ms frontier=114.667ms semisort=254.509ms (keyed= 0.000ms group_by= 62.658ms per_group=49.848ms)
[pe] round=  6 work=   262144 frontier=   262144 next=   131072 consolidate=233.967ms frontier= 47.710ms semisort=119.281ms (keyed= 0.000ms group_by= 30.323ms per_group=22.448ms)
[pe] round=  7 work=   131072 frontier=   131072 next=    65536 consolidate=108.908ms frontier= 16.988ms semisort= 55.461ms (keyed= 0.000ms group_by= 14.485ms per_group= 8.887ms)
[pe] round=  8 work=    65536 frontier=    65536 next=    32768 consolidate= 51.183ms frontier=  7.452ms semisort= 27.155ms (keyed= 0.000ms group_by=  8.966ms per_group= 4.353ms)
[pe] round=  9 work=    32768 frontier=    32768 next=    16384 consolidate= 20.703ms frontier=  3.543ms semisort= 11.583ms (keyed= 0.000ms group_by=  4.323ms per_group= 2.188ms)
[pe] round= 10 work=    16384 frontier=    16384 next=     8192 consolidate=  9.554ms frontier=  1.756ms semisort=  5.523ms (keyed= 0.000ms group_by=  1.980ms per_group= 1.109ms)
[pe] round= 11 work=     8192 frontier=     8192 next=     4096 consolidate=  4.721ms frontier=  0.827ms semisort=  2.857ms (keyed= 0.000ms group_by=  0.887ms per_group= 0.705ms)
[pe] round= 12 work=     4096 frontier=     4096 next=     2048 consolidate=  2.349ms frontier=  0.400ms semisort=  1.267ms (keyed= 0.000ms group_by=  0.345ms per_group= 0.329ms)
[pe] round= 13 work=     2048 frontier=     2048 next=     1024 consolidate=  1.316ms frontier=  0.198ms semisort=  0.575ms (keyed= 0.000ms group_by=  0.175ms per_group= 0.144ms)
[pe] round= 14 work=     1024 frontier=     1024 next=      512 consolidate=  0.602ms frontier=  0.078ms semisort=  0.290ms (keyed= 0.000ms group_by=  0.082ms per_group= 0.063ms)
[pe] round= 15 work=      512 frontier=      512 next=      256 consolidate=  0.286ms frontier=  0.030ms semisort=  0.136ms (keyed= 0.000ms group_by=  0.042ms per_group= 0.030ms)
[pe] round= 16 work=      256 frontier=      256 next=      128 consolidate=  0.144ms frontier=  0.017ms semisort=  0.065ms (keyed= 0.000ms group_by=  0.022ms per_group= 0.015ms)
[pe] round= 17 work=      128 frontier=      128 next=       64 consolidate=  0.070ms frontier=  0.010ms semisort=  0.035ms (keyed= 0.000ms group_by=  0.013ms per_group= 0.009ms)
[pe] round= 18 work=       64 frontier=       64 next=       32 consolidate=  0.036ms frontier=  0.005ms semisort=  0.020ms (keyed= 0.000ms group_by=  0.008ms per_group= 0.005ms)
[pe] round= 19 work=       32 frontier=       32 next=       16 consolidate=  0.018ms frontier=  0.004ms semisort=  0.013ms (keyed= 0.000ms group_by=  0.005ms per_group= 0.003ms)
[pe] round= 20 work=       16 frontier=       16 next=        8 consolidate=  0.010ms frontier=  0.002ms semisort=  0.009ms (keyed= 0.000ms group_by=  0.004ms per_group= 0.002ms)
[pe] round= 21 work=        8 frontier=        8 next=        4 consolidate=  0.005ms frontier=  0.002ms semisort=  0.006ms (keyed= 0.000ms group_by=  0.003ms per_group= 0.001ms)
[pe] round= 22 work=        4 frontier=        4 next=        2 consolidate=  0.003ms frontier=  0.001ms semisort=  0.005ms (keyed= 0.000ms group_by=  0.003ms per_group= 0.001ms)
[pe] round= 23 work=        2 frontier=        0 next=        0 consolidate=  0.002ms frontier=  0.001ms semisort=  0.000ms (break)
[pe] round=  0 work=       42 frontier= 40841010 next=  8168202 consolidate= 49.720ms frontier= 95.971ms semisort=11310.014ms (keyed= 0.000ms group_by=5194.219ms per_group=1829.773ms)
[pe] round=  1 work=  8168202 frontier=  8168202 next=  3973898 consolidate=7485.374ms frontier=1780.876ms semisort=4997.223ms (keyed= 0.000ms group_by=1486.922ms per_group=684.251ms)
[pe] round=  2 work=  3973898 frontier=  3973898 next=  2097152 consolidate=3685.803ms frontier=904.061ms semisort=2223.731ms (keyed= 0.000ms group_by=681.558ms per_group=384.896ms)
[pe] round=  3 work=  2097152 frontier=  2097152 next=  1048576 consolidate=1948.683ms frontier=481.177ms semisort=1044.764ms (keyed= 0.000ms group_by=278.323ms per_group=183.629ms)
[pe] round=  4 work=  1048576 frontier=  1048576 next=   524288 consolidate=984.150ms frontier=241.277ms semisort=502.776ms (keyed= 0.000ms group_by=125.873ms per_group=94.782ms)
[pe] round=  5 work=   524288 frontier=   524288 next=   262144 consolidate=501.934ms frontier=105.151ms semisort=258.832ms (keyed= 0.000ms group_by= 62.547ms per_group=50.732ms)
[pe] round=  6 work=   262144 frontier=   262144 next=   131072 consolidate=234.281ms frontier= 42.140ms semisort=120.307ms (keyed= 0.000ms group_by= 30.017ms per_group=22.549ms)
[pe] round=  7 work=   131072 frontier=   131072 next=    65536 consolidate=107.705ms frontier= 16.123ms semisort= 57.042ms (keyed= 0.000ms group_by= 14.491ms per_group= 8.995ms)
[pe] round=  8 work=    65536 frontier=    65536 next=    32768 consolidate= 51.884ms frontier=  7.316ms semisort= 26.738ms (keyed= 0.000ms group_by=  8.946ms per_group= 4.311ms)
[pe] round=  9 work=    32768 frontier=    32768 next=    16384 consolidate= 20.327ms frontier=  3.513ms semisort= 11.721ms (keyed= 0.001ms group_by=  4.294ms per_group= 2.213ms)
[pe] round= 10 work=    16384 frontier=    16384 next=     8192 consolidate=  9.630ms frontier=  1.737ms semisort=  5.556ms (keyed= 0.000ms group_by=  1.948ms per_group= 1.118ms)
[pe] round= 11 work=     8192 frontier=     8192 next=     4096 consolidate=  4.668ms frontier=  0.807ms semisort=  2.682ms (keyed= 0.000ms group_by=  0.848ms per_group= 0.693ms)
[pe] round= 12 work=     4096 frontier=     4096 next=     2048 consolidate=  2.328ms frontier=  0.401ms semisort=  1.317ms (keyed= 0.000ms group_by=  0.345ms per_group= 0.362ms)
[pe] round= 13 work=     2048 frontier=     2048 next=     1024 consolidate=  1.271ms frontier=  0.179ms semisort=  0.577ms (keyed= 0.000ms group_by=  0.185ms per_group= 0.142ms)
[pe] round= 14 work=     1024 frontier=     1024 next=      512 consolidate=  0.595ms frontier=  0.079ms semisort=  0.297ms (keyed= 0.000ms group_by=  0.090ms per_group= 0.064ms)
[pe] round= 15 work=      512 frontier=      512 next=      256 consolidate=  0.285ms frontier=  0.031ms semisort=  0.135ms (keyed= 0.000ms group_by=  0.042ms per_group= 0.031ms)
[pe] round= 16 work=      256 frontier=      256 next=      128 consolidate=  0.144ms frontier=  0.017ms semisort=  0.065ms (keyed= 0.000ms group_by=  0.022ms per_group= 0.015ms)
[pe] round= 17 work=      128 frontier=      128 next=       64 consolidate=  0.070ms frontier=  0.010ms semisort=  0.035ms (keyed= 0.000ms group_by=  0.013ms per_group= 0.009ms)
[pe] round= 18 work=       64 frontier=       64 next=       32 consolidate=  0.037ms frontier=  0.005ms semisort=  0.019ms (keyed= 0.000ms group_by=  0.008ms per_group= 0.005ms)
[pe] round= 19 work=       32 frontier=       32 next=       16 consolidate=  0.019ms frontier=  0.003ms semisort=  0.013ms (keyed= 0.000ms group_by=  0.005ms per_group= 0.003ms)
[pe] round= 20 work=       16 frontier=       16 next=        8 consolidate=  0.010ms frontier=  0.002ms semisort=  0.009ms (keyed= 0.000ms group_by=  0.004ms per_group= 0.002ms)
[pe] round= 21 work=        8 frontier=        8 next=        4 consolidate=  0.006ms frontier=  0.002ms semisort=  0.006ms (keyed= 0.000ms group_by=  0.003ms per_group= 0.001ms)
[pe] round= 22 work=        4 frontier=        4 next=        2 consolidate=  0.003ms frontier=  0.001ms semisort=  0.005ms (keyed= 0.000ms group_by=  0.003ms per_group= 0.001ms)
[pe] round= 23 work=        2 frontier=        0 next=        0 consolidate=  0.002ms frontier=  0.001ms semisort=  0.000ms (break)
[pe] round=  0 work=       42 frontier= 40841010 next=  8168202 consolidate= 49.856ms frontier= 94.191ms semisort=11172.984ms (keyed= 0.000ms group_by=5165.324ms per_group=1739.688ms)
[pe] round=  1 work=  8168202 frontier=  8168202 next=  3973898 consolidate=7445.364ms frontier=1750.360ms semisort=4954.721ms (keyed= 0.000ms group_by=1464.565ms per_group=674.873ms)
[pe] round=  2 work=  3973898 frontier=  3973898 next=  2097152 consolidate=3661.307ms frontier=902.216ms semisort=2246.857ms (keyed= 0.000ms group_by=697.426ms per_group=407.495ms)
[pe] round=  3 work=  2097152 frontier=  2097152 next=  1048576 consolidate=1949.036ms frontier=479.610ms semisort=1021.085ms (keyed= 0.000ms group_by=261.357ms per_group=176.578ms)
[pe] round=  4 work=  1048576 frontier=  1048576 next=   524288 consolidate=999.810ms frontier=241.765ms semisort=499.873ms (keyed= 0.001ms group_by=125.883ms per_group=95.576ms)
[pe] round=  5 work=   524288 frontier=   524288 next=   262144 consolidate=489.910ms frontier=113.976ms semisort=252.946ms (keyed= 0.001ms group_by= 62.910ms per_group=49.607ms)
[pe] round=  6 work=   262144 frontier=   262144 next=   131072 consolidate=236.213ms frontier= 45.835ms semisort=119.450ms (keyed= 0.000ms group_by= 30.384ms per_group=22.587ms)
[pe] round=  7 work=   131072 frontier=   131072 next=    65536 consolidate=138.108ms frontier= 18.637ms semisort= 55.943ms (keyed= 0.000ms group_by= 14.559ms per_group= 8.957ms)
[pe] round=  8 work=    65536 frontier=    65536 next=    32768 consolidate= 53.019ms frontier=  7.302ms semisort= 27.105ms (keyed= 0.000ms group_by=  8.989ms per_group= 4.351ms)
[pe] round=  9 work=    32768 frontier=    32768 next=    16384 consolidate= 20.740ms frontier=  3.485ms semisort= 11.582ms (keyed= 0.000ms group_by=  4.290ms per_group= 2.177ms)
[pe] round= 10 work=    16384 frontier=    16384 next=     8192 consolidate=  9.466ms frontier=  1.769ms semisort=  5.579ms (keyed= 0.000ms group_by=  1.909ms per_group= 1.128ms)
[pe] round= 11 work=     8192 frontier=     8192 next=     4096 consolidate=  4.720ms frontier=  0.817ms semisort=  2.617ms (keyed= 0.000ms group_by=  0.840ms per_group= 0.608ms)
[pe] round= 12 work=     4096 frontier=     4096 next=     2048 consolidate=  2.383ms frontier=  0.407ms semisort=  1.185ms (keyed= 0.000ms group_by=  0.347ms per_group= 0.279ms)
[pe] round= 13 work=     2048 frontier=     2048 next=     1024 consolidate=  1.198ms frontier=  0.196ms semisort=  0.576ms (keyed= 0.000ms group_by=  0.181ms per_group= 0.142ms)
[pe] round= 14 work=     1024 frontier=     1024 next=      512 consolidate=  0.614ms frontier=  0.083ms semisort=  0.303ms (keyed= 0.000ms group_by=  0.095ms per_group= 0.063ms)
[pe] round= 15 work=      512 frontier=      512 next=      256 consolidate=  0.288ms frontier=  0.030ms semisort=  0.135ms (keyed= 0.000ms group_by=  0.041ms per_group= 0.030ms)
[pe] round= 16 work=      256 frontier=      256 next=      128 consolidate=  0.142ms frontier=  0.017ms semisort=  0.065ms (keyed= 0.000ms group_by=  0.023ms per_group= 0.015ms)
[pe] round= 17 work=      128 frontier=      128 next=       64 consolidate=  0.071ms frontier=  0.010ms semisort=  0.035ms (keyed= 0.000ms group_by=  0.013ms per_group= 0.009ms)
[pe] round= 18 work=       64 frontier=       64 next=       32 consolidate=  0.035ms frontier=  0.005ms semisort=  0.019ms (keyed= 0.000ms group_by=  0.008ms per_group= 0.005ms)
[pe] round= 19 work=       32 frontier=       32 next=       16 consolidate=  0.019ms frontier=  0.003ms semisort=  0.012ms (keyed= 0.000ms group_by=  0.005ms per_group= 0.003ms)
[pe] round= 20 work=       16 frontier=       16 next=        8 consolidate=  0.010ms frontier=  0.002ms semisort=  0.009ms (keyed= 0.000ms group_by=  0.004ms per_group= 0.002ms)
[pe] round= 21 work=        8 frontier=        8 next=        4 consolidate=  0.006ms frontier=  0.002ms semisort=  0.006ms (keyed= 0.000ms group_by=  0.003ms per_group= 0.001ms)
[pe] round= 22 work=        4 frontier=        4 next=        2 consolidate=  0.003ms frontier=  0.001ms semisort=  0.005ms (keyed= 0.000ms group_by=  0.003ms per_group= 0.001ms)
[pe] round= 23 work=        2 frontier=        0 next=        0 consolidate=  0.002ms frontier=  0.001ms semisort=  0.000ms (break)
[pe] round=  0 work=       42 frontier= 40841010 next=  8168202 consolidate= 49.763ms frontier= 94.293ms semisort=11313.582ms (keyed= 0.000ms group_by=5203.154ms per_group=1805.611ms)
[pe] round=  1 work=  8168202 frontier=  8168202 next=  3973898 consolidate=7482.118ms frontier=1778.045ms semisort=4958.904ms (keyed= 0.000ms group_by=1467.996ms per_group=661.881ms)
[pe] round=  2 work=  3973898 frontier=  3973898 next=  2097152 consolidate=3687.793ms frontier=917.412ms semisort=2225.745ms (keyed= 0.000ms group_by=679.892ms per_group=382.709ms)
[pe] round=  3 work=  2097152 frontier=  2097152 next=  1048576 consolidate=1952.139ms frontier=482.037ms semisort=1049.141ms (keyed= 0.000ms group_by=262.308ms per_group=183.232ms)
[pe] round=  4 work=  1048576 frontier=  1048576 next=   524288 consolidate=989.737ms frontier=241.597ms semisort=522.373ms (keyed= 0.000ms group_by=127.718ms per_group=113.838ms)
[pe] round=  5 work=   524288 frontier=   524288 next=   262144 consolidate=493.476ms frontier=102.962ms semisort=260.593ms (keyed= 0.000ms group_by= 62.626ms per_group=52.151ms)
[pe] round=  6 work=   262144 frontier=   262144 next=   131072 consolidate=233.415ms frontier= 42.128ms semisort=120.392ms (keyed= 0.000ms group_by= 30.096ms per_group=22.536ms)
[pe] round=  7 work=   131072 frontier=   131072 next=    65536 consolidate=109.615ms frontier= 16.054ms semisort= 57.089ms (keyed= 0.000ms group_by= 14.429ms per_group= 8.966ms)
[pe] round=  8 work=    65536 frontier=    65536 next=    32768 consolidate= 50.458ms frontier=  7.312ms semisort= 26.679ms (keyed= 0.000ms group_by=  8.954ms per_group= 4.309ms)
[pe] round=  9 work=    32768 frontier=    32768 next=    16384 consolidate= 20.328ms frontier=  3.538ms semisort= 11.649ms (keyed= 0.000ms group_by=  4.285ms per_group= 2.197ms)
[pe] round= 10 work=    16384 frontier=    16384 next=     8192 consolidate=  9.616ms frontier=  1.748ms semisort=  5.558ms (keyed= 0.000ms group_by=  1.963ms per_group= 1.103ms)
[pe] round= 11 work=     8192 frontier=     8192 next=     4096 consolidate=  4.681ms frontier=  0.820ms semisort=  2.532ms (keyed= 0.000ms group_by=  0.747ms per_group= 0.662ms)
[pe] round= 12 work=     4096 frontier=     4096 next=     2048 consolidate=  2.331ms frontier=  0.402ms semisort=  1.227ms (keyed= 0.000ms group_by=  0.348ms per_group= 0.278ms)
[pe] round= 13 work=     2048 frontier=     2048 next=     1024 consolidate=  1.242ms frontier=  0.181ms semisort=  0.582ms (keyed= 0.000ms group_by=  0.175ms per_group= 0.142ms)
[pe] round= 14 work=     1024 frontier=     1024 next=      512 consolidate=  0.604ms frontier=  0.079ms semisort=  0.289ms (keyed= 0.000ms group_by=  0.082ms per_group= 0.063ms)
[pe] round= 15 work=      512 frontier=      512 next=      256 consolidate=  0.287ms frontier=  0.030ms semisort=  0.134ms (keyed= 0.000ms group_by=  0.041ms per_group= 0.030ms)
[pe] round= 16 work=      256 frontier=      256 next=      128 consolidate=  0.144ms frontier=  0.017ms semisort=  0.067ms (keyed= 0.000ms group_by=  0.023ms per_group= 0.015ms)
[pe] round= 17 work=      128 frontier=      128 next=       64 consolidate=  0.070ms frontier=  0.010ms semisort=  0.034ms (keyed= 0.000ms group_by=  0.013ms per_group= 0.009ms)
[pe] round= 18 work=       64 frontier=       64 next=       32 consolidate=  0.035ms frontier=  0.005ms semisort=  0.020ms (keyed= 0.000ms group_by=  0.008ms per_group= 0.005ms)
[pe] round= 19 work=       32 frontier=       32 next=       16 consolidate=  0.018ms frontier=  0.003ms semisort=  0.012ms (keyed= 0.000ms group_by=  0.005ms per_group= 0.003ms)
[pe] round= 20 work=       16 frontier=       16 next=        8 consolidate=  0.010ms frontier=  0.002ms semisort=  0.008ms (keyed= 0.000ms group_by=  0.004ms per_group= 0.002ms)
[pe] round= 21 work=        8 frontier=        8 next=        4 consolidate=  0.005ms frontier=  0.002ms semisort=  0.006ms (keyed= 0.000ms group_by=  0.003ms per_group= 0.001ms)
[pe] round= 22 work=        4 frontier=        4 next=        2 consolidate=  0.003ms frontier=  0.001ms semisort=  0.005ms (keyed= 0.000ms group_by=  0.003ms per_group= 0.001ms)
[pe] round= 23 work=        2 frontier=        0 next=        0 consolidate=  0.002ms frontier=  0.001ms semisort=  0.000ms (break)
