[synthetic_bench] quintic n=18 d=2 classes=7558306 merges=18 ...
[pe] round=  0 work=       36 frontier= 18895680 next=  3779136 consolidate=  6.660ms frontier=  8.184ms semisort=231.411ms (keyed= 0.000ms group_by=144.255ms per_group=21.877ms)
[pe] round=  1 work=  3779136 frontier=  3779136 next=  1681984 consolidate= 50.387ms frontier= 13.352ms semisort= 63.596ms (keyed= 0.000ms group_by= 25.492ms per_group= 8.030ms)
[pe] round=  2 work=  1681984 frontier=  1681984 next=  1048576 consolidate= 26.114ms frontier=  8.360ms semisort= 24.262ms (keyed= 0.000ms group_by=  7.222ms per_group= 4.402ms)
[pe] round=  3 work=  1048576 frontier=  1048576 next=   524288 consolidate= 21.541ms frontier=  8.196ms semisort= 14.210ms (keyed= 0.000ms group_by=  3.201ms per_group= 2.374ms)
[pe] round=  4 work=   524288 frontier=   524288 next=   262144 consolidate= 12.319ms frontier=  3.437ms semisort=  7.935ms (keyed= 0.000ms group_by=  1.940ms per_group= 1.455ms)
[pe] round=  5 work=   262144 frontier=   262144 next=   131072 consolidate=  6.293ms frontier=  1.880ms semisort=  4.628ms (keyed= 0.000ms group_by=  1.109ms per_group= 0.863ms)
[pe] round=  6 work=   131072 frontier=   131072 next=    65536 consolidate=  2.968ms frontier=  0.949ms semisort=  2.505ms (keyed= 0.000ms group_by=  0.822ms per_group= 0.463ms)
[pe] round=  7 work=    65536 frontier=    65536 next=    32768 consolidate=  1.446ms frontier=  0.550ms semisort=  8.134ms (keyed= 0.000ms group_by=  7.221ms per_group= 0.269ms)
[pe] round=  8 work=    32768 frontier=    32768 next=    16384 consolidate=  0.931ms frontier=  0.352ms semisort=  3.930ms (keyed= 0.000ms group_by=  3.370ms per_group= 0.177ms)
[pe] round=  9 work=    16384 frontier=    16384 next=     8192 consolidate=  2.682ms frontier=  0.247ms semisort=  2.110ms (keyed= 0.001ms group_by=  1.737ms per_group= 0.124ms)
[pe] round= 10 work=     8192 frontier=     8192 next=     4096 consolidate=  1.354ms frontier=  0.355ms semisort=  1.045ms (keyed= 0.000ms group_by=  0.647ms per_group= 0.077ms)
[pe] round= 11 work=     4096 frontier=     4096 next=     2048 consolidate=  0.692ms frontier=  0.191ms semisort=  0.636ms (keyed= 0.000ms group_by=  0.318ms per_group= 0.116ms)
[pe] round= 12 work=     2048 frontier=     2048 next=     1024 consolidate=  0.375ms frontier=  0.116ms semisort=  0.365ms (keyed= 0.000ms group_by=  0.193ms per_group= 0.046ms)
[pe] round= 13 work=     1024 frontier=     1024 next=      512 consolidate=  0.230ms frontier=  0.075ms semisort=  0.227ms (keyed= 0.000ms group_by=  0.098ms per_group= 0.045ms)
[pe] round= 14 work=      512 frontier=      512 next=      256 consolidate=  0.147ms frontier=  0.062ms semisort=  0.189ms (keyed= 0.000ms group_by=  0.061ms per_group= 0.048ms)
[pe] round= 15 work=      256 frontier=      256 next=      128 consolidate=  0.092ms frontier=  0.055ms semisort=  0.135ms (keyed= 0.000ms group_by=  0.045ms per_group= 0.040ms)
[pe] round= 16 work=      128 frontier=      128 next=       64 consolidate=  0.082ms frontier=  0.034ms semisort=  0.108ms (keyed= 0.000ms group_by=  0.038ms per_group= 0.025ms)
[pe] round= 17 work=       64 frontier=       64 next=       32 consolidate=  0.037ms frontier=  0.026ms semisort=  0.056ms (keyed= 0.000ms group_by=  0.022ms per_group= 0.015ms)
[pe] round= 18 work=       32 frontier=       32 next=       16 consolidate=  0.029ms frontier=  0.009ms semisort=  0.022ms (keyed= 0.000ms group_by=  0.011ms per_group= 0.005ms)
[pe] round= 19 work=       16 frontier=       16 next=        8 consolidate=  0.017ms frontier=  0.005ms semisort=  0.016ms (keyed= 0.000ms group_by=  0.008ms per_group= 0.004ms)
[pe] round= 20 work=        8 frontier=        8 next=        4 consolidate=  0.013ms frontier=  0.003ms semisort=  0.012ms (keyed= 0.000ms group_by=  0.006ms per_group= 0.002ms)
[pe] round= 21 work=        4 frontier=        4 next=        2 consolidate=  0.005ms frontier=  0.002ms semisort=  0.008ms (keyed= 0.000ms group_by=  0.006ms per_group= 0.001ms)
[pe] round= 22 work=        2 frontier=        0 next=        0 consolidate=  0.004ms frontier=  0.001ms semisort=  0.000ms (break)
[pe] round=  0 work=       36 frontier= 18895680 next=  3779136 consolidate=  1.404ms frontier=  3.096ms semisort=188.431ms (keyed= 0.000ms group_by=117.046ms per_group=18.884ms)
[pe] round=  1 work=  3779136 frontier=  3779136 next=  1681984 consolidate= 54.414ms frontier= 14.114ms semisort= 72.348ms (keyed= 0.000ms group_by= 12.885ms per_group= 7.522ms)
[pe] round=  2 work=  1681984 frontier=  1681984 next=  1048576 consolidate= 33.915ms frontier=  8.248ms semisort= 29.873ms (keyed= 0.000ms group_by=  5.522ms per_group=11.402ms)
[pe] round=  3 work=  1048576 frontier=  1048576 next=   524288 consolidate= 22.397ms frontier=  6.725ms semisort= 13.745ms (keyed= 0.000ms group_by=  3.304ms per_group= 2.402ms)
[pe] round=  4 work=   524288 frontier=   524288 next=   262144 consolidate= 13.077ms frontier=  3.314ms semisort=  7.686ms (keyed= 0.000ms group_by=  2.092ms per_group= 1.458ms)
[pe] round=  5 work=   262144 frontier=   262144 next=   131072 consolidate=  6.325ms frontier=  1.689ms semisort=  4.724ms (keyed= 0.000ms group_by=  1.237ms per_group= 0.842ms)
[pe] round=  6 work=   131072 frontier=   131072 next=    65536 consolidate=  3.043ms frontier=  1.010ms semisort=  2.412ms (keyed= 0.000ms group_by=  0.838ms per_group= 0.454ms)
[pe] round=  7 work=    65536 frontier=    65536 next=    32768 consolidate=  1.572ms frontier=  0.535ms semisort=  8.125ms (keyed= 0.000ms group_by=  7.176ms per_group= 0.274ms)
[pe] round=  8 work=    32768 frontier=    32768 next=    16384 consolidate=  0.898ms frontier=  0.356ms semisort=  3.951ms (keyed= 0.000ms group_by=  3.403ms per_group= 0.174ms)
[pe] round=  9 work=    16384 frontier=    16384 next=     8192 consolidate=  2.137ms frontier=  0.250ms semisort=  2.099ms (keyed= 0.000ms group_by=  1.729ms per_group= 0.122ms)
[pe] round= 10 work=     8192 frontier=     8192 next=     4096 consolidate=  1.384ms frontier=  0.343ms semisort=  1.014ms (keyed= 0.000ms group_by=  0.625ms per_group= 0.075ms)
[pe] round= 11 work=     4096 frontier=     4096 next=     2048 consolidate=  0.725ms frontier=  0.187ms semisort=  0.579ms (keyed= 0.001ms group_by=  0.331ms per_group= 0.061ms)
[pe] round= 12 work=     2048 frontier=     2048 next=     1024 consolidate=  0.394ms frontier=  0.114ms semisort=  0.413ms (keyed= 0.000ms group_by=  0.231ms per_group= 0.050ms)
[pe] round= 13 work=     1024 frontier=     1024 next=      512 consolidate=  0.224ms frontier=  0.085ms semisort=  0.250ms (keyed= 0.000ms group_by=  0.102ms per_group= 0.043ms)
[pe] round= 14 work=      512 frontier=      512 next=      256 consolidate=  0.133ms frontier=  0.053ms semisort=  0.169ms (keyed= 0.000ms group_by=  0.059ms per_group= 0.039ms)
[pe] round= 15 work=      256 frontier=      256 next=      128 consolidate=  0.089ms frontier=  0.040ms semisort=  0.112ms (keyed= 0.000ms group_by=  0.038ms per_group= 0.026ms)
[pe] round= 16 work=      128 frontier=      128 next=       64 consolidate=  0.080ms frontier=  0.036ms semisort=  0.105ms (keyed= 0.000ms group_by=  0.034ms per_group= 0.028ms)
[pe] round= 17 work=       64 frontier=       64 next=       32 consolidate=  0.055ms frontier=  0.018ms semisort=  0.055ms (keyed= 0.000ms group_by=  0.022ms per_group= 0.014ms)
[pe] round= 18 work=       32 frontier=       32 next=       16 consolidate=  0.023ms frontier=  0.009ms semisort=  0.023ms (keyed= 0.000ms group_by=  0.010ms per_group= 0.006ms)
[pe] round= 19 work=       16 frontier=       16 next=        8 consolidate=  0.017ms frontier=  0.006ms semisort=  0.016ms (keyed= 0.000ms group_by=  0.008ms per_group= 0.004ms)
[pe] round= 20 work=        8 frontier=        8 next=        4 consolidate=  0.011ms frontier=  0.004ms semisort=  0.012ms (keyed= 0.000ms group_by=  0.006ms per_group= 0.002ms)
[pe] round= 21 work=        4 frontier=        4 next=        2 consolidate=  0.006ms frontier=  0.002ms semisort=  0.008ms (keyed= 0.000ms group_by=  0.005ms per_group= 0.001ms)
[pe] round= 22 work=        2 frontier=        0 next=        0 consolidate=  0.004ms frontier=  0.002ms semisort=  0.000ms (break)
[pe] round=  0 work=       36 frontier= 18895680 next=  3779136 consolidate=  3.217ms frontier= 10.901ms semisort=159.589ms (keyed= 0.000ms group_by= 90.806ms per_group=19.238ms)
[pe] round=  1 work=  3779136 frontier=  3779136 next=  1681984 consolidate= 55.505ms frontier= 15.635ms semisort= 45.000ms (keyed= 0.000ms group_by= 13.582ms per_group= 7.304ms)
[pe] round=  2 work=  1681984 frontier=  1681984 next=  1048576 consolidate= 26.296ms frontier=  8.140ms semisort= 23.446ms (keyed= 0.000ms group_by=  5.573ms per_group= 4.969ms)
[pe] round=  3 work=  1048576 frontier=  1048576 next=   524288 consolidate= 23.276ms frontier=  7.430ms semisort= 13.854ms (keyed= 0.000ms group_by=  3.356ms per_group= 2.492ms)
[pe] round=  4 work=   524288 frontier=   524288 next=   262144 consolidate= 18.064ms frontier=  3.280ms semisort=  7.984ms (keyed= 0.000ms group_by=  2.287ms per_group= 1.469ms)
[pe] round=  5 work=   262144 frontier=   262144 next=   131072 consolidate=  6.295ms frontier=  1.712ms semisort=  4.258ms (keyed= 0.000ms group_by=  1.128ms per_group= 0.840ms)
[pe] round=  6 work=   131072 frontier=   131072 next=    65536 consolidate=  3.031ms frontier=  0.935ms semisort=  2.454ms (keyed= 0.000ms group_by=  0.794ms per_group= 0.510ms)
[pe] round=  7 work=    65536 frontier=    65536 next=    32768 consolidate=  1.578ms frontier=  0.552ms semisort=  8.589ms (keyed= 0.000ms group_by=  7.652ms per_group= 0.271ms)
[pe] round=  8 work=    32768 frontier=    32768 next=    16384 consolidate=  0.869ms frontier=  0.350ms semisort=  4.120ms (keyed= 0.000ms group_by=  3.572ms per_group= 0.173ms)
[pe] round=  9 work=    16384 frontier=    16384 next=     8192 consolidate=  2.769ms frontier=  0.255ms semisort=  2.182ms (keyed= 0.001ms group_by=  1.802ms per_group= 0.130ms)
[pe] round= 10 work=     8192 frontier=     8192 next=     4096 consolidate=  1.456ms frontier=  0.355ms semisort=  1.047ms (keyed= 0.000ms group_by=  0.636ms per_group= 0.079ms)
[pe] round= 11 work=     4096 frontier=     4096 next=     2048 consolidate=  0.757ms frontier=  0.193ms semisort=  0.626ms (keyed= 0.000ms group_by=  0.363ms per_group= 0.070ms)
[pe] round= 12 work=     2048 frontier=     2048 next=     1024 consolidate=  0.430ms frontier=  0.114ms semisort=  0.374ms (keyed= 0.000ms group_by=  0.203ms per_group= 0.049ms)
[pe] round= 13 work=     1024 frontier=     1024 next=      512 consolidate=  0.222ms frontier=  0.074ms semisort=  0.232ms (keyed= 0.000ms group_by=  0.098ms per_group= 0.047ms)
[pe] round= 14 work=      512 frontier=      512 next=      256 consolidate=  0.137ms frontier=  0.049ms semisort=  0.151ms (keyed= 0.000ms group_by=  0.059ms per_group= 0.031ms)
[pe] round= 15 work=      256 frontier=      256 next=      128 consolidate=  0.103ms frontier=  0.047ms semisort=  0.134ms (keyed= 0.000ms group_by=  0.037ms per_group= 0.041ms)
[pe] round= 16 work=      128 frontier=      128 next=       64 consolidate=  0.068ms frontier=  0.034ms semisort=  0.106ms (keyed= 0.000ms group_by=  0.032ms per_group= 0.028ms)
[pe] round= 17 work=       64 frontier=       64 next=       32 consolidate=  0.044ms frontier=  0.018ms semisort=  0.055ms (keyed= 0.000ms group_by=  0.018ms per_group= 0.015ms)
[pe] round= 18 work=       32 frontier=       32 next=       16 consolidate=  0.030ms frontier=  0.009ms semisort=  0.022ms (keyed= 0.000ms group_by=  0.010ms per_group= 0.006ms)
[pe] round= 19 work=       16 frontier=       16 next=        8 consolidate=  0.019ms frontier=  0.005ms semisort=  0.016ms (keyed= 0.000ms group_by=  0.008ms per_group= 0.004ms)
[pe] round= 20 work=        8 frontier=        8 next=        4 consolidate=  0.014ms frontier=  0.004ms semisort=  0.012ms (keyed= 0.000ms group_by=  0.006ms per_group= 0.002ms)
[pe] round= 21 work=        4 frontier=        4 next=        2 consolidate=  0.006ms frontier=  0.002ms semisort=  0.008ms (keyed= 0.000ms group_by=  0.005ms per_group= 0.001ms)
[pe] round= 22 work=        2 frontier=        0 next=        0 consolidate=  0.004ms frontier=  0.002ms semisort=  0.000ms (break)
[pe] round=  0 work=       36 frontier= 18895680 next=  3779136 consolidate=  1.354ms frontier=  2.973ms semisort=158.249ms (keyed= 0.000ms group_by= 88.237ms per_group=19.722ms)
[pe] round=  1 work=  3779136 frontier=  3779136 next=  1681984 consolidate= 54.485ms frontier= 16.552ms semisort= 50.460ms (keyed= 0.000ms group_by= 19.774ms per_group= 7.442ms)
[pe] round=  2 work=  1681984 frontier=  1681984 next=  1048576 consolidate= 38.085ms frontier=  8.439ms semisort= 21.240ms (keyed= 0.000ms group_by=  5.427ms per_group= 4.264ms)
[pe] round=  3 work=  1048576 frontier=  1048576 next=   524288 consolidate= 22.979ms frontier=  6.814ms semisort= 14.330ms (keyed= 0.000ms group_by=  4.114ms per_group= 2.354ms)
[pe] round=  4 work=   524288 frontier=   524288 next=   262144 consolidate= 12.164ms frontier=  3.327ms semisort=  7.670ms (keyed= 0.000ms group_by=  1.995ms per_group= 1.473ms)
[pe] round=  5 work=   262144 frontier=   262144 next=   131072 consolidate=  6.466ms frontier=  1.695ms semisort=  4.414ms (keyed= 0.000ms group_by=  1.177ms per_group= 0.843ms)
[pe] round=  6 work=   131072 frontier=   131072 next=    65536 consolidate=  3.069ms frontier=  0.966ms semisort=  2.445ms (keyed= 0.000ms group_by=  0.829ms per_group= 0.493ms)
[pe] round=  7 work=    65536 frontier=    65536 next=    32768 consolidate=  1.580ms frontier=  0.540ms semisort=  8.128ms (keyed= 0.000ms group_by=  7.162ms per_group= 0.263ms)
[pe] round=  8 work=    32768 frontier=    32768 next=    16384 consolidate=  0.897ms frontier=  0.376ms semisort=  3.930ms (keyed= 0.000ms group_by=  3.370ms per_group= 0.188ms)
[pe] round=  9 work=    16384 frontier=    16384 next=     8192 consolidate=  2.766ms frontier=  0.271ms semisort=  2.266ms (keyed= 0.000ms group_by=  1.880ms per_group= 0.117ms)
[pe] round= 10 work=     8192 frontier=     8192 next=     4096 consolidate=  1.410ms frontier=  0.388ms semisort=  1.093ms (keyed= 0.000ms group_by=  0.674ms per_group= 0.082ms)
[pe] round= 11 work=     4096 frontier=     4096 next=     2048 consolidate=  0.752ms frontier=  0.189ms semisort=  0.588ms (keyed= 0.000ms group_by=  0.330ms per_group= 0.060ms)
[pe] round= 12 work=     2048 frontier=     2048 next=     1024 consolidate=  0.412ms frontier=  0.115ms semisort=  0.390ms (keyed= 0.000ms group_by=  0.217ms per_group= 0.051ms)
[pe] round= 13 work=     1024 frontier=     1024 next=      512 consolidate=  0.237ms frontier=  0.073ms semisort=  0.229ms (keyed= 0.000ms group_by=  0.101ms per_group= 0.044ms)
[pe] round= 14 work=      512 frontier=      512 next=      256 consolidate=  0.147ms frontier=  0.052ms semisort=  0.166ms (keyed= 0.000ms group_by=  0.060ms per_group= 0.043ms)
[pe] round= 15 work=      256 frontier=      256 next=      128 consolidate=  0.110ms frontier=  0.041ms semisort=  0.128ms (keyed= 0.000ms group_by=  0.042ms per_group= 0.033ms)
[pe] round= 16 work=      128 frontier=      128 next=       64 consolidate=  0.082ms frontier=  0.035ms semisort=  0.124ms (keyed= 0.000ms group_by=  0.037ms per_group= 0.035ms)
[pe] round= 17 work=       64 frontier=       64 next=       32 consolidate=  0.055ms frontier=  0.022ms semisort=  0.055ms (keyed= 0.000ms group_by=  0.022ms per_group= 0.015ms)
[pe] round= 18 work=       32 frontier=       32 next=       16 consolidate=  0.031ms frontier=  0.009ms semisort=  0.028ms (keyed= 0.000ms group_by=  0.012ms per_group= 0.006ms)
[pe] round= 19 work=       16 frontier=       16 next=        8 consolidate=  0.018ms frontier=  0.005ms semisort=  0.016ms (keyed= 0.000ms group_by=  0.008ms per_group= 0.003ms)
[pe] round= 20 work=        8 frontier=        8 next=        4 consolidate=  0.017ms frontier=  0.003ms semisort=  0.012ms (keyed= 0.000ms group_by=  0.006ms per_group= 0.002ms)
[pe] round= 21 work=        4 frontier=        4 next=        2 consolidate=  0.006ms frontier=  0.002ms semisort=  0.008ms (keyed= 0.000ms group_by=  0.005ms per_group= 0.001ms)
[pe] round= 22 work=        2 frontier=        0 next=        0 consolidate=  0.004ms frontier=  0.002ms semisort=  0.000ms (break)
[pe] round=  0 work=       36 frontier= 18895680 next=  3779136 consolidate=  1.411ms frontier=  2.950ms semisort=158.632ms (keyed= 0.000ms group_by= 89.582ms per_group=18.783ms)
[pe] round=  1 work=  3779136 frontier=  3779136 next=  1681984 consolidate= 48.905ms frontier= 16.087ms semisort= 43.604ms (keyed= 0.000ms group_by= 12.911ms per_group= 7.269ms)
[pe] round=  2 work=  1681984 frontier=  1681984 next=  1048576 consolidate= 26.671ms frontier=  8.302ms semisort= 21.440ms (keyed= 0.000ms group_by=  5.438ms per_group= 4.287ms)
[pe] round=  3 work=  1048576 frontier=  1048576 next=   524288 consolidate= 27.495ms frontier=  6.794ms semisort= 13.446ms (keyed= 0.000ms group_by=  3.295ms per_group= 2.392ms)
[pe] round=  4 work=   524288 frontier=   524288 next=   262144 consolidate= 13.591ms frontier=  3.319ms semisort=  8.045ms (keyed= 0.000ms group_by=  2.210ms per_group= 1.495ms)
[pe] round=  5 work=   262144 frontier=   262144 next=   131072 consolidate=  6.149ms frontier=  1.655ms semisort=  4.293ms (keyed= 0.000ms group_by=  1.102ms per_group= 0.856ms)
[pe] round=  6 work=   131072 frontier=   131072 next=    65536 consolidate=  2.991ms frontier=  1.138ms semisort=  2.433ms (keyed= 0.000ms group_by=  0.815ms per_group= 0.479ms)
[pe] round=  7 work=    65536 frontier=    65536 next=    32768 consolidate=  1.549ms frontier=  0.538ms semisort=  7.632ms (keyed= 0.000ms group_by=  6.754ms per_group= 0.261ms)
[pe] round=  8 work=    32768 frontier=    32768 next=    16384 consolidate=  0.870ms frontier=  0.348ms semisort=  4.012ms (keyed= 0.000ms group_by=  3.428ms per_group= 0.193ms)
[pe] round=  9 work=    16384 frontier=    16384 next=     8192 consolidate=  2.702ms frontier=  0.271ms semisort=  2.083ms (keyed= 0.000ms group_by=  1.703ms per_group= 0.130ms)
[pe] round= 10 work=     8192 frontier=     8192 next=     4096 consolidate=  1.442ms frontier=  0.352ms semisort=  1.032ms (keyed= 0.000ms group_by=  0.629ms per_group= 0.075ms)
[pe] round= 11 work=     4096 frontier=     4096 next=     2048 consolidate=  0.727ms frontier=  0.195ms semisort=  0.619ms (keyed= 0.000ms group_by=  0.353ms per_group= 0.068ms)
[pe] round= 12 work=     2048 frontier=     2048 next=     1024 consolidate=  0.395ms frontier=  0.125ms semisort=  0.374ms (keyed= 0.000ms group_by=  0.197ms per_group= 0.048ms)
[pe] round= 13 work=     1024 frontier=     1024 next=      512 consolidate=  0.218ms frontier=  0.074ms semisort=  0.249ms (keyed= 0.000ms group_by=  0.103ms per_group= 0.050ms)
[pe] round= 14 work=      512 frontier=      512 next=      256 consolidate=  0.128ms frontier=  0.060ms semisort=  0.192ms (keyed= 0.000ms group_by=  0.061ms per_group= 0.055ms)
[pe] round= 15 work=      256 frontier=      256 next=      128 consolidate=  0.100ms frontier=  0.045ms semisort=  0.120ms (keyed= 0.000ms group_by=  0.042ms per_group= 0.024ms)
[pe] round= 16 work=      128 frontier=      128 next=       64 consolidate=  0.055ms frontier=  0.050ms semisort=  0.115ms (keyed= 0.000ms group_by=  0.031ms per_group= 0.033ms)
[pe] round= 17 work=       64 frontier=       64 next=       32 consolidate=  0.043ms frontier=  0.016ms semisort=  0.062ms (keyed= 0.000ms group_by=  0.022ms per_group= 0.020ms)
[pe] round= 18 work=       32 frontier=       32 next=       16 consolidate=  0.030ms frontier=  0.009ms semisort=  0.036ms (keyed= 0.000ms group_by=  0.011ms per_group= 0.017ms)
[pe] round= 19 work=       16 frontier=       16 next=        8 consolidate=  0.021ms frontier=  0.006ms semisort=  0.023ms (keyed= 0.000ms group_by=  0.008ms per_group= 0.010ms)
[pe] round= 20 work=        8 frontier=        8 next=        4 consolidate=  0.015ms frontier=  0.004ms semisort=  0.012ms (keyed= 0.000ms group_by=  0.006ms per_group= 0.002ms)
[pe] round= 21 work=        4 frontier=        4 next=        2 consolidate=  0.006ms frontier=  0.002ms semisort=  0.011ms (keyed= 0.000ms group_by=  0.005ms per_group= 0.004ms)
[pe] round= 22 work=        2 frontier=        0 next=        0 consolidate=  0.004ms frontier=  0.002ms semisort=  0.000ms (break)
[pe] round=  0 work=       36 frontier= 18895680 next=  3779136 consolidate= 11.759ms frontier=  3.056ms semisort=156.038ms (keyed= 0.000ms group_by= 88.034ms per_group=19.140ms)
[pe] round=  1 work=  3779136 frontier=  3779136 next=  1681984 consolidate= 56.961ms frontier= 15.425ms semisort= 43.436ms (keyed= 0.000ms group_by= 13.198ms per_group= 7.457ms)
[pe] round=  2 work=  1681984 frontier=  1681984 next=  1048576 consolidate= 26.731ms frontier=  8.478ms semisort= 21.277ms (keyed= 0.001ms group_by=  5.518ms per_group= 4.199ms)
[pe] round=  3 work=  1048576 frontier=  1048576 next=   524288 consolidate= 23.242ms frontier=  6.701ms semisort= 13.615ms (keyed= 0.000ms group_by=  3.291ms per_group= 2.395ms)
[pe] round=  4 work=   524288 frontier=   524288 next=   262144 consolidate= 11.952ms frontier=  3.198ms semisort=  7.720ms (keyed= 0.000ms group_by=  2.086ms per_group= 1.445ms)
[pe] round=  5 work=   262144 frontier=   262144 next=   131072 consolidate=  6.259ms frontier=  1.650ms semisort=  4.248ms (keyed= 0.000ms group_by=  1.110ms per_group= 0.843ms)
[pe] round=  6 work=   131072 frontier=   131072 next=    65536 consolidate=  3.043ms frontier=  0.942ms semisort=  2.385ms (keyed= 0.000ms group_by=  0.767ms per_group= 0.477ms)
[pe] round=  7 work=    65536 frontier=    65536 next=    32768 consolidate=  1.586ms frontier=  0.533ms semisort=  8.140ms (keyed= 0.000ms group_by=  7.247ms per_group= 0.264ms)
[pe] round=  8 work=    32768 frontier=    32768 next=    16384 consolidate=  0.843ms frontier=  0.349ms semisort=  3.789ms (keyed= 0.000ms group_by=  3.253ms per_group= 0.180ms)
[pe] round=  9 work=    16384 frontier=    16384 next=     8192 consolidate=  2.671ms frontier=  0.248ms semisort=  2.088ms (keyed= 0.000ms group_by=  1.710ms per_group= 0.124ms)
[pe] round= 10 work=     8192 frontier=     8192 next=     4096 consolidate=  1.364ms frontier=  0.350ms semisort=  1.047ms (keyed= 0.000ms group_by=  0.641ms per_group= 0.079ms)
[pe] round= 11 work=     4096 frontier=     4096 next=     2048 consolidate=  0.757ms frontier=  0.191ms semisort=  0.584ms (keyed= 0.000ms group_by=  0.325ms per_group= 0.069ms)
[pe] round= 12 work=     2048 frontier=     2048 next=     1024 consolidate=  0.391ms frontier=  0.118ms semisort=  0.390ms (keyed= 0.000ms group_by=  0.216ms per_group= 0.050ms)
[pe] round= 13 work=     1024 frontier=     1024 next=      512 consolidate=  0.228ms frontier=  0.079ms semisort=  0.243ms (keyed= 0.000ms group_by=  0.098ms per_group= 0.046ms)
[pe] round= 14 work=      512 frontier=      512 next=      256 consolidate=  0.143ms frontier=  0.049ms semisort=  0.182ms (keyed= 0.000ms group_by=  0.062ms per_group= 0.051ms)
[pe] round= 15 work=      256 frontier=      256 next=      128 consolidate=  0.106ms frontier=  0.046ms semisort=  0.125ms (keyed= 0.000ms group_by=  0.040ms per_group= 0.032ms)
[pe] round= 16 work=      128 frontier=      128 next=       64 consolidate=  0.088ms frontier=  0.031ms semisort=  0.111ms (keyed= 0.000ms group_by=  0.032ms per_group= 0.042ms)
[pe] round= 17 work=       64 frontier=       64 next=       32 consolidate=  0.031ms frontier=  0.021ms semisort=  0.049ms (keyed= 0.000ms group_by=  0.017ms per_group= 0.015ms)
[pe] round= 18 work=       32 frontier=       32 next=       16 consolidate=  0.033ms frontier=  0.009ms semisort=  0.052ms (keyed= 0.000ms group_by=  0.011ms per_group= 0.010ms)
[pe] round= 19 work=       16 frontier=       16 next=        8 consolidate=  0.020ms frontier=  0.005ms semisort=  0.016ms (keyed= 0.000ms group_by=  0.008ms per_group= 0.003ms)
[pe] round= 20 work=        8 frontier=        8 next=        4 consolidate=  0.014ms frontier=  0.003ms semisort=  0.012ms (keyed= 0.000ms group_by=  0.007ms per_group= 0.002ms)
[pe] round= 21 work=        4 frontier=        4 next=        2 consolidate=  0.006ms frontier=  0.002ms semisort=  0.008ms (keyed= 0.000ms group_by=  0.005ms per_group= 0.001ms)
[pe] round= 22 work=        2 frontier=        0 next=        0 consolidate=  0.003ms frontier=  0.002ms semisort=  0.000ms (break)
