[synthetic_bench] quintic n=23 d=2 classes=25745416 merges=23 ...
[pe] round=  0 work=       46 frontier= 64363430 next= 12872686 consolidate= 17.900ms frontier= 24.605ms semisort=732.492ms (keyed= 0.000ms group_by=502.036ms per_group=73.020ms)
[pe] round=  1 work= 12872686 frontier= 12872686 next=  4484078 consolidate=165.108ms frontier= 41.462ms semisort=183.773ms (keyed= 0.000ms group_by= 54.493ms per_group=24.939ms)
[pe] round=  2 work=  4484078 frontier=  4484078 next=  4194304 consolidate= 58.868ms frontier= 18.583ms semisort= 81.129ms (keyed= 0.000ms group_by= 20.415ms per_group=15.488ms)
[pe] round=  3 work=  4194304 frontier=  4194304 next=  2097152 consolidate= 57.512ms frontier= 20.668ms semisort= 53.659ms (keyed= 0.000ms group_by= 11.916ms per_group= 9.306ms)
[pe] round=  4 work=  2097152 frontier=  2097152 next=  1048576 consolidate= 36.744ms frontier= 10.588ms semisort= 29.700ms (keyed= 0.000ms group_by=  6.514ms per_group= 5.664ms)
[pe] round=  5 work=  1048576 frontier=  1048576 next=   524288 consolidate= 24.406ms frontier=  7.181ms semisort= 16.912ms (keyed= 0.000ms group_by=  3.259ms per_group= 2.905ms)
[pe] round=  6 work=   524288 frontier=   524288 next=   262144 consolidate= 12.639ms frontier=  3.768ms semisort= 11.644ms (keyed= 0.000ms group_by=  1.976ms per_group= 2.752ms)
[pe] round=  7 work=   262144 frontier=   262144 next=   131072 consolidate=  6.284ms frontier=  1.768ms semisort=  5.098ms (keyed= 0.000ms group_by=  1.201ms per_group= 0.880ms)
[pe] round=  8 work=   131072 frontier=   131072 next=    65536 consolidate=  2.914ms frontier=  0.942ms semisort=  2.502ms (keyed= 0.000ms group_by=  0.742ms per_group= 0.504ms)
[pe] round=  9 work=    65536 frontier=    65536 next=    32768 consolidate=  1.528ms frontier=  0.583ms semisort=  8.099ms (keyed= 0.000ms group_by=  7.168ms per_group= 0.261ms)
[pe] round= 10 work=    32768 frontier=    32768 next=    16384 consolidate=  0.842ms frontier=  0.367ms semisort=  4.072ms (keyed= 0.000ms group_by=  3.487ms per_group= 0.187ms)
[pe] round= 11 work=    16384 frontier=    16384 next=     8192 consolidate=  2.708ms frontier=  0.276ms semisort=  2.348ms (keyed= 0.000ms group_by=  1.796ms per_group= 0.273ms)
[pe] round= 12 work=     8192 frontier=     8192 next=     4096 consolidate=  1.446ms frontier=  0.336ms semisort=  1.047ms (keyed= 0.000ms group_by=  0.642ms per_group= 0.077ms)
[pe] round= 13 work=     4096 frontier=     4096 next=     2048 consolidate=  0.728ms frontier=  0.188ms semisort=  0.593ms (keyed= 0.000ms group_by=  0.342ms per_group= 0.058ms)
[pe] round= 14 work=     2048 frontier=     2048 next=     1024 consolidate=  0.398ms frontier=  0.122ms semisort=  0.413ms (keyed= 0.000ms group_by=  0.231ms per_group= 0.050ms)
[pe] round= 15 work=     1024 frontier=     1024 next=      512 consolidate=  0.229ms frontier=  0.081ms semisort=  0.237ms (keyed= 0.000ms group_by=  0.110ms per_group= 0.034ms)
[pe] round= 16 work=      512 frontier=      512 next=      256 consolidate=  0.151ms frontier=  0.069ms semisort=  0.164ms (keyed= 0.000ms group_by=  0.059ms per_group= 0.035ms)
[pe] round= 17 work=      256 frontier=      256 next=      128 consolidate=  0.105ms frontier=  0.047ms semisort=  0.163ms (keyed= 0.000ms group_by=  0.046ms per_group= 0.043ms)
[pe] round= 18 work=      128 frontier=      128 next=       64 consolidate=  0.073ms frontier=  0.028ms semisort=  0.103ms (keyed= 0.000ms group_by=  0.031ms per_group= 0.031ms)
[pe] round= 19 work=       64 frontier=       64 next=       32 consolidate=  0.046ms frontier=  0.020ms semisort=  0.059ms (keyed= 0.000ms group_by=  0.021ms per_group= 0.017ms)
[pe] round= 20 work=       32 frontier=       32 next=       16 consolidate=  0.028ms frontier=  0.008ms semisort=  0.024ms (keyed= 0.000ms group_by=  0.012ms per_group= 0.005ms)
[pe] round= 21 work=       16 frontier=       16 next=        8 consolidate=  0.016ms frontier=  0.005ms semisort=  0.016ms (keyed= 0.000ms group_by=  0.008ms per_group= 0.004ms)
[pe] round= 22 work=        8 frontier=        8 next=        4 consolidate=  0.016ms frontier=  0.003ms semisort=  0.011ms (keyed= 0.000ms group_by=  0.006ms per_group= 0.002ms)
[pe] round= 23 work=        4 frontier=        4 next=        2 consolidate=  0.006ms frontier=  0.002ms semisort=  0.008ms (keyed= 0.000ms group_by=  0.006ms per_group= 0.001ms)
[pe] round= 24 work=        2 frontier=        0 next=        0 consolidate=  0.004ms frontier=  0.001ms semisort=  0.000ms (break)
[pe] round=  0 work=       46 frontier= 64363430 next= 12872686 consolidate=  7.408ms frontier= 10.192ms semisort=659.645ms (keyed= 0.000ms group_by=350.451ms per_group=64.763ms)
[pe] round=  1 work= 12872686 frontier= 12872686 next=  4484078 consolidate=205.462ms frontier= 51.852ms semisort=200.986ms (keyed= 0.000ms group_by= 71.286ms per_group=22.984ms)
[pe] round=  2 work=  4484078 frontier=  4484078 next=  4194304 consolidate= 74.644ms frontier= 26.195ms semisort= 73.774ms (keyed= 0.000ms group_by= 14.623ms per_group=16.896ms)
[pe] round=  3 work=  4194304 frontier=  4194304 next=  2097152 consolidate= 58.603ms frontier= 20.624ms semisort= 73.335ms (keyed= 0.000ms group_by= 12.571ms per_group=15.047ms)
[pe] round=  4 work=  2097152 frontier=  2097152 next=  1048576 consolidate= 37.092ms frontier= 13.073ms semisort= 51.246ms (keyed= 0.000ms group_by= 20.167ms per_group=13.807ms)
[pe] round=  5 work=  1048576 frontier=  1048576 next=   524288 consolidate= 26.211ms frontier=  8.532ms semisort= 24.608ms (keyed= 0.000ms group_by=  8.803ms per_group= 2.848ms)
[pe] round=  6 work=   524288 frontier=   524288 next=   262144 consolidate= 12.843ms frontier=  8.265ms semisort= 18.866ms (keyed= 0.000ms group_by=  1.684ms per_group=10.367ms)
[pe] round=  7 work=   262144 frontier=   262144 next=   131072 consolidate=  6.375ms frontier=  1.745ms semisort=  4.764ms (keyed= 0.000ms group_by=  1.186ms per_group= 0.829ms)
[pe] round=  8 work=   131072 frontier=   131072 next=    65536 consolidate=  3.159ms frontier=  0.979ms semisort=  2.903ms (keyed= 0.000ms group_by=  1.115ms per_group= 0.483ms)
[pe] round=  9 work=    65536 frontier=    65536 next=    32768 consolidate=  1.557ms frontier=  0.548ms semisort=  7.951ms (keyed= 0.000ms group_by=  7.037ms per_group= 0.258ms)
[pe] round= 10 work=    32768 frontier=    32768 next=    16384 consolidate=  0.887ms frontier=  0.364ms semisort=  3.877ms (keyed= 0.000ms group_by=  3.312ms per_group= 0.172ms)
[pe] round= 11 work=    16384 frontier=    16384 next=     8192 consolidate=  2.109ms frontier=  0.262ms semisort=  2.116ms (keyed= 0.000ms group_by=  1.722ms per_group= 0.113ms)
[pe] round= 12 work=     8192 frontier=     8192 next=     4096 consolidate=  1.077ms frontier=  0.304ms semisort=  1.042ms (keyed= 0.000ms group_by=  0.667ms per_group= 0.071ms)
[pe] round= 13 work=     4096 frontier=     4096 next=     2048 consolidate=  0.557ms frontier=  0.164ms semisort=  0.553ms (keyed= 0.000ms group_by=  0.313ms per_group= 0.061ms)
[pe] round= 14 work=     2048 frontier=     2048 next=     1024 consolidate=  0.332ms frontier=  0.108ms semisort=  0.368ms (keyed= 0.000ms group_by=  0.202ms per_group= 0.045ms)
[pe] round= 15 work=     1024 frontier=     1024 next=      512 consolidate=  0.192ms frontier=  0.066ms semisort=  0.217ms (keyed= 0.000ms group_by=  0.089ms per_group= 0.047ms)
[pe] round= 16 work=      512 frontier=      512 next=      256 consolidate=  0.133ms frontier=  0.068ms semisort=  0.160ms (keyed= 0.000ms group_by=  0.050ms per_group= 0.040ms)
[pe] round= 17 work=      256 frontier=      256 next=      128 consolidate=  0.090ms frontier=  0.047ms semisort=  0.166ms (keyed= 0.000ms group_by=  0.036ms per_group= 0.035ms)
[pe] round= 18 work=      128 frontier=      128 next=       64 consolidate=  0.054ms frontier=  0.032ms semisort=  0.076ms (keyed= 0.000ms group_by=  0.025ms per_group= 0.018ms)
[pe] round= 19 work=       64 frontier=       64 next=       32 consolidate=  0.038ms frontier=  0.016ms semisort=  0.042ms (keyed= 0.000ms group_by=  0.013ms per_group= 0.011ms)
[pe] round= 20 work=       32 frontier=       32 next=       16 consolidate=  0.024ms frontier=  0.012ms semisort=  0.017ms (keyed= 0.000ms group_by=  0.008ms per_group= 0.004ms)
[pe] round= 21 work=       16 frontier=       16 next=        8 consolidate=  0.017ms frontier=  0.005ms semisort=  0.012ms (keyed= 0.000ms group_by=  0.006ms per_group= 0.002ms)
[pe] round= 22 work=        8 frontier=        8 next=        4 consolidate=  0.015ms frontier=  0.003ms semisort=  0.009ms (keyed= 0.000ms group_by=  0.005ms per_group= 0.001ms)
[pe] round= 23 work=        4 frontier=        4 next=        2 consolidate=  0.004ms frontier=  0.001ms semisort=  0.006ms (keyed= 0.000ms group_by=  0.004ms per_group= 0.001ms)
[pe] round= 24 work=        2 frontier=        0 next=        0 consolidate=  0.003ms frontier=  0.001ms semisort=  0.000ms (break)
[pe] round=  0 work=       46 frontier= 64363430 next= 12872686 consolidate=  4.654ms frontier= 37.815ms semisort=861.755ms (keyed= 0.000ms group_by=554.739ms per_group=109.097ms)
[pe] round=  1 work= 12872686 frontier= 12872686 next=  4484078 consolidate=186.634ms frontier= 55.430ms semisort=248.232ms (keyed= 0.000ms group_by= 61.912ms per_group=33.333ms)
[pe] round=  2 work=  4484078 frontier=  4484078 next=  4194304 consolidate= 73.856ms frontier= 23.635ms semisort=114.915ms (keyed= 0.000ms group_by= 38.920ms per_group=21.718ms)
[pe] round=  3 work=  4194304 frontier=  4194304 next=  2097152 consolidate= 60.178ms frontier= 26.582ms semisort= 55.048ms (keyed= 0.000ms group_by= 16.846ms per_group= 9.376ms)
[pe] round=  4 work=  2097152 frontier=  2097152 next=  1048576 consolidate= 40.165ms frontier= 10.688ms semisort= 29.586ms (keyed= 0.000ms group_by=  7.365ms per_group= 5.587ms)
[pe] round=  5 work=  1048576 frontier=  1048576 next=   524288 consolidate= 25.764ms frontier=  6.850ms semisort= 15.402ms (keyed= 0.000ms group_by=  3.139ms per_group= 2.829ms)
[pe] round=  6 work=   524288 frontier=   524288 next=   262144 consolidate= 12.879ms frontier=  3.333ms semisort= 24.237ms (keyed= 0.000ms group_by=  2.537ms per_group= 8.393ms)
[pe] round=  7 work=   262144 frontier=   262144 next=   131072 consolidate=  6.496ms frontier=  1.966ms semisort=  4.726ms (keyed= 0.000ms group_by=  1.261ms per_group= 0.858ms)
[pe] round=  8 work=   131072 frontier=   131072 next=    65536 consolidate=  3.054ms frontier=  1.034ms semisort=  2.448ms (keyed= 0.000ms group_by=  0.725ms per_group= 0.464ms)
[pe] round=  9 work=    65536 frontier=    65536 next=    32768 consolidate=  1.567ms frontier=  0.585ms semisort=  8.336ms (keyed= 0.000ms group_by=  7.417ms per_group= 0.258ms)
[pe] round= 10 work=    32768 frontier=    32768 next=    16384 consolidate=  0.887ms frontier=  0.379ms semisort=  4.001ms (keyed= 0.000ms group_by=  3.439ms per_group= 0.174ms)
[pe] round= 11 work=    16384 frontier=    16384 next=     8192 consolidate=  2.708ms frontier=  1.072ms semisort=  2.311ms (keyed= 0.000ms group_by=  1.632ms per_group= 0.385ms)
[pe] round= 12 work=     8192 frontier=     8192 next=     4096 consolidate=  1.357ms frontier=  0.354ms semisort=  1.084ms (keyed= 0.000ms group_by=  0.693ms per_group= 0.074ms)
[pe] round= 13 work=     4096 frontier=     4096 next=     2048 consolidate=  0.702ms frontier=  0.195ms semisort=  0.615ms (keyed= 0.000ms group_by=  0.358ms per_group= 0.060ms)
[pe] round= 14 work=     2048 frontier=     2048 next=     1024 consolidate=  0.407ms frontier=  0.114ms semisort=  0.393ms (keyed= 0.000ms group_by=  0.221ms per_group= 0.042ms)
[pe] round= 15 work=     1024 frontier=     1024 next=      512 consolidate=  0.236ms frontier=  0.081ms semisort=  0.274ms (keyed= 0.000ms group_by=  0.118ms per_group= 0.055ms)
[pe] round= 16 work=      512 frontier=      512 next=      256 consolidate=  0.146ms frontier=  0.058ms semisort=  0.169ms (keyed= 0.000ms group_by=  0.057ms per_group= 0.046ms)
[pe] round= 17 work=      256 frontier=      256 next=      128 consolidate=  0.106ms frontier=  0.046ms semisort=  0.130ms (keyed= 0.000ms group_by=  0.039ms per_group= 0.037ms)
[pe] round= 18 work=      128 frontier=      128 next=       64 consolidate=  0.072ms frontier=  0.047ms semisort=  0.113ms (keyed= 0.000ms group_by=  0.031ms per_group= 0.044ms)
[pe] round= 19 work=       64 frontier=       64 next=       32 consolidate=  0.051ms frontier=  0.029ms semisort=  0.066ms (keyed= 0.000ms group_by=  0.021ms per_group= 0.020ms)
[pe] round= 20 work=       32 frontier=       32 next=       16 consolidate=  0.037ms frontier=  0.012ms semisort=  0.023ms (keyed= 0.000ms group_by=  0.011ms per_group= 0.005ms)
[pe] round= 21 work=       16 frontier=       16 next=        8 consolidate=  0.022ms frontier=  0.005ms semisort=  0.016ms (keyed= 0.000ms group_by=  0.008ms per_group= 0.003ms)
[pe] round= 22 work=        8 frontier=        8 next=        4 consolidate=  0.020ms frontier=  0.004ms semisort=  0.011ms (keyed= 0.000ms group_by=  0.006ms per_group= 0.002ms)
[pe] round= 23 work=        4 frontier=        4 next=        2 consolidate=  0.006ms frontier=  0.002ms semisort=  0.008ms (keyed= 0.000ms group_by=  0.006ms per_group= 0.001ms)
[pe] round= 24 work=        2 frontier=        0 next=        0 consolidate=  0.004ms frontier=  0.002ms semisort=  0.000ms (break)
[pe] round=  0 work=       46 frontier= 64363430 next= 12872686 consolidate= 54.746ms frontier= 15.206ms semisort=616.252ms (keyed= 0.000ms group_by=402.632ms per_group=60.765ms)
[pe] round=  1 work= 12872686 frontier= 12872686 next=  4484078 consolidate=171.303ms frontier= 49.237ms semisort=187.096ms (keyed= 0.000ms group_by= 62.958ms per_group=22.274ms)
[pe] round=  2 work=  4484078 frontier=  4484078 next=  4194304 consolidate= 59.863ms frontier= 21.364ms semisort= 67.588ms (keyed= 0.000ms group_by= 16.654ms per_group=15.239ms)
[pe] round=  3 work=  4194304 frontier=  4194304 next=  2097152 consolidate= 59.710ms frontier= 18.663ms semisort= 52.462ms (keyed= 0.000ms group_by= 14.687ms per_group= 8.361ms)
[pe] round=  4 work=  2097152 frontier=  2097152 next=  1048576 consolidate= 45.475ms frontier= 12.745ms semisort= 28.533ms (keyed= 0.000ms group_by=  6.564ms per_group= 4.897ms)
[pe] round=  5 work=  1048576 frontier=  1048576 next=   524288 consolidate= 24.155ms frontier= 12.141ms semisort= 35.516ms (keyed= 0.000ms group_by= 12.810ms per_group=13.862ms)
[pe] round=  6 work=   524288 frontier=   524288 next=   262144 consolidate= 14.359ms frontier=  3.704ms semisort=  9.222ms (keyed= 0.000ms group_by=  2.025ms per_group= 1.362ms)
[pe] round=  7 work=   262144 frontier=   262144 next=   131072 consolidate=  6.714ms frontier=  1.771ms semisort=  4.461ms (keyed= 0.000ms group_by=  1.201ms per_group= 0.782ms)
[pe] round=  8 work=   131072 frontier=   131072 next=    65536 consolidate=  2.861ms frontier=  1.280ms semisort=  2.410ms (keyed= 0.000ms group_by=  0.790ms per_group= 0.428ms)
[pe] round=  9 work=    65536 frontier=    65536 next=    32768 consolidate=  1.516ms frontier=  0.593ms semisort=  8.647ms (keyed= 0.000ms group_by=  7.760ms per_group= 0.255ms)
[pe] round= 10 work=    32768 frontier=    32768 next=    16384 consolidate=  0.845ms frontier=  0.353ms semisort=  4.018ms (keyed= 0.000ms group_by=  3.462ms per_group= 0.168ms)
[pe] round= 11 work=    16384 frontier=    16384 next=     8192 consolidate=  2.757ms frontier=  0.266ms semisort=  2.066ms (keyed= 0.000ms group_by=  1.673ms per_group= 0.124ms)
[pe] round= 12 work=     8192 frontier=     8192 next=     4096 consolidate=  1.366ms frontier=  0.345ms semisort=  1.041ms (keyed= 0.000ms group_by=  0.654ms per_group= 0.073ms)
[pe] round= 13 work=     4096 frontier=     4096 next=     2048 consolidate=  0.764ms frontier=  0.194ms semisort=  0.591ms (keyed= 0.000ms group_by=  0.339ms per_group= 0.063ms)
[pe] round= 14 work=     2048 frontier=     2048 next=     1024 consolidate=  0.393ms frontier=  0.117ms semisort=  0.482ms (keyed= 0.000ms group_by=  0.308ms per_group= 0.053ms)
[pe] round= 15 work=     1024 frontier=     1024 next=      512 consolidate=  0.231ms frontier=  0.072ms semisort=  0.250ms (keyed= 0.000ms group_by=  0.108ms per_group= 0.049ms)
[pe] round= 16 work=      512 frontier=      512 next=      256 consolidate=  0.146ms frontier=  0.051ms semisort=  0.188ms (keyed= 0.000ms group_by=  0.060ms per_group= 0.049ms)
[pe] round= 17 work=      256 frontier=      256 next=      128 consolidate=  0.128ms frontier=  0.054ms semisort=  0.128ms (keyed= 0.000ms group_by=  0.044ms per_group= 0.028ms)
[pe] round= 18 work=      128 frontier=      128 next=       64 consolidate=  0.068ms frontier=  0.037ms semisort=  0.106ms (keyed= 0.000ms group_by=  0.031ms per_group= 0.030ms)
[pe] round= 19 work=       64 frontier=       64 next=       32 consolidate=  0.057ms frontier=  0.019ms semisort=  0.058ms (keyed= 0.000ms group_by=  0.019ms per_group= 0.015ms)
[pe] round= 20 work=       32 frontier=       32 next=       16 consolidate=  0.029ms frontier=  0.014ms semisort=  0.033ms (keyed= 0.000ms group_by=  0.012ms per_group= 0.009ms)
[pe] round= 21 work=       16 frontier=       16 next=        8 consolidate=  0.019ms frontier=  0.006ms semisort=  0.015ms (keyed= 0.000ms group_by=  0.008ms per_group= 0.003ms)
[pe] round= 22 work=        8 frontier=        8 next=        4 consolidate=  0.018ms frontier=  0.004ms semisort=  0.012ms (keyed= 0.000ms group_by=  0.007ms per_group= 0.002ms)
[pe] round= 23 work=        4 frontier=        4 next=        2 consolidate=  0.006ms frontier=  0.002ms semisort=  0.008ms (keyed= 0.000ms group_by=  0.006ms per_group= 0.001ms)
[pe] round= 24 work=        2 frontier=        0 next=        0 consolidate=  0.004ms frontier=  0.002ms semisort=  0.000ms (break)
[pe] round=  0 work=       46 frontier= 64363430 next= 12872686 consolidate=  6.300ms frontier= 17.355ms semisort=604.995ms (keyed= 0.000ms group_by=340.816ms per_group=63.554ms)
[pe] round=  1 work= 12872686 frontier= 12872686 next=  4484078 consolidate=196.851ms frontier= 61.894ms semisort=188.715ms (keyed= 0.000ms group_by= 62.682ms per_group=23.143ms)
[pe] round=  2 work=  4484078 frontier=  4484078 next=  4194304 consolidate= 62.416ms frontier= 20.514ms semisort= 76.683ms (keyed= 0.000ms group_by= 22.717ms per_group=16.389ms)
[pe] round=  3 work=  4194304 frontier=  4194304 next=  2097152 consolidate= 59.520ms frontier= 21.146ms semisort= 53.715ms (keyed= 0.000ms group_by= 14.472ms per_group= 9.551ms)
[pe] round=  4 work=  2097152 frontier=  2097152 next=  1048576 consolidate= 36.593ms frontier= 13.369ms semisort= 29.748ms (keyed= 0.000ms group_by=  7.025ms per_group= 7.427ms)
[pe] round=  5 work=  1048576 frontier=  1048576 next=   524288 consolidate= 26.393ms frontier=  6.652ms semisort= 16.596ms (keyed= 0.000ms group_by=  3.204ms per_group= 3.038ms)
[pe] round=  6 work=   524288 frontier=   524288 next=   262144 consolidate= 20.288ms frontier=  5.404ms semisort= 12.599ms (keyed= 0.000ms group_by=  1.972ms per_group= 4.328ms)
[pe] round=  7 work=   262144 frontier=   262144 next=   131072 consolidate=  6.549ms frontier=  2.442ms semisort=  4.692ms (keyed= 0.000ms group_by=  1.278ms per_group= 0.872ms)
[pe] round=  8 work=   131072 frontier=   131072 next=    65536 consolidate=  3.080ms frontier=  0.941ms semisort=  2.410ms (keyed= 0.000ms group_by=  0.670ms per_group= 0.487ms)
[pe] round=  9 work=    65536 frontier=    65536 next=    32768 consolidate=  1.525ms frontier=  0.571ms semisort=  7.724ms (keyed= 0.000ms group_by=  6.828ms per_group= 0.270ms)
[pe] round= 10 work=    32768 frontier=    32768 next=    16384 consolidate=  0.862ms frontier=  0.377ms semisort=  3.837ms (keyed= 0.000ms group_by=  3.245ms per_group= 0.182ms)
[pe] round= 11 work=    16384 frontier=    16384 next=     8192 consolidate=  2.082ms frontier=  0.280ms semisort=  2.292ms (keyed= 0.000ms group_by=  1.725ms per_group= 0.300ms)
[pe] round= 12 work=     8192 frontier=     8192 next=     4096 consolidate=  1.087ms frontier=  0.308ms semisort=  1.025ms (keyed= 0.000ms group_by=  0.651ms per_group= 0.076ms)
[pe] round= 13 work=     4096 frontier=     4096 next=     2048 consolidate=  0.583ms frontier=  0.178ms semisort=  0.601ms (keyed= 0.000ms group_by=  0.360ms per_group= 0.063ms)
[pe] round= 14 work=     2048 frontier=     2048 next=     1024 consolidate=  0.321ms frontier=  0.106ms semisort=  0.378ms (keyed= 0.000ms group_by=  0.205ms per_group= 0.045ms)
[pe] round= 15 work=     1024 frontier=     1024 next=      512 consolidate=  0.189ms frontier=  0.071ms semisort=  0.249ms (keyed= 0.000ms group_by=  0.102ms per_group= 0.063ms)
[pe] round= 16 work=      512 frontier=      512 next=      256 consolidate=  0.170ms frontier=  0.063ms semisort=  0.181ms (keyed= 0.000ms group_by=  0.057ms per_group= 0.033ms)
[pe] round= 17 work=      256 frontier=      256 next=      128 consolidate=  0.091ms frontier=  0.038ms semisort=  0.127ms (keyed= 0.001ms group_by=  0.046ms per_group= 0.033ms)
[pe] round= 18 work=      128 frontier=      128 next=       64 consolidate=  0.061ms frontier=  0.028ms semisort=  0.068ms (keyed= 0.000ms group_by=  0.026ms per_group= 0.017ms)
[pe] round= 19 work=       64 frontier=       64 next=       32 consolidate=  0.048ms frontier=  0.021ms semisort=  0.042ms (keyed= 0.000ms group_by=  0.014ms per_group= 0.014ms)
[pe] round= 20 work=       32 frontier=       32 next=       16 consolidate=  0.025ms frontier=  0.007ms semisort=  0.018ms (keyed= 0.000ms group_by=  0.009ms per_group= 0.004ms)
[pe] round= 21 work=       16 frontier=       16 next=        8 consolidate=  0.024ms frontier=  0.005ms semisort=  0.013ms (keyed= 0.000ms group_by=  0.006ms per_group= 0.003ms)
[pe] round= 22 work=        8 frontier=        8 next=        4 consolidate=  0.016ms frontier=  0.003ms semisort=  0.009ms (keyed= 0.000ms group_by=  0.005ms per_group= 0.001ms)
[pe] round= 23 work=        4 frontier=        4 next=        2 consolidate=  0.005ms frontier=  0.001ms semisort=  0.007ms (keyed= 0.000ms group_by=  0.005ms per_group= 0.001ms)
[pe] round= 24 work=        2 frontier=        0 next=        0 consolidate=  0.003ms frontier=  0.001ms semisort=  0.000ms (break)
[pe] round=  0 work=       46 frontier= 64363430 next= 12872686 consolidate=  4.720ms frontier= 21.284ms semisort=631.943ms (keyed= 0.000ms group_by=398.130ms per_group=79.453ms)
[pe] round=  1 work= 12872686 frontier= 12872686 next=  4484078 consolidate=192.701ms frontier= 51.895ms semisort=183.338ms (keyed= 0.000ms group_by= 61.127ms per_group=26.829ms)
[pe] round=  2 work=  4484078 frontier=  4484078 next=  4194304 consolidate= 74.008ms frontier= 20.040ms semisort= 78.159ms (keyed= 0.000ms group_by= 23.825ms per_group=16.741ms)
[pe] round=  3 work=  4194304 frontier=  4194304 next=  2097152 consolidate= 58.886ms frontier= 19.658ms semisort= 49.780ms (keyed= 0.000ms group_by= 12.217ms per_group= 9.503ms)
[pe] round=  4 work=  2097152 frontier=  2097152 next=  1048576 consolidate= 37.536ms frontier= 10.887ms semisort= 28.065ms (keyed= 0.000ms group_by=  7.252ms per_group= 5.529ms)
[pe] round=  5 work=  1048576 frontier=  1048576 next=   524288 consolidate= 25.649ms frontier=  6.556ms semisort= 15.944ms (keyed= 0.000ms group_by=  3.796ms per_group= 2.913ms)
[pe] round=  6 work=   524288 frontier=   524288 next=   262144 consolidate= 12.890ms frontier=  3.309ms semisort=  9.991ms (keyed= 0.000ms group_by=  2.030ms per_group= 1.555ms)
[pe] round=  7 work=   262144 frontier=   262144 next=   131072 consolidate= 18.501ms frontier=  1.765ms semisort=  5.173ms (keyed= 0.000ms group_by=  1.722ms per_group= 0.811ms)
[pe] round=  8 work=   131072 frontier=   131072 next=    65536 consolidate=  3.554ms frontier=  0.991ms semisort=  2.417ms (keyed= 0.000ms group_by=  0.725ms per_group= 0.483ms)
[pe] round=  9 work=    65536 frontier=    65536 next=    32768 consolidate=  1.657ms frontier=  0.549ms semisort=  7.606ms (keyed= 0.000ms group_by=  6.714ms per_group= 0.275ms)
[pe] round= 10 work=    32768 frontier=    32768 next=    16384 consolidate=  0.865ms frontier=  0.371ms semisort=  3.979ms (keyed= 0.000ms group_by=  3.415ms per_group= 0.176ms)
[pe] round= 11 work=    16384 frontier=    16384 next=     8192 consolidate=  2.713ms frontier=  0.251ms semisort=  2.981ms (keyed= 0.000ms group_by=  1.752ms per_group= 0.970ms)
[pe] round= 12 work=     8192 frontier=     8192 next=     4096 consolidate=  1.382ms frontier=  0.345ms semisort=  1.052ms (keyed= 0.000ms group_by=  0.652ms per_group= 0.080ms)
[pe] round= 13 work=     4096 frontier=     4096 next=     2048 consolidate=  0.753ms frontier=  0.188ms semisort=  0.578ms (keyed= 0.000ms group_by=  0.335ms per_group= 0.056ms)
[pe] round= 14 work=     2048 frontier=     2048 next=     1024 consolidate=  0.392ms frontier=  0.120ms semisort=  0.392ms (keyed= 0.000ms group_by=  0.215ms per_group= 0.043ms)
[pe] round= 15 work=     1024 frontier=     1024 next=      512 consolidate=  0.237ms frontier=  0.073ms semisort=  0.263ms (keyed= 0.000ms group_by=  0.109ms per_group= 0.055ms)
[pe] round= 16 work=      512 frontier=      512 next=      256 consolidate=  0.163ms frontier=  0.053ms semisort=  0.186ms (keyed= 0.000ms group_by=  0.067ms per_group= 0.049ms)
[pe] round= 17 work=      256 frontier=      256 next=      128 consolidate=  0.117ms frontier=  0.057ms semisort=  0.160ms (keyed= 0.000ms group_by=  0.038ms per_group= 0.036ms)
[pe] round= 18 work=      128 frontier=      128 next=       64 consolidate=  0.086ms frontier=  0.033ms semisort=  0.108ms (keyed= 0.000ms group_by=  0.032ms per_group= 0.038ms)
[pe] round= 19 work=       64 frontier=       64 next=       32 consolidate=  0.052ms frontier=  0.022ms semisort=  0.066ms (keyed= 0.000ms group_by=  0.023ms per_group= 0.018ms)
[pe] round= 20 work=       32 frontier=       32 next=       16 consolidate=  0.035ms frontier=  0.013ms semisort=  0.046ms (keyed= 0.000ms group_by=  0.011ms per_group= 0.020ms)
[pe] round= 21 work=       16 frontier=       16 next=        8 consolidate=  0.030ms frontier=  0.005ms semisort=  0.016ms (keyed= 0.000ms group_by=  0.008ms per_group= 0.003ms)
[pe] round= 22 work=        8 frontier=        8 next=        4 consolidate=  0.022ms frontier=  0.004ms semisort=  0.011ms (keyed= 0.000ms group_by=  0.006ms per_group= 0.002ms)
[pe] round= 23 work=        4 frontier=        4 next=        2 consolidate=  0.006ms frontier=  0.002ms semisort=  0.016ms (keyed= 0.000ms group_by=  0.013ms per_group= 0.001ms)
[pe] round= 24 work=        2 frontier=        0 next=        0 consolidate=  0.004ms frontier=  0.002ms semisort=  0.000ms (break)
