[synthetic_bench] grid n=120 d=2 classes=57838 merges=120 ...
[pe] round=  0 work=      240 frontier=    57600 next=    14400 consolidate= 16.773ms frontier=  0.128ms semisort= 28.467ms (keyed= 0.301ms group_by= 23.851ms per_group= 0.607ms)
[pe] round=  1 work=    14400 frontier=    28800 next=     6208 consolidate=  5.207ms frontier=  3.197ms semisort=  5.327ms (keyed= 0.057ms group_by=  3.824ms per_group= 0.391ms)
[pe] round=  2 work=     6208 frontier=    12416 next=     4096 consolidate=  2.466ms frontier=  0.246ms semisort=  2.918ms (keyed= 0.025ms group_by=  2.246ms per_group= 0.294ms)
[pe] round=  3 work=     4096 frontier=     8192 next=     2048 consolidate=  0.775ms frontier=  0.182ms semisort=  1.162ms (keyed= 0.026ms group_by=  0.834ms per_group= 0.110ms)
[pe] round=  4 work=     2048 frontier=     4096 next=     1024 consolidate=  0.439ms frontier=  0.103ms semisort=  0.551ms (keyed= 0.018ms group_by=  0.325ms per_group= 0.081ms)
[pe] round=  5 work=     1024 frontier=     2048 next=      512 consolidate=  0.275ms frontier=  0.079ms semisort=  0.434ms (keyed= 0.022ms group_by=  0.265ms per_group= 0.053ms)
[pe] round=  6 work=      512 frontier=     1024 next=      256 consolidate=  0.166ms frontier=  0.058ms semisort=  0.222ms (keyed= 0.013ms group_by=  0.091ms per_group= 0.044ms)
[pe] round=  7 work=      256 frontier=      512 next=      128 consolidate=  0.113ms frontier=  0.033ms semisort=  0.131ms (keyed= 0.009ms group_by=  0.044ms per_group= 0.032ms)
[pe] round=  8 work=      128 frontier=      256 next=       64 consolidate=  0.075ms frontier=  0.041ms semisort=  0.092ms (keyed= 0.007ms group_by=  0.022ms per_group= 0.025ms)
[pe] round=  9 work=       64 frontier=      128 next=       32 consolidate=  0.065ms frontier=  0.010ms semisort=  0.062ms (keyed= 0.002ms group_by=  0.012ms per_group= 0.017ms)
[pe] round= 10 work=       32 frontier=       64 next=       16 consolidate=  0.035ms frontier=  0.006ms semisort=  0.033ms (keyed= 0.001ms group_by=  0.007ms per_group= 0.012ms)
[pe] round= 11 work=       16 frontier=       32 next=        8 consolidate=  0.021ms frontier=  0.004ms semisort=  0.020ms (keyed= 0.001ms group_by=  0.002ms per_group= 0.006ms)
[pe] round= 12 work=        8 frontier=       16 next=        4 consolidate=  0.011ms frontier=  0.001ms semisort=  0.008ms (keyed= 0.000ms group_by=  0.001ms per_group= 0.003ms)
[pe] round= 13 work=        4 frontier=        8 next=        2 consolidate=  0.005ms frontier=  0.001ms semisort=  0.005ms (keyed= 0.000ms group_by=  0.001ms per_group= 0.002ms)
[pe] round= 14 work=        2 frontier=        4 next=        1 consolidate=  0.003ms frontier=  0.001ms semisort=  0.003ms (keyed= 0.000ms group_by=  0.000ms per_group= 0.001ms)
[pe] round= 15 work=        1 frontier=        0 next=        0 consolidate=  0.002ms frontier=  0.001ms semisort=  0.000ms (break)
[pe-async] round=  0 R=2 dirty=    28800 runs=    14400 filter=  0.235ms semisort=  1.472ms
[pe-async] round=  1 R=3 dirty=    16384 runs=    10176 filter=  0.202ms semisort=  0.898ms
[pe-async] round=  2 R=4 dirty=     8192 runs=     4096 filter=  0.212ms semisort=  0.490ms
[pe-async] round=  3 R=5 dirty=     4096 runs=     2048 filter=  0.211ms semisort=  0.257ms
[pe-async] round=  4 R=6 dirty=     2048 runs=     1024 filter=  0.177ms semisort=  0.156ms
[pe-async] round=  5 R=7 dirty=     1024 runs=      512 filter=  0.172ms semisort=  0.102ms
[pe-async] round=  6 R=8 dirty=      512 runs=      256 filter=  0.196ms semisort=  0.069ms
[pe-async] round=  7 R=9 dirty=      256 runs=      128 filter=  0.188ms semisort=  0.066ms
[pe-async] round=  8 R=10 dirty=      128 runs=       64 filter=  0.179ms semisort=  0.047ms
[pe-async] round=  9 R=11 dirty=       64 runs=       32 filter=  0.193ms semisort=  0.037ms
[pe-async] round= 10 R=12 dirty=       32 runs=       16 filter=  0.168ms semisort=  0.033ms
[pe-async] round= 11 R=13 dirty=       16 runs=        8 filter=  0.152ms semisort=  0.021ms
[pe-async] round= 12 R=14 dirty=        8 runs=        4 filter=  0.148ms semisort=  0.009ms
[pe-async] round= 13 R=15 dirty=        4 runs=        2 filter=  0.147ms semisort=  0.007ms
[pe-async] round= 14 R=16 dirty=        2 runs=        1 filter=  0.147ms semisort=  0.005ms
[pe-async] round= 15 R=17 dirty=        0 filter=  0.156ms (clean break)
[pe-async-cont] scans=16 empty_scans=1 groups_pushed=32767 groups_consumed=32767 unions=28799  total= 13.409ms
