[synthetic_bench] mixed_depth n=80 d=2 classes=2048158 merges=160 ...
[pe] round=  0 work=      240 frontier=  3072080 next=   512000 consolidate=  2.047ms frontier=  1.530ms semisort=786.216ms (keyed=16.792ms group_by=204.331ms per_group=289.749ms)
[pe] round=  1 work=   512000 frontier=  1024000 next=   249856 consolidate=675.639ms frontier= 32.121ms semisort=504.989ms (keyed= 6.379ms group_by= 68.101ms per_group=135.288ms)
[pe] round=  2 work=   249856 frontier=  1613328 next=   131072 consolidate=340.483ms frontier= 20.499ms semisort=509.443ms (keyed= 5.855ms group_by=137.915ms per_group=114.520ms)
[pe] round=  3 work=   131072 frontier=   876569 next=    65536 consolidate=179.093ms frontier= 13.240ms semisort=282.332ms (keyed= 2.902ms group_by= 80.357ms per_group=64.702ms)
[pe] round=  4 work=    65536 frontier=   591885 next=    32768 consolidate= 94.339ms frontier=  7.465ms semisort=177.330ms (keyed= 1.959ms group_by= 56.270ms per_group=39.203ms)
[pe] round=  5 work=    32768 frontier=   219148 next=    16384 consolidate= 47.824ms frontier=  2.836ms semisort= 65.060ms (keyed= 0.683ms group_by= 19.997ms per_group=16.198ms)
[pe] round=  6 work=    16384 frontier=   186384 next=     8192 consolidate= 23.682ms frontier=  0.962ms semisort= 46.140ms (keyed= 0.595ms group_by= 17.308ms per_group=10.241ms)
[pe] round=  7 work=     8192 frontier=    16384 next=     4096 consolidate= 11.746ms frontier=  0.359ms semisort=  5.509ms (keyed= 0.063ms group_by=  1.135ms per_group= 1.566ms)
[pe] round=  8 work=     4096 frontier=    46594 next=     2048 consolidate=  3.535ms frontier=  0.149ms semisort= 10.255ms (keyed= 0.173ms group_by=  4.358ms per_group= 1.672ms)
[pe] round=  9 work=     2048 frontier=     4096 next=     1024 consolidate=  2.411ms frontier=  0.079ms semisort=  1.177ms (keyed= 0.013ms group_by=  0.193ms per_group= 0.428ms)
[pe] round= 10 work=     1024 frontier=     2048 next=      512 consolidate=  0.789ms frontier=  0.039ms semisort=  0.557ms (keyed= 0.005ms group_by=  0.125ms per_group= 0.201ms)
[pe] round= 11 work=      512 frontier=     1024 next=      256 consolidate=  0.380ms frontier=  0.019ms semisort=  0.265ms (keyed= 0.002ms group_by=  0.042ms per_group= 0.107ms)
[pe] round= 12 work=      256 frontier=      512 next=      128 consolidate=  0.229ms frontier=  0.012ms semisort=  0.131ms (keyed= 0.001ms group_by=  0.024ms per_group= 0.051ms)
[pe] round= 13 work=      128 frontier=      256 next=       64 consolidate=  0.095ms frontier=  0.006ms semisort=  0.063ms (keyed= 0.001ms group_by=  0.009ms per_group= 0.026ms)
[pe] round= 14 work=       64 frontier=      128 next=       32 consolidate=  0.047ms frontier=  0.004ms semisort=  0.035ms (keyed= 0.001ms group_by=  0.005ms per_group= 0.013ms)
[pe] round= 15 work=       32 frontier=       64 next=       16 consolidate=  0.025ms frontier=  0.003ms semisort=  0.018ms (keyed= 0.001ms group_by=  0.003ms per_group= 0.008ms)
[pe] round= 16 work=       16 frontier=       32 next=        8 consolidate=  0.013ms frontier=  0.002ms semisort=  0.011ms (keyed= 0.000ms group_by=  0.002ms per_group= 0.004ms)
[pe] round= 17 work=        8 frontier=       16 next=        4 consolidate=  0.008ms frontier=  0.001ms semisort=  0.006ms (keyed= 0.000ms group_by=  0.001ms per_group= 0.002ms)
[pe] round= 18 work=        4 frontier=        8 next=        2 consolidate=  0.004ms frontier=  0.001ms semisort=  0.004ms (keyed= 0.000ms group_by=  0.001ms per_group= 0.001ms)
[pe] round= 19 work=        2 frontier=        4 next=        1 consolidate=  0.003ms frontier=  0.001ms semisort=  0.003ms (keyed= 0.000ms group_by=  0.000ms per_group= 0.001ms)
[pe] round= 20 work=        1 frontier=        0 next=        0 consolidate=  0.002ms frontier=  0.000ms semisort=  0.000ms (break)
[pe-async] round=  0 R=2 dirty=  1024080 runs=   512080 filter= 22.970ms semisort=167.111ms
[pe-async] round=  1 R=3 dirty=   524288 runs=   274432 filter= 40.084ms semisort= 80.669ms
[pe-async] round=  2 R=4 dirty=  1020858 runs=   510437 filter= 38.278ms semisort=123.141ms
[pe-async] round=  3 R=5 dirty=   630809 runs=   315406 filter= 37.722ms semisort= 89.526ms
[pe-async] round=  4 R=6 dirty=   460685 runs=   230344 filter= 35.784ms semisort= 66.426ms
[pe-async] round=  5 R=7 dirty=   178828 runs=    89414 filter= 34.199ms semisort= 34.481ms
[pe-async] round=  6 R=8 dirty=   162448 runs=    81224 filter= 32.916ms semisort= 27.202ms
[pe-async] round=  7 R=9 dirty=     8192 runs=     4096 filter= 32.980ms semisort=  3.102ms
[pe-async] round=  8 R=10 dirty=    42020 runs=    21010 filter= 31.635ms semisort=  5.817ms
[pe-async] round=  9 R=11 dirty=     2048 runs=     1024 filter= 30.971ms semisort=  0.862ms
[pe-async] round= 10 R=12 dirty=     1024 runs=      512 filter= 31.576ms semisort=  0.446ms
[pe-async] round= 11 R=13 dirty=      512 runs=      256 filter= 30.741ms semisort=  0.259ms
[pe-async] round= 12 R=14 dirty=      256 runs=      128 filter= 30.584ms semisort=  0.161ms
[pe-async] round= 13 R=15 dirty=      128 runs=       64 filter= 31.016ms semisort=  0.103ms
[pe-async] round= 14 R=16 dirty=       64 runs=       32 filter= 30.580ms semisort=  0.058ms
[pe-async] round= 15 R=17 dirty=       32 runs=       16 filter= 30.600ms semisort=  0.036ms
[pe-async] round= 16 R=18 dirty=       16 runs=        8 filter= 30.690ms semisort=  0.023ms
[pe-async] round= 17 R=19 dirty=        8 runs=        4 filter= 30.815ms semisort=  0.016ms
[pe-async] round= 18 R=20 dirty=        4 runs=        2 filter= 30.144ms semisort=  0.014ms
[pe-async] round= 19 R=21 dirty=        2 runs=        1 filter= 30.295ms semisort=  0.012ms
[pe-async] round= 20 R=22 dirty=        0 filter= 31.141ms (clean break)
