[synthetic_bench] mixed_depth n=110 d=2 classes=5324218 merges=220 ...
[pe] round=  0 work=      330 frontier=  7986110 next=  1331000 consolidate=  9.818ms frontier=  1.921ms semisort=219.338ms (keyed= 6.864ms group_by=125.883ms per_group=41.490ms)
[pe] round=  1 work=  1331000 frontier=  2662000 next=   524288 consolidate= 92.828ms frontier=  8.828ms semisort= 76.601ms (keyed= 1.254ms group_by= 23.414ms per_group=16.615ms)
[pe] round=  2 work=   524288 frontier=  3807399 next=   282424 consolidate= 41.120ms frontier=  4.274ms semisort= 82.894ms (keyed= 1.847ms group_by= 35.868ms per_group=14.795ms)
[pe] round=  3 work=   282424 frontier=  1799063 next=   262144 consolidate= 21.337ms frontier=  2.090ms semisort= 40.987ms (keyed= 0.912ms group_by= 14.183ms per_group=10.464ms)
[pe] round=  4 work=   262144 frontier=  2194127 next=   131072 consolidate= 19.917ms frontier=  2.132ms semisort= 38.966ms (keyed= 1.046ms group_by= 14.207ms per_group= 7.742ms)
[pe] round=  5 work=   131072 frontier=  1278558 next=    65536 consolidate=  9.879ms frontier=  1.162ms semisort= 24.448ms (keyed= 0.745ms group_by=  9.368ms per_group= 4.590ms)
[pe] round=  6 work=    65536 frontier=   203674 next=    32768 consolidate=  4.924ms frontier=  0.554ms semisort=  6.174ms (keyed= 0.107ms group_by=  2.505ms per_group= 1.333ms)
[pe] round=  7 work=    32768 frontier=   283344 next=    16384 consolidate=  2.624ms frontier=  0.361ms semisort=  6.214ms (keyed= 0.351ms group_by=  2.286ms per_group= 1.147ms)
[pe] round=  8 work=    16384 frontier=   105368 next=     8192 consolidate=  1.357ms frontier=  0.267ms semisort=  2.935ms (keyed= 0.117ms group_by=  1.260ms per_group= 0.524ms)
[pe] round=  9 work=     8192 frontier=    88984 next=     4096 consolidate=  2.082ms frontier=  0.316ms semisort=  2.711ms (keyed= 0.101ms group_by=  1.259ms per_group= 0.394ms)
[pe] round= 10 work=     4096 frontier=     8192 next=     2048 consolidate=  1.232ms frontier=  0.189ms semisort=  1.313ms (keyed= 0.024ms group_by=  0.888ms per_group= 0.139ms)
[pe] round= 11 work=     2048 frontier=     4096 next=     1024 consolidate=  0.663ms frontier=  0.086ms semisort=  0.814ms (keyed= 0.013ms group_by=  0.528ms per_group= 0.095ms)
[pe] round= 12 work=     1024 frontier=     2048 next=      512 consolidate=  0.355ms frontier=  0.053ms semisort=  0.436ms (keyed= 0.010ms group_by=  0.237ms per_group= 0.079ms)
[pe] round= 13 work=      512 frontier=     1024 next=      256 consolidate=  0.172ms frontier=  0.037ms semisort=  0.241ms (keyed= 0.009ms group_by=  0.115ms per_group= 0.047ms)
[pe] round= 14 work=      256 frontier=      512 next=      128 consolidate=  0.113ms frontier=  0.025ms semisort=  0.126ms (keyed= 0.006ms group_by=  0.058ms per_group= 0.025ms)
[pe] round= 15 work=      128 frontier=      256 next=       64 consolidate=  0.061ms frontier=  0.015ms semisort=  0.076ms (keyed= 0.003ms group_by=  0.026ms per_group= 0.018ms)
[pe] round= 16 work=       64 frontier=      128 next=       32 consolidate=  0.039ms frontier=  0.009ms semisort=  0.048ms (keyed= 0.002ms group_by=  0.011ms per_group= 0.016ms)
[pe] round= 17 work=       32 frontier=       64 next=       16 consolidate=  0.031ms frontier=  0.006ms semisort=  0.034ms (keyed= 0.001ms group_by=  0.008ms per_group= 0.010ms)
[pe] round= 18 work=       16 frontier=       32 next=        8 consolidate=  0.018ms frontier=  0.004ms semisort=  0.017ms (keyed= 0.001ms group_by=  0.003ms per_group= 0.005ms)
[pe] round= 19 work=        8 frontier=       16 next=        4 consolidate=  0.011ms frontier=  0.003ms semisort=  0.007ms (keyed= 0.000ms group_by=  0.001ms per_group= 0.003ms)
[pe] round= 20 work=        4 frontier=        8 next=        2 consolidate=  0.009ms frontier=  0.002ms semisort=  0.005ms (keyed= 0.000ms group_by=  0.001ms per_group= 0.001ms)
[pe] round= 21 work=        2 frontier=        4 next=        1 consolidate=  0.004ms frontier=  0.001ms semisort=  0.003ms (keyed= 0.000ms group_by=  0.000ms per_group= 0.001ms)
[pe] round= 22 work=        1 frontier=        0 next=        0 consolidate=  0.002ms frontier=  0.000ms semisort=  0.000ms (break)
[pe-async] round=  0 R=2 dirty=  2662110 runs=  1331110 filter=  8.529ms semisort= 23.103ms
[pe-async] round=  1 R=3 dirty=  1613424 runs=  1089136 filter=  9.303ms semisort= 16.867ms
[pe-async] round=  2 R=4 dirty=  2964098 runs=  1723922 filter=  9.711ms semisort= 18.988ms
[pe-async] round=  3 R=5 dirty=  1577585 runs=   788794 filter=  9.394ms semisort= 14.436ms
[pe-async] round=  4 R=6 dirty=  1607177 runs=   803590 filter=  9.410ms semisort= 11.740ms
[pe-async] round=  5 R=7 dirty=  1023614 runs=   511807 filter=  9.431ms semisort=  8.140ms
[pe-async] round=  6 R=8 dirty=   137480 runs=    68740 filter= 10.108ms semisort=  1.973ms
[pe-async] round=  7 R=9 dirty=   244690 runs=   122345 filter=  9.800ms semisort=  2.563ms
[pe-async] round=  8 R=10 dirty=    88326 runs=    44163 filter= 10.249ms semisort=  4.428ms
[pe-async] round=  9 R=11 dirty=    80134 runs=    40067 filter=  9.660ms semisort=  3.861ms
[pe-async] round= 10 R=12 dirty=     4096 runs=     2048 filter=  9.451ms semisort=  0.381ms
[pe-async] round= 11 R=13 dirty=     2048 runs=     1024 filter=  8.792ms semisort=  0.240ms
[pe-async] round= 12 R=14 dirty=     1024 runs=      512 filter=  8.992ms semisort=  0.107ms
[pe-async] round= 13 R=15 dirty=      512 runs=      256 filter=  8.688ms semisort=  0.080ms
[pe-async] round= 14 R=16 dirty=      256 runs=      128 filter=  8.856ms semisort=  0.058ms
[pe-async] round= 15 R=17 dirty=      128 runs=       64 filter=  8.734ms semisort=  0.044ms
[pe-async] round= 16 R=18 dirty=       64 runs=       32 filter=  8.554ms semisort=  0.036ms
[pe-async] round= 17 R=19 dirty=       32 runs=       16 filter=  8.461ms semisort=  0.031ms
[pe-async] round= 18 R=20 dirty=       16 runs=        8 filter=  8.514ms semisort=  0.023ms
[pe-async] round= 19 R=21 dirty=        8 runs=        4 filter=  8.796ms semisort=  0.021ms
[pe-async] round= 20 R=22 dirty=        4 runs=        2 filter=  8.924ms semisort=  0.015ms
[pe-async] round= 21 R=23 dirty=        2 runs=        1 filter=  8.830ms semisort=  0.012ms
[pe-async] round= 22 R=24 dirty=        0 filter=  8.659ms (clean break)
[pe-async-cont] scans=23 empty_scans=1 groups_pushed=6527769 groups_consumed=6527769 unions=2661999  total=459.080ms
