[synthetic_bench] mixed_depth n=110 d=2 classes=5324218 merges=220 ...
[pe] round=  0 work=      330 frontier=  7986110 next=  1331000 consolidate=  7.669ms frontier=  1.622ms semisort=715.335ms (keyed= 9.224ms group_by=172.356ms per_group=287.504ms)
[pe] round=  1 work=  1331000 frontier=  2662000 next=   524288 consolidate=564.578ms frontier= 35.946ms semisort=424.897ms (keyed= 2.902ms group_by= 47.220ms per_group=118.112ms)
[pe] round=  2 work=   524288 frontier=  3807399 next=   282424 consolidate=246.444ms frontier= 17.155ms semisort=367.850ms (keyed= 4.421ms group_by= 84.845ms per_group=91.918ms)
[pe] round=  3 work=   282424 frontier=  1799063 next=   262144 consolidate=141.405ms frontier=  9.551ms semisort=220.089ms (keyed= 1.815ms group_by= 56.714ms per_group=68.916ms)
[pe] round=  4 work=   262144 frontier=  2194127 next=   131072 consolidate=136.896ms frontier=  9.587ms semisort=219.308ms (keyed= 2.114ms group_by= 68.857ms per_group=49.605ms)
[pe] round=  5 work=   131072 frontier=  1278558 next=    65536 consolidate= 66.160ms frontier=  4.302ms semisort=139.751ms (keyed= 1.191ms group_by= 47.370ms per_group=29.613ms)
[pe] round=  6 work=    65536 frontier=   203674 next=    32768 consolidate= 32.625ms frontier=  1.711ms semisort= 31.856ms (keyed= 0.216ms group_by=  7.791ms per_group= 9.660ms)
[pe] round=  7 work=    32768 frontier=   283344 next=    16384 consolidate= 15.782ms frontier=  1.083ms semisort= 34.877ms (keyed= 0.270ms group_by= 13.184ms per_group= 6.769ms)
[pe] round=  8 work=    16384 frontier=   105368 next=     8192 consolidate=  7.330ms frontier=  0.539ms semisort= 13.123ms (keyed= 0.359ms group_by=  4.825ms per_group= 2.702ms)
[pe] round=  9 work=     8192 frontier=    88984 next=     4096 consolidate=  4.789ms frontier=  0.459ms semisort= 10.874ms (keyed= 0.274ms group_by=  4.158ms per_group= 1.833ms)
[pe] round= 10 work=     4096 frontier=     8192 next=     2048 consolidate=  2.356ms frontier=  0.218ms semisort=  1.831ms (keyed= 0.024ms group_by=  0.662ms per_group= 0.466ms)
[pe] round= 11 work=     2048 frontier=     4096 next=     1024 consolidate=  1.202ms frontier=  0.121ms semisort=  1.087ms (keyed= 0.039ms group_by=  0.409ms per_group= 0.266ms)
[pe] round= 12 work=     1024 frontier=     2048 next=      512 consolidate=  0.593ms frontier=  0.086ms semisort=  0.513ms (keyed= 0.011ms group_by=  0.133ms per_group= 0.148ms)
[pe] round= 13 work=      512 frontier=     1024 next=      256 consolidate=  0.321ms frontier=  0.046ms semisort=  0.325ms (keyed= 0.007ms group_by=  0.094ms per_group= 0.091ms)
[pe] round= 14 work=      256 frontier=      512 next=      128 consolidate=  0.178ms frontier=  0.023ms semisort=  0.177ms (keyed= 0.003ms group_by=  0.045ms per_group= 0.046ms)
[pe] round= 15 work=      128 frontier=      256 next=       64 consolidate=  0.091ms frontier=  0.014ms semisort=  0.093ms (keyed= 0.002ms group_by=  0.027ms per_group= 0.036ms)
[pe] round= 16 work=       64 frontier=      128 next=       32 consolidate=  0.047ms frontier=  0.007ms semisort=  0.041ms (keyed= 0.001ms group_by=  0.007ms per_group= 0.015ms)
[pe] round= 17 work=       32 frontier=       64 next=       16 consolidate=  0.035ms frontier=  0.005ms semisort=  0.022ms (keyed= 0.001ms group_by=  0.005ms per_group= 0.008ms)
[pe] round= 18 work=       16 frontier=       32 next=        8 consolidate=  0.019ms frontier=  0.002ms semisort=  0.011ms (keyed= 0.000ms group_by=  0.001ms per_group= 0.004ms)
[pe] round= 19 work=        8 frontier=       16 next=        4 consolidate=  0.009ms frontier=  0.001ms semisort=  0.007ms (keyed= 0.000ms group_by=  0.001ms per_group= 0.003ms)
[pe] round= 20 work=        4 frontier=        8 next=        2 consolidate=  0.005ms frontier=  0.001ms semisort=  0.004ms (keyed= 0.000ms group_by=  0.001ms per_group= 0.001ms)
[pe] round= 21 work=        2 frontier=        4 next=        1 consolidate=  0.003ms frontier=  0.001ms semisort=  0.003ms (keyed= 0.000ms group_by=  0.000ms per_group= 0.001ms)
[pe] round= 22 work=        1 frontier=        0 next=        0 consolidate=  0.002ms frontier=  0.000ms semisort=  0.000ms (break)
[pe-async] round=  0 R=2 dirty=  2662110 runs=  1331110 filter= 28.312ms semisort=162.453ms
[pe-async] round=  1 R=3 dirty=  1613424 runs=  1089136 filter= 32.543ms semisort= 87.526ms
[pe-async] round=  2 R=4 dirty=  2964098 runs=  1723922 filter= 36.834ms semisort=104.990ms
[pe-async] round=  3 R=5 dirty=  1577585 runs=   788794 filter= 41.981ms semisort= 79.295ms
[pe-async] round=  4 R=6 dirty=  1607177 runs=   803590 filter= 38.197ms semisort= 66.629ms
[pe-async] round=  5 R=7 dirty=  1023614 runs=   511807 filter= 38.288ms semisort= 44.174ms
[pe-async] round=  6 R=8 dirty=   137480 runs=    68740 filter= 35.897ms semisort= 11.810ms
[pe-async] round=  7 R=9 dirty=   244690 runs=   122345 filter= 35.667ms semisort= 13.635ms
[pe-async] round=  8 R=10 dirty=    88326 runs=    44163 filter= 34.289ms semisort=  8.812ms
[pe-async] round=  9 R=11 dirty=    80134 runs=    40067 filter= 35.283ms semisort=  7.246ms
[pe-async] round= 10 R=12 dirty=     4096 runs=     2048 filter= 34.559ms semisort=  0.908ms
[pe-async] round= 11 R=13 dirty=     2048 runs=     1024 filter= 34.271ms semisort=  0.527ms
[pe-async] round= 12 R=14 dirty=     1024 runs=      512 filter= 33.850ms semisort=  0.310ms
[pe-async] round= 13 R=15 dirty=      512 runs=      256 filter= 34.257ms semisort=  0.208ms
[pe-async] round= 14 R=16 dirty=      256 runs=      128 filter= 34.461ms semisort=  0.132ms
[pe-async] round= 15 R=17 dirty=      128 runs=       64 filter= 34.008ms semisort=  0.088ms
[pe-async] round= 16 R=18 dirty=       64 runs=       32 filter= 34.297ms semisort=  0.054ms
[pe-async] round= 17 R=19 dirty=       32 runs=       16 filter= 34.290ms semisort=  0.031ms
[pe-async] round= 18 R=20 dirty=       16 runs=        8 filter= 33.704ms semisort=  0.024ms
[pe-async] round= 19 R=21 dirty=        8 runs=        4 filter= 34.529ms semisort=  0.022ms
[pe-async] round= 20 R=22 dirty=        4 runs=        2 filter= 33.654ms semisort=  0.017ms
[pe-async] round= 21 R=23 dirty=        2 runs=        1 filter= 33.981ms semisort=  0.013ms
[pe-async] round= 22 R=24 dirty=        0 filter= 34.919ms (clean break)
[pe-async-cont] scans=23 empty_scans=1 groups_pushed=6527769 groups_consumed=6527769 unions=2661999  total=1522.965ms
