[synthetic_bench] quartic n=25 d=2 classes=1562548 merges=25 ...
[pe] round=  0 work=       50 frontier=  3125000 next=   390625 consolidate=  2.521ms frontier=  0.643ms semisort= 93.389ms (keyed= 3.379ms group_by= 42.734ms per_group=22.039ms)
[pe] round=  1 work=   390625 frontier=   781250 next=   131072 consolidate= 47.426ms frontier=  3.596ms semisort= 38.217ms (keyed= 1.189ms group_by= 12.014ms per_group= 7.374ms)
[pe] round=  2 work=   131072 frontier=   262144 next=   128481 consolidate= 15.061ms frontier=  1.241ms semisort= 17.582ms (keyed= 0.181ms group_by=  3.951ms per_group= 6.281ms)
[pe] round=  3 work=   128481 frontier=   256962 next=    65536 consolidate= 16.997ms frontier=  1.209ms semisort= 13.544ms (keyed= 0.350ms group_by=  4.089ms per_group= 3.737ms)
[pe] round=  4 work=    65536 frontier=   131072 next=    32768 consolidate=  9.803ms frontier=  0.714ms semisort=  7.679ms (keyed= 0.221ms group_by=  2.037ms per_group= 2.170ms)
[pe] round=  5 work=    32768 frontier=    65536 next=    16384 consolidate=  5.012ms frontier=  0.415ms semisort=  3.685ms (keyed= 0.080ms group_by=  0.900ms per_group= 1.183ms)
[pe] round=  6 work=    16384 frontier=    32768 next=     8192 consolidate=  2.657ms frontier=  0.263ms semisort=  1.909ms (keyed= 0.065ms group_by=  0.385ms per_group= 0.624ms)
[pe] round=  7 work=     8192 frontier=    16384 next=     4096 consolidate=  2.758ms frontier=  0.316ms semisort=  1.217ms (keyed= 0.039ms group_by=  0.210ms per_group= 0.357ms)
[pe] round=  8 work=     4096 frontier=     8192 next=     2048 consolidate=  1.411ms frontier=  0.169ms semisort=  1.628ms (keyed= 0.032ms group_by=  0.996ms per_group= 0.232ms)
[pe] round=  9 work=     2048 frontier=     4096 next=     1024 consolidate=  0.822ms frontier=  0.130ms semisort=  0.847ms (keyed= 0.022ms group_by=  0.493ms per_group= 0.107ms)
[pe] round= 10 work=     1024 frontier=     2048 next=      512 consolidate=  0.417ms frontier=  0.059ms semisort=  0.509ms (keyed= 0.013ms group_by=  0.238ms per_group= 0.104ms)
[pe] round= 11 work=      512 frontier=     1024 next=      256 consolidate=  0.210ms frontier=  0.039ms semisort=  0.250ms (keyed= 0.009ms group_by=  0.105ms per_group= 0.044ms)
[pe] round= 12 work=      256 frontier=      512 next=      128 consolidate=  0.116ms frontier=  0.026ms semisort=  0.173ms (keyed= 0.007ms group_by=  0.063ms per_group= 0.051ms)
[pe] round= 13 work=      128 frontier=      256 next=       64 consolidate=  0.086ms frontier=  0.017ms semisort=  0.087ms (keyed= 0.004ms group_by=  0.031ms per_group= 0.020ms)
[pe] round= 14 work=       64 frontier=      128 next=       32 consolidate=  0.047ms frontier=  0.009ms semisort=  0.054ms (keyed= 0.002ms group_by=  0.011ms per_group= 0.015ms)
[pe] round= 15 work=       32 frontier=       64 next=       16 consolidate=  0.032ms frontier=  0.006ms semisort=  0.035ms (keyed= 0.001ms group_by=  0.007ms per_group= 0.012ms)
[pe] round= 16 work=       16 frontier=       32 next=        8 consolidate=  0.020ms frontier=  0.004ms semisort=  0.022ms (keyed= 0.001ms group_by=  0.004ms per_group= 0.008ms)
[pe] round= 17 work=        8 frontier=       16 next=        4 consolidate=  0.019ms frontier=  0.002ms semisort=  0.007ms (keyed= 0.000ms group_by=  0.001ms per_group= 0.003ms)
[pe] round= 18 work=        4 frontier=        8 next=        2 consolidate=  0.006ms frontier=  0.001ms semisort=  0.005ms (keyed= 0.000ms group_by=  0.001ms per_group= 0.002ms)
[pe] round= 19 work=        2 frontier=        4 next=        1 consolidate=  0.003ms frontier=  0.001ms semisort=  0.003ms (keyed= 0.000ms group_by=  0.000ms per_group= 0.001ms)
[pe] round= 20 work=        1 frontier=        0 next=        0 consolidate=  0.002ms frontier=  0.001ms semisort=  0.000ms (break)
[pe-async] round=  0 R=2 dirty=   781250 runs=   390625 filter=  4.814ms semisort= 14.708ms
[pe-async] round=  1 R=3 dirty=   519106 runs=   388034 filter=  4.194ms semisort=  8.305ms
[pe-async] round=  2 R=4 dirty=   262144 runs=   133663 filter=  4.568ms semisort=  6.170ms
[pe-async] round=  3 R=5 dirty=   131072 runs=    65536 filter=  4.839ms semisort=  3.666ms
[pe-async] round=  4 R=6 dirty=    65536 runs=    32768 filter=  4.859ms semisort=  4.562ms
[pe-async] round=  5 R=7 dirty=    32768 runs=    16384 filter=  4.338ms semisort=  2.297ms
[pe-async] round=  6 R=8 dirty=    16384 runs=     8192 filter=  4.439ms semisort=  1.199ms
[pe-async] round=  7 R=9 dirty=     8192 runs=     4096 filter=  4.252ms semisort=  0.704ms
[pe-async] round=  8 R=10 dirty=     4096 runs=     2048 filter=  4.434ms semisort=  0.384ms
[pe-async] round=  9 R=11 dirty=     2048 runs=     1024 filter=  4.536ms semisort=  0.213ms
[pe-async] round= 10 R=12 dirty=     1024 runs=      512 filter=  4.204ms semisort=  0.161ms
[pe-async] round= 11 R=13 dirty=      512 runs=      256 filter=  4.256ms semisort=  0.070ms
[pe-async] round= 12 R=14 dirty=      256 runs=      128 filter=  3.888ms semisort=  0.054ms
[pe-async] round= 13 R=15 dirty=      128 runs=       64 filter=  4.300ms semisort=  0.038ms
[pe-async] round= 14 R=16 dirty=       64 runs=       32 filter=  4.016ms semisort=  0.031ms
[pe-async] round= 15 R=17 dirty=       32 runs=       16 filter=  4.084ms semisort=  0.030ms
[pe-async] round= 16 R=18 dirty=       16 runs=        8 filter=  3.937ms semisort=  0.021ms
[pe-async] round= 17 R=19 dirty=        8 runs=        4 filter=  4.153ms semisort=  0.014ms
[pe-async] round= 18 R=20 dirty=        4 runs=        2 filter=  4.346ms semisort=  0.008ms
[pe-async] round= 19 R=21 dirty=        2 runs=        1 filter=  4.370ms semisort=  0.008ms
[pe-async] round= 20 R=22 dirty=        0 filter=  4.124ms (clean break)
[pe-async-cont] scans=21 empty_scans=1 groups_pushed=1043393 groups_consumed=1043393 unions=781249  total=250.245ms
