[bench] running small ...
[pe] round=  0 work=     1720 frontier=    17118 next=     7959 consolidate=  0.365ms frontier=  0.042ms semisort=  1.678ms (keyed= 0.000ms group_by=  0.892ms per_group= 0.308ms)
[pe] round=  1 work=     7959 frontier=        0 next=        0 consolidate=  0.558ms frontier=  0.100ms semisort=  0.000ms (break)
[pe] round=  0 work=     1720 frontier=    17118 next=     7959 consolidate=  0.183ms frontier=  0.034ms semisort=  1.418ms (keyed= 0.000ms group_by=  0.626ms per_group= 0.253ms)
[pe] round=  1 work=     7959 frontier=        0 next=        0 consolidate=  0.495ms frontier=  0.074ms semisort=  0.000ms (break)
[pe] round=  0 work=     1720 frontier=    17118 next=     7959 consolidate=  0.174ms frontier=  0.036ms semisort=  1.564ms (keyed= 0.000ms group_by=  0.635ms per_group= 0.255ms)
[pe] round=  1 work=     7959 frontier=        0 next=        0 consolidate=  0.414ms frontier=  0.073ms semisort=  0.000ms (break)
[pe] round=  0 work=     1720 frontier=    17118 next=     7959 consolidate=  0.260ms frontier=  0.033ms semisort=  1.260ms (keyed= 0.000ms group_by=  0.539ms per_group= 0.297ms)
[pe] round=  1 work=     7959 frontier=        0 next=        0 consolidate=  0.545ms frontier=  0.083ms semisort=  0.000ms (break)
[pe] round=  0 work=     1720 frontier=    17118 next=     7959 consolidate=  0.196ms frontier=  0.037ms semisort=  1.339ms (keyed= 0.000ms group_by=  0.634ms per_group= 0.258ms)
[pe] round=  1 work=     7959 frontier=        0 next=        0 consolidate=  0.476ms frontier=  0.091ms semisort=  0.000ms (break)
[pe] round=  0 work=     1720 frontier=    17118 next=     7959 consolidate=  0.205ms frontier=  0.034ms semisort=  1.376ms (keyed= 0.000ms group_by=  0.632ms per_group= 0.259ms)
[pe] round=  1 work=     7959 frontier=        0 next=        0 consolidate=  0.604ms frontier=  0.100ms semisort=  0.000ms (break)
[bench] running medium ...
[pe] round=  0 work=    17367 frontier=   347448 next=   160295 consolidate=  1.078ms frontier=  0.479ms semisort= 16.568ms (keyed= 0.000ms group_by=  5.243ms per_group= 3.814ms)
[pe] round=  1 work=   160295 frontier=        0 next=        0 consolidate=  5.753ms frontier=  0.974ms semisort=  0.000ms (break)
[pe] round=  0 work=    17367 frontier=   347448 next=   160295 consolidate=  1.452ms frontier=  0.502ms semisort= 15.327ms (keyed= 0.000ms group_by=  4.509ms per_group= 3.457ms)
[pe] round=  1 work=   160295 frontier=        0 next=        0 consolidate=  6.362ms frontier=  0.911ms semisort=  0.000ms (break)
[pe] round=  0 work=    17367 frontier=   347448 next=   160295 consolidate=  1.317ms frontier=  0.447ms semisort= 15.301ms (keyed= 0.000ms group_by=  4.457ms per_group= 3.543ms)
[pe] round=  1 work=   160295 frontier=        0 next=        0 consolidate=  6.068ms frontier=  0.940ms semisort=  0.000ms (break)
[pe] round=  0 work=    17367 frontier=   347448 next=   160295 consolidate=  1.289ms frontier=  0.384ms semisort= 15.386ms (keyed= 0.000ms group_by=  4.489ms per_group= 3.515ms)
[pe] round=  1 work=   160295 frontier=        0 next=        0 consolidate=  6.048ms frontier=  1.005ms semisort=  0.000ms (break)
[pe] round=  0 work=    17367 frontier=   347448 next=   160295 consolidate=  1.564ms frontier=  0.538ms semisort= 15.132ms (keyed= 0.000ms group_by=  4.243ms per_group= 3.662ms)
[pe] round=  1 work=   160295 frontier=        0 next=        0 consolidate=  6.079ms frontier=  1.031ms semisort=  0.000ms (break)
[pe] round=  0 work=    17367 frontier=   347448 next=   160295 consolidate=  1.251ms frontier=  0.544ms semisort= 15.045ms (keyed= 0.000ms group_by=  4.281ms per_group= 3.530ms)
[pe] round=  1 work=   160295 frontier=        0 next=        0 consolidate=  6.033ms frontier=  0.917ms semisort=  0.000ms (break)
[bench] running large ...
[pe] round=  0 work=    86518 frontier=  1730227 next=   737662 consolidate=  6.131ms frontier=  2.890ms semisort= 76.587ms (keyed= 0.000ms group_by= 23.505ms per_group=15.836ms)
[pe] round=  1 work=   737662 frontier=        0 next=        0 consolidate= 21.159ms frontier=  2.826ms semisort=  0.000ms (break)
[pe] round=  0 work=    86518 frontier=  1730227 next=   737662 consolidate=  5.400ms frontier=  0.890ms semisort= 73.276ms (keyed= 0.000ms group_by= 20.204ms per_group=15.165ms)
[pe] round=  1 work=   737662 frontier=        0 next=        0 consolidate= 20.506ms frontier=  2.839ms semisort=  0.000ms (break)
[pe] round=  0 work=    86518 frontier=  1730227 next=   737662 consolidate=  5.423ms frontier=  0.925ms semisort= 73.137ms (keyed= 0.000ms group_by= 20.792ms per_group=14.901ms)
[pe] round=  1 work=   737662 frontier=        0 next=        0 consolidate= 21.419ms frontier=  2.913ms semisort=  0.000ms (break)
[pe] round=  0 work=    86518 frontier=  1730227 next=   737662 consolidate=  5.447ms frontier=  0.894ms semisort= 72.820ms (keyed= 0.000ms group_by= 20.973ms per_group=14.840ms)
[pe] round=  1 work=   737662 frontier=        0 next=        0 consolidate= 20.971ms frontier=  2.749ms semisort=  0.000ms (break)
[pe] round=  0 work=    86518 frontier=  1730227 next=   737662 consolidate=  4.828ms frontier=  1.060ms semisort= 70.600ms (keyed= 0.000ms group_by= 20.842ms per_group=14.021ms)
[pe] round=  1 work=   737662 frontier=        0 next=        0 consolidate= 20.581ms frontier=  2.998ms semisort=  0.000ms (break)
[pe] round=  0 work=    86518 frontier=  1730227 next=   737662 consolidate=  5.495ms frontier=  0.998ms semisort= 70.429ms (keyed= 0.000ms group_by= 20.743ms per_group=13.855ms)
[pe] round=  1 work=   737662 frontier=        0 next=        0 consolidate= 20.098ms frontier=  2.921ms semisort=  0.000ms (break)
[bench] running deep-s ...
[pe] round=  0 work=     1720 frontier=     5755 next=     2393 consolidate=  0.210ms frontier=  0.018ms semisort=  0.508ms (keyed= 0.000ms group_by=  0.217ms per_group= 0.109ms)
[pe] round=  1 work=     2393 frontier=     4828 next=     1048 consolidate=  0.209ms frontier=  0.038ms semisort=  0.599ms (keyed= 0.000ms group_by=  0.239ms per_group= 0.231ms)
[pe] round=  2 work=     1048 frontier=     2096 next=        0 consolidate=  0.189ms frontier=  0.072ms semisort=  0.482ms (keyed= 0.000ms group_by=  0.288ms per_group= 0.043ms)
[pe] round=  0 work=     1720 frontier=     5755 next=     2393 consolidate=  0.164ms frontier=  0.020ms semisort=  0.470ms (keyed= 0.000ms group_by=  0.213ms per_group= 0.082ms)
[pe] round=  1 work=     2393 frontier=     4828 next=     1048 consolidate=  0.208ms frontier=  0.042ms semisort=  0.744ms (keyed= 0.000ms group_by=  0.364ms per_group= 0.249ms)
[pe] round=  2 work=     1048 frontier=     2096 next=        0 consolidate=  0.183ms frontier=  0.079ms semisort=  0.299ms (keyed= 0.000ms group_by=  0.175ms per_group= 0.022ms)
[pe] round=  0 work=     1720 frontier=     5755 next=     2393 consolidate=  0.158ms frontier=  0.019ms semisort=  0.542ms (keyed= 0.000ms group_by=  0.273ms per_group= 0.089ms)
[pe] round=  1 work=     2393 frontier=     4828 next=     1048 consolidate=  0.337ms frontier=  0.038ms semisort=  0.609ms (keyed= 0.000ms group_by=  0.234ms per_group= 0.186ms)
[pe] round=  2 work=     1048 frontier=     2096 next=        0 consolidate=  0.194ms frontier=  0.076ms semisort=  0.219ms (keyed= 0.000ms group_by=  0.084ms per_group= 0.043ms)
[pe] round=  0 work=     1720 frontier=     5755 next=     2393 consolidate=  0.197ms frontier=  0.018ms semisort=  0.545ms (keyed= 0.000ms group_by=  0.270ms per_group= 0.088ms)
[pe] round=  1 work=     2393 frontier=     4828 next=     1048 consolidate=  0.211ms frontier=  0.038ms semisort=  0.735ms (keyed= 0.000ms group_by=  0.456ms per_group= 0.091ms)
[pe] round=  2 work=     1048 frontier=     2096 next=        0 consolidate=  0.187ms frontier=  0.071ms semisort=  0.324ms (keyed= 0.000ms group_by=  0.148ms per_group= 0.023ms)
[pe] round=  0 work=     1720 frontier=     5755 next=     2393 consolidate=  0.182ms frontier=  0.020ms semisort=  0.472ms (keyed= 0.000ms group_by=  0.211ms per_group= 0.086ms)
[pe] round=  1 work=     2393 frontier=     4828 next=     1048 consolidate=  0.324ms frontier=  0.036ms semisort=  0.482ms (keyed= 0.000ms group_by=  0.234ms per_group= 0.121ms)
[pe] round=  2 work=     1048 frontier=     2096 next=        0 consolidate=  0.191ms frontier=  0.076ms semisort=  0.313ms (keyed= 0.000ms group_by=  0.146ms per_group= 0.053ms)
[pe] round=  0 work=     1720 frontier=     5755 next=     2393 consolidate=  0.291ms frontier=  0.038ms semisort=  0.537ms (keyed= 0.000ms group_by=  0.211ms per_group= 0.157ms)
[pe] round=  1 work=     2393 frontier=     4828 next=     1048 consolidate=  0.160ms frontier=  0.037ms semisort=  0.547ms (keyed= 0.000ms group_by=  0.297ms per_group= 0.125ms)
[pe] round=  2 work=     1048 frontier=     2096 next=        0 consolidate=  0.186ms frontier=  0.078ms semisort=  0.283ms (keyed= 0.000ms group_by=  0.150ms per_group= 0.045ms)
[bench] running deep-m ...
[pe] round=  0 work=    17367 frontier=   115794 next=    47572 consolidate=  1.125ms frontier=  0.389ms semisort=  8.359ms (keyed= 0.000ms group_by=  4.514ms per_group= 1.170ms)
[pe] round=  1 work=    47572 frontier=    95336 next=    26271 consolidate=  2.532ms frontier=  0.337ms semisort=  7.777ms (keyed= 0.000ms group_by=  4.062ms per_group= 1.327ms)
[pe] round=  2 work=    26271 frontier=    52514 next=        0 consolidate=  2.753ms frontier=  0.627ms semisort=  4.470ms (keyed= 0.000ms group_by=  2.504ms per_group= 0.655ms)
[pe] round=  0 work=    17367 frontier=   115794 next=    47572 consolidate=  1.170ms frontier=  0.296ms semisort=  7.835ms (keyed= 0.000ms group_by=  3.959ms per_group= 1.031ms)
[pe] round=  1 work=    47572 frontier=    95336 next=    26271 consolidate=  2.644ms frontier=  0.446ms semisort=  7.327ms (keyed= 0.000ms group_by=  3.836ms per_group= 1.363ms)
[pe] round=  2 work=    26271 frontier=    52514 next=        0 consolidate=  2.934ms frontier=  0.738ms semisort=  4.302ms (keyed= 0.000ms group_by=  2.590ms per_group= 0.528ms)
[pe] round=  0 work=    17367 frontier=   115794 next=    47572 consolidate=  1.108ms frontier=  0.451ms semisort=  7.735ms (keyed= 0.000ms group_by=  3.865ms per_group= 1.181ms)
[pe] round=  1 work=    47572 frontier=    95336 next=    26271 consolidate=  2.357ms frontier=  0.464ms semisort=  7.398ms (keyed= 0.000ms group_by=  3.954ms per_group= 1.379ms)
[pe] round=  2 work=    26271 frontier=    52514 next=        0 consolidate=  2.819ms frontier=  0.671ms semisort=  4.101ms (keyed= 0.000ms group_by=  2.360ms per_group= 0.489ms)
[pe] round=  0 work=    17367 frontier=   115794 next=    47572 consolidate=  1.025ms frontier=  0.333ms semisort=  8.308ms (keyed= 0.000ms group_by=  4.180ms per_group= 1.306ms)
[pe] round=  1 work=    47572 frontier=    95336 next=    26271 consolidate=  2.671ms frontier=  0.419ms semisort=  7.715ms (keyed= 0.000ms group_by=  4.004ms per_group= 1.423ms)
[pe] round=  2 work=    26271 frontier=    52514 next=        0 consolidate=  2.718ms frontier=  0.576ms semisort=  4.293ms (keyed= 0.000ms group_by=  2.549ms per_group= 0.502ms)
[pe] round=  0 work=    17367 frontier=   115794 next=    47572 consolidate=  1.157ms frontier=  0.471ms semisort=  7.904ms (keyed= 0.000ms group_by=  4.079ms per_group= 1.144ms)
[pe] round=  1 work=    47572 frontier=    95336 next=    26271 consolidate=  2.406ms frontier=  0.366ms semisort=  7.601ms (keyed= 0.000ms group_by=  4.084ms per_group= 1.430ms)
[pe] round=  2 work=    26271 frontier=    52514 next=        0 consolidate=  2.712ms frontier=  0.616ms semisort=  4.337ms (keyed= 0.000ms group_by=  2.458ms per_group= 0.460ms)
[pe] round=  0 work=    17367 frontier=   115794 next=    47572 consolidate=  1.031ms frontier=  0.297ms semisort=  7.995ms (keyed= 0.000ms group_by=  4.036ms per_group= 1.262ms)
[pe] round=  1 work=    47572 frontier=    95336 next=    26271 consolidate=  2.359ms frontier=  0.475ms semisort=  7.403ms (keyed= 0.000ms group_by=  3.958ms per_group= 1.164ms)
[pe] round=  2 work=    26271 frontier=    52514 next=        0 consolidate=  2.754ms frontier=  0.695ms semisort=  4.266ms (keyed= 0.000ms group_by=  2.420ms per_group= 0.621ms)
[bench] running deep-l ...
[pe] round=  0 work=    86518 frontier=   576676 next=   225233 consolidate=  4.984ms frontier=  1.019ms semisort= 22.846ms (keyed= 0.000ms group_by=  7.213ms per_group= 4.297ms)
[pe] round=  1 work=   225233 frontier=   450223 next=   116944 consolidate=  8.455ms frontier=  1.215ms semisort= 27.152ms (keyed= 0.000ms group_by= 10.353ms per_group= 5.624ms)
[pe] round=  2 work=   116944 frontier=   233969 next=        0 consolidate= 11.993ms frontier=  2.312ms semisort= 13.815ms (keyed= 0.000ms group_by=  6.081ms per_group= 1.202ms)
[pe] round=  0 work=    86518 frontier=   576676 next=   225233 consolidate=  5.011ms frontier=  0.656ms semisort= 22.686ms (keyed= 0.000ms group_by=  6.740ms per_group= 4.421ms)
[pe] round=  1 work=   225233 frontier=   450223 next=   116944 consolidate=  8.073ms frontier=  0.980ms semisort= 25.818ms (keyed= 0.000ms group_by=  9.570ms per_group= 5.605ms)
[pe] round=  2 work=   116944 frontier=   233969 next=        0 consolidate= 11.431ms frontier=  2.398ms semisort= 13.666ms (keyed= 0.000ms group_by=  5.781ms per_group= 1.414ms)
[pe] round=  0 work=    86518 frontier=   576676 next=   225233 consolidate=  4.837ms frontier=  0.590ms semisort= 22.590ms (keyed= 0.000ms group_by=  6.999ms per_group= 4.053ms)
[pe] round=  1 work=   225233 frontier=   450223 next=   116944 consolidate=  8.094ms frontier=  0.927ms semisort= 25.958ms (keyed= 0.000ms group_by=  9.654ms per_group= 5.456ms)
[pe] round=  2 work=   116944 frontier=   233969 next=        0 consolidate= 11.959ms frontier=  2.544ms semisort= 13.514ms (keyed= 0.000ms group_by=  5.932ms per_group= 1.341ms)
[pe] round=  0 work=    86518 frontier=   576676 next=   225233 consolidate=  4.604ms frontier=  0.645ms semisort= 24.327ms (keyed= 0.000ms group_by=  6.953ms per_group= 5.208ms)
[pe] round=  1 work=   225233 frontier=   450223 next=   116944 consolidate=  8.696ms frontier=  0.955ms semisort= 32.331ms (keyed= 0.000ms group_by= 14.193ms per_group= 6.576ms)
[pe] round=  2 work=   116944 frontier=   233969 next=        0 consolidate= 12.718ms frontier=  2.547ms semisort= 15.726ms (keyed= 0.000ms group_by=  7.587ms per_group= 1.288ms)
[pe] round=  0 work=    86518 frontier=   576676 next=   225233 consolidate=  4.708ms frontier=  0.565ms semisort= 23.446ms (keyed= 0.000ms group_by=  7.384ms per_group= 4.324ms)
[pe] round=  1 work=   225233 frontier=   450223 next=   116944 consolidate=  8.290ms frontier=  0.990ms semisort= 27.219ms (keyed= 0.000ms group_by= 10.198ms per_group= 5.816ms)
[pe] round=  2 work=   116944 frontier=   233969 next=        0 consolidate= 12.022ms frontier=  2.424ms semisort= 13.410ms (keyed= 0.000ms group_by=  5.909ms per_group= 1.258ms)
[pe] round=  0 work=    86518 frontier=   576676 next=   225233 consolidate=  5.115ms frontier=  0.699ms semisort= 22.790ms (keyed= 0.000ms group_by=  7.024ms per_group= 4.353ms)
[pe] round=  1 work=   225233 frontier=   450223 next=   116944 consolidate=  8.021ms frontier=  1.022ms semisort= 26.277ms (keyed= 0.000ms group_by=  9.834ms per_group= 5.443ms)
[pe] round=  2 work=   116944 frontier=   233969 next=        0 consolidate= 12.172ms frontier=  2.346ms semisort= 13.592ms (keyed= 0.000ms group_by=  5.941ms per_group= 1.290ms)
