[synthetic_bench] grid n=195 d=2 classes=152488 merges=195 ...
[pe] round=  0 work=      390 frontier=   152100 next=    76050 consolidate=  0.466ms frontier=  0.338ms semisort= 23.531ms (keyed= 0.000ms group_by=  8.083ms per_group= 7.587ms)
[pe] round=  1 work=    76050 frontier=    76050 next=    32768 consolidate= 26.842ms frontier=  3.909ms semisort= 17.060ms (keyed= 0.000ms group_by=  5.713ms per_group= 3.495ms)
[pe] round=  2 work=    32768 frontier=    32768 next=    16384 consolidate= 12.547ms frontier=  2.596ms semisort=  7.351ms (keyed= 0.000ms group_by=  2.579ms per_group= 1.929ms)
[pe] round=  3 work=    16384 frontier=    16384 next=    10514 consolidate=  7.394ms frontier=  1.418ms semisort=  4.528ms (keyed= 0.000ms group_by=  1.444ms per_group= 1.297ms)
[pe] round=  4 work=    10514 frontier=    10514 next=     8192 consolidate=  4.968ms frontier=  0.939ms semisort=  2.607ms (keyed= 0.000ms group_by=  0.793ms per_group= 0.909ms)
[pe] round=  5 work=     8192 frontier=     8192 next=     4096 consolidate=  4.012ms frontier=  0.666ms semisort=  1.653ms (keyed= 0.000ms group_by=  0.548ms per_group= 0.509ms)
[pe] round=  6 work=     4096 frontier=     4096 next=     2048 consolidate=  1.755ms frontier=  0.416ms semisort=  1.037ms (keyed= 0.000ms group_by=  0.331ms per_group= 0.268ms)
[pe] round=  7 work=     2048 frontier=     2048 next=     1024 consolidate=  0.842ms frontier=  0.228ms semisort=  0.510ms (keyed= 0.000ms group_by=  0.167ms per_group= 0.134ms)
[pe] round=  8 work=     1024 frontier=     1024 next=      512 consolidate=  0.456ms frontier=  0.175ms semisort=  0.260ms (keyed= 0.000ms group_by=  0.081ms per_group= 0.067ms)
[pe] round=  9 work=      512 frontier=      512 next=      256 consolidate=  0.238ms frontier=  0.050ms semisort=  0.157ms (keyed= 0.000ms group_by=  0.045ms per_group= 0.043ms)
[pe] round= 10 work=      256 frontier=      256 next=      128 consolidate=  0.115ms frontier=  0.026ms semisort=  0.078ms (keyed= 0.000ms group_by=  0.024ms per_group= 0.018ms)
[pe] round= 11 work=      128 frontier=      128 next=       64 consolidate=  0.065ms frontier=  0.009ms semisort=  0.036ms (keyed= 0.000ms group_by=  0.013ms per_group= 0.009ms)
[pe] round= 12 work=       64 frontier=       64 next=       32 consolidate=  0.031ms frontier=  0.008ms semisort=  0.023ms (keyed= 0.000ms group_by=  0.010ms per_group= 0.005ms)
[pe] round= 13 work=       32 frontier=       32 next=       16 consolidate=  0.021ms frontier=  0.003ms semisort=  0.017ms (keyed= 0.000ms group_by=  0.006ms per_group= 0.005ms)
[pe] round= 14 work=       16 frontier=       16 next=        8 consolidate=  0.009ms frontier=  0.002ms semisort=  0.009ms (keyed= 0.000ms group_by=  0.004ms per_group= 0.002ms)
[pe] round= 15 work=        8 frontier=        8 next=        4 consolidate=  0.004ms frontier=  0.002ms semisort=  0.006ms (keyed= 0.000ms group_by=  0.003ms per_group= 0.001ms)
[pe] round= 16 work=        4 frontier=        4 next=        2 consolidate=  0.003ms frontier=  0.001ms semisort=  0.005ms (keyed= 0.000ms group_by=  0.003ms per_group= 0.001ms)
[pe] round= 17 work=        2 frontier=        0 next=        0 consolidate=  0.003ms frontier=  0.001ms semisort=  0.000ms (break)
[pe] round=  0 work=      390 frontier=   152100 next=    76050 consolidate=  0.247ms frontier=  0.136ms semisort= 23.459ms (keyed= 0.000ms group_by=  7.052ms per_group= 7.729ms)
[pe] round=  1 work=    76050 frontier=    76050 next=    32768 consolidate= 29.237ms frontier=  6.703ms semisort= 16.961ms (keyed= 0.000ms group_by=  5.696ms per_group= 3.463ms)
[pe] round=  2 work=    32768 frontier=    32768 next=    16384 consolidate= 12.985ms frontier=  2.829ms semisort=  7.696ms (keyed= 0.000ms group_by=  2.645ms per_group= 2.135ms)
[pe] round=  3 work=    16384 frontier=    16384 next=    10514 consolidate=  7.150ms frontier=  1.398ms semisort=  4.329ms (keyed= 0.000ms group_by=  1.259ms per_group= 1.301ms)
[pe] round=  4 work=    10514 frontier=    10514 next=     8192 consolidate=  4.608ms frontier=  0.860ms semisort=  2.682ms (keyed= 0.000ms group_by=  0.805ms per_group= 0.917ms)
[pe] round=  5 work=     8192 frontier=     8192 next=     4096 consolidate=  3.653ms frontier=  0.631ms semisort=  1.653ms (keyed= 0.000ms group_by=  0.552ms per_group= 0.508ms)
[pe] round=  6 work=     4096 frontier=     4096 next=     2048 consolidate=  1.708ms frontier=  0.350ms semisort=  0.945ms (keyed= 0.000ms group_by=  0.276ms per_group= 0.262ms)
[pe] round=  7 work=     2048 frontier=     2048 next=     1024 consolidate=  0.847ms frontier=  0.251ms semisort=  0.487ms (keyed= 0.000ms group_by=  0.157ms per_group= 0.136ms)
[pe] round=  8 work=     1024 frontier=     1024 next=      512 consolidate=  0.431ms frontier=  0.120ms semisort=  0.260ms (keyed= 0.000ms group_by=  0.080ms per_group= 0.066ms)
[pe] round=  9 work=      512 frontier=      512 next=      256 consolidate=  0.217ms frontier=  0.054ms semisort=  0.172ms (keyed= 0.000ms group_by=  0.046ms per_group= 0.041ms)
[pe] round= 10 work=      256 frontier=      256 next=      128 consolidate=  0.144ms frontier=  0.027ms semisort=  0.068ms (keyed= 0.000ms group_by=  0.025ms per_group= 0.017ms)
[pe] round= 11 work=      128 frontier=      128 next=       64 consolidate=  0.053ms frontier=  0.013ms semisort=  0.034ms (keyed= 0.000ms group_by=  0.013ms per_group= 0.010ms)
[pe] round= 12 work=       64 frontier=       64 next=       32 consolidate=  0.041ms frontier=  0.005ms semisort=  0.024ms (keyed= 0.000ms group_by=  0.007ms per_group= 0.009ms)
[pe] round= 13 work=       32 frontier=       32 next=       16 consolidate=  0.022ms frontier=  0.003ms semisort=  0.013ms (keyed= 0.000ms group_by=  0.005ms per_group= 0.003ms)
[pe] round= 14 work=       16 frontier=       16 next=        8 consolidate=  0.011ms frontier=  0.003ms semisort=  0.009ms (keyed= 0.000ms group_by=  0.004ms per_group= 0.002ms)
[pe] round= 15 work=        8 frontier=        8 next=        4 consolidate=  0.005ms frontier=  0.002ms semisort=  0.006ms (keyed= 0.000ms group_by=  0.003ms per_group= 0.001ms)
[pe] round= 16 work=        4 frontier=        4 next=        2 consolidate=  0.003ms frontier=  0.001ms semisort=  0.004ms (keyed= 0.000ms group_by=  0.003ms per_group= 0.001ms)
[pe] round= 17 work=        2 frontier=        0 next=        0 consolidate=  0.002ms frontier=  0.001ms semisort=  0.000ms (break)
[pe] round=  0 work=      390 frontier=   152100 next=    76050 consolidate=  0.271ms frontier=  0.173ms semisort= 23.105ms (keyed= 0.000ms group_by=  7.064ms per_group= 7.838ms)
[pe] round=  1 work=    76050 frontier=    76050 next=    32768 consolidate= 27.995ms frontier=  5.752ms semisort= 16.183ms (keyed= 0.000ms group_by=  5.269ms per_group= 3.454ms)
[pe] round=  2 work=    32768 frontier=    32768 next=    16384 consolidate= 12.581ms frontier=  2.995ms semisort=  7.838ms (keyed= 0.000ms group_by=  2.793ms per_group= 2.171ms)
[pe] round=  3 work=    16384 frontier=    16384 next=    10514 consolidate=  6.969ms frontier=  1.370ms semisort=  4.079ms (keyed= 0.000ms group_by=  1.199ms per_group= 1.244ms)
[pe] round=  4 work=    10514 frontier=    10514 next=     8192 consolidate=  4.464ms frontier=  0.900ms semisort=  2.647ms (keyed= 0.000ms group_by=  0.839ms per_group= 0.939ms)
[pe] round=  5 work=     8192 frontier=     8192 next=     4096 consolidate=  3.500ms frontier=  0.623ms semisort=  1.693ms (keyed= 0.000ms group_by=  0.548ms per_group= 0.509ms)
[pe] round=  6 work=     4096 frontier=     4096 next=     2048 consolidate=  1.659ms frontier=  0.418ms semisort=  0.987ms (keyed= 0.000ms group_by=  0.313ms per_group= 0.260ms)
[pe] round=  7 work=     2048 frontier=     2048 next=     1024 consolidate=  0.798ms frontier=  0.182ms semisort=  0.518ms (keyed= 0.000ms group_by=  0.158ms per_group= 0.132ms)
[pe] round=  8 work=     1024 frontier=     1024 next=      512 consolidate=  0.461ms frontier=  0.097ms semisort=  0.279ms (keyed= 0.000ms group_by=  0.080ms per_group= 0.067ms)
[pe] round=  9 work=      512 frontier=      512 next=      256 consolidate=  0.234ms frontier=  0.047ms semisort=  0.155ms (keyed= 0.000ms group_by=  0.045ms per_group= 0.043ms)
[pe] round= 10 work=      256 frontier=      256 next=      128 consolidate=  0.113ms frontier=  0.025ms semisort=  0.072ms (keyed= 0.000ms group_by=  0.024ms per_group= 0.017ms)
[pe] round= 11 work=      128 frontier=      128 next=       64 consolidate=  0.052ms frontier=  0.014ms semisort=  0.036ms (keyed= 0.000ms group_by=  0.013ms per_group= 0.011ms)
[pe] round= 12 work=       64 frontier=       64 next=       32 consolidate=  0.037ms frontier=  0.005ms semisort=  0.026ms (keyed= 0.000ms group_by=  0.007ms per_group= 0.008ms)
[pe] round= 13 work=       32 frontier=       32 next=       16 consolidate=  0.021ms frontier=  0.003ms semisort=  0.013ms (keyed= 0.000ms group_by=  0.005ms per_group= 0.003ms)
[pe] round= 14 work=       16 frontier=       16 next=        8 consolidate=  0.011ms frontier=  0.003ms semisort=  0.009ms (keyed= 0.000ms group_by=  0.004ms per_group= 0.002ms)
[pe] round= 15 work=        8 frontier=        8 next=        4 consolidate=  0.007ms frontier=  0.002ms semisort=  0.008ms (keyed= 0.000ms group_by=  0.004ms per_group= 0.001ms)
[pe] round= 16 work=        4 frontier=        4 next=        2 consolidate=  0.004ms frontier=  0.001ms semisort=  0.004ms (keyed= 0.000ms group_by=  0.003ms per_group= 0.001ms)
[pe] round= 17 work=        2 frontier=        0 next=        0 consolidate=  0.002ms frontier=  0.001ms semisort=  0.000ms (break)
[pe] round=  0 work=      390 frontier=   152100 next=    76050 consolidate=  0.238ms frontier=  0.180ms semisort= 22.976ms (keyed= 0.000ms group_by=  6.907ms per_group= 7.855ms)
[pe] round=  1 work=    76050 frontier=    76050 next=    32768 consolidate= 30.146ms frontier=  5.611ms semisort= 16.462ms (keyed= 0.000ms group_by=  5.280ms per_group= 3.597ms)
[pe] round=  2 work=    32768 frontier=    32768 next=    16384 consolidate= 13.089ms frontier=  2.897ms semisort=  7.291ms (keyed= 0.000ms group_by=  2.477ms per_group= 1.885ms)
[pe] round=  3 work=    16384 frontier=    16384 next=    10514 consolidate=  7.173ms frontier=  1.419ms semisort=  4.330ms (keyed= 0.000ms group_by=  1.220ms per_group= 1.237ms)
[pe] round=  4 work=    10514 frontier=    10514 next=     8192 consolidate=  4.852ms frontier=  0.948ms semisort=  2.699ms (keyed= 0.000ms group_by=  0.803ms per_group= 0.991ms)
[pe] round=  5 work=     8192 frontier=     8192 next=     4096 consolidate=  3.902ms frontier=  0.701ms semisort=  1.699ms (keyed= 0.000ms group_by=  0.542ms per_group= 0.516ms)
[pe] round=  6 work=     4096 frontier=     4096 next=     2048 consolidate=  1.801ms frontier=  0.375ms semisort=  0.975ms (keyed= 0.000ms group_by=  0.280ms per_group= 0.268ms)
[pe] round=  7 work=     2048 frontier=     2048 next=     1024 consolidate=  0.878ms frontier=  0.254ms semisort=  0.526ms (keyed= 0.000ms group_by=  0.159ms per_group= 0.139ms)
[pe] round=  8 work=     1024 frontier=     1024 next=      512 consolidate=  0.468ms frontier=  0.126ms semisort=  0.263ms (keyed= 0.000ms group_by=  0.083ms per_group= 0.071ms)
[pe] round=  9 work=      512 frontier=      512 next=      256 consolidate=  0.256ms frontier=  0.052ms semisort=  0.158ms (keyed= 0.000ms group_by=  0.045ms per_group= 0.043ms)
[pe] round= 10 work=      256 frontier=      256 next=      128 consolidate=  0.119ms frontier=  0.027ms semisort=  0.072ms (keyed= 0.000ms group_by=  0.025ms per_group= 0.017ms)
[pe] round= 11 work=      128 frontier=      128 next=       64 consolidate=  0.076ms frontier=  0.009ms semisort=  0.035ms (keyed= 0.000ms group_by=  0.013ms per_group= 0.009ms)
[pe] round= 12 work=       64 frontier=       64 next=       32 consolidate=  0.032ms frontier=  0.008ms semisort=  0.021ms (keyed= 0.000ms group_by=  0.007ms per_group= 0.005ms)
[pe] round= 13 work=       32 frontier=       32 next=       16 consolidate=  0.029ms frontier=  0.004ms semisort=  0.014ms (keyed= 0.000ms group_by=  0.005ms per_group= 0.004ms)
[pe] round= 14 work=       16 frontier=       16 next=        8 consolidate=  0.010ms frontier=  0.002ms semisort=  0.010ms (keyed= 0.000ms group_by=  0.004ms per_group= 0.003ms)
[pe] round= 15 work=        8 frontier=        8 next=        4 consolidate=  0.006ms frontier=  0.001ms semisort=  0.006ms (keyed= 0.000ms group_by=  0.003ms per_group= 0.001ms)
[pe] round= 16 work=        4 frontier=        4 next=        2 consolidate=  0.003ms frontier=  0.001ms semisort=  0.005ms (keyed= 0.000ms group_by=  0.003ms per_group= 0.001ms)
[pe] round= 17 work=        2 frontier=        0 next=        0 consolidate=  0.003ms frontier=  0.001ms semisort=  0.000ms (break)
[pe] round=  0 work=      390 frontier=   152100 next=    76050 consolidate=  0.237ms frontier=  0.240ms semisort= 23.283ms (keyed= 0.000ms group_by=  7.068ms per_group= 7.959ms)
[pe] round=  1 work=    76050 frontier=    76050 next=    32768 consolidate= 30.395ms frontier=  6.294ms semisort= 16.397ms (keyed= 0.000ms group_by=  5.350ms per_group= 3.458ms)
[pe] round=  2 work=    32768 frontier=    32768 next=    16384 consolidate= 13.484ms frontier=  2.791ms semisort=  7.433ms (keyed= 0.000ms group_by=  2.617ms per_group= 2.001ms)
[pe] round=  3 work=    16384 frontier=    16384 next=    10514 consolidate=  7.518ms frontier=  1.448ms semisort=  4.255ms (keyed= 0.000ms group_by=  1.178ms per_group= 1.324ms)
[pe] round=  4 work=    10514 frontier=    10514 next=     8192 consolidate=  4.850ms frontier=  1.076ms semisort=  2.586ms (keyed= 0.000ms group_by=  0.787ms per_group= 0.857ms)
[pe] round=  5 work=     8192 frontier=     8192 next=     4096 consolidate=  3.923ms frontier=  0.668ms semisort=  1.736ms (keyed= 0.000ms group_by=  0.569ms per_group= 0.505ms)
[pe] round=  6 work=     4096 frontier=     4096 next=     2048 consolidate=  1.812ms frontier=  0.409ms semisort=  0.975ms (keyed= 0.000ms group_by=  0.285ms per_group= 0.261ms)
[pe] round=  7 work=     2048 frontier=     2048 next=     1024 consolidate=  0.863ms frontier=  0.254ms semisort=  0.503ms (keyed= 0.000ms group_by=  0.166ms per_group= 0.138ms)
[pe] round=  8 work=     1024 frontier=     1024 next=      512 consolidate=  0.476ms frontier=  0.173ms semisort=  0.279ms (keyed= 0.000ms group_by=  0.089ms per_group= 0.074ms)
[pe] round=  9 work=      512 frontier=      512 next=      256 consolidate=  0.254ms frontier=  0.054ms semisort=  0.161ms (keyed= 0.000ms group_by=  0.044ms per_group= 0.044ms)
[pe] round= 10 work=      256 frontier=      256 next=      128 consolidate=  0.142ms frontier=  0.026ms semisort=  0.071ms (keyed= 0.000ms group_by=  0.024ms per_group= 0.017ms)
[pe] round= 11 work=      128 frontier=      128 next=       64 consolidate=  0.056ms frontier=  0.014ms semisort=  0.035ms (keyed= 0.000ms group_by=  0.013ms per_group= 0.010ms)
[pe] round= 12 work=       64 frontier=       64 next=       32 consolidate=  0.042ms frontier=  0.005ms semisort=  0.024ms (keyed= 0.000ms group_by=  0.007ms per_group= 0.009ms)
[pe] round= 13 work=       32 frontier=       32 next=       16 consolidate=  0.023ms frontier=  0.003ms semisort=  0.013ms (keyed= 0.000ms group_by=  0.005ms per_group= 0.004ms)
[pe] round= 14 work=       16 frontier=       16 next=        8 consolidate=  0.012ms frontier=  0.003ms semisort=  0.009ms (keyed= 0.000ms group_by=  0.004ms per_group= 0.002ms)
[pe] round= 15 work=        8 frontier=        8 next=        4 consolidate=  0.006ms frontier=  0.001ms semisort=  0.006ms (keyed= 0.000ms group_by=  0.003ms per_group= 0.001ms)
[pe] round= 16 work=        4 frontier=        4 next=        2 consolidate=  0.004ms frontier=  0.001ms semisort=  0.005ms (keyed= 0.000ms group_by=  0.003ms per_group= 0.001ms)
[pe] round= 17 work=        2 frontier=        0 next=        0 consolidate=  0.002ms frontier=  0.001ms semisort=  0.000ms (break)
[pe] round=  0 work=      390 frontier=   152100 next=    76050 consolidate=  0.300ms frontier=  0.173ms semisort= 23.384ms (keyed= 0.000ms group_by=  7.125ms per_group= 7.707ms)
[pe] round=  1 work=    76050 frontier=    76050 next=    32768 consolidate= 29.287ms frontier=  6.097ms semisort= 16.749ms (keyed= 0.000ms group_by=  5.493ms per_group= 3.534ms)
[pe] round=  2 work=    32768 frontier=    32768 next=    16384 consolidate= 12.603ms frontier=  2.668ms semisort=  7.818ms (keyed= 0.000ms group_by=  2.670ms per_group= 2.006ms)
[pe] round=  3 work=    16384 frontier=    16384 next=    10514 consolidate=  6.848ms frontier=  1.367ms semisort=  4.166ms (keyed= 0.000ms group_by=  1.197ms per_group= 1.228ms)
[pe] round=  4 work=    10514 frontier=    10514 next=     8192 consolidate=  4.403ms frontier=  0.915ms semisort=  2.657ms (keyed= 0.000ms group_by=  0.795ms per_group= 0.872ms)
[pe] round=  5 work=     8192 frontier=     8192 next=     4096 consolidate=  3.664ms frontier=  0.783ms semisort=  1.795ms (keyed= 0.000ms group_by=  0.605ms per_group= 0.540ms)
[pe] round=  6 work=     4096 frontier=     4096 next=     2048 consolidate=  1.653ms frontier=  0.376ms semisort=  0.990ms (keyed= 0.000ms group_by=  0.286ms per_group= 0.263ms)
[pe] round=  7 work=     2048 frontier=     2048 next=     1024 consolidate=  0.858ms frontier=  0.230ms semisort=  0.508ms (keyed= 0.000ms group_by=  0.156ms per_group= 0.132ms)
[pe] round=  8 work=     1024 frontier=     1024 next=      512 consolidate=  0.447ms frontier=  0.120ms semisort=  0.264ms (keyed= 0.000ms group_by=  0.081ms per_group= 0.068ms)
[pe] round=  9 work=      512 frontier=      512 next=      256 consolidate=  0.239ms frontier=  0.050ms semisort=  0.166ms (keyed= 0.000ms group_by=  0.048ms per_group= 0.044ms)
[pe] round= 10 work=      256 frontier=      256 next=      128 consolidate=  0.116ms frontier=  0.026ms semisort=  0.072ms (keyed= 0.000ms group_by=  0.024ms per_group= 0.017ms)
[pe] round= 11 work=      128 frontier=      128 next=       64 consolidate=  0.052ms frontier=  0.013ms semisort=  0.036ms (keyed= 0.000ms group_by=  0.013ms per_group= 0.009ms)
[pe] round= 12 work=       64 frontier=       64 next=       32 consolidate=  0.041ms frontier=  0.005ms semisort=  0.024ms (keyed= 0.000ms group_by=  0.007ms per_group= 0.008ms)
[pe] round= 13 work=       32 frontier=       32 next=       16 consolidate=  0.021ms frontier=  0.003ms semisort=  0.014ms (keyed= 0.000ms group_by=  0.005ms per_group= 0.003ms)
[pe] round= 14 work=       16 frontier=       16 next=        8 consolidate=  0.011ms frontier=  0.003ms semisort=  0.010ms (keyed= 0.000ms group_by=  0.004ms per_group= 0.003ms)
[pe] round= 15 work=        8 frontier=        8 next=        4 consolidate=  0.006ms frontier=  0.002ms semisort=  0.006ms (keyed= 0.000ms group_by=  0.003ms per_group= 0.001ms)
[pe] round= 16 work=        4 frontier=        4 next=        2 consolidate=  0.004ms frontier=  0.001ms semisort=  0.004ms (keyed= 0.000ms group_by=  0.003ms per_group= 0.001ms)
[pe] round= 17 work=        2 frontier=        0 next=        0 consolidate=  0.002ms frontier=  0.001ms semisort=  0.000ms (break)
