[synthetic_bench] grid n=200 d=2 classes=160398 merges=200 ...
[pe] round=  0 work=      400 frontier=   160000 next=    80000 consolidate=  0.184ms frontier=  0.101ms semisort=  8.729ms (keyed= 0.000ms group_by=  2.333ms per_group= 0.888ms)
[pe] round=  1 work=    80000 frontier=    80000 next=    32768 consolidate=  3.022ms frontier=  0.861ms semisort=  5.320ms (keyed= 0.000ms group_by=  3.854ms per_group= 0.434ms)
[pe] round=  2 work=    32768 frontier=    32768 next=    16384 consolidate=  1.508ms frontier=  0.459ms semisort=  2.329ms (keyed= 0.000ms group_by=  1.566ms per_group= 0.250ms)
[pe] round=  3 work=    16384 frontier=    16384 next=    14464 consolidate=  2.004ms frontier=  0.275ms semisort=  1.312ms (keyed= 0.000ms group_by=  0.805ms per_group= 0.202ms)
[pe] round=  4 work=    14464 frontier=    14464 next=     8192 consolidate=  1.560ms frontier=  0.260ms semisort=  1.101ms (keyed= 0.000ms group_by=  0.648ms per_group= 0.189ms)
[pe] round=  5 work=     8192 frontier=     8192 next=     4096 consolidate=  1.019ms frontier=  0.297ms semisort=  0.962ms (keyed= 0.000ms group_by=  0.577ms per_group= 0.088ms)
[pe] round=  6 work=     4096 frontier=     4096 next=     2048 consolidate=  0.679ms frontier=  0.197ms semisort=  0.555ms (keyed= 0.000ms group_by=  0.314ms per_group= 0.078ms)
[pe] round=  7 work=     2048 frontier=     2048 next=     1024 consolidate=  0.255ms frontier=  0.092ms semisort=  0.338ms (keyed= 0.000ms group_by=  0.195ms per_group= 0.043ms)
[pe] round=  8 work=     1024 frontier=     1024 next=      512 consolidate=  0.118ms frontier=  0.065ms semisort=  0.162ms (keyed= 0.000ms group_by=  0.061ms per_group= 0.031ms)
[pe] round=  9 work=      512 frontier=      512 next=      256 consolidate=  0.079ms frontier=  0.045ms semisort=  0.103ms (keyed= 0.000ms group_by=  0.036ms per_group= 0.023ms)
[pe] round= 10 work=      256 frontier=      256 next=      128 consolidate=  0.053ms frontier=  0.028ms semisort=  0.067ms (keyed= 0.000ms group_by=  0.022ms per_group= 0.017ms)
[pe] round= 11 work=      128 frontier=      128 next=       64 consolidate=  0.035ms frontier=  0.026ms semisort=  0.045ms (keyed= 0.000ms group_by=  0.013ms per_group= 0.015ms)
[pe] round= 12 work=       64 frontier=       64 next=       32 consolidate=  0.021ms frontier=  0.015ms semisort=  0.031ms (keyed= 0.000ms group_by=  0.009ms per_group= 0.009ms)
[pe] round= 13 work=       32 frontier=       32 next=       16 consolidate=  0.019ms frontier=  0.007ms semisort=  0.019ms (keyed= 0.000ms group_by=  0.006ms per_group= 0.005ms)
[pe] round= 14 work=       16 frontier=       16 next=        8 consolidate=  0.011ms frontier=  0.004ms semisort=  0.010ms (keyed= 0.000ms group_by=  0.004ms per_group= 0.003ms)
[pe] round= 15 work=        8 frontier=        8 next=        4 consolidate=  0.007ms frontier=  0.002ms semisort=  0.007ms (keyed= 0.000ms group_by=  0.003ms per_group= 0.001ms)
[pe] round= 16 work=        4 frontier=        4 next=        2 consolidate=  0.003ms frontier=  0.001ms semisort=  0.004ms (keyed= 0.000ms group_by=  0.003ms per_group= 0.001ms)
[pe] round= 17 work=        2 frontier=        0 next=        0 consolidate=  0.002ms frontier=  0.001ms semisort=  0.000ms (break)
[pe] round=  0 work=      400 frontier=   160000 next=    80000 consolidate=  0.087ms frontier=  0.084ms semisort=  3.157ms (keyed= 0.000ms group_by=  1.010ms per_group= 0.724ms)
[pe] round=  1 work=    80000 frontier=    80000 next=    32768 consolidate=  2.967ms frontier=  0.799ms semisort=  5.521ms (keyed= 0.000ms group_by=  4.168ms per_group= 0.425ms)
[pe] round=  2 work=    32768 frontier=    32768 next=    16384 consolidate=  1.292ms frontier=  0.408ms semisort=  2.299ms (keyed= 0.000ms group_by=  1.579ms per_group= 0.252ms)
[pe] round=  3 work=    16384 frontier=    16384 next=    14464 consolidate=  2.011ms frontier=  0.254ms semisort=  1.269ms (keyed= 0.000ms group_by=  0.787ms per_group= 0.198ms)
[pe] round=  4 work=    14464 frontier=    14464 next=     8192 consolidate=  1.607ms frontier=  0.244ms semisort=  1.083ms (keyed= 0.000ms group_by=  0.680ms per_group= 0.148ms)
[pe] round=  5 work=     8192 frontier=     8192 next=     4096 consolidate=  0.943ms frontier=  0.294ms semisort=  0.970ms (keyed= 0.000ms group_by=  0.584ms per_group= 0.095ms)
[pe] round=  6 work=     4096 frontier=     4096 next=     2048 consolidate=  0.458ms frontier=  0.197ms semisort=  0.596ms (keyed= 0.000ms group_by=  0.365ms per_group= 0.061ms)
[pe] round=  7 work=     2048 frontier=     2048 next=     1024 consolidate=  0.249ms frontier=  0.095ms semisort=  0.292ms (keyed= 0.000ms group_by=  0.146ms per_group= 0.044ms)
[pe] round=  8 work=     1024 frontier=     1024 next=      512 consolidate=  0.118ms frontier=  0.062ms semisort=  0.160ms (keyed= 0.000ms group_by=  0.061ms per_group= 0.029ms)
[pe] round=  9 work=      512 frontier=      512 next=      256 consolidate=  0.073ms frontier=  0.047ms semisort=  0.097ms (keyed= 0.000ms group_by=  0.034ms per_group= 0.024ms)
[pe] round= 10 work=      256 frontier=      256 next=      128 consolidate=  0.054ms frontier=  0.028ms semisort=  0.069ms (keyed= 0.000ms group_by=  0.024ms per_group= 0.018ms)
[pe] round= 11 work=      128 frontier=      128 next=       64 consolidate=  0.037ms frontier=  0.019ms semisort=  0.045ms (keyed= 0.000ms group_by=  0.012ms per_group= 0.012ms)
[pe] round= 12 work=       64 frontier=       64 next=       32 consolidate=  0.026ms frontier=  0.012ms semisort=  0.034ms (keyed= 0.000ms group_by=  0.009ms per_group= 0.007ms)
[pe] round= 13 work=       32 frontier=       32 next=       16 consolidate=  0.015ms frontier=  0.006ms semisort=  0.014ms (keyed= 0.000ms group_by=  0.005ms per_group= 0.003ms)
[pe] round= 14 work=       16 frontier=       16 next=        8 consolidate=  0.010ms frontier=  0.004ms semisort=  0.009ms (keyed= 0.000ms group_by=  0.004ms per_group= 0.003ms)
[pe] round= 15 work=        8 frontier=        8 next=        4 consolidate=  0.007ms frontier=  0.002ms semisort=  0.006ms (keyed= 0.000ms group_by=  0.003ms per_group= 0.001ms)
[pe] round= 16 work=        4 frontier=        4 next=        2 consolidate=  0.003ms frontier=  0.001ms semisort=  0.004ms (keyed= 0.000ms group_by=  0.003ms per_group= 0.001ms)
[pe] round= 17 work=        2 frontier=        0 next=        0 consolidate=  0.002ms frontier=  0.001ms semisort=  0.000ms (break)
[pe] round=  0 work=      400 frontier=   160000 next=    80000 consolidate=  0.115ms frontier=  0.090ms semisort=  3.269ms (keyed= 0.000ms group_by=  1.064ms per_group= 0.787ms)
[pe] round=  1 work=    80000 frontier=    80000 next=    32768 consolidate=  3.226ms frontier=  0.891ms semisort=  5.467ms (keyed= 0.000ms group_by=  4.014ms per_group= 0.425ms)
[pe] round=  2 work=    32768 frontier=    32768 next=    16384 consolidate=  1.389ms frontier=  0.448ms semisort=  2.445ms (keyed= 0.000ms group_by=  1.644ms per_group= 0.285ms)
[pe] round=  3 work=    16384 frontier=    16384 next=    14464 consolidate=  2.173ms frontier=  0.281ms semisort=  1.441ms (keyed= 0.000ms group_by=  0.872ms per_group= 0.228ms)
[pe] round=  4 work=    14464 frontier=    14464 next=     8192 consolidate=  1.818ms frontier=  0.270ms semisort=  1.147ms (keyed= 0.000ms group_by=  0.710ms per_group= 0.163ms)
[pe] round=  5 work=     8192 frontier=     8192 next=     4096 consolidate=  1.100ms frontier=  0.306ms semisort=  1.004ms (keyed= 0.000ms group_by=  0.594ms per_group= 0.105ms)
[pe] round=  6 work=     4096 frontier=     4096 next=     2048 consolidate=  0.572ms frontier=  0.204ms semisort=  0.464ms (keyed= 0.000ms group_by=  0.229ms per_group= 0.061ms)
[pe] round=  7 work=     2048 frontier=     2048 next=     1024 consolidate=  0.248ms frontier=  0.102ms semisort=  0.307ms (keyed= 0.000ms group_by=  0.149ms per_group= 0.045ms)
[pe] round=  8 work=     1024 frontier=     1024 next=      512 consolidate=  0.125ms frontier=  0.066ms semisort=  0.163ms (keyed= 0.000ms group_by=  0.060ms per_group= 0.033ms)
[pe] round=  9 work=      512 frontier=      512 next=      256 consolidate=  0.079ms frontier=  0.048ms semisort=  0.105ms (keyed= 0.000ms group_by=  0.036ms per_group= 0.025ms)
[pe] round= 10 work=      256 frontier=      256 next=      128 consolidate=  0.059ms frontier=  0.034ms semisort=  0.072ms (keyed= 0.000ms group_by=  0.024ms per_group= 0.019ms)
[pe] round= 11 work=      128 frontier=      128 next=       64 consolidate=  0.041ms frontier=  0.025ms semisort=  0.048ms (keyed= 0.000ms group_by=  0.016ms per_group= 0.014ms)
[pe] round= 12 work=       64 frontier=       64 next=       32 consolidate=  0.028ms frontier=  0.010ms semisort=  0.032ms (keyed= 0.000ms group_by=  0.009ms per_group= 0.009ms)
[pe] round= 13 work=       32 frontier=       32 next=       16 consolidate=  0.017ms frontier=  0.006ms semisort=  0.016ms (keyed= 0.000ms group_by=  0.005ms per_group= 0.004ms)
[pe] round= 14 work=       16 frontier=       16 next=        8 consolidate=  0.013ms frontier=  0.004ms semisort=  0.009ms (keyed= 0.000ms group_by=  0.004ms per_group= 0.002ms)
[pe] round= 15 work=        8 frontier=        8 next=        4 consolidate=  0.009ms frontier=  0.002ms semisort=  0.006ms (keyed= 0.000ms group_by=  0.003ms per_group= 0.001ms)
[pe] round= 16 work=        4 frontier=        4 next=        2 consolidate=  0.004ms frontier=  0.001ms semisort=  0.004ms (keyed= 0.000ms group_by=  0.002ms per_group= 0.000ms)
[pe] round= 17 work=        2 frontier=        0 next=        0 consolidate=  0.002ms frontier=  0.001ms semisort=  0.000ms (break)
[pe] round=  0 work=      400 frontier=   160000 next=    80000 consolidate=  0.109ms frontier=  0.093ms semisort=  3.284ms (keyed= 0.000ms group_by=  1.027ms per_group= 0.821ms)
[pe] round=  1 work=    80000 frontier=    80000 next=    32768 consolidate=  3.263ms frontier=  0.910ms semisort=  5.303ms (keyed= 0.000ms group_by=  3.837ms per_group= 0.424ms)
[pe] round=  2 work=    32768 frontier=    32768 next=    16384 consolidate=  1.358ms frontier=  0.438ms semisort=  2.441ms (keyed= 0.000ms group_by=  1.619ms per_group= 0.292ms)
[pe] round=  3 work=    16384 frontier=    16384 next=    14464 consolidate=  2.290ms frontier=  0.275ms semisort=  1.372ms (keyed= 0.000ms group_by=  0.809ms per_group= 0.233ms)
[pe] round=  4 work=    14464 frontier=    14464 next=     8192 consolidate=  1.718ms frontier=  0.271ms semisort=  1.091ms (keyed= 0.000ms group_by=  0.651ms per_group= 0.158ms)
[pe] round=  5 work=     8192 frontier=     8192 next=     4096 consolidate=  1.048ms frontier=  0.300ms semisort=  0.846ms (keyed= 0.000ms group_by=  0.445ms per_group= 0.099ms)
[pe] round=  6 work=     4096 frontier=     4096 next=     2048 consolidate=  0.615ms frontier=  0.199ms semisort=  0.489ms (keyed= 0.000ms group_by=  0.243ms per_group= 0.068ms)
[pe] round=  7 work=     2048 frontier=     2048 next=     1024 consolidate=  0.261ms frontier=  0.094ms semisort=  0.305ms (keyed= 0.000ms group_by=  0.149ms per_group= 0.045ms)
[pe] round=  8 work=     1024 frontier=     1024 next=      512 consolidate=  0.127ms frontier=  0.064ms semisort=  0.169ms (keyed= 0.000ms group_by=  0.063ms per_group= 0.033ms)
[pe] round=  9 work=      512 frontier=      512 next=      256 consolidate=  0.090ms frontier=  0.039ms semisort=  0.105ms (keyed= 0.000ms group_by=  0.038ms per_group= 0.024ms)
[pe] round= 10 work=      256 frontier=      256 next=      128 consolidate=  0.053ms frontier=  0.034ms semisort=  0.071ms (keyed= 0.000ms group_by=  0.024ms per_group= 0.017ms)
[pe] round= 11 work=      128 frontier=      128 next=       64 consolidate=  0.041ms frontier=  0.023ms semisort=  0.049ms (keyed= 0.000ms group_by=  0.013ms per_group= 0.015ms)
[pe] round= 12 work=       64 frontier=       64 next=       32 consolidate=  0.025ms frontier=  0.010ms semisort=  0.028ms (keyed= 0.000ms group_by=  0.008ms per_group= 0.007ms)
[pe] round= 13 work=       32 frontier=       32 next=       16 consolidate=  0.023ms frontier=  0.007ms semisort=  0.016ms (keyed= 0.000ms group_by=  0.005ms per_group= 0.004ms)
[pe] round= 14 work=       16 frontier=       16 next=        8 consolidate=  0.013ms frontier=  0.004ms semisort=  0.009ms (keyed= 0.000ms group_by=  0.004ms per_group= 0.002ms)
[pe] round= 15 work=        8 frontier=        8 next=        4 consolidate=  0.009ms frontier=  0.002ms semisort=  0.007ms (keyed= 0.000ms group_by=  0.003ms per_group= 0.001ms)
[pe] round= 16 work=        4 frontier=        4 next=        2 consolidate=  0.003ms frontier=  0.001ms semisort=  0.004ms (keyed= 0.000ms group_by=  0.003ms per_group= 0.001ms)
[pe] round= 17 work=        2 frontier=        0 next=        0 consolidate=  0.002ms frontier=  0.001ms semisort=  0.000ms (break)
[pe] round=  0 work=      400 frontier=   160000 next=    80000 consolidate=  0.108ms frontier=  0.090ms semisort=  3.213ms (keyed= 0.000ms group_by=  0.986ms per_group= 0.814ms)
[pe] round=  1 work=    80000 frontier=    80000 next=    32768 consolidate=  3.318ms frontier=  0.909ms semisort=  5.556ms (keyed= 0.000ms group_by=  4.101ms per_group= 0.441ms)
[pe] round=  2 work=    32768 frontier=    32768 next=    16384 consolidate=  1.460ms frontier=  0.471ms semisort=  2.432ms (keyed= 0.000ms group_by=  1.618ms per_group= 0.284ms)
[pe] round=  3 work=    16384 frontier=    16384 next=    14464 consolidate=  2.287ms frontier=  0.293ms semisort=  1.378ms (keyed= 0.000ms group_by=  0.808ms per_group= 0.227ms)
[pe] round=  4 work=    14464 frontier=    14464 next=     8192 consolidate=  1.760ms frontier=  0.272ms semisort=  1.104ms (keyed= 0.000ms group_by=  0.674ms per_group= 0.156ms)
[pe] round=  5 work=     8192 frontier=     8192 next=     4096 consolidate=  1.101ms frontier=  0.311ms semisort=  0.857ms (keyed= 0.000ms group_by=  0.447ms per_group= 0.103ms)
[pe] round=  6 work=     4096 frontier=     4096 next=     2048 consolidate=  0.396ms frontier=  0.204ms semisort=  0.608ms (keyed= 0.000ms group_by=  0.361ms per_group= 0.066ms)
[pe] round=  7 work=     2048 frontier=     2048 next=     1024 consolidate=  0.269ms frontier=  0.101ms semisort=  0.301ms (keyed= 0.000ms group_by=  0.148ms per_group= 0.044ms)
[pe] round=  8 work=     1024 frontier=     1024 next=      512 consolidate=  0.128ms frontier=  0.076ms semisort=  0.174ms (keyed= 0.000ms group_by=  0.065ms per_group= 0.034ms)
[pe] round=  9 work=      512 frontier=      512 next=      256 consolidate=  0.088ms frontier=  0.047ms semisort=  0.109ms (keyed= 0.000ms group_by=  0.037ms per_group= 0.023ms)
[pe] round= 10 work=      256 frontier=      256 next=      128 consolidate=  0.058ms frontier=  0.037ms semisort=  0.072ms (keyed= 0.000ms group_by=  0.024ms per_group= 0.019ms)
[pe] round= 11 work=      128 frontier=      128 next=       64 consolidate=  0.040ms frontier=  0.022ms semisort=  0.052ms (keyed= 0.000ms group_by=  0.015ms per_group= 0.014ms)
[pe] round= 12 work=       64 frontier=       64 next=       32 consolidate=  0.025ms frontier=  0.015ms semisort=  0.039ms (keyed= 0.000ms group_by=  0.018ms per_group= 0.007ms)
[pe] round= 13 work=       32 frontier=       32 next=       16 consolidate=  0.018ms frontier=  0.007ms semisort=  0.020ms (keyed= 0.000ms group_by=  0.006ms per_group= 0.005ms)
[pe] round= 14 work=       16 frontier=       16 next=        8 consolidate=  0.012ms frontier=  0.004ms semisort=  0.009ms (keyed= 0.000ms group_by=  0.004ms per_group= 0.002ms)
[pe] round= 15 work=        8 frontier=        8 next=        4 consolidate=  0.008ms frontier=  0.002ms semisort=  0.006ms (keyed= 0.000ms group_by=  0.003ms per_group= 0.001ms)
[pe] round= 16 work=        4 frontier=        4 next=        2 consolidate=  0.003ms frontier=  0.001ms semisort=  0.005ms (keyed= 0.000ms group_by=  0.003ms per_group= 0.001ms)
[pe] round= 17 work=        2 frontier=        0 next=        0 consolidate=  0.002ms frontier=  0.001ms semisort=  0.000ms (break)
[pe] round=  0 work=      400 frontier=   160000 next=    80000 consolidate=  0.107ms frontier=  0.090ms semisort=  3.403ms (keyed= 0.000ms group_by=  1.136ms per_group= 0.816ms)
[pe] round=  1 work=    80000 frontier=    80000 next=    32768 consolidate=  3.191ms frontier=  0.899ms semisort=  5.558ms (keyed= 0.000ms group_by=  4.090ms per_group= 0.434ms)
[pe] round=  2 work=    32768 frontier=    32768 next=    16384 consolidate=  1.375ms frontier=  0.433ms semisort=  2.430ms (keyed= 0.000ms group_by=  1.621ms per_group= 0.276ms)
[pe] round=  3 work=    16384 frontier=    16384 next=    14464 consolidate=  2.153ms frontier=  0.279ms semisort=  1.421ms (keyed= 0.000ms group_by=  0.866ms per_group= 0.228ms)
[pe] round=  4 work=    14464 frontier=    14464 next=     8192 consolidate=  1.743ms frontier=  0.272ms semisort=  1.128ms (keyed= 0.000ms group_by=  0.674ms per_group= 0.161ms)
[pe] round=  5 work=     8192 frontier=     8192 next=     4096 consolidate=  0.925ms frontier=  0.310ms semisort=  1.008ms (keyed= 0.000ms group_by=  0.599ms per_group= 0.103ms)
[pe] round=  6 work=     4096 frontier=     4096 next=     2048 consolidate=  0.489ms frontier=  0.204ms semisort=  0.644ms (keyed= 0.000ms group_by=  0.390ms per_group= 0.076ms)
[pe] round=  7 work=     2048 frontier=     2048 next=     1024 consolidate=  0.255ms frontier=  0.095ms semisort=  0.314ms (keyed= 0.000ms group_by=  0.149ms per_group= 0.044ms)
[pe] round=  8 work=     1024 frontier=     1024 next=      512 consolidate=  0.124ms frontier=  0.066ms semisort=  0.169ms (keyed= 0.000ms group_by=  0.061ms per_group= 0.036ms)
[pe] round=  9 work=      512 frontier=      512 next=      256 consolidate=  0.084ms frontier=  0.044ms semisort=  0.112ms (keyed= 0.000ms group_by=  0.036ms per_group= 0.029ms)
[pe] round= 10 work=      256 frontier=      256 next=      128 consolidate=  0.058ms frontier=  0.038ms semisort=  0.074ms (keyed= 0.000ms group_by=  0.026ms per_group= 0.019ms)
[pe] round= 11 work=      128 frontier=      128 next=       64 consolidate=  0.040ms frontier=  0.022ms semisort=  0.047ms (keyed= 0.000ms group_by=  0.015ms per_group= 0.014ms)
[pe] round= 12 work=       64 frontier=       64 next=       32 consolidate=  0.034ms frontier=  0.013ms semisort=  0.030ms (keyed= 0.000ms group_by=  0.009ms per_group= 0.007ms)
[pe] round= 13 work=       32 frontier=       32 next=       16 consolidate=  0.016ms frontier=  0.006ms semisort=  0.015ms (keyed= 0.000ms group_by=  0.005ms per_group= 0.003ms)
[pe] round= 14 work=       16 frontier=       16 next=        8 consolidate=  0.012ms frontier=  0.004ms semisort=  0.010ms (keyed= 0.000ms group_by=  0.004ms per_group= 0.002ms)
[pe] round= 15 work=        8 frontier=        8 next=        4 consolidate=  0.009ms frontier=  0.002ms semisort=  0.006ms (keyed= 0.000ms group_by=  0.003ms per_group= 0.001ms)
[pe] round= 16 work=        4 frontier=        4 next=        2 consolidate=  0.004ms frontier=  0.001ms semisort=  0.004ms (keyed= 0.000ms group_by=  0.003ms per_group= 0.001ms)
[pe] round= 17 work=        2 frontier=        0 next=        0 consolidate=  0.002ms frontier=  0.001ms semisort=  0.000ms (break)
