[synthetic_bench] grid n=165 d=2 classes=109228 merges=165 ...
[pe] round=  0 work=      330 frontier=   108900 next=    54450 consolidate=  1.480ms frontier=  0.069ms semisort= 11.391ms (keyed= 0.000ms group_by=  5.931ms per_group= 0.782ms)
[pe] round=  1 work=    54450 frontier=    54450 next=    21682 consolidate=  2.182ms frontier=  0.821ms semisort=  3.849ms (keyed= 0.000ms group_by=  2.623ms per_group= 0.434ms)
[pe] round=  2 work=    21682 frontier=    21682 next=    16384 consolidate=  1.570ms frontier=  0.361ms semisort=  1.816ms (keyed= 0.000ms group_by=  1.121ms per_group= 0.295ms)
[pe] round=  3 work=    16384 frontier=    16384 next=     8192 consolidate=  1.888ms frontier=  0.448ms semisort=  1.484ms (keyed= 0.000ms group_by=  1.035ms per_group= 0.141ms)
[pe] round=  4 work=     8192 frontier=     8192 next=     4096 consolidate=  1.085ms frontier=  0.353ms semisort=  1.033ms (keyed= 0.000ms group_by=  0.595ms per_group= 0.130ms)
[pe] round=  5 work=     4096 frontier=     4096 next=     2048 consolidate=  0.630ms frontier=  0.211ms semisort=  0.633ms (keyed= 0.000ms group_by=  0.377ms per_group= 0.075ms)
[pe] round=  6 work=     2048 frontier=     2048 next=     1024 consolidate=  0.269ms frontier=  0.102ms semisort=  0.313ms (keyed= 0.000ms group_by=  0.154ms per_group= 0.045ms)
[pe] round=  7 work=     1024 frontier=     1024 next=      512 consolidate=  0.128ms frontier=  0.071ms semisort=  0.179ms (keyed= 0.000ms group_by=  0.060ms per_group= 0.041ms)
[pe] round=  8 work=      512 frontier=      512 next=      256 consolidate=  0.092ms frontier=  0.046ms semisort=  0.112ms (keyed= 0.000ms group_by=  0.038ms per_group= 0.026ms)
[pe] round=  9 work=      256 frontier=      256 next=      128 consolidate=  0.062ms frontier=  0.033ms semisort=  0.076ms (keyed= 0.000ms group_by=  0.022ms per_group= 0.020ms)
[pe] round= 10 work=      128 frontier=      128 next=       64 consolidate=  0.045ms frontier=  0.026ms semisort=  0.054ms (keyed= 0.000ms group_by=  0.012ms per_group= 0.015ms)
[pe] round= 11 work=       64 frontier=       64 next=       32 consolidate=  0.033ms frontier=  0.011ms semisort=  0.038ms (keyed= 0.000ms group_by=  0.009ms per_group= 0.013ms)
[pe] round= 12 work=       32 frontier=       32 next=       16 consolidate=  0.017ms frontier=  0.007ms semisort=  0.015ms (keyed= 0.000ms group_by=  0.006ms per_group= 0.003ms)
[pe] round= 13 work=       16 frontier=       16 next=        8 consolidate=  0.012ms frontier=  0.004ms semisort=  0.009ms (keyed= 0.000ms group_by=  0.004ms per_group= 0.002ms)
[pe] round= 14 work=        8 frontier=        8 next=        4 consolidate=  0.006ms frontier=  0.002ms semisort=  0.006ms (keyed= 0.000ms group_by=  0.003ms per_group= 0.001ms)
[pe] round= 15 work=        4 frontier=        4 next=        2 consolidate=  0.003ms frontier=  0.001ms semisort=  0.005ms (keyed= 0.000ms group_by=  0.003ms per_group= 0.001ms)
[pe] round= 16 work=        2 frontier=        0 next=        0 consolidate=  0.002ms frontier=  0.001ms semisort=  0.000ms (break)
[pe] round=  0 work=      330 frontier=   108900 next=    54450 consolidate=  0.088ms frontier=  0.073ms semisort=  7.084ms (keyed= 0.000ms group_by=  5.505ms per_group= 0.541ms)
[pe] round=  1 work=    54450 frontier=    54450 next=    21682 consolidate=  2.316ms frontier=  0.695ms semisort=  3.795ms (keyed= 0.000ms group_by=  2.706ms per_group= 0.323ms)
[pe] round=  2 work=    21682 frontier=    21682 next=    16384 consolidate=  1.556ms frontier=  0.353ms semisort=  1.993ms (keyed= 0.000ms group_by=  1.167ms per_group= 0.230ms)
[pe] round=  3 work=    16384 frontier=    16384 next=     8192 consolidate=  2.175ms frontier=  0.315ms semisort=  1.301ms (keyed= 0.000ms group_by=  0.866ms per_group= 0.150ms)
[pe] round=  4 work=     8192 frontier=     8192 next=     4096 consolidate=  0.920ms frontier=  0.304ms semisort=  0.869ms (keyed= 0.000ms group_by=  0.452ms per_group= 0.102ms)
[pe] round=  5 work=     4096 frontier=     4096 next=     2048 consolidate=  0.359ms frontier=  0.208ms semisort=  0.464ms (keyed= 0.000ms group_by=  0.225ms per_group= 0.067ms)
[pe] round=  6 work=     2048 frontier=     2048 next=     1024 consolidate=  0.265ms frontier=  0.114ms semisort=  0.450ms (keyed= 0.000ms group_by=  0.288ms per_group= 0.051ms)
[pe] round=  7 work=     1024 frontier=     1024 next=      512 consolidate=  0.139ms frontier=  0.063ms semisort=  0.175ms (keyed= 0.000ms group_by=  0.061ms per_group= 0.042ms)
[pe] round=  8 work=      512 frontier=      512 next=      256 consolidate=  0.089ms frontier=  0.047ms semisort=  0.114ms (keyed= 0.000ms group_by=  0.038ms per_group= 0.026ms)
[pe] round=  9 work=      256 frontier=      256 next=      128 consolidate=  0.061ms frontier=  0.035ms semisort=  0.082ms (keyed= 0.000ms group_by=  0.026ms per_group= 0.021ms)
[pe] round= 10 work=      128 frontier=      128 next=       64 consolidate=  0.046ms frontier=  0.020ms semisort=  0.057ms (keyed= 0.000ms group_by=  0.013ms per_group= 0.017ms)
[pe] round= 11 work=       64 frontier=       64 next=       32 consolidate=  0.028ms frontier=  0.018ms semisort=  0.038ms (keyed= 0.000ms group_by=  0.009ms per_group= 0.013ms)
[pe] round= 12 work=       32 frontier=       32 next=       16 consolidate=  0.017ms frontier=  0.007ms semisort=  0.015ms (keyed= 0.000ms group_by=  0.006ms per_group= 0.003ms)
[pe] round= 13 work=       16 frontier=       16 next=        8 consolidate=  0.013ms frontier=  0.004ms semisort=  0.010ms (keyed= 0.000ms group_by=  0.004ms per_group= 0.003ms)
[pe] round= 14 work=        8 frontier=        8 next=        4 consolidate=  0.009ms frontier=  0.002ms semisort=  0.007ms (keyed= 0.000ms group_by=  0.003ms per_group= 0.001ms)
[pe] round= 15 work=        4 frontier=        4 next=        2 consolidate=  0.004ms frontier=  0.001ms semisort=  0.005ms (keyed= 0.000ms group_by=  0.003ms per_group= 0.001ms)
[pe] round= 16 work=        2 frontier=        0 next=        0 consolidate=  0.002ms frontier=  0.001ms semisort=  0.000ms (break)
[pe] round=  0 work=      330 frontier=   108900 next=    54450 consolidate=  0.159ms frontier=  0.076ms semisort=  7.017ms (keyed= 0.000ms group_by=  5.458ms per_group= 0.568ms)
[pe] round=  1 work=    54450 frontier=    54450 next=    21682 consolidate=  2.249ms frontier=  0.647ms semisort=  3.798ms (keyed= 0.000ms group_by=  2.702ms per_group= 0.316ms)
[pe] round=  2 work=    21682 frontier=    21682 next=    16384 consolidate=  1.151ms frontier=  0.351ms semisort=  1.734ms (keyed= 0.000ms group_by=  1.118ms per_group= 0.224ms)
[pe] round=  3 work=    16384 frontier=    16384 next=     8192 consolidate=  2.062ms frontier=  0.294ms semisort=  1.485ms (keyed= 0.000ms group_by=  1.026ms per_group= 0.160ms)
[pe] round=  4 work=     8192 frontier=     8192 next=     4096 consolidate=  1.091ms frontier=  0.308ms semisort=  0.867ms (keyed= 0.000ms group_by=  0.453ms per_group= 0.107ms)
[pe] round=  5 work=     4096 frontier=     4096 next=     2048 consolidate=  0.345ms frontier=  0.211ms semisort=  0.472ms (keyed= 0.000ms group_by=  0.225ms per_group= 0.062ms)
[pe] round=  6 work=     2048 frontier=     2048 next=     1024 consolidate=  0.270ms frontier=  0.110ms semisort=  0.319ms (keyed= 0.000ms group_by=  0.155ms per_group= 0.051ms)
[pe] round=  7 work=     1024 frontier=     1024 next=      512 consolidate=  0.128ms frontier=  0.072ms semisort=  0.168ms (keyed= 0.000ms group_by=  0.062ms per_group= 0.032ms)
[pe] round=  8 work=      512 frontier=      512 next=      256 consolidate=  0.089ms frontier=  0.051ms semisort=  0.123ms (keyed= 0.000ms group_by=  0.037ms per_group= 0.035ms)
[pe] round=  9 work=      256 frontier=      256 next=      128 consolidate=  0.057ms frontier=  0.033ms semisort=  0.080ms (keyed= 0.000ms group_by=  0.027ms per_group= 0.021ms)
[pe] round= 10 work=      128 frontier=      128 next=       64 consolidate=  0.047ms frontier=  0.023ms semisort=  0.049ms (keyed= 0.000ms group_by=  0.012ms per_group= 0.014ms)
[pe] round= 11 work=       64 frontier=       64 next=       32 consolidate=  0.030ms frontier=  0.011ms semisort=  0.035ms (keyed= 0.000ms group_by=  0.009ms per_group= 0.013ms)
[pe] round= 12 work=       32 frontier=       32 next=       16 consolidate=  0.019ms frontier=  0.006ms semisort=  0.019ms (keyed= 0.000ms group_by=  0.006ms per_group= 0.004ms)
[pe] round= 13 work=       16 frontier=       16 next=        8 consolidate=  0.013ms frontier=  0.004ms semisort=  0.010ms (keyed= 0.000ms group_by=  0.004ms per_group= 0.002ms)
[pe] round= 14 work=        8 frontier=        8 next=        4 consolidate=  0.011ms frontier=  0.002ms semisort=  0.006ms (keyed= 0.000ms group_by=  0.003ms per_group= 0.001ms)
[pe] round= 15 work=        4 frontier=        4 next=        2 consolidate=  0.004ms frontier=  0.001ms semisort=  0.005ms (keyed= 0.000ms group_by=  0.003ms per_group= 0.001ms)
[pe] round= 16 work=        2 frontier=        0 next=        0 consolidate=  0.002ms frontier=  0.001ms semisort=  0.000ms (break)
[pe] round=  0 work=      330 frontier=   108900 next=    54450 consolidate=  0.088ms frontier=  0.075ms semisort=  6.924ms (keyed= 0.000ms group_by=  5.353ms per_group= 0.578ms)
[pe] round=  1 work=    54450 frontier=    54450 next=    21682 consolidate=  2.310ms frontier=  0.633ms semisort=  3.841ms (keyed= 0.000ms group_by=  2.768ms per_group= 0.316ms)
[pe] round=  2 work=    21682 frontier=    21682 next=    16384 consolidate=  1.525ms frontier=  0.344ms semisort=  1.730ms (keyed= 0.000ms group_by=  1.110ms per_group= 0.229ms)
[pe] round=  3 work=    16384 frontier=    16384 next=     8192 consolidate=  1.910ms frontier=  0.299ms semisort=  1.341ms (keyed= 0.000ms group_by=  0.896ms per_group= 0.158ms)
[pe] round=  4 work=     8192 frontier=     8192 next=     4096 consolidate=  0.992ms frontier=  0.310ms semisort=  0.869ms (keyed= 0.000ms group_by=  0.450ms per_group= 0.101ms)
[pe] round=  5 work=     4096 frontier=     4096 next=     2048 consolidate=  0.547ms frontier=  0.208ms semisort=  0.487ms (keyed= 0.000ms group_by=  0.230ms per_group= 0.077ms)
[pe] round=  6 work=     2048 frontier=     2048 next=     1024 consolidate=  0.265ms frontier=  0.111ms semisort=  0.316ms (keyed= 0.000ms group_by=  0.148ms per_group= 0.049ms)
[pe] round=  7 work=     1024 frontier=     1024 next=      512 consolidate=  0.133ms frontier=  0.072ms semisort=  0.171ms (keyed= 0.000ms group_by=  0.059ms per_group= 0.038ms)
[pe] round=  8 work=      512 frontier=      512 next=      256 consolidate=  0.085ms frontier=  0.046ms semisort=  0.111ms (keyed= 0.000ms group_by=  0.037ms per_group= 0.027ms)
[pe] round=  9 work=      256 frontier=      256 next=      128 consolidate=  0.064ms frontier=  0.038ms semisort=  0.076ms (keyed= 0.000ms group_by=  0.024ms per_group= 0.020ms)
[pe] round= 10 work=      128 frontier=      128 next=       64 consolidate=  0.046ms frontier=  0.024ms semisort=  0.052ms (keyed= 0.000ms group_by=  0.012ms per_group= 0.015ms)
[pe] round= 11 work=       64 frontier=       64 next=       32 consolidate=  0.025ms frontier=  0.010ms semisort=  0.035ms (keyed= 0.000ms group_by=  0.009ms per_group= 0.010ms)
[pe] round= 12 work=       32 frontier=       32 next=       16 consolidate=  0.017ms frontier=  0.007ms semisort=  0.014ms (keyed= 0.000ms group_by=  0.005ms per_group= 0.003ms)
[pe] round= 13 work=       16 frontier=       16 next=        8 consolidate=  0.013ms frontier=  0.004ms semisort=  0.010ms (keyed= 0.000ms group_by=  0.004ms per_group= 0.002ms)
[pe] round= 14 work=        8 frontier=        8 next=        4 consolidate=  0.006ms frontier=  0.002ms semisort=  0.006ms (keyed= 0.000ms group_by=  0.003ms per_group= 0.001ms)
[pe] round= 15 work=        4 frontier=        4 next=        2 consolidate=  0.004ms frontier=  0.001ms semisort=  0.005ms (keyed= 0.000ms group_by=  0.003ms per_group= 0.001ms)
[pe] round= 16 work=        2 frontier=        0 next=        0 consolidate=  0.002ms frontier=  0.001ms semisort=  0.000ms (break)
[pe] round=  0 work=      330 frontier=   108900 next=    54450 consolidate=  0.082ms frontier=  0.074ms semisort=  7.311ms (keyed= 0.000ms group_by=  5.723ms per_group= 0.589ms)
[pe] round=  1 work=    54450 frontier=    54450 next=    21682 consolidate=  2.252ms frontier=  0.646ms semisort=  3.807ms (keyed= 0.000ms group_by=  2.716ms per_group= 0.313ms)
[pe] round=  2 work=    21682 frontier=    21682 next=    16384 consolidate=  1.172ms frontier=  0.354ms semisort=  1.731ms (keyed= 0.000ms group_by=  1.098ms per_group= 0.228ms)
[pe] round=  3 work=    16384 frontier=    16384 next=     8192 consolidate=  2.000ms frontier=  0.300ms semisort=  1.286ms (keyed= 0.000ms group_by=  0.836ms per_group= 0.160ms)
[pe] round=  4 work=     8192 frontier=     8192 next=     4096 consolidate=  0.965ms frontier=  0.310ms semisort=  0.858ms (keyed= 0.000ms group_by=  0.433ms per_group= 0.099ms)
[pe] round=  5 work=     4096 frontier=     4096 next=     2048 consolidate=  0.483ms frontier=  0.215ms semisort=  0.624ms (keyed= 0.000ms group_by=  0.371ms per_group= 0.069ms)
[pe] round=  6 work=     2048 frontier=     2048 next=     1024 consolidate=  0.344ms frontier=  0.105ms semisort=  0.329ms (keyed= 0.000ms group_by=  0.157ms per_group= 0.058ms)
[pe] round=  7 work=     1024 frontier=     1024 next=      512 consolidate=  0.124ms frontier=  0.072ms semisort=  0.174ms (keyed= 0.000ms group_by=  0.062ms per_group= 0.036ms)
[pe] round=  8 work=      512 frontier=      512 next=      256 consolidate=  0.092ms frontier=  0.057ms semisort=  0.118ms (keyed= 0.000ms group_by=  0.040ms per_group= 0.025ms)
[pe] round=  9 work=      256 frontier=      256 next=      128 consolidate=  0.064ms frontier=  0.032ms semisort=  0.074ms (keyed= 0.000ms group_by=  0.026ms per_group= 0.020ms)
[pe] round= 10 work=      128 frontier=      128 next=       64 consolidate=  0.041ms frontier=  0.025ms semisort=  0.049ms (keyed= 0.000ms group_by=  0.016ms per_group= 0.013ms)
[pe] round= 11 work=       64 frontier=       64 next=       32 consolidate=  0.028ms frontier=  0.011ms semisort=  0.032ms (keyed= 0.000ms group_by=  0.008ms per_group= 0.007ms)
[pe] round= 12 work=       32 frontier=       32 next=       16 consolidate=  0.017ms frontier=  0.006ms semisort=  0.014ms (keyed= 0.000ms group_by=  0.006ms per_group= 0.003ms)
[pe] round= 13 work=       16 frontier=       16 next=        8 consolidate=  0.014ms frontier=  0.004ms semisort=  0.009ms (keyed= 0.000ms group_by=  0.004ms per_group= 0.002ms)
[pe] round= 14 work=        8 frontier=        8 next=        4 consolidate=  0.011ms frontier=  0.002ms semisort=  0.006ms (keyed= 0.000ms group_by=  0.003ms per_group= 0.001ms)
[pe] round= 15 work=        4 frontier=        4 next=        2 consolidate=  0.004ms frontier=  0.001ms semisort=  0.005ms (keyed= 0.000ms group_by=  0.003ms per_group= 0.001ms)
[pe] round= 16 work=        2 frontier=        0 next=        0 consolidate=  0.002ms frontier=  0.001ms semisort=  0.000ms (break)
[pe] round=  0 work=      330 frontier=   108900 next=    54450 consolidate=  0.093ms frontier=  0.069ms semisort=  7.276ms (keyed= 0.000ms group_by=  5.683ms per_group= 0.600ms)
[pe] round=  1 work=    54450 frontier=    54450 next=    21682 consolidate=  2.247ms frontier=  0.646ms semisort=  3.961ms (keyed= 0.000ms group_by=  2.852ms per_group= 0.332ms)
[pe] round=  2 work=    21682 frontier=    21682 next=    16384 consolidate=  1.201ms frontier=  0.360ms semisort=  1.972ms (keyed= 0.000ms group_by=  1.143ms per_group= 0.416ms)
[pe] round=  3 work=    16384 frontier=    16384 next=     8192 consolidate=  1.900ms frontier=  0.301ms semisort=  1.297ms (keyed= 0.000ms group_by=  0.843ms per_group= 0.153ms)
[pe] round=  4 work=     8192 frontier=     8192 next=     4096 consolidate=  0.929ms frontier=  0.317ms semisort=  0.994ms (keyed= 0.000ms group_by=  0.595ms per_group= 0.096ms)
[pe] round=  5 work=     4096 frontier=     4096 next=     2048 consolidate=  0.489ms frontier=  0.208ms semisort=  0.470ms (keyed= 0.000ms group_by=  0.226ms per_group= 0.064ms)
[pe] round=  6 work=     2048 frontier=     2048 next=     1024 consolidate=  0.239ms frontier=  0.115ms semisort=  0.314ms (keyed= 0.000ms group_by=  0.147ms per_group= 0.049ms)
[pe] round=  7 work=     1024 frontier=     1024 next=      512 consolidate=  0.134ms frontier=  0.072ms semisort=  0.169ms (keyed= 0.000ms group_by=  0.060ms per_group= 0.032ms)
[pe] round=  8 work=      512 frontier=      512 next=      256 consolidate=  0.100ms frontier=  0.047ms semisort=  0.107ms (keyed= 0.000ms group_by=  0.037ms per_group= 0.027ms)
[pe] round=  9 work=      256 frontier=      256 next=      128 consolidate=  0.060ms frontier=  0.034ms semisort=  0.089ms (keyed= 0.000ms group_by=  0.028ms per_group= 0.022ms)
[pe] round= 10 work=      128 frontier=      128 next=       64 consolidate=  0.047ms frontier=  0.028ms semisort=  0.054ms (keyed= 0.000ms group_by=  0.013ms per_group= 0.015ms)
[pe] round= 11 work=       64 frontier=       64 next=       32 consolidate=  0.025ms frontier=  0.015ms semisort=  0.029ms (keyed= 0.000ms group_by=  0.009ms per_group= 0.007ms)
[pe] round= 12 work=       32 frontier=       32 next=       16 consolidate=  0.016ms frontier=  0.007ms semisort=  0.014ms (keyed= 0.000ms group_by=  0.005ms per_group= 0.003ms)
[pe] round= 13 work=       16 frontier=       16 next=        8 consolidate=  0.011ms frontier=  0.004ms semisort=  0.009ms (keyed= 0.000ms group_by=  0.004ms per_group= 0.002ms)
[pe] round= 14 work=        8 frontier=        8 next=        4 consolidate=  0.008ms frontier=  0.002ms semisort=  0.006ms (keyed= 0.000ms group_by=  0.003ms per_group= 0.001ms)
[pe] round= 15 work=        4 frontier=        4 next=        2 consolidate=  0.004ms frontier=  0.001ms semisort=  0.005ms (keyed= 0.000ms group_by=  0.003ms per_group= 0.001ms)
[pe] round= 16 work=        2 frontier=        0 next=        0 consolidate=  0.002ms frontier=  0.001ms semisort=  0.000ms (break)
