[synthetic_bench] grid n=160 d=2 classes=102718 merges=160 ...
[pe] round=  0 work=      320 frontier=   102400 next=    51200 consolidate=  0.343ms frontier=  0.352ms semisort= 19.343ms (keyed= 0.000ms group_by=  7.418ms per_group= 5.526ms)
[pe] round=  1 work=    51200 frontier=    51200 next=    18432 consolidate= 19.023ms frontier=  2.602ms semisort= 11.656ms (keyed= 0.000ms group_by=  3.777ms per_group= 2.225ms)
[pe] round=  2 work=    18432 frontier=    18432 next=    16384 consolidate=  7.278ms frontier=  1.795ms semisort=  4.950ms (keyed= 0.000ms group_by=  1.417ms per_group= 1.792ms)
[pe] round=  3 work=    16384 frontier=    16384 next=     8192 consolidate=  7.930ms frontier=  1.424ms semisort=  3.565ms (keyed= 0.000ms group_by=  1.241ms per_group= 0.918ms)
[pe] round=  4 work=     8192 frontier=     8192 next=     4096 consolidate=  3.879ms frontier=  0.804ms semisort=  1.862ms (keyed= 0.000ms group_by=  0.571ms per_group= 0.522ms)
[pe] round=  5 work=     4096 frontier=     4096 next=     2048 consolidate=  1.947ms frontier=  0.408ms semisort=  0.980ms (keyed= 0.000ms group_by=  0.285ms per_group= 0.298ms)
[pe] round=  6 work=     2048 frontier=     2048 next=     1024 consolidate=  0.915ms frontier=  0.268ms semisort=  0.548ms (keyed= 0.000ms group_by=  0.160ms per_group= 0.150ms)
[pe] round=  7 work=     1024 frontier=     1024 next=      512 consolidate=  0.593ms frontier=  0.128ms semisort=  0.297ms (keyed= 0.000ms group_by=  0.086ms per_group= 0.100ms)
[pe] round=  8 work=      512 frontier=      512 next=      256 consolidate=  0.244ms frontier=  0.051ms semisort=  0.165ms (keyed= 0.000ms group_by=  0.046ms per_group= 0.046ms)
[pe] round=  9 work=      256 frontier=      256 next=      128 consolidate=  0.116ms frontier=  0.027ms semisort=  0.075ms (keyed= 0.000ms group_by=  0.025ms per_group= 0.020ms)
[pe] round= 10 work=      128 frontier=      128 next=       64 consolidate=  0.074ms frontier=  0.012ms semisort=  0.042ms (keyed= 0.000ms group_by=  0.013ms per_group= 0.012ms)
[pe] round= 11 work=       64 frontier=       64 next=       32 consolidate=  0.034ms frontier=  0.005ms semisort=  0.025ms (keyed= 0.000ms group_by=  0.007ms per_group= 0.009ms)
[pe] round= 12 work=       32 frontier=       32 next=       16 consolidate=  0.020ms frontier=  0.003ms semisort=  0.014ms (keyed= 0.000ms group_by=  0.005ms per_group= 0.004ms)
[pe] round= 13 work=       16 frontier=       16 next=        8 consolidate=  0.013ms frontier=  0.004ms semisort=  0.010ms (keyed= 0.000ms group_by=  0.004ms per_group= 0.003ms)
[pe] round= 14 work=        8 frontier=        8 next=        4 consolidate=  0.006ms frontier=  0.002ms semisort=  0.006ms (keyed= 0.000ms group_by=  0.003ms per_group= 0.001ms)
[pe] round= 15 work=        4 frontier=        4 next=        2 consolidate=  0.004ms frontier=  0.001ms semisort=  0.006ms (keyed= 0.000ms group_by=  0.003ms per_group= 0.001ms)
[pe] round= 16 work=        2 frontier=        0 next=        0 consolidate=  0.002ms frontier=  0.001ms semisort=  0.000ms (break)
[pe] round=  0 work=      320 frontier=   102400 next=    51200 consolidate=  0.199ms frontier=  0.161ms semisort= 17.874ms (keyed= 0.000ms group_by=  6.917ms per_group= 4.759ms)
[pe] round=  1 work=    51200 frontier=    51200 next=    18432 consolidate= 22.516ms frontier=  4.956ms semisort= 12.468ms (keyed= 0.000ms group_by=  4.107ms per_group= 2.122ms)
[pe] round=  2 work=    18432 frontier=    18432 next=    16384 consolidate=  7.844ms frontier=  1.563ms semisort=  4.629ms (keyed= 0.000ms group_by=  1.409ms per_group= 1.626ms)
[pe] round=  3 work=    16384 frontier=    16384 next=     8192 consolidate=  7.056ms frontier=  1.284ms semisort=  3.385ms (keyed= 0.000ms group_by=  1.078ms per_group= 0.988ms)
[pe] round=  4 work=     8192 frontier=     8192 next=     4096 consolidate=  3.382ms frontier=  0.691ms semisort=  1.821ms (keyed= 0.000ms group_by=  0.611ms per_group= 0.509ms)
[pe] round=  5 work=     4096 frontier=     4096 next=     2048 consolidate=  1.660ms frontier=  0.391ms semisort=  0.915ms (keyed= 0.000ms group_by=  0.271ms per_group= 0.275ms)
[pe] round=  6 work=     2048 frontier=     2048 next=     1024 consolidate=  0.900ms frontier=  0.223ms semisort=  0.531ms (keyed= 0.000ms group_by=  0.162ms per_group= 0.144ms)
[pe] round=  7 work=     1024 frontier=     1024 next=      512 consolidate=  0.572ms frontier=  0.112ms semisort=  0.275ms (keyed= 0.000ms group_by=  0.078ms per_group= 0.079ms)
[pe] round=  8 work=      512 frontier=      512 next=      256 consolidate=  0.254ms frontier=  0.051ms semisort=  0.158ms (keyed= 0.000ms group_by=  0.045ms per_group= 0.046ms)
[pe] round=  9 work=      256 frontier=      256 next=      128 consolidate=  0.136ms frontier=  0.026ms semisort=  0.069ms (keyed= 0.000ms group_by=  0.025ms per_group= 0.017ms)
[pe] round= 10 work=      128 frontier=      128 next=       64 consolidate=  0.058ms frontier=  0.015ms semisort=  0.036ms (keyed= 0.000ms group_by=  0.013ms per_group= 0.009ms)
[pe] round= 11 work=       64 frontier=       64 next=       32 consolidate=  0.034ms frontier=  0.005ms semisort=  0.019ms (keyed= 0.000ms group_by=  0.007ms per_group= 0.005ms)
[pe] round= 12 work=       32 frontier=       32 next=       16 consolidate=  0.020ms frontier=  0.003ms semisort=  0.012ms (keyed= 0.000ms group_by=  0.005ms per_group= 0.003ms)
[pe] round= 13 work=       16 frontier=       16 next=        8 consolidate=  0.009ms frontier=  0.002ms semisort=  0.008ms (keyed= 0.000ms group_by=  0.004ms per_group= 0.002ms)
[pe] round= 14 work=        8 frontier=        8 next=        4 consolidate=  0.005ms frontier=  0.002ms semisort=  0.006ms (keyed= 0.000ms group_by=  0.003ms per_group= 0.001ms)
[pe] round= 15 work=        4 frontier=        4 next=        2 consolidate=  0.003ms frontier=  0.001ms semisort=  0.004ms (keyed= 0.000ms group_by=  0.003ms per_group= 0.001ms)
[pe] round= 16 work=        2 frontier=        0 next=        0 consolidate=  0.002ms frontier=  0.001ms semisort=  0.000ms (break)
[pe] round=  0 work=      320 frontier=   102400 next=    51200 consolidate=  0.205ms frontier=  0.126ms semisort= 18.326ms (keyed= 0.000ms group_by=  7.044ms per_group= 5.148ms)
[pe] round=  1 work=    51200 frontier=    51200 next=    18432 consolidate= 22.002ms frontier=  4.016ms semisort= 11.697ms (keyed= 0.000ms group_by=  3.978ms per_group= 2.060ms)
[pe] round=  2 work=    18432 frontier=    18432 next=    16384 consolidate=  7.821ms frontier=  1.612ms semisort=  4.812ms (keyed= 0.000ms group_by=  1.382ms per_group= 1.818ms)
[pe] round=  3 work=    16384 frontier=    16384 next=     8192 consolidate=  6.769ms frontier=  1.535ms semisort=  3.361ms (keyed= 0.000ms group_by=  1.198ms per_group= 0.891ms)
[pe] round=  4 work=     8192 frontier=     8192 next=     4096 consolidate=  3.312ms frontier=  0.723ms semisort=  1.833ms (keyed= 0.000ms group_by=  0.566ms per_group= 0.512ms)
[pe] round=  5 work=     4096 frontier=     4096 next=     2048 consolidate=  1.697ms frontier=  0.408ms semisort=  1.232ms (keyed= 0.000ms group_by=  0.513ms per_group= 0.288ms)
[pe] round=  6 work=     2048 frontier=     2048 next=     1024 consolidate=  0.912ms frontier=  0.288ms semisort=  0.553ms (keyed= 0.000ms group_by=  0.168ms per_group= 0.151ms)
[pe] round=  7 work=     1024 frontier=     1024 next=      512 consolidate=  0.460ms frontier=  0.110ms semisort=  0.270ms (keyed= 0.000ms group_by=  0.086ms per_group= 0.074ms)
[pe] round=  8 work=      512 frontier=      512 next=      256 consolidate=  0.229ms frontier=  0.050ms semisort=  0.163ms (keyed= 0.000ms group_by=  0.046ms per_group= 0.046ms)
[pe] round=  9 work=      256 frontier=      256 next=      128 consolidate=  0.119ms frontier=  0.029ms semisort=  0.083ms (keyed= 0.000ms group_by=  0.025ms per_group= 0.021ms)
[pe] round= 10 work=      128 frontier=      128 next=       64 consolidate=  0.072ms frontier=  0.012ms semisort=  0.038ms (keyed= 0.000ms group_by=  0.013ms per_group= 0.010ms)
[pe] round= 11 work=       64 frontier=       64 next=       32 consolidate=  0.036ms frontier=  0.005ms semisort=  0.021ms (keyed= 0.000ms group_by=  0.008ms per_group= 0.005ms)
[pe] round= 12 work=       32 frontier=       32 next=       16 consolidate=  0.018ms frontier=  0.003ms semisort=  0.013ms (keyed= 0.000ms group_by=  0.005ms per_group= 0.003ms)
[pe] round= 13 work=       16 frontier=       16 next=        8 consolidate=  0.009ms frontier=  0.002ms semisort=  0.008ms (keyed= 0.000ms group_by=  0.004ms per_group= 0.002ms)
[pe] round= 14 work=        8 frontier=        8 next=        4 consolidate=  0.006ms frontier=  0.002ms semisort=  0.006ms (keyed= 0.000ms group_by=  0.003ms per_group= 0.001ms)
[pe] round= 15 work=        4 frontier=        4 next=        2 consolidate=  0.003ms frontier=  0.001ms semisort=  0.005ms (keyed= 0.000ms group_by=  0.003ms per_group= 0.001ms)
[pe] round= 16 work=        2 frontier=        0 next=        0 consolidate=  0.002ms frontier=  0.001ms semisort=  0.000ms (break)
[pe] round=  0 work=      320 frontier=   102400 next=    51200 consolidate=  0.185ms frontier=  0.118ms semisort= 18.556ms (keyed= 0.000ms group_by=  7.189ms per_group= 5.488ms)
[pe] round=  1 work=    51200 frontier=    51200 next=    18432 consolidate= 21.922ms frontier=  4.373ms semisort= 12.466ms (keyed= 0.000ms group_by=  4.115ms per_group= 2.239ms)
[pe] round=  2 work=    18432 frontier=    18432 next=    16384 consolidate=  7.977ms frontier=  1.833ms semisort=  4.764ms (keyed= 0.000ms group_by=  1.380ms per_group= 1.729ms)
[pe] round=  3 work=    16384 frontier=    16384 next=     8192 consolidate=  7.123ms frontier=  1.550ms semisort=  3.397ms (keyed= 0.000ms group_by=  1.126ms per_group= 0.881ms)
[pe] round=  4 work=     8192 frontier=     8192 next=     4096 consolidate=  3.345ms frontier=  0.765ms semisort=  1.844ms (keyed= 0.000ms group_by=  0.545ms per_group= 0.513ms)
[pe] round=  5 work=     4096 frontier=     4096 next=     2048 consolidate=  1.870ms frontier=  0.418ms semisort=  0.978ms (keyed= 0.000ms group_by=  0.272ms per_group= 0.283ms)
[pe] round=  6 work=     2048 frontier=     2048 next=     1024 consolidate=  0.932ms frontier=  0.277ms semisort=  0.551ms (keyed= 0.000ms group_by=  0.162ms per_group= 0.143ms)
[pe] round=  7 work=     1024 frontier=     1024 next=      512 consolidate=  0.455ms frontier=  0.099ms semisort=  0.268ms (keyed= 0.000ms group_by=  0.081ms per_group= 0.077ms)
[pe] round=  8 work=      512 frontier=      512 next=      256 consolidate=  0.237ms frontier=  0.047ms semisort=  0.166ms (keyed= 0.000ms group_by=  0.045ms per_group= 0.047ms)
[pe] round=  9 work=      256 frontier=      256 next=      128 consolidate=  0.132ms frontier=  0.026ms semisort=  0.077ms (keyed= 0.000ms group_by=  0.024ms per_group= 0.018ms)
[pe] round= 10 work=      128 frontier=      128 next=       64 consolidate=  0.070ms frontier=  0.010ms semisort=  0.037ms (keyed= 0.000ms group_by=  0.013ms per_group= 0.008ms)
[pe] round= 11 work=       64 frontier=       64 next=       32 consolidate=  0.030ms frontier=  0.008ms semisort=  0.021ms (keyed= 0.000ms group_by=  0.008ms per_group= 0.005ms)
[pe] round= 12 work=       32 frontier=       32 next=       16 consolidate=  0.017ms frontier=  0.003ms semisort=  0.013ms (keyed= 0.000ms group_by=  0.005ms per_group= 0.004ms)
[pe] round= 13 work=       16 frontier=       16 next=        8 consolidate=  0.010ms frontier=  0.002ms semisort=  0.009ms (keyed= 0.000ms group_by=  0.004ms per_group= 0.002ms)
[pe] round= 14 work=        8 frontier=        8 next=        4 consolidate=  0.005ms frontier=  0.002ms semisort=  0.006ms (keyed= 0.000ms group_by=  0.003ms per_group= 0.001ms)
[pe] round= 15 work=        4 frontier=        4 next=        2 consolidate=  0.003ms frontier=  0.001ms semisort=  0.005ms (keyed= 0.000ms group_by=  0.003ms per_group= 0.001ms)
[pe] round= 16 work=        2 frontier=        0 next=        0 consolidate=  0.002ms frontier=  0.001ms semisort=  0.000ms (break)
[pe] round=  0 work=      320 frontier=   102400 next=    51200 consolidate=  0.201ms frontier=  0.122ms semisort= 18.615ms (keyed= 0.000ms group_by=  7.023ms per_group= 5.383ms)
[pe] round=  1 work=    51200 frontier=    51200 next=    18432 consolidate= 21.756ms frontier=  4.312ms semisort= 12.391ms (keyed= 0.000ms group_by=  4.182ms per_group= 2.184ms)
[pe] round=  2 work=    18432 frontier=    18432 next=    16384 consolidate=  8.079ms frontier=  1.659ms semisort=  4.625ms (keyed= 0.000ms group_by=  1.362ms per_group= 1.674ms)
[pe] round=  3 work=    16384 frontier=    16384 next=     8192 consolidate=  7.151ms frontier=  1.488ms semisort=  3.447ms (keyed= 0.000ms group_by=  1.155ms per_group= 0.887ms)
[pe] round=  4 work=     8192 frontier=     8192 next=     4096 consolidate=  3.545ms frontier=  0.711ms semisort=  1.852ms (keyed= 0.000ms group_by=  0.545ms per_group= 0.508ms)
[pe] round=  5 work=     4096 frontier=     4096 next=     2048 consolidate=  1.792ms frontier=  0.472ms semisort=  0.973ms (keyed= 0.000ms group_by=  0.286ms per_group= 0.279ms)
[pe] round=  6 work=     2048 frontier=     2048 next=     1024 consolidate=  0.908ms frontier=  0.340ms semisort=  0.670ms (keyed= 0.000ms group_by=  0.305ms per_group= 0.141ms)
[pe] round=  7 work=     1024 frontier=     1024 next=      512 consolidate=  0.454ms frontier=  0.106ms semisort=  0.286ms (keyed= 0.000ms group_by=  0.088ms per_group= 0.079ms)
[pe] round=  8 work=      512 frontier=      512 next=      256 consolidate=  0.298ms frontier=  0.052ms semisort=  0.160ms (keyed= 0.000ms group_by=  0.045ms per_group= 0.047ms)
[pe] round=  9 work=      256 frontier=      256 next=      128 consolidate=  0.118ms frontier=  0.028ms semisort=  0.075ms (keyed= 0.000ms group_by=  0.028ms per_group= 0.018ms)
[pe] round= 10 work=      128 frontier=      128 next=       64 consolidate=  0.076ms frontier=  0.012ms semisort=  0.037ms (keyed= 0.000ms group_by=  0.013ms per_group= 0.009ms)
[pe] round= 11 work=       64 frontier=       64 next=       32 consolidate=  0.036ms frontier=  0.005ms semisort=  0.020ms (keyed= 0.000ms group_by=  0.007ms per_group= 0.005ms)
[pe] round= 12 work=       32 frontier=       32 next=       16 consolidate=  0.018ms frontier=  0.003ms semisort=  0.012ms (keyed= 0.000ms group_by=  0.005ms per_group= 0.003ms)
[pe] round= 13 work=       16 frontier=       16 next=        8 consolidate=  0.010ms frontier=  0.002ms semisort=  0.009ms (keyed= 0.000ms group_by=  0.004ms per_group= 0.002ms)
[pe] round= 14 work=        8 frontier=        8 next=        4 consolidate=  0.006ms frontier=  0.002ms semisort=  0.006ms (keyed= 0.000ms group_by=  0.003ms per_group= 0.001ms)
[pe] round= 15 work=        4 frontier=        4 next=        2 consolidate=  0.003ms frontier=  0.001ms semisort=  0.005ms (keyed= 0.000ms group_by=  0.003ms per_group= 0.001ms)
[pe] round= 16 work=        2 frontier=        0 next=        0 consolidate=  0.002ms frontier=  0.001ms semisort=  0.000ms (break)
[pe] round=  0 work=      320 frontier=   102400 next=    51200 consolidate=  0.208ms frontier=  0.159ms semisort= 18.984ms (keyed= 0.000ms group_by=  7.209ms per_group= 5.219ms)
[pe] round=  1 work=    51200 frontier=    51200 next=    18432 consolidate= 22.765ms frontier=  5.304ms semisort= 11.951ms (keyed= 0.000ms group_by=  3.921ms per_group= 2.026ms)
[pe] round=  2 work=    18432 frontier=    18432 next=    16384 consolidate=  7.938ms frontier=  1.747ms semisort=  4.621ms (keyed= 0.000ms group_by=  1.382ms per_group= 1.739ms)
[pe] round=  3 work=    16384 frontier=    16384 next=     8192 consolidate=  7.001ms frontier=  1.410ms semisort=  3.375ms (keyed= 0.000ms group_by=  1.135ms per_group= 0.888ms)
[pe] round=  4 work=     8192 frontier=     8192 next=     4096 consolidate=  3.526ms frontier=  0.735ms semisort=  1.819ms (keyed= 0.000ms group_by=  0.544ms per_group= 0.512ms)
[pe] round=  5 work=     4096 frontier=     4096 next=     2048 consolidate=  1.801ms frontier=  0.396ms semisort=  0.937ms (keyed= 0.000ms group_by=  0.271ms per_group= 0.276ms)
[pe] round=  6 work=     2048 frontier=     2048 next=     1024 consolidate=  0.846ms frontier=  0.337ms semisort=  0.515ms (keyed= 0.000ms group_by=  0.162ms per_group= 0.142ms)
[pe] round=  7 work=     1024 frontier=     1024 next=      512 consolidate=  0.461ms frontier=  0.169ms semisort=  0.269ms (keyed= 0.000ms group_by=  0.077ms per_group= 0.074ms)
[pe] round=  8 work=      512 frontier=      512 next=      256 consolidate=  0.252ms frontier=  0.051ms semisort=  0.154ms (keyed= 0.000ms group_by=  0.045ms per_group= 0.046ms)
[pe] round=  9 work=      256 frontier=      256 next=      128 consolidate=  0.114ms frontier=  0.030ms semisort=  0.078ms (keyed= 0.000ms group_by=  0.026ms per_group= 0.024ms)
[pe] round= 10 work=      128 frontier=      128 next=       64 consolidate=  0.067ms frontier=  0.013ms semisort=  0.037ms (keyed= 0.000ms group_by=  0.012ms per_group= 0.011ms)
[pe] round= 11 work=       64 frontier=       64 next=       32 consolidate=  0.033ms frontier=  0.005ms semisort=  0.020ms (keyed= 0.000ms group_by=  0.007ms per_group= 0.005ms)
[pe] round= 12 work=       32 frontier=       32 next=       16 consolidate=  0.019ms frontier=  0.003ms semisort=  0.013ms (keyed= 0.000ms group_by=  0.005ms per_group= 0.003ms)
[pe] round= 13 work=       16 frontier=       16 next=        8 consolidate=  0.009ms frontier=  0.002ms semisort=  0.009ms (keyed= 0.000ms group_by=  0.004ms per_group= 0.002ms)
[pe] round= 14 work=        8 frontier=        8 next=        4 consolidate=  0.005ms frontier=  0.002ms semisort=  0.007ms (keyed= 0.000ms group_by=  0.004ms per_group= 0.001ms)
[pe] round= 15 work=        4 frontier=        4 next=        2 consolidate=  0.003ms frontier=  0.001ms semisort=  0.005ms (keyed= 0.000ms group_by=  0.003ms per_group= 0.001ms)
[pe] round= 16 work=        2 frontier=        0 next=        0 consolidate=  0.002ms frontier=  0.001ms semisort=  0.000ms (break)
