[synthetic_bench] grid n=170 d=2 classes=115938 merges=170 ...
[pe] round=  0 work=      340 frontier=   115600 next=    57800 consolidate=  0.485ms frontier=  0.388ms semisort= 15.316ms (keyed= 0.000ms group_by=  6.873ms per_group= 3.808ms)
[pe] round=  1 work=    57800 frontier=    57800 next=    25032 consolidate= 12.034ms frontier=  2.390ms semisort=  8.661ms (keyed= 0.000ms group_by=  3.329ms per_group= 1.643ms)
[pe] round=  2 work=    25032 frontier=    25032 next=    16384 consolidate=  6.199ms frontier=  1.510ms semisort=  4.099ms (keyed= 0.000ms group_by=  1.578ms per_group= 1.075ms)
[pe] round=  3 work=    16384 frontier=    16384 next=     8192 consolidate=  5.286ms frontier=  1.069ms semisort=  2.655ms (keyed= 0.000ms group_by=  1.096ms per_group= 0.522ms)
[pe] round=  4 work=     8192 frontier=     8192 next=     4096 consolidate=  2.706ms frontier=  0.581ms semisort=  1.357ms (keyed= 0.000ms group_by=  0.495ms per_group= 0.287ms)
[pe] round=  5 work=     4096 frontier=     4096 next=     2048 consolidate=  1.491ms frontier=  0.352ms semisort=  0.764ms (keyed= 0.000ms group_by=  0.264ms per_group= 0.168ms)
[pe] round=  6 work=     2048 frontier=     2048 next=     1024 consolidate=  0.700ms frontier=  0.156ms semisort=  0.420ms (keyed= 0.000ms group_by=  0.141ms per_group= 0.090ms)
[pe] round=  7 work=     1024 frontier=     1024 next=      512 consolidate=  0.330ms frontier=  0.116ms semisort=  0.245ms (keyed= 0.000ms group_by=  0.080ms per_group= 0.056ms)
[pe] round=  8 work=      512 frontier=      512 next=      256 consolidate=  0.185ms frontier=  0.066ms semisort=  0.159ms (keyed= 0.000ms group_by=  0.046ms per_group= 0.042ms)
[pe] round=  9 work=      256 frontier=      256 next=      128 consolidate=  0.090ms frontier=  0.034ms semisort=  0.077ms (keyed= 0.000ms group_by=  0.022ms per_group= 0.021ms)
[pe] round= 10 work=      128 frontier=      128 next=       64 consolidate=  0.065ms frontier=  0.014ms semisort=  0.038ms (keyed= 0.000ms group_by=  0.014ms per_group= 0.010ms)
[pe] round= 11 work=       64 frontier=       64 next=       32 consolidate=  0.028ms frontier=  0.013ms semisort=  0.028ms (keyed= 0.000ms group_by=  0.008ms per_group= 0.008ms)
[pe] round= 12 work=       32 frontier=       32 next=       16 consolidate=  0.025ms frontier=  0.005ms semisort=  0.013ms (keyed= 0.000ms group_by=  0.005ms per_group= 0.003ms)
[pe] round= 13 work=       16 frontier=       16 next=        8 consolidate=  0.010ms frontier=  0.002ms semisort=  0.009ms (keyed= 0.000ms group_by=  0.004ms per_group= 0.002ms)
[pe] round= 14 work=        8 frontier=        8 next=        4 consolidate=  0.005ms frontier=  0.002ms semisort=  0.006ms (keyed= 0.000ms group_by=  0.003ms per_group= 0.001ms)
[pe] round= 15 work=        4 frontier=        4 next=        2 consolidate=  0.003ms frontier=  0.001ms semisort=  0.005ms (keyed= 0.000ms group_by=  0.003ms per_group= 0.001ms)
[pe] round= 16 work=        2 frontier=        0 next=        0 consolidate=  0.002ms frontier=  0.001ms semisort=  0.000ms (break)
[pe] round=  0 work=      340 frontier=   115600 next=    57800 consolidate=  0.162ms frontier=  0.122ms semisort= 14.973ms (keyed= 0.000ms group_by=  6.903ms per_group= 3.434ms)
[pe] round=  1 work=    57800 frontier=    57800 next=    25032 consolidate= 13.380ms frontier=  2.613ms semisort=  8.713ms (keyed= 0.000ms group_by=  3.437ms per_group= 1.633ms)
[pe] round=  2 work=    25032 frontier=    25032 next=    16384 consolidate=  6.210ms frontier=  1.388ms semisort=  4.114ms (keyed= 0.000ms group_by=  1.598ms per_group= 1.067ms)
[pe] round=  3 work=    16384 frontier=    16384 next=     8192 consolidate=  5.366ms frontier=  1.230ms semisort=  2.521ms (keyed= 0.000ms group_by=  0.980ms per_group= 0.545ms)
[pe] round=  4 work=     8192 frontier=     8192 next=     4096 consolidate=  2.503ms frontier=  0.647ms semisort=  1.474ms (keyed= 0.000ms group_by=  0.640ms per_group= 0.297ms)
[pe] round=  5 work=     4096 frontier=     4096 next=     2048 consolidate=  1.385ms frontier=  0.344ms semisort=  0.755ms (keyed= 0.000ms group_by=  0.265ms per_group= 0.162ms)
[pe] round=  6 work=     2048 frontier=     2048 next=     1024 consolidate=  0.672ms frontier=  0.193ms semisort=  0.446ms (keyed= 0.000ms group_by=  0.158ms per_group= 0.093ms)
[pe] round=  7 work=     1024 frontier=     1024 next=      512 consolidate=  0.361ms frontier=  0.115ms semisort=  0.243ms (keyed= 0.000ms group_by=  0.080ms per_group= 0.056ms)
[pe] round=  8 work=      512 frontier=      512 next=      256 consolidate=  0.208ms frontier=  0.064ms semisort=  0.151ms (keyed= 0.000ms group_by=  0.049ms per_group= 0.040ms)
[pe] round=  9 work=      256 frontier=      256 next=      128 consolidate=  0.102ms frontier=  0.034ms semisort=  0.090ms (keyed= 0.000ms group_by=  0.027ms per_group= 0.025ms)
[pe] round= 10 work=      128 frontier=      128 next=       64 consolidate=  0.058ms frontier=  0.020ms semisort=  0.051ms (keyed= 0.000ms group_by=  0.013ms per_group= 0.017ms)
[pe] round= 11 work=       64 frontier=       64 next=       32 consolidate=  0.046ms frontier=  0.011ms semisort=  0.029ms (keyed= 0.000ms group_by=  0.008ms per_group= 0.008ms)
[pe] round= 12 work=       32 frontier=       32 next=       16 consolidate=  0.022ms frontier=  0.003ms semisort=  0.013ms (keyed= 0.000ms group_by=  0.005ms per_group= 0.004ms)
[pe] round= 13 work=       16 frontier=       16 next=        8 consolidate=  0.012ms frontier=  0.004ms semisort=  0.009ms (keyed= 0.000ms group_by=  0.004ms per_group= 0.002ms)
[pe] round= 14 work=        8 frontier=        8 next=        4 consolidate=  0.007ms frontier=  0.002ms semisort=  0.006ms (keyed= 0.000ms group_by=  0.003ms per_group= 0.001ms)
[pe] round= 15 work=        4 frontier=        4 next=        2 consolidate=  0.004ms frontier=  0.001ms semisort=  0.004ms (keyed= 0.000ms group_by=  0.003ms per_group= 0.001ms)
[pe] round= 16 work=        2 frontier=        0 next=        0 consolidate=  0.002ms frontier=  0.001ms semisort=  0.000ms (break)
[pe] round=  0 work=      340 frontier=   115600 next=    57800 consolidate=  0.153ms frontier=  0.125ms semisort= 15.193ms (keyed= 0.000ms group_by=  6.819ms per_group= 3.418ms)
[pe] round=  1 work=    57800 frontier=    57800 next=    25032 consolidate= 13.980ms frontier=  2.933ms semisort=  8.587ms (keyed= 0.000ms group_by=  3.439ms per_group= 1.631ms)
[pe] round=  2 work=    25032 frontier=    25032 next=    16384 consolidate=  6.374ms frontier=  1.563ms semisort=  4.073ms (keyed= 0.000ms group_by=  1.543ms per_group= 1.055ms)
[pe] round=  3 work=    16384 frontier=    16384 next=     8192 consolidate=  5.314ms frontier=  1.072ms semisort=  2.512ms (keyed= 0.000ms group_by=  0.960ms per_group= 0.548ms)
[pe] round=  4 work=     8192 frontier=     8192 next=     4096 consolidate=  2.489ms frontier=  0.592ms semisort=  1.384ms (keyed= 0.000ms group_by=  0.511ms per_group= 0.304ms)
[pe] round=  5 work=     4096 frontier=     4096 next=     2048 consolidate=  1.236ms frontier=  0.347ms semisort=  0.760ms (keyed= 0.000ms group_by=  0.258ms per_group= 0.175ms)
[pe] round=  6 work=     2048 frontier=     2048 next=     1024 consolidate=  0.676ms frontier=  0.162ms semisort=  0.430ms (keyed= 0.000ms group_by=  0.141ms per_group= 0.099ms)
[pe] round=  7 work=     1024 frontier=     1024 next=      512 consolidate=  0.326ms frontier=  0.108ms semisort=  0.254ms (keyed= 0.000ms group_by=  0.079ms per_group= 0.061ms)
[pe] round=  8 work=      512 frontier=      512 next=      256 consolidate=  0.229ms frontier=  0.065ms semisort=  0.163ms (keyed= 0.000ms group_by=  0.048ms per_group= 0.045ms)
[pe] round=  9 work=      256 frontier=      256 next=      128 consolidate=  0.101ms frontier=  0.033ms semisort=  0.081ms (keyed= 0.000ms group_by=  0.025ms per_group= 0.022ms)
[pe] round= 10 work=      128 frontier=      128 next=       64 consolidate=  0.048ms frontier=  0.020ms semisort=  0.038ms (keyed= 0.000ms group_by=  0.012ms per_group= 0.010ms)
[pe] round= 11 work=       64 frontier=       64 next=       32 consolidate=  0.038ms frontier=  0.011ms semisort=  0.028ms (keyed= 0.000ms group_by=  0.008ms per_group= 0.008ms)
[pe] round= 12 work=       32 frontier=       32 next=       16 consolidate=  0.025ms frontier=  0.003ms semisort=  0.013ms (keyed= 0.000ms group_by=  0.005ms per_group= 0.004ms)
[pe] round= 13 work=       16 frontier=       16 next=        8 consolidate=  0.012ms frontier=  0.002ms semisort=  0.009ms (keyed= 0.000ms group_by=  0.004ms per_group= 0.003ms)
[pe] round= 14 work=        8 frontier=        8 next=        4 consolidate=  0.006ms frontier=  0.002ms semisort=  0.006ms (keyed= 0.000ms group_by=  0.003ms per_group= 0.001ms)
[pe] round= 15 work=        4 frontier=        4 next=        2 consolidate=  0.003ms frontier=  0.001ms semisort=  0.005ms (keyed= 0.000ms group_by=  0.003ms per_group= 0.001ms)
[pe] round= 16 work=        2 frontier=        0 next=        0 consolidate=  0.002ms frontier=  0.001ms semisort=  0.000ms (break)
[pe] round=  0 work=      340 frontier=   115600 next=    57800 consolidate=  0.146ms frontier=  0.128ms semisort= 15.695ms (keyed= 0.000ms group_by=  7.097ms per_group= 3.616ms)
[pe] round=  1 work=    57800 frontier=    57800 next=    25032 consolidate= 14.779ms frontier=  3.212ms semisort=  8.747ms (keyed= 0.000ms group_by=  3.446ms per_group= 1.587ms)
[pe] round=  2 work=    25032 frontier=    25032 next=    16384 consolidate=  6.508ms frontier=  1.478ms semisort=  4.077ms (keyed= 0.000ms group_by=  1.580ms per_group= 1.041ms)
[pe] round=  3 work=    16384 frontier=    16384 next=     8192 consolidate=  5.226ms frontier=  1.096ms semisort=  2.430ms (keyed= 0.000ms group_by=  0.972ms per_group= 0.563ms)
[pe] round=  4 work=     8192 frontier=     8192 next=     4096 consolidate=  2.618ms frontier=  0.581ms semisort=  1.383ms (keyed= 0.000ms group_by=  0.503ms per_group= 0.310ms)
[pe] round=  5 work=     4096 frontier=     4096 next=     2048 consolidate=  1.213ms frontier=  0.351ms semisort=  0.761ms (keyed= 0.000ms group_by=  0.262ms per_group= 0.170ms)
[pe] round=  6 work=     2048 frontier=     2048 next=     1024 consolidate=  0.661ms frontier=  0.167ms semisort=  0.434ms (keyed= 0.000ms group_by=  0.157ms per_group= 0.093ms)
[pe] round=  7 work=     1024 frontier=     1024 next=      512 consolidate=  0.330ms frontier=  0.170ms semisort=  0.238ms (keyed= 0.000ms group_by=  0.079ms per_group= 0.055ms)
[pe] round=  8 work=      512 frontier=      512 next=      256 consolidate=  0.196ms frontier=  0.066ms semisort=  0.149ms (keyed= 0.000ms group_by=  0.048ms per_group= 0.044ms)
[pe] round=  9 work=      256 frontier=      256 next=      128 consolidate=  0.094ms frontier=  0.034ms semisort=  0.092ms (keyed= 0.000ms group_by=  0.028ms per_group= 0.028ms)
[pe] round= 10 work=      128 frontier=      128 next=       64 consolidate=  0.076ms frontier=  0.013ms semisort=  0.036ms (keyed= 0.000ms group_by=  0.013ms per_group= 0.010ms)
[pe] round= 11 work=       64 frontier=       64 next=       32 consolidate=  0.027ms frontier=  0.012ms semisort=  0.029ms (keyed= 0.000ms group_by=  0.008ms per_group= 0.009ms)
[pe] round= 12 work=       32 frontier=       32 next=       16 consolidate=  0.022ms frontier=  0.005ms semisort=  0.014ms (keyed= 0.000ms group_by=  0.005ms per_group= 0.004ms)
[pe] round= 13 work=       16 frontier=       16 next=        8 consolidate=  0.014ms frontier=  0.002ms semisort=  0.008ms (keyed= 0.000ms group_by=  0.004ms per_group= 0.002ms)
[pe] round= 14 work=        8 frontier=        8 next=        4 consolidate=  0.007ms frontier=  0.002ms semisort=  0.006ms (keyed= 0.000ms group_by=  0.003ms per_group= 0.001ms)
[pe] round= 15 work=        4 frontier=        4 next=        2 consolidate=  0.004ms frontier=  0.001ms semisort=  0.005ms (keyed= 0.000ms group_by=  0.003ms per_group= 0.001ms)
[pe] round= 16 work=        2 frontier=        0 next=        0 consolidate=  0.002ms frontier=  0.001ms semisort=  0.000ms (break)
[pe] round=  0 work=      340 frontier=   115600 next=    57800 consolidate=  0.173ms frontier=  0.128ms semisort= 14.846ms (keyed= 0.000ms group_by=  6.890ms per_group= 3.428ms)
[pe] round=  1 work=    57800 frontier=    57800 next=    25032 consolidate= 15.566ms frontier=  3.300ms semisort=  8.710ms (keyed= 0.000ms group_by=  3.506ms per_group= 1.584ms)
[pe] round=  2 work=    25032 frontier=    25032 next=    16384 consolidate=  6.456ms frontier=  1.421ms semisort=  4.161ms (keyed= 0.000ms group_by=  1.580ms per_group= 1.066ms)
[pe] round=  3 work=    16384 frontier=    16384 next=     8192 consolidate=  5.296ms frontier=  1.019ms semisort=  2.458ms (keyed= 0.000ms group_by=  0.949ms per_group= 0.535ms)
[pe] round=  4 work=     8192 frontier=     8192 next=     4096 consolidate=  2.459ms frontier=  0.604ms semisort=  1.413ms (keyed= 0.000ms group_by=  0.535ms per_group= 0.294ms)
[pe] round=  5 work=     4096 frontier=     4096 next=     2048 consolidate=  1.256ms frontier=  0.329ms semisort=  0.787ms (keyed= 0.000ms group_by=  0.259ms per_group= 0.178ms)
[pe] round=  6 work=     2048 frontier=     2048 next=     1024 consolidate=  0.653ms frontier=  0.165ms semisort=  0.437ms (keyed= 0.000ms group_by=  0.158ms per_group= 0.095ms)
[pe] round=  7 work=     1024 frontier=     1024 next=      512 consolidate=  0.339ms frontier=  0.115ms semisort=  0.255ms (keyed= 0.000ms group_by=  0.083ms per_group= 0.060ms)
[pe] round=  8 work=      512 frontier=      512 next=      256 consolidate=  0.210ms frontier=  0.066ms semisort=  0.164ms (keyed= 0.000ms group_by=  0.047ms per_group= 0.044ms)
[pe] round=  9 work=      256 frontier=      256 next=      128 consolidate=  0.099ms frontier=  0.036ms semisort=  0.079ms (keyed= 0.000ms group_by=  0.024ms per_group= 0.019ms)
[pe] round= 10 work=      128 frontier=      128 next=       64 consolidate=  0.056ms frontier=  0.019ms semisort=  0.054ms (keyed= 0.000ms group_by=  0.014ms per_group= 0.015ms)
[pe] round= 11 work=       64 frontier=       64 next=       32 consolidate=  0.041ms frontier=  0.011ms semisort=  0.029ms (keyed= 0.000ms group_by=  0.008ms per_group= 0.008ms)
[pe] round= 12 work=       32 frontier=       32 next=       16 consolidate=  0.025ms frontier=  0.005ms semisort=  0.014ms (keyed= 0.000ms group_by=  0.005ms per_group= 0.003ms)
[pe] round= 13 work=       16 frontier=       16 next=        8 consolidate=  0.012ms frontier=  0.002ms semisort=  0.009ms (keyed= 0.000ms group_by=  0.004ms per_group= 0.002ms)
[pe] round= 14 work=        8 frontier=        8 next=        4 consolidate=  0.007ms frontier=  0.001ms semisort=  0.006ms (keyed= 0.000ms group_by=  0.003ms per_group= 0.001ms)
[pe] round= 15 work=        4 frontier=        4 next=        2 consolidate=  0.004ms frontier=  0.001ms semisort=  0.005ms (keyed= 0.000ms group_by=  0.003ms per_group= 0.001ms)
[pe] round= 16 work=        2 frontier=        0 next=        0 consolidate=  0.002ms frontier=  0.001ms semisort=  0.000ms (break)
[pe] round=  0 work=      340 frontier=   115600 next=    57800 consolidate=  0.180ms frontier=  0.127ms semisort= 15.585ms (keyed= 0.000ms group_by=  7.084ms per_group= 3.501ms)
[pe] round=  1 work=    57800 frontier=    57800 next=    25032 consolidate= 15.014ms frontier=  3.277ms semisort=  8.654ms (keyed= 0.000ms group_by=  3.367ms per_group= 1.557ms)
[pe] round=  2 work=    25032 frontier=    25032 next=    16384 consolidate=  6.399ms frontier=  1.569ms semisort=  4.068ms (keyed= 0.000ms group_by=  1.548ms per_group= 1.028ms)
[pe] round=  3 work=    16384 frontier=    16384 next=     8192 consolidate=  5.273ms frontier=  0.983ms semisort=  2.489ms (keyed= 0.000ms group_by=  0.939ms per_group= 0.542ms)
[pe] round=  4 work=     8192 frontier=     8192 next=     4096 consolidate=  2.422ms frontier=  0.604ms semisort=  1.363ms (keyed= 0.000ms group_by=  0.477ms per_group= 0.307ms)
[pe] round=  5 work=     4096 frontier=     4096 next=     2048 consolidate=  1.244ms frontier=  0.344ms semisort=  0.768ms (keyed= 0.000ms group_by=  0.256ms per_group= 0.178ms)
[pe] round=  6 work=     2048 frontier=     2048 next=     1024 consolidate=  0.622ms frontier=  0.186ms semisort=  0.460ms (keyed= 0.000ms group_by=  0.154ms per_group= 0.090ms)
[pe] round=  7 work=     1024 frontier=     1024 next=      512 consolidate=  0.323ms frontier=  0.170ms semisort=  0.250ms (keyed= 0.000ms group_by=  0.077ms per_group= 0.062ms)
[pe] round=  8 work=      512 frontier=      512 next=      256 consolidate=  0.211ms frontier=  0.067ms semisort=  0.152ms (keyed= 0.000ms group_by=  0.048ms per_group= 0.043ms)
[pe] round=  9 work=      256 frontier=      256 next=      128 consolidate=  0.100ms frontier=  0.034ms semisort=  0.091ms (keyed= 0.000ms group_by=  0.026ms per_group= 0.027ms)
[pe] round= 10 work=      128 frontier=      128 next=       64 consolidate=  0.074ms frontier=  0.017ms semisort=  0.046ms (keyed= 0.000ms group_by=  0.014ms per_group= 0.015ms)
[pe] round= 11 work=       64 frontier=       64 next=       32 consolidate=  0.045ms frontier=  0.011ms semisort=  0.029ms (keyed= 0.000ms group_by=  0.008ms per_group= 0.008ms)
[pe] round= 12 work=       32 frontier=       32 next=       16 consolidate=  0.026ms frontier=  0.004ms semisort=  0.013ms (keyed= 0.000ms group_by=  0.005ms per_group= 0.004ms)
[pe] round= 13 work=       16 frontier=       16 next=        8 consolidate=  0.012ms frontier=  0.002ms semisort=  0.008ms (keyed= 0.000ms group_by=  0.004ms per_group= 0.002ms)
[pe] round= 14 work=        8 frontier=        8 next=        4 consolidate=  0.007ms frontier=  0.001ms semisort=  0.006ms (keyed= 0.000ms group_by=  0.003ms per_group= 0.001ms)
[pe] round= 15 work=        4 frontier=        4 next=        2 consolidate=  0.004ms frontier=  0.001ms semisort=  0.004ms (keyed= 0.000ms group_by=  0.003ms per_group= 0.000ms)
[pe] round= 16 work=        2 frontier=        0 next=        0 consolidate=  0.002ms frontier=  0.001ms semisort=  0.000ms (break)
