[synthetic_bench] grid n=185 d=2 classes=137268 merges=185 ...
[pe] round=  0 work=      370 frontier=   136900 next=    68450 consolidate=  0.317ms frontier=  0.377ms semisort= 14.601ms (keyed= 0.000ms group_by=  4.340ms per_group= 4.046ms)
[pe] round=  1 work=    68450 frontier=    68450 next=    32768 consolidate= 14.106ms frontier=  2.533ms semisort= 10.297ms (keyed= 0.000ms group_by=  4.098ms per_group= 1.986ms)
[pe] round=  2 work=    32768 frontier=    32768 next=    16384 consolidate=  7.294ms frontier=  1.822ms semisort=  5.196ms (keyed= 0.000ms group_by=  2.215ms per_group= 1.100ms)
[pe] round=  3 work=    16384 frontier=    16384 next=     8192 consolidate=  5.171ms frontier=  1.013ms semisort=  2.715ms (keyed= 0.000ms group_by=  0.975ms per_group= 0.633ms)
[pe] round=  4 work=     8192 frontier=     8192 next=     4096 consolidate=  2.818ms frontier=  0.581ms semisort=  1.693ms (keyed= 0.000ms group_by=  0.699ms per_group= 0.353ms)
[pe] round=  5 work=     4096 frontier=     4096 next=     2914 consolidate=  1.423ms frontier=  0.303ms semisort=  1.081ms (keyed= 0.000ms group_by=  0.444ms per_group= 0.256ms)
[pe] round=  6 work=     2914 frontier=     2914 next=     2048 consolidate=  0.969ms frontier=  0.211ms semisort=  0.643ms (keyed= 0.000ms group_by=  0.195ms per_group= 0.166ms)
[pe] round=  7 work=     2048 frontier=     2048 next=     1024 consolidate=  0.611ms frontier=  0.163ms semisort=  0.471ms (keyed= 0.000ms group_by=  0.158ms per_group= 0.106ms)
[pe] round=  8 work=     1024 frontier=     1024 next=      512 consolidate=  0.330ms frontier=  0.154ms semisort=  0.258ms (keyed= 0.000ms group_by=  0.081ms per_group= 0.059ms)
[pe] round=  9 work=      512 frontier=      512 next=      256 consolidate=  0.174ms frontier=  0.070ms semisort=  0.172ms (keyed= 0.000ms group_by=  0.047ms per_group= 0.042ms)
[pe] round= 10 work=      256 frontier=      256 next=      128 consolidate=  0.092ms frontier=  0.033ms semisort=  0.090ms (keyed= 0.000ms group_by=  0.026ms per_group= 0.026ms)
[pe] round= 11 work=      128 frontier=      128 next=       64 consolidate=  0.072ms frontier=  0.010ms semisort=  0.036ms (keyed= 0.000ms group_by=  0.013ms per_group= 0.010ms)
[pe] round= 12 work=       64 frontier=       64 next=       32 consolidate=  0.025ms frontier=  0.011ms semisort=  0.021ms (keyed= 0.000ms group_by=  0.008ms per_group= 0.005ms)
[pe] round= 13 work=       32 frontier=       32 next=       16 consolidate=  0.023ms frontier=  0.003ms semisort=  0.023ms (keyed= 0.000ms group_by=  0.005ms per_group= 0.007ms)
[pe] round= 14 work=       16 frontier=       16 next=        8 consolidate=  0.009ms frontier=  0.002ms semisort=  0.009ms (keyed= 0.000ms group_by=  0.004ms per_group= 0.002ms)
[pe] round= 15 work=        8 frontier=        8 next=        4 consolidate=  0.005ms frontier=  0.002ms semisort=  0.006ms (keyed= 0.000ms group_by=  0.003ms per_group= 0.001ms)
[pe] round= 16 work=        4 frontier=        4 next=        2 consolidate=  0.003ms frontier=  0.001ms semisort=  0.005ms (keyed= 0.000ms group_by=  0.003ms per_group= 0.001ms)
[pe] round= 17 work=        2 frontier=        0 next=        0 consolidate=  0.002ms frontier=  0.001ms semisort=  0.000ms (break)
[pe] round=  0 work=      370 frontier=   136900 next=    68450 consolidate=  0.171ms frontier=  0.146ms semisort= 13.467ms (keyed= 0.000ms group_by=  3.889ms per_group= 3.840ms)
[pe] round=  1 work=    68450 frontier=    68450 next=    32768 consolidate= 15.668ms frontier=  3.397ms semisort= 10.416ms (keyed= 0.000ms group_by=  4.013ms per_group= 1.835ms)
[pe] round=  2 work=    32768 frontier=    32768 next=    16384 consolidate=  8.415ms frontier=  1.865ms semisort=  4.988ms (keyed= 0.000ms group_by=  1.908ms per_group= 1.084ms)
[pe] round=  3 work=    16384 frontier=    16384 next=     8192 consolidate=  5.333ms frontier=  1.054ms semisort=  2.675ms (keyed= 0.000ms group_by=  0.976ms per_group= 0.600ms)
[pe] round=  4 work=     8192 frontier=     8192 next=     4096 consolidate=  2.720ms frontier=  0.572ms semisort=  1.483ms (keyed= 0.000ms group_by=  0.513ms per_group= 0.359ms)
[pe] round=  5 work=     4096 frontier=     4096 next=     2914 consolidate=  1.489ms frontier=  0.291ms semisort=  0.903ms (keyed= 0.000ms group_by=  0.284ms per_group= 0.253ms)
[pe] round=  6 work=     2914 frontier=     2914 next=     2048 consolidate=  1.015ms frontier=  0.222ms semisort=  0.622ms (keyed= 0.000ms group_by=  0.194ms per_group= 0.168ms)
[pe] round=  7 work=     2048 frontier=     2048 next=     1024 consolidate=  0.677ms frontier=  0.167ms semisort=  0.466ms (keyed= 0.000ms group_by=  0.162ms per_group= 0.104ms)
[pe] round=  8 work=     1024 frontier=     1024 next=      512 consolidate=  0.325ms frontier=  0.109ms semisort=  0.258ms (keyed= 0.000ms group_by=  0.086ms per_group= 0.058ms)
[pe] round=  9 work=      512 frontier=      512 next=      256 consolidate=  0.203ms frontier=  0.067ms semisort=  0.153ms (keyed= 0.000ms group_by=  0.050ms per_group= 0.039ms)
[pe] round= 10 work=      256 frontier=      256 next=      128 consolidate=  0.096ms frontier=  0.036ms semisort=  0.086ms (keyed= 0.000ms group_by=  0.025ms per_group= 0.025ms)
[pe] round= 11 work=      128 frontier=      128 next=       64 consolidate=  0.078ms frontier=  0.017ms semisort=  0.045ms (keyed= 0.000ms group_by=  0.014ms per_group= 0.014ms)
[pe] round= 12 work=       64 frontier=       64 next=       32 consolidate=  0.048ms frontier=  0.008ms semisort=  0.028ms (keyed= 0.000ms group_by=  0.008ms per_group= 0.008ms)
[pe] round= 13 work=       32 frontier=       32 next=       16 consolidate=  0.021ms frontier=  0.003ms semisort=  0.014ms (keyed= 0.000ms group_by=  0.005ms per_group= 0.004ms)
[pe] round= 14 work=       16 frontier=       16 next=        8 consolidate=  0.011ms frontier=  0.003ms semisort=  0.009ms (keyed= 0.000ms group_by=  0.004ms per_group= 0.002ms)
[pe] round= 15 work=        8 frontier=        8 next=        4 consolidate=  0.005ms frontier=  0.002ms semisort=  0.006ms (keyed= 0.000ms group_by=  0.003ms per_group= 0.001ms)
[pe] round= 16 work=        4 frontier=        4 next=        2 consolidate=  0.004ms frontier=  0.001ms semisort=  0.004ms (keyed= 0.000ms group_by=  0.003ms per_group= 0.001ms)
[pe] round= 17 work=        2 frontier=        0 next=        0 consolidate=  0.002ms frontier=  0.001ms semisort=  0.000ms (break)
[pe] round=  0 work=      370 frontier=   136900 next=    68450 consolidate=  0.179ms frontier=  0.131ms semisort= 13.990ms (keyed= 0.000ms group_by=  4.102ms per_group= 4.287ms)
[pe] round=  1 work=    68450 frontier=    68450 next=    32768 consolidate= 17.450ms frontier=  3.691ms semisort= 10.342ms (keyed= 0.000ms group_by=  3.970ms per_group= 1.857ms)
[pe] round=  2 work=    32768 frontier=    32768 next=    16384 consolidate=  8.332ms frontier=  1.952ms semisort=  5.183ms (keyed= 0.000ms group_by=  2.039ms per_group= 1.087ms)
[pe] round=  3 work=    16384 frontier=    16384 next=     8192 consolidate=  5.724ms frontier=  1.100ms semisort=  2.624ms (keyed= 0.000ms group_by=  0.939ms per_group= 0.592ms)
[pe] round=  4 work=     8192 frontier=     8192 next=     4096 consolidate=  2.777ms frontier=  0.610ms semisort=  1.560ms (keyed= 0.000ms group_by=  0.538ms per_group= 0.361ms)
[pe] round=  5 work=     4096 frontier=     4096 next=     2914 consolidate=  1.363ms frontier=  0.323ms semisort=  0.910ms (keyed= 0.000ms group_by=  0.286ms per_group= 0.256ms)
[pe] round=  6 work=     2914 frontier=     2914 next=     2048 consolidate=  0.958ms frontier=  0.224ms semisort=  0.659ms (keyed= 0.000ms group_by=  0.197ms per_group= 0.175ms)
[pe] round=  7 work=     2048 frontier=     2048 next=     1024 consolidate=  0.721ms frontier=  0.241ms semisort=  0.500ms (keyed= 0.000ms group_by=  0.160ms per_group= 0.103ms)
[pe] round=  8 work=     1024 frontier=     1024 next=      512 consolidate=  0.351ms frontier=  0.115ms semisort=  0.263ms (keyed= 0.000ms group_by=  0.080ms per_group= 0.059ms)
[pe] round=  9 work=      512 frontier=      512 next=      256 consolidate=  0.229ms frontier=  0.068ms semisort=  0.172ms (keyed= 0.000ms group_by=  0.046ms per_group= 0.038ms)
[pe] round= 10 work=      256 frontier=      256 next=      128 consolidate=  0.100ms frontier=  0.038ms semisort=  0.081ms (keyed= 0.000ms group_by=  0.025ms per_group= 0.024ms)
[pe] round= 11 work=      128 frontier=      128 next=       64 consolidate=  0.067ms frontier=  0.019ms semisort=  0.048ms (keyed= 0.000ms group_by=  0.015ms per_group= 0.013ms)
[pe] round= 12 work=       64 frontier=       64 next=       32 consolidate=  0.049ms frontier=  0.005ms semisort=  0.028ms (keyed= 0.000ms group_by=  0.008ms per_group= 0.008ms)
[pe] round= 13 work=       32 frontier=       32 next=       16 consolidate=  0.023ms frontier=  0.003ms semisort=  0.013ms (keyed= 0.000ms group_by=  0.005ms per_group= 0.003ms)
[pe] round= 14 work=       16 frontier=       16 next=        8 consolidate=  0.011ms frontier=  0.003ms semisort=  0.008ms (keyed= 0.000ms group_by=  0.004ms per_group= 0.002ms)
[pe] round= 15 work=        8 frontier=        8 next=        4 consolidate=  0.008ms frontier=  0.002ms semisort=  0.006ms (keyed= 0.000ms group_by=  0.003ms per_group= 0.001ms)
[pe] round= 16 work=        4 frontier=        4 next=        2 consolidate=  0.004ms frontier=  0.001ms semisort=  0.004ms (keyed= 0.000ms group_by=  0.003ms per_group= 0.001ms)
[pe] round= 17 work=        2 frontier=        0 next=        0 consolidate=  0.002ms frontier=  0.001ms semisort=  0.000ms (break)
[pe] round=  0 work=      370 frontier=   136900 next=    68450 consolidate=  0.183ms frontier=  0.143ms semisort= 13.744ms (keyed= 0.000ms group_by=  4.138ms per_group= 3.827ms)
[pe] round=  1 work=    68450 frontier=    68450 next=    32768 consolidate= 17.776ms frontier=  4.233ms semisort= 10.646ms (keyed= 0.000ms group_by=  4.073ms per_group= 1.936ms)
[pe] round=  2 work=    32768 frontier=    32768 next=    16384 consolidate=  8.795ms frontier=  2.098ms semisort=  5.057ms (keyed= 0.000ms group_by=  1.995ms per_group= 1.055ms)
[pe] round=  3 work=    16384 frontier=    16384 next=     8192 consolidate=  6.091ms frontier=  1.029ms semisort=  2.591ms (keyed= 0.000ms group_by=  0.944ms per_group= 0.606ms)
[pe] round=  4 work=     8192 frontier=     8192 next=     4096 consolidate=  2.791ms frontier=  0.614ms semisort=  1.686ms (keyed= 0.000ms group_by=  0.660ms per_group= 0.382ms)
[pe] round=  5 work=     4096 frontier=     4096 next=     2914 consolidate=  1.434ms frontier=  0.295ms semisort=  0.911ms (keyed= 0.000ms group_by=  0.284ms per_group= 0.260ms)
[pe] round=  6 work=     2914 frontier=     2914 next=     2048 consolidate=  0.983ms frontier=  0.252ms semisort=  0.630ms (keyed= 0.000ms group_by=  0.194ms per_group= 0.167ms)
[pe] round=  7 work=     2048 frontier=     2048 next=     1024 consolidate=  0.691ms frontier=  0.185ms semisort=  0.481ms (keyed= 0.000ms group_by=  0.163ms per_group= 0.101ms)
[pe] round=  8 work=     1024 frontier=     1024 next=      512 consolidate=  0.361ms frontier=  0.114ms semisort=  0.246ms (keyed= 0.000ms group_by=  0.081ms per_group= 0.060ms)
[pe] round=  9 work=      512 frontier=      512 next=      256 consolidate=  0.219ms frontier=  0.073ms semisort=  0.171ms (keyed= 0.000ms group_by=  0.051ms per_group= 0.040ms)
[pe] round= 10 work=      256 frontier=      256 next=      128 consolidate=  0.105ms frontier=  0.039ms semisort=  0.087ms (keyed= 0.000ms group_by=  0.025ms per_group= 0.027ms)
[pe] round= 11 work=      128 frontier=      128 next=       64 consolidate=  0.083ms frontier=  0.015ms semisort=  0.038ms (keyed= 0.000ms group_by=  0.013ms per_group= 0.009ms)
[pe] round= 12 work=       64 frontier=       64 next=       32 consolidate=  0.029ms frontier=  0.014ms semisort=  0.029ms (keyed= 0.000ms group_by=  0.008ms per_group= 0.008ms)
[pe] round= 13 work=       32 frontier=       32 next=       16 consolidate=  0.031ms frontier=  0.004ms semisort=  0.014ms (keyed= 0.000ms group_by=  0.005ms per_group= 0.004ms)
[pe] round= 14 work=       16 frontier=       16 next=        8 consolidate=  0.013ms frontier=  0.002ms semisort=  0.009ms (keyed= 0.000ms group_by=  0.004ms per_group= 0.002ms)
[pe] round= 15 work=        8 frontier=        8 next=        4 consolidate=  0.006ms frontier=  0.002ms semisort=  0.006ms (keyed= 0.000ms group_by=  0.003ms per_group= 0.001ms)
[pe] round= 16 work=        4 frontier=        4 next=        2 consolidate=  0.004ms frontier=  0.001ms semisort=  0.005ms (keyed= 0.000ms group_by=  0.003ms per_group= 0.001ms)
[pe] round= 17 work=        2 frontier=        0 next=        0 consolidate=  0.003ms frontier=  0.001ms semisort=  0.000ms (break)
[pe] round=  0 work=      370 frontier=   136900 next=    68450 consolidate=  0.194ms frontier=  0.134ms semisort= 13.710ms (keyed= 0.000ms group_by=  4.072ms per_group= 3.824ms)
[pe] round=  1 work=    68450 frontier=    68450 next=    32768 consolidate= 16.589ms frontier=  3.620ms semisort= 10.237ms (keyed= 0.000ms group_by=  3.960ms per_group= 1.974ms)
[pe] round=  2 work=    32768 frontier=    32768 next=    16384 consolidate=  8.015ms frontier=  1.917ms semisort=  4.948ms (keyed= 0.000ms group_by=  1.967ms per_group= 1.090ms)
[pe] round=  3 work=    16384 frontier=    16384 next=     8192 consolidate=  5.286ms frontier=  0.948ms semisort=  2.727ms (keyed= 0.000ms group_by=  1.007ms per_group= 0.609ms)
[pe] round=  4 work=     8192 frontier=     8192 next=     4096 consolidate=  2.780ms frontier=  0.577ms semisort=  1.549ms (keyed= 0.000ms group_by=  0.517ms per_group= 0.370ms)
[pe] round=  5 work=     4096 frontier=     4096 next=     2914 consolidate=  1.269ms frontier=  0.323ms semisort=  0.851ms (keyed= 0.000ms group_by=  0.284ms per_group= 0.242ms)
[pe] round=  6 work=     2914 frontier=     2914 next=     2048 consolidate=  0.960ms frontier=  0.262ms semisort=  0.658ms (keyed= 0.000ms group_by=  0.216ms per_group= 0.167ms)
[pe] round=  7 work=     2048 frontier=     2048 next=     1024 consolidate=  0.618ms frontier=  0.171ms semisort=  0.462ms (keyed= 0.000ms group_by=  0.156ms per_group= 0.102ms)
[pe] round=  8 work=     1024 frontier=     1024 next=      512 consolidate=  0.329ms frontier=  0.164ms semisort=  0.262ms (keyed= 0.000ms group_by=  0.080ms per_group= 0.060ms)
[pe] round=  9 work=      512 frontier=      512 next=      256 consolidate=  0.186ms frontier=  0.074ms semisort=  0.173ms (keyed= 0.000ms group_by=  0.047ms per_group= 0.043ms)
[pe] round= 10 work=      256 frontier=      256 next=      128 consolidate=  0.099ms frontier=  0.035ms semisort=  0.088ms (keyed= 0.000ms group_by=  0.029ms per_group= 0.023ms)
[pe] round= 11 work=      128 frontier=      128 next=       64 consolidate=  0.077ms frontier=  0.015ms semisort=  0.037ms (keyed= 0.000ms group_by=  0.013ms per_group= 0.010ms)
[pe] round= 12 work=       64 frontier=       64 next=       32 consolidate=  0.027ms frontier=  0.012ms semisort=  0.028ms (keyed= 0.000ms group_by=  0.008ms per_group= 0.008ms)
[pe] round= 13 work=       32 frontier=       32 next=       16 consolidate=  0.023ms frontier=  0.004ms semisort=  0.014ms (keyed= 0.000ms group_by=  0.005ms per_group= 0.004ms)
[pe] round= 14 work=       16 frontier=       16 next=        8 consolidate=  0.011ms frontier=  0.002ms semisort=  0.008ms (keyed= 0.000ms group_by=  0.004ms per_group= 0.002ms)
[pe] round= 15 work=        8 frontier=        8 next=        4 consolidate=  0.005ms frontier=  0.001ms semisort=  0.006ms (keyed= 0.000ms group_by=  0.003ms per_group= 0.001ms)
[pe] round= 16 work=        4 frontier=        4 next=        2 consolidate=  0.004ms frontier=  0.001ms semisort=  0.005ms (keyed= 0.000ms group_by=  0.003ms per_group= 0.001ms)
[pe] round= 17 work=        2 frontier=        0 next=        0 consolidate=  0.002ms frontier=  0.001ms semisort=  0.000ms (break)
[pe] round=  0 work=      370 frontier=   136900 next=    68450 consolidate=  0.190ms frontier=  0.131ms semisort= 14.061ms (keyed= 0.000ms group_by=  3.962ms per_group= 4.071ms)
[pe] round=  1 work=    68450 frontier=    68450 next=    32768 consolidate= 18.286ms frontier=  3.748ms semisort= 10.092ms (keyed= 0.000ms group_by=  3.998ms per_group= 1.913ms)
[pe] round=  2 work=    32768 frontier=    32768 next=    16384 consolidate=  8.398ms frontier=  1.917ms semisort=  4.915ms (keyed= 0.000ms group_by=  1.966ms per_group= 1.055ms)
[pe] round=  3 work=    16384 frontier=    16384 next=     8192 consolidate=  5.652ms frontier=  1.045ms semisort=  2.669ms (keyed= 0.000ms group_by=  0.965ms per_group= 0.615ms)
[pe] round=  4 work=     8192 frontier=     8192 next=     4096 consolidate=  2.667ms frontier=  0.601ms semisort=  1.514ms (keyed= 0.000ms group_by=  0.510ms per_group= 0.369ms)
[pe] round=  5 work=     4096 frontier=     4096 next=     2914 consolidate=  1.345ms frontier=  0.335ms semisort=  0.887ms (keyed= 0.000ms group_by=  0.295ms per_group= 0.259ms)
[pe] round=  6 work=     2914 frontier=     2914 next=     2048 consolidate=  0.955ms frontier=  0.241ms semisort=  0.658ms (keyed= 0.000ms group_by=  0.192ms per_group= 0.177ms)
[pe] round=  7 work=     2048 frontier=     2048 next=     1024 consolidate=  0.638ms frontier=  0.225ms semisort=  0.470ms (keyed= 0.000ms group_by=  0.159ms per_group= 0.096ms)
[pe] round=  8 work=     1024 frontier=     1024 next=      512 consolidate=  0.332ms frontier=  0.119ms semisort=  0.255ms (keyed= 0.000ms group_by=  0.081ms per_group= 0.060ms)
[pe] round=  9 work=      512 frontier=      512 next=      256 consolidate=  0.204ms frontier=  0.078ms semisort=  0.170ms (keyed= 0.000ms group_by=  0.051ms per_group= 0.044ms)
[pe] round= 10 work=      256 frontier=      256 next=      128 consolidate=  0.103ms frontier=  0.034ms semisort=  0.086ms (keyed= 0.000ms group_by=  0.028ms per_group= 0.020ms)
[pe] round= 11 work=      128 frontier=      128 next=       64 consolidate=  0.070ms frontier=  0.020ms semisort=  0.054ms (keyed= 0.000ms group_by=  0.014ms per_group= 0.018ms)
[pe] round= 12 work=       64 frontier=       64 next=       32 consolidate=  0.043ms frontier=  0.010ms semisort=  0.021ms (keyed= 0.000ms group_by=  0.008ms per_group= 0.006ms)
[pe] round= 13 work=       32 frontier=       32 next=       16 consolidate=  0.025ms frontier=  0.003ms semisort=  0.013ms (keyed= 0.000ms group_by=  0.005ms per_group= 0.003ms)
[pe] round= 14 work=       16 frontier=       16 next=        8 consolidate=  0.012ms frontier=  0.002ms semisort=  0.008ms (keyed= 0.000ms group_by=  0.004ms per_group= 0.002ms)
[pe] round= 15 work=        8 frontier=        8 next=        4 consolidate=  0.006ms frontier=  0.002ms semisort=  0.006ms (keyed= 0.000ms group_by=  0.003ms per_group= 0.001ms)
[pe] round= 16 work=        4 frontier=        4 next=        2 consolidate=  0.004ms frontier=  0.001ms semisort=  0.005ms (keyed= 0.000ms group_by=  0.003ms per_group= 0.001ms)
[pe] round= 17 work=        2 frontier=        0 next=        0 consolidate=  0.002ms frontier=  0.001ms semisort=  0.000ms (break)
