[synthetic_bench] grid n=170 d=2 classes=115938 merges=170 ...
[pe] round=  0 work=      340 frontier=   115600 next=    57800 consolidate=  0.799ms frontier=  0.184ms semisort= 12.318ms (keyed= 0.000ms group_by=  6.862ms per_group= 1.891ms)
[pe] round=  1 work=    57800 frontier=    57800 next=    25032 consolidate=  6.886ms frontier=  1.652ms semisort=  6.068ms (keyed= 0.000ms group_by=  2.991ms per_group= 0.925ms)
[pe] round=  2 work=    25032 frontier=    25032 next=    16384 consolidate=  3.376ms frontier=  0.881ms semisort=  2.932ms (keyed= 0.000ms group_by=  1.402ms per_group= 0.556ms)
[pe] round=  3 work=    16384 frontier=    16384 next=     8192 consolidate=  3.348ms frontier=  0.650ms semisort=  2.006ms (keyed= 0.000ms group_by=  0.982ms per_group= 0.324ms)
[pe] round=  4 work=     8192 frontier=     8192 next=     4096 consolidate=  1.695ms frontier=  0.444ms semisort=  1.188ms (keyed= 0.000ms group_by=  0.499ms per_group= 0.210ms)
[pe] round=  5 work=     4096 frontier=     4096 next=     2048 consolidate=  0.968ms frontier=  0.286ms semisort=  0.770ms (keyed= 0.000ms group_by=  0.353ms per_group= 0.130ms)
[pe] round=  6 work=     2048 frontier=     2048 next=     1024 consolidate=  0.462ms frontier=  0.148ms semisort=  0.518ms (keyed= 0.000ms group_by=  0.289ms per_group= 0.073ms)
[pe] round=  7 work=     1024 frontier=     1024 next=      512 consolidate=  0.274ms frontier=  0.112ms semisort=  0.222ms (keyed= 0.000ms group_by=  0.086ms per_group= 0.042ms)
[pe] round=  8 work=      512 frontier=      512 next=      256 consolidate=  0.168ms frontier=  0.061ms semisort=  0.142ms (keyed= 0.000ms group_by=  0.042ms per_group= 0.043ms)
[pe] round=  9 work=      256 frontier=      256 next=      128 consolidate=  0.091ms frontier=  0.033ms semisort=  0.087ms (keyed= 0.000ms group_by=  0.025ms per_group= 0.021ms)
[pe] round= 10 work=      128 frontier=      128 next=       64 consolidate=  0.058ms frontier=  0.020ms semisort=  0.052ms (keyed= 0.000ms group_by=  0.014ms per_group= 0.015ms)
[pe] round= 11 work=       64 frontier=       64 next=       32 consolidate=  0.041ms frontier=  0.012ms semisort=  0.035ms (keyed= 0.000ms group_by=  0.008ms per_group= 0.011ms)
[pe] round= 12 work=       32 frontier=       32 next=       16 consolidate=  0.024ms frontier=  0.006ms semisort=  0.020ms (keyed= 0.000ms group_by=  0.006ms per_group= 0.005ms)
[pe] round= 13 work=       16 frontier=       16 next=        8 consolidate=  0.013ms frontier=  0.004ms semisort=  0.010ms (keyed= 0.000ms group_by=  0.004ms per_group= 0.003ms)
[pe] round= 14 work=        8 frontier=        8 next=        4 consolidate=  0.007ms frontier=  0.002ms semisort=  0.007ms (keyed= 0.000ms group_by=  0.003ms per_group= 0.001ms)
[pe] round= 15 work=        4 frontier=        4 next=        2 consolidate=  0.003ms frontier=  0.001ms semisort=  0.005ms (keyed= 0.000ms group_by=  0.003ms per_group= 0.001ms)
[pe] round= 16 work=        2 frontier=        0 next=        0 consolidate=  0.002ms frontier=  0.001ms semisort=  0.000ms (break)
[pe] round=  0 work=      340 frontier=   115600 next=    57800 consolidate=  0.115ms frontier=  0.113ms semisort= 11.313ms (keyed= 0.000ms group_by=  6.519ms per_group= 1.685ms)
[pe] round=  1 work=    57800 frontier=    57800 next=    25032 consolidate=  7.281ms frontier=  1.891ms semisort=  6.125ms (keyed= 0.000ms group_by=  2.990ms per_group= 0.839ms)
[pe] round=  2 work=    25032 frontier=    25032 next=    16384 consolidate=  3.640ms frontier=  0.882ms semisort=  2.995ms (keyed= 0.000ms group_by=  1.458ms per_group= 0.549ms)
[pe] round=  3 work=    16384 frontier=    16384 next=     8192 consolidate=  3.432ms frontier=  0.628ms semisort=  1.897ms (keyed= 0.000ms group_by=  0.919ms per_group= 0.314ms)
[pe] round=  4 work=     8192 frontier=     8192 next=     4096 consolidate=  1.715ms frontier=  0.482ms semisort=  1.136ms (keyed= 0.000ms group_by=  0.469ms per_group= 0.204ms)
[pe] round=  5 work=     4096 frontier=     4096 next=     2048 consolidate=  0.989ms frontier=  0.282ms semisort=  0.739ms (keyed= 0.000ms group_by=  0.354ms per_group= 0.117ms)
[pe] round=  6 work=     2048 frontier=     2048 next=     1024 consolidate=  0.523ms frontier=  0.142ms semisort=  0.375ms (keyed= 0.000ms group_by=  0.137ms per_group= 0.079ms)
[pe] round=  7 work=     1024 frontier=     1024 next=      512 consolidate=  0.256ms frontier=  0.102ms semisort=  0.223ms (keyed= 0.000ms group_by=  0.084ms per_group= 0.047ms)
[pe] round=  8 work=      512 frontier=      512 next=      256 consolidate=  0.131ms frontier=  0.054ms semisort=  0.142ms (keyed= 0.000ms group_by=  0.051ms per_group= 0.043ms)
[pe] round=  9 work=      256 frontier=      256 next=      128 consolidate=  0.090ms frontier=  0.028ms semisort=  0.080ms (keyed= 0.000ms group_by=  0.026ms per_group= 0.022ms)
[pe] round= 10 work=      128 frontier=      128 next=       64 consolidate=  0.055ms frontier=  0.022ms semisort=  0.054ms (keyed= 0.000ms group_by=  0.014ms per_group= 0.016ms)
[pe] round= 11 work=       64 frontier=       64 next=       32 consolidate=  0.039ms frontier=  0.013ms semisort=  0.034ms (keyed= 0.000ms group_by=  0.008ms per_group= 0.011ms)
[pe] round= 12 work=       32 frontier=       32 next=       16 consolidate=  0.022ms frontier=  0.006ms semisort=  0.015ms (keyed= 0.000ms group_by=  0.005ms per_group= 0.004ms)
[pe] round= 13 work=       16 frontier=       16 next=        8 consolidate=  0.013ms frontier=  0.004ms semisort=  0.010ms (keyed= 0.000ms group_by=  0.004ms per_group= 0.002ms)
[pe] round= 14 work=        8 frontier=        8 next=        4 consolidate=  0.009ms frontier=  0.002ms semisort=  0.007ms (keyed= 0.000ms group_by=  0.003ms per_group= 0.001ms)
[pe] round= 15 work=        4 frontier=        4 next=        2 consolidate=  0.004ms frontier=  0.001ms semisort=  0.006ms (keyed= 0.000ms group_by=  0.003ms per_group= 0.001ms)
[pe] round= 16 work=        2 frontier=        0 next=        0 consolidate=  0.002ms frontier=  0.001ms semisort=  0.000ms (break)
[pe] round=  0 work=      340 frontier=   115600 next=    57800 consolidate=  0.121ms frontier=  0.083ms semisort= 10.580ms (keyed= 0.000ms group_by=  6.066ms per_group= 1.684ms)
[pe] round=  1 work=    57800 frontier=    57800 next=    25032 consolidate=  7.037ms frontier=  1.800ms semisort=  5.992ms (keyed= 0.000ms group_by=  2.972ms per_group= 0.839ms)
[pe] round=  2 work=    25032 frontier=    25032 next=    16384 consolidate=  3.533ms frontier=  0.889ms semisort=  2.974ms (keyed= 0.000ms group_by=  1.435ms per_group= 0.555ms)
[pe] round=  3 work=    16384 frontier=    16384 next=     8192 consolidate=  3.492ms frontier=  0.643ms semisort=  1.892ms (keyed= 0.000ms group_by=  0.896ms per_group= 0.339ms)
[pe] round=  4 work=     8192 frontier=     8192 next=     4096 consolidate=  1.667ms frontier=  0.476ms semisort=  1.349ms (keyed= 0.000ms group_by=  0.671ms per_group= 0.207ms)
[pe] round=  5 work=     4096 frontier=     4096 next=     2048 consolidate=  0.874ms frontier=  0.231ms semisort=  0.641ms (keyed= 0.000ms group_by=  0.236ms per_group= 0.122ms)
[pe] round=  6 work=     2048 frontier=     2048 next=     1024 consolidate=  0.454ms frontier=  0.153ms semisort=  0.378ms (keyed= 0.000ms group_by=  0.147ms per_group= 0.078ms)
[pe] round=  7 work=     1024 frontier=     1024 next=      512 consolidate=  0.256ms frontier=  0.112ms semisort=  0.231ms (keyed= 0.000ms group_by=  0.085ms per_group= 0.047ms)
[pe] round=  8 work=      512 frontier=      512 next=      256 consolidate=  0.179ms frontier=  0.065ms semisort=  0.137ms (keyed= 0.000ms group_by=  0.041ms per_group= 0.044ms)
[pe] round=  9 work=      256 frontier=      256 next=      128 consolidate=  0.084ms frontier=  0.034ms semisort=  0.086ms (keyed= 0.000ms group_by=  0.025ms per_group= 0.020ms)
[pe] round= 10 work=      128 frontier=      128 next=       64 consolidate=  0.063ms frontier=  0.020ms semisort=  0.053ms (keyed= 0.000ms group_by=  0.014ms per_group= 0.014ms)
[pe] round= 11 work=       64 frontier=       64 next=       32 consolidate=  0.029ms frontier=  0.013ms semisort=  0.033ms (keyed= 0.000ms group_by=  0.009ms per_group= 0.010ms)
[pe] round= 12 work=       32 frontier=       32 next=       16 consolidate=  0.024ms frontier=  0.006ms semisort=  0.014ms (keyed= 0.000ms group_by=  0.005ms per_group= 0.003ms)
[pe] round= 13 work=       16 frontier=       16 next=        8 consolidate=  0.012ms frontier=  0.003ms semisort=  0.011ms (keyed= 0.000ms group_by=  0.004ms per_group= 0.003ms)
[pe] round= 14 work=        8 frontier=        8 next=        4 consolidate=  0.007ms frontier=  0.002ms semisort=  0.006ms (keyed= 0.000ms group_by=  0.003ms per_group= 0.001ms)
[pe] round= 15 work=        4 frontier=        4 next=        2 consolidate=  0.009ms frontier=  0.001ms semisort=  0.004ms (keyed= 0.000ms group_by=  0.003ms per_group= 0.001ms)
[pe] round= 16 work=        2 frontier=        0 next=        0 consolidate=  0.002ms frontier=  0.001ms semisort=  0.000ms (break)
[pe] round=  0 work=      340 frontier=   115600 next=    57800 consolidate=  0.107ms frontier=  0.088ms semisort= 11.259ms (keyed= 0.000ms group_by=  6.586ms per_group= 1.673ms)
[pe] round=  1 work=    57800 frontier=    57800 next=    25032 consolidate=  7.460ms frontier=  1.798ms semisort=  6.113ms (keyed= 0.000ms group_by=  3.085ms per_group= 0.857ms)
[pe] round=  2 work=    25032 frontier=    25032 next=    16384 consolidate=  3.463ms frontier=  0.939ms semisort=  2.983ms (keyed= 0.000ms group_by=  1.467ms per_group= 0.549ms)
[pe] round=  3 work=    16384 frontier=    16384 next=     8192 consolidate=  3.509ms frontier=  0.678ms semisort=  1.907ms (keyed= 0.000ms group_by=  0.894ms per_group= 0.334ms)
[pe] round=  4 work=     8192 frontier=     8192 next=     4096 consolidate=  1.589ms frontier=  0.475ms semisort=  1.141ms (keyed= 0.000ms group_by=  0.456ms per_group= 0.204ms)
[pe] round=  5 work=     4096 frontier=     4096 next=     2048 consolidate=  0.828ms frontier=  0.266ms semisort=  0.771ms (keyed= 0.000ms group_by=  0.365ms per_group= 0.123ms)
[pe] round=  6 work=     2048 frontier=     2048 next=     1024 consolidate=  0.512ms frontier=  0.150ms semisort=  0.373ms (keyed= 0.000ms group_by=  0.144ms per_group= 0.073ms)
[pe] round=  7 work=     1024 frontier=     1024 next=      512 consolidate=  0.258ms frontier=  0.121ms semisort=  0.243ms (keyed= 0.000ms group_by=  0.085ms per_group= 0.045ms)
[pe] round=  8 work=      512 frontier=      512 next=      256 consolidate=  0.149ms frontier=  0.062ms semisort=  0.136ms (keyed= 0.000ms group_by=  0.039ms per_group= 0.042ms)
[pe] round=  9 work=      256 frontier=      256 next=      128 consolidate=  0.087ms frontier=  0.035ms semisort=  0.091ms (keyed= 0.000ms group_by=  0.026ms per_group= 0.020ms)
[pe] round= 10 work=      128 frontier=      128 next=       64 consolidate=  0.072ms frontier=  0.020ms semisort=  0.053ms (keyed= 0.000ms group_by=  0.014ms per_group= 0.016ms)
[pe] round= 11 work=       64 frontier=       64 next=       32 consolidate=  0.041ms frontier=  0.009ms semisort=  0.033ms (keyed= 0.000ms group_by=  0.008ms per_group= 0.010ms)
[pe] round= 12 work=       32 frontier=       32 next=       16 consolidate=  0.025ms frontier=  0.005ms semisort=  0.022ms (keyed= 0.000ms group_by=  0.005ms per_group= 0.008ms)
[pe] round= 13 work=       16 frontier=       16 next=        8 consolidate=  0.013ms frontier=  0.004ms semisort=  0.010ms (keyed= 0.000ms group_by=  0.004ms per_group= 0.003ms)
[pe] round= 14 work=        8 frontier=        8 next=        4 consolidate=  0.008ms frontier=  0.002ms semisort=  0.006ms (keyed= 0.000ms group_by=  0.003ms per_group= 0.001ms)
[pe] round= 15 work=        4 frontier=        4 next=        2 consolidate=  0.004ms frontier=  0.001ms semisort=  0.004ms (keyed= 0.000ms group_by=  0.003ms per_group= 0.001ms)
[pe] round= 16 work=        2 frontier=        0 next=        0 consolidate=  0.002ms frontier=  0.001ms semisort=  0.000ms (break)
[pe] round=  0 work=      340 frontier=   115600 next=    57800 consolidate=  0.118ms frontier=  0.115ms semisort= 11.186ms (keyed= 0.000ms group_by=  6.491ms per_group= 1.705ms)
[pe] round=  1 work=    57800 frontier=    57800 next=    25032 consolidate=  7.201ms frontier=  1.834ms semisort=  6.423ms (keyed= 0.000ms group_by=  3.175ms per_group= 1.050ms)
[pe] round=  2 work=    25032 frontier=    25032 next=    16384 consolidate=  3.514ms frontier=  0.937ms semisort=  3.021ms (keyed= 0.000ms group_by=  1.440ms per_group= 0.566ms)
[pe] round=  3 work=    16384 frontier=    16384 next=     8192 consolidate=  3.558ms frontier=  0.652ms semisort=  1.945ms (keyed= 0.000ms group_by=  0.920ms per_group= 0.339ms)
[pe] round=  4 work=     8192 frontier=     8192 next=     4096 consolidate=  1.649ms frontier=  0.501ms semisort=  1.187ms (keyed= 0.000ms group_by=  0.462ms per_group= 0.219ms)
[pe] round=  5 work=     4096 frontier=     4096 next=     2048 consolidate=  0.769ms frontier=  0.228ms semisort=  0.683ms (keyed= 0.000ms group_by=  0.258ms per_group= 0.131ms)
[pe] round=  6 work=     2048 frontier=     2048 next=     1024 consolidate=  0.470ms frontier=  0.145ms semisort=  0.553ms (keyed= 0.000ms group_by=  0.321ms per_group= 0.076ms)
[pe] round=  7 work=     1024 frontier=     1024 next=      512 consolidate=  0.252ms frontier=  0.117ms semisort=  0.229ms (keyed= 0.000ms group_by=  0.083ms per_group= 0.047ms)
[pe] round=  8 work=      512 frontier=      512 next=      256 consolidate=  0.197ms frontier=  0.060ms semisort=  0.144ms (keyed= 0.000ms group_by=  0.038ms per_group= 0.043ms)
[pe] round=  9 work=      256 frontier=      256 next=      128 consolidate=  0.087ms frontier=  0.035ms semisort=  0.079ms (keyed= 0.000ms group_by=  0.025ms per_group= 0.021ms)
[pe] round= 10 work=      128 frontier=      128 next=       64 consolidate=  0.055ms frontier=  0.022ms semisort=  0.056ms (keyed= 0.000ms group_by=  0.014ms per_group= 0.016ms)
[pe] round= 11 work=       64 frontier=       64 next=       32 consolidate=  0.035ms frontier=  0.012ms semisort=  0.038ms (keyed= 0.000ms group_by=  0.009ms per_group= 0.012ms)
[pe] round= 12 work=       32 frontier=       32 next=       16 consolidate=  0.028ms frontier=  0.010ms semisort=  0.025ms (keyed= 0.000ms group_by=  0.007ms per_group= 0.008ms)
[pe] round= 13 work=       16 frontier=       16 next=        8 consolidate=  0.013ms frontier=  0.004ms semisort=  0.011ms (keyed= 0.000ms group_by=  0.004ms per_group= 0.003ms)
[pe] round= 14 work=        8 frontier=        8 next=        4 consolidate=  0.009ms frontier=  0.003ms semisort=  0.006ms (keyed= 0.000ms group_by=  0.003ms per_group= 0.001ms)
[pe] round= 15 work=        4 frontier=        4 next=        2 consolidate=  0.004ms frontier=  0.001ms semisort=  0.004ms (keyed= 0.000ms group_by=  0.003ms per_group= 0.000ms)
[pe] round= 16 work=        2 frontier=        0 next=        0 consolidate=  0.002ms frontier=  0.001ms semisort=  0.000ms (break)
[pe] round=  0 work=      340 frontier=   115600 next=    57800 consolidate=  0.128ms frontier=  0.122ms semisort= 11.527ms (keyed= 0.000ms group_by=  6.670ms per_group= 1.757ms)
[pe] round=  1 work=    57800 frontier=    57800 next=    25032 consolidate=  7.493ms frontier=  1.856ms semisort=  6.083ms (keyed= 0.000ms group_by=  3.094ms per_group= 0.852ms)
[pe] round=  2 work=    25032 frontier=    25032 next=    16384 consolidate=  3.373ms frontier=  0.919ms semisort=  3.017ms (keyed= 0.000ms group_by=  1.481ms per_group= 0.542ms)
[pe] round=  3 work=    16384 frontier=    16384 next=     8192 consolidate=  3.648ms frontier=  0.658ms semisort=  2.042ms (keyed= 0.000ms group_by=  1.058ms per_group= 0.329ms)
[pe] round=  4 work=     8192 frontier=     8192 next=     4096 consolidate=  1.751ms frontier=  0.487ms semisort=  1.149ms (keyed= 0.000ms group_by=  0.455ms per_group= 0.213ms)
[pe] round=  5 work=     4096 frontier=     4096 next=     2048 consolidate=  0.985ms frontier=  0.292ms semisort=  0.699ms (keyed= 0.000ms group_by=  0.283ms per_group= 0.125ms)
[pe] round=  6 work=     2048 frontier=     2048 next=     1024 consolidate=  0.463ms frontier=  0.150ms semisort=  0.673ms (keyed= 0.000ms group_by=  0.445ms per_group= 0.076ms)
[pe] round=  7 work=     1024 frontier=     1024 next=      512 consolidate=  0.245ms frontier=  0.124ms semisort=  0.246ms (keyed= 0.000ms group_by=  0.084ms per_group= 0.047ms)
[pe] round=  8 work=      512 frontier=      512 next=      256 consolidate=  0.132ms frontier=  0.062ms semisort=  0.147ms (keyed= 0.000ms group_by=  0.042ms per_group= 0.042ms)
[pe] round=  9 work=      256 frontier=      256 next=      128 consolidate=  0.085ms frontier=  0.032ms semisort=  0.086ms (keyed= 0.000ms group_by=  0.026ms per_group= 0.022ms)
[pe] round= 10 work=      128 frontier=      128 next=       64 consolidate=  0.069ms frontier=  0.021ms semisort=  0.051ms (keyed= 0.000ms group_by=  0.014ms per_group= 0.015ms)
[pe] round= 11 work=       64 frontier=       64 next=       32 consolidate=  0.039ms frontier=  0.012ms semisort=  0.033ms (keyed= 0.000ms group_by=  0.008ms per_group= 0.010ms)
[pe] round= 12 work=       32 frontier=       32 next=       16 consolidate=  0.020ms frontier=  0.009ms semisort=  0.020ms (keyed= 0.000ms group_by=  0.005ms per_group= 0.005ms)
[pe] round= 13 work=       16 frontier=       16 next=        8 consolidate=  0.011ms frontier=  0.004ms semisort=  0.011ms (keyed= 0.000ms group_by=  0.004ms per_group= 0.003ms)
[pe] round= 14 work=        8 frontier=        8 next=        4 consolidate=  0.007ms frontier=  0.002ms semisort=  0.006ms (keyed= 0.000ms group_by=  0.003ms per_group= 0.001ms)
[pe] round= 15 work=        4 frontier=        4 next=        2 consolidate=  0.004ms frontier=  0.001ms semisort=  0.004ms (keyed= 0.000ms group_by=  0.003ms per_group= 0.000ms)
[pe] round= 16 work=        2 frontier=        0 next=        0 consolidate=  0.002ms frontier=  0.001ms semisort=  0.000ms (break)
