[gates_bench] ./miter-cc-benchmarks/hwmcc12_with_not/6s117-ands-opt.gates ...
  literals=1880426  NOT=831949  gates=2213528  total_classes=4925903  read=0.423s parse=0.236s build=0.473s
[pe] round=  0 work=  4900974 frontier=  2924790 next=     5626 consolidate=1557.286ms frontier=174.254ms semisort=503.735ms (keyed=78.068ms group_by= 12.990ms per_group=176.180ms)
[pe] round=  1 work=     5626 frontier=    34290 next=     7386 consolidate=  5.344ms frontier=  0.231ms semisort=  9.778ms (keyed= 0.097ms group_by=  4.725ms per_group= 2.679ms)
[pe] round=  2 work=     7386 frontier=    27459 next=     3875 consolidate=  6.704ms frontier=  0.302ms semisort=  7.539ms (keyed= 0.118ms group_by=  3.560ms per_group= 1.664ms)
[pe] round=  3 work=     3875 frontier=    13595 next=     2626 consolidate=  3.311ms frontier=  0.149ms semisort=  3.685ms (keyed= 0.027ms group_by=  1.603ms per_group= 1.028ms)
[pe] round=  4 work=     2626 frontier=    14119 next=     1571 consolidate=  2.274ms frontier=  0.087ms semisort=  3.111ms (keyed= 0.028ms group_by=  1.433ms per_group= 0.689ms)
[pe] round=  5 work=     1571 frontier=     8486 next=      883 consolidate=  1.345ms frontier=  0.050ms semisort=  1.821ms (keyed= 0.015ms group_by=  0.774ms per_group= 0.419ms)
[pe] round=  6 work=      883 frontier=     5157 next=      769 consolidate=  0.749ms frontier=  0.027ms semisort=  0.971ms (keyed= 0.009ms group_by=  0.333ms per_group= 0.290ms)
[pe] round=  7 work=      769 frontier=     2762 next=      294 consolidate=  0.628ms frontier=  0.023ms semisort=  0.436ms (keyed= 0.005ms group_by=  0.135ms per_group= 0.113ms)
[pe] round=  8 work=      294 frontier=     1091 next=      178 consolidate=  0.240ms frontier=  0.009ms semisort=  0.169ms (keyed= 0.002ms group_by=  0.047ms per_group= 0.053ms)
[pe] round=  9 work=      178 frontier=     1085 next=      128 consolidate=  0.151ms frontier=  0.007ms semisort=  0.137ms (keyed= 0.001ms group_by=  0.039ms per_group= 0.043ms)
[pe] round= 10 work=      128 frontier=      448 next=       84 consolidate=  0.107ms frontier=  0.005ms semisort=  0.067ms (keyed= 0.001ms group_by=  0.019ms per_group= 0.025ms)
[pe] round= 11 work=       84 frontier=      332 next=       83 consolidate=  0.064ms frontier=  0.003ms semisort=  0.048ms (keyed= 0.001ms group_by=  0.010ms per_group= 0.022ms)
[pe] round= 12 work=       83 frontier=      180 next=       15 consolidate=  0.060ms frontier=  0.003ms semisort=  0.022ms (keyed= 0.000ms group_by=  0.007ms per_group= 0.007ms)
[pe] round= 13 work=       15 frontier=       62 next=       16 consolidate=  0.012ms frontier=  0.001ms semisort=  0.012ms (keyed= 0.000ms group_by=  0.002ms per_group= 0.005ms)
[pe] round= 14 work=       16 frontier=       74 next=       17 consolidate=  0.014ms frontier=  0.001ms semisort=  0.014ms (keyed= 0.000ms group_by=  0.003ms per_group= 0.006ms)
[pe] round= 15 work=       17 frontier=       60 next=       15 consolidate=  0.014ms frontier=  0.001ms semisort=  0.011ms (keyed= 0.000ms group_by=  0.002ms per_group= 0.005ms)
[pe] round= 16 work=       15 frontier=       42 next=       13 consolidate=  0.012ms frontier=  0.001ms semisort=  0.009ms (keyed= 0.000ms group_by=  0.002ms per_group= 0.004ms)
[pe] round= 17 work=       13 frontier=       53 next=       12 consolidate=  0.011ms frontier=  0.001ms semisort=  0.011ms (keyed= 0.000ms group_by=  0.002ms per_group= 0.004ms)
[pe] round= 18 work=       12 frontier=       59 next=       13 consolidate=  0.011ms frontier=  0.001ms semisort=  0.011ms (keyed= 0.000ms group_by=  0.002ms per_group= 0.004ms)
[pe] round= 19 work=       13 frontier=       48 next=       14 consolidate=  0.010ms frontier=  0.001ms semisort=  0.009ms (keyed= 0.000ms group_by=  0.002ms per_group= 0.004ms)
[pe] round= 20 work=       14 frontier=       42 next=       10 consolidate=  0.011ms frontier=  0.001ms semisort=  0.008ms (keyed= 0.000ms group_by=  0.002ms per_group= 0.003ms)
[pe] round= 21 work=       10 frontier=       34 next=       10 consolidate=  0.008ms frontier=  0.001ms semisort=  0.008ms (keyed= 0.000ms group_by=  0.001ms per_group= 0.003ms)
[pe] round= 22 work=       10 frontier=       52 next=        9 consolidate=  0.009ms frontier=  0.001ms semisort=  0.009ms (keyed= 0.000ms group_by=  0.002ms per_group= 0.003ms)
[pe] round= 23 work=        9 frontier=       30 next=        7 consolidate=  0.007ms frontier=  0.001ms semisort=  0.007ms (keyed= 0.000ms group_by=  0.001ms per_group= 0.003ms)
[pe] round= 24 work=        7 frontier=       23 next=        5 consolidate=  0.006ms frontier=  0.001ms semisort=  0.005ms (keyed= 0.000ms group_by=  0.001ms per_group= 0.002ms)
[pe] round= 25 work=        5 frontier=       12 next=        4 consolidate=  0.005ms frontier=  0.001ms semisort=  0.004ms (keyed= 0.000ms group_by=  0.001ms per_group= 0.002ms)
[pe] round= 26 work=        4 frontier=       22 next=        4 consolidate=  0.004ms frontier=  0.001ms semisort=  0.005ms (keyed= 0.000ms group_by=  0.001ms per_group= 0.002ms)
[pe] round= 27 work=        4 frontier=       14 next=        2 consolidate=  0.003ms frontier=  0.001ms semisort=  0.004ms (keyed= 0.000ms group_by=  0.001ms per_group= 0.001ms)
[pe] round= 28 work=        2 frontier=        6 next=        1 consolidate=  0.002ms frontier=  0.001ms semisort=  0.002ms (keyed= 0.000ms group_by=  0.000ms per_group= 0.001ms)
[pe] round= 29 work=        1 frontier=        2 next=        0 consolidate=  0.001ms frontier=  0.001ms semisort=  0.002ms (keyed= 0.000ms group_by=  0.000ms per_group= 0.000ms)
[pe] round=  0 work=  4900974 frontier=  2924790 next=     5626 consolidate=1522.129ms frontier=162.219ms semisort=502.745ms (keyed=77.891ms group_by= 12.494ms per_group=176.401ms)
[pe] round=  1 work=     5626 frontier=    34290 next=     7386 consolidate=  5.414ms frontier=  0.222ms semisort=  9.101ms (keyed= 0.099ms group_by=  4.146ms per_group= 2.601ms)
[pe] round=  2 work=     7386 frontier=    27459 next=     3875 consolidate=  6.776ms frontier=  0.296ms semisort=  7.435ms (keyed= 0.125ms group_by=  3.427ms per_group= 1.715ms)
[pe] round=  3 work=     3875 frontier=    13595 next=     2626 consolidate=  3.338ms frontier=  0.132ms semisort=  3.677ms (keyed= 0.027ms group_by=  1.576ms per_group= 1.045ms)
[pe] round=  4 work=     2626 frontier=    14119 next=     1571 consolidate=  2.263ms frontier=  0.089ms semisort=  3.133ms (keyed= 0.028ms group_by=  1.434ms per_group= 0.707ms)
[pe] round=  5 work=     1571 frontier=     8486 next=      883 consolidate=  1.352ms frontier=  0.052ms semisort=  1.815ms (keyed= 0.016ms group_by=  0.778ms per_group= 0.410ms)
[pe] round=  6 work=      883 frontier=     5157 next=      769 consolidate=  0.748ms frontier=  0.026ms semisort=  0.966ms (keyed= 0.010ms group_by=  0.335ms per_group= 0.286ms)
[pe] round=  7 work=      769 frontier=     2762 next=      294 consolidate=  0.631ms frontier=  0.023ms semisort=  0.426ms (keyed= 0.005ms group_by=  0.128ms per_group= 0.112ms)
[pe] round=  8 work=      294 frontier=     1091 next=      178 consolidate=  0.242ms frontier=  0.009ms semisort=  0.173ms (keyed= 0.002ms group_by=  0.046ms per_group= 0.058ms)
[pe] round=  9 work=      178 frontier=     1085 next=      128 consolidate=  0.157ms frontier=  0.007ms semisort=  0.137ms (keyed= 0.001ms group_by=  0.039ms per_group= 0.043ms)
[pe] round= 10 work=      128 frontier=      448 next=       84 consolidate=  0.102ms frontier=  0.005ms semisort=  0.065ms (keyed= 0.001ms group_by=  0.019ms per_group= 0.024ms)
[pe] round= 11 work=       84 frontier=      332 next=       83 consolidate=  0.064ms frontier=  0.003ms semisort=  0.047ms (keyed= 0.001ms group_by=  0.010ms per_group= 0.022ms)
[pe] round= 12 work=       83 frontier=      180 next=       15 consolidate=  0.060ms frontier=  0.003ms semisort=  0.022ms (keyed= 0.000ms group_by=  0.007ms per_group= 0.007ms)
[pe] round= 13 work=       15 frontier=       62 next=       16 consolidate=  0.012ms frontier=  0.001ms semisort=  0.012ms (keyed= 0.000ms group_by=  0.002ms per_group= 0.005ms)
[pe] round= 14 work=       16 frontier=       74 next=       17 consolidate=  0.014ms frontier=  0.001ms semisort=  0.014ms (keyed= 0.000ms group_by=  0.003ms per_group= 0.006ms)
[pe] round= 15 work=       17 frontier=       60 next=       15 consolidate=  0.015ms frontier=  0.001ms semisort=  0.011ms (keyed= 0.000ms group_by=  0.002ms per_group= 0.005ms)
[pe] round= 16 work=       15 frontier=       42 next=       13 consolidate=  0.012ms frontier=  0.001ms semisort=  0.009ms (keyed= 0.000ms group_by=  0.001ms per_group= 0.004ms)
[pe] round= 17 work=       13 frontier=       53 next=       12 consolidate=  0.010ms frontier=  0.001ms semisort=  0.010ms (keyed= 0.000ms group_by=  0.002ms per_group= 0.004ms)
[pe] round= 18 work=       12 frontier=       59 next=       13 consolidate=  0.010ms frontier=  0.001ms semisort=  0.011ms (keyed= 0.000ms group_by=  0.002ms per_group= 0.004ms)
[pe] round= 19 work=       13 frontier=       48 next=       14 consolidate=  0.011ms frontier=  0.001ms semisort=  0.009ms (keyed= 0.000ms group_by=  0.002ms per_group= 0.004ms)
[pe] round= 20 work=       14 frontier=       42 next=       10 consolidate=  0.011ms frontier=  0.001ms semisort=  0.008ms (keyed= 0.000ms group_by=  0.002ms per_group= 0.003ms)
[pe] round= 21 work=       10 frontier=       34 next=       10 consolidate=  0.008ms frontier=  0.001ms semisort=  0.008ms (keyed= 0.000ms group_by=  0.001ms per_group= 0.003ms)
[pe] round= 22 work=       10 frontier=       52 next=        9 consolidate=  0.008ms frontier=  0.001ms semisort=  0.009ms (keyed= 0.000ms group_by=  0.002ms per_group= 0.003ms)
[pe] round= 23 work=        9 frontier=       30 next=        7 consolidate=  0.007ms frontier=  0.001ms semisort=  0.077ms (keyed= 0.069ms group_by=  0.002ms per_group= 0.003ms)
[pe] round= 24 work=        7 frontier=       23 next=        5 consolidate=  0.007ms frontier=  0.001ms semisort=  0.005ms (keyed= 0.000ms group_by=  0.001ms per_group= 0.002ms)
[pe] round= 25 work=        5 frontier=       12 next=        4 consolidate=  0.004ms frontier=  0.001ms semisort=  0.004ms (keyed= 0.000ms group_by=  0.001ms per_group= 0.002ms)
[pe] round= 26 work=        4 frontier=       22 next=        4 consolidate=  0.004ms frontier=  0.001ms semisort=  0.005ms (keyed= 0.000ms group_by=  0.001ms per_group= 0.002ms)
[pe] round= 27 work=        4 frontier=       14 next=        2 consolidate=  0.003ms frontier=  0.001ms semisort=  0.004ms (keyed= 0.000ms group_by=  0.001ms per_group= 0.001ms)
[pe] round= 28 work=        2 frontier=        6 next=        1 consolidate=  0.002ms frontier=  0.001ms semisort=  0.002ms (keyed= 0.000ms group_by=  0.000ms per_group= 0.001ms)
[pe] round= 29 work=        1 frontier=        2 next=        0 consolidate=  0.001ms frontier=  0.001ms semisort=  0.001ms (keyed= 0.000ms group_by=  0.000ms per_group= 0.000ms)
[pe] round=  0 work=  4900974 frontier=  2924790 next=     5626 consolidate=1570.899ms frontier=160.833ms semisort=502.468ms (keyed=77.935ms group_by= 12.617ms per_group=176.118ms)
[pe] round=  1 work=     5626 frontier=    34290 next=     7386 consolidate=  5.404ms frontier=  0.217ms semisort=  9.213ms (keyed= 0.097ms group_by=  4.172ms per_group= 2.672ms)
[pe] round=  2 work=     7386 frontier=    27459 next=     3875 consolidate=  6.714ms frontier=  0.297ms semisort=  7.482ms (keyed= 0.073ms group_by=  3.437ms per_group= 1.743ms)
[pe] round=  3 work=     3875 frontier=    13595 next=     2626 consolidate=  3.344ms frontier=  0.137ms semisort=  3.639ms (keyed= 0.027ms group_by=  1.540ms per_group= 1.056ms)
[pe] round=  4 work=     2626 frontier=    14119 next=     1571 consolidate=  2.277ms frontier=  0.085ms semisort=  3.135ms (keyed= 0.028ms group_by=  1.425ms per_group= 0.729ms)
[pe] round=  5 work=     1571 frontier=     8486 next=      883 consolidate=  1.359ms frontier=  0.050ms semisort=  1.824ms (keyed= 0.015ms group_by=  0.801ms per_group= 0.395ms)
[pe] round=  6 work=      883 frontier=     5157 next=      769 consolidate=  0.723ms frontier=  0.026ms semisort=  0.973ms (keyed= 0.009ms group_by=  0.332ms per_group= 0.291ms)
[pe] round=  7 work=      769 frontier=     2762 next=      294 consolidate=  0.637ms frontier=  0.022ms semisort=  0.437ms (keyed= 0.005ms group_by=  0.133ms per_group= 0.114ms)
[pe] round=  8 work=      294 frontier=     1091 next=      178 consolidate=  0.241ms frontier=  0.009ms semisort=  0.175ms (keyed= 0.002ms group_by=  0.047ms per_group= 0.058ms)
[pe] round=  9 work=      178 frontier=     1085 next=      128 consolidate=  0.154ms frontier=  0.007ms semisort=  0.137ms (keyed= 0.001ms group_by=  0.039ms per_group= 0.043ms)
[pe] round= 10 work=      128 frontier=      448 next=       84 consolidate=  0.103ms frontier=  0.005ms semisort=  0.065ms (keyed= 0.001ms group_by=  0.019ms per_group= 0.025ms)
[pe] round= 11 work=       84 frontier=      332 next=       83 consolidate=  0.066ms frontier=  0.003ms semisort=  0.048ms (keyed= 0.001ms group_by=  0.010ms per_group= 0.022ms)
[pe] round= 12 work=       83 frontier=      180 next=       15 consolidate=  0.061ms frontier=  0.003ms semisort=  0.022ms (keyed= 0.000ms group_by=  0.007ms per_group= 0.007ms)
[pe] round= 13 work=       15 frontier=       62 next=       16 consolidate=  0.013ms frontier=  0.001ms semisort=  0.012ms (keyed= 0.000ms group_by=  0.002ms per_group= 0.005ms)
[pe] round= 14 work=       16 frontier=       74 next=       17 consolidate=  0.013ms frontier=  0.001ms semisort=  0.014ms (keyed= 0.000ms group_by=  0.003ms per_group= 0.005ms)
[pe] round= 15 work=       17 frontier=       60 next=       15 consolidate=  0.015ms frontier=  0.001ms semisort=  0.011ms (keyed= 0.000ms group_by=  0.002ms per_group= 0.005ms)
[pe] round= 16 work=       15 frontier=       42 next=       13 consolidate=  0.012ms frontier=  0.001ms semisort=  0.009ms (keyed= 0.000ms group_by=  0.002ms per_group= 0.004ms)
[pe] round= 17 work=       13 frontier=       53 next=       12 consolidate=  0.010ms frontier=  0.001ms semisort=  0.011ms (keyed= 0.000ms group_by=  0.002ms per_group= 0.004ms)
[pe] round= 18 work=       12 frontier=       59 next=       13 consolidate=  0.010ms frontier=  0.001ms semisort=  0.011ms (keyed= 0.000ms group_by=  0.002ms per_group= 0.004ms)
[pe] round= 19 work=       13 frontier=       48 next=       14 consolidate=  0.010ms frontier=  0.001ms semisort=  0.010ms (keyed= 0.000ms group_by=  0.002ms per_group= 0.004ms)
[pe] round= 20 work=       14 frontier=       42 next=       10 consolidate=  0.011ms frontier=  0.001ms semisort=  0.008ms (keyed= 0.000ms group_by=  0.002ms per_group= 0.004ms)
[pe] round= 21 work=       10 frontier=       34 next=       10 consolidate=  0.008ms frontier=  0.001ms semisort=  0.008ms (keyed= 0.000ms group_by=  0.001ms per_group= 0.003ms)
[pe] round= 22 work=       10 frontier=       52 next=        9 consolidate=  0.009ms frontier=  0.001ms semisort=  0.009ms (keyed= 0.000ms group_by=  0.002ms per_group= 0.003ms)
[pe] round= 23 work=        9 frontier=       30 next=        7 consolidate=  0.007ms frontier=  0.001ms semisort=  0.012ms (keyed= 0.000ms group_by=  0.001ms per_group= 0.007ms)
[pe] round= 24 work=        7 frontier=       23 next=        5 consolidate=  0.007ms frontier=  0.001ms semisort=  0.011ms (keyed= 0.000ms group_by=  0.001ms per_group= 0.007ms)
[pe] round= 25 work=        5 frontier=       12 next=        4 consolidate=  0.005ms frontier=  0.001ms semisort=  0.004ms (keyed= 0.000ms group_by=  0.001ms per_group= 0.002ms)
[pe] round= 26 work=        4 frontier=       22 next=        4 consolidate=  0.004ms frontier=  0.001ms semisort=  0.005ms (keyed= 0.000ms group_by=  0.001ms per_group= 0.002ms)
[pe] round= 27 work=        4 frontier=       14 next=        2 consolidate=  0.004ms frontier=  0.001ms semisort=  0.004ms (keyed= 0.000ms group_by=  0.001ms per_group= 0.001ms)
[pe] round= 28 work=        2 frontier=        6 next=        1 consolidate=  0.002ms frontier=  0.001ms semisort=  0.002ms (keyed= 0.000ms group_by=  0.000ms per_group= 0.001ms)
[pe] round= 29 work=        1 frontier=        2 next=        0 consolidate=  0.001ms frontier=  0.000ms semisort=  0.001ms (keyed= 0.000ms group_by=  0.000ms per_group= 0.000ms)
[pe] round=  0 work=  4900974 frontier=  2924790 next=     5626 consolidate=1591.403ms frontier=161.476ms semisort=505.533ms (keyed=79.309ms group_by= 12.419ms per_group=176.899ms)
[pe] round=  1 work=     5626 frontier=    34290 next=     7386 consolidate=  5.670ms frontier=  0.229ms semisort=  9.392ms (keyed= 0.100ms group_by=  4.174ms per_group= 2.817ms)
[pe] round=  2 work=     7386 frontier=    27459 next=     3875 consolidate=  6.851ms frontier=  0.300ms semisort=  7.574ms (keyed= 0.069ms group_by=  3.459ms per_group= 1.803ms)
[pe] round=  3 work=     3875 frontier=    13595 next=     2626 consolidate=  3.399ms frontier=  0.135ms semisort=  3.696ms (keyed= 0.028ms group_by=  1.539ms per_group= 1.107ms)
[pe] round=  4 work=     2626 frontier=    14119 next=     1571 consolidate=  2.331ms frontier=  0.096ms semisort=  3.112ms (keyed= 0.029ms group_by=  1.425ms per_group= 0.702ms)
[pe] round=  5 work=     1571 frontier=     8486 next=      883 consolidate=  1.375ms frontier=  0.053ms semisort=  1.843ms (keyed= 0.016ms group_by=  0.781ms per_group= 0.435ms)
[pe] round=  6 work=      883 frontier=     5157 next=      769 consolidate=  0.743ms frontier=  0.026ms semisort=  0.979ms (keyed= 0.009ms group_by=  0.323ms per_group= 0.301ms)
[pe] round=  7 work=      769 frontier=     2762 next=      294 consolidate=  0.636ms frontier=  0.022ms semisort=  0.428ms (keyed= 0.005ms group_by=  0.132ms per_group= 0.112ms)
[pe] round=  8 work=      294 frontier=     1091 next=      178 consolidate=  0.251ms frontier=  0.009ms semisort=  0.170ms (keyed= 0.002ms group_by=  0.047ms per_group= 0.054ms)
[pe] round=  9 work=      178 frontier=     1085 next=      128 consolidate=  0.155ms frontier=  0.007ms semisort=  0.137ms (keyed= 0.001ms group_by=  0.039ms per_group= 0.043ms)
[pe] round= 10 work=      128 frontier=      448 next=       84 consolidate=  0.103ms frontier=  0.005ms semisort=  0.066ms (keyed= 0.001ms group_by=  0.019ms per_group= 0.024ms)
[pe] round= 11 work=       84 frontier=      332 next=       83 consolidate=  0.065ms frontier=  0.003ms semisort=  0.048ms (keyed= 0.001ms group_by=  0.010ms per_group= 0.022ms)
[pe] round= 12 work=       83 frontier=      180 next=       15 consolidate=  0.065ms frontier=  0.003ms semisort=  0.023ms (keyed= 0.001ms group_by=  0.007ms per_group= 0.007ms)
[pe] round= 13 work=       15 frontier=       62 next=       16 consolidate=  0.012ms frontier=  0.001ms semisort=  0.012ms (keyed= 0.000ms group_by=  0.002ms per_group= 0.005ms)
[pe] round= 14 work=       16 frontier=       74 next=       17 consolidate=  0.014ms frontier=  0.001ms semisort=  0.014ms (keyed= 0.000ms group_by=  0.003ms per_group= 0.006ms)
[pe] round= 15 work=       17 frontier=       60 next=       15 consolidate=  0.015ms frontier=  0.001ms semisort=  0.011ms (keyed= 0.000ms group_by=  0.002ms per_group= 0.005ms)
[pe] round= 16 work=       15 frontier=       42 next=       13 consolidate=  0.012ms frontier=  0.001ms semisort=  0.009ms (keyed= 0.000ms group_by=  0.002ms per_group= 0.004ms)
[pe] round= 17 work=       13 frontier=       53 next=       12 consolidate=  0.011ms frontier=  0.001ms semisort=  0.011ms (keyed= 0.000ms group_by=  0.002ms per_group= 0.004ms)
[pe] round= 18 work=       12 frontier=       59 next=       13 consolidate=  0.010ms frontier=  0.001ms semisort=  0.011ms (keyed= 0.000ms group_by=  0.002ms per_group= 0.004ms)
[pe] round= 19 work=       13 frontier=       48 next=       14 consolidate=  0.010ms frontier=  0.001ms semisort=  0.009ms (keyed= 0.000ms group_by=  0.002ms per_group= 0.004ms)
[pe] round= 20 work=       14 frontier=       42 next=       10 consolidate=  0.011ms frontier=  0.001ms semisort=  0.008ms (keyed= 0.000ms group_by=  0.002ms per_group= 0.003ms)
[pe] round= 21 work=       10 frontier=       34 next=       10 consolidate=  0.008ms frontier=  0.001ms semisort=  0.008ms (keyed= 0.000ms group_by=  0.001ms per_group= 0.003ms)
[pe] round= 22 work=       10 frontier=       52 next=        9 consolidate=  0.009ms frontier=  0.001ms semisort=  0.009ms (keyed= 0.000ms group_by=  0.002ms per_group= 0.003ms)
[pe] round= 23 work=        9 frontier=       30 next=        7 consolidate=  0.007ms frontier=  0.001ms semisort=  0.007ms (keyed= 0.000ms group_by=  0.001ms per_group= 0.003ms)
[pe] round= 24 work=        7 frontier=       23 next=        5 consolidate=  0.006ms frontier=  0.001ms semisort=  0.006ms (keyed= 0.000ms group_by=  0.001ms per_group= 0.002ms)
[pe] round= 25 work=        5 frontier=       12 next=        4 consolidate=  0.004ms frontier=  0.001ms semisort=  0.004ms (keyed= 0.000ms group_by=  0.001ms per_group= 0.002ms)
[pe] round= 26 work=        4 frontier=       22 next=        4 consolidate=  0.005ms frontier=  0.001ms semisort=  0.005ms (keyed= 0.000ms group_by=  0.001ms per_group= 0.002ms)
[pe] round= 27 work=        4 frontier=       14 next=        2 consolidate=  0.003ms frontier=  0.001ms semisort=  0.004ms (keyed= 0.000ms group_by=  0.001ms per_group= 0.001ms)
[pe] round= 28 work=        2 frontier=        6 next=        1 consolidate=  0.002ms frontier=  0.001ms semisort=  0.002ms (keyed= 0.000ms group_by=  0.000ms per_group= 0.001ms)
[pe] round= 29 work=        1 frontier=        2 next=        0 consolidate=  0.001ms frontier=  0.000ms semisort=  0.001ms (keyed= 0.000ms group_by=  0.000ms per_group= 0.000ms)
[pe] round=  0 work=  4900974 frontier=  2924790 next=     5626 consolidate=1595.031ms frontier=162.211ms semisort=503.288ms (keyed=77.856ms group_by= 12.495ms per_group=176.404ms)
[pe] round=  1 work=     5626 frontier=    34290 next=     7386 consolidate=  5.527ms frontier=  0.230ms semisort=  9.568ms (keyed= 0.112ms group_by=  4.297ms per_group= 2.856ms)
[pe] round=  2 work=     7386 frontier=    27459 next=     3875 consolidate=  6.985ms frontier=  0.304ms semisort=  7.493ms (keyed= 0.072ms group_by=  3.386ms per_group= 1.811ms)
[pe] round=  3 work=     3875 frontier=    13595 next=     2626 consolidate=  3.446ms frontier=  0.135ms semisort=  3.718ms (keyed= 0.027ms group_by=  1.555ms per_group= 1.108ms)
[pe] round=  4 work=     2626 frontier=    14119 next=     1571 consolidate=  2.250ms frontier=  0.087ms semisort=  3.157ms (keyed= 0.028ms group_by=  1.428ms per_group= 0.737ms)
[pe] round=  5 work=     1571 frontier=     8486 next=      883 consolidate=  1.370ms frontier=  0.050ms semisort=  1.883ms (keyed= 0.016ms group_by=  0.808ms per_group= 0.444ms)
[pe] round=  6 work=      883 frontier=     5157 next=      769 consolidate=  0.748ms frontier=  0.026ms semisort=  0.976ms (keyed= 0.009ms group_by=  0.320ms per_group= 0.302ms)
[pe] round=  7 work=      769 frontier=     2762 next=      294 consolidate=  0.645ms frontier=  0.022ms semisort=  0.439ms (keyed= 0.005ms group_by=  0.134ms per_group= 0.117ms)
[pe] round=  8 work=      294 frontier=     1091 next=      178 consolidate=  0.252ms frontier=  0.009ms semisort=  0.172ms (keyed= 0.002ms group_by=  0.047ms per_group= 0.054ms)
[pe] round=  9 work=      178 frontier=     1085 next=      128 consolidate=  0.157ms frontier=  0.007ms semisort=  0.139ms (keyed= 0.001ms group_by=  0.039ms per_group= 0.043ms)
[pe] round= 10 work=      128 frontier=      448 next=       84 consolidate=  0.102ms frontier=  0.005ms semisort=  0.065ms (keyed= 0.001ms group_by=  0.019ms per_group= 0.024ms)
[pe] round= 11 work=       84 frontier=      332 next=       83 consolidate=  0.064ms frontier=  0.003ms semisort=  0.048ms (keyed= 0.001ms group_by=  0.010ms per_group= 0.022ms)
[pe] round= 12 work=       83 frontier=      180 next=       15 consolidate=  0.065ms frontier=  0.003ms semisort=  0.023ms (keyed= 0.001ms group_by=  0.007ms per_group= 0.007ms)
[pe] round= 13 work=       15 frontier=       62 next=       16 consolidate=  0.012ms frontier=  0.001ms semisort=  0.012ms (keyed= 0.000ms group_by=  0.002ms per_group= 0.005ms)
[pe] round= 14 work=       16 frontier=       74 next=       17 consolidate=  0.014ms frontier=  0.001ms semisort=  0.014ms (keyed= 0.000ms group_by=  0.003ms per_group= 0.006ms)
[pe] round= 15 work=       17 frontier=       60 next=       15 consolidate=  0.015ms frontier=  0.001ms semisort=  0.011ms (keyed= 0.000ms group_by=  0.002ms per_group= 0.005ms)
[pe] round= 16 work=       15 frontier=       42 next=       13 consolidate=  0.014ms frontier=  0.001ms semisort=  0.009ms (keyed= 0.000ms group_by=  0.002ms per_group= 0.004ms)
[pe] round= 17 work=       13 frontier=       53 next=       12 consolidate=  0.011ms frontier=  0.001ms semisort=  0.011ms (keyed= 0.000ms group_by=  0.002ms per_group= 0.004ms)
[pe] round= 18 work=       12 frontier=       59 next=       13 consolidate=  0.010ms frontier=  0.001ms semisort=  0.011ms (keyed= 0.000ms group_by=  0.002ms per_group= 0.004ms)
[pe] round= 19 work=       13 frontier=       48 next=       14 consolidate=  0.010ms frontier=  0.001ms semisort=  0.009ms (keyed= 0.000ms group_by=  0.002ms per_group= 0.004ms)
[pe] round= 20 work=       14 frontier=       42 next=       10 consolidate=  0.011ms frontier=  0.001ms semisort=  0.008ms (keyed= 0.000ms group_by=  0.002ms per_group= 0.004ms)
[pe] round= 21 work=       10 frontier=       34 next=       10 consolidate=  0.008ms frontier=  0.001ms semisort=  0.008ms (keyed= 0.000ms group_by=  0.001ms per_group= 0.003ms)
[pe] round= 22 work=       10 frontier=       52 next=        9 consolidate=  0.010ms frontier=  0.001ms semisort=  0.009ms (keyed= 0.000ms group_by=  0.002ms per_group= 0.003ms)
[pe] round= 23 work=        9 frontier=       30 next=        7 consolidate=  0.007ms frontier=  0.001ms semisort=  0.007ms (keyed= 0.000ms group_by=  0.001ms per_group= 0.003ms)
[pe] round= 24 work=        7 frontier=       23 next=        5 consolidate=  0.006ms frontier=  0.001ms semisort=  0.005ms (keyed= 0.000ms group_by=  0.001ms per_group= 0.002ms)
[pe] round= 25 work=        5 frontier=       12 next=        4 consolidate=  0.005ms frontier=  0.001ms semisort=  0.004ms (keyed= 0.000ms group_by=  0.001ms per_group= 0.002ms)
[pe] round= 26 work=        4 frontier=       22 next=        4 consolidate=  0.004ms frontier=  0.001ms semisort=  0.005ms (keyed= 0.000ms group_by=  0.001ms per_group= 0.002ms)
[pe] round= 27 work=        4 frontier=       14 next=        2 consolidate=  0.004ms frontier=  0.001ms semisort=  0.004ms (keyed= 0.000ms group_by=  0.001ms per_group= 0.001ms)
[pe] round= 28 work=        2 frontier=        6 next=        1 consolidate=  0.002ms frontier=  0.001ms semisort=  0.002ms (keyed= 0.000ms group_by=  0.000ms per_group= 0.001ms)
[pe] round= 29 work=        1 frontier=        2 next=        0 consolidate=  0.001ms frontier=  0.000ms semisort=  0.001ms (keyed= 0.000ms group_by=  0.000ms per_group= 0.000ms)
[pe] round=  0 work=  4900974 frontier=  2924790 next=     5626 consolidate=1597.957ms frontier=161.938ms semisort=503.663ms (keyed=77.731ms group_by= 12.509ms per_group=176.840ms)
[pe] round=  1 work=     5626 frontier=    34290 next=     7386 consolidate=  5.538ms frontier=  0.226ms semisort=  9.631ms (keyed= 0.103ms group_by=  4.317ms per_group= 2.878ms)
[pe] round=  2 work=     7386 frontier=    27459 next=     3875 consolidate=  7.307ms frontier=  0.311ms semisort=  7.544ms (keyed= 0.070ms group_by=  3.388ms per_group= 1.825ms)
[pe] round=  3 work=     3875 frontier=    13595 next=     2626 consolidate=  3.408ms frontier=  0.145ms semisort=  3.745ms (keyed= 0.027ms group_by=  1.564ms per_group= 1.111ms)
[pe] round=  4 work=     2626 frontier=    14119 next=     1571 consolidate=  2.290ms frontier=  0.088ms semisort=  3.157ms (keyed= 0.028ms group_by=  1.427ms per_group= 0.749ms)
[pe] round=  5 work=     1571 frontier=     8486 next=      883 consolidate=  1.370ms frontier=  0.051ms semisort=  1.861ms (keyed= 0.016ms group_by=  0.805ms per_group= 0.432ms)
[pe] round=  6 work=      883 frontier=     5157 next=      769 consolidate=  0.714ms frontier=  0.027ms semisort=  0.984ms (keyed= 0.015ms group_by=  0.324ms per_group= 0.302ms)
[pe] round=  7 work=      769 frontier=     2762 next=      294 consolidate=  0.640ms frontier=  0.023ms semisort=  0.437ms (keyed= 0.005ms group_by=  0.133ms per_group= 0.114ms)
[pe] round=  8 work=      294 frontier=     1091 next=      178 consolidate=  0.249ms frontier=  0.009ms semisort=  0.172ms (keyed= 0.002ms group_by=  0.048ms per_group= 0.054ms)
[pe] round=  9 work=      178 frontier=     1085 next=      128 consolidate=  0.154ms frontier=  0.007ms semisort=  0.137ms (keyed= 0.001ms group_by=  0.039ms per_group= 0.043ms)
[pe] round= 10 work=      128 frontier=      448 next=       84 consolidate=  0.103ms frontier=  0.005ms semisort=  0.065ms (keyed= 0.001ms group_by=  0.019ms per_group= 0.024ms)
[pe] round= 11 work=       84 frontier=      332 next=       83 consolidate=  0.065ms frontier=  0.003ms semisort=  0.047ms (keyed= 0.001ms group_by=  0.010ms per_group= 0.022ms)
[pe] round= 12 work=       83 frontier=      180 next=       15 consolidate=  0.061ms frontier=  0.003ms semisort=  0.021ms (keyed= 0.000ms group_by=  0.007ms per_group= 0.007ms)
[pe] round= 13 work=       15 frontier=       62 next=       16 consolidate=  0.013ms frontier=  0.001ms semisort=  0.012ms (keyed= 0.000ms group_by=  0.002ms per_group= 0.005ms)
[pe] round= 14 work=       16 frontier=       74 next=       17 consolidate=  0.018ms frontier=  0.002ms semisort=  0.015ms (keyed= 0.000ms group_by=  0.003ms per_group= 0.006ms)
[pe] round= 15 work=       17 frontier=       60 next=       15 consolidate=  0.014ms frontier=  0.001ms semisort=  0.011ms (keyed= 0.000ms group_by=  0.002ms per_group= 0.005ms)
[pe] round= 16 work=       15 frontier=       42 next=       13 consolidate=  0.013ms frontier=  0.001ms semisort=  0.009ms (keyed= 0.000ms group_by=  0.002ms per_group= 0.004ms)
[pe] round= 17 work=       13 frontier=       53 next=       12 consolidate=  0.011ms frontier=  0.001ms semisort=  0.010ms (keyed= 0.000ms group_by=  0.002ms per_group= 0.004ms)
[pe] round= 18 work=       12 frontier=       59 next=       13 consolidate=  0.010ms frontier=  0.001ms semisort=  0.011ms (keyed= 0.000ms group_by=  0.002ms per_group= 0.004ms)
[pe] round= 19 work=       13 frontier=       48 next=       14 consolidate=  0.011ms frontier=  0.001ms semisort=  0.009ms (keyed= 0.000ms group_by=  0.002ms per_group= 0.004ms)
[pe] round= 20 work=       14 frontier=       42 next=       10 consolidate=  0.012ms frontier=  0.001ms semisort=  0.008ms (keyed= 0.000ms group_by=  0.002ms per_group= 0.003ms)
[pe] round= 21 work=       10 frontier=       34 next=       10 consolidate=  0.008ms frontier=  0.001ms semisort=  0.008ms (keyed= 0.000ms group_by=  0.001ms per_group= 0.003ms)
[pe] round= 22 work=       10 frontier=       52 next=        9 consolidate=  0.009ms frontier=  0.001ms semisort=  0.009ms (keyed= 0.000ms group_by=  0.002ms per_group= 0.003ms)
[pe] round= 23 work=        9 frontier=       30 next=        7 consolidate=  0.007ms frontier=  0.001ms semisort=  0.007ms (keyed= 0.000ms group_by=  0.001ms per_group= 0.003ms)
[pe] round= 24 work=        7 frontier=       23 next=        5 consolidate=  0.006ms frontier=  0.001ms semisort=  0.005ms (keyed= 0.000ms group_by=  0.001ms per_group= 0.002ms)
[pe] round= 25 work=        5 frontier=       12 next=        4 consolidate=  0.004ms frontier=  0.001ms semisort=  0.004ms (keyed= 0.000ms group_by=  0.001ms per_group= 0.002ms)
[pe] round= 26 work=        4 frontier=       22 next=        4 consolidate=  0.004ms frontier=  0.001ms semisort=  0.005ms (keyed= 0.000ms group_by=  0.001ms per_group= 0.002ms)
[pe] round= 27 work=        4 frontier=       14 next=        2 consolidate=  0.004ms frontier=  0.001ms semisort=  0.004ms (keyed= 0.000ms group_by=  0.001ms per_group= 0.001ms)
[pe] round= 28 work=        2 frontier=        6 next=        1 consolidate=  0.002ms frontier=  0.001ms semisort=  0.002ms (keyed= 0.000ms group_by=  0.000ms per_group= 0.001ms)
[pe] round= 29 work=        1 frontier=        2 next=        0 consolidate=  0.001ms frontier=  0.001ms semisort=  0.001ms (keyed= 0.000ms group_by=  0.000ms per_group= 0.000ms)
[pe-async] round=  0 R=2 dirty=  2924790 runs=  1811005 filter= 48.336ms semisort=250.825ms
[pe-async] round=  1 R=3 dirty=    34208 runs=    12876 filter= 54.937ms semisort=  4.316ms
[pe-async] round=  2 R=4 dirty=    25466 runs=    16674 filter= 51.747ms semisort=  2.891ms
[pe-async] round=  3 R=5 dirty=    12528 runs=     6135 filter= 48.672ms semisort=  1.567ms
[pe-async] round=  4 R=6 dirty=    13701 runs=     6539 filter= 48.422ms semisort=  1.490ms
[pe-async] round=  5 R=7 dirty=     8146 runs=     5772 filter= 47.925ms semisort=  0.832ms
[pe-async] round=  6 R=8 dirty=     5069 runs=     2381 filter= 47.992ms semisort=  0.539ms
[pe-async] round=  7 R=9 dirty=     2448 runs=     1510 filter= 48.093ms semisort=  0.252ms
[pe-async] round=  8 R=10 dirty=     1076 runs=      756 filter= 47.809ms semisort=  0.130ms
[pe-async] round=  9 R=11 dirty=     1070 runs=      503 filter= 47.921ms semisort=  0.105ms
[pe-async] round= 10 R=12 dirty=      446 runs=      335 filter= 47.706ms semisort=  0.061ms
[pe-async] round= 11 R=13 dirty=      332 runs=       97 filter= 47.963ms semisort=  0.041ms
[pe-async] round= 12 R=14 dirty=      116 runs=       87 filter= 47.572ms semisort=  0.021ms
[pe-async] round= 13 R=15 dirty=       62 runs=       22 filter= 47.432ms semisort=  0.015ms
[pe-async] round= 14 R=16 dirty=       74 runs=       33 filter= 47.708ms semisort=  0.016ms
[pe-async] round= 15 R=17 dirty=       60 runs=       27 filter= 47.424ms semisort=  0.014ms
[pe-async] round= 16 R=18 dirty=       42 runs=       17 filter= 47.686ms semisort=  0.012ms
[pe-async] round= 17 R=19 dirty=       53 runs=       21 filter= 47.587ms semisort=  0.014ms
[pe-async] round= 18 R=20 dirty=       59 runs=       26 filter= 47.594ms semisort=  0.013ms
[pe-async] round= 19 R=21 dirty=       48 runs=       20 filter= 47.546ms semisort=  0.013ms
[pe-async] round= 20 R=22 dirty=       42 runs=       18 filter= 47.706ms semisort=  0.012ms
[pe-async] round= 21 R=23 dirty=       34 runs=       14 filter= 47.454ms semisort=  0.011ms
[pe-async] round= 22 R=24 dirty=       52 runs=       21 filter= 47.790ms semisort=  0.013ms
[pe-async] round= 23 R=25 dirty=       30 runs=       19 filter= 47.419ms semisort=  0.011ms
[pe-async] round= 24 R=26 dirty=       23 runs=        9 filter= 47.613ms semisort=  0.010ms
[pe-async] round= 25 R=27 dirty=       12 runs=        6 filter= 47.556ms semisort=  0.008ms
[pe-async] round= 26 R=28 dirty=       22 runs=        8 filter= 47.757ms semisort=  0.009ms
[pe-async] round= 27 R=29 dirty=       14 runs=       10 filter= 47.463ms semisort=  0.007ms
[pe-async] round= 28 R=30 dirty=        6 runs=        3 filter= 47.661ms semisort=  0.006ms
[pe-async] round= 29 R=31 dirty=        2 runs=        2 filter= 47.752ms semisort=  0.005ms
[pe-async] round= 30 R=32 dirty=        0 filter= 47.512ms (clean break)
[pe-async] round=  0 R=2 dirty=  2924790 runs=  1811005 filter= 46.394ms semisort=251.822ms
[pe-async] round=  1 R=3 dirty=    34208 runs=    12876 filter= 58.529ms semisort=  4.336ms
[pe-async] round=  2 R=4 dirty=    25466 runs=    16674 filter= 53.170ms semisort=  2.847ms
[pe-async] round=  3 R=5 dirty=    12528 runs=     6135 filter= 49.175ms semisort=  1.570ms
[pe-async] round=  4 R=6 dirty=    13701 runs=     6539 filter= 48.342ms semisort=  1.501ms
[pe-async] round=  5 R=7 dirty=     8146 runs=     5772 filter= 47.987ms semisort=  0.822ms
[pe-async] round=  6 R=8 dirty=     5069 runs=     2381 filter= 48.027ms semisort=  0.541ms
[pe-async] round=  7 R=9 dirty=     2448 runs=     1510 filter= 47.794ms semisort=  0.245ms
[pe-async] round=  8 R=10 dirty=     1076 runs=      756 filter= 47.692ms semisort=  0.117ms
[pe-async] round=  9 R=11 dirty=     1070 runs=      503 filter= 47.591ms semisort=  0.116ms
[pe-async] round= 10 R=12 dirty=      446 runs=      335 filter= 47.979ms semisort=  0.066ms
[pe-async] round= 11 R=13 dirty=      332 runs=       97 filter= 47.976ms semisort=  0.040ms
[pe-async] round= 12 R=14 dirty=      116 runs=       87 filter= 47.453ms semisort=  0.022ms
[pe-async] round= 13 R=15 dirty=       62 runs=       22 filter= 47.677ms semisort=  0.016ms
[pe-async] round= 14 R=16 dirty=       74 runs=       33 filter= 47.368ms semisort=  0.016ms
[pe-async] round= 15 R=17 dirty=       60 runs=       27 filter= 47.596ms semisort=  0.015ms
[pe-async] round= 16 R=18 dirty=       42 runs=       17 filter= 47.476ms semisort=  0.012ms
[pe-async] round= 17 R=19 dirty=       53 runs=       21 filter= 47.852ms semisort=  0.014ms
[pe-async] round= 18 R=20 dirty=       59 runs=       26 filter= 47.463ms semisort=  0.013ms
[pe-async] round= 19 R=21 dirty=       48 runs=       20 filter= 47.777ms semisort=  0.013ms
[pe-async] round= 20 R=22 dirty=       42 runs=       18 filter= 47.453ms semisort=  0.012ms
[pe-async] round= 21 R=23 dirty=       34 runs=       14 filter= 47.707ms semisort=  0.011ms
[pe-async] round= 22 R=24 dirty=       52 runs=       21 filter= 47.525ms semisort=  0.012ms
[pe-async] round= 23 R=25 dirty=       30 runs=       19 filter= 47.650ms semisort=  0.011ms
[pe-async] round= 24 R=26 dirty=       23 runs=        9 filter= 47.713ms semisort=  0.010ms
[pe-async] round= 25 R=27 dirty=       12 runs=        6 filter= 47.644ms semisort=  0.007ms
[pe-async] round= 26 R=28 dirty=       22 runs=        8 filter= 47.821ms semisort=  0.009ms
[pe-async] round= 27 R=29 dirty=       14 runs=       10 filter= 47.593ms semisort=  0.007ms
[pe-async] round= 28 R=30 dirty=        6 runs=        3 filter= 47.633ms semisort=  0.007ms
[pe-async] round= 29 R=31 dirty=        2 runs=        2 filter= 47.521ms semisort=  0.006ms
[pe-async] round= 30 R=32 dirty=        0 filter= 47.475ms (clean break)
[pe-async] round=  0 R=2 dirty=  2924790 runs=  1811005 filter= 46.051ms semisort=251.531ms
[pe-async] round=  1 R=3 dirty=    34208 runs=    12876 filter= 58.302ms semisort=  4.353ms
[pe-async] round=  2 R=4 dirty=    25466 runs=    16674 filter= 52.715ms semisort=  2.840ms
[pe-async] round=  3 R=5 dirty=    12528 runs=     6135 filter= 48.883ms semisort=  1.575ms
[pe-async] round=  4 R=6 dirty=    13701 runs=     6539 filter= 47.925ms semisort=  1.535ms
[pe-async] round=  5 R=7 dirty=     8146 runs=     5772 filter= 47.848ms semisort=  0.823ms
[pe-async] round=  6 R=8 dirty=     5069 runs=     2381 filter= 48.196ms semisort=  0.536ms
[pe-async] round=  7 R=9 dirty=     2448 runs=     1510 filter= 47.581ms semisort=  0.237ms
[pe-async] round=  8 R=10 dirty=     1076 runs=      756 filter= 47.586ms semisort=  0.129ms
[pe-async] round=  9 R=11 dirty=     1070 runs=      503 filter= 47.572ms semisort=  0.104ms
[pe-async] round= 10 R=12 dirty=      446 runs=      335 filter= 47.434ms semisort=  0.059ms
[pe-async] round= 11 R=13 dirty=      332 runs=       97 filter= 47.820ms semisort=  0.045ms
[pe-async] round= 12 R=14 dirty=      116 runs=       87 filter= 47.514ms semisort=  0.020ms
[pe-async] round= 13 R=15 dirty=       62 runs=       22 filter= 47.475ms semisort=  0.015ms
[pe-async] round= 14 R=16 dirty=       74 runs=       33 filter= 47.472ms semisort=  0.016ms
[pe-async] round= 15 R=17 dirty=       60 runs=       27 filter= 47.460ms semisort=  0.014ms
[pe-async] round= 16 R=18 dirty=       42 runs=       17 filter= 47.442ms semisort=  0.013ms
[pe-async] round= 17 R=19 dirty=       53 runs=       21 filter= 47.650ms semisort=  0.013ms
[pe-async] round= 18 R=20 dirty=       59 runs=       26 filter= 47.471ms semisort=  0.013ms
[pe-async] round= 19 R=21 dirty=       48 runs=       20 filter= 47.368ms semisort=  0.013ms
[pe-async] round= 20 R=22 dirty=       42 runs=       18 filter= 47.208ms semisort=  0.012ms
[pe-async] round= 21 R=23 dirty=       34 runs=       14 filter= 47.562ms semisort=  0.010ms
[pe-async] round= 22 R=24 dirty=       52 runs=       21 filter= 47.467ms semisort=  0.012ms
[pe-async] round= 23 R=25 dirty=       30 runs=       19 filter= 47.296ms semisort=  0.011ms
[pe-async] round= 24 R=26 dirty=       23 runs=        9 filter= 47.374ms semisort=  0.009ms
[pe-async] round= 25 R=27 dirty=       12 runs=        6 filter= 47.574ms semisort=  0.007ms
[pe-async] round= 26 R=28 dirty=       22 runs=        8 filter= 47.353ms semisort=  0.009ms
[pe-async] round= 27 R=29 dirty=       14 runs=       10 filter= 47.318ms semisort=  0.007ms
[pe-async] round= 28 R=30 dirty=        6 runs=        3 filter= 47.387ms semisort=  0.006ms
[pe-async] round= 29 R=31 dirty=        2 runs=        2 filter= 47.524ms semisort=  0.005ms
[pe-async] round= 30 R=32 dirty=        0 filter= 47.550ms (clean break)
[pe-async] round=  0 R=2 dirty=  2924790 runs=  1811005 filter= 46.186ms semisort=251.697ms
[pe-async] round=  1 R=3 dirty=    34208 runs=    12876 filter= 58.318ms semisort=  4.294ms
[pe-async] round=  2 R=4 dirty=    25466 runs=    16674 filter= 52.680ms semisort=  2.882ms
[pe-async] round=  3 R=5 dirty=    12528 runs=     6135 filter= 48.717ms semisort=  1.572ms
[pe-async] round=  4 R=6 dirty=    13701 runs=     6539 filter= 48.278ms semisort=  1.496ms
[pe-async] round=  5 R=7 dirty=     8146 runs=     5772 filter= 47.748ms semisort=  0.864ms
[pe-async] round=  6 R=8 dirty=     5069 runs=     2381 filter= 48.111ms semisort=  0.534ms
[pe-async] round=  7 R=9 dirty=     2448 runs=     1510 filter= 47.702ms semisort=  0.251ms
[pe-async] round=  8 R=10 dirty=     1076 runs=      756 filter= 47.879ms semisort=  0.118ms
[pe-async] round=  9 R=11 dirty=     1070 runs=      503 filter= 47.919ms semisort=  0.106ms
[pe-async] round= 10 R=12 dirty=      446 runs=      335 filter= 47.750ms semisort=  0.059ms
[pe-async] round= 11 R=13 dirty=      332 runs=       97 filter= 47.589ms semisort=  0.040ms
[pe-async] round= 12 R=14 dirty=      116 runs=       87 filter= 47.516ms semisort=  0.021ms
[pe-async] round= 13 R=15 dirty=       62 runs=       22 filter= 47.924ms semisort=  0.016ms
[pe-async] round= 14 R=16 dirty=       74 runs=       33 filter= 47.492ms semisort=  0.018ms
[pe-async] round= 15 R=17 dirty=       60 runs=       27 filter= 47.299ms semisort=  0.014ms
[pe-async] round= 16 R=18 dirty=       42 runs=       17 filter= 47.732ms semisort=  0.012ms
[pe-async] round= 17 R=19 dirty=       53 runs=       21 filter= 47.415ms semisort=  0.013ms
[pe-async] round= 18 R=20 dirty=       59 runs=       26 filter= 47.748ms semisort=  0.013ms
[pe-async] round= 19 R=21 dirty=       48 runs=       20 filter= 47.447ms semisort=  0.014ms
[pe-async] round= 20 R=22 dirty=       42 runs=       18 filter= 47.652ms semisort=  0.012ms
[pe-async] round= 21 R=23 dirty=       34 runs=       14 filter= 47.462ms semisort=  0.011ms
[pe-async] round= 22 R=24 dirty=       52 runs=       21 filter= 47.740ms semisort=  0.013ms
[pe-async] round= 23 R=25 dirty=       30 runs=       19 filter= 47.238ms semisort=  0.010ms
[pe-async] round= 24 R=26 dirty=       23 runs=        9 filter= 47.557ms semisort=  0.009ms
[pe-async] round= 25 R=27 dirty=       12 runs=        6 filter= 47.775ms semisort=  0.008ms
[pe-async] round= 26 R=28 dirty=       22 runs=        8 filter= 47.760ms semisort=  0.008ms
[pe-async] round= 27 R=29 dirty=       14 runs=       10 filter= 47.479ms semisort=  0.007ms
[pe-async] round= 28 R=30 dirty=        6 runs=        3 filter= 47.452ms semisort=  0.006ms
[pe-async] round= 29 R=31 dirty=        2 runs=        2 filter= 47.356ms semisort=  0.005ms
[pe-async] round= 30 R=32 dirty=        0 filter= 47.375ms (clean break)
[pe-async] round=  0 R=2 dirty=  2924790 runs=  1811005 filter= 46.146ms semisort=251.122ms
[pe-async] round=  1 R=3 dirty=    34208 runs=    12876 filter= 58.216ms semisort=  4.358ms
[pe-async] round=  2 R=4 dirty=    25466 runs=    16674 filter= 52.947ms semisort=  2.871ms
[pe-async] round=  3 R=5 dirty=    12528 runs=     6135 filter= 49.091ms semisort=  1.570ms
[pe-async] round=  4 R=6 dirty=    13701 runs=     6539 filter= 48.168ms semisort=  1.489ms
[pe-async] round=  5 R=7 dirty=     8146 runs=     5772 filter= 47.775ms semisort=  0.864ms
[pe-async] round=  6 R=8 dirty=     5069 runs=     2381 filter= 48.201ms semisort=  0.538ms
[pe-async] round=  7 R=9 dirty=     2448 runs=     1510 filter= 47.615ms semisort=  0.250ms
[pe-async] round=  8 R=10 dirty=     1076 runs=      756 filter= 48.063ms semisort=  0.122ms
[pe-async] round=  9 R=11 dirty=     1070 runs=      503 filter= 47.823ms semisort=  0.107ms
[pe-async] round= 10 R=12 dirty=      446 runs=      335 filter= 47.524ms semisort=  0.059ms
[pe-async] round= 11 R=13 dirty=      332 runs=       97 filter= 47.435ms semisort=  0.047ms
[pe-async] round= 12 R=14 dirty=      116 runs=       87 filter= 47.479ms semisort=  0.021ms
[pe-async] round= 13 R=15 dirty=       62 runs=       22 filter= 47.826ms semisort=  0.016ms
[pe-async] round= 14 R=16 dirty=       74 runs=       33 filter= 47.657ms semisort=  0.016ms
[pe-async] round= 15 R=17 dirty=       60 runs=       27 filter= 47.514ms semisort=  0.014ms
[pe-async] round= 16 R=18 dirty=       42 runs=       17 filter= 47.543ms semisort=  0.012ms
[pe-async] round= 17 R=19 dirty=       53 runs=       21 filter= 47.486ms semisort=  0.014ms
[pe-async] round= 18 R=20 dirty=       59 runs=       26 filter= 47.722ms semisort=  0.014ms
[pe-async] round= 19 R=21 dirty=       48 runs=       20 filter= 47.457ms semisort=  0.013ms
[pe-async] round= 20 R=22 dirty=       42 runs=       18 filter= 47.268ms semisort=  0.012ms
[pe-async] round= 21 R=23 dirty=       34 runs=       14 filter= 47.393ms semisort=  0.011ms
[pe-async] round= 22 R=24 dirty=       52 runs=       21 filter= 47.609ms semisort=  0.013ms
[pe-async] round= 23 R=25 dirty=       30 runs=       19 filter= 47.379ms semisort=  0.010ms
[pe-async] round= 24 R=26 dirty=       23 runs=        9 filter= 47.174ms semisort=  0.010ms
[pe-async] round= 25 R=27 dirty=       12 runs=        6 filter= 47.750ms semisort=  0.008ms
[pe-async] round= 26 R=28 dirty=       22 runs=        8 filter= 47.344ms semisort=  0.008ms
[pe-async] round= 27 R=29 dirty=       14 runs=       10 filter= 47.448ms semisort=  0.007ms
[pe-async] round= 28 R=30 dirty=        6 runs=        3 filter= 47.630ms semisort=  0.006ms
[pe-async] round= 29 R=31 dirty=        2 runs=        2 filter= 47.634ms semisort=  0.006ms
[pe-async] round= 30 R=32 dirty=        0 filter= 47.379ms (clean break)
[pe-async] round=  0 R=2 dirty=  2924790 runs=  1811005 filter= 46.151ms semisort=252.079ms
[pe-async] round=  1 R=3 dirty=    34208 runs=    12876 filter= 58.015ms semisort=  4.323ms
[pe-async] round=  2 R=4 dirty=    25466 runs=    16674 filter= 52.556ms semisort=  2.866ms
[pe-async] round=  3 R=5 dirty=    12528 runs=     6135 filter= 48.886ms semisort=  1.567ms
[pe-async] round=  4 R=6 dirty=    13701 runs=     6539 filter= 48.225ms semisort=  1.487ms
[pe-async] round=  5 R=7 dirty=     8146 runs=     5772 filter= 47.843ms semisort=  0.856ms
[pe-async] round=  6 R=8 dirty=     5069 runs=     2381 filter= 47.896ms semisort=  0.530ms
[pe-async] round=  7 R=9 dirty=     2448 runs=     1510 filter= 47.960ms semisort=  0.241ms
[pe-async] round=  8 R=10 dirty=     1076 runs=      756 filter= 48.003ms semisort=  0.116ms
[pe-async] round=  9 R=11 dirty=     1070 runs=      503 filter= 47.865ms semisort=  0.105ms
[pe-async] round= 10 R=12 dirty=      446 runs=      335 filter= 47.814ms semisort=  0.066ms
[pe-async] round= 11 R=13 dirty=      332 runs=       97 filter= 47.555ms semisort=  0.040ms
[pe-async] round= 12 R=14 dirty=      116 runs=       87 filter= 47.561ms semisort=  0.023ms
[pe-async] round= 13 R=15 dirty=       62 runs=       22 filter= 47.751ms semisort=  0.015ms
[pe-async] round= 14 R=16 dirty=       74 runs=       33 filter= 47.460ms semisort=  0.016ms
[pe-async] round= 15 R=17 dirty=       60 runs=       27 filter= 47.462ms semisort=  0.014ms
[pe-async] round= 16 R=18 dirty=       42 runs=       17 filter= 47.460ms semisort=  0.013ms
[pe-async] round= 17 R=19 dirty=       53 runs=       21 filter= 47.687ms semisort=  0.013ms
[pe-async] round= 18 R=20 dirty=       59 runs=       26 filter= 47.646ms semisort=  0.013ms
[pe-async] round= 19 R=21 dirty=       48 runs=       20 filter= 47.483ms semisort=  0.013ms
[pe-async] round= 20 R=22 dirty=       42 runs=       18 filter= 47.668ms semisort=  0.012ms
[pe-async] round= 21 R=23 dirty=       34 runs=       14 filter= 47.710ms semisort=  0.011ms
[pe-async] round= 22 R=24 dirty=       52 runs=       21 filter= 47.544ms semisort=  0.012ms
[pe-async] round= 23 R=25 dirty=       30 runs=       19 filter= 47.339ms semisort=  0.011ms
[pe-async] round= 24 R=26 dirty=       23 runs=        9 filter= 47.609ms semisort=  0.010ms
[pe-async] round= 25 R=27 dirty=       12 runs=        6 filter= 47.504ms semisort=  0.008ms
[pe-async] round= 26 R=28 dirty=       22 runs=        8 filter= 47.573ms semisort=  0.008ms
[pe-async] round= 27 R=29 dirty=       14 runs=       10 filter= 47.601ms semisort=  0.007ms
[pe-async] round= 28 R=30 dirty=        6 runs=        3 filter= 47.794ms semisort=  0.006ms
[pe-async] round= 29 R=31 dirty=        2 runs=        2 filter= 47.439ms semisort=  0.006ms
[pe-async] round= 30 R=32 dirty=        0 filter= 48.002ms (clean break)
