[gates_bench] ./miter-cc-benchmarks/iwls22_with_not/h5m-n04-xits.gates ...
  literals=707582  NOT=308278  gates=1268358  total_classes=2284218  read=0.162s parse=0.119s build=0.228s
[pe] round=  0 work=  2215146 frontier=  1377845 next=      197 consolidate=615.525ms frontier= 80.866ms semisort=207.531ms (keyed=33.745ms group_by=  5.547ms per_group=65.995ms)
[pe] round=  1 work=      197 frontier=     3246 next=        0 consolidate=  0.165ms frontier=  0.010ms semisort=  0.431ms (keyed= 0.013ms group_by=  0.204ms per_group= 0.059ms)
[pe] round=  0 work=  2215146 frontier=  1377845 next=      197 consolidate=608.212ms frontier= 76.198ms semisort=205.928ms (keyed=33.286ms group_by=  5.446ms per_group=65.984ms)
[pe] round=  1 work=      197 frontier=     3246 next=        0 consolidate=  0.166ms frontier=  0.010ms semisort=  0.446ms (keyed= 0.006ms group_by=  0.235ms per_group= 0.047ms)
[pe] round=  0 work=  2215146 frontier=  1377845 next=      197 consolidate=638.292ms frontier= 75.102ms semisort=205.234ms (keyed=33.405ms group_by=  5.420ms per_group=65.950ms)
[pe] round=  1 work=      197 frontier=     3246 next=        0 consolidate=  0.165ms frontier=  0.010ms semisort=  0.433ms (keyed= 0.006ms group_by=  0.230ms per_group= 0.045ms)
[pe] round=  0 work=  2215146 frontier=  1377845 next=      197 consolidate=643.966ms frontier= 75.248ms semisort=205.558ms (keyed=33.427ms group_by=  5.442ms per_group=66.059ms)
[pe] round=  1 work=      197 frontier=     3246 next=        0 consolidate=  0.170ms frontier=  0.010ms semisort=  0.444ms (keyed= 0.007ms group_by=  0.240ms per_group= 0.045ms)
[pe] round=  0 work=  2215146 frontier=  1377845 next=      197 consolidate=658.767ms frontier= 75.802ms semisort=205.400ms (keyed=33.388ms group_by=  5.413ms per_group=66.096ms)
[pe] round=  1 work=      197 frontier=     3246 next=        0 consolidate=  0.169ms frontier=  0.010ms semisort=  0.455ms (keyed= 0.007ms group_by=  0.246ms per_group= 0.045ms)
[pe] round=  0 work=  2215146 frontier=  1377845 next=      197 consolidate=658.910ms frontier= 75.634ms semisort=205.066ms (keyed=33.299ms group_by=  5.411ms per_group=66.094ms)
[pe] round=  1 work=      197 frontier=     3246 next=        0 consolidate=  0.169ms frontier=  0.010ms semisort=  0.456ms (keyed= 0.006ms group_by=  0.248ms per_group= 0.045ms)
[pe-async] round=  0 R=2 dirty=  1377845 runs=   825075 filter= 21.412ms semisort=102.599ms
[pe-async] round=  1 R=3 dirty=     3096 runs=     2477 filter= 21.180ms semisort=  0.179ms
[pe-async] round=  2 R=4 dirty=        0 filter= 20.978ms (clean break)
[pe-async] round=  0 R=2 dirty=  1377845 runs=   825075 filter= 19.095ms semisort=102.491ms
[pe-async] round=  1 R=3 dirty=     3096 runs=     2477 filter= 20.776ms semisort=  0.189ms
[pe-async] round=  2 R=4 dirty=        0 filter= 20.621ms (clean break)
[pe-async] round=  0 R=2 dirty=  1377845 runs=   825075 filter= 18.823ms semisort=102.744ms
[pe-async] round=  1 R=3 dirty=     3096 runs=     2477 filter= 20.723ms semisort=  0.176ms
[pe-async] round=  2 R=4 dirty=        0 filter= 20.665ms (clean break)
[pe-async] round=  0 R=2 dirty=  1377845 runs=   825075 filter= 18.789ms semisort=101.983ms
[pe-async] round=  1 R=3 dirty=     3096 runs=     2477 filter= 20.639ms semisort=  0.188ms
[pe-async] round=  2 R=4 dirty=        0 filter= 20.559ms (clean break)
[pe-async] round=  0 R=2 dirty=  1377845 runs=   825075 filter= 18.701ms semisort=102.153ms
[pe-async] round=  1 R=3 dirty=     3096 runs=     2477 filter= 20.642ms semisort=  0.186ms
[pe-async] round=  2 R=4 dirty=        0 filter= 20.469ms (clean break)
[pe-async] round=  0 R=2 dirty=  1377845 runs=   825075 filter= 18.768ms semisort=102.224ms
[pe-async] round=  1 R=3 dirty=     3096 runs=     2477 filter= 20.603ms semisort=  0.191ms
[pe-async] round=  2 R=4 dirty=        0 filter= 20.461ms (clean break)
