[gates_bench] ./miter-cc-benchmarks/hwmcc12_with_not/6s100-xits-opt.gates ...
  literals=2571412  NOT=835018  gates=3435519  total_classes=6841949  read=0.047s parse=0.198s build=0.410s
[pe] round=  0 work=  6662290 frontier=  3610819 next=    51504 consolidate=1117.417ms frontier=125.469ms semisort=355.661ms (keyed=48.929ms group_by=  7.651ms per_group=106.168ms)
[pe] round=  1 work=    51504 frontier=   349865 next=    21921 consolidate= 27.660ms frontier=  1.524ms semisort= 27.989ms (keyed= 6.018ms group_by=  0.655ms per_group=11.522ms)
[pe] round=  2 work=    21921 frontier=   157719 next=    29616 consolidate= 13.084ms frontier=  0.692ms semisort= 32.500ms (keyed= 0.179ms group_by= 16.360ms per_group= 8.114ms)
[pe] round=  3 work=    29616 frontier=   166465 next=    32176 consolidate= 16.653ms frontier=  0.954ms semisort= 29.514ms (keyed= 0.223ms group_by= 13.370ms per_group= 8.780ms)
[pe] round=  4 work=    32176 frontier=    83367 next=     9768 consolidate= 17.662ms frontier=  1.145ms semisort= 13.304ms (keyed= 0.101ms group_by=  5.814ms per_group= 3.073ms)
[pe] round=  5 work=     9768 frontier=    25117 next=      804 consolidate=  5.137ms frontier=  0.307ms semisort=  4.247ms (keyed= 0.063ms group_by=  2.250ms per_group= 0.522ms)
[pe] round=  6 work=      804 frontier=     4643 next=      583 consolidate=  0.627ms frontier=  0.039ms semisort=  1.097ms (keyed= 0.010ms group_by=  0.516ms per_group= 0.268ms)
[pe] round=  7 work=      583 frontier=     1356 next=      102 consolidate=  0.324ms frontier=  0.027ms semisort=  0.317ms (keyed= 0.003ms group_by=  0.122ms per_group= 0.046ms)
[pe] round=  8 work=      102 frontier=      383 next=       97 consolidate=  0.073ms frontier=  0.006ms semisort=  0.078ms (keyed= 0.001ms group_by=  0.022ms per_group= 0.029ms)
[pe] round=  9 work=       97 frontier=      205 next=       75 consolidate=  0.074ms frontier=  0.004ms semisort=  0.042ms (keyed= 0.001ms group_by=  0.009ms per_group= 0.020ms)
[pe] round= 10 work=       75 frontier=      282 next=       67 consolidate=  0.046ms frontier=  0.004ms semisort=  0.044ms (keyed= 0.001ms group_by=  0.011ms per_group= 0.019ms)
[pe] round= 11 work=       67 frontier=      138 next=       64 consolidate=  0.100ms frontier=  0.004ms semisort=  0.028ms (keyed= 0.000ms group_by=  0.005ms per_group= 0.015ms)
[pe] round= 12 work=       64 frontier=      256 next=       64 consolidate=  0.108ms frontier=  0.003ms semisort=  0.035ms (keyed= 0.001ms group_by=  0.007ms per_group= 0.016ms)
[pe] round= 13 work=       64 frontier=      128 next=        0 consolidate=  0.101ms frontier=  0.004ms semisort=  0.014ms (keyed= 0.000ms group_by=  0.005ms per_group= 0.003ms)
[pe] round=  0 work=  6662290 frontier=  3610819 next=    51504 consolidate=1088.102ms frontier=119.570ms semisort=354.966ms (keyed=48.078ms group_by=  7.688ms per_group=106.833ms)
[pe] round=  1 work=    51504 frontier=   349865 next=    21921 consolidate= 28.355ms frontier=  1.684ms semisort= 26.959ms (keyed= 5.145ms group_by=  0.689ms per_group=11.309ms)
[pe] round=  2 work=    21921 frontier=   157719 next=    29616 consolidate= 13.196ms frontier=  0.767ms semisort= 29.603ms (keyed= 0.176ms group_by= 13.757ms per_group= 8.187ms)
[pe] round=  3 work=    29616 frontier=   166465 next=    32176 consolidate= 17.113ms frontier=  1.086ms semisort= 28.919ms (keyed= 0.151ms group_by= 13.008ms per_group= 8.842ms)
[pe] round=  4 work=    32176 frontier=    83367 next=     9768 consolidate= 17.854ms frontier=  1.117ms semisort= 13.866ms (keyed= 0.112ms group_by=  6.222ms per_group= 3.171ms)
[pe] round=  5 work=     9768 frontier=    25117 next=      804 consolidate=  5.352ms frontier=  0.395ms semisort=  4.104ms (keyed= 0.049ms group_by=  2.108ms per_group= 0.589ms)
[pe] round=  6 work=      804 frontier=     4643 next=      583 consolidate=  0.645ms frontier=  0.040ms semisort=  0.954ms (keyed= 0.011ms group_by=  0.514ms per_group= 0.204ms)
[pe] round=  7 work=      583 frontier=     1356 next=      102 consolidate=  0.339ms frontier=  0.025ms semisort=  0.249ms (keyed= 0.002ms group_by=  0.110ms per_group= 0.050ms)
[pe] round=  8 work=      102 frontier=      383 next=       97 consolidate=  0.139ms frontier=  0.007ms semisort=  0.139ms (keyed= 0.001ms group_by=  0.019ms per_group= 0.093ms)
[pe] round=  9 work=       97 frontier=      205 next=       75 consolidate=  0.072ms frontier=  0.004ms semisort=  0.041ms (keyed= 0.001ms group_by=  0.009ms per_group= 0.020ms)
[pe] round= 10 work=       75 frontier=      282 next=       67 consolidate=  0.099ms frontier=  0.004ms semisort=  0.043ms (keyed= 0.001ms group_by=  0.010ms per_group= 0.019ms)
[pe] round= 11 work=       67 frontier=      138 next=       64 consolidate=  0.040ms frontier=  0.004ms semisort=  0.027ms (keyed= 0.000ms group_by=  0.005ms per_group= 0.014ms)
[pe] round= 12 work=       64 frontier=      256 next=       64 consolidate=  0.108ms frontier=  0.003ms semisort=  0.034ms (keyed= 0.001ms group_by=  0.007ms per_group= 0.016ms)
[pe] round= 13 work=       64 frontier=      128 next=        0 consolidate=  0.043ms frontier=  0.003ms semisort=  0.014ms (keyed= 0.000ms group_by=  0.005ms per_group= 0.003ms)
[pe] round=  0 work=  6662290 frontier=  3610819 next=    51504 consolidate=1157.213ms frontier=118.207ms semisort=354.587ms (keyed=48.047ms group_by=  7.538ms per_group=106.457ms)
[pe] round=  1 work=    51504 frontier=   349865 next=    21921 consolidate= 28.314ms frontier=  1.551ms semisort= 27.415ms (keyed= 5.268ms group_by=  0.647ms per_group=11.535ms)
[pe] round=  2 work=    21921 frontier=   157719 next=    29616 consolidate= 12.771ms frontier=  0.845ms semisort= 30.822ms (keyed= 0.157ms group_by= 14.850ms per_group= 8.042ms)
[pe] round=  3 work=    29616 frontier=   166465 next=    32176 consolidate= 16.952ms frontier=  1.037ms semisort= 29.148ms (keyed= 0.180ms group_by= 12.994ms per_group= 8.921ms)
[pe] round=  4 work=    32176 frontier=    83367 next=     9768 consolidate= 17.875ms frontier=  1.053ms semisort= 13.019ms (keyed= 0.139ms group_by=  5.790ms per_group= 2.940ms)
[pe] round=  5 work=     9768 frontier=    25117 next=      804 consolidate=  5.347ms frontier=  0.339ms semisort=  4.038ms (keyed= 0.099ms group_by=  1.981ms per_group= 0.609ms)
[pe] round=  6 work=      804 frontier=     4643 next=      583 consolidate=  0.602ms frontier=  0.041ms semisort=  1.046ms (keyed= 0.011ms group_by=  0.506ms per_group= 0.222ms)
[pe] round=  7 work=      583 frontier=     1356 next=      102 consolidate=  0.495ms frontier=  0.026ms semisort=  0.257ms (keyed= 0.003ms group_by=  0.121ms per_group= 0.045ms)
[pe] round=  8 work=      102 frontier=      383 next=       97 consolidate=  0.074ms frontier=  0.005ms semisort=  0.074ms (keyed= 0.001ms group_by=  0.017ms per_group= 0.032ms)
[pe] round=  9 work=       97 frontier=      205 next=       75 consolidate=  0.140ms frontier=  0.005ms semisort=  0.044ms (keyed= 0.001ms group_by=  0.009ms per_group= 0.020ms)
[pe] round= 10 work=       75 frontier=      282 next=       67 consolidate=  0.112ms frontier=  0.004ms semisort=  0.044ms (keyed= 0.001ms group_by=  0.010ms per_group= 0.020ms)
[pe] round= 11 work=       67 frontier=      138 next=       64 consolidate=  0.044ms frontier=  0.004ms semisort=  0.028ms (keyed= 0.000ms group_by=  0.005ms per_group= 0.015ms)
[pe] round= 12 work=       64 frontier=      256 next=       64 consolidate=  0.108ms frontier=  0.003ms semisort=  0.035ms (keyed= 0.001ms group_by=  0.007ms per_group= 0.016ms)
[pe] round= 13 work=       64 frontier=      128 next=        0 consolidate=  0.044ms frontier=  0.003ms semisort=  0.014ms (keyed= 0.000ms group_by=  0.005ms per_group= 0.003ms)
[pe] round=  0 work=  6662290 frontier=  3610819 next=    51504 consolidate=1180.655ms frontier=120.062ms semisort=355.914ms (keyed=48.024ms group_by=  7.688ms per_group=107.771ms)
[pe] round=  1 work=    51504 frontier=   349865 next=    21921 consolidate= 29.547ms frontier=  1.484ms semisort= 27.308ms (keyed= 5.053ms group_by=  0.727ms per_group=11.648ms)
[pe] round=  2 work=    21921 frontier=   157719 next=    29616 consolidate= 13.485ms frontier=  0.785ms semisort= 31.941ms (keyed= 0.171ms group_by= 15.527ms per_group= 8.521ms)
[pe] round=  3 work=    29616 frontier=   166465 next=    32176 consolidate= 17.532ms frontier=  0.976ms semisort= 29.840ms (keyed= 0.153ms group_by= 13.328ms per_group= 9.407ms)
[pe] round=  4 work=    32176 frontier=    83367 next=     9768 consolidate= 18.412ms frontier=  1.134ms semisort= 13.763ms (keyed= 0.143ms group_by=  6.218ms per_group= 3.151ms)
[pe] round=  5 work=     9768 frontier=    25117 next=      804 consolidate=  5.565ms frontier=  0.343ms semisort=  4.333ms (keyed= 0.029ms group_by=  2.270ms per_group= 0.548ms)
[pe] round=  6 work=      804 frontier=     4643 next=      583 consolidate=  0.702ms frontier=  0.040ms semisort=  1.036ms (keyed= 0.011ms group_by=  0.491ms per_group= 0.224ms)
[pe] round=  7 work=      583 frontier=     1356 next=      102 consolidate=  0.419ms frontier=  0.032ms semisort=  0.329ms (keyed= 0.003ms group_by=  0.122ms per_group= 0.054ms)
[pe] round=  8 work=      102 frontier=      383 next=       97 consolidate=  0.085ms frontier=  0.005ms semisort=  0.076ms (keyed= 0.001ms group_by=  0.018ms per_group= 0.031ms)
[pe] round=  9 work=       97 frontier=      205 next=       75 consolidate=  0.138ms frontier=  0.005ms semisort=  0.042ms (keyed= 0.001ms group_by=  0.009ms per_group= 0.020ms)
[pe] round= 10 work=       75 frontier=      282 next=       67 consolidate=  0.173ms frontier=  0.004ms semisort=  0.043ms (keyed= 0.001ms group_by=  0.010ms per_group= 0.019ms)
[pe] round= 11 work=       67 frontier=      138 next=       64 consolidate=  0.042ms frontier=  0.003ms semisort=  0.029ms (keyed= 0.000ms group_by=  0.005ms per_group= 0.015ms)
[pe] round= 12 work=       64 frontier=      256 next=       64 consolidate=  0.114ms frontier=  0.003ms semisort=  0.035ms (keyed= 0.001ms group_by=  0.007ms per_group= 0.016ms)
[pe] round= 13 work=       64 frontier=      128 next=        0 consolidate=  0.042ms frontier=  0.003ms semisort=  0.015ms (keyed= 0.000ms group_by=  0.005ms per_group= 0.003ms)
[pe] round=  0 work=  6662290 frontier=  3610819 next=    51504 consolidate=1192.785ms frontier=123.323ms semisort=357.182ms (keyed=47.807ms group_by=  7.552ms per_group=108.278ms)
[pe] round=  1 work=    51504 frontier=   349865 next=    21921 consolidate= 29.411ms frontier=  1.492ms semisort= 27.326ms (keyed= 5.292ms group_by=  0.641ms per_group=11.570ms)
[pe] round=  2 work=    21921 frontier=   157719 next=    29616 consolidate= 13.345ms frontier=  0.803ms semisort= 31.988ms (keyed= 0.147ms group_by= 15.170ms per_group= 8.861ms)
[pe] round=  3 work=    29616 frontier=   166465 next=    32176 consolidate= 17.784ms frontier=  1.122ms semisort= 29.818ms (keyed= 0.186ms group_by= 13.390ms per_group= 9.263ms)
[pe] round=  4 work=    32176 frontier=    83367 next=     9768 consolidate= 18.417ms frontier=  1.086ms semisort= 13.385ms (keyed= 0.082ms group_by=  5.722ms per_group= 3.258ms)
[pe] round=  5 work=     9768 frontier=    25117 next=      804 consolidate=  5.772ms frontier=  0.327ms semisort=  4.001ms (keyed= 0.065ms group_by=  1.959ms per_group= 0.550ms)
[pe] round=  6 work=      804 frontier=     4643 next=      583 consolidate=  0.690ms frontier=  0.043ms semisort=  0.986ms (keyed= 0.011ms group_by=  0.504ms per_group= 0.220ms)
[pe] round=  7 work=      583 frontier=     1356 next=      102 consolidate=  0.329ms frontier=  0.027ms semisort=  0.247ms (keyed= 0.003ms group_by=  0.108ms per_group= 0.050ms)
[pe] round=  8 work=      102 frontier=      383 next=       97 consolidate=  0.071ms frontier=  0.006ms semisort=  0.077ms (keyed= 0.001ms group_by=  0.023ms per_group= 0.030ms)
[pe] round=  9 work=       97 frontier=      205 next=       75 consolidate=  0.075ms frontier=  0.004ms semisort=  0.041ms (keyed= 0.001ms group_by=  0.009ms per_group= 0.020ms)
[pe] round= 10 work=       75 frontier=      282 next=       67 consolidate=  0.047ms frontier=  0.004ms semisort=  0.039ms (keyed= 0.001ms group_by=  0.010ms per_group= 0.019ms)
[pe] round= 11 work=       67 frontier=      138 next=       64 consolidate=  0.109ms frontier=  0.004ms semisort=  0.029ms (keyed= 0.001ms group_by=  0.006ms per_group= 0.015ms)
[pe] round= 12 work=       64 frontier=      256 next=       64 consolidate=  0.045ms frontier=  0.003ms semisort=  0.033ms (keyed= 0.001ms group_by=  0.007ms per_group= 0.016ms)
[pe] round= 13 work=       64 frontier=      128 next=        0 consolidate=  0.043ms frontier=  0.003ms semisort=  0.014ms (keyed= 0.000ms group_by=  0.005ms per_group= 0.003ms)
[pe] round=  0 work=  6662290 frontier=  3610819 next=    51504 consolidate=1201.583ms frontier=117.173ms semisort=357.271ms (keyed=48.215ms group_by=  7.685ms per_group=108.322ms)
[pe] round=  1 work=    51504 frontier=   349865 next=    21921 consolidate= 30.056ms frontier=  1.583ms semisort= 27.615ms (keyed= 5.234ms group_by=  0.722ms per_group=11.833ms)
[pe] round=  2 work=    21921 frontier=   157719 next=    29616 consolidate= 13.433ms frontier=  0.853ms semisort= 32.220ms (keyed= 0.172ms group_by= 14.984ms per_group= 9.058ms)
[pe] round=  3 work=    29616 frontier=   166465 next=    32176 consolidate= 17.722ms frontier=  1.123ms semisort= 30.001ms (keyed= 0.314ms group_by= 13.389ms per_group= 9.260ms)
[pe] round=  4 work=    32176 frontier=    83367 next=     9768 consolidate= 18.408ms frontier=  1.112ms semisort= 13.925ms (keyed= 0.111ms group_by=  6.287ms per_group= 3.338ms)
[pe] round=  5 work=     9768 frontier=    25117 next=      804 consolidate=  5.549ms frontier=  0.468ms semisort=  4.375ms (keyed= 0.063ms group_by=  2.141ms per_group= 0.710ms)
[pe] round=  6 work=      804 frontier=     4643 next=      583 consolidate=  0.632ms frontier=  0.040ms semisort=  1.148ms (keyed= 0.013ms group_by=  0.535ms per_group= 0.280ms)
[pe] round=  7 work=      583 frontier=     1356 next=      102 consolidate=  0.373ms frontier=  0.033ms semisort=  0.333ms (keyed= 0.004ms group_by=  0.126ms per_group= 0.056ms)
[pe] round=  8 work=      102 frontier=      383 next=       97 consolidate=  0.079ms frontier=  0.006ms semisort=  0.076ms (keyed= 0.001ms group_by=  0.022ms per_group= 0.028ms)
[pe] round=  9 work=       97 frontier=      205 next=       75 consolidate=  0.074ms frontier=  0.004ms semisort=  0.042ms (keyed= 0.001ms group_by=  0.009ms per_group= 0.020ms)
[pe] round= 10 work=       75 frontier=      282 next=       67 consolidate=  0.174ms frontier=  0.004ms semisort=  0.044ms (keyed= 0.001ms group_by=  0.010ms per_group= 0.019ms)
[pe] round= 11 work=       67 frontier=      138 next=       64 consolidate=  0.043ms frontier=  0.003ms semisort=  0.028ms (keyed= 0.000ms group_by=  0.005ms per_group= 0.015ms)
[pe] round= 12 work=       64 frontier=      256 next=       64 consolidate=  0.046ms frontier=  0.003ms semisort=  0.035ms (keyed= 0.001ms group_by=  0.007ms per_group= 0.016ms)
[pe] round= 13 work=       64 frontier=      128 next=        0 consolidate=  0.043ms frontier=  0.004ms semisort=  0.014ms (keyed= 0.000ms group_by=  0.005ms per_group= 0.003ms)
[pe-async] round=  0 R=2 dirty=  3610819 runs=  2441400 filter= 35.828ms semisort=156.535ms
[pe-async] round=  1 R=3 dirty=   345964 runs=   182930 filter= 43.695ms semisort= 18.533ms
[pe-async] round=  2 R=4 dirty=   156604 runs=   121438 filter= 38.620ms semisort= 10.123ms
[pe-async] round=  3 R=5 dirty=   165890 runs=    80805 filter= 35.220ms semisort= 11.056ms
[pe-async] round=  4 R=6 dirty=    71301 runs=    43504 filter= 34.034ms semisort=  5.202ms
[pe-async] round=  5 R=7 dirty=    25108 runs=    23022 filter= 33.534ms semisort=  1.587ms
[pe-async] round=  6 R=8 dirty=     4620 runs=     2862 filter= 32.774ms semisort=  0.497ms
[pe-async] round=  7 R=9 dirty=     1348 runs=     1155 filter= 32.385ms semisort=  0.261ms
[pe-async] round=  8 R=10 dirty=      383 runs=      126 filter= 32.351ms semisort=  0.053ms
[pe-async] round=  9 R=11 dirty=      205 runs=      109 filter= 32.004ms semisort=  0.036ms
[pe-async] round= 10 R=12 dirty=      282 runs=       85 filter= 32.052ms semisort=  0.039ms
[pe-async] round= 11 R=13 dirty=      138 runs=       71 filter= 31.884ms semisort=  0.027ms
[pe-async] round= 12 R=14 dirty=      256 runs=       64 filter= 31.858ms semisort=  0.033ms
[pe-async] round= 13 R=15 dirty=      128 runs=      128 filter= 31.993ms semisort=  0.018ms
[pe-async] round= 14 R=16 dirty=        0 filter= 32.168ms (clean break)
[pe-async] round=  0 R=2 dirty=  3610819 runs=  2441400 filter= 31.827ms semisort=157.446ms
[pe-async] round=  1 R=3 dirty=   345964 runs=   182930 filter= 44.556ms semisort= 18.515ms
[pe-async] round=  2 R=4 dirty=   156604 runs=   121438 filter= 38.944ms semisort= 10.265ms
[pe-async] round=  3 R=5 dirty=   165890 runs=    80805 filter= 35.757ms semisort= 11.000ms
[pe-async] round=  4 R=6 dirty=    71301 runs=    43504 filter= 34.006ms semisort=  5.468ms
[pe-async] round=  5 R=7 dirty=    25108 runs=    23022 filter= 33.392ms semisort=  1.549ms
[pe-async] round=  6 R=8 dirty=     4620 runs=     2862 filter= 32.742ms semisort=  0.397ms
[pe-async] round=  7 R=9 dirty=     1348 runs=     1155 filter= 32.476ms semisort=  0.199ms
[pe-async] round=  8 R=10 dirty=      383 runs=      126 filter= 32.306ms semisort=  0.057ms
[pe-async] round=  9 R=11 dirty=      205 runs=      109 filter= 32.118ms semisort=  0.038ms
[pe-async] round= 10 R=12 dirty=      282 runs=       85 filter= 31.903ms semisort=  0.041ms
[pe-async] round= 11 R=13 dirty=      138 runs=       71 filter= 31.929ms semisort=  0.025ms
[pe-async] round= 12 R=14 dirty=      256 runs=       64 filter= 31.796ms semisort=  0.033ms
[pe-async] round= 13 R=15 dirty=      128 runs=      128 filter= 31.917ms semisort=  0.018ms
[pe-async] round= 14 R=16 dirty=        0 filter= 31.719ms (clean break)
[pe-async] round=  0 R=2 dirty=  3610819 runs=  2441400 filter= 32.260ms semisort=157.214ms
[pe-async] round=  1 R=3 dirty=   345964 runs=   182930 filter= 44.705ms semisort= 18.470ms
[pe-async] round=  2 R=4 dirty=   156604 runs=   121438 filter= 38.943ms semisort= 10.038ms
[pe-async] round=  3 R=5 dirty=   165890 runs=    80805 filter= 35.584ms semisort= 11.002ms
[pe-async] round=  4 R=6 dirty=    71301 runs=    43504 filter= 34.057ms semisort=  5.396ms
[pe-async] round=  5 R=7 dirty=    25108 runs=    23022 filter= 33.785ms semisort=  1.512ms
[pe-async] round=  6 R=8 dirty=     4620 runs=     2862 filter= 32.690ms semisort=  0.410ms
[pe-async] round=  7 R=9 dirty=     1348 runs=     1155 filter= 32.758ms semisort=  0.200ms
[pe-async] round=  8 R=10 dirty=      383 runs=      126 filter= 32.484ms semisort=  0.057ms
[pe-async] round=  9 R=11 dirty=      205 runs=      109 filter= 32.357ms semisort=  0.037ms
[pe-async] round= 10 R=12 dirty=      282 runs=       85 filter= 32.007ms semisort=  0.037ms
[pe-async] round= 11 R=13 dirty=      138 runs=       71 filter= 32.066ms semisort=  0.027ms
[pe-async] round= 12 R=14 dirty=      256 runs=       64 filter= 32.149ms semisort=  0.031ms
[pe-async] round= 13 R=15 dirty=      128 runs=      128 filter= 32.088ms semisort=  0.018ms
[pe-async] round= 14 R=16 dirty=        0 filter= 31.946ms (clean break)
[pe-async] round=  0 R=2 dirty=  3610819 runs=  2441400 filter= 32.116ms semisort=157.880ms
[pe-async] round=  1 R=3 dirty=   345964 runs=   182930 filter= 44.657ms semisort= 18.536ms
[pe-async] round=  2 R=4 dirty=   156604 runs=   121438 filter= 38.947ms semisort= 10.207ms
[pe-async] round=  3 R=5 dirty=   165890 runs=    80805 filter= 35.736ms semisort= 11.069ms
[pe-async] round=  4 R=6 dirty=    71301 runs=    43504 filter= 34.134ms semisort=  5.384ms
[pe-async] round=  5 R=7 dirty=    25108 runs=    23022 filter= 33.194ms semisort=  1.673ms
[pe-async] round=  6 R=8 dirty=     4620 runs=     2862 filter= 33.032ms semisort=  0.485ms
[pe-async] round=  7 R=9 dirty=     1348 runs=     1155 filter= 32.668ms semisort=  0.149ms
[pe-async] round=  8 R=10 dirty=      383 runs=      126 filter= 32.325ms semisort=  0.054ms
[pe-async] round=  9 R=11 dirty=      205 runs=      109 filter= 32.131ms semisort=  0.035ms
[pe-async] round= 10 R=12 dirty=      282 runs=       85 filter= 32.102ms semisort=  0.037ms
[pe-async] round= 11 R=13 dirty=      138 runs=       71 filter= 32.275ms semisort=  0.027ms
[pe-async] round= 12 R=14 dirty=      256 runs=       64 filter= 31.866ms semisort=  0.033ms
[pe-async] round= 13 R=15 dirty=      128 runs=      128 filter= 32.006ms semisort=  0.026ms
[pe-async] round= 14 R=16 dirty=        0 filter= 31.992ms (clean break)
[pe-async] round=  0 R=2 dirty=  3610819 runs=  2441400 filter= 32.247ms semisort=157.490ms
[pe-async] round=  1 R=3 dirty=   345964 runs=   182930 filter= 44.618ms semisort= 18.630ms
[pe-async] round=  2 R=4 dirty=   156604 runs=   121438 filter= 38.997ms semisort= 10.212ms
[pe-async] round=  3 R=5 dirty=   165890 runs=    80805 filter= 35.529ms semisort= 11.161ms
[pe-async] round=  4 R=6 dirty=    71301 runs=    43504 filter= 34.043ms semisort=  5.445ms
[pe-async] round=  5 R=7 dirty=    25108 runs=    23022 filter= 33.330ms semisort=  1.549ms
[pe-async] round=  6 R=8 dirty=     4620 runs=     2862 filter= 32.751ms semisort=  0.521ms
[pe-async] round=  7 R=9 dirty=     1348 runs=     1155 filter= 32.579ms semisort=  0.189ms
[pe-async] round=  8 R=10 dirty=      383 runs=      126 filter= 32.317ms semisort=  0.058ms
[pe-async] round=  9 R=11 dirty=      205 runs=      109 filter= 32.151ms semisort=  0.104ms
[pe-async] round= 10 R=12 dirty=      282 runs=       85 filter= 32.000ms semisort=  0.038ms
[pe-async] round= 11 R=13 dirty=      138 runs=       71 filter= 31.928ms semisort=  0.027ms
[pe-async] round= 12 R=14 dirty=      256 runs=       64 filter= 32.202ms semisort=  0.031ms
[pe-async] round= 13 R=15 dirty=      128 runs=      128 filter= 31.976ms semisort=  0.017ms
[pe-async] round= 14 R=16 dirty=        0 filter= 31.868ms (clean break)
[pe-async] round=  0 R=2 dirty=  3610819 runs=  2441400 filter= 32.081ms semisort=157.540ms
[pe-async] round=  1 R=3 dirty=   345964 runs=   182930 filter= 44.511ms semisort= 18.360ms
[pe-async] round=  2 R=4 dirty=   156604 runs=   121438 filter= 38.939ms semisort= 10.142ms
[pe-async] round=  3 R=5 dirty=   165890 runs=    80805 filter= 35.495ms semisort= 11.121ms
[pe-async] round=  4 R=6 dirty=    71301 runs=    43504 filter= 33.907ms semisort=  5.399ms
[pe-async] round=  5 R=7 dirty=    25108 runs=    23022 filter= 33.389ms semisort=  1.519ms
[pe-async] round=  6 R=8 dirty=     4620 runs=     2862 filter= 32.899ms semisort=  0.528ms
[pe-async] round=  7 R=9 dirty=     1348 runs=     1155 filter= 32.285ms semisort=  0.208ms
[pe-async] round=  8 R=10 dirty=      383 runs=      126 filter= 32.555ms semisort=  0.053ms
[pe-async] round=  9 R=11 dirty=      205 runs=      109 filter= 32.329ms semisort=  0.040ms
[pe-async] round= 10 R=12 dirty=      282 runs=       85 filter= 32.242ms semisort=  0.038ms
[pe-async] round= 11 R=13 dirty=      138 runs=       71 filter= 31.870ms semisort=  0.026ms
[pe-async] round= 12 R=14 dirty=      256 runs=       64 filter= 32.013ms semisort=  0.035ms
[pe-async] round= 13 R=15 dirty=      128 runs=      128 filter= 31.803ms semisort=  0.018ms
[pe-async] round= 14 R=16 dirty=        0 filter= 31.774ms (clean break)
