[gates_bench] ./miter-cc-benchmarks/hwmcc12_with_not/6s117-xits-opt.gates ...
  literals=1588740  NOT=540263  gates=2292599  total_classes=4421602  read=0.028s parse=0.128s build=0.273s
[pe] round=  0 work=  4363989 frontier=  2643397 next=    16461 consolidate=693.423ms frontier= 82.730ms semisort=236.572ms (keyed=35.354ms group_by=  5.832ms per_group=71.551ms)
[pe] round=  1 work=    16461 frontier=   118429 next=     6266 consolidate=  8.781ms frontier=  0.684ms semisort= 16.901ms (keyed= 0.498ms group_by=  8.862ms per_group= 3.093ms)
[pe] round=  2 work=     6266 frontier=    33240 next=     4000 consolidate=  3.667ms frontier=  0.359ms semisort=  5.750ms (keyed= 0.067ms group_by=  2.596ms per_group= 1.461ms)
[pe] round=  3 work=     4000 frontier=    16573 next=     2922 consolidate=  2.434ms frontier=  0.160ms semisort=  3.317ms (keyed= 0.041ms group_by=  1.251ms per_group= 1.016ms)
[pe] round=  4 work=     2922 frontier=    20380 next=     1714 consolidate=  1.680ms frontier=  0.192ms semisort=  3.205ms (keyed= 0.052ms group_by=  1.369ms per_group= 0.836ms)
[pe] round=  5 work=     1714 frontier=    10106 next=     1005 consolidate=  0.999ms frontier=  0.143ms semisort=  1.748ms (keyed= 0.027ms group_by=  0.810ms per_group= 0.386ms)
[pe] round=  6 work=     1005 frontier=     5584 next=      533 consolidate=  0.580ms frontier=  0.106ms semisort=  1.120ms (keyed= 0.013ms group_by=  0.593ms per_group= 0.227ms)
[pe] round=  7 work=      533 frontier=     2433 next=      256 consolidate=  0.324ms frontier=  0.027ms semisort=  0.498ms (keyed= 0.006ms group_by=  0.249ms per_group= 0.109ms)
[pe] round=  8 work=      256 frontier=      826 next=      117 consolidate=  0.156ms frontier=  0.013ms semisort=  0.141ms (keyed= 0.001ms group_by=  0.040ms per_group= 0.041ms)
[pe] round=  9 work=      117 frontier=     1258 next=      106 consolidate=  0.082ms frontier=  0.007ms semisort=  0.178ms (keyed= 0.002ms group_by=  0.056ms per_group= 0.050ms)
[pe] round= 10 work=      106 frontier=      480 next=      104 consolidate=  0.132ms frontier=  0.006ms semisort=  0.080ms (keyed= 0.001ms group_by=  0.022ms per_group= 0.029ms)
[pe] round= 11 work=      104 frontier=      199 next=       31 consolidate=  0.071ms frontier=  0.005ms semisort=  0.034ms (keyed= 0.000ms group_by=  0.008ms per_group= 0.012ms)
[pe] round= 12 work=       31 frontier=       67 next=       16 consolidate=  0.024ms frontier=  0.002ms semisort=  0.014ms (keyed= 0.000ms group_by=  0.003ms per_group= 0.006ms)
[pe] round= 13 work=       16 frontier=      133 next=       17 consolidate=  0.014ms frontier=  0.002ms semisort=  0.022ms (keyed= 0.000ms group_by=  0.005ms per_group= 0.007ms)
[pe] round= 14 work=       17 frontier=       93 next=       12 consolidate=  0.015ms frontier=  0.001ms semisort=  0.017ms (keyed= 0.000ms group_by=  0.004ms per_group= 0.005ms)
[pe] round= 15 work=       12 frontier=       44 next=       11 consolidate=  0.010ms frontier=  0.001ms semisort=  0.010ms (keyed= 0.000ms group_by=  0.002ms per_group= 0.004ms)
[pe] round= 16 work=       11 frontier=       26 next=        9 consolidate=  0.072ms frontier=  0.002ms semisort=  0.007ms (keyed= 0.000ms group_by=  0.001ms per_group= 0.003ms)
[pe] round= 17 work=        9 frontier=       54 next=        8 consolidate=  0.009ms frontier=  0.001ms semisort=  0.011ms (keyed= 0.000ms group_by=  0.003ms per_group= 0.004ms)
[pe] round= 18 work=        8 frontier=       61 next=        8 consolidate=  0.008ms frontier=  0.001ms semisort=  0.011ms (keyed= 0.000ms group_by=  0.003ms per_group= 0.003ms)
[pe] round= 19 work=        8 frontier=       28 next=       10 consolidate=  0.041ms frontier=  0.002ms semisort=  0.008ms (keyed= 0.000ms group_by=  0.001ms per_group= 0.004ms)
[pe] round= 20 work=       10 frontier=       22 next=        7 consolidate=  0.008ms frontier=  0.001ms semisort=  0.006ms (keyed= 0.000ms group_by=  0.001ms per_group= 0.003ms)
[pe] round= 21 work=        7 frontier=       42 next=        7 consolidate=  0.007ms frontier=  0.001ms semisort=  0.008ms (keyed= 0.000ms group_by=  0.002ms per_group= 0.003ms)
[pe] round= 22 work=        7 frontier=       58 next=        7 consolidate=  0.006ms frontier=  0.001ms semisort=  0.011ms (keyed= 0.000ms group_by=  0.002ms per_group= 0.003ms)
[pe] round= 23 work=        7 frontier=       24 next=        7 consolidate=  0.006ms frontier=  0.001ms semisort=  0.006ms (keyed= 0.000ms group_by=  0.001ms per_group= 0.003ms)
[pe] round= 24 work=        7 frontier=       19 next=        5 consolidate=  0.006ms frontier=  0.001ms semisort=  0.005ms (keyed= 0.000ms group_by=  0.001ms per_group= 0.002ms)
[pe] round= 25 work=        5 frontier=       29 next=        5 consolidate=  0.005ms frontier=  0.001ms semisort=  0.007ms (keyed= 0.000ms group_by=  0.001ms per_group= 0.002ms)
[pe] round= 26 work=        5 frontier=       42 next=        5 consolidate=  0.006ms frontier=  0.001ms semisort=  0.008ms (keyed= 0.000ms group_by=  0.002ms per_group= 0.003ms)
[pe] round= 27 work=        5 frontier=       23 next=        5 consolidate=  0.004ms frontier=  0.001ms semisort=  0.006ms (keyed= 0.000ms group_by=  0.001ms per_group= 0.002ms)
[pe] round= 28 work=        5 frontier=       12 next=        4 consolidate=  0.005ms frontier=  0.001ms semisort=  0.004ms (keyed= 0.000ms group_by=  0.001ms per_group= 0.002ms)
[pe] round= 29 work=        4 frontier=       28 next=        4 consolidate=  0.005ms frontier=  0.001ms semisort=  0.007ms (keyed= 0.000ms group_by=  0.001ms per_group= 0.002ms)
[pe] round= 30 work=        4 frontier=       32 next=        6 consolidate=  0.004ms frontier=  0.001ms semisort=  0.008ms (keyed= 0.000ms group_by=  0.001ms per_group= 0.003ms)
[pe] round= 31 work=        6 frontier=       16 next=        6 consolidate=  0.005ms frontier=  0.001ms semisort=  0.005ms (keyed= 0.000ms group_by=  0.001ms per_group= 0.002ms)
[pe] round= 32 work=        6 frontier=       12 next=        4 consolidate=  0.005ms frontier=  0.001ms semisort=  0.004ms (keyed= 0.000ms group_by=  0.001ms per_group= 0.002ms)
[pe] round= 33 work=        4 frontier=       28 next=        4 consolidate=  0.004ms frontier=  0.001ms semisort=  0.006ms (keyed= 0.000ms group_by=  0.001ms per_group= 0.002ms)
[pe] round= 34 work=        4 frontier=       32 next=        6 consolidate=  0.004ms frontier=  0.001ms semisort=  0.007ms (keyed= 0.000ms group_by=  0.001ms per_group= 0.003ms)
[pe] round= 35 work=        6 frontier=       16 next=        6 consolidate=  0.005ms frontier=  0.001ms semisort=  0.005ms (keyed= 0.000ms group_by=  0.001ms per_group= 0.002ms)
[pe] round= 36 work=        6 frontier=       12 next=        4 consolidate=  0.005ms frontier=  0.001ms semisort=  0.004ms (keyed= 0.000ms group_by=  0.001ms per_group= 0.002ms)
[pe] round= 37 work=        4 frontier=       22 next=        4 consolidate=  0.004ms frontier=  0.001ms semisort=  0.005ms (keyed= 0.000ms group_by=  0.001ms per_group= 0.002ms)
[pe] round= 38 work=        4 frontier=       33 next=        4 consolidate=  0.004ms frontier=  0.001ms semisort=  0.007ms (keyed= 0.000ms group_by=  0.001ms per_group= 0.002ms)
[pe] round= 39 work=        4 frontier=       16 next=        5 consolidate=  0.004ms frontier=  0.001ms semisort=  0.005ms (keyed= 0.000ms group_by=  0.001ms per_group= 0.002ms)
[pe] round= 40 work=        5 frontier=       12 next=        4 consolidate=  0.005ms frontier=  0.001ms semisort=  0.003ms (keyed= 0.000ms group_by=  0.001ms per_group= 0.002ms)
[pe] round= 41 work=        4 frontier=       45 next=        4 consolidate=  0.003ms frontier=  0.001ms semisort=  0.007ms (keyed= 0.000ms group_by=  0.001ms per_group= 0.003ms)
[pe] round= 42 work=        4 frontier=       55 next=        3 consolidate=  0.004ms frontier=  0.001ms semisort=  0.010ms (keyed= 0.000ms group_by=  0.003ms per_group= 0.002ms)
[pe] round= 43 work=        3 frontier=       10 next=        2 consolidate=  0.003ms frontier=  0.001ms semisort=  0.004ms (keyed= 0.000ms group_by=  0.001ms per_group= 0.001ms)
[pe] round= 44 work=        2 frontier=        7 next=        1 consolidate=  0.002ms frontier=  0.001ms semisort=  0.002ms (keyed= 0.000ms group_by=  0.000ms per_group= 0.001ms)
[pe] round= 45 work=        1 frontier=        2 next=        1 consolidate=  0.001ms frontier=  0.000ms semisort=  0.002ms (keyed= 0.000ms group_by=  0.000ms per_group= 0.001ms)
[pe] round= 46 work=        1 frontier=       15 next=        1 consolidate=  0.001ms frontier=  0.000ms semisort=  0.003ms (keyed= 0.000ms group_by=  0.001ms per_group= 0.001ms)
[pe] round= 47 work=        1 frontier=       13 next=        0 consolidate=  0.001ms frontier=  0.000ms semisort=  0.003ms (keyed= 0.000ms group_by=  0.001ms per_group= 0.001ms)
[pe] round=  0 work=  4363989 frontier=  2643397 next=    16461 consolidate=675.481ms frontier= 78.450ms semisort=234.055ms (keyed=35.231ms group_by=  5.726ms per_group=71.819ms)
[pe] round=  1 work=    16461 frontier=   118429 next=     6266 consolidate=  9.110ms frontier=  0.690ms semisort= 15.952ms (keyed= 0.165ms group_by=  8.408ms per_group= 2.768ms)
[pe] round=  2 work=     6266 frontier=    33240 next=     4000 consolidate=  3.640ms frontier=  0.239ms semisort=  5.610ms (keyed= 0.070ms group_by=  2.561ms per_group= 1.422ms)
[pe] round=  3 work=     4000 frontier=    16573 next=     2922 consolidate=  2.242ms frontier=  0.158ms semisort=  3.168ms (keyed= 0.043ms group_by=  1.233ms per_group= 0.993ms)
[pe] round=  4 work=     2922 frontier=    20380 next=     1714 consolidate=  1.783ms frontier=  0.192ms semisort=  3.128ms (keyed= 0.052ms group_by=  1.394ms per_group= 0.707ms)
[pe] round=  5 work=     1714 frontier=    10106 next=     1005 consolidate=  1.109ms frontier=  0.077ms semisort=  2.079ms (keyed= 0.028ms group_by=  0.805ms per_group= 0.512ms)
[pe] round=  6 work=     1005 frontier=     5584 next=      533 consolidate=  0.709ms frontier=  0.048ms semisort=  1.158ms (keyed= 0.013ms group_by=  0.602ms per_group= 0.277ms)
[pe] round=  7 work=      533 frontier=     2433 next=      256 consolidate=  0.332ms frontier=  0.026ms semisort=  0.505ms (keyed= 0.006ms group_by=  0.249ms per_group= 0.117ms)
[pe] round=  8 work=      256 frontier=      826 next=      117 consolidate=  0.156ms frontier=  0.012ms semisort=  0.205ms (keyed= 0.001ms group_by=  0.036ms per_group= 0.107ms)
[pe] round=  9 work=      117 frontier=     1258 next=      106 consolidate=  0.084ms frontier=  0.007ms semisort=  0.179ms (keyed= 0.002ms group_by=  0.056ms per_group= 0.049ms)
[pe] round= 10 work=      106 frontier=      480 next=      104 consolidate=  0.132ms frontier=  0.006ms semisort=  0.080ms (keyed= 0.001ms group_by=  0.021ms per_group= 0.030ms)
[pe] round= 11 work=      104 frontier=      199 next=       31 consolidate=  0.072ms frontier=  0.005ms semisort=  0.035ms (keyed= 0.000ms group_by=  0.009ms per_group= 0.012ms)
[pe] round= 12 work=       31 frontier=       67 next=       16 consolidate=  0.087ms frontier=  0.002ms semisort=  0.015ms (keyed= 0.000ms group_by=  0.003ms per_group= 0.006ms)
[pe] round= 13 work=       16 frontier=      133 next=       17 consolidate=  0.015ms frontier=  0.002ms semisort=  0.022ms (keyed= 0.000ms group_by=  0.005ms per_group= 0.007ms)
[pe] round= 14 work=       17 frontier=       93 next=       12 consolidate=  0.015ms frontier=  0.001ms semisort=  0.016ms (keyed= 0.000ms group_by=  0.004ms per_group= 0.005ms)
[pe] round= 15 work=       12 frontier=       44 next=       11 consolidate=  0.010ms frontier=  0.001ms semisort=  0.010ms (keyed= 0.000ms group_by=  0.002ms per_group= 0.004ms)
[pe] round= 16 work=       11 frontier=       26 next=        9 consolidate=  0.071ms frontier=  0.002ms semisort=  0.008ms (keyed= 0.000ms group_by=  0.001ms per_group= 0.003ms)
[pe] round= 17 work=        9 frontier=       54 next=        8 consolidate=  0.009ms frontier=  0.001ms semisort=  0.010ms (keyed= 0.000ms group_by=  0.002ms per_group= 0.004ms)
[pe] round= 18 work=        8 frontier=       61 next=        8 consolidate=  0.008ms frontier=  0.001ms semisort=  0.011ms (keyed= 0.000ms group_by=  0.003ms per_group= 0.003ms)
[pe] round= 19 work=        8 frontier=       28 next=       10 consolidate=  0.070ms frontier=  0.002ms semisort=  0.008ms (keyed= 0.000ms group_by=  0.001ms per_group= 0.004ms)
[pe] round= 20 work=       10 frontier=       22 next=        7 consolidate=  0.008ms frontier=  0.001ms semisort=  0.006ms (keyed= 0.000ms group_by=  0.001ms per_group= 0.003ms)
[pe] round= 21 work=        7 frontier=       42 next=        7 consolidate=  0.006ms frontier=  0.001ms semisort=  0.009ms (keyed= 0.000ms group_by=  0.002ms per_group= 0.003ms)
[pe] round= 22 work=        7 frontier=       58 next=        7 consolidate=  0.007ms frontier=  0.001ms semisort=  0.010ms (keyed= 0.000ms group_by=  0.002ms per_group= 0.003ms)
[pe] round= 23 work=        7 frontier=       24 next=        7 consolidate=  0.006ms frontier=  0.001ms semisort=  0.006ms (keyed= 0.000ms group_by=  0.001ms per_group= 0.003ms)
[pe] round= 24 work=        7 frontier=       19 next=        5 consolidate=  0.006ms frontier=  0.001ms semisort=  0.005ms (keyed= 0.000ms group_by=  0.001ms per_group= 0.002ms)
[pe] round= 25 work=        5 frontier=       29 next=        5 consolidate=  0.005ms frontier=  0.001ms semisort=  0.007ms (keyed= 0.000ms group_by=  0.001ms per_group= 0.002ms)
[pe] round= 26 work=        5 frontier=       42 next=        5 consolidate=  0.005ms frontier=  0.001ms semisort=  0.008ms (keyed= 0.000ms group_by=  0.002ms per_group= 0.003ms)
[pe] round= 27 work=        5 frontier=       23 next=        5 consolidate=  0.005ms frontier=  0.001ms semisort=  0.006ms (keyed= 0.000ms group_by=  0.001ms per_group= 0.002ms)
[pe] round= 28 work=        5 frontier=       12 next=        4 consolidate=  0.004ms frontier=  0.001ms semisort=  0.004ms (keyed= 0.000ms group_by=  0.001ms per_group= 0.002ms)
[pe] round= 29 work=        4 frontier=       28 next=        4 consolidate=  0.005ms frontier=  0.001ms semisort=  0.007ms (keyed= 0.000ms group_by=  0.002ms per_group= 0.002ms)
[pe] round= 30 work=        4 frontier=       32 next=        6 consolidate=  0.004ms frontier=  0.001ms semisort=  0.008ms (keyed= 0.000ms group_by=  0.001ms per_group= 0.003ms)
[pe] round= 31 work=        6 frontier=       16 next=        6 consolidate=  0.005ms frontier=  0.001ms semisort=  0.005ms (keyed= 0.000ms group_by=  0.001ms per_group= 0.002ms)
[pe] round= 32 work=        6 frontier=       12 next=        4 consolidate=  0.006ms frontier=  0.001ms semisort=  0.004ms (keyed= 0.000ms group_by=  0.001ms per_group= 0.002ms)
[pe] round= 33 work=        4 frontier=       28 next=        4 consolidate=  0.004ms frontier=  0.001ms semisort=  0.006ms (keyed= 0.000ms group_by=  0.001ms per_group= 0.002ms)
[pe] round= 34 work=        4 frontier=       32 next=        6 consolidate=  0.005ms frontier=  0.001ms semisort=  0.008ms (keyed= 0.000ms group_by=  0.001ms per_group= 0.003ms)
[pe] round= 35 work=        6 frontier=       16 next=        6 consolidate=  0.006ms frontier=  0.001ms semisort=  0.005ms (keyed= 0.000ms group_by=  0.001ms per_group= 0.002ms)
[pe] round= 36 work=        6 frontier=       12 next=        4 consolidate=  0.006ms frontier=  0.001ms semisort=  0.003ms (keyed= 0.000ms group_by=  0.000ms per_group= 0.001ms)
[pe] round= 37 work=        4 frontier=       22 next=        4 consolidate=  0.004ms frontier=  0.001ms semisort=  0.005ms (keyed= 0.000ms group_by=  0.001ms per_group= 0.002ms)
[pe] round= 38 work=        4 frontier=       33 next=        4 consolidate=  0.004ms frontier=  0.001ms semisort=  0.007ms (keyed= 0.000ms group_by=  0.001ms per_group= 0.002ms)
[pe] round= 39 work=        4 frontier=       16 next=        5 consolidate=  0.004ms frontier=  0.001ms semisort=  0.004ms (keyed= 0.000ms group_by=  0.001ms per_group= 0.002ms)
[pe] round= 40 work=        5 frontier=       12 next=        4 consolidate=  0.004ms frontier=  0.001ms semisort=  0.003ms (keyed= 0.000ms group_by=  0.001ms per_group= 0.001ms)
[pe] round= 41 work=        4 frontier=       45 next=        4 consolidate=  0.004ms frontier=  0.001ms semisort=  0.009ms (keyed= 0.000ms group_by=  0.001ms per_group= 0.004ms)
[pe] round= 42 work=        4 frontier=       55 next=        3 consolidate=  0.004ms frontier=  0.001ms semisort=  0.009ms (keyed= 0.000ms group_by=  0.003ms per_group= 0.002ms)
[pe] round= 43 work=        3 frontier=       10 next=        2 consolidate=  0.003ms frontier=  0.001ms semisort=  0.004ms (keyed= 0.000ms group_by=  0.001ms per_group= 0.001ms)
[pe] round= 44 work=        2 frontier=        7 next=        1 consolidate=  0.003ms frontier=  0.001ms semisort=  0.002ms (keyed= 0.000ms group_by=  0.000ms per_group= 0.001ms)
[pe] round= 45 work=        1 frontier=        2 next=        1 consolidate=  0.001ms frontier=  0.000ms semisort=  0.001ms (keyed= 0.000ms group_by=  0.000ms per_group= 0.001ms)
[pe] round= 46 work=        1 frontier=       15 next=        1 consolidate=  0.001ms frontier=  0.000ms semisort=  0.003ms (keyed= 0.000ms group_by=  0.001ms per_group= 0.001ms)
[pe] round= 47 work=        1 frontier=       13 next=        0 consolidate=  0.001ms frontier=  0.000ms semisort=  0.003ms (keyed= 0.000ms group_by=  0.001ms per_group= 0.001ms)
[pe] round=  0 work=  4363989 frontier=  2643397 next=    16461 consolidate=716.263ms frontier= 76.381ms semisort=233.273ms (keyed=35.141ms group_by=  5.763ms per_group=71.330ms)
[pe] round=  1 work=    16461 frontier=   118429 next=     6266 consolidate=  9.334ms frontier=  0.683ms semisort= 16.859ms (keyed= 0.190ms group_by=  8.939ms per_group= 3.027ms)
[pe] round=  2 work=     6266 frontier=    33240 next=     4000 consolidate=  3.731ms frontier=  0.301ms semisort=  5.866ms (keyed= 0.067ms group_by=  2.649ms per_group= 1.589ms)
[pe] round=  3 work=     4000 frontier=    16573 next=     2922 consolidate=  2.381ms frontier=  0.223ms semisort=  3.195ms (keyed= 0.045ms group_by=  1.213ms per_group= 0.999ms)
[pe] round=  4 work=     2922 frontier=    20380 next=     1714 consolidate=  1.811ms frontier=  0.193ms semisort=  3.273ms (keyed= 0.050ms group_by=  1.381ms per_group= 0.678ms)
[pe] round=  5 work=     1714 frontier=    10106 next=     1005 consolidate=  1.016ms frontier=  0.078ms semisort=  1.903ms (keyed= 0.017ms group_by=  0.832ms per_group= 0.458ms)
[pe] round=  6 work=     1005 frontier=     5584 next=      533 consolidate=  0.552ms frontier=  0.103ms semisort=  1.111ms (keyed= 0.014ms group_by=  0.580ms per_group= 0.224ms)
[pe] round=  7 work=      533 frontier=     2433 next=      256 consolidate=  0.330ms frontier=  0.027ms semisort=  0.490ms (keyed= 0.006ms group_by=  0.245ms per_group= 0.109ms)
[pe] round=  8 work=      256 frontier=      826 next=      117 consolidate=  0.159ms frontier=  0.013ms semisort=  0.212ms (keyed= 0.002ms group_by=  0.041ms per_group= 0.044ms)
[pe] round=  9 work=      117 frontier=     1258 next=      106 consolidate=  0.084ms frontier=  0.007ms semisort=  0.182ms (keyed= 0.001ms group_by=  0.058ms per_group= 0.051ms)
[pe] round= 10 work=      106 frontier=      480 next=      104 consolidate=  0.069ms frontier=  0.006ms semisort=  0.080ms (keyed= 0.001ms group_by=  0.021ms per_group= 0.031ms)
[pe] round= 11 work=      104 frontier=      199 next=       31 consolidate=  0.070ms frontier=  0.005ms semisort=  0.035ms (keyed= 0.000ms group_by=  0.009ms per_group= 0.012ms)
[pe] round= 12 work=       31 frontier=       67 next=       16 consolidate=  0.087ms frontier=  0.002ms semisort=  0.015ms (keyed= 0.000ms group_by=  0.003ms per_group= 0.006ms)
[pe] round= 13 work=       16 frontier=      133 next=       17 consolidate=  0.014ms frontier=  0.002ms semisort=  0.022ms (keyed= 0.000ms group_by=  0.005ms per_group= 0.007ms)
[pe] round= 14 work=       17 frontier=       93 next=       12 consolidate=  0.016ms frontier=  0.001ms semisort=  0.017ms (keyed= 0.000ms group_by=  0.004ms per_group= 0.006ms)
[pe] round= 15 work=       12 frontier=       44 next=       11 consolidate=  0.010ms frontier=  0.001ms semisort=  0.010ms (keyed= 0.000ms group_by=  0.002ms per_group= 0.005ms)
[pe] round= 16 work=       11 frontier=       26 next=        9 consolidate=  0.010ms frontier=  0.001ms semisort=  0.007ms (keyed= 0.000ms group_by=  0.001ms per_group= 0.003ms)
[pe] round= 17 work=        9 frontier=       54 next=        8 consolidate=  0.009ms frontier=  0.001ms semisort=  0.011ms (keyed= 0.000ms group_by=  0.002ms per_group= 0.004ms)
[pe] round= 18 work=        8 frontier=       61 next=        8 consolidate=  0.008ms frontier=  0.001ms semisort=  0.012ms (keyed= 0.000ms group_by=  0.003ms per_group= 0.003ms)
[pe] round= 19 work=        8 frontier=       28 next=       10 consolidate=  0.008ms frontier=  0.001ms semisort=  0.008ms (keyed= 0.000ms group_by=  0.001ms per_group= 0.004ms)
[pe] round= 20 work=       10 frontier=       22 next=        7 consolidate=  0.008ms frontier=  0.001ms semisort=  0.006ms (keyed= 0.000ms group_by=  0.001ms per_group= 0.003ms)
[pe] round= 21 work=        7 frontier=       42 next=        7 consolidate=  0.007ms frontier=  0.001ms semisort=  0.009ms (keyed= 0.000ms group_by=  0.002ms per_group= 0.003ms)
[pe] round= 22 work=        7 frontier=       58 next=        7 consolidate=  0.007ms frontier=  0.001ms semisort=  0.011ms (keyed= 0.000ms group_by=  0.002ms per_group= 0.003ms)
[pe] round= 23 work=        7 frontier=       24 next=        7 consolidate=  0.007ms frontier=  0.001ms semisort=  0.006ms (keyed= 0.000ms group_by=  0.001ms per_group= 0.003ms)
[pe] round= 24 work=        7 frontier=       19 next=        5 consolidate=  0.006ms frontier=  0.001ms semisort=  0.005ms (keyed= 0.000ms group_by=  0.001ms per_group= 0.002ms)
[pe] round= 25 work=        5 frontier=       29 next=        5 consolidate=  0.005ms frontier=  0.001ms semisort=  0.007ms (keyed= 0.000ms group_by=  0.001ms per_group= 0.002ms)
[pe] round= 26 work=        5 frontier=       42 next=        5 consolidate=  0.005ms frontier=  0.001ms semisort=  0.008ms (keyed= 0.000ms group_by=  0.002ms per_group= 0.003ms)
[pe] round= 27 work=        5 frontier=       23 next=        5 consolidate=  0.004ms frontier=  0.001ms semisort=  0.006ms (keyed= 0.000ms group_by=  0.002ms per_group= 0.002ms)
[pe] round= 28 work=        5 frontier=       12 next=        4 consolidate=  0.004ms frontier=  0.001ms semisort=  0.004ms (keyed= 0.000ms group_by=  0.001ms per_group= 0.002ms)
[pe] round= 29 work=        4 frontier=       28 next=        4 consolidate=  0.004ms frontier=  0.001ms semisort=  0.007ms (keyed= 0.000ms group_by=  0.002ms per_group= 0.003ms)
[pe] round= 30 work=        4 frontier=       32 next=        6 consolidate=  0.004ms frontier=  0.001ms semisort=  0.008ms (keyed= 0.000ms group_by=  0.001ms per_group= 0.003ms)
[pe] round= 31 work=        6 frontier=       16 next=        6 consolidate=  0.006ms frontier=  0.001ms semisort=  0.005ms (keyed= 0.000ms group_by=  0.001ms per_group= 0.002ms)
[pe] round= 32 work=        6 frontier=       12 next=        4 consolidate=  0.006ms frontier=  0.001ms semisort=  0.004ms (keyed= 0.000ms group_by=  0.001ms per_group= 0.002ms)
[pe] round= 33 work=        4 frontier=       28 next=        4 consolidate=  0.004ms frontier=  0.001ms semisort=  0.006ms (keyed= 0.000ms group_by=  0.001ms per_group= 0.002ms)
[pe] round= 34 work=        4 frontier=       32 next=        6 consolidate=  0.005ms frontier=  0.001ms semisort=  0.008ms (keyed= 0.000ms group_by=  0.001ms per_group= 0.003ms)
[pe] round= 35 work=        6 frontier=       16 next=        6 consolidate=  0.005ms frontier=  0.001ms semisort=  0.005ms (keyed= 0.000ms group_by=  0.001ms per_group= 0.002ms)
[pe] round= 36 work=        6 frontier=       12 next=        4 consolidate=  0.005ms frontier=  0.001ms semisort=  0.004ms (keyed= 0.000ms group_by=  0.000ms per_group= 0.002ms)
[pe] round= 37 work=        4 frontier=       22 next=        4 consolidate=  0.004ms frontier=  0.001ms semisort=  0.005ms (keyed= 0.000ms group_by=  0.001ms per_group= 0.002ms)
[pe] round= 38 work=        4 frontier=       33 next=        4 consolidate=  0.004ms frontier=  0.001ms semisort=  0.007ms (keyed= 0.000ms group_by=  0.001ms per_group= 0.002ms)
[pe] round= 39 work=        4 frontier=       16 next=        5 consolidate=  0.004ms frontier=  0.001ms semisort=  0.005ms (keyed= 0.000ms group_by=  0.001ms per_group= 0.002ms)
[pe] round= 40 work=        5 frontier=       12 next=        4 consolidate=  0.005ms frontier=  0.001ms semisort=  0.003ms (keyed= 0.000ms group_by=  0.001ms per_group= 0.001ms)
[pe] round= 41 work=        4 frontier=       45 next=        4 consolidate=  0.004ms frontier=  0.001ms semisort=  0.007ms (keyed= 0.000ms group_by=  0.001ms per_group= 0.002ms)
[pe] round= 42 work=        4 frontier=       55 next=        3 consolidate=  0.004ms frontier=  0.001ms semisort=  0.009ms (keyed= 0.000ms group_by=  0.003ms per_group= 0.002ms)
[pe] round= 43 work=        3 frontier=       10 next=        2 consolidate=  0.003ms frontier=  0.001ms semisort=  0.004ms (keyed= 0.000ms group_by=  0.001ms per_group= 0.001ms)
[pe] round= 44 work=        2 frontier=        7 next=        1 consolidate=  0.002ms frontier=  0.000ms semisort=  0.002ms (keyed= 0.000ms group_by=  0.000ms per_group= 0.001ms)
[pe] round= 45 work=        1 frontier=        2 next=        1 consolidate=  0.002ms frontier=  0.001ms semisort=  0.002ms (keyed= 0.000ms group_by=  0.000ms per_group= 0.001ms)
[pe] round= 46 work=        1 frontier=       15 next=        1 consolidate=  0.001ms frontier=  0.000ms semisort=  0.002ms (keyed= 0.000ms group_by=  0.001ms per_group= 0.001ms)
[pe] round= 47 work=        1 frontier=       13 next=        0 consolidate=  0.001ms frontier=  0.000ms semisort=  0.003ms (keyed= 0.000ms group_by=  0.001ms per_group= 0.001ms)
[pe] round=  0 work=  4363989 frontier=  2643397 next=    16461 consolidate=729.413ms frontier= 76.411ms semisort=233.901ms (keyed=35.234ms group_by=  5.794ms per_group=71.643ms)
[pe] round=  1 work=    16461 frontier=   118429 next=     6266 consolidate=  9.308ms frontier=  0.680ms semisort= 16.895ms (keyed= 0.182ms group_by=  8.948ms per_group= 3.066ms)
[pe] round=  2 work=     6266 frontier=    33240 next=     4000 consolidate=  3.934ms frontier=  0.235ms semisort=  5.390ms (keyed= 0.067ms group_by=  2.336ms per_group= 1.325ms)
[pe] round=  3 work=     4000 frontier=    16573 next=     2922 consolidate=  2.225ms frontier=  0.157ms semisort=  3.168ms (keyed= 0.038ms group_by=  1.285ms per_group= 0.903ms)
[pe] round=  4 work=     2922 frontier=    20380 next=     1714 consolidate=  1.722ms frontier=  0.193ms semisort=  3.273ms (keyed= 0.052ms group_by=  1.422ms per_group= 0.764ms)
[pe] round=  5 work=     1714 frontier=    10106 next=     1005 consolidate=  1.079ms frontier=  0.086ms semisort=  1.725ms (keyed= 0.026ms group_by=  0.777ms per_group= 0.413ms)
[pe] round=  6 work=     1005 frontier=     5584 next=      533 consolidate=  0.599ms frontier=  0.107ms semisort=  1.119ms (keyed= 0.013ms group_by=  0.600ms per_group= 0.219ms)
[pe] round=  7 work=      533 frontier=     2433 next=      256 consolidate=  0.334ms frontier=  0.027ms semisort=  0.506ms (keyed= 0.006ms group_by=  0.254ms per_group= 0.112ms)
[pe] round=  8 work=      256 frontier=      826 next=      117 consolidate=  0.160ms frontier=  0.013ms semisort=  0.210ms (keyed= 0.001ms group_by=  0.042ms per_group= 0.042ms)
[pe] round=  9 work=      117 frontier=     1258 next=      106 consolidate=  0.085ms frontier=  0.007ms semisort=  0.221ms (keyed= 0.002ms group_by=  0.088ms per_group= 0.064ms)
[pe] round= 10 work=      106 frontier=      480 next=      104 consolidate=  0.070ms frontier=  0.006ms semisort=  0.086ms (keyed= 0.001ms group_by=  0.021ms per_group= 0.031ms)
[pe] round= 11 work=      104 frontier=      199 next=       31 consolidate=  0.071ms frontier=  0.005ms semisort=  0.035ms (keyed= 0.000ms group_by=  0.009ms per_group= 0.012ms)
[pe] round= 12 work=       31 frontier=       67 next=       16 consolidate=  0.023ms frontier=  0.002ms semisort=  0.014ms (keyed= 0.000ms group_by=  0.003ms per_group= 0.006ms)
[pe] round= 13 work=       16 frontier=      133 next=       17 consolidate=  0.014ms frontier=  0.002ms semisort=  0.022ms (keyed= 0.000ms group_by=  0.005ms per_group= 0.007ms)
[pe] round= 14 work=       17 frontier=       93 next=       12 consolidate=  0.015ms frontier=  0.001ms semisort=  0.017ms (keyed= 0.000ms group_by=  0.004ms per_group= 0.006ms)
[pe] round= 15 work=       12 frontier=       44 next=       11 consolidate=  0.011ms frontier=  0.001ms semisort=  0.010ms (keyed= 0.000ms group_by=  0.002ms per_group= 0.005ms)
[pe] round= 16 work=       11 frontier=       26 next=        9 consolidate=  0.009ms frontier=  0.002ms semisort=  0.007ms (keyed= 0.000ms group_by=  0.001ms per_group= 0.003ms)
[pe] round= 17 work=        9 frontier=       54 next=        8 consolidate=  0.009ms frontier=  0.001ms semisort=  0.011ms (keyed= 0.000ms group_by=  0.002ms per_group= 0.004ms)
[pe] round= 18 work=        8 frontier=       61 next=        8 consolidate=  0.008ms frontier=  0.001ms semisort=  0.011ms (keyed= 0.000ms group_by=  0.003ms per_group= 0.003ms)
[pe] round= 19 work=        8 frontier=       28 next=       10 consolidate=  0.007ms frontier=  0.001ms semisort=  0.007ms (keyed= 0.000ms group_by=  0.001ms per_group= 0.004ms)
[pe] round= 20 work=       10 frontier=       22 next=        7 consolidate=  0.009ms frontier=  0.001ms semisort=  0.006ms (keyed= 0.000ms group_by=  0.001ms per_group= 0.002ms)
[pe] round= 21 work=        7 frontier=       42 next=        7 consolidate=  0.007ms frontier=  0.001ms semisort=  0.009ms (keyed= 0.000ms group_by=  0.002ms per_group= 0.003ms)
[pe] round= 22 work=        7 frontier=       58 next=        7 consolidate=  0.007ms frontier=  0.001ms semisort=  0.011ms (keyed= 0.000ms group_by=  0.002ms per_group= 0.003ms)
[pe] round= 23 work=        7 frontier=       24 next=        7 consolidate=  0.006ms frontier=  0.001ms semisort=  0.007ms (keyed= 0.000ms group_by=  0.001ms per_group= 0.003ms)
[pe] round= 24 work=        7 frontier=       19 next=        5 consolidate=  0.006ms frontier=  0.001ms semisort=  0.005ms (keyed= 0.000ms group_by=  0.001ms per_group= 0.002ms)
[pe] round= 25 work=        5 frontier=       29 next=        5 consolidate=  0.005ms frontier=  0.001ms semisort=  0.007ms (keyed= 0.000ms group_by=  0.001ms per_group= 0.002ms)
[pe] round= 26 work=        5 frontier=       42 next=        5 consolidate=  0.005ms frontier=  0.001ms semisort=  0.008ms (keyed= 0.000ms group_by=  0.002ms per_group= 0.003ms)
[pe] round= 27 work=        5 frontier=       23 next=        5 consolidate=  0.005ms frontier=  0.001ms semisort=  0.007ms (keyed= 0.000ms group_by=  0.002ms per_group= 0.002ms)
[pe] round= 28 work=        5 frontier=       12 next=        4 consolidate=  0.005ms frontier=  0.001ms semisort=  0.004ms (keyed= 0.000ms group_by=  0.001ms per_group= 0.002ms)
[pe] round= 29 work=        4 frontier=       28 next=        4 consolidate=  0.005ms frontier=  0.001ms semisort=  0.007ms (keyed= 0.000ms group_by=  0.002ms per_group= 0.002ms)
[pe] round= 30 work=        4 frontier=       32 next=        6 consolidate=  0.004ms frontier=  0.001ms semisort=  0.008ms (keyed= 0.000ms group_by=  0.001ms per_group= 0.003ms)
[pe] round= 31 work=        6 frontier=       16 next=        6 consolidate=  0.006ms frontier=  0.001ms semisort=  0.005ms (keyed= 0.000ms group_by=  0.001ms per_group= 0.002ms)
[pe] round= 32 work=        6 frontier=       12 next=        4 consolidate=  0.006ms frontier=  0.001ms semisort=  0.004ms (keyed= 0.000ms group_by=  0.001ms per_group= 0.002ms)
[pe] round= 33 work=        4 frontier=       28 next=        4 consolidate=  0.004ms frontier=  0.001ms semisort=  0.006ms (keyed= 0.000ms group_by=  0.001ms per_group= 0.002ms)
[pe] round= 34 work=        4 frontier=       32 next=        6 consolidate=  0.004ms frontier=  0.001ms semisort=  0.008ms (keyed= 0.000ms group_by=  0.001ms per_group= 0.003ms)
[pe] round= 35 work=        6 frontier=       16 next=        6 consolidate=  0.005ms frontier=  0.001ms semisort=  0.005ms (keyed= 0.000ms group_by=  0.001ms per_group= 0.002ms)
[pe] round= 36 work=        6 frontier=       12 next=        4 consolidate=  0.005ms frontier=  0.001ms semisort=  0.004ms (keyed= 0.000ms group_by=  0.001ms per_group= 0.002ms)
[pe] round= 37 work=        4 frontier=       22 next=        4 consolidate=  0.004ms frontier=  0.001ms semisort=  0.005ms (keyed= 0.000ms group_by=  0.001ms per_group= 0.002ms)
[pe] round= 38 work=        4 frontier=       33 next=        4 consolidate=  0.004ms frontier=  0.001ms semisort=  0.007ms (keyed= 0.000ms group_by=  0.001ms per_group= 0.002ms)
[pe] round= 39 work=        4 frontier=       16 next=        5 consolidate=  0.005ms frontier=  0.001ms semisort=  0.004ms (keyed= 0.000ms group_by=  0.001ms per_group= 0.002ms)
[pe] round= 40 work=        5 frontier=       12 next=        4 consolidate=  0.005ms frontier=  0.001ms semisort=  0.003ms (keyed= 0.000ms group_by=  0.001ms per_group= 0.001ms)
[pe] round= 41 work=        4 frontier=       45 next=        4 consolidate=  0.004ms frontier=  0.001ms semisort=  0.007ms (keyed= 0.000ms group_by=  0.001ms per_group= 0.002ms)
[pe] round= 42 work=        4 frontier=       55 next=        3 consolidate=  0.004ms frontier=  0.001ms semisort=  0.010ms (keyed= 0.000ms group_by=  0.003ms per_group= 0.002ms)
[pe] round= 43 work=        3 frontier=       10 next=        2 consolidate=  0.003ms frontier=  0.001ms semisort=  0.004ms (keyed= 0.000ms group_by=  0.001ms per_group= 0.002ms)
[pe] round= 44 work=        2 frontier=        7 next=        1 consolidate=  0.003ms frontier=  0.001ms semisort=  0.002ms (keyed= 0.000ms group_by=  0.000ms per_group= 0.001ms)
[pe] round= 45 work=        1 frontier=        2 next=        1 consolidate=  0.002ms frontier=  0.001ms semisort=  0.002ms (keyed= 0.000ms group_by=  0.000ms per_group= 0.001ms)
[pe] round= 46 work=        1 frontier=       15 next=        1 consolidate=  0.001ms frontier=  0.000ms semisort=  0.003ms (keyed= 0.000ms group_by=  0.001ms per_group= 0.001ms)
[pe] round= 47 work=        1 frontier=       13 next=        0 consolidate=  0.001ms frontier=  0.000ms semisort=  0.003ms (keyed= 0.000ms group_by=  0.001ms per_group= 0.001ms)
[pe] round=  0 work=  4363989 frontier=  2643397 next=    16461 consolidate=732.039ms frontier= 77.453ms semisort=233.518ms (keyed=35.257ms group_by=  5.689ms per_group=71.563ms)
[pe] round=  1 work=    16461 frontier=   118429 next=     6266 consolidate=  9.264ms frontier=  0.811ms semisort= 15.948ms (keyed= 0.196ms group_by=  8.040ms per_group= 3.087ms)
[pe] round=  2 work=     6266 frontier=    33240 next=     4000 consolidate=  4.073ms frontier=  0.306ms semisort=  5.847ms (keyed= 0.127ms group_by=  2.596ms per_group= 1.482ms)
[pe] round=  3 work=     4000 frontier=    16573 next=     2922 consolidate=  2.379ms frontier=  0.139ms semisort=  3.188ms (keyed= 0.043ms group_by=  1.236ms per_group= 0.964ms)
[pe] round=  4 work=     2922 frontier=    20380 next=     1714 consolidate=  1.688ms frontier=  0.195ms semisort=  3.312ms (keyed= 0.052ms group_by=  1.396ms per_group= 0.829ms)
[pe] round=  5 work=     1714 frontier=    10106 next=     1005 consolidate=  1.094ms frontier=  0.083ms semisort=  1.719ms (keyed= 0.028ms group_by=  0.763ms per_group= 0.397ms)
[pe] round=  6 work=     1005 frontier=     5584 next=      533 consolidate=  0.592ms frontier=  0.048ms semisort=  1.198ms (keyed= 0.014ms group_by=  0.588ms per_group= 0.266ms)
[pe] round=  7 work=      533 frontier=     2433 next=      256 consolidate=  0.403ms frontier=  0.027ms semisort=  0.495ms (keyed= 0.006ms group_by=  0.248ms per_group= 0.108ms)
[pe] round=  8 work=      256 frontier=      826 next=      117 consolidate=  0.161ms frontier=  0.012ms semisort=  0.209ms (keyed= 0.002ms group_by=  0.041ms per_group= 0.042ms)
[pe] round=  9 work=      117 frontier=     1258 next=      106 consolidate=  0.087ms frontier=  0.007ms semisort=  0.179ms (keyed= 0.002ms group_by=  0.056ms per_group= 0.050ms)
[pe] round= 10 work=      106 frontier=      480 next=      104 consolidate=  0.131ms frontier=  0.006ms semisort=  0.087ms (keyed= 0.001ms group_by=  0.021ms per_group= 0.033ms)
[pe] round= 11 work=      104 frontier=      199 next=       31 consolidate=  0.077ms frontier=  0.004ms semisort=  0.035ms (keyed= 0.000ms group_by=  0.009ms per_group= 0.013ms)
[pe] round= 12 work=       31 frontier=       67 next=       16 consolidate=  0.025ms frontier=  0.002ms semisort=  0.014ms (keyed= 0.000ms group_by=  0.003ms per_group= 0.006ms)
[pe] round= 13 work=       16 frontier=      133 next=       17 consolidate=  0.014ms frontier=  0.002ms semisort=  0.022ms (keyed= 0.000ms group_by=  0.005ms per_group= 0.007ms)
[pe] round= 14 work=       17 frontier=       93 next=       12 consolidate=  0.013ms frontier=  0.002ms semisort=  0.017ms (keyed= 0.000ms group_by=  0.004ms per_group= 0.006ms)
[pe] round= 15 work=       12 frontier=       44 next=       11 consolidate=  0.011ms frontier=  0.001ms semisort=  0.010ms (keyed= 0.000ms group_by=  0.002ms per_group= 0.005ms)
[pe] round= 16 work=       11 frontier=       26 next=        9 consolidate=  0.009ms frontier=  0.001ms semisort=  0.007ms (keyed= 0.000ms group_by=  0.001ms per_group= 0.003ms)
[pe] round= 17 work=        9 frontier=       54 next=        8 consolidate=  0.009ms frontier=  0.001ms semisort=  0.011ms (keyed= 0.000ms group_by=  0.002ms per_group= 0.004ms)
[pe] round= 18 work=        8 frontier=       61 next=        8 consolidate=  0.007ms frontier=  0.001ms semisort=  0.011ms (keyed= 0.000ms group_by=  0.003ms per_group= 0.003ms)
[pe] round= 19 work=        8 frontier=       28 next=       10 consolidate=  0.007ms frontier=  0.001ms semisort=  0.008ms (keyed= 0.000ms group_by=  0.001ms per_group= 0.004ms)
[pe] round= 20 work=       10 frontier=       22 next=        7 consolidate=  0.009ms frontier=  0.001ms semisort=  0.006ms (keyed= 0.000ms group_by=  0.001ms per_group= 0.003ms)
[pe] round= 21 work=        7 frontier=       42 next=        7 consolidate=  0.007ms frontier=  0.001ms semisort=  0.009ms (keyed= 0.000ms group_by=  0.002ms per_group= 0.003ms)
[pe] round= 22 work=        7 frontier=       58 next=        7 consolidate=  0.007ms frontier=  0.001ms semisort=  0.011ms (keyed= 0.000ms group_by=  0.002ms per_group= 0.003ms)
[pe] round= 23 work=        7 frontier=       24 next=        7 consolidate=  0.069ms frontier=  0.001ms semisort=  0.007ms (keyed= 0.000ms group_by=  0.001ms per_group= 0.003ms)
[pe] round= 24 work=        7 frontier=       19 next=        5 consolidate=  0.007ms frontier=  0.001ms semisort=  0.005ms (keyed= 0.000ms group_by=  0.001ms per_group= 0.002ms)
[pe] round= 25 work=        5 frontier=       29 next=        5 consolidate=  0.006ms frontier=  0.001ms semisort=  0.007ms (keyed= 0.000ms group_by=  0.001ms per_group= 0.002ms)
[pe] round= 26 work=        5 frontier=       42 next=        5 consolidate=  0.005ms frontier=  0.001ms semisort=  0.008ms (keyed= 0.000ms group_by=  0.002ms per_group= 0.003ms)
[pe] round= 27 work=        5 frontier=       23 next=        5 consolidate=  0.005ms frontier=  0.001ms semisort=  0.006ms (keyed= 0.000ms group_by=  0.002ms per_group= 0.002ms)
[pe] round= 28 work=        5 frontier=       12 next=        4 consolidate=  0.004ms frontier=  0.001ms semisort=  0.004ms (keyed= 0.000ms group_by=  0.001ms per_group= 0.002ms)
[pe] round= 29 work=        4 frontier=       28 next=        4 consolidate=  0.004ms frontier=  0.001ms semisort=  0.007ms (keyed= 0.000ms group_by=  0.002ms per_group= 0.003ms)
[pe] round= 30 work=        4 frontier=       32 next=        6 consolidate=  0.005ms frontier=  0.001ms semisort=  0.007ms (keyed= 0.000ms group_by=  0.001ms per_group= 0.003ms)
[pe] round= 31 work=        6 frontier=       16 next=        6 consolidate=  0.005ms frontier=  0.001ms semisort=  0.005ms (keyed= 0.000ms group_by=  0.001ms per_group= 0.002ms)
[pe] round= 32 work=        6 frontier=       12 next=        4 consolidate=  0.005ms frontier=  0.001ms semisort=  0.004ms (keyed= 0.000ms group_by=  0.001ms per_group= 0.002ms)
[pe] round= 33 work=        4 frontier=       28 next=        4 consolidate=  0.004ms frontier=  0.001ms semisort=  0.006ms (keyed= 0.000ms group_by=  0.001ms per_group= 0.002ms)
[pe] round= 34 work=        4 frontier=       32 next=        6 consolidate=  0.004ms frontier=  0.001ms semisort=  0.007ms (keyed= 0.000ms group_by=  0.001ms per_group= 0.003ms)
[pe] round= 35 work=        6 frontier=       16 next=        6 consolidate=  0.005ms frontier=  0.001ms semisort=  0.005ms (keyed= 0.000ms group_by=  0.001ms per_group= 0.002ms)
[pe] round= 36 work=        6 frontier=       12 next=        4 consolidate=  0.006ms frontier=  0.001ms semisort=  0.004ms (keyed= 0.000ms group_by=  0.001ms per_group= 0.002ms)
[pe] round= 37 work=        4 frontier=       22 next=        4 consolidate=  0.004ms frontier=  0.001ms semisort=  0.005ms (keyed= 0.000ms group_by=  0.001ms per_group= 0.002ms)
[pe] round= 38 work=        4 frontier=       33 next=        4 consolidate=  0.004ms frontier=  0.001ms semisort=  0.007ms (keyed= 0.000ms group_by=  0.001ms per_group= 0.002ms)
[pe] round= 39 work=        4 frontier=       16 next=        5 consolidate=  0.004ms frontier=  0.001ms semisort=  0.005ms (keyed= 0.000ms group_by=  0.001ms per_group= 0.002ms)
[pe] round= 40 work=        5 frontier=       12 next=        4 consolidate=  0.005ms frontier=  0.001ms semisort=  0.003ms (keyed= 0.000ms group_by=  0.001ms per_group= 0.001ms)
[pe] round= 41 work=        4 frontier=       45 next=        4 consolidate=  0.004ms frontier=  0.001ms semisort=  0.007ms (keyed= 0.000ms group_by=  0.001ms per_group= 0.002ms)
[pe] round= 42 work=        4 frontier=       55 next=        3 consolidate=  0.004ms frontier=  0.001ms semisort=  0.010ms (keyed= 0.000ms group_by=  0.003ms per_group= 0.002ms)
[pe] round= 43 work=        3 frontier=       10 next=        2 consolidate=  0.003ms frontier=  0.001ms semisort=  0.004ms (keyed= 0.000ms group_by=  0.001ms per_group= 0.001ms)
[pe] round= 44 work=        2 frontier=        7 next=        1 consolidate=  0.003ms frontier=  0.001ms semisort=  0.002ms (keyed= 0.000ms group_by=  0.000ms per_group= 0.001ms)
[pe] round= 45 work=        1 frontier=        2 next=        1 consolidate=  0.001ms frontier=  0.001ms semisort=  0.002ms (keyed= 0.000ms group_by=  0.000ms per_group= 0.001ms)
[pe] round= 46 work=        1 frontier=       15 next=        1 consolidate=  0.001ms frontier=  0.000ms semisort=  0.003ms (keyed= 0.000ms group_by=  0.001ms per_group= 0.001ms)
[pe] round= 47 work=        1 frontier=       13 next=        0 consolidate=  0.001ms frontier=  0.000ms semisort=  0.003ms (keyed= 0.000ms group_by=  0.001ms per_group= 0.001ms)
[pe] round=  0 work=  4363989 frontier=  2643397 next=    16461 consolidate=737.477ms frontier= 78.352ms semisort=233.780ms (keyed=35.369ms group_by=  5.642ms per_group=71.618ms)
[pe] round=  1 work=    16461 frontier=   118429 next=     6266 consolidate=  9.322ms frontier=  0.698ms semisort= 16.575ms (keyed= 0.161ms group_by=  8.748ms per_group= 3.004ms)
[pe] round=  2 work=     6266 frontier=    33240 next=     4000 consolidate=  3.805ms frontier=  0.241ms semisort=  5.760ms (keyed= 0.067ms group_by=  2.514ms per_group= 1.424ms)
[pe] round=  3 work=     4000 frontier=    16573 next=     2922 consolidate=  2.318ms frontier=  0.152ms semisort=  3.201ms (keyed= 0.044ms group_by=  1.200ms per_group= 0.899ms)
[pe] round=  4 work=     2922 frontier=    20380 next=     1714 consolidate=  1.728ms frontier=  0.194ms semisort=  3.242ms (keyed= 0.055ms group_by=  1.397ms per_group= 0.754ms)
[pe] round=  5 work=     1714 frontier=    10106 next=     1005 consolidate=  1.059ms frontier=  0.068ms semisort=  1.752ms (keyed= 0.027ms group_by=  0.751ms per_group= 0.384ms)
[pe] round=  6 work=     1005 frontier=     5584 next=      533 consolidate=  0.644ms frontier=  0.044ms semisort=  1.184ms (keyed= 0.012ms group_by=  0.600ms per_group= 0.216ms)
[pe] round=  7 work=      533 frontier=     2433 next=      256 consolidate=  0.333ms frontier=  0.026ms semisort=  0.565ms (keyed= 0.006ms group_by=  0.250ms per_group= 0.110ms)
[pe] round=  8 work=      256 frontier=      826 next=      117 consolidate=  0.165ms frontier=  0.012ms semisort=  0.274ms (keyed= 0.002ms group_by=  0.043ms per_group= 0.106ms)
[pe] round=  9 work=      117 frontier=     1258 next=      106 consolidate=  0.083ms frontier=  0.007ms semisort=  0.182ms (keyed= 0.002ms group_by=  0.057ms per_group= 0.050ms)
[pe] round= 10 work=      106 frontier=      480 next=      104 consolidate=  0.069ms frontier=  0.005ms semisort=  0.081ms (keyed= 0.001ms group_by=  0.022ms per_group= 0.031ms)
[pe] round= 11 work=      104 frontier=      199 next=       31 consolidate=  0.134ms frontier=  0.005ms semisort=  0.036ms (keyed= 0.000ms group_by=  0.009ms per_group= 0.013ms)
[pe] round= 12 work=       31 frontier=       67 next=       16 consolidate=  0.021ms frontier=  0.002ms semisort=  0.014ms (keyed= 0.000ms group_by=  0.003ms per_group= 0.006ms)
[pe] round= 13 work=       16 frontier=      133 next=       17 consolidate=  0.014ms frontier=  0.002ms semisort=  0.022ms (keyed= 0.000ms group_by=  0.005ms per_group= 0.007ms)
[pe] round= 14 work=       17 frontier=       93 next=       12 consolidate=  0.016ms frontier=  0.001ms semisort=  0.017ms (keyed= 0.000ms group_by=  0.004ms per_group= 0.006ms)
[pe] round= 15 work=       12 frontier=       44 next=       11 consolidate=  0.011ms frontier=  0.001ms semisort=  0.010ms (keyed= 0.000ms group_by=  0.002ms per_group= 0.004ms)
[pe] round= 16 work=       11 frontier=       26 next=        9 consolidate=  0.009ms frontier=  0.002ms semisort=  0.007ms (keyed= 0.000ms group_by=  0.001ms per_group= 0.003ms)
[pe] round= 17 work=        9 frontier=       54 next=        8 consolidate=  0.008ms frontier=  0.001ms semisort=  0.011ms (keyed= 0.000ms group_by=  0.002ms per_group= 0.004ms)
[pe] round= 18 work=        8 frontier=       61 next=        8 consolidate=  0.008ms frontier=  0.001ms semisort=  0.011ms (keyed= 0.000ms group_by=  0.003ms per_group= 0.003ms)
[pe] round= 19 work=        8 frontier=       28 next=       10 consolidate=  0.071ms frontier=  0.002ms semisort=  0.008ms (keyed= 0.000ms group_by=  0.001ms per_group= 0.004ms)
[pe] round= 20 work=       10 frontier=       22 next=        7 consolidate=  0.009ms frontier=  0.001ms semisort=  0.006ms (keyed= 0.000ms group_by=  0.001ms per_group= 0.003ms)
[pe] round= 21 work=        7 frontier=       42 next=        7 consolidate=  0.007ms frontier=  0.001ms semisort=  0.009ms (keyed= 0.000ms group_by=  0.002ms per_group= 0.003ms)
[pe] round= 22 work=        7 frontier=       58 next=        7 consolidate=  0.007ms frontier=  0.001ms semisort=  0.011ms (keyed= 0.000ms group_by=  0.002ms per_group= 0.003ms)
[pe] round= 23 work=        7 frontier=       24 next=        7 consolidate=  0.006ms frontier=  0.001ms semisort=  0.007ms (keyed= 0.000ms group_by=  0.001ms per_group= 0.003ms)
[pe] round= 24 work=        7 frontier=       19 next=        5 consolidate=  0.006ms frontier=  0.001ms semisort=  0.005ms (keyed= 0.000ms group_by=  0.001ms per_group= 0.002ms)
[pe] round= 25 work=        5 frontier=       29 next=        5 consolidate=  0.005ms frontier=  0.001ms semisort=  0.007ms (keyed= 0.000ms group_by=  0.001ms per_group= 0.002ms)
[pe] round= 26 work=        5 frontier=       42 next=        5 consolidate=  0.005ms frontier=  0.001ms semisort=  0.008ms (keyed= 0.000ms group_by=  0.002ms per_group= 0.003ms)
[pe] round= 27 work=        5 frontier=       23 next=        5 consolidate=  0.004ms frontier=  0.001ms semisort=  0.006ms (keyed= 0.000ms group_by=  0.001ms per_group= 0.002ms)
[pe] round= 28 work=        5 frontier=       12 next=        4 consolidate=  0.005ms frontier=  0.001ms semisort=  0.004ms (keyed= 0.000ms group_by=  0.001ms per_group= 0.002ms)
[pe] round= 29 work=        4 frontier=       28 next=        4 consolidate=  0.004ms frontier=  0.001ms semisort=  0.007ms (keyed= 0.000ms group_by=  0.001ms per_group= 0.002ms)
[pe] round= 30 work=        4 frontier=       32 next=        6 consolidate=  0.005ms frontier=  0.001ms semisort=  0.008ms (keyed= 0.000ms group_by=  0.001ms per_group= 0.003ms)
[pe] round= 31 work=        6 frontier=       16 next=        6 consolidate=  0.006ms frontier=  0.001ms semisort=  0.005ms (keyed= 0.000ms group_by=  0.001ms per_group= 0.002ms)
[pe] round= 32 work=        6 frontier=       12 next=        4 consolidate=  0.006ms frontier=  0.001ms semisort=  0.004ms (keyed= 0.000ms group_by=  0.001ms per_group= 0.001ms)
[pe] round= 33 work=        4 frontier=       28 next=        4 consolidate=  0.004ms frontier=  0.001ms semisort=  0.006ms (keyed= 0.000ms group_by=  0.001ms per_group= 0.002ms)
[pe] round= 34 work=        4 frontier=       32 next=        6 consolidate=  0.004ms frontier=  0.001ms semisort=  0.008ms (keyed= 0.000ms group_by=  0.001ms per_group= 0.003ms)
[pe] round= 35 work=        6 frontier=       16 next=        6 consolidate=  0.005ms frontier=  0.001ms semisort=  0.005ms (keyed= 0.000ms group_by=  0.001ms per_group= 0.002ms)
[pe] round= 36 work=        6 frontier=       12 next=        4 consolidate=  0.005ms frontier=  0.001ms semisort=  0.004ms (keyed= 0.000ms group_by=  0.001ms per_group= 0.002ms)
[pe] round= 37 work=        4 frontier=       22 next=        4 consolidate=  0.004ms frontier=  0.001ms semisort=  0.005ms (keyed= 0.000ms group_by=  0.001ms per_group= 0.002ms)
[pe] round= 38 work=        4 frontier=       33 next=        4 consolidate=  0.004ms frontier=  0.001ms semisort=  0.007ms (keyed= 0.000ms group_by=  0.001ms per_group= 0.002ms)
[pe] round= 39 work=        4 frontier=       16 next=        5 consolidate=  0.004ms frontier=  0.001ms semisort=  0.004ms (keyed= 0.000ms group_by=  0.001ms per_group= 0.002ms)
[pe] round= 40 work=        5 frontier=       12 next=        4 consolidate=  0.005ms frontier=  0.001ms semisort=  0.003ms (keyed= 0.000ms group_by=  0.001ms per_group= 0.001ms)
[pe] round= 41 work=        4 frontier=       45 next=        4 consolidate=  0.004ms frontier=  0.001ms semisort=  0.012ms (keyed= 0.000ms group_by=  0.001ms per_group= 0.007ms)
[pe] round= 42 work=        4 frontier=       55 next=        3 consolidate=  0.004ms frontier=  0.001ms semisort=  0.009ms (keyed= 0.000ms group_by=  0.003ms per_group= 0.002ms)
[pe] round= 43 work=        3 frontier=       10 next=        2 consolidate=  0.003ms frontier=  0.001ms semisort=  0.004ms (keyed= 0.000ms group_by=  0.001ms per_group= 0.002ms)
[pe] round= 44 work=        2 frontier=        7 next=        1 consolidate=  0.003ms frontier=  0.001ms semisort=  0.002ms (keyed= 0.000ms group_by=  0.000ms per_group= 0.001ms)
[pe] round= 45 work=        1 frontier=        2 next=        1 consolidate=  0.001ms frontier=  0.001ms semisort=  0.002ms (keyed= 0.000ms group_by=  0.000ms per_group= 0.001ms)
[pe] round= 46 work=        1 frontier=       15 next=        1 consolidate=  0.001ms frontier=  0.000ms semisort=  0.003ms (keyed= 0.000ms group_by=  0.001ms per_group= 0.001ms)
[pe] round= 47 work=        1 frontier=       13 next=        0 consolidate=  0.001ms frontier=  0.000ms semisort=  0.003ms (keyed= 0.000ms group_by=  0.001ms per_group= 0.001ms)
[pe-async] round=  0 R=2 dirty=  2643397 runs=  1677825 filter= 27.531ms semisort=113.353ms
[pe-async] round=  1 R=3 dirty=   117396 runs=    86221 filter= 30.865ms semisort=  8.382ms
[pe-async] round=  2 R=4 dirty=    32744 runs=    22444 filter= 29.187ms semisort=  2.396ms
[pe-async] round=  3 R=5 dirty=    15141 runs=     7573 filter= 28.078ms semisort=  1.480ms
[pe-async] round=  4 R=6 dirty=    19535 runs=    10298 filter= 28.094ms semisort=  1.550ms
[pe-async] round=  5 R=7 dirty=     9695 runs=     7032 filter= 27.672ms semisort=  0.927ms
[pe-async] round=  6 R=8 dirty=     5493 runs=     3220 filter= 27.730ms semisort=  0.542ms
[pe-async] round=  7 R=9 dirty=     2423 runs=     1645 filter= 27.538ms semisort=  0.376ms
[pe-async] round=  8 R=10 dirty=      817 runs=      626 filter= 27.784ms semisort=  0.101ms
[pe-async] round=  9 R=11 dirty=     1194 runs=      533 filter= 28.027ms semisort=  0.122ms
[pe-async] round= 10 R=12 dirty=      480 runs=      339 filter= 27.672ms semisort=  0.132ms
[pe-async] round= 11 R=13 dirty=      199 runs=      111 filter= 27.544ms semisort=  0.032ms
[pe-async] round= 12 R=14 dirty=       67 runs=       41 filter= 27.555ms semisort=  0.017ms
[pe-async] round= 13 R=15 dirty=      133 runs=       73 filter= 27.472ms semisort=  0.022ms
[pe-async] round= 14 R=16 dirty=       93 runs=       62 filter= 27.629ms semisort=  0.017ms
[pe-async] round= 15 R=17 dirty=       44 runs=       21 filter= 27.667ms semisort=  0.012ms
[pe-async] round= 16 R=18 dirty=       26 runs=        9 filter= 27.544ms semisort=  0.010ms
[pe-async] round= 17 R=19 dirty=       54 runs=       29 filter= 27.214ms semisort=  0.013ms
[pe-async] round= 18 R=20 dirty=       61 runs=       37 filter= 27.473ms semisort=  0.019ms
[pe-async] round= 19 R=21 dirty=       28 runs=       12 filter= 27.520ms semisort=  0.010ms
[pe-async] round= 20 R=22 dirty=       22 runs=        7 filter= 27.463ms semisort=  0.009ms
[pe-async] round= 21 R=23 dirty=       42 runs=       19 filter= 27.495ms semisort=  0.011ms
[pe-async] round= 22 R=24 dirty=       58 runs=       34 filter= 27.287ms semisort=  0.014ms
[pe-async] round= 23 R=25 dirty=       24 runs=       13 filter= 27.537ms semisort=  0.009ms
[pe-async] round= 24 R=26 dirty=       19 runs=        7 filter= 27.333ms semisort=  0.009ms
[pe-async] round= 25 R=27 dirty=       29 runs=       15 filter= 27.352ms semisort=  0.009ms
[pe-async] round= 26 R=28 dirty=       42 runs=       21 filter= 27.364ms semisort=  0.012ms
[pe-async] round= 27 R=29 dirty=       23 runs=       14 filter= 27.444ms semisort=  0.009ms
[pe-async] round= 28 R=30 dirty=       12 runs=        4 filter= 27.454ms semisort=  0.007ms
[pe-async] round= 29 R=31 dirty=       28 runs=       16 filter= 27.441ms semisort=  0.009ms
[pe-async] round= 30 R=32 dirty=       32 runs=       18 filter= 27.536ms semisort=  0.010ms
[pe-async] round= 31 R=33 dirty=       16 runs=        6 filter= 27.579ms semisort=  0.008ms
[pe-async] round= 32 R=34 dirty=       12 runs=        4 filter= 27.217ms semisort=  0.007ms
[pe-async] round= 33 R=35 dirty=       28 runs=       16 filter= 27.545ms semisort=  0.009ms
[pe-async] round= 34 R=36 dirty=       32 runs=       18 filter= 27.721ms semisort=  0.010ms
[pe-async] round= 35 R=37 dirty=       16 runs=        6 filter= 27.275ms semisort=  0.008ms
[pe-async] round= 36 R=38 dirty=       12 runs=        4 filter= 27.479ms semisort=  0.007ms
[pe-async] round= 37 R=39 dirty=       22 runs=       10 filter= 27.499ms semisort=  0.008ms
[pe-async] round= 38 R=40 dirty=       33 runs=       20 filter= 27.491ms semisort=  0.009ms
[pe-async] round= 39 R=41 dirty=       16 runs=        7 filter= 27.244ms semisort=  0.008ms
[pe-async] round= 40 R=42 dirty=       12 runs=        4 filter= 27.250ms semisort=  0.007ms
[pe-async] round= 41 R=43 dirty=       45 runs=        4 filter= 27.653ms semisort=  0.011ms
[pe-async] round= 42 R=44 dirty=       55 runs=       44 filter= 27.142ms semisort=  0.011ms
[pe-async] round= 43 R=45 dirty=       10 runs=        8 filter= 27.214ms semisort=  0.007ms
[pe-async] round= 44 R=46 dirty=        7 runs=        3 filter= 27.223ms semisort=  0.007ms
[pe-async] round= 45 R=47 dirty=        2 runs=        1 filter= 27.486ms semisort=  0.006ms
[pe-async] round= 46 R=48 dirty=       15 runs=        1 filter= 27.665ms semisort=  0.006ms
[pe-async] round= 47 R=49 dirty=       13 runs=       13 filter= 27.188ms semisort=  0.007ms
[pe-async] round= 48 R=50 dirty=        0 filter= 27.295ms (clean break)
[pe-async] round=  0 R=2 dirty=  2643397 runs=  1677825 filter= 24.842ms semisort=113.076ms
[pe-async] round=  1 R=3 dirty=   117396 runs=    86221 filter= 31.731ms semisort=  8.449ms
[pe-async] round=  2 R=4 dirty=    32744 runs=    22444 filter= 29.311ms semisort=  2.521ms
[pe-async] round=  3 R=5 dirty=    15141 runs=     7573 filter= 28.610ms semisort=  1.366ms
[pe-async] round=  4 R=6 dirty=    19535 runs=    10298 filter= 28.160ms semisort=  1.708ms
[pe-async] round=  5 R=7 dirty=     9695 runs=     7032 filter= 27.836ms semisort=  0.858ms
[pe-async] round=  6 R=8 dirty=     5493 runs=     3220 filter= 27.783ms semisort=  0.474ms
[pe-async] round=  7 R=9 dirty=     2423 runs=     1645 filter= 27.799ms semisort=  0.312ms
[pe-async] round=  8 R=10 dirty=      817 runs=      626 filter= 27.739ms semisort=  0.090ms
[pe-async] round=  9 R=11 dirty=     1194 runs=      533 filter= 27.961ms semisort=  0.112ms
[pe-async] round= 10 R=12 dirty=      480 runs=      339 filter= 27.615ms semisort=  0.140ms
[pe-async] round= 11 R=13 dirty=      199 runs=      111 filter= 27.552ms semisort=  0.032ms
[pe-async] round= 12 R=14 dirty=       67 runs=       41 filter= 27.385ms semisort=  0.018ms
[pe-async] round= 13 R=15 dirty=      133 runs=       73 filter= 27.626ms semisort=  0.025ms
[pe-async] round= 14 R=16 dirty=       93 runs=       62 filter= 27.485ms semisort=  0.018ms
[pe-async] round= 15 R=17 dirty=       44 runs=       21 filter= 27.824ms semisort=  0.013ms
[pe-async] round= 16 R=18 dirty=       26 runs=        9 filter= 27.343ms semisort=  0.010ms
[pe-async] round= 17 R=19 dirty=       54 runs=       29 filter= 27.669ms semisort=  0.012ms
[pe-async] round= 18 R=20 dirty=       61 runs=       37 filter= 27.394ms semisort=  0.014ms
[pe-async] round= 19 R=21 dirty=       28 runs=       12 filter= 27.540ms semisort=  0.010ms
[pe-async] round= 20 R=22 dirty=       22 runs=        7 filter= 27.821ms semisort=  0.010ms
[pe-async] round= 21 R=23 dirty=       42 runs=       19 filter= 27.698ms semisort=  0.012ms
[pe-async] round= 22 R=24 dirty=       58 runs=       34 filter= 27.514ms semisort=  0.013ms
[pe-async] round= 23 R=25 dirty=       24 runs=       13 filter= 27.350ms semisort=  0.010ms
[pe-async] round= 24 R=26 dirty=       19 runs=        7 filter= 27.678ms semisort=  0.009ms
[pe-async] round= 25 R=27 dirty=       29 runs=       15 filter= 27.541ms semisort=  0.009ms
[pe-async] round= 26 R=28 dirty=       42 runs=       21 filter= 27.435ms semisort=  0.011ms
[pe-async] round= 27 R=29 dirty=       23 runs=       14 filter= 27.646ms semisort=  0.009ms
[pe-async] round= 28 R=30 dirty=       12 runs=        4 filter= 27.477ms semisort=  0.007ms
[pe-async] round= 29 R=31 dirty=       28 runs=       16 filter= 27.626ms semisort=  0.009ms
[pe-async] round= 30 R=32 dirty=       32 runs=       18 filter= 27.511ms semisort=  0.011ms
[pe-async] round= 31 R=33 dirty=       16 runs=        6 filter= 27.335ms semisort=  0.009ms
[pe-async] round= 32 R=34 dirty=       12 runs=        4 filter= 27.746ms semisort=  0.007ms
[pe-async] round= 33 R=35 dirty=       28 runs=       16 filter= 27.325ms semisort=  0.009ms
[pe-async] round= 34 R=36 dirty=       32 runs=       18 filter= 27.375ms semisort=  0.010ms
[pe-async] round= 35 R=37 dirty=       16 runs=        6 filter= 27.607ms semisort=  0.008ms
[pe-async] round= 36 R=38 dirty=       12 runs=        4 filter= 27.431ms semisort=  0.008ms
[pe-async] round= 37 R=39 dirty=       22 runs=       10 filter= 27.525ms semisort=  0.008ms
[pe-async] round= 38 R=40 dirty=       33 runs=       20 filter= 27.665ms semisort=  0.010ms
[pe-async] round= 39 R=41 dirty=       16 runs=        7 filter= 27.691ms semisort=  0.008ms
[pe-async] round= 40 R=42 dirty=       12 runs=        4 filter= 27.506ms semisort=  0.008ms
[pe-async] round= 41 R=43 dirty=       45 runs=        4 filter= 27.340ms semisort=  0.011ms
[pe-async] round= 42 R=44 dirty=       55 runs=       44 filter= 27.634ms semisort=  0.011ms
[pe-async] round= 43 R=45 dirty=       10 runs=        8 filter= 27.450ms semisort=  0.008ms
[pe-async] round= 44 R=46 dirty=        7 runs=        3 filter= 27.341ms semisort=  0.007ms
[pe-async] round= 45 R=47 dirty=        2 runs=        1 filter= 27.397ms semisort=  0.006ms
[pe-async] round= 46 R=48 dirty=       15 runs=        1 filter= 27.700ms semisort=  0.007ms
[pe-async] round= 47 R=49 dirty=       13 runs=       13 filter= 27.477ms semisort=  0.007ms
[pe-async] round= 48 R=50 dirty=        0 filter= 27.434ms (clean break)
[pe-async] round=  0 R=2 dirty=  2643397 runs=  1677825 filter= 24.621ms semisort=113.456ms
[pe-async] round=  1 R=3 dirty=   117396 runs=    86221 filter= 31.553ms semisort=  8.584ms
[pe-async] round=  2 R=4 dirty=    32744 runs=    22444 filter= 29.355ms semisort=  2.316ms
[pe-async] round=  3 R=5 dirty=    15141 runs=     7573 filter= 28.625ms semisort=  1.353ms
[pe-async] round=  4 R=6 dirty=    19535 runs=    10298 filter= 27.939ms semisort=  1.573ms
[pe-async] round=  5 R=7 dirty=     9695 runs=     7032 filter= 27.631ms semisort=  0.780ms
[pe-async] round=  6 R=8 dirty=     5493 runs=     3220 filter= 27.582ms semisort=  0.476ms
[pe-async] round=  7 R=9 dirty=     2423 runs=     1645 filter= 27.647ms semisort=  0.371ms
[pe-async] round=  8 R=10 dirty=      817 runs=      626 filter= 27.566ms semisort=  0.090ms
[pe-async] round=  9 R=11 dirty=     1194 runs=      533 filter= 27.421ms semisort=  0.119ms
[pe-async] round= 10 R=12 dirty=      480 runs=      339 filter= 27.452ms semisort=  0.140ms
[pe-async] round= 11 R=13 dirty=      199 runs=      111 filter= 27.645ms semisort=  0.035ms
[pe-async] round= 12 R=14 dirty=       67 runs=       41 filter= 27.672ms semisort=  0.018ms
[pe-async] round= 13 R=15 dirty=      133 runs=       73 filter= 27.437ms semisort=  0.022ms
[pe-async] round= 14 R=16 dirty=       93 runs=       62 filter= 27.472ms semisort=  0.018ms
[pe-async] round= 15 R=17 dirty=       44 runs=       21 filter= 27.503ms semisort=  0.013ms
[pe-async] round= 16 R=18 dirty=       26 runs=        9 filter= 27.359ms semisort=  0.010ms
[pe-async] round= 17 R=19 dirty=       54 runs=       29 filter= 27.254ms semisort=  0.013ms
[pe-async] round= 18 R=20 dirty=       61 runs=       37 filter= 27.604ms semisort=  0.016ms
[pe-async] round= 19 R=21 dirty=       28 runs=       12 filter= 46.165ms semisort=  0.013ms
[pe-async] round= 20 R=22 dirty=       22 runs=        7 filter= 46.132ms semisort=  0.011ms
[pe-async] round= 21 R=23 dirty=       42 runs=       19 filter= 45.820ms semisort=  0.013ms
[pe-async] round= 22 R=24 dirty=       58 runs=       34 filter= 46.170ms semisort=  0.016ms
[pe-async] round= 23 R=25 dirty=       24 runs=       13 filter= 37.990ms semisort=  0.010ms
[pe-async] round= 24 R=26 dirty=       19 runs=        7 filter= 27.316ms semisort=  0.009ms
[pe-async] round= 25 R=27 dirty=       29 runs=       15 filter= 27.209ms semisort=  0.009ms
[pe-async] round= 26 R=28 dirty=       42 runs=       21 filter= 27.512ms semisort=  0.011ms
[pe-async] round= 27 R=29 dirty=       23 runs=       14 filter= 27.475ms semisort=  0.009ms
[pe-async] round= 28 R=30 dirty=       12 runs=        4 filter= 27.287ms semisort=  0.012ms
[pe-async] round= 29 R=31 dirty=       28 runs=       16 filter= 27.341ms semisort=  0.009ms
[pe-async] round= 30 R=32 dirty=       32 runs=       18 filter= 27.433ms semisort=  0.009ms
[pe-async] round= 31 R=33 dirty=       16 runs=        6 filter= 27.276ms semisort=  0.008ms
[pe-async] round= 32 R=34 dirty=       12 runs=        4 filter= 27.288ms semisort=  0.007ms
[pe-async] round= 33 R=35 dirty=       28 runs=       16 filter= 27.290ms semisort=  0.009ms
[pe-async] round= 34 R=36 dirty=       32 runs=       18 filter= 27.219ms semisort=  0.010ms
[pe-async] round= 35 R=37 dirty=       16 runs=        6 filter= 27.158ms semisort=  0.007ms
[pe-async] round= 36 R=38 dirty=       12 runs=        4 filter= 27.498ms semisort=  0.007ms
[pe-async] round= 37 R=39 dirty=       22 runs=       10 filter= 27.366ms semisort=  0.008ms
[pe-async] round= 38 R=40 dirty=       33 runs=       20 filter= 27.214ms semisort=  0.009ms
[pe-async] round= 39 R=41 dirty=       16 runs=        7 filter= 27.240ms semisort=  0.008ms
[pe-async] round= 40 R=42 dirty=       12 runs=        4 filter= 27.193ms semisort=  0.007ms
[pe-async] round= 41 R=43 dirty=       45 runs=        4 filter= 27.087ms semisort=  0.011ms
[pe-async] round= 42 R=44 dirty=       55 runs=       44 filter= 27.196ms semisort=  0.012ms
[pe-async] round= 43 R=45 dirty=       10 runs=        8 filter= 27.141ms semisort=  0.007ms
[pe-async] round= 44 R=46 dirty=        7 runs=        3 filter= 27.177ms semisort=  0.007ms
[pe-async] round= 45 R=47 dirty=        2 runs=        1 filter= 27.236ms semisort=  0.006ms
[pe-async] round= 46 R=48 dirty=       15 runs=        1 filter= 27.291ms semisort=  0.007ms
[pe-async] round= 47 R=49 dirty=       13 runs=       13 filter= 27.172ms semisort=  0.007ms
[pe-async] round= 48 R=50 dirty=        0 filter= 27.116ms (clean break)
[pe-async] round=  0 R=2 dirty=  2643397 runs=  1677825 filter= 24.942ms semisort=113.359ms
[pe-async] round=  1 R=3 dirty=   117396 runs=    86221 filter= 31.779ms semisort=  8.451ms
[pe-async] round=  2 R=4 dirty=    32744 runs=    22444 filter= 29.262ms semisort=  2.425ms
[pe-async] round=  3 R=5 dirty=    15141 runs=     7573 filter= 28.331ms semisort=  1.488ms
[pe-async] round=  4 R=6 dirty=    19535 runs=    10298 filter= 28.161ms semisort=  1.626ms
[pe-async] round=  5 R=7 dirty=     9695 runs=     7032 filter= 28.036ms semisort=  0.863ms
[pe-async] round=  6 R=8 dirty=     5493 runs=     3220 filter= 27.820ms semisort=  0.541ms
[pe-async] round=  7 R=9 dirty=     2423 runs=     1645 filter= 27.958ms semisort=  0.436ms
[pe-async] round=  8 R=10 dirty=      817 runs=      626 filter= 27.677ms semisort=  0.090ms
[pe-async] round=  9 R=11 dirty=     1194 runs=      533 filter= 27.583ms semisort=  0.128ms
[pe-async] round= 10 R=12 dirty=      480 runs=      339 filter= 27.603ms semisort=  0.076ms
[pe-async] round= 11 R=13 dirty=      199 runs=      111 filter= 27.416ms semisort=  0.042ms
[pe-async] round= 12 R=14 dirty=       67 runs=       41 filter= 27.462ms semisort=  0.019ms
[pe-async] round= 13 R=15 dirty=      133 runs=       73 filter= 27.388ms semisort=  0.022ms
[pe-async] round= 14 R=16 dirty=       93 runs=       62 filter= 27.565ms semisort=  0.017ms
[pe-async] round= 15 R=17 dirty=       44 runs=       21 filter= 27.482ms semisort=  0.012ms
[pe-async] round= 16 R=18 dirty=       26 runs=        9 filter= 27.486ms semisort=  0.009ms
[pe-async] round= 17 R=19 dirty=       54 runs=       29 filter= 27.441ms semisort=  0.013ms
[pe-async] round= 18 R=20 dirty=       61 runs=       37 filter= 27.281ms semisort=  0.013ms
[pe-async] round= 19 R=21 dirty=       28 runs=       12 filter= 27.572ms semisort=  0.011ms
[pe-async] round= 20 R=22 dirty=       22 runs=        7 filter= 27.670ms semisort=  0.009ms
[pe-async] round= 21 R=23 dirty=       42 runs=       19 filter= 27.281ms semisort=  0.011ms
[pe-async] round= 22 R=24 dirty=       58 runs=       34 filter= 27.497ms semisort=  0.014ms
[pe-async] round= 23 R=25 dirty=       24 runs=       13 filter= 27.329ms semisort=  0.009ms
[pe-async] round= 24 R=26 dirty=       19 runs=        7 filter= 27.424ms semisort=  0.009ms
[pe-async] round= 25 R=27 dirty=       29 runs=       15 filter= 27.372ms semisort=  0.009ms
[pe-async] round= 26 R=28 dirty=       42 runs=       21 filter= 27.262ms semisort=  0.011ms
[pe-async] round= 27 R=29 dirty=       23 runs=       14 filter= 27.131ms semisort=  0.009ms
[pe-async] round= 28 R=30 dirty=       12 runs=        4 filter= 27.212ms semisort=  0.007ms
[pe-async] round= 29 R=31 dirty=       28 runs=       16 filter= 27.267ms semisort=  0.009ms
[pe-async] round= 30 R=32 dirty=       32 runs=       18 filter= 27.301ms semisort=  0.010ms
[pe-async] round= 31 R=33 dirty=       16 runs=        6 filter= 27.591ms semisort=  0.008ms
[pe-async] round= 32 R=34 dirty=       12 runs=        4 filter= 27.469ms semisort=  0.008ms
[pe-async] round= 33 R=35 dirty=       28 runs=       16 filter= 27.270ms semisort=  0.009ms
[pe-async] round= 34 R=36 dirty=       32 runs=       18 filter= 27.263ms semisort=  0.010ms
[pe-async] round= 35 R=37 dirty=       16 runs=        6 filter= 27.476ms semisort=  0.008ms
[pe-async] round= 36 R=38 dirty=       12 runs=        4 filter= 27.538ms semisort=  0.007ms
[pe-async] round= 37 R=39 dirty=       22 runs=       10 filter= 27.197ms semisort=  0.009ms
[pe-async] round= 38 R=40 dirty=       33 runs=       20 filter= 27.236ms semisort=  0.010ms
[pe-async] round= 39 R=41 dirty=       16 runs=        7 filter= 27.541ms semisort=  0.009ms
[pe-async] round= 40 R=42 dirty=       12 runs=        4 filter= 27.484ms semisort=  0.007ms
[pe-async] round= 41 R=43 dirty=       45 runs=        4 filter= 27.235ms semisort=  0.011ms
[pe-async] round= 42 R=44 dirty=       55 runs=       44 filter= 27.405ms semisort=  0.011ms
[pe-async] round= 43 R=45 dirty=       10 runs=        8 filter= 27.243ms semisort=  0.007ms
[pe-async] round= 44 R=46 dirty=        7 runs=        3 filter= 27.372ms semisort=  0.006ms
[pe-async] round= 45 R=47 dirty=        2 runs=        1 filter= 27.321ms semisort=  0.006ms
[pe-async] round= 46 R=48 dirty=       15 runs=        1 filter= 27.369ms semisort=  0.007ms
[pe-async] round= 47 R=49 dirty=       13 runs=       13 filter= 27.086ms semisort=  0.006ms
[pe-async] round= 48 R=50 dirty=        0 filter= 27.250ms (clean break)
[pe-async] round=  0 R=2 dirty=  2643397 runs=  1677825 filter= 24.895ms semisort=113.588ms
[pe-async] round=  1 R=3 dirty=   117396 runs=    86221 filter= 31.471ms semisort=  8.574ms
[pe-async] round=  2 R=4 dirty=    32744 runs=    22444 filter= 29.350ms semisort=  2.525ms
[pe-async] round=  3 R=5 dirty=    15141 runs=     7573 filter= 28.232ms semisort=  1.400ms
[pe-async] round=  4 R=6 dirty=    19535 runs=    10298 filter= 28.000ms semisort=  1.536ms
[pe-async] round=  5 R=7 dirty=     9695 runs=     7032 filter= 27.688ms semisort=  0.904ms
[pe-async] round=  6 R=8 dirty=     5493 runs=     3220 filter= 27.658ms semisort=  0.469ms
[pe-async] round=  7 R=9 dirty=     2423 runs=     1645 filter= 27.741ms semisort=  0.379ms
[pe-async] round=  8 R=10 dirty=      817 runs=      626 filter= 27.593ms semisort=  0.110ms
[pe-async] round=  9 R=11 dirty=     1194 runs=      533 filter= 27.471ms semisort=  0.112ms
[pe-async] round= 10 R=12 dirty=      480 runs=      339 filter= 27.380ms semisort=  0.069ms
[pe-async] round= 11 R=13 dirty=      199 runs=      111 filter= 27.352ms semisort=  0.034ms
[pe-async] round= 12 R=14 dirty=       67 runs=       41 filter= 27.395ms semisort=  0.019ms
[pe-async] round= 13 R=15 dirty=      133 runs=       73 filter= 27.539ms semisort=  0.023ms
[pe-async] round= 14 R=16 dirty=       93 runs=       62 filter= 27.342ms semisort=  0.018ms
[pe-async] round= 15 R=17 dirty=       44 runs=       21 filter= 27.562ms semisort=  0.014ms
[pe-async] round= 16 R=18 dirty=       26 runs=        9 filter= 27.309ms semisort=  0.010ms
[pe-async] round= 17 R=19 dirty=       54 runs=       29 filter= 27.372ms semisort=  0.013ms
[pe-async] round= 18 R=20 dirty=       61 runs=       37 filter= 27.264ms semisort=  0.013ms
[pe-async] round= 19 R=21 dirty=       28 runs=       12 filter= 27.386ms semisort=  0.010ms
[pe-async] round= 20 R=22 dirty=       22 runs=        7 filter= 27.321ms semisort=  0.009ms
[pe-async] round= 21 R=23 dirty=       42 runs=       19 filter= 27.323ms semisort=  0.010ms
[pe-async] round= 22 R=24 dirty=       58 runs=       34 filter= 27.301ms semisort=  0.012ms
[pe-async] round= 23 R=25 dirty=       24 runs=       13 filter= 27.240ms semisort=  0.009ms
[pe-async] round= 24 R=26 dirty=       19 runs=        7 filter= 27.290ms semisort=  0.009ms
[pe-async] round= 25 R=27 dirty=       29 runs=       15 filter= 27.253ms semisort=  0.009ms
[pe-async] round= 26 R=28 dirty=       42 runs=       21 filter= 27.490ms semisort=  0.011ms
[pe-async] round= 27 R=29 dirty=       23 runs=       14 filter= 27.327ms semisort=  0.008ms
[pe-async] round= 28 R=30 dirty=       12 runs=        4 filter= 27.166ms semisort=  0.007ms
[pe-async] round= 29 R=31 dirty=       28 runs=       16 filter= 27.314ms semisort=  0.009ms
[pe-async] round= 30 R=32 dirty=       32 runs=       18 filter= 27.235ms semisort=  0.010ms
[pe-async] round= 31 R=33 dirty=       16 runs=        6 filter= 27.281ms semisort=  0.008ms
[pe-async] round= 32 R=34 dirty=       12 runs=        4 filter= 27.461ms semisort=  0.007ms
[pe-async] round= 33 R=35 dirty=       28 runs=       16 filter= 27.229ms semisort=  0.008ms
[pe-async] round= 34 R=36 dirty=       32 runs=       18 filter= 27.355ms semisort=  0.010ms
[pe-async] round= 35 R=37 dirty=       16 runs=        6 filter= 27.496ms semisort=  0.008ms
[pe-async] round= 36 R=38 dirty=       12 runs=        4 filter= 27.425ms semisort=  0.007ms
[pe-async] round= 37 R=39 dirty=       22 runs=       10 filter= 27.388ms semisort=  0.008ms
[pe-async] round= 38 R=40 dirty=       33 runs=       20 filter= 27.513ms semisort=  0.010ms
[pe-async] round= 39 R=41 dirty=       16 runs=        7 filter= 27.207ms semisort=  0.008ms
[pe-async] round= 40 R=42 dirty=       12 runs=        4 filter= 27.184ms semisort=  0.007ms
[pe-async] round= 41 R=43 dirty=       45 runs=        4 filter= 27.452ms semisort=  0.010ms
[pe-async] round= 42 R=44 dirty=       55 runs=       44 filter= 27.269ms semisort=  0.011ms
[pe-async] round= 43 R=45 dirty=       10 runs=        8 filter= 27.271ms semisort=  0.007ms
[pe-async] round= 44 R=46 dirty=        7 runs=        3 filter= 27.367ms semisort=  0.006ms
[pe-async] round= 45 R=47 dirty=        2 runs=        1 filter= 27.258ms semisort=  0.005ms
[pe-async] round= 46 R=48 dirty=       15 runs=        1 filter= 27.247ms semisort=  0.007ms
[pe-async] round= 47 R=49 dirty=       13 runs=       13 filter= 27.075ms semisort=  0.007ms
[pe-async] round= 48 R=50 dirty=        0 filter= 27.184ms (clean break)
[pe-async] round=  0 R=2 dirty=  2643397 runs=  1677825 filter= 24.992ms semisort=113.461ms
[pe-async] round=  1 R=3 dirty=   117396 runs=    86221 filter= 31.764ms semisort=  8.370ms
[pe-async] round=  2 R=4 dirty=    32744 runs=    22444 filter= 29.312ms semisort=  2.509ms
[pe-async] round=  3 R=5 dirty=    15141 runs=     7573 filter= 28.350ms semisort=  1.417ms
[pe-async] round=  4 R=6 dirty=    19535 runs=    10298 filter= 27.774ms semisort=  1.714ms
[pe-async] round=  5 R=7 dirty=     9695 runs=     7032 filter= 27.717ms semisort=  0.781ms
[pe-async] round=  6 R=8 dirty=     5493 runs=     3220 filter= 27.821ms semisort=  0.458ms
[pe-async] round=  7 R=9 dirty=     2423 runs=     1645 filter= 27.644ms semisort=  0.259ms
[pe-async] round=  8 R=10 dirty=      817 runs=      626 filter= 27.449ms semisort=  0.090ms
[pe-async] round=  9 R=11 dirty=     1194 runs=      533 filter= 27.465ms semisort=  0.183ms
[pe-async] round= 10 R=12 dirty=      480 runs=      339 filter= 27.455ms semisort=  0.068ms
[pe-async] round= 11 R=13 dirty=      199 runs=      111 filter= 27.484ms semisort=  0.032ms
[pe-async] round= 12 R=14 dirty=       67 runs=       41 filter= 27.363ms semisort=  0.019ms
[pe-async] round= 13 R=15 dirty=      133 runs=       73 filter= 27.503ms semisort=  0.023ms
[pe-async] round= 14 R=16 dirty=       93 runs=       62 filter= 27.217ms semisort=  0.017ms
[pe-async] round= 15 R=17 dirty=       44 runs=       21 filter= 27.298ms semisort=  0.013ms
[pe-async] round= 16 R=18 dirty=       26 runs=        9 filter= 27.453ms semisort=  0.010ms
[pe-async] round= 17 R=19 dirty=       54 runs=       29 filter= 27.354ms semisort=  0.013ms
[pe-async] round= 18 R=20 dirty=       61 runs=       37 filter= 27.446ms semisort=  0.013ms
[pe-async] round= 19 R=21 dirty=       28 runs=       12 filter= 27.349ms semisort=  0.010ms
[pe-async] round= 20 R=22 dirty=       22 runs=        7 filter= 27.560ms semisort=  0.009ms
[pe-async] round= 21 R=23 dirty=       42 runs=       19 filter= 27.487ms semisort=  0.012ms
[pe-async] round= 22 R=24 dirty=       58 runs=       34 filter= 27.339ms semisort=  0.013ms
[pe-async] round= 23 R=25 dirty=       24 runs=       13 filter= 27.388ms semisort=  0.009ms
[pe-async] round= 24 R=26 dirty=       19 runs=        7 filter= 27.345ms semisort=  0.009ms
[pe-async] round= 25 R=27 dirty=       29 runs=       15 filter= 27.426ms semisort=  0.009ms
[pe-async] round= 26 R=28 dirty=       42 runs=       21 filter= 27.357ms semisort=  0.011ms
[pe-async] round= 27 R=29 dirty=       23 runs=       14 filter= 27.223ms semisort=  0.009ms
[pe-async] round= 28 R=30 dirty=       12 runs=        4 filter= 27.251ms semisort=  0.008ms
[pe-async] round= 29 R=31 dirty=       28 runs=       16 filter= 27.154ms semisort=  0.010ms
[pe-async] round= 30 R=32 dirty=       32 runs=       18 filter= 27.179ms semisort=  0.010ms
[pe-async] round= 31 R=33 dirty=       16 runs=        6 filter= 27.438ms semisort=  0.008ms
[pe-async] round= 32 R=34 dirty=       12 runs=        4 filter= 27.542ms semisort=  0.007ms
[pe-async] round= 33 R=35 dirty=       28 runs=       16 filter= 27.340ms semisort=  0.009ms
[pe-async] round= 34 R=36 dirty=       32 runs=       18 filter= 27.252ms semisort=  0.009ms
[pe-async] round= 35 R=37 dirty=       16 runs=        6 filter= 27.250ms semisort=  0.013ms
[pe-async] round= 36 R=38 dirty=       12 runs=        4 filter= 27.220ms semisort=  0.007ms
[pe-async] round= 37 R=39 dirty=       22 runs=       10 filter= 27.163ms semisort=  0.008ms
[pe-async] round= 38 R=40 dirty=       33 runs=       20 filter= 27.124ms semisort=  0.009ms
[pe-async] round= 39 R=41 dirty=       16 runs=        7 filter= 27.251ms semisort=  0.007ms
[pe-async] round= 40 R=42 dirty=       12 runs=        4 filter= 27.253ms semisort=  0.007ms
[pe-async] round= 41 R=43 dirty=       45 runs=        4 filter= 27.424ms semisort=  0.010ms
[pe-async] round= 42 R=44 dirty=       55 runs=       44 filter= 27.378ms semisort=  0.012ms
[pe-async] round= 43 R=45 dirty=       10 runs=        8 filter= 27.341ms semisort=  0.007ms
[pe-async] round= 44 R=46 dirty=        7 runs=        3 filter= 27.464ms semisort=  0.006ms
[pe-async] round= 45 R=47 dirty=        2 runs=        1 filter= 27.228ms semisort=  0.006ms
[pe-async] round= 46 R=48 dirty=       15 runs=        1 filter= 27.255ms semisort=  0.007ms
[pe-async] round= 47 R=49 dirty=       13 runs=       13 filter= 27.187ms semisort=  0.007ms
[pe-async] round= 48 R=50 dirty=        0 filter= 27.244ms (clean break)
