[gates_bench] ./miter-cc-benchmarks/hwmcc12_with_not/6s117-xits-opt.gates ...
  literals=1588740  NOT=540263  gates=2292599  total_classes=4421602  read=0.029s parse=0.070s build=0.167s
[pe] round=  0 work=  4363989 frontier=  2643397 next=    16461 consolidate=362.964ms frontier= 45.115ms semisort=128.664ms (keyed=18.337ms group_by=  3.047ms per_group=39.979ms)
[pe] round=  1 work=    16461 frontier=   118429 next=     6266 consolidate=  5.451ms frontier=  0.474ms semisort= 10.790ms (keyed= 0.240ms group_by=  5.628ms per_group= 1.958ms)
[pe] round=  2 work=     6266 frontier=    33240 next=     4000 consolidate=  2.551ms frontier=  0.238ms semisort=  3.847ms (keyed= 0.074ms group_by=  1.794ms per_group= 0.895ms)
[pe] round=  3 work=     4000 frontier=    16573 next=     2922 consolidate=  1.813ms frontier=  0.157ms semisort=  2.154ms (keyed= 0.054ms group_by=  0.797ms per_group= 0.584ms)
[pe] round=  4 work=     2922 frontier=    20380 next=     1714 consolidate=  1.083ms frontier=  0.140ms semisort=  2.219ms (keyed= 0.131ms group_by=  0.832ms per_group= 0.529ms)
[pe] round=  5 work=     1714 frontier=    10106 next=     1005 consolidate=  0.721ms frontier=  0.079ms semisort=  1.478ms (keyed= 0.032ms group_by=  0.636ms per_group= 0.362ms)
[pe] round=  6 work=     1005 frontier=     5584 next=      533 consolidate=  0.427ms frontier=  0.058ms semisort=  1.072ms (keyed= 0.014ms group_by=  0.663ms per_group= 0.182ms)
[pe] round=  7 work=      533 frontier=     2433 next=      256 consolidate=  0.247ms frontier=  0.033ms semisort=  0.485ms (keyed= 0.007ms group_by=  0.278ms per_group= 0.095ms)
[pe] round=  8 work=      256 frontier=      826 next=      117 consolidate=  0.123ms frontier=  0.018ms semisort=  0.251ms (keyed= 0.002ms group_by=  0.062ms per_group= 0.056ms)
[pe] round=  9 work=      117 frontier=     1258 next=      106 consolidate=  0.074ms frontier=  0.008ms semisort=  0.279ms (keyed= 0.002ms group_by=  0.071ms per_group= 0.067ms)
[pe] round= 10 work=      106 frontier=      480 next=      104 consolidate=  0.123ms frontier=  0.007ms semisort=  0.147ms (keyed= 0.001ms group_by=  0.021ms per_group= 0.090ms)
[pe] round= 11 work=      104 frontier=      199 next=       31 consolidate=  0.066ms frontier=  0.005ms semisort=  0.037ms (keyed= 0.000ms group_by=  0.009ms per_group= 0.013ms)
[pe] round= 12 work=       31 frontier=       67 next=       16 consolidate=  0.022ms frontier=  0.002ms semisort=  0.018ms (keyed= 0.000ms group_by=  0.006ms per_group= 0.007ms)
[pe] round= 13 work=       16 frontier=      133 next=       17 consolidate=  0.014ms frontier=  0.002ms semisort=  0.023ms (keyed= 0.000ms group_by=  0.005ms per_group= 0.008ms)
[pe] round= 14 work=       17 frontier=       93 next=       12 consolidate=  0.079ms frontier=  0.002ms semisort=  0.017ms (keyed= 0.000ms group_by=  0.004ms per_group= 0.006ms)
[pe] round= 15 work=       12 frontier=       44 next=       11 consolidate=  0.011ms frontier=  0.001ms semisort=  0.011ms (keyed= 0.000ms group_by=  0.002ms per_group= 0.005ms)
[pe] round= 16 work=       11 frontier=       26 next=        9 consolidate=  0.010ms frontier=  0.001ms semisort=  0.007ms (keyed= 0.000ms group_by=  0.001ms per_group= 0.003ms)
[pe] round= 17 work=        9 frontier=       54 next=        8 consolidate=  0.010ms frontier=  0.001ms semisort=  0.011ms (keyed= 0.000ms group_by=  0.002ms per_group= 0.004ms)
[pe] round= 18 work=        8 frontier=       61 next=        8 consolidate=  0.008ms frontier=  0.001ms semisort=  0.012ms (keyed= 0.000ms group_by=  0.003ms per_group= 0.004ms)
[pe] round= 19 work=        8 frontier=       28 next=       10 consolidate=  0.008ms frontier=  0.001ms semisort=  0.008ms (keyed= 0.000ms group_by=  0.001ms per_group= 0.004ms)
[pe] round= 20 work=       10 frontier=       22 next=        7 consolidate=  0.009ms frontier=  0.001ms semisort=  0.006ms (keyed= 0.000ms group_by=  0.001ms per_group= 0.002ms)
[pe] round= 21 work=        7 frontier=       42 next=        7 consolidate=  0.007ms frontier=  0.001ms semisort=  0.008ms (keyed= 0.000ms group_by=  0.002ms per_group= 0.003ms)
[pe] round= 22 work=        7 frontier=       58 next=        7 consolidate=  0.007ms frontier=  0.001ms semisort=  0.011ms (keyed= 0.000ms group_by=  0.002ms per_group= 0.004ms)
[pe] round= 23 work=        7 frontier=       24 next=        7 consolidate=  0.007ms frontier=  0.001ms semisort=  0.008ms (keyed= 0.000ms group_by=  0.001ms per_group= 0.003ms)
[pe] round= 24 work=        7 frontier=       19 next=        5 consolidate=  0.007ms frontier=  0.001ms semisort=  0.005ms (keyed= 0.000ms group_by=  0.001ms per_group= 0.002ms)
[pe] round= 25 work=        5 frontier=       29 next=        5 consolidate=  0.006ms frontier=  0.001ms semisort=  0.007ms (keyed= 0.000ms group_by=  0.002ms per_group= 0.003ms)
[pe] round= 26 work=        5 frontier=       42 next=        5 consolidate=  0.006ms frontier=  0.001ms semisort=  0.008ms (keyed= 0.000ms group_by=  0.002ms per_group= 0.003ms)
[pe] round= 27 work=        5 frontier=       23 next=        5 consolidate=  0.005ms frontier=  0.001ms semisort=  0.006ms (keyed= 0.000ms group_by=  0.001ms per_group= 0.002ms)
[pe] round= 28 work=        5 frontier=       12 next=        4 consolidate=  0.004ms frontier=  0.001ms semisort=  0.004ms (keyed= 0.000ms group_by=  0.001ms per_group= 0.002ms)
[pe] round= 29 work=        4 frontier=       28 next=        4 consolidate=  0.004ms frontier=  0.001ms semisort=  0.007ms (keyed= 0.000ms group_by=  0.002ms per_group= 0.002ms)
[pe] round= 30 work=        4 frontier=       32 next=        6 consolidate=  0.004ms frontier=  0.001ms semisort=  0.008ms (keyed= 0.000ms group_by=  0.001ms per_group= 0.003ms)
[pe] round= 31 work=        6 frontier=       16 next=        6 consolidate=  0.011ms frontier=  0.001ms semisort=  0.005ms (keyed= 0.000ms group_by=  0.001ms per_group= 0.002ms)
[pe] round= 32 work=        6 frontier=       12 next=        4 consolidate=  0.006ms frontier=  0.001ms semisort=  0.004ms (keyed= 0.000ms group_by=  0.001ms per_group= 0.002ms)
[pe] round= 33 work=        4 frontier=       28 next=        4 consolidate=  0.004ms frontier=  0.001ms semisort=  0.006ms (keyed= 0.000ms group_by=  0.001ms per_group= 0.002ms)
[pe] round= 34 work=        4 frontier=       32 next=        6 consolidate=  0.004ms frontier=  0.001ms semisort=  0.007ms (keyed= 0.000ms group_by=  0.001ms per_group= 0.003ms)
[pe] round= 35 work=        6 frontier=       16 next=        6 consolidate=  0.005ms frontier=  0.001ms semisort=  0.005ms (keyed= 0.000ms group_by=  0.001ms per_group= 0.002ms)
[pe] round= 36 work=        6 frontier=       12 next=        4 consolidate=  0.005ms frontier=  0.001ms semisort=  0.004ms (keyed= 0.000ms group_by=  0.001ms per_group= 0.002ms)
[pe] round= 37 work=        4 frontier=       22 next=        4 consolidate=  0.004ms frontier=  0.001ms semisort=  0.005ms (keyed= 0.000ms group_by=  0.001ms per_group= 0.002ms)
[pe] round= 38 work=        4 frontier=       33 next=        4 consolidate=  0.005ms frontier=  0.001ms semisort=  0.007ms (keyed= 0.000ms group_by=  0.001ms per_group= 0.002ms)
[pe] round= 39 work=        4 frontier=       16 next=        5 consolidate=  0.003ms frontier=  0.001ms semisort=  0.005ms (keyed= 0.000ms group_by=  0.001ms per_group= 0.002ms)
[pe] round= 40 work=        5 frontier=       12 next=        4 consolidate=  0.004ms frontier=  0.001ms semisort=  0.004ms (keyed= 0.000ms group_by=  0.001ms per_group= 0.002ms)
[pe] round= 41 work=        4 frontier=       45 next=        4 consolidate=  0.004ms frontier=  0.001ms semisort=  0.007ms (keyed= 0.000ms group_by=  0.001ms per_group= 0.002ms)
[pe] round= 42 work=        4 frontier=       55 next=        3 consolidate=  0.004ms frontier=  0.001ms semisort=  0.009ms (keyed= 0.000ms group_by=  0.003ms per_group= 0.002ms)
[pe] round= 43 work=        3 frontier=       10 next=        2 consolidate=  0.003ms frontier=  0.001ms semisort=  0.004ms (keyed= 0.000ms group_by=  0.001ms per_group= 0.001ms)
[pe] round= 44 work=        2 frontier=        7 next=        1 consolidate=  0.002ms frontier=  0.000ms semisort=  0.002ms (keyed= 0.000ms group_by=  0.000ms per_group= 0.001ms)
[pe] round= 45 work=        1 frontier=        2 next=        1 consolidate=  0.001ms frontier=  0.001ms semisort=  0.001ms (keyed= 0.000ms group_by=  0.000ms per_group= 0.001ms)
[pe] round= 46 work=        1 frontier=       15 next=        1 consolidate=  0.001ms frontier=  0.000ms semisort=  0.003ms (keyed= 0.000ms group_by=  0.001ms per_group= 0.001ms)
[pe] round= 47 work=        1 frontier=       13 next=        0 consolidate=  0.001ms frontier=  0.000ms semisort=  0.003ms (keyed= 0.000ms group_by=  0.001ms per_group= 0.001ms)
[pe] round=  0 work=  4363989 frontier=  2643397 next=    16461 consolidate=353.948ms frontier= 40.250ms semisort=122.618ms (keyed=18.123ms group_by=  3.011ms per_group=38.184ms)
[pe] round=  1 work=    16461 frontier=   118429 next=     6266 consolidate=  5.499ms frontier=  0.570ms semisort= 10.715ms (keyed= 0.128ms group_by=  5.330ms per_group= 2.138ms)
[pe] round=  2 work=     6266 frontier=    33240 next=     4000 consolidate=  2.611ms frontier=  0.235ms semisort=  3.772ms (keyed= 0.074ms group_by=  1.662ms per_group= 0.895ms)
[pe] round=  3 work=     4000 frontier=    16573 next=     2922 consolidate=  1.743ms frontier=  0.281ms semisort=  2.479ms (keyed= 0.051ms group_by=  1.047ms per_group= 0.712ms)
[pe] round=  4 work=     2922 frontier=    20380 next=     1714 consolidate=  1.259ms frontier=  0.237ms semisort=  2.343ms (keyed= 0.065ms group_by=  0.948ms per_group= 0.550ms)
[pe] round=  5 work=     1714 frontier=    10106 next=     1005 consolidate=  0.678ms frontier=  0.103ms semisort=  1.268ms (keyed= 0.028ms group_by=  0.497ms per_group= 0.385ms)
[pe] round=  6 work=     1005 frontier=     5584 next=      533 consolidate=  0.416ms frontier=  0.055ms semisort=  1.217ms (keyed= 0.013ms group_by=  0.659ms per_group= 0.199ms)
[pe] round=  7 work=      533 frontier=     2433 next=      256 consolidate=  0.241ms frontier=  0.038ms semisort=  0.481ms (keyed= 0.005ms group_by=  0.269ms per_group= 0.107ms)
[pe] round=  8 work=      256 frontier=      826 next=      117 consolidate=  0.122ms frontier=  0.017ms semisort=  0.157ms (keyed= 0.002ms group_by=  0.058ms per_group= 0.035ms)
[pe] round=  9 work=      117 frontier=     1258 next=      106 consolidate=  0.067ms frontier=  0.008ms semisort=  0.268ms (keyed= 0.002ms group_by=  0.066ms per_group= 0.129ms)
[pe] round= 10 work=      106 frontier=      480 next=      104 consolidate=  0.061ms frontier=  0.006ms semisort=  0.082ms (keyed= 0.001ms group_by=  0.021ms per_group= 0.029ms)
[pe] round= 11 work=      104 frontier=      199 next=       31 consolidate=  0.126ms frontier=  0.005ms semisort=  0.036ms (keyed= 0.001ms group_by=  0.009ms per_group= 0.013ms)
[pe] round= 12 work=       31 frontier=       67 next=       16 consolidate=  0.022ms frontier=  0.002ms semisort=  0.015ms (keyed= 0.000ms group_by=  0.003ms per_group= 0.006ms)
[pe] round= 13 work=       16 frontier=      133 next=       17 consolidate=  0.016ms frontier=  0.001ms semisort=  0.022ms (keyed= 0.000ms group_by=  0.005ms per_group= 0.007ms)
[pe] round= 14 work=       17 frontier=       93 next=       12 consolidate=  0.015ms frontier=  0.001ms semisort=  0.017ms (keyed= 0.000ms group_by=  0.004ms per_group= 0.006ms)
[pe] round= 15 work=       12 frontier=       44 next=       11 consolidate=  0.011ms frontier=  0.001ms semisort=  0.011ms (keyed= 0.000ms group_by=  0.002ms per_group= 0.005ms)
[pe] round= 16 work=       11 frontier=       26 next=        9 consolidate=  0.009ms frontier=  0.002ms semisort=  0.007ms (keyed= 0.000ms group_by=  0.001ms per_group= 0.003ms)
[pe] round= 17 work=        9 frontier=       54 next=        8 consolidate=  0.008ms frontier=  0.001ms semisort=  0.011ms (keyed= 0.000ms group_by=  0.002ms per_group= 0.004ms)
[pe] round= 18 work=        8 frontier=       61 next=        8 consolidate=  0.008ms frontier=  0.001ms semisort=  0.011ms (keyed= 0.000ms group_by=  0.002ms per_group= 0.003ms)
[pe] round= 19 work=        8 frontier=       28 next=       10 consolidate=  0.009ms frontier=  0.002ms semisort=  0.008ms (keyed= 0.000ms group_by=  0.001ms per_group= 0.004ms)
[pe] round= 20 work=       10 frontier=       22 next=        7 consolidate=  0.008ms frontier=  0.001ms semisort=  0.006ms (keyed= 0.000ms group_by=  0.001ms per_group= 0.002ms)
[pe] round= 21 work=        7 frontier=       42 next=        7 consolidate=  0.007ms frontier=  0.001ms semisort=  0.008ms (keyed= 0.000ms group_by=  0.002ms per_group= 0.003ms)
[pe] round= 22 work=        7 frontier=       58 next=        7 consolidate=  0.007ms frontier=  0.001ms semisort=  0.011ms (keyed= 0.000ms group_by=  0.002ms per_group= 0.004ms)
[pe] round= 23 work=        7 frontier=       24 next=        7 consolidate=  0.010ms frontier=  0.001ms semisort=  0.007ms (keyed= 0.000ms group_by=  0.001ms per_group= 0.003ms)
[pe] round= 24 work=        7 frontier=       19 next=        5 consolidate=  0.007ms frontier=  0.001ms semisort=  0.005ms (keyed= 0.000ms group_by=  0.001ms per_group= 0.002ms)
[pe] round= 25 work=        5 frontier=       29 next=        5 consolidate=  0.005ms frontier=  0.001ms semisort=  0.007ms (keyed= 0.000ms group_by=  0.002ms per_group= 0.003ms)
[pe] round= 26 work=        5 frontier=       42 next=        5 consolidate=  0.005ms frontier=  0.001ms semisort=  0.008ms (keyed= 0.000ms group_by=  0.002ms per_group= 0.003ms)
[pe] round= 27 work=        5 frontier=       23 next=        5 consolidate=  0.004ms frontier=  0.001ms semisort=  0.006ms (keyed= 0.000ms group_by=  0.001ms per_group= 0.002ms)
[pe] round= 28 work=        5 frontier=       12 next=        4 consolidate=  0.005ms frontier=  0.001ms semisort=  0.004ms (keyed= 0.000ms group_by=  0.001ms per_group= 0.002ms)
[pe] round= 29 work=        4 frontier=       28 next=        4 consolidate=  0.004ms frontier=  0.001ms semisort=  0.007ms (keyed= 0.000ms group_by=  0.002ms per_group= 0.002ms)
[pe] round= 30 work=        4 frontier=       32 next=        6 consolidate=  0.005ms frontier=  0.001ms semisort=  0.008ms (keyed= 0.000ms group_by=  0.001ms per_group= 0.003ms)
[pe] round= 31 work=        6 frontier=       16 next=        6 consolidate=  0.006ms frontier=  0.001ms semisort=  0.006ms (keyed= 0.000ms group_by=  0.001ms per_group= 0.002ms)
[pe] round= 32 work=        6 frontier=       12 next=        4 consolidate=  0.005ms frontier=  0.001ms semisort=  0.004ms (keyed= 0.000ms group_by=  0.001ms per_group= 0.002ms)
[pe] round= 33 work=        4 frontier=       28 next=        4 consolidate=  0.004ms frontier=  0.001ms semisort=  0.006ms (keyed= 0.000ms group_by=  0.001ms per_group= 0.002ms)
[pe] round= 34 work=        4 frontier=       32 next=        6 consolidate=  0.004ms frontier=  0.001ms semisort=  0.008ms (keyed= 0.000ms group_by=  0.001ms per_group= 0.003ms)
[pe] round= 35 work=        6 frontier=       16 next=        6 consolidate=  0.005ms frontier=  0.001ms semisort=  0.005ms (keyed= 0.000ms group_by=  0.001ms per_group= 0.002ms)
[pe] round= 36 work=        6 frontier=       12 next=        4 consolidate=  0.005ms frontier=  0.001ms semisort=  0.004ms (keyed= 0.000ms group_by=  0.001ms per_group= 0.002ms)
[pe] round= 37 work=        4 frontier=       22 next=        4 consolidate=  0.004ms frontier=  0.001ms semisort=  0.005ms (keyed= 0.000ms group_by=  0.001ms per_group= 0.002ms)
[pe] round= 38 work=        4 frontier=       33 next=        4 consolidate=  0.004ms frontier=  0.001ms semisort=  0.007ms (keyed= 0.000ms group_by=  0.001ms per_group= 0.002ms)
[pe] round= 39 work=        4 frontier=       16 next=        5 consolidate=  0.004ms frontier=  0.001ms semisort=  0.005ms (keyed= 0.000ms group_by=  0.001ms per_group= 0.002ms)
[pe] round= 40 work=        5 frontier=       12 next=        4 consolidate=  0.004ms frontier=  0.001ms semisort=  0.004ms (keyed= 0.000ms group_by=  0.001ms per_group= 0.002ms)
[pe] round= 41 work=        4 frontier=       45 next=        4 consolidate=  0.004ms frontier=  0.001ms semisort=  0.007ms (keyed= 0.000ms group_by=  0.001ms per_group= 0.003ms)
[pe] round= 42 work=        4 frontier=       55 next=        3 consolidate=  0.004ms frontier=  0.001ms semisort=  0.009ms (keyed= 0.000ms group_by=  0.003ms per_group= 0.002ms)
[pe] round= 43 work=        3 frontier=       10 next=        2 consolidate=  0.003ms frontier=  0.001ms semisort=  0.004ms (keyed= 0.000ms group_by=  0.001ms per_group= 0.001ms)
[pe] round= 44 work=        2 frontier=        7 next=        1 consolidate=  0.002ms frontier=  0.001ms semisort=  0.002ms (keyed= 0.000ms group_by=  0.000ms per_group= 0.001ms)
[pe] round= 45 work=        1 frontier=        2 next=        1 consolidate=  0.001ms frontier=  0.001ms semisort=  0.001ms (keyed= 0.000ms group_by=  0.000ms per_group= 0.001ms)
[pe] round= 46 work=        1 frontier=       15 next=        1 consolidate=  0.001ms frontier=  0.000ms semisort=  0.003ms (keyed= 0.000ms group_by=  0.001ms per_group= 0.001ms)
[pe] round= 47 work=        1 frontier=       13 next=        0 consolidate=  0.001ms frontier=  0.000ms semisort=  0.004ms (keyed= 0.000ms group_by=  0.001ms per_group= 0.001ms)
[pe] round=  0 work=  4363989 frontier=  2643397 next=    16461 consolidate=369.468ms frontier= 39.920ms semisort=119.708ms (keyed=18.201ms group_by=  2.839ms per_group=37.441ms)
[pe] round=  1 work=    16461 frontier=   118429 next=     6266 consolidate=  5.309ms frontier=  0.449ms semisort=  9.439ms (keyed= 0.138ms group_by=  4.580ms per_group= 1.902ms)
[pe] round=  2 work=     6266 frontier=    33240 next=     4000 consolidate=  2.609ms frontier=  0.231ms semisort=  4.009ms (keyed= 0.074ms group_by=  1.691ms per_group= 0.975ms)
[pe] round=  3 work=     4000 frontier=    16573 next=     2922 consolidate=  1.648ms frontier=  0.278ms semisort=  2.273ms (keyed= 0.050ms group_by=  0.942ms per_group= 0.621ms)
[pe] round=  4 work=     2922 frontier=    20380 next=     1714 consolidate=  1.214ms frontier=  0.194ms semisort=  2.242ms (keyed= 0.129ms group_by=  0.933ms per_group= 0.485ms)
[pe] round=  5 work=     1714 frontier=    10106 next=     1005 consolidate=  0.701ms frontier=  0.074ms semisort=  1.494ms (keyed= 0.028ms group_by=  0.551ms per_group= 0.400ms)
[pe] round=  6 work=     1005 frontier=     5584 next=      533 consolidate=  0.414ms frontier=  0.053ms semisort=  1.087ms (keyed= 0.014ms group_by=  0.624ms per_group= 0.171ms)
[pe] round=  7 work=      533 frontier=     2433 next=      256 consolidate=  0.249ms frontier=  0.032ms semisort=  0.482ms (keyed= 0.006ms group_by=  0.277ms per_group= 0.099ms)
[pe] round=  8 work=      256 frontier=      826 next=      117 consolidate=  0.121ms frontier=  0.017ms semisort=  0.154ms (keyed= 0.002ms group_by=  0.056ms per_group= 0.033ms)
[pe] round=  9 work=      117 frontier=     1258 next=      106 consolidate=  0.062ms frontier=  0.009ms semisort=  0.199ms (keyed= 0.002ms group_by=  0.066ms per_group= 0.057ms)
[pe] round= 10 work=      106 frontier=      480 next=      104 consolidate=  0.055ms frontier=  0.007ms semisort=  0.084ms (keyed= 0.001ms group_by=  0.022ms per_group= 0.028ms)
[pe] round= 11 work=      104 frontier=      199 next=       31 consolidate=  0.064ms frontier=  0.005ms semisort=  0.034ms (keyed= 0.000ms group_by=  0.008ms per_group= 0.012ms)
[pe] round= 12 work=       31 frontier=       67 next=       16 consolidate=  0.022ms frontier=  0.002ms semisort=  0.014ms (keyed= 0.000ms group_by=  0.003ms per_group= 0.006ms)
[pe] round= 13 work=       16 frontier=      133 next=       17 consolidate=  0.014ms frontier=  0.001ms semisort=  0.023ms (keyed= 0.000ms group_by=  0.005ms per_group= 0.008ms)
[pe] round= 14 work=       17 frontier=       93 next=       12 consolidate=  0.012ms frontier=  0.002ms semisort=  0.018ms (keyed= 0.000ms group_by=  0.005ms per_group= 0.005ms)
[pe] round= 15 work=       12 frontier=       44 next=       11 consolidate=  0.011ms frontier=  0.001ms semisort=  0.010ms (keyed= 0.000ms group_by=  0.002ms per_group= 0.004ms)
[pe] round= 16 work=       11 frontier=       26 next=        9 consolidate=  0.009ms frontier=  0.001ms semisort=  0.007ms (keyed= 0.000ms group_by=  0.001ms per_group= 0.003ms)
[pe] round= 17 work=        9 frontier=       54 next=        8 consolidate=  0.007ms frontier=  0.001ms semisort=  0.010ms (keyed= 0.000ms group_by=  0.002ms per_group= 0.004ms)
[pe] round= 18 work=        8 frontier=       61 next=        8 consolidate=  0.007ms frontier=  0.001ms semisort=  0.012ms (keyed= 0.000ms group_by=  0.003ms per_group= 0.004ms)
[pe] round= 19 work=        8 frontier=       28 next=       10 consolidate=  0.006ms frontier=  0.001ms semisort=  0.008ms (keyed= 0.000ms group_by=  0.001ms per_group= 0.004ms)
[pe] round= 20 work=       10 frontier=       22 next=        7 consolidate=  0.008ms frontier=  0.001ms semisort=  0.005ms (keyed= 0.000ms group_by=  0.001ms per_group= 0.002ms)
[pe] round= 21 work=        7 frontier=       42 next=        7 consolidate=  0.006ms frontier=  0.001ms semisort=  0.008ms (keyed= 0.000ms group_by=  0.001ms per_group= 0.003ms)
[pe] round= 22 work=        7 frontier=       58 next=        7 consolidate=  0.007ms frontier=  0.001ms semisort=  0.012ms (keyed= 0.000ms group_by=  0.002ms per_group= 0.004ms)
[pe] round= 23 work=        7 frontier=       24 next=        7 consolidate=  0.006ms frontier=  0.001ms semisort=  0.006ms (keyed= 0.000ms group_by=  0.001ms per_group= 0.003ms)
[pe] round= 24 work=        7 frontier=       19 next=        5 consolidate=  0.006ms frontier=  0.001ms semisort=  0.005ms (keyed= 0.000ms group_by=  0.001ms per_group= 0.002ms)
[pe] round= 25 work=        5 frontier=       29 next=        5 consolidate=  0.005ms frontier=  0.001ms semisort=  0.006ms (keyed= 0.000ms group_by=  0.001ms per_group= 0.002ms)
[pe] round= 26 work=        5 frontier=       42 next=        5 consolidate=  0.005ms frontier=  0.001ms semisort=  0.008ms (keyed= 0.000ms group_by=  0.002ms per_group= 0.003ms)
[pe] round= 27 work=        5 frontier=       23 next=        5 consolidate=  0.004ms frontier=  0.001ms semisort=  0.006ms (keyed= 0.000ms group_by=  0.001ms per_group= 0.002ms)
[pe] round= 28 work=        5 frontier=       12 next=        4 consolidate=  0.005ms frontier=  0.001ms semisort=  0.004ms (keyed= 0.000ms group_by=  0.001ms per_group= 0.002ms)
[pe] round= 29 work=        4 frontier=       28 next=        4 consolidate=  0.004ms frontier=  0.001ms semisort=  0.006ms (keyed= 0.000ms group_by=  0.001ms per_group= 0.002ms)
[pe] round= 30 work=        4 frontier=       32 next=        6 consolidate=  0.005ms frontier=  0.001ms semisort=  0.008ms (keyed= 0.000ms group_by=  0.001ms per_group= 0.003ms)
[pe] round= 31 work=        6 frontier=       16 next=        6 consolidate=  0.006ms frontier=  0.001ms semisort=  0.005ms (keyed= 0.000ms group_by=  0.001ms per_group= 0.002ms)
[pe] round= 32 work=        6 frontier=       12 next=        4 consolidate=  0.005ms frontier=  0.001ms semisort=  0.004ms (keyed= 0.000ms group_by=  0.001ms per_group= 0.001ms)
[pe] round= 33 work=        4 frontier=       28 next=        4 consolidate=  0.003ms frontier=  0.001ms semisort=  0.006ms (keyed= 0.000ms group_by=  0.001ms per_group= 0.002ms)
[pe] round= 34 work=        4 frontier=       32 next=        6 consolidate=  0.003ms frontier=  0.001ms semisort=  0.008ms (keyed= 0.000ms group_by=  0.001ms per_group= 0.003ms)
[pe] round= 35 work=        6 frontier=       16 next=        6 consolidate=  0.005ms frontier=  0.001ms semisort=  0.005ms (keyed= 0.000ms group_by=  0.001ms per_group= 0.002ms)
[pe] round= 36 work=        6 frontier=       12 next=        4 consolidate=  0.005ms frontier=  0.001ms semisort=  0.004ms (keyed= 0.000ms group_by=  0.000ms per_group= 0.001ms)
[pe] round= 37 work=        4 frontier=       22 next=        4 consolidate=  0.004ms frontier=  0.001ms semisort=  0.005ms (keyed= 0.000ms group_by=  0.001ms per_group= 0.002ms)
[pe] round= 38 work=        4 frontier=       33 next=        4 consolidate=  0.004ms frontier=  0.001ms semisort=  0.007ms (keyed= 0.000ms group_by=  0.001ms per_group= 0.002ms)
[pe] round= 39 work=        4 frontier=       16 next=        5 consolidate=  0.004ms frontier=  0.001ms semisort=  0.005ms (keyed= 0.000ms group_by=  0.001ms per_group= 0.002ms)
[pe] round= 40 work=        5 frontier=       12 next=        4 consolidate=  0.004ms frontier=  0.001ms semisort=  0.004ms (keyed= 0.000ms group_by=  0.001ms per_group= 0.002ms)
[pe] round= 41 work=        4 frontier=       45 next=        4 consolidate=  0.004ms frontier=  0.001ms semisort=  0.007ms (keyed= 0.000ms group_by=  0.001ms per_group= 0.003ms)
[pe] round= 42 work=        4 frontier=       55 next=        3 consolidate=  0.003ms frontier=  0.001ms semisort=  0.009ms (keyed= 0.000ms group_by=  0.003ms per_group= 0.002ms)
[pe] round= 43 work=        3 frontier=       10 next=        2 consolidate=  0.003ms frontier=  0.001ms semisort=  0.004ms (keyed= 0.000ms group_by=  0.001ms per_group= 0.001ms)
[pe] round= 44 work=        2 frontier=        7 next=        1 consolidate=  0.003ms frontier=  0.001ms semisort=  0.003ms (keyed= 0.000ms group_by=  0.001ms per_group= 0.001ms)
[pe] round= 45 work=        1 frontier=        2 next=        1 consolidate=  0.001ms frontier=  0.001ms semisort=  0.002ms (keyed= 0.000ms group_by=  0.000ms per_group= 0.001ms)
[pe] round= 46 work=        1 frontier=       15 next=        1 consolidate=  0.002ms frontier=  0.001ms semisort=  0.003ms (keyed= 0.000ms group_by=  0.001ms per_group= 0.001ms)
[pe] round= 47 work=        1 frontier=       13 next=        0 consolidate=  0.001ms frontier=  0.000ms semisort=  0.003ms (keyed= 0.000ms group_by=  0.001ms per_group= 0.001ms)
[pe] round=  0 work=  4363989 frontier=  2643397 next=    16461 consolidate=373.133ms frontier= 40.575ms semisort=119.489ms (keyed=18.479ms group_by=  2.936ms per_group=37.048ms)
[pe] round=  1 work=    16461 frontier=   118429 next=     6266 consolidate=  5.303ms frontier=  0.447ms semisort=  9.829ms (keyed= 0.138ms group_by=  4.899ms per_group= 1.918ms)
[pe] round=  2 work=     6266 frontier=    33240 next=     4000 consolidate=  2.578ms frontier=  0.234ms semisort=  3.890ms (keyed= 0.073ms group_by=  1.592ms per_group= 1.023ms)
[pe] round=  3 work=     4000 frontier=    16573 next=     2922 consolidate=  1.585ms frontier=  0.145ms semisort=  2.317ms (keyed= 0.053ms group_by=  0.907ms per_group= 0.646ms)
[pe] round=  4 work=     2922 frontier=    20380 next=     1714 consolidate=  1.124ms frontier=  0.268ms semisort=  2.114ms (keyed= 0.068ms group_by=  0.828ms per_group= 0.457ms)
[pe] round=  5 work=     1714 frontier=    10106 next=     1005 consolidate=  0.744ms frontier=  0.098ms semisort=  1.330ms (keyed= 0.031ms group_by=  0.582ms per_group= 0.353ms)
[pe] round=  6 work=     1005 frontier=     5584 next=      533 consolidate=  0.415ms frontier=  0.053ms semisort=  1.112ms (keyed= 0.018ms group_by=  0.651ms per_group= 0.198ms)
[pe] round=  7 work=      533 frontier=     2433 next=      256 consolidate=  0.238ms frontier=  0.032ms semisort=  0.553ms (keyed= 0.006ms group_by=  0.291ms per_group= 0.091ms)
[pe] round=  8 work=      256 frontier=      826 next=      117 consolidate=  0.116ms frontier=  0.017ms semisort=  0.160ms (keyed= 0.002ms group_by=  0.059ms per_group= 0.032ms)
[pe] round=  9 work=      117 frontier=     1258 next=      106 consolidate=  0.065ms frontier=  0.009ms semisort=  0.268ms (keyed= 0.002ms group_by=  0.068ms per_group= 0.065ms)
[pe] round= 10 work=      106 frontier=      480 next=      104 consolidate=  0.061ms frontier=  0.006ms semisort=  0.083ms (keyed= 0.001ms group_by=  0.021ms per_group= 0.028ms)
[pe] round= 11 work=      104 frontier=      199 next=       31 consolidate=  0.125ms frontier=  0.005ms semisort=  0.037ms (keyed= 0.001ms group_by=  0.008ms per_group= 0.013ms)
[pe] round= 12 work=       31 frontier=       67 next=       16 consolidate=  0.023ms frontier=  0.002ms semisort=  0.015ms (keyed= 0.000ms group_by=  0.003ms per_group= 0.006ms)
[pe] round= 13 work=       16 frontier=      133 next=       17 consolidate=  0.015ms frontier=  0.001ms semisort=  0.022ms (keyed= 0.000ms group_by=  0.005ms per_group= 0.007ms)
[pe] round= 14 work=       17 frontier=       93 next=       12 consolidate=  0.016ms frontier=  0.001ms semisort=  0.017ms (keyed= 0.000ms group_by=  0.004ms per_group= 0.005ms)
[pe] round= 15 work=       12 frontier=       44 next=       11 consolidate=  0.010ms frontier=  0.001ms semisort=  0.011ms (keyed= 0.000ms group_by=  0.002ms per_group= 0.005ms)
[pe] round= 16 work=       11 frontier=       26 next=        9 consolidate=  0.010ms frontier=  0.002ms semisort=  0.007ms (keyed= 0.000ms group_by=  0.001ms per_group= 0.003ms)
[pe] round= 17 work=        9 frontier=       54 next=        8 consolidate=  0.008ms frontier=  0.001ms semisort=  0.011ms (keyed= 0.000ms group_by=  0.002ms per_group= 0.004ms)
[pe] round= 18 work=        8 frontier=       61 next=        8 consolidate=  0.007ms frontier=  0.001ms semisort=  0.014ms (keyed= 0.000ms group_by=  0.002ms per_group= 0.005ms)
[pe] round= 19 work=        8 frontier=       28 next=       10 consolidate=  0.007ms frontier=  0.001ms semisort=  0.008ms (keyed= 0.000ms group_by=  0.001ms per_group= 0.004ms)
[pe] round= 20 work=       10 frontier=       22 next=        7 consolidate=  0.008ms frontier=  0.001ms semisort=  0.006ms (keyed= 0.000ms group_by=  0.001ms per_group= 0.002ms)
[pe] round= 21 work=        7 frontier=       42 next=        7 consolidate=  0.007ms frontier=  0.001ms semisort=  0.008ms (keyed= 0.000ms group_by=  0.002ms per_group= 0.003ms)
[pe] round= 22 work=        7 frontier=       58 next=        7 consolidate=  0.007ms frontier=  0.001ms semisort=  0.010ms (keyed= 0.000ms group_by=  0.002ms per_group= 0.003ms)
[pe] round= 23 work=        7 frontier=       24 next=        7 consolidate=  0.006ms frontier=  0.001ms semisort=  0.006ms (keyed= 0.000ms group_by=  0.001ms per_group= 0.003ms)
[pe] round= 24 work=        7 frontier=       19 next=        5 consolidate=  0.006ms frontier=  0.001ms semisort=  0.005ms (keyed= 0.000ms group_by=  0.001ms per_group= 0.002ms)
[pe] round= 25 work=        5 frontier=       29 next=        5 consolidate=  0.005ms frontier=  0.001ms semisort=  0.007ms (keyed= 0.000ms group_by=  0.002ms per_group= 0.002ms)
[pe] round= 26 work=        5 frontier=       42 next=        5 consolidate=  0.005ms frontier=  0.001ms semisort=  0.008ms (keyed= 0.000ms group_by=  0.002ms per_group= 0.003ms)
[pe] round= 27 work=        5 frontier=       23 next=        5 consolidate=  0.005ms frontier=  0.001ms semisort=  0.006ms (keyed= 0.000ms group_by=  0.001ms per_group= 0.002ms)
[pe] round= 28 work=        5 frontier=       12 next=        4 consolidate=  0.005ms frontier=  0.001ms semisort=  0.004ms (keyed= 0.000ms group_by=  0.001ms per_group= 0.002ms)
[pe] round= 29 work=        4 frontier=       28 next=        4 consolidate=  0.004ms frontier=  0.001ms semisort=  0.007ms (keyed= 0.000ms group_by=  0.001ms per_group= 0.002ms)
[pe] round= 30 work=        4 frontier=       32 next=        6 consolidate=  0.004ms frontier=  0.001ms semisort=  0.007ms (keyed= 0.000ms group_by=  0.001ms per_group= 0.003ms)
[pe] round= 31 work=        6 frontier=       16 next=        6 consolidate=  0.006ms frontier=  0.001ms semisort=  0.006ms (keyed= 0.000ms group_by=  0.001ms per_group= 0.002ms)
[pe] round= 32 work=        6 frontier=       12 next=        4 consolidate=  0.005ms frontier=  0.001ms semisort=  0.004ms (keyed= 0.000ms group_by=  0.001ms per_group= 0.002ms)
[pe] round= 33 work=        4 frontier=       28 next=        4 consolidate=  0.004ms frontier=  0.001ms semisort=  0.006ms (keyed= 0.000ms group_by=  0.001ms per_group= 0.002ms)
[pe] round= 34 work=        4 frontier=       32 next=        6 consolidate=  0.004ms frontier=  0.001ms semisort=  0.008ms (keyed= 0.000ms group_by=  0.001ms per_group= 0.003ms)
[pe] round= 35 work=        6 frontier=       16 next=        6 consolidate=  0.006ms frontier=  0.001ms semisort=  0.005ms (keyed= 0.000ms group_by=  0.001ms per_group= 0.002ms)
[pe] round= 36 work=        6 frontier=       12 next=        4 consolidate=  0.005ms frontier=  0.001ms semisort=  0.004ms (keyed= 0.000ms group_by=  0.001ms per_group= 0.002ms)
[pe] round= 37 work=        4 frontier=       22 next=        4 consolidate=  0.004ms frontier=  0.001ms semisort=  0.005ms (keyed= 0.000ms group_by=  0.001ms per_group= 0.002ms)
[pe] round= 38 work=        4 frontier=       33 next=        4 consolidate=  0.004ms frontier=  0.001ms semisort=  0.007ms (keyed= 0.000ms group_by=  0.001ms per_group= 0.002ms)
[pe] round= 39 work=        4 frontier=       16 next=        5 consolidate=  0.004ms frontier=  0.001ms semisort=  0.005ms (keyed= 0.000ms group_by=  0.001ms per_group= 0.002ms)
[pe] round= 40 work=        5 frontier=       12 next=        4 consolidate=  0.004ms frontier=  0.001ms semisort=  0.003ms (keyed= 0.000ms group_by=  0.001ms per_group= 0.001ms)
[pe] round= 41 work=        4 frontier=       45 next=        4 consolidate=  0.004ms frontier=  0.001ms semisort=  0.007ms (keyed= 0.000ms group_by=  0.001ms per_group= 0.002ms)
[pe] round= 42 work=        4 frontier=       55 next=        3 consolidate=  0.004ms frontier=  0.001ms semisort=  0.009ms (keyed= 0.000ms group_by=  0.003ms per_group= 0.002ms)
[pe] round= 43 work=        3 frontier=       10 next=        2 consolidate=  0.003ms frontier=  0.001ms semisort=  0.004ms (keyed= 0.000ms group_by=  0.001ms per_group= 0.001ms)
[pe] round= 44 work=        2 frontier=        7 next=        1 consolidate=  0.002ms frontier=  0.000ms semisort=  0.003ms (keyed= 0.000ms group_by=  0.000ms per_group= 0.001ms)
[pe] round= 45 work=        1 frontier=        2 next=        1 consolidate=  0.001ms frontier=  0.001ms semisort=  0.002ms (keyed= 0.000ms group_by=  0.000ms per_group= 0.001ms)
[pe] round= 46 work=        1 frontier=       15 next=        1 consolidate=  0.002ms frontier=  0.000ms semisort=  0.003ms (keyed= 0.000ms group_by=  0.001ms per_group= 0.001ms)
[pe] round= 47 work=        1 frontier=       13 next=        0 consolidate=  0.001ms frontier=  0.000ms semisort=  0.003ms (keyed= 0.000ms group_by=  0.001ms per_group= 0.001ms)
[pe] round=  0 work=  4363989 frontier=  2643397 next=    16461 consolidate=375.002ms frontier= 39.837ms semisort=120.159ms (keyed=18.247ms group_by=  2.971ms per_group=37.318ms)
[pe] round=  1 work=    16461 frontier=   118429 next=     6266 consolidate=  5.716ms frontier=  0.434ms semisort= 10.302ms (keyed= 0.137ms group_by=  5.259ms per_group= 1.988ms)
[pe] round=  2 work=     6266 frontier=    33240 next=     4000 consolidate=  2.601ms frontier=  0.230ms semisort=  4.040ms (keyed= 0.070ms group_by=  1.783ms per_group= 1.034ms)
[pe] round=  3 work=     4000 frontier=    16573 next=     2922 consolidate=  1.536ms frontier=  0.212ms semisort=  2.439ms (keyed= 0.051ms group_by=  0.993ms per_group= 0.696ms)
[pe] round=  4 work=     2922 frontier=    20380 next=     1714 consolidate=  1.189ms frontier=  0.205ms semisort=  2.247ms (keyed= 0.063ms group_by=  0.946ms per_group= 0.551ms)
[pe] round=  5 work=     1714 frontier=    10106 next=     1005 consolidate=  0.684ms frontier=  0.135ms semisort=  1.366ms (keyed= 0.032ms group_by=  0.549ms per_group= 0.352ms)
[pe] round=  6 work=     1005 frontier=     5584 next=      533 consolidate=  0.431ms frontier=  0.055ms semisort=  1.051ms (keyed= 0.013ms group_by=  0.639ms per_group= 0.196ms)
[pe] round=  7 work=      533 frontier=     2433 next=      256 consolidate=  0.238ms frontier=  0.036ms semisort=  0.536ms (keyed= 0.005ms group_by=  0.255ms per_group= 0.108ms)
[pe] round=  8 work=      256 frontier=      826 next=      117 consolidate=  0.121ms frontier=  0.018ms semisort=  0.214ms (keyed= 0.002ms group_by=  0.055ms per_group= 0.096ms)
[pe] round=  9 work=      117 frontier=     1258 next=      106 consolidate=  0.066ms frontier=  0.008ms semisort=  0.263ms (keyed= 0.002ms group_by=  0.067ms per_group= 0.062ms)
[pe] round= 10 work=      106 frontier=      480 next=      104 consolidate=  0.117ms frontier=  0.006ms semisort=  0.083ms (keyed= 0.001ms group_by=  0.022ms per_group= 0.029ms)
[pe] round= 11 work=      104 frontier=      199 next=       31 consolidate=  0.126ms frontier=  0.006ms semisort=  0.036ms (keyed= 0.001ms group_by=  0.009ms per_group= 0.013ms)
[pe] round= 12 work=       31 frontier=       67 next=       16 consolidate=  0.023ms frontier=  0.002ms semisort=  0.014ms (keyed= 0.000ms group_by=  0.002ms per_group= 0.006ms)
[pe] round= 13 work=       16 frontier=      133 next=       17 consolidate=  0.015ms frontier=  0.001ms semisort=  0.023ms (keyed= 0.000ms group_by=  0.005ms per_group= 0.008ms)
[pe] round= 14 work=       17 frontier=       93 next=       12 consolidate=  0.013ms frontier=  0.002ms semisort=  0.017ms (keyed= 0.000ms group_by=  0.005ms per_group= 0.005ms)
[pe] round= 15 work=       12 frontier=       44 next=       11 consolidate=  0.011ms frontier=  0.001ms semisort=  0.010ms (keyed= 0.000ms group_by=  0.002ms per_group= 0.004ms)
[pe] round= 16 work=       11 frontier=       26 next=        9 consolidate=  0.010ms frontier=  0.001ms semisort=  0.007ms (keyed= 0.000ms group_by=  0.001ms per_group= 0.003ms)
[pe] round= 17 work=        9 frontier=       54 next=        8 consolidate=  0.008ms frontier=  0.001ms semisort=  0.010ms (keyed= 0.000ms group_by=  0.002ms per_group= 0.004ms)
[pe] round= 18 work=        8 frontier=       61 next=        8 consolidate=  0.008ms frontier=  0.001ms semisort=  0.011ms (keyed= 0.000ms group_by=  0.003ms per_group= 0.003ms)
[pe] round= 19 work=        8 frontier=       28 next=       10 consolidate=  0.007ms frontier=  0.001ms semisort=  0.008ms (keyed= 0.000ms group_by=  0.001ms per_group= 0.003ms)
[pe] round= 20 work=       10 frontier=       22 next=        7 consolidate=  0.008ms frontier=  0.001ms semisort=  0.006ms (keyed= 0.000ms group_by=  0.001ms per_group= 0.002ms)
[pe] round= 21 work=        7 frontier=       42 next=        7 consolidate=  0.007ms frontier=  0.001ms semisort=  0.008ms (keyed= 0.000ms group_by=  0.002ms per_group= 0.003ms)
[pe] round= 22 work=        7 frontier=       58 next=        7 consolidate=  0.007ms frontier=  0.001ms semisort=  0.011ms (keyed= 0.000ms group_by=  0.002ms per_group= 0.004ms)
[pe] round= 23 work=        7 frontier=       24 next=        7 consolidate=  0.007ms frontier=  0.001ms semisort=  0.006ms (keyed= 0.000ms group_by=  0.001ms per_group= 0.003ms)
[pe] round= 24 work=        7 frontier=       19 next=        5 consolidate=  0.006ms frontier=  0.001ms semisort=  0.005ms (keyed= 0.000ms group_by=  0.001ms per_group= 0.002ms)
[pe] round= 25 work=        5 frontier=       29 next=        5 consolidate=  0.005ms frontier=  0.001ms semisort=  0.006ms (keyed= 0.000ms group_by=  0.001ms per_group= 0.002ms)
[pe] round= 26 work=        5 frontier=       42 next=        5 consolidate=  0.005ms frontier=  0.001ms semisort=  0.008ms (keyed= 0.000ms group_by=  0.002ms per_group= 0.003ms)
[pe] round= 27 work=        5 frontier=       23 next=        5 consolidate=  0.004ms frontier=  0.001ms semisort=  0.006ms (keyed= 0.000ms group_by=  0.001ms per_group= 0.002ms)
[pe] round= 28 work=        5 frontier=       12 next=        4 consolidate=  0.005ms frontier=  0.001ms semisort=  0.004ms (keyed= 0.000ms group_by=  0.001ms per_group= 0.002ms)
[pe] round= 29 work=        4 frontier=       28 next=        4 consolidate=  0.005ms frontier=  0.001ms semisort=  0.006ms (keyed= 0.000ms group_by=  0.001ms per_group= 0.002ms)
[pe] round= 30 work=        4 frontier=       32 next=        6 consolidate=  0.004ms frontier=  0.001ms semisort=  0.008ms (keyed= 0.000ms group_by=  0.001ms per_group= 0.003ms)
[pe] round= 31 work=        6 frontier=       16 next=        6 consolidate=  0.006ms frontier=  0.001ms semisort=  0.006ms (keyed= 0.000ms group_by=  0.001ms per_group= 0.002ms)
[pe] round= 32 work=        6 frontier=       12 next=        4 consolidate=  0.005ms frontier=  0.001ms semisort=  0.004ms (keyed= 0.000ms group_by=  0.001ms per_group= 0.002ms)
[pe] round= 33 work=        4 frontier=       28 next=        4 consolidate=  0.004ms frontier=  0.001ms semisort=  0.006ms (keyed= 0.000ms group_by=  0.001ms per_group= 0.002ms)
[pe] round= 34 work=        4 frontier=       32 next=        6 consolidate=  0.004ms frontier=  0.001ms semisort=  0.008ms (keyed= 0.000ms group_by=  0.002ms per_group= 0.003ms)
[pe] round= 35 work=        6 frontier=       16 next=        6 consolidate=  0.005ms frontier=  0.001ms semisort=  0.005ms (keyed= 0.000ms group_by=  0.001ms per_group= 0.002ms)
[pe] round= 36 work=        6 frontier=       12 next=        4 consolidate=  0.005ms frontier=  0.001ms semisort=  0.004ms (keyed= 0.000ms group_by=  0.001ms per_group= 0.002ms)
[pe] round= 37 work=        4 frontier=       22 next=        4 consolidate=  0.004ms frontier=  0.001ms semisort=  0.005ms (keyed= 0.000ms group_by=  0.001ms per_group= 0.002ms)
[pe] round= 38 work=        4 frontier=       33 next=        4 consolidate=  0.004ms frontier=  0.001ms semisort=  0.007ms (keyed= 0.000ms group_by=  0.001ms per_group= 0.002ms)
[pe] round= 39 work=        4 frontier=       16 next=        5 consolidate=  0.004ms frontier=  0.001ms semisort=  0.005ms (keyed= 0.000ms group_by=  0.001ms per_group= 0.002ms)
[pe] round= 40 work=        5 frontier=       12 next=        4 consolidate=  0.005ms frontier=  0.001ms semisort=  0.003ms (keyed= 0.000ms group_by=  0.001ms per_group= 0.001ms)
[pe] round= 41 work=        4 frontier=       45 next=        4 consolidate=  0.004ms frontier=  0.001ms semisort=  0.010ms (keyed= 0.000ms group_by=  0.001ms per_group= 0.006ms)
[pe] round= 42 work=        4 frontier=       55 next=        3 consolidate=  0.004ms frontier=  0.001ms semisort=  0.009ms (keyed= 0.000ms group_by=  0.003ms per_group= 0.002ms)
[pe] round= 43 work=        3 frontier=       10 next=        2 consolidate=  0.003ms frontier=  0.001ms semisort=  0.004ms (keyed= 0.000ms group_by=  0.001ms per_group= 0.001ms)
[pe] round= 44 work=        2 frontier=        7 next=        1 consolidate=  0.003ms frontier=  0.001ms semisort=  0.003ms (keyed= 0.000ms group_by=  0.000ms per_group= 0.001ms)
[pe] round= 45 work=        1 frontier=        2 next=        1 consolidate=  0.002ms frontier=  0.001ms semisort=  0.002ms (keyed= 0.000ms group_by=  0.000ms per_group= 0.001ms)
[pe] round= 46 work=        1 frontier=       15 next=        1 consolidate=  0.001ms frontier=  0.000ms semisort=  0.003ms (keyed= 0.000ms group_by=  0.001ms per_group= 0.001ms)
[pe] round= 47 work=        1 frontier=       13 next=        0 consolidate=  0.001ms frontier=  0.000ms semisort=  0.003ms (keyed= 0.000ms group_by=  0.001ms per_group= 0.001ms)
[pe] round=  0 work=  4363989 frontier=  2643397 next=    16461 consolidate=377.265ms frontier= 40.668ms semisort=119.984ms (keyed=18.038ms group_by=  3.003ms per_group=37.551ms)
[pe] round=  1 work=    16461 frontier=   118429 next=     6266 consolidate=  5.368ms frontier=  0.454ms semisort= 10.261ms (keyed= 0.202ms group_by=  5.034ms per_group= 2.075ms)
[pe] round=  2 work=     6266 frontier=    33240 next=     4000 consolidate=  2.528ms frontier=  0.230ms semisort=  3.835ms (keyed= 0.075ms group_by=  1.608ms per_group= 1.038ms)
[pe] round=  3 work=     4000 frontier=    16573 next=     2922 consolidate=  1.507ms frontier=  0.150ms semisort=  2.186ms (keyed= 0.050ms group_by=  0.796ms per_group= 0.647ms)
[pe] round=  4 work=     2922 frontier=    20380 next=     1714 consolidate=  1.259ms frontier=  0.207ms semisort=  2.233ms (keyed= 0.063ms group_by=  0.804ms per_group= 0.637ms)
[pe] round=  5 work=     1714 frontier=    10106 next=     1005 consolidate=  0.852ms frontier=  0.077ms semisort=  1.327ms (keyed= 0.030ms group_by=  0.515ms per_group= 0.337ms)
[pe] round=  6 work=     1005 frontier=     5584 next=      533 consolidate=  0.405ms frontier=  0.053ms semisort=  1.093ms (keyed= 0.013ms group_by=  0.637ms per_group= 0.168ms)
[pe] round=  7 work=      533 frontier=     2433 next=      256 consolidate=  0.243ms frontier=  0.033ms semisort=  0.499ms (keyed= 0.006ms group_by=  0.282ms per_group= 0.112ms)
[pe] round=  8 work=      256 frontier=      826 next=      117 consolidate=  0.125ms frontier=  0.016ms semisort=  0.153ms (keyed= 0.002ms group_by=  0.054ms per_group= 0.034ms)
[pe] round=  9 work=      117 frontier=     1258 next=      106 consolidate=  0.065ms frontier=  0.008ms semisort=  0.199ms (keyed= 0.002ms group_by=  0.065ms per_group= 0.062ms)
[pe] round= 10 work=      106 frontier=      480 next=      104 consolidate=  0.063ms frontier=  0.006ms semisort=  0.082ms (keyed= 0.001ms group_by=  0.020ms per_group= 0.029ms)
[pe] round= 11 work=      104 frontier=      199 next=       31 consolidate=  0.061ms frontier=  0.006ms semisort=  0.036ms (keyed= 0.001ms group_by=  0.008ms per_group= 0.013ms)
[pe] round= 12 work=       31 frontier=       67 next=       16 consolidate=  0.021ms frontier=  0.003ms semisort=  0.015ms (keyed= 0.000ms group_by=  0.003ms per_group= 0.006ms)
[pe] round= 13 work=       16 frontier=      133 next=       17 consolidate=  0.015ms frontier=  0.002ms semisort=  0.022ms (keyed= 0.000ms group_by=  0.005ms per_group= 0.007ms)
[pe] round= 14 work=       17 frontier=       93 next=       12 consolidate=  0.015ms frontier=  0.001ms semisort=  0.018ms (keyed= 0.000ms group_by=  0.004ms per_group= 0.006ms)
[pe] round= 15 work=       12 frontier=       44 next=       11 consolidate=  0.011ms frontier=  0.001ms semisort=  0.010ms (keyed= 0.000ms group_by=  0.002ms per_group= 0.004ms)
[pe] round= 16 work=       11 frontier=       26 next=        9 consolidate=  0.009ms frontier=  0.002ms semisort=  0.007ms (keyed= 0.000ms group_by=  0.001ms per_group= 0.003ms)
[pe] round= 17 work=        9 frontier=       54 next=        8 consolidate=  0.008ms frontier=  0.001ms semisort=  0.011ms (keyed= 0.000ms group_by=  0.002ms per_group= 0.004ms)
[pe] round= 18 work=        8 frontier=       61 next=        8 consolidate=  0.009ms frontier=  0.001ms semisort=  0.011ms (keyed= 0.000ms group_by=  0.003ms per_group= 0.004ms)
[pe] round= 19 work=        8 frontier=       28 next=       10 consolidate=  0.008ms frontier=  0.001ms semisort=  0.008ms (keyed= 0.000ms group_by=  0.001ms per_group= 0.004ms)
[pe] round= 20 work=       10 frontier=       22 next=        7 consolidate=  0.009ms frontier=  0.001ms semisort=  0.006ms (keyed= 0.000ms group_by=  0.001ms per_group= 0.002ms)
[pe] round= 21 work=        7 frontier=       42 next=        7 consolidate=  0.007ms frontier=  0.001ms semisort=  0.009ms (keyed= 0.000ms group_by=  0.002ms per_group= 0.003ms)
[pe] round= 22 work=        7 frontier=       58 next=        7 consolidate=  0.008ms frontier=  0.001ms semisort=  0.010ms (keyed= 0.000ms group_by=  0.002ms per_group= 0.003ms)
[pe] round= 23 work=        7 frontier=       24 next=        7 consolidate=  0.006ms frontier=  0.001ms semisort=  0.007ms (keyed= 0.000ms group_by=  0.001ms per_group= 0.003ms)
[pe] round= 24 work=        7 frontier=       19 next=        5 consolidate=  0.005ms frontier=  0.001ms semisort=  0.005ms (keyed= 0.000ms group_by=  0.001ms per_group= 0.002ms)
[pe] round= 25 work=        5 frontier=       29 next=        5 consolidate=  0.005ms frontier=  0.001ms semisort=  0.007ms (keyed= 0.000ms group_by=  0.002ms per_group= 0.002ms)
[pe] round= 26 work=        5 frontier=       42 next=        5 consolidate=  0.006ms frontier=  0.001ms semisort=  0.008ms (keyed= 0.000ms group_by=  0.002ms per_group= 0.003ms)
[pe] round= 27 work=        5 frontier=       23 next=        5 consolidate=  0.004ms frontier=  0.001ms semisort=  0.006ms (keyed= 0.000ms group_by=  0.001ms per_group= 0.002ms)
[pe] round= 28 work=        5 frontier=       12 next=        4 consolidate=  0.005ms frontier=  0.001ms semisort=  0.004ms (keyed= 0.000ms group_by=  0.001ms per_group= 0.002ms)
[pe] round= 29 work=        4 frontier=       28 next=        4 consolidate=  0.004ms frontier=  0.001ms semisort=  0.007ms (keyed= 0.000ms group_by=  0.001ms per_group= 0.002ms)
[pe] round= 30 work=        4 frontier=       32 next=        6 consolidate=  0.005ms frontier=  0.001ms semisort=  0.008ms (keyed= 0.000ms group_by=  0.001ms per_group= 0.003ms)
[pe] round= 31 work=        6 frontier=       16 next=        6 consolidate=  0.007ms frontier=  0.001ms semisort=  0.005ms (keyed= 0.000ms group_by=  0.001ms per_group= 0.002ms)
[pe] round= 32 work=        6 frontier=       12 next=        4 consolidate=  0.005ms frontier=  0.001ms semisort=  0.004ms (keyed= 0.000ms group_by=  0.001ms per_group= 0.002ms)
[pe] round= 33 work=        4 frontier=       28 next=        4 consolidate=  0.004ms frontier=  0.001ms semisort=  0.006ms (keyed= 0.000ms group_by=  0.001ms per_group= 0.002ms)
[pe] round= 34 work=        4 frontier=       32 next=        6 consolidate=  0.004ms frontier=  0.001ms semisort=  0.008ms (keyed= 0.000ms group_by=  0.002ms per_group= 0.003ms)
[pe] round= 35 work=        6 frontier=       16 next=        6 consolidate=  0.005ms frontier=  0.001ms semisort=  0.005ms (keyed= 0.000ms group_by=  0.001ms per_group= 0.002ms)
[pe] round= 36 work=        6 frontier=       12 next=        4 consolidate=  0.006ms frontier=  0.001ms semisort=  0.004ms (keyed= 0.000ms group_by=  0.001ms per_group= 0.002ms)
[pe] round= 37 work=        4 frontier=       22 next=        4 consolidate=  0.004ms frontier=  0.001ms semisort=  0.005ms (keyed= 0.000ms group_by=  0.001ms per_group= 0.002ms)
[pe] round= 38 work=        4 frontier=       33 next=        4 consolidate=  0.005ms frontier=  0.001ms semisort=  0.007ms (keyed= 0.000ms group_by=  0.001ms per_group= 0.002ms)
[pe] round= 39 work=        4 frontier=       16 next=        5 consolidate=  0.004ms frontier=  0.001ms semisort=  0.005ms (keyed= 0.000ms group_by=  0.001ms per_group= 0.002ms)
[pe] round= 40 work=        5 frontier=       12 next=        4 consolidate=  0.005ms frontier=  0.001ms semisort=  0.004ms (keyed= 0.000ms group_by=  0.001ms per_group= 0.001ms)
[pe] round= 41 work=        4 frontier=       45 next=        4 consolidate=  0.004ms frontier=  0.001ms semisort=  0.007ms (keyed= 0.000ms group_by=  0.001ms per_group= 0.003ms)
[pe] round= 42 work=        4 frontier=       55 next=        3 consolidate=  0.004ms frontier=  0.001ms semisort=  0.010ms (keyed= 0.000ms group_by=  0.003ms per_group= 0.002ms)
[pe] round= 43 work=        3 frontier=       10 next=        2 consolidate=  0.004ms frontier=  0.001ms semisort=  0.004ms (keyed= 0.000ms group_by=  0.001ms per_group= 0.001ms)
[pe] round= 44 work=        2 frontier=        7 next=        1 consolidate=  0.003ms frontier=  0.001ms semisort=  0.002ms (keyed= 0.000ms group_by=  0.000ms per_group= 0.001ms)
[pe] round= 45 work=        1 frontier=        2 next=        1 consolidate=  0.002ms frontier=  0.001ms semisort=  0.002ms (keyed= 0.000ms group_by=  0.000ms per_group= 0.001ms)
[pe] round= 46 work=        1 frontier=       15 next=        1 consolidate=  0.001ms frontier=  0.000ms semisort=  0.003ms (keyed= 0.000ms group_by=  0.001ms per_group= 0.001ms)
[pe] round= 47 work=        1 frontier=       13 next=        0 consolidate=  0.001ms frontier=  0.000ms semisort=  0.004ms (keyed= 0.000ms group_by=  0.001ms per_group= 0.001ms)
[pe-async] round=  0 R=2 dirty=  2643397 runs=  1677825 filter= 16.438ms semisort= 58.153ms
[pe-async] round=  1 R=3 dirty=   117396 runs=    86221 filter= 17.281ms semisort=  6.578ms
[pe-async] round=  2 R=4 dirty=    32744 runs=    22444 filter= 15.814ms semisort=  1.815ms
[pe-async] round=  3 R=5 dirty=    15141 runs=     7573 filter= 14.705ms semisort=  1.028ms
[pe-async] round=  4 R=6 dirty=    19535 runs=    10298 filter= 14.304ms semisort=  1.100ms
[pe-async] round=  5 R=7 dirty=     9695 runs=     7032 filter= 13.963ms semisort=  0.687ms
[pe-async] round=  6 R=8 dirty=     5493 runs=     3220 filter= 13.953ms semisort=  0.380ms
[pe-async] round=  7 R=9 dirty=     2423 runs=     1645 filter= 14.142ms semisort=  0.289ms
[pe-async] round=  8 R=10 dirty=      817 runs=      626 filter= 14.060ms semisort=  0.106ms
[pe-async] round=  9 R=11 dirty=     1194 runs=      533 filter= 13.877ms semisort=  0.133ms
[pe-async] round= 10 R=12 dirty=      480 runs=      339 filter= 13.886ms semisort=  0.065ms
[pe-async] round= 11 R=13 dirty=      199 runs=      111 filter= 13.971ms semisort=  0.032ms
[pe-async] round= 12 R=14 dirty=       67 runs=       41 filter= 13.890ms semisort=  0.016ms
[pe-async] round= 13 R=15 dirty=      133 runs=       73 filter= 13.974ms semisort=  0.021ms
[pe-async] round= 14 R=16 dirty=       93 runs=       62 filter= 13.679ms semisort=  0.016ms
[pe-async] round= 15 R=17 dirty=       44 runs=       21 filter= 13.748ms semisort=  0.012ms
[pe-async] round= 16 R=18 dirty=       26 runs=        9 filter= 13.671ms semisort=  0.010ms
[pe-async] round= 17 R=19 dirty=       54 runs=       29 filter= 13.698ms semisort=  0.011ms
[pe-async] round= 18 R=20 dirty=       61 runs=       37 filter= 13.747ms semisort=  0.012ms
[pe-async] round= 19 R=21 dirty=       28 runs=       12 filter= 13.780ms semisort=  0.009ms
[pe-async] round= 20 R=22 dirty=       22 runs=        7 filter= 13.615ms semisort=  0.008ms
[pe-async] round= 21 R=23 dirty=       42 runs=       19 filter= 13.820ms semisort=  0.011ms
[pe-async] round= 22 R=24 dirty=       58 runs=       34 filter= 13.763ms semisort=  0.013ms
[pe-async] round= 23 R=25 dirty=       24 runs=       13 filter= 13.903ms semisort=  0.008ms
[pe-async] round= 24 R=26 dirty=       19 runs=        7 filter= 13.772ms semisort=  0.008ms
[pe-async] round= 25 R=27 dirty=       29 runs=       15 filter= 13.683ms semisort=  0.008ms
[pe-async] round= 26 R=28 dirty=       42 runs=       21 filter= 13.735ms semisort=  0.011ms
[pe-async] round= 27 R=29 dirty=       23 runs=       14 filter= 13.615ms semisort=  0.008ms
[pe-async] round= 28 R=30 dirty=       12 runs=        4 filter= 13.604ms semisort=  0.007ms
[pe-async] round= 29 R=31 dirty=       28 runs=       16 filter= 13.728ms semisort=  0.008ms
[pe-async] round= 30 R=32 dirty=       32 runs=       18 filter= 13.645ms semisort=  0.009ms
[pe-async] round= 31 R=33 dirty=       16 runs=        6 filter= 13.640ms semisort=  0.008ms
[pe-async] round= 32 R=34 dirty=       12 runs=        4 filter= 13.841ms semisort=  0.007ms
[pe-async] round= 33 R=35 dirty=       28 runs=       16 filter= 13.579ms semisort=  0.008ms
[pe-async] round= 34 R=36 dirty=       32 runs=       18 filter= 13.704ms semisort=  0.009ms
[pe-async] round= 35 R=37 dirty=       16 runs=        6 filter= 13.765ms semisort=  0.008ms
[pe-async] round= 36 R=38 dirty=       12 runs=        4 filter= 13.713ms semisort=  0.008ms
[pe-async] round= 37 R=39 dirty=       22 runs=       10 filter= 13.653ms semisort=  0.007ms
[pe-async] round= 38 R=40 dirty=       33 runs=       20 filter= 13.687ms semisort=  0.009ms
[pe-async] round= 39 R=41 dirty=       16 runs=        7 filter= 13.626ms semisort=  0.009ms
[pe-async] round= 40 R=42 dirty=       12 runs=        4 filter= 13.645ms semisort=  0.006ms
[pe-async] round= 41 R=43 dirty=       45 runs=        4 filter= 13.644ms semisort=  0.011ms
[pe-async] round= 42 R=44 dirty=       55 runs=       44 filter= 13.703ms semisort=  0.011ms
[pe-async] round= 43 R=45 dirty=       10 runs=        8 filter= 13.598ms semisort=  0.007ms
[pe-async] round= 44 R=46 dirty=        7 runs=        3 filter= 13.563ms semisort=  0.006ms
[pe-async] round= 45 R=47 dirty=        2 runs=        1 filter= 13.679ms semisort=  0.006ms
[pe-async] round= 46 R=48 dirty=       15 runs=        1 filter= 13.673ms semisort=  0.006ms
[pe-async] round= 47 R=49 dirty=       13 runs=       13 filter= 13.619ms semisort=  0.006ms
[pe-async] round= 48 R=50 dirty=        0 filter= 13.677ms (clean break)
[pe-async] round=  0 R=2 dirty=  2643397 runs=  1677825 filter= 13.238ms semisort= 57.718ms
[pe-async] round=  1 R=3 dirty=   117396 runs=    86221 filter= 15.901ms semisort=  6.358ms
[pe-async] round=  2 R=4 dirty=    32744 runs=    22444 filter= 14.759ms semisort=  1.843ms
[pe-async] round=  3 R=5 dirty=    15141 runs=     7573 filter= 14.282ms semisort=  0.978ms
[pe-async] round=  4 R=6 dirty=    19535 runs=    10298 filter= 14.030ms semisort=  1.175ms
[pe-async] round=  5 R=7 dirty=     9695 runs=     7032 filter= 14.137ms semisort=  0.631ms
[pe-async] round=  6 R=8 dirty=     5493 runs=     3220 filter= 13.847ms semisort=  0.414ms
[pe-async] round=  7 R=9 dirty=     2423 runs=     1645 filter= 13.700ms semisort=  0.279ms
[pe-async] round=  8 R=10 dirty=      817 runs=      626 filter= 13.896ms semisort=  0.089ms
[pe-async] round=  9 R=11 dirty=     1194 runs=      533 filter= 13.716ms semisort=  0.135ms
[pe-async] round= 10 R=12 dirty=      480 runs=      339 filter= 13.798ms semisort=  0.063ms
[pe-async] round= 11 R=13 dirty=      199 runs=      111 filter= 13.475ms semisort=  0.030ms
[pe-async] round= 12 R=14 dirty=       67 runs=       41 filter= 13.600ms semisort=  0.015ms
[pe-async] round= 13 R=15 dirty=      133 runs=       73 filter= 13.530ms semisort=  0.023ms
[pe-async] round= 14 R=16 dirty=       93 runs=       62 filter= 13.497ms semisort=  0.018ms
[pe-async] round= 15 R=17 dirty=       44 runs=       21 filter= 13.381ms semisort=  0.011ms
[pe-async] round= 16 R=18 dirty=       26 runs=        9 filter= 13.389ms semisort=  0.009ms
[pe-async] round= 17 R=19 dirty=       54 runs=       29 filter= 13.638ms semisort=  0.012ms
[pe-async] round= 18 R=20 dirty=       61 runs=       37 filter= 13.359ms semisort=  0.012ms
[pe-async] round= 19 R=21 dirty=       28 runs=       12 filter= 13.601ms semisort=  0.010ms
[pe-async] round= 20 R=22 dirty=       22 runs=        7 filter= 13.597ms semisort=  0.008ms
[pe-async] round= 21 R=23 dirty=       42 runs=       19 filter= 13.568ms semisort=  0.011ms
[pe-async] round= 22 R=24 dirty=       58 runs=       34 filter= 13.498ms semisort=  0.012ms
[pe-async] round= 23 R=25 dirty=       24 runs=       13 filter= 13.470ms semisort=  0.009ms
[pe-async] round= 24 R=26 dirty=       19 runs=        7 filter= 13.473ms semisort=  0.008ms
[pe-async] round= 25 R=27 dirty=       29 runs=       15 filter= 13.516ms semisort=  0.009ms
[pe-async] round= 26 R=28 dirty=       42 runs=       21 filter= 13.446ms semisort=  0.010ms
[pe-async] round= 27 R=29 dirty=       23 runs=       14 filter= 13.281ms semisort=  0.008ms
[pe-async] round= 28 R=30 dirty=       12 runs=        4 filter= 13.458ms semisort=  0.007ms
[pe-async] round= 29 R=31 dirty=       28 runs=       16 filter= 13.394ms semisort=  0.008ms
[pe-async] round= 30 R=32 dirty=       32 runs=       18 filter= 13.542ms semisort=  0.009ms
[pe-async] round= 31 R=33 dirty=       16 runs=        6 filter= 13.525ms semisort=  0.007ms
[pe-async] round= 32 R=34 dirty=       12 runs=        4 filter= 13.459ms semisort=  0.007ms
[pe-async] round= 33 R=35 dirty=       28 runs=       16 filter= 13.656ms semisort=  0.008ms
[pe-async] round= 34 R=36 dirty=       32 runs=       18 filter= 13.515ms semisort=  0.009ms
[pe-async] round= 35 R=37 dirty=       16 runs=        6 filter= 13.609ms semisort=  0.008ms
[pe-async] round= 36 R=38 dirty=       12 runs=        4 filter= 13.501ms semisort=  0.006ms
[pe-async] round= 37 R=39 dirty=       22 runs=       10 filter= 13.495ms semisort=  0.008ms
[pe-async] round= 38 R=40 dirty=       33 runs=       20 filter= 13.429ms semisort=  0.014ms
[pe-async] round= 39 R=41 dirty=       16 runs=        7 filter= 13.269ms semisort=  0.008ms
[pe-async] round= 40 R=42 dirty=       12 runs=        4 filter= 13.213ms semisort=  0.007ms
[pe-async] round= 41 R=43 dirty=       45 runs=        4 filter= 13.475ms semisort=  0.011ms
[pe-async] round= 42 R=44 dirty=       55 runs=       44 filter= 13.434ms semisort=  0.010ms
[pe-async] round= 43 R=45 dirty=       10 runs=        8 filter= 13.592ms semisort=  0.006ms
[pe-async] round= 44 R=46 dirty=        7 runs=        3 filter= 13.321ms semisort=  0.005ms
[pe-async] round= 45 R=47 dirty=        2 runs=        1 filter= 13.326ms semisort=  0.005ms
[pe-async] round= 46 R=48 dirty=       15 runs=        1 filter= 13.352ms semisort=  0.006ms
[pe-async] round= 47 R=49 dirty=       13 runs=       13 filter= 13.583ms semisort=  0.006ms
[pe-async] round= 48 R=50 dirty=        0 filter= 13.432ms (clean break)
[pe-async] round=  0 R=2 dirty=  2643397 runs=  1677825 filter= 13.043ms semisort= 57.971ms
[pe-async] round=  1 R=3 dirty=   117396 runs=    86221 filter= 16.058ms semisort=  6.426ms
[pe-async] round=  2 R=4 dirty=    32744 runs=    22444 filter= 14.936ms semisort=  1.861ms
[pe-async] round=  3 R=5 dirty=    15141 runs=     7573 filter= 14.441ms semisort=  1.150ms
[pe-async] round=  4 R=6 dirty=    19535 runs=    10298 filter= 14.343ms semisort=  1.197ms
[pe-async] round=  5 R=7 dirty=     9695 runs=     7032 filter= 14.131ms semisort=  0.570ms
[pe-async] round=  6 R=8 dirty=     5493 runs=     3220 filter= 13.879ms semisort=  0.535ms
[pe-async] round=  7 R=9 dirty=     2423 runs=     1645 filter= 13.969ms semisort=  0.293ms
[pe-async] round=  8 R=10 dirty=      817 runs=      626 filter= 13.693ms semisort=  0.089ms
[pe-async] round=  9 R=11 dirty=     1194 runs=      533 filter= 13.720ms semisort=  0.113ms
[pe-async] round= 10 R=12 dirty=      480 runs=      339 filter= 13.739ms semisort=  0.061ms
[pe-async] round= 11 R=13 dirty=      199 runs=      111 filter= 13.696ms semisort=  0.029ms
[pe-async] round= 12 R=14 dirty=       67 runs=       41 filter= 13.750ms semisort=  0.017ms
[pe-async] round= 13 R=15 dirty=      133 runs=       73 filter= 13.509ms semisort=  0.020ms
[pe-async] round= 14 R=16 dirty=       93 runs=       62 filter= 13.653ms semisort=  0.016ms
[pe-async] round= 15 R=17 dirty=       44 runs=       21 filter= 13.811ms semisort=  0.012ms
[pe-async] round= 16 R=18 dirty=       26 runs=        9 filter= 13.580ms semisort=  0.009ms
[pe-async] round= 17 R=19 dirty=       54 runs=       29 filter= 13.656ms semisort=  0.013ms
[pe-async] round= 18 R=20 dirty=       61 runs=       37 filter= 13.681ms semisort=  0.012ms
[pe-async] round= 19 R=21 dirty=       28 runs=       12 filter= 13.515ms semisort=  0.010ms
[pe-async] round= 20 R=22 dirty=       22 runs=        7 filter= 13.501ms semisort=  0.008ms
[pe-async] round= 21 R=23 dirty=       42 runs=       19 filter= 13.486ms semisort=  0.010ms
[pe-async] round= 22 R=24 dirty=       58 runs=       34 filter= 13.519ms semisort=  0.012ms
[pe-async] round= 23 R=25 dirty=       24 runs=       13 filter= 13.563ms semisort=  0.009ms
[pe-async] round= 24 R=26 dirty=       19 runs=        7 filter= 13.471ms semisort=  0.009ms
[pe-async] round= 25 R=27 dirty=       29 runs=       15 filter= 13.550ms semisort=  0.009ms
[pe-async] round= 26 R=28 dirty=       42 runs=       21 filter= 13.651ms semisort=  0.011ms
[pe-async] round= 27 R=29 dirty=       23 runs=       14 filter= 13.436ms semisort=  0.008ms
[pe-async] round= 28 R=30 dirty=       12 runs=        4 filter= 13.439ms semisort=  0.007ms
[pe-async] round= 29 R=31 dirty=       28 runs=       16 filter= 13.443ms semisort=  0.008ms
[pe-async] round= 30 R=32 dirty=       32 runs=       18 filter= 13.682ms semisort=  0.010ms
[pe-async] round= 31 R=33 dirty=       16 runs=        6 filter= 13.527ms semisort=  0.008ms
[pe-async] round= 32 R=34 dirty=       12 runs=        4 filter= 13.534ms semisort=  0.006ms
[pe-async] round= 33 R=35 dirty=       28 runs=       16 filter= 13.548ms semisort=  0.010ms
[pe-async] round= 34 R=36 dirty=       32 runs=       18 filter= 13.500ms semisort=  0.013ms
[pe-async] round= 35 R=37 dirty=       16 runs=        6 filter= 13.508ms semisort=  0.008ms
[pe-async] round= 36 R=38 dirty=       12 runs=        4 filter= 13.572ms semisort=  0.006ms
[pe-async] round= 37 R=39 dirty=       22 runs=       10 filter= 13.565ms semisort=  0.008ms
[pe-async] round= 38 R=40 dirty=       33 runs=       20 filter= 13.446ms semisort=  0.010ms
[pe-async] round= 39 R=41 dirty=       16 runs=        7 filter= 13.375ms semisort=  0.008ms
[pe-async] round= 40 R=42 dirty=       12 runs=        4 filter= 13.405ms semisort=  0.007ms
[pe-async] round= 41 R=43 dirty=       45 runs=        4 filter= 13.472ms semisort=  0.010ms
[pe-async] round= 42 R=44 dirty=       55 runs=       44 filter= 13.558ms semisort=  0.011ms
[pe-async] round= 43 R=45 dirty=       10 runs=        8 filter= 13.597ms semisort=  0.006ms
[pe-async] round= 44 R=46 dirty=        7 runs=        3 filter= 13.352ms semisort=  0.006ms
[pe-async] round= 45 R=47 dirty=        2 runs=        1 filter= 13.473ms semisort=  0.005ms
[pe-async] round= 46 R=48 dirty=       15 runs=        1 filter= 13.422ms semisort=  0.006ms
[pe-async] round= 47 R=49 dirty=       13 runs=       13 filter= 13.655ms semisort=  0.006ms
[pe-async] round= 48 R=50 dirty=        0 filter= 13.482ms (clean break)
[pe-async] round=  0 R=2 dirty=  2643397 runs=  1677825 filter= 12.989ms semisort= 57.904ms
[pe-async] round=  1 R=3 dirty=   117396 runs=    86221 filter= 15.856ms semisort=  6.497ms
[pe-async] round=  2 R=4 dirty=    32744 runs=    22444 filter= 14.835ms semisort=  1.722ms
[pe-async] round=  3 R=5 dirty=    15141 runs=     7573 filter= 14.290ms semisort=  1.017ms
[pe-async] round=  4 R=6 dirty=    19535 runs=    10298 filter= 14.349ms semisort=  1.213ms
[pe-async] round=  5 R=7 dirty=     9695 runs=     7032 filter= 13.878ms semisort=  0.623ms
[pe-async] round=  6 R=8 dirty=     5493 runs=     3220 filter= 14.005ms semisort=  0.487ms
[pe-async] round=  7 R=9 dirty=     2423 runs=     1645 filter= 13.671ms semisort=  0.290ms
[pe-async] round=  8 R=10 dirty=      817 runs=      626 filter= 13.666ms semisort=  0.086ms
[pe-async] round=  9 R=11 dirty=     1194 runs=      533 filter= 13.510ms semisort=  0.192ms
[pe-async] round= 10 R=12 dirty=      480 runs=      339 filter= 13.689ms semisort=  0.063ms
[pe-async] round= 11 R=13 dirty=      199 runs=      111 filter= 13.452ms semisort=  0.030ms
[pe-async] round= 12 R=14 dirty=       67 runs=       41 filter= 13.643ms semisort=  0.016ms
[pe-async] round= 13 R=15 dirty=      133 runs=       73 filter= 13.732ms semisort=  0.022ms
[pe-async] round= 14 R=16 dirty=       93 runs=       62 filter= 13.340ms semisort=  0.017ms
[pe-async] round= 15 R=17 dirty=       44 runs=       21 filter= 13.383ms semisort=  0.011ms
[pe-async] round= 16 R=18 dirty=       26 runs=        9 filter= 13.622ms semisort=  0.010ms
[pe-async] round= 17 R=19 dirty=       54 runs=       29 filter= 13.342ms semisort=  0.012ms
[pe-async] round= 18 R=20 dirty=       61 runs=       37 filter= 13.488ms semisort=  0.012ms
[pe-async] round= 19 R=21 dirty=       28 runs=       12 filter= 13.496ms semisort=  0.010ms
[pe-async] round= 20 R=22 dirty=       22 runs=        7 filter= 13.465ms semisort=  0.008ms
[pe-async] round= 21 R=23 dirty=       42 runs=       19 filter= 13.493ms semisort=  0.010ms
[pe-async] round= 22 R=24 dirty=       58 runs=       34 filter= 13.360ms semisort=  0.012ms
[pe-async] round= 23 R=25 dirty=       24 runs=       13 filter= 13.616ms semisort=  0.008ms
[pe-async] round= 24 R=26 dirty=       19 runs=        7 filter= 13.442ms semisort=  0.008ms
[pe-async] round= 25 R=27 dirty=       29 runs=       15 filter= 13.333ms semisort=  0.009ms
[pe-async] round= 26 R=28 dirty=       42 runs=       21 filter= 13.410ms semisort=  0.010ms
[pe-async] round= 27 R=29 dirty=       23 runs=       14 filter= 13.477ms semisort=  0.007ms
[pe-async] round= 28 R=30 dirty=       12 runs=        4 filter= 13.473ms semisort=  0.006ms
[pe-async] round= 29 R=31 dirty=       28 runs=       16 filter= 13.511ms semisort=  0.009ms
[pe-async] round= 30 R=32 dirty=       32 runs=       18 filter= 13.559ms semisort=  0.009ms
[pe-async] round= 31 R=33 dirty=       16 runs=        6 filter= 13.433ms semisort=  0.007ms
[pe-async] round= 32 R=34 dirty=       12 runs=        4 filter= 13.625ms semisort=  0.008ms
[pe-async] round= 33 R=35 dirty=       28 runs=       16 filter= 13.635ms semisort=  0.009ms
[pe-async] round= 34 R=36 dirty=       32 runs=       18 filter= 13.418ms semisort=  0.010ms
[pe-async] round= 35 R=37 dirty=       16 runs=        6 filter= 13.482ms semisort=  0.008ms
[pe-async] round= 36 R=38 dirty=       12 runs=        4 filter= 13.521ms semisort=  0.006ms
[pe-async] round= 37 R=39 dirty=       22 runs=       10 filter= 13.582ms semisort=  0.008ms
[pe-async] round= 38 R=40 dirty=       33 runs=       20 filter= 13.494ms semisort=  0.009ms
[pe-async] round= 39 R=41 dirty=       16 runs=        7 filter= 13.422ms semisort=  0.008ms
[pe-async] round= 40 R=42 dirty=       12 runs=        4 filter= 13.322ms semisort=  0.007ms
[pe-async] round= 41 R=43 dirty=       45 runs=        4 filter= 13.553ms semisort=  0.009ms
[pe-async] round= 42 R=44 dirty=       55 runs=       44 filter= 13.320ms semisort=  0.011ms
[pe-async] round= 43 R=45 dirty=       10 runs=        8 filter= 13.542ms semisort=  0.006ms
[pe-async] round= 44 R=46 dirty=        7 runs=        3 filter= 13.575ms semisort=  0.006ms
[pe-async] round= 45 R=47 dirty=        2 runs=        1 filter= 13.403ms semisort=  0.005ms
[pe-async] round= 46 R=48 dirty=       15 runs=        1 filter= 13.444ms semisort=  0.006ms
[pe-async] round= 47 R=49 dirty=       13 runs=       13 filter= 13.313ms semisort=  0.006ms
[pe-async] round= 48 R=50 dirty=        0 filter= 13.425ms (clean break)
[pe-async] round=  0 R=2 dirty=  2643397 runs=  1677825 filter= 12.990ms semisort= 58.144ms
[pe-async] round=  1 R=3 dirty=   117396 runs=    86221 filter= 15.784ms semisort=  6.299ms
[pe-async] round=  2 R=4 dirty=    32744 runs=    22444 filter= 14.846ms semisort=  1.785ms
[pe-async] round=  3 R=5 dirty=    15141 runs=     7573 filter= 14.214ms semisort=  1.064ms
[pe-async] round=  4 R=6 dirty=    19535 runs=    10298 filter= 14.075ms semisort=  1.172ms
[pe-async] round=  5 R=7 dirty=     9695 runs=     7032 filter= 14.047ms semisort=  0.694ms
[pe-async] round=  6 R=8 dirty=     5493 runs=     3220 filter= 13.794ms semisort=  0.493ms
[pe-async] round=  7 R=9 dirty=     2423 runs=     1645 filter= 13.743ms semisort=  0.411ms
[pe-async] round=  8 R=10 dirty=      817 runs=      626 filter= 13.716ms semisort=  0.100ms
[pe-async] round=  9 R=11 dirty=     1194 runs=      533 filter= 13.937ms semisort=  0.117ms
[pe-async] round= 10 R=12 dirty=      480 runs=      339 filter= 13.731ms semisort=  0.130ms
[pe-async] round= 11 R=13 dirty=      199 runs=      111 filter= 13.662ms semisort=  0.030ms
[pe-async] round= 12 R=14 dirty=       67 runs=       41 filter= 13.640ms semisort=  0.016ms
[pe-async] round= 13 R=15 dirty=      133 runs=       73 filter= 13.628ms semisort=  0.022ms
[pe-async] round= 14 R=16 dirty=       93 runs=       62 filter= 13.442ms semisort=  0.016ms
[pe-async] round= 15 R=17 dirty=       44 runs=       21 filter= 13.734ms semisort=  0.013ms
[pe-async] round= 16 R=18 dirty=       26 runs=        9 filter= 13.577ms semisort=  0.010ms
[pe-async] round= 17 R=19 dirty=       54 runs=       29 filter= 13.551ms semisort=  0.011ms
[pe-async] round= 18 R=20 dirty=       61 runs=       37 filter= 13.560ms semisort=  0.012ms
[pe-async] round= 19 R=21 dirty=       28 runs=       12 filter= 13.447ms semisort=  0.010ms
[pe-async] round= 20 R=22 dirty=       22 runs=        7 filter= 13.393ms semisort=  0.008ms
[pe-async] round= 21 R=23 dirty=       42 runs=       19 filter= 13.588ms semisort=  0.010ms
[pe-async] round= 22 R=24 dirty=       58 runs=       34 filter= 13.502ms semisort=  0.011ms
[pe-async] round= 23 R=25 dirty=       24 runs=       13 filter= 13.402ms semisort=  0.008ms
[pe-async] round= 24 R=26 dirty=       19 runs=        7 filter= 13.452ms semisort=  0.007ms
[pe-async] round= 25 R=27 dirty=       29 runs=       15 filter= 13.450ms semisort=  0.009ms
[pe-async] round= 26 R=28 dirty=       42 runs=       21 filter= 13.432ms semisort=  0.010ms
[pe-async] round= 27 R=29 dirty=       23 runs=       14 filter= 13.679ms semisort=  0.009ms
[pe-async] round= 28 R=30 dirty=       12 runs=        4 filter= 13.616ms semisort=  0.007ms
[pe-async] round= 29 R=31 dirty=       28 runs=       16 filter= 13.445ms semisort=  0.008ms
[pe-async] round= 30 R=32 dirty=       32 runs=       18 filter= 13.469ms semisort=  0.009ms
[pe-async] round= 31 R=33 dirty=       16 runs=        6 filter= 13.461ms semisort=  0.008ms
[pe-async] round= 32 R=34 dirty=       12 runs=        4 filter= 13.533ms semisort=  0.006ms
[pe-async] round= 33 R=35 dirty=       28 runs=       16 filter= 13.330ms semisort=  0.009ms
[pe-async] round= 34 R=36 dirty=       32 runs=       18 filter= 13.662ms semisort=  0.010ms
[pe-async] round= 35 R=37 dirty=       16 runs=        6 filter= 13.656ms semisort=  0.008ms
[pe-async] round= 36 R=38 dirty=       12 runs=        4 filter= 13.529ms semisort=  0.007ms
[pe-async] round= 37 R=39 dirty=       22 runs=       10 filter= 13.421ms semisort=  0.007ms
[pe-async] round= 38 R=40 dirty=       33 runs=       20 filter= 13.364ms semisort=  0.008ms
[pe-async] round= 39 R=41 dirty=       16 runs=        7 filter= 13.370ms semisort=  0.007ms
[pe-async] round= 40 R=42 dirty=       12 runs=        4 filter= 13.522ms semisort=  0.007ms
[pe-async] round= 41 R=43 dirty=       45 runs=        4 filter= 13.417ms semisort=  0.010ms
[pe-async] round= 42 R=44 dirty=       55 runs=       44 filter= 13.441ms semisort=  0.010ms
[pe-async] round= 43 R=45 dirty=       10 runs=        8 filter= 13.469ms semisort=  0.006ms
[pe-async] round= 44 R=46 dirty=        7 runs=        3 filter= 13.528ms semisort=  0.006ms
[pe-async] round= 45 R=47 dirty=        2 runs=        1 filter= 13.448ms semisort=  0.005ms
[pe-async] round= 46 R=48 dirty=       15 runs=        1 filter= 13.568ms semisort=  0.006ms
[pe-async] round= 47 R=49 dirty=       13 runs=       13 filter= 13.672ms semisort=  0.006ms
[pe-async] round= 48 R=50 dirty=        0 filter= 13.472ms (clean break)
[pe-async] round=  0 R=2 dirty=  2643397 runs=  1677825 filter= 13.164ms semisort= 57.861ms
[pe-async] round=  1 R=3 dirty=   117396 runs=    86221 filter= 16.064ms semisort=  6.432ms
[pe-async] round=  2 R=4 dirty=    32744 runs=    22444 filter= 14.939ms semisort=  1.817ms
[pe-async] round=  3 R=5 dirty=    15141 runs=     7573 filter= 14.505ms semisort=  1.104ms
[pe-async] round=  4 R=6 dirty=    19535 runs=    10298 filter= 14.053ms semisort=  1.237ms
[pe-async] round=  5 R=7 dirty=     9695 runs=     7032 filter= 13.823ms semisort=  0.678ms
[pe-async] round=  6 R=8 dirty=     5493 runs=     3220 filter= 13.750ms semisort=  0.460ms
[pe-async] round=  7 R=9 dirty=     2423 runs=     1645 filter= 13.924ms semisort=  0.351ms
[pe-async] round=  8 R=10 dirty=      817 runs=      626 filter= 13.554ms semisort=  0.090ms
[pe-async] round=  9 R=11 dirty=     1194 runs=      533 filter= 13.772ms semisort=  0.129ms
[pe-async] round= 10 R=12 dirty=      480 runs=      339 filter= 13.669ms semisort=  0.081ms
[pe-async] round= 11 R=13 dirty=      199 runs=      111 filter= 13.674ms semisort=  0.032ms
[pe-async] round= 12 R=14 dirty=       67 runs=       41 filter= 13.574ms semisort=  0.018ms
[pe-async] round= 13 R=15 dirty=      133 runs=       73 filter= 13.735ms semisort=  0.022ms
[pe-async] round= 14 R=16 dirty=       93 runs=       62 filter= 13.502ms semisort=  0.016ms
[pe-async] round= 15 R=17 dirty=       44 runs=       21 filter= 13.467ms semisort=  0.012ms
[pe-async] round= 16 R=18 dirty=       26 runs=        9 filter= 13.579ms semisort=  0.009ms
[pe-async] round= 17 R=19 dirty=       54 runs=       29 filter= 13.525ms semisort=  0.013ms
[pe-async] round= 18 R=20 dirty=       61 runs=       37 filter= 13.592ms semisort=  0.012ms
[pe-async] round= 19 R=21 dirty=       28 runs=       12 filter= 13.620ms semisort=  0.009ms
[pe-async] round= 20 R=22 dirty=       22 runs=        7 filter= 13.684ms semisort=  0.008ms
[pe-async] round= 21 R=23 dirty=       42 runs=       19 filter= 13.582ms semisort=  0.011ms
[pe-async] round= 22 R=24 dirty=       58 runs=       34 filter= 13.461ms semisort=  0.012ms
[pe-async] round= 23 R=25 dirty=       24 runs=       13 filter= 13.482ms semisort=  0.009ms
[pe-async] round= 24 R=26 dirty=       19 runs=        7 filter= 13.494ms semisort=  0.008ms
[pe-async] round= 25 R=27 dirty=       29 runs=       15 filter= 13.444ms semisort=  0.008ms
[pe-async] round= 26 R=28 dirty=       42 runs=       21 filter= 13.598ms semisort=  0.010ms
[pe-async] round= 27 R=29 dirty=       23 runs=       14 filter= 13.580ms semisort=  0.009ms
[pe-async] round= 28 R=30 dirty=       12 runs=        4 filter= 13.328ms semisort=  0.007ms
[pe-async] round= 29 R=31 dirty=       28 runs=       16 filter= 13.545ms semisort=  0.009ms
[pe-async] round= 30 R=32 dirty=       32 runs=       18 filter= 13.731ms semisort=  0.009ms
[pe-async] round= 31 R=33 dirty=       16 runs=        6 filter= 13.649ms semisort=  0.008ms
[pe-async] round= 32 R=34 dirty=       12 runs=        4 filter= 13.597ms semisort=  0.007ms
[pe-async] round= 33 R=35 dirty=       28 runs=       16 filter= 13.429ms semisort=  0.008ms
[pe-async] round= 34 R=36 dirty=       32 runs=       18 filter= 13.553ms semisort=  0.010ms
[pe-async] round= 35 R=37 dirty=       16 runs=        6 filter= 13.396ms semisort=  0.008ms
[pe-async] round= 36 R=38 dirty=       12 runs=        4 filter= 13.515ms semisort=  0.006ms
[pe-async] round= 37 R=39 dirty=       22 runs=       10 filter= 13.537ms semisort=  0.007ms
[pe-async] round= 38 R=40 dirty=       33 runs=       20 filter= 13.504ms semisort=  0.009ms
[pe-async] round= 39 R=41 dirty=       16 runs=        7 filter= 13.370ms semisort=  0.007ms
[pe-async] round= 40 R=42 dirty=       12 runs=        4 filter= 13.551ms semisort=  0.007ms
[pe-async] round= 41 R=43 dirty=       45 runs=        4 filter= 13.429ms semisort=  0.010ms
[pe-async] round= 42 R=44 dirty=       55 runs=       44 filter= 13.354ms semisort=  0.011ms
[pe-async] round= 43 R=45 dirty=       10 runs=        8 filter= 13.442ms semisort=  0.006ms
[pe-async] round= 44 R=46 dirty=        7 runs=        3 filter= 13.891ms semisort=  0.008ms
[pe-async] round= 45 R=47 dirty=        2 runs=        1 filter= 13.731ms semisort=  0.005ms
[pe-async] round= 46 R=48 dirty=       15 runs=        1 filter= 13.510ms semisort=  0.006ms
[pe-async] round= 47 R=49 dirty=       13 runs=       13 filter= 13.348ms semisort=  0.006ms
[pe-async] round= 48 R=50 dirty=        0 filter= 13.536ms (clean break)
