[gates_bench] ./miter-cc-benchmarks/hwmcc12_with_not/6s117-ands-opt.gates ...
  literals=1880426  NOT=831949  gates=2213528  total_classes=4925903  read=0.027s parse=0.031s build=0.097s
[pe] round=  0 work=  4900974 frontier=  2924790 next=     5626 consolidate=117.010ms frontier= 17.440ms semisort= 38.818ms (keyed= 5.791ms group_by=  0.983ms per_group=13.406ms)
[pe] round=  1 work=     5626 frontier=    34290 next=     7386 consolidate=  1.315ms frontier=  0.236ms semisort=  1.453ms (keyed= 0.022ms group_by=  0.659ms per_group= 0.382ms)
[pe] round=  2 work=     7386 frontier=    27459 next=     3875 consolidate=  1.561ms frontier=  0.206ms semisort=  1.313ms (keyed= 0.093ms group_by=  0.585ms per_group= 0.276ms)
[pe] round=  3 work=     3875 frontier=    13595 next=     2626 consolidate=  0.816ms frontier=  0.164ms semisort=  0.713ms (keyed= 0.011ms group_by=  0.285ms per_group= 0.189ms)
[pe] round=  4 work=     2626 frontier=    14119 next=     1571 consolidate=  0.584ms frontier=  0.108ms semisort=  0.673ms (keyed= 0.014ms group_by=  0.326ms per_group= 0.142ms)
[pe] round=  5 work=     1571 frontier=     8486 next=      883 consolidate=  0.415ms frontier=  0.075ms semisort=  1.382ms (keyed= 0.011ms group_by=  1.100ms per_group= 0.115ms)
[pe] round=  6 work=      883 frontier=     5157 next=      769 consolidate=  0.216ms frontier=  0.063ms semisort=  0.831ms (keyed= 0.011ms group_by=  0.617ms per_group= 0.092ms)
[pe] round=  7 work=      769 frontier=     2762 next=      294 consolidate=  0.204ms frontier=  0.059ms semisort=  0.492ms (keyed= 0.006ms group_by=  0.303ms per_group= 0.097ms)
[pe] round=  8 work=      294 frontier=     1091 next=      178 consolidate=  0.096ms frontier=  0.019ms semisort=  0.236ms (keyed= 0.003ms group_by=  0.106ms per_group= 0.047ms)
[pe] round=  9 work=      178 frontier=     1085 next=      128 consolidate=  0.052ms frontier=  0.012ms semisort=  0.172ms (keyed= 0.002ms group_by=  0.056ms per_group= 0.037ms)
[pe] round= 10 work=      128 frontier=      448 next=       84 consolidate=  0.048ms frontier=  0.008ms semisort=  0.083ms (keyed= 0.002ms group_by=  0.022ms per_group= 0.027ms)
[pe] round= 11 work=       84 frontier=      332 next=       83 consolidate=  0.055ms frontier=  0.005ms semisort=  0.066ms (keyed= 0.001ms group_by=  0.020ms per_group= 0.025ms)
[pe] round= 12 work=       83 frontier=      180 next=       15 consolidate=  0.066ms frontier=  0.003ms semisort=  0.035ms (keyed= 0.001ms group_by=  0.012ms per_group= 0.009ms)
[pe] round= 13 work=       15 frontier=       62 next=       16 consolidate=  0.015ms frontier=  0.001ms semisort=  0.014ms (keyed= 0.000ms group_by=  0.002ms per_group= 0.006ms)
[pe] round= 14 work=       16 frontier=       74 next=       17 consolidate=  0.015ms frontier=  0.002ms semisort=  0.016ms (keyed= 0.000ms group_by=  0.003ms per_group= 0.006ms)
[pe] round= 15 work=       17 frontier=       60 next=       15 consolidate=  0.016ms frontier=  0.001ms semisort=  0.012ms (keyed= 0.000ms group_by=  0.002ms per_group= 0.005ms)
[pe] round= 16 work=       15 frontier=       42 next=       13 consolidate=  0.010ms frontier=  0.002ms semisort=  0.012ms (keyed= 0.000ms group_by=  0.002ms per_group= 0.006ms)
[pe] round= 17 work=       13 frontier=       53 next=       12 consolidate=  0.013ms frontier=  0.001ms semisort=  0.012ms (keyed= 0.000ms group_by=  0.002ms per_group= 0.005ms)
[pe] round= 18 work=       12 frontier=       59 next=       13 consolidate=  0.013ms frontier=  0.001ms semisort=  0.012ms (keyed= 0.000ms group_by=  0.002ms per_group= 0.005ms)
[pe] round= 19 work=       13 frontier=       48 next=       14 consolidate=  0.012ms frontier=  0.001ms semisort=  0.013ms (keyed= 0.000ms group_by=  0.002ms per_group= 0.006ms)
[pe] round= 20 work=       14 frontier=       42 next=       10 consolidate=  0.012ms frontier=  0.001ms semisort=  0.009ms (keyed= 0.000ms group_by=  0.002ms per_group= 0.003ms)
[pe] round= 21 work=       10 frontier=       34 next=       10 consolidate=  0.009ms frontier=  0.002ms semisort=  0.008ms (keyed= 0.000ms group_by=  0.001ms per_group= 0.004ms)
[pe] round= 22 work=       10 frontier=       52 next=        9 consolidate=  0.010ms frontier=  0.001ms semisort=  0.010ms (keyed= 0.000ms group_by=  0.002ms per_group= 0.004ms)
[pe] round= 23 work=        9 frontier=       30 next=        7 consolidate=  0.010ms frontier=  0.001ms semisort=  0.013ms (keyed= 0.000ms group_by=  0.001ms per_group= 0.003ms)
[pe] round= 24 work=        7 frontier=       23 next=        5 consolidate=  0.007ms frontier=  0.002ms semisort=  0.005ms (keyed= 0.000ms group_by=  0.001ms per_group= 0.002ms)
[pe] round= 25 work=        5 frontier=       12 next=        4 consolidate=  0.005ms frontier=  0.001ms semisort=  0.004ms (keyed= 0.000ms group_by=  0.001ms per_group= 0.002ms)
[pe] round= 26 work=        4 frontier=       22 next=        4 consolidate=  0.005ms frontier=  0.001ms semisort=  0.005ms (keyed= 0.000ms group_by=  0.001ms per_group= 0.002ms)
[pe] round= 27 work=        4 frontier=       14 next=        2 consolidate=  0.004ms frontier=  0.001ms semisort=  0.004ms (keyed= 0.000ms group_by=  0.001ms per_group= 0.001ms)
[pe] round= 28 work=        2 frontier=        6 next=        1 consolidate=  0.002ms frontier=  0.001ms semisort=  0.002ms (keyed= 0.000ms group_by=  0.000ms per_group= 0.001ms)
[pe] round= 29 work=        1 frontier=        2 next=        0 consolidate=  0.001ms frontier=  0.001ms semisort=  0.001ms (keyed= 0.000ms group_by=  0.000ms per_group= 0.000ms)
[pe] round=  0 work=  4900974 frontier=  2924790 next=     5626 consolidate=117.860ms frontier= 15.437ms semisort= 38.132ms (keyed= 6.390ms group_by=  0.965ms per_group=13.224ms)
[pe] round=  1 work=     5626 frontier=    34290 next=     7386 consolidate=  1.216ms frontier=  0.159ms semisort=  1.629ms (keyed= 0.020ms group_by=  0.796ms per_group= 0.452ms)
[pe] round=  2 work=     7386 frontier=    27459 next=     3875 consolidate=  1.598ms frontier=  0.175ms semisort=  1.460ms (keyed= 0.089ms group_by=  0.695ms per_group= 0.279ms)
[pe] round=  3 work=     3875 frontier=    13595 next=     2626 consolidate=  0.874ms frontier=  0.120ms semisort=  0.718ms (keyed= 0.013ms group_by=  0.296ms per_group= 0.174ms)
[pe] round=  4 work=     2626 frontier=    14119 next=     1571 consolidate=  0.566ms frontier=  0.114ms semisort=  0.656ms (keyed= 0.014ms group_by=  0.252ms per_group= 0.146ms)
[pe] round=  5 work=     1571 frontier=     8486 next=      883 consolidate=  0.485ms frontier=  0.076ms semisort=  1.458ms (keyed= 0.013ms group_by=  1.147ms per_group= 0.130ms)
[pe] round=  6 work=      883 frontier=     5157 next=      769 consolidate=  0.204ms frontier=  0.066ms semisort=  0.905ms (keyed= 0.010ms group_by=  0.650ms per_group= 0.134ms)
[pe] round=  7 work=      769 frontier=     2762 next=      294 consolidate=  0.218ms frontier=  0.053ms semisort=  0.499ms (keyed= 0.008ms group_by=  0.326ms per_group= 0.086ms)
[pe] round=  8 work=      294 frontier=     1091 next=      178 consolidate=  0.092ms frontier=  0.019ms semisort=  0.241ms (keyed= 0.003ms group_by=  0.111ms per_group= 0.038ms)
[pe] round=  9 work=      178 frontier=     1085 next=      128 consolidate=  0.097ms frontier=  0.013ms semisort=  0.171ms (keyed= 0.002ms group_by=  0.065ms per_group= 0.024ms)
[pe] round= 10 work=      128 frontier=      448 next=       84 consolidate=  0.054ms frontier=  0.008ms semisort=  0.085ms (keyed= 0.002ms group_by=  0.023ms per_group= 0.027ms)
[pe] round= 11 work=       84 frontier=      332 next=       83 consolidate=  0.055ms frontier=  0.005ms semisort=  0.074ms (keyed= 0.001ms group_by=  0.021ms per_group= 0.028ms)
[pe] round= 12 work=       83 frontier=      180 next=       15 consolidate=  0.050ms frontier=  0.004ms semisort=  0.034ms (keyed= 0.001ms group_by=  0.013ms per_group= 0.009ms)
[pe] round= 13 work=       15 frontier=       62 next=       16 consolidate=  0.015ms frontier=  0.001ms semisort=  0.015ms (keyed= 0.000ms group_by=  0.003ms per_group= 0.007ms)
[pe] round= 14 work=       16 frontier=       74 next=       17 consolidate=  0.012ms frontier=  0.002ms semisort=  0.016ms (keyed= 0.000ms group_by=  0.003ms per_group= 0.007ms)
[pe] round= 15 work=       17 frontier=       60 next=       15 consolidate=  0.015ms frontier=  0.001ms semisort=  0.012ms (keyed= 0.000ms group_by=  0.003ms per_group= 0.005ms)
[pe] round= 16 work=       15 frontier=       42 next=       13 consolidate=  0.014ms frontier=  0.002ms semisort=  0.011ms (keyed= 0.000ms group_by=  0.002ms per_group= 0.005ms)
[pe] round= 17 work=       13 frontier=       53 next=       12 consolidate=  0.013ms frontier=  0.001ms semisort=  0.011ms (keyed= 0.000ms group_by=  0.002ms per_group= 0.004ms)
[pe] round= 18 work=       12 frontier=       59 next=       13 consolidate=  0.018ms frontier=  0.002ms semisort=  0.017ms (keyed= 0.000ms group_by=  0.002ms per_group= 0.009ms)
[pe] round= 19 work=       13 frontier=       48 next=       14 consolidate=  0.011ms frontier=  0.002ms semisort=  0.013ms (keyed= 0.000ms group_by=  0.002ms per_group= 0.007ms)
[pe] round= 20 work=       14 frontier=       42 next=       10 consolidate=  0.012ms frontier=  0.002ms semisort=  0.010ms (keyed= 0.000ms group_by=  0.002ms per_group= 0.004ms)
[pe] round= 21 work=       10 frontier=       34 next=       10 consolidate=  0.009ms frontier=  0.002ms semisort=  0.008ms (keyed= 0.000ms group_by=  0.001ms per_group= 0.004ms)
[pe] round= 22 work=       10 frontier=       52 next=        9 consolidate=  0.010ms frontier=  0.001ms semisort=  0.010ms (keyed= 0.000ms group_by=  0.002ms per_group= 0.004ms)
[pe] round= 23 work=        9 frontier=       30 next=        7 consolidate=  0.008ms frontier=  0.001ms semisort=  0.008ms (keyed= 0.000ms group_by=  0.001ms per_group= 0.003ms)
[pe] round= 24 work=        7 frontier=       23 next=        5 consolidate=  0.007ms frontier=  0.001ms semisort=  0.006ms (keyed= 0.000ms group_by=  0.001ms per_group= 0.002ms)
[pe] round= 25 work=        5 frontier=       12 next=        4 consolidate=  0.005ms frontier=  0.001ms semisort=  0.004ms (keyed= 0.000ms group_by=  0.001ms per_group= 0.002ms)
[pe] round= 26 work=        4 frontier=       22 next=        4 consolidate=  0.005ms frontier=  0.001ms semisort=  0.005ms (keyed= 0.000ms group_by=  0.001ms per_group= 0.002ms)
[pe] round= 27 work=        4 frontier=       14 next=        2 consolidate=  0.005ms frontier=  0.001ms semisort=  0.004ms (keyed= 0.000ms group_by=  0.001ms per_group= 0.001ms)
[pe] round= 28 work=        2 frontier=        6 next=        1 consolidate=  0.003ms frontier=  0.001ms semisort=  0.002ms (keyed= 0.000ms group_by=  0.000ms per_group= 0.001ms)
[pe] round= 29 work=        1 frontier=        2 next=        0 consolidate=  0.001ms frontier=  0.001ms semisort=  0.001ms (keyed= 0.000ms group_by=  0.000ms per_group= 0.000ms)
[pe] round=  0 work=  4900974 frontier=  2924790 next=     5626 consolidate=119.712ms frontier= 15.302ms semisort= 37.531ms (keyed= 5.970ms group_by=  0.966ms per_group=13.152ms)
[pe] round=  1 work=     5626 frontier=    34290 next=     7386 consolidate=  1.233ms frontier=  0.165ms semisort=  1.535ms (keyed= 0.020ms group_by=  0.757ms per_group= 0.414ms)
[pe] round=  2 work=     7386 frontier=    27459 next=     3875 consolidate=  1.522ms frontier=  0.240ms semisort=  1.326ms (keyed= 0.162ms group_by=  0.523ms per_group= 0.271ms)
[pe] round=  3 work=     3875 frontier=    13595 next=     2626 consolidate=  0.776ms frontier=  0.144ms semisort=  0.719ms (keyed= 0.015ms group_by=  0.294ms per_group= 0.188ms)
[pe] round=  4 work=     2626 frontier=    14119 next=     1571 consolidate=  0.648ms frontier=  0.089ms semisort=  0.692ms (keyed= 0.013ms group_by=  0.318ms per_group= 0.141ms)
[pe] round=  5 work=     1571 frontier=     8486 next=      883 consolidate=  0.373ms frontier=  0.072ms semisort=  1.312ms (keyed= 0.016ms group_by=  1.038ms per_group= 0.101ms)
[pe] round=  6 work=      883 frontier=     5157 next=      769 consolidate=  0.251ms frontier=  0.067ms semisort=  0.885ms (keyed= 0.010ms group_by=  0.560ms per_group= 0.132ms)
[pe] round=  7 work=      769 frontier=     2762 next=      294 consolidate=  0.173ms frontier=  0.052ms semisort=  0.503ms (keyed= 0.007ms group_by=  0.320ms per_group= 0.087ms)
[pe] round=  8 work=      294 frontier=     1091 next=      178 consolidate=  0.091ms frontier=  0.017ms semisort=  0.223ms (keyed= 0.002ms group_by=  0.085ms per_group= 0.074ms)
[pe] round=  9 work=      178 frontier=     1085 next=      128 consolidate=  0.061ms frontier=  0.011ms semisort=  0.171ms (keyed= 0.002ms group_by=  0.057ms per_group= 0.043ms)
[pe] round= 10 work=      128 frontier=      448 next=       84 consolidate=  0.081ms frontier=  0.007ms semisort=  0.081ms (keyed= 0.001ms group_by=  0.019ms per_group= 0.031ms)
[pe] round= 11 work=       84 frontier=      332 next=       83 consolidate=  0.058ms frontier=  0.004ms semisort=  0.063ms (keyed= 0.001ms group_by=  0.020ms per_group= 0.025ms)
[pe] round= 12 work=       83 frontier=      180 next=       15 consolidate=  0.062ms frontier=  0.003ms semisort=  0.037ms (keyed= 0.001ms group_by=  0.015ms per_group= 0.010ms)
[pe] round= 13 work=       15 frontier=       62 next=       16 consolidate=  0.013ms frontier=  0.001ms semisort=  0.013ms (keyed= 0.000ms group_by=  0.002ms per_group= 0.006ms)
[pe] round= 14 work=       16 frontier=       74 next=       17 consolidate=  0.013ms frontier=  0.002ms semisort=  0.016ms (keyed= 0.000ms group_by=  0.003ms per_group= 0.007ms)
[pe] round= 15 work=       17 frontier=       60 next=       15 consolidate=  0.014ms frontier=  0.001ms semisort=  0.012ms (keyed= 0.000ms group_by=  0.002ms per_group= 0.005ms)
[pe] round= 16 work=       15 frontier=       42 next=       13 consolidate=  0.012ms frontier=  0.001ms semisort=  0.009ms (keyed= 0.000ms group_by=  0.002ms per_group= 0.004ms)
[pe] round= 17 work=       13 frontier=       53 next=       12 consolidate=  0.010ms frontier=  0.002ms semisort=  0.012ms (keyed= 0.000ms group_by=  0.002ms per_group= 0.005ms)
[pe] round= 18 work=       12 frontier=       59 next=       13 consolidate=  0.011ms frontier=  0.001ms semisort=  0.012ms (keyed= 0.000ms group_by=  0.002ms per_group= 0.005ms)
[pe] round= 19 work=       13 frontier=       48 next=       14 consolidate=  0.012ms frontier=  0.001ms semisort=  0.010ms (keyed= 0.000ms group_by=  0.002ms per_group= 0.005ms)
[pe] round= 20 work=       14 frontier=       42 next=       10 consolidate=  0.010ms frontier=  0.002ms semisort=  0.009ms (keyed= 0.000ms group_by=  0.002ms per_group= 0.004ms)
[pe] round= 21 work=       10 frontier=       34 next=       10 consolidate=  0.009ms frontier=  0.001ms semisort=  0.008ms (keyed= 0.000ms group_by=  0.002ms per_group= 0.004ms)
[pe] round= 22 work=       10 frontier=       52 next=        9 consolidate=  0.010ms frontier=  0.001ms semisort=  0.010ms (keyed= 0.000ms group_by=  0.002ms per_group= 0.004ms)
[pe] round= 23 work=        9 frontier=       30 next=        7 consolidate=  0.009ms frontier=  0.002ms semisort=  0.007ms (keyed= 0.000ms group_by=  0.001ms per_group= 0.003ms)
[pe] round= 24 work=        7 frontier=       23 next=        5 consolidate=  0.007ms frontier=  0.001ms semisort=  0.006ms (keyed= 0.000ms group_by=  0.001ms per_group= 0.002ms)
[pe] round= 25 work=        5 frontier=       12 next=        4 consolidate=  0.005ms frontier=  0.001ms semisort=  0.004ms (keyed= 0.000ms group_by=  0.001ms per_group= 0.002ms)
[pe] round= 26 work=        4 frontier=       22 next=        4 consolidate=  0.005ms frontier=  0.001ms semisort=  0.005ms (keyed= 0.000ms group_by=  0.001ms per_group= 0.002ms)
[pe] round= 27 work=        4 frontier=       14 next=        2 consolidate=  0.004ms frontier=  0.001ms semisort=  0.004ms (keyed= 0.000ms group_by=  0.001ms per_group= 0.001ms)
[pe] round= 28 work=        2 frontier=        6 next=        1 consolidate=  0.002ms frontier=  0.001ms semisort=  0.002ms (keyed= 0.000ms group_by=  0.000ms per_group= 0.001ms)
[pe] round= 29 work=        1 frontier=        2 next=        0 consolidate=  0.001ms frontier=  0.000ms semisort=  0.001ms (keyed= 0.000ms group_by=  0.000ms per_group= 0.000ms)
[pe] round=  0 work=  4900974 frontier=  2924790 next=     5626 consolidate=122.078ms frontier= 14.583ms semisort= 37.849ms (keyed= 5.959ms group_by=  0.953ms per_group=13.184ms)
[pe] round=  1 work=     5626 frontier=    34290 next=     7386 consolidate=  1.299ms frontier=  0.209ms semisort=  1.454ms (keyed= 0.074ms group_by=  0.641ms per_group= 0.392ms)
[pe] round=  2 work=     7386 frontier=    27459 next=     3875 consolidate=  1.563ms frontier=  0.235ms semisort=  1.388ms (keyed= 0.087ms group_by=  0.642ms per_group= 0.270ms)
[pe] round=  3 work=     3875 frontier=    13595 next=     2626 consolidate=  0.880ms frontier=  0.131ms semisort=  0.714ms (keyed= 0.016ms group_by=  0.295ms per_group= 0.188ms)
[pe] round=  4 work=     2626 frontier=    14119 next=     1571 consolidate=  0.570ms frontier=  0.106ms semisort=  0.679ms (keyed= 0.014ms group_by=  0.282ms per_group= 0.155ms)
[pe] round=  5 work=     1571 frontier=     8486 next=      883 consolidate=  0.358ms frontier=  0.075ms semisort=  1.330ms (keyed= 0.012ms group_by=  1.059ms per_group= 0.125ms)
[pe] round=  6 work=      883 frontier=     5157 next=      769 consolidate=  0.253ms frontier=  0.064ms semisort=  0.812ms (keyed= 0.011ms group_by=  0.594ms per_group= 0.094ms)
[pe] round=  7 work=      769 frontier=     2762 next=      294 consolidate=  0.183ms frontier=  0.052ms semisort=  0.506ms (keyed= 0.009ms group_by=  0.312ms per_group= 0.090ms)
[pe] round=  8 work=      294 frontier=     1091 next=      178 consolidate=  0.090ms frontier=  0.018ms semisort=  0.228ms (keyed= 0.003ms group_by=  0.091ms per_group= 0.070ms)
[pe] round=  9 work=      178 frontier=     1085 next=      128 consolidate=  0.059ms frontier=  0.011ms semisort=  0.166ms (keyed= 0.001ms group_by=  0.049ms per_group= 0.043ms)
[pe] round= 10 work=      128 frontier=      448 next=       84 consolidate=  0.056ms frontier=  0.008ms semisort=  0.077ms (keyed= 0.002ms group_by=  0.019ms per_group= 0.027ms)
[pe] round= 11 work=       84 frontier=      332 next=       83 consolidate=  0.059ms frontier=  0.005ms semisort=  0.065ms (keyed= 0.001ms group_by=  0.017ms per_group= 0.028ms)
[pe] round= 12 work=       83 frontier=      180 next=       15 consolidate=  0.065ms frontier=  0.003ms semisort=  0.039ms (keyed= 0.001ms group_by=  0.017ms per_group= 0.010ms)
[pe] round= 13 work=       15 frontier=       62 next=       16 consolidate=  0.017ms frontier=  0.002ms semisort=  0.015ms (keyed= 0.000ms group_by=  0.003ms per_group= 0.007ms)
[pe] round= 14 work=       16 frontier=       74 next=       17 consolidate=  0.014ms frontier=  0.001ms semisort=  0.015ms (keyed= 0.000ms group_by=  0.003ms per_group= 0.006ms)
[pe] round= 15 work=       17 frontier=       60 next=       15 consolidate=  0.015ms frontier=  0.001ms semisort=  0.012ms (keyed= 0.000ms group_by=  0.002ms per_group= 0.006ms)
[pe] round= 16 work=       15 frontier=       42 next=       13 consolidate=  0.014ms frontier=  0.001ms semisort=  0.010ms (keyed= 0.000ms group_by=  0.002ms per_group= 0.004ms)
[pe] round= 17 work=       13 frontier=       53 next=       12 consolidate=  0.012ms frontier=  0.001ms semisort=  0.011ms (keyed= 0.000ms group_by=  0.002ms per_group= 0.004ms)
[pe] round= 18 work=       12 frontier=       59 next=       13 consolidate=  0.012ms frontier=  0.002ms semisort=  0.012ms (keyed= 0.000ms group_by=  0.002ms per_group= 0.005ms)
[pe] round= 19 work=       13 frontier=       48 next=       14 consolidate=  0.012ms frontier=  0.001ms semisort=  0.010ms (keyed= 0.000ms group_by=  0.002ms per_group= 0.005ms)
[pe] round= 20 work=       14 frontier=       42 next=       10 consolidate=  0.011ms frontier=  0.001ms semisort=  0.009ms (keyed= 0.000ms group_by=  0.002ms per_group= 0.004ms)
[pe] round= 21 work=       10 frontier=       34 next=       10 consolidate=  0.009ms frontier=  0.002ms semisort=  0.008ms (keyed= 0.000ms group_by=  0.001ms per_group= 0.004ms)
[pe] round= 22 work=       10 frontier=       52 next=        9 consolidate=  0.009ms frontier=  0.001ms semisort=  0.010ms (keyed= 0.000ms group_by=  0.002ms per_group= 0.004ms)
[pe] round= 23 work=        9 frontier=       30 next=        7 consolidate=  0.007ms frontier=  0.001ms semisort=  0.008ms (keyed= 0.000ms group_by=  0.001ms per_group= 0.003ms)
[pe] round= 24 work=        7 frontier=       23 next=        5 consolidate=  0.006ms frontier=  0.001ms semisort=  0.006ms (keyed= 0.000ms group_by=  0.001ms per_group= 0.002ms)
[pe] round= 25 work=        5 frontier=       12 next=        4 consolidate=  0.005ms frontier=  0.001ms semisort=  0.004ms (keyed= 0.000ms group_by=  0.001ms per_group= 0.002ms)
[pe] round= 26 work=        4 frontier=       22 next=        4 consolidate=  0.004ms frontier=  0.001ms semisort=  0.005ms (keyed= 0.000ms group_by=  0.001ms per_group= 0.002ms)
[pe] round= 27 work=        4 frontier=       14 next=        2 consolidate=  0.004ms frontier=  0.001ms semisort=  0.004ms (keyed= 0.000ms group_by=  0.001ms per_group= 0.001ms)
[pe] round= 28 work=        2 frontier=        6 next=        1 consolidate=  0.003ms frontier=  0.001ms semisort=  0.002ms (keyed= 0.000ms group_by=  0.000ms per_group= 0.001ms)
[pe] round= 29 work=        1 frontier=        2 next=        0 consolidate=  0.001ms frontier=  0.000ms semisort=  0.001ms (keyed= 0.000ms group_by=  0.000ms per_group= 0.000ms)
[pe] round=  0 work=  4900974 frontier=  2924790 next=     5626 consolidate=124.549ms frontier= 14.491ms semisort= 37.400ms (keyed= 5.910ms group_by=  0.957ms per_group=13.132ms)
[pe] round=  1 work=     5626 frontier=    34290 next=     7386 consolidate=  1.408ms frontier=  0.225ms semisort=  1.378ms (keyed= 0.018ms group_by=  0.609ms per_group= 0.407ms)
[pe] round=  2 work=     7386 frontier=    27459 next=     3875 consolidate=  1.558ms frontier=  0.239ms semisort=  1.387ms (keyed= 0.163ms group_by=  0.574ms per_group= 0.274ms)
[pe] round=  3 work=     3875 frontier=    13595 next=     2626 consolidate=  0.849ms frontier=  0.130ms semisort=  0.731ms (keyed= 0.012ms group_by=  0.315ms per_group= 0.173ms)
[pe] round=  4 work=     2626 frontier=    14119 next=     1571 consolidate=  0.575ms frontier=  0.111ms semisort=  0.649ms (keyed= 0.015ms group_by=  0.251ms per_group= 0.161ms)
[pe] round=  5 work=     1571 frontier=     8486 next=      883 consolidate=  0.415ms frontier=  0.076ms semisort=  1.364ms (keyed= 0.013ms group_by=  1.088ms per_group= 0.132ms)
[pe] round=  6 work=      883 frontier=     5157 next=      769 consolidate=  0.260ms frontier=  0.062ms semisort=  0.824ms (keyed= 0.010ms group_by=  0.595ms per_group= 0.116ms)
[pe] round=  7 work=      769 frontier=     2762 next=      294 consolidate=  0.237ms frontier=  0.050ms semisort=  0.505ms (keyed= 0.008ms group_by=  0.316ms per_group= 0.091ms)
[pe] round=  8 work=      294 frontier=     1091 next=      178 consolidate=  0.092ms frontier=  0.017ms semisort=  0.223ms (keyed= 0.002ms group_by=  0.080ms per_group= 0.063ms)
[pe] round=  9 work=      178 frontier=     1085 next=      128 consolidate=  0.058ms frontier=  0.011ms semisort=  0.157ms (keyed= 0.001ms group_by=  0.046ms per_group= 0.043ms)
[pe] round= 10 work=      128 frontier=      448 next=       84 consolidate=  0.058ms frontier=  0.008ms semisort=  0.076ms (keyed= 0.001ms group_by=  0.020ms per_group= 0.029ms)
[pe] round= 11 work=       84 frontier=      332 next=       83 consolidate=  0.061ms frontier=  0.004ms semisort=  0.055ms (keyed= 0.001ms group_by=  0.015ms per_group= 0.023ms)
[pe] round= 12 work=       83 frontier=      180 next=       15 consolidate=  0.025ms frontier=  0.006ms semisort=  0.031ms (keyed= 0.001ms group_by=  0.011ms per_group= 0.008ms)
[pe] round= 13 work=       15 frontier=       62 next=       16 consolidate=  0.014ms frontier=  0.001ms semisort=  0.013ms (keyed= 0.000ms group_by=  0.002ms per_group= 0.006ms)
[pe] round= 14 work=       16 frontier=       74 next=       17 consolidate=  0.012ms frontier=  0.002ms semisort=  0.016ms (keyed= 0.000ms group_by=  0.003ms per_group= 0.007ms)
[pe] round= 15 work=       17 frontier=       60 next=       15 consolidate=  0.016ms frontier=  0.001ms semisort=  0.011ms (keyed= 0.000ms group_by=  0.002ms per_group= 0.005ms)
[pe] round= 16 work=       15 frontier=       42 next=       13 consolidate=  0.011ms frontier=  0.002ms semisort=  0.010ms (keyed= 0.000ms group_by=  0.002ms per_group= 0.004ms)
[pe] round= 17 work=       13 frontier=       53 next=       12 consolidate=  0.013ms frontier=  0.001ms semisort=  0.012ms (keyed= 0.000ms group_by=  0.002ms per_group= 0.005ms)
[pe] round= 18 work=       12 frontier=       59 next=       13 consolidate=  0.012ms frontier=  0.001ms semisort=  0.012ms (keyed= 0.000ms group_by=  0.002ms per_group= 0.005ms)
[pe] round= 19 work=       13 frontier=       48 next=       14 consolidate=  0.010ms frontier=  0.002ms semisort=  0.010ms (keyed= 0.000ms group_by=  0.002ms per_group= 0.005ms)
[pe] round= 20 work=       14 frontier=       42 next=       10 consolidate=  0.012ms frontier=  0.002ms semisort=  0.009ms (keyed= 0.000ms group_by=  0.002ms per_group= 0.004ms)
[pe] round= 21 work=       10 frontier=       34 next=       10 consolidate=  0.010ms frontier=  0.001ms semisort=  0.008ms (keyed= 0.000ms group_by=  0.002ms per_group= 0.004ms)
[pe] round= 22 work=       10 frontier=       52 next=        9 consolidate=  0.010ms frontier=  0.002ms semisort=  0.010ms (keyed= 0.000ms group_by=  0.002ms per_group= 0.004ms)
[pe] round= 23 work=        9 frontier=       30 next=        7 consolidate=  0.008ms frontier=  0.001ms semisort=  0.007ms (keyed= 0.000ms group_by=  0.001ms per_group= 0.003ms)
[pe] round= 24 work=        7 frontier=       23 next=        5 consolidate=  0.007ms frontier=  0.001ms semisort=  0.005ms (keyed= 0.000ms group_by=  0.001ms per_group= 0.002ms)
[pe] round= 25 work=        5 frontier=       12 next=        4 consolidate=  0.010ms frontier=  0.001ms semisort=  0.004ms (keyed= 0.000ms group_by=  0.001ms per_group= 0.002ms)
[pe] round= 26 work=        4 frontier=       22 next=        4 consolidate=  0.004ms frontier=  0.001ms semisort=  0.005ms (keyed= 0.000ms group_by=  0.001ms per_group= 0.002ms)
[pe] round= 27 work=        4 frontier=       14 next=        2 consolidate=  0.004ms frontier=  0.001ms semisort=  0.004ms (keyed= 0.000ms group_by=  0.001ms per_group= 0.001ms)
[pe] round= 28 work=        2 frontier=        6 next=        1 consolidate=  0.002ms frontier=  0.001ms semisort=  0.002ms (keyed= 0.000ms group_by=  0.000ms per_group= 0.001ms)
[pe] round= 29 work=        1 frontier=        2 next=        0 consolidate=  0.001ms frontier=  0.000ms semisort=  0.001ms (keyed= 0.000ms group_by=  0.000ms per_group= 0.000ms)
[pe] round=  0 work=  4900974 frontier=  2924790 next=     5626 consolidate=122.315ms frontier= 15.769ms semisort= 37.331ms (keyed= 5.626ms group_by=  0.953ms per_group=13.239ms)
[pe] round=  1 work=     5626 frontier=    34290 next=     7386 consolidate=  1.363ms frontier=  0.162ms semisort=  1.465ms (keyed= 0.019ms group_by=  0.648ms per_group= 0.443ms)
[pe] round=  2 work=     7386 frontier=    27459 next=     3875 consolidate=  1.533ms frontier=  0.236ms semisort=  1.295ms (keyed= 0.039ms group_by=  0.610ms per_group= 0.274ms)
[pe] round=  3 work=     3875 frontier=    13595 next=     2626 consolidate=  0.845ms frontier=  0.131ms semisort=  0.762ms (keyed= 0.011ms group_by=  0.313ms per_group= 0.183ms)
[pe] round=  4 work=     2626 frontier=    14119 next=     1571 consolidate=  0.558ms frontier=  0.090ms semisort=  0.700ms (keyed= 0.014ms group_by=  0.320ms per_group= 0.146ms)
[pe] round=  5 work=     1571 frontier=     8486 next=      883 consolidate=  0.372ms frontier=  0.063ms semisort=  1.385ms (keyed= 0.010ms group_by=  1.076ms per_group= 0.132ms)
[pe] round=  6 work=      883 frontier=     5157 next=      769 consolidate=  0.244ms frontier=  0.068ms semisort=  0.822ms (keyed= 0.009ms group_by=  0.616ms per_group= 0.090ms)
[pe] round=  7 work=      769 frontier=     2762 next=      294 consolidate=  0.192ms frontier=  0.047ms semisort=  0.480ms (keyed= 0.007ms group_by=  0.309ms per_group= 0.075ms)
[pe] round=  8 work=      294 frontier=     1091 next=      178 consolidate=  0.110ms frontier=  0.022ms semisort=  0.237ms (keyed= 0.003ms group_by=  0.101ms per_group= 0.062ms)
[pe] round=  9 work=      178 frontier=     1085 next=      128 consolidate=  0.056ms frontier=  0.012ms semisort=  0.166ms (keyed= 0.002ms group_by=  0.060ms per_group= 0.030ms)
[pe] round= 10 work=      128 frontier=      448 next=       84 consolidate=  0.051ms frontier=  0.011ms semisort=  0.097ms (keyed= 0.002ms group_by=  0.037ms per_group= 0.032ms)
[pe] round= 11 work=       84 frontier=      332 next=       83 consolidate=  0.061ms frontier=  0.004ms semisort=  0.065ms (keyed= 0.001ms group_by=  0.019ms per_group= 0.026ms)
[pe] round= 12 work=       83 frontier=      180 next=       15 consolidate=  0.048ms frontier=  0.005ms semisort=  0.032ms (keyed= 0.000ms group_by=  0.007ms per_group= 0.010ms)
[pe] round= 13 work=       15 frontier=       62 next=       16 consolidate=  0.015ms frontier=  0.001ms semisort=  0.014ms (keyed= 0.000ms group_by=  0.002ms per_group= 0.006ms)
[pe] round= 14 work=       16 frontier=       74 next=       17 consolidate=  0.014ms frontier=  0.001ms semisort=  0.018ms (keyed= 0.000ms group_by=  0.004ms per_group= 0.008ms)
[pe] round= 15 work=       17 frontier=       60 next=       15 consolidate=  0.013ms frontier=  0.002ms semisort=  0.013ms (keyed= 0.000ms group_by=  0.002ms per_group= 0.006ms)
[pe] round= 16 work=       15 frontier=       42 next=       13 consolidate=  0.012ms frontier=  0.002ms semisort=  0.012ms (keyed= 0.000ms group_by=  0.002ms per_group= 0.006ms)
[pe] round= 17 work=       13 frontier=       53 next=       12 consolidate=  0.012ms frontier=  0.002ms semisort=  0.012ms (keyed= 0.000ms group_by=  0.002ms per_group= 0.005ms)
[pe] round= 18 work=       12 frontier=       59 next=       13 consolidate=  0.011ms frontier=  0.002ms semisort=  0.013ms (keyed= 0.000ms group_by=  0.002ms per_group= 0.006ms)
[pe] round= 19 work=       13 frontier=       48 next=       14 consolidate=  0.011ms frontier=  0.002ms semisort=  0.013ms (keyed= 0.000ms group_by=  0.002ms per_group= 0.007ms)
[pe] round= 20 work=       14 frontier=       42 next=       10 consolidate=  0.011ms frontier=  0.002ms semisort=  0.009ms (keyed= 0.000ms group_by=  0.002ms per_group= 0.004ms)
[pe] round= 21 work=       10 frontier=       34 next=       10 consolidate=  0.008ms frontier=  0.002ms semisort=  0.009ms (keyed= 0.000ms group_by=  0.002ms per_group= 0.004ms)
[pe] round= 22 work=       10 frontier=       52 next=        9 consolidate=  0.010ms frontier=  0.002ms semisort=  0.010ms (keyed= 0.000ms group_by=  0.002ms per_group= 0.004ms)
[pe] round= 23 work=        9 frontier=       30 next=        7 consolidate=  0.009ms frontier=  0.002ms semisort=  0.008ms (keyed= 0.000ms group_by=  0.001ms per_group= 0.003ms)
[pe] round= 24 work=        7 frontier=       23 next=        5 consolidate=  0.007ms frontier=  0.001ms semisort=  0.006ms (keyed= 0.000ms group_by=  0.001ms per_group= 0.002ms)
[pe] round= 25 work=        5 frontier=       12 next=        4 consolidate=  0.005ms frontier=  0.001ms semisort=  0.004ms (keyed= 0.000ms group_by=  0.001ms per_group= 0.002ms)
[pe] round= 26 work=        4 frontier=       22 next=        4 consolidate=  0.004ms frontier=  0.001ms semisort=  0.005ms (keyed= 0.000ms group_by=  0.001ms per_group= 0.002ms)
[pe] round= 27 work=        4 frontier=       14 next=        2 consolidate=  0.004ms frontier=  0.001ms semisort=  0.004ms (keyed= 0.000ms group_by=  0.001ms per_group= 0.001ms)
[pe] round= 28 work=        2 frontier=        6 next=        1 consolidate=  0.002ms frontier=  0.001ms semisort=  0.002ms (keyed= 0.000ms group_by=  0.000ms per_group= 0.001ms)
[pe] round= 29 work=        1 frontier=        2 next=        0 consolidate=  0.001ms frontier=  0.001ms semisort=  0.001ms (keyed= 0.000ms group_by=  0.000ms per_group= 0.000ms)
[pe-async] round=  0 R=2 dirty=  2924790 runs=  1811005 filter=  4.113ms semisort= 18.474ms
[pe-async] round=  1 R=3 dirty=    34208 runs=    12876 filter=  4.122ms semisort=  1.288ms
[pe-async] round=  2 R=4 dirty=    25466 runs=    16674 filter=  4.042ms semisort=  1.002ms
[pe-async] round=  3 R=5 dirty=    12528 runs=     6135 filter=  3.768ms semisort=  0.524ms
[pe-async] round=  4 R=6 dirty=    13701 runs=     6539 filter=  3.650ms semisort=  0.570ms
[pe-async] round=  5 R=7 dirty=     8146 runs=     5772 filter=  3.406ms semisort=  0.331ms
[pe-async] round=  6 R=8 dirty=     5069 runs=     2381 filter=  3.376ms semisort=  0.267ms
[pe-async] round=  7 R=9 dirty=     2448 runs=     1510 filter=  3.446ms semisort=  0.130ms
[pe-async] round=  8 R=10 dirty=     1076 runs=      756 filter=  3.377ms semisort=  0.101ms
[pe-async] round=  9 R=11 dirty=     1070 runs=      503 filter=  3.413ms semisort=  0.103ms
[pe-async] round= 10 R=12 dirty=      446 runs=      335 filter=  3.200ms semisort=  0.068ms
[pe-async] round= 11 R=13 dirty=      332 runs=       97 filter=  3.291ms semisort=  0.056ms
[pe-async] round= 12 R=14 dirty=      116 runs=       87 filter=  3.209ms semisort=  0.022ms
[pe-async] round= 13 R=15 dirty=       62 runs=       22 filter=  3.237ms semisort=  0.015ms
[pe-async] round= 14 R=16 dirty=       74 runs=       33 filter=  3.164ms semisort=  0.018ms
[pe-async] round= 15 R=17 dirty=       60 runs=       27 filter=  3.388ms semisort=  0.015ms
[pe-async] round= 16 R=18 dirty=       42 runs=       17 filter=  3.182ms semisort=  0.012ms
[pe-async] round= 17 R=19 dirty=       53 runs=       21 filter=  3.030ms semisort=  0.013ms
[pe-async] round= 18 R=20 dirty=       59 runs=       26 filter=  3.329ms semisort=  0.015ms
[pe-async] round= 19 R=21 dirty=       48 runs=       20 filter=  3.333ms semisort=  0.014ms
[pe-async] round= 20 R=22 dirty=       42 runs=       18 filter=  3.222ms semisort=  0.012ms
[pe-async] round= 21 R=23 dirty=       34 runs=       14 filter=  3.268ms semisort=  0.010ms
[pe-async] round= 22 R=24 dirty=       52 runs=       21 filter=  3.295ms semisort=  0.013ms
[pe-async] round= 23 R=25 dirty=       30 runs=       19 filter=  3.122ms semisort=  0.010ms
[pe-async] round= 24 R=26 dirty=       23 runs=        9 filter=  3.233ms semisort=  0.009ms
[pe-async] round= 25 R=27 dirty=       12 runs=        6 filter=  3.165ms semisort=  0.007ms
[pe-async] round= 26 R=28 dirty=       22 runs=        8 filter=  3.326ms semisort=  0.007ms
[pe-async] round= 27 R=29 dirty=       14 runs=       10 filter=  3.078ms semisort=  0.006ms
[pe-async] round= 28 R=30 dirty=        6 runs=        3 filter=  3.334ms semisort=  0.006ms
[pe-async] round= 29 R=31 dirty=        2 runs=        2 filter=  3.037ms semisort=  0.004ms
[pe-async] round= 30 R=32 dirty=        0 filter=  3.204ms (clean break)
[pe-async] round=  0 R=2 dirty=  2924790 runs=  1811005 filter=  3.486ms semisort= 18.548ms
[pe-async] round=  1 R=3 dirty=    34208 runs=    12876 filter=  4.137ms semisort=  1.271ms
[pe-async] round=  2 R=4 dirty=    25466 runs=    16674 filter=  3.721ms semisort=  0.918ms
[pe-async] round=  3 R=5 dirty=    12528 runs=     6135 filter=  3.620ms semisort=  0.535ms
[pe-async] round=  4 R=6 dirty=    13701 runs=     6539 filter=  3.723ms semisort=  0.550ms
[pe-async] round=  5 R=7 dirty=     8146 runs=     5772 filter=  3.363ms semisort=  0.327ms
[pe-async] round=  6 R=8 dirty=     5069 runs=     2381 filter=  3.591ms semisort=  0.231ms
[pe-async] round=  7 R=9 dirty=     2448 runs=     1510 filter=  3.440ms semisort=  0.125ms
[pe-async] round=  8 R=10 dirty=     1076 runs=      756 filter=  3.468ms semisort=  0.101ms
[pe-async] round=  9 R=11 dirty=     1070 runs=      503 filter=  3.353ms semisort=  0.107ms
[pe-async] round= 10 R=12 dirty=      446 runs=      335 filter=  3.186ms semisort=  0.059ms
[pe-async] round= 11 R=13 dirty=      332 runs=       97 filter=  3.492ms semisort=  0.037ms
[pe-async] round= 12 R=14 dirty=      116 runs=       87 filter=  3.242ms semisort=  0.020ms
[pe-async] round= 13 R=15 dirty=       62 runs=       22 filter=  3.506ms semisort=  0.016ms
[pe-async] round= 14 R=16 dirty=       74 runs=       33 filter=  3.296ms semisort=  0.019ms
[pe-async] round= 15 R=17 dirty=       60 runs=       27 filter=  3.393ms semisort=  0.014ms
[pe-async] round= 16 R=18 dirty=       42 runs=       17 filter=  3.494ms semisort=  0.014ms
[pe-async] round= 17 R=19 dirty=       53 runs=       21 filter=  3.462ms semisort=  0.013ms
[pe-async] round= 18 R=20 dirty=       59 runs=       26 filter=  3.465ms semisort=  0.018ms
[pe-async] round= 19 R=21 dirty=       48 runs=       20 filter=  3.207ms semisort=  0.018ms
[pe-async] round= 20 R=22 dirty=       42 runs=       18 filter=  3.351ms semisort=  0.012ms
[pe-async] round= 21 R=23 dirty=       34 runs=       14 filter=  3.461ms semisort=  0.011ms
[pe-async] round= 22 R=24 dirty=       52 runs=       21 filter=  3.525ms semisort=  0.012ms
[pe-async] round= 23 R=25 dirty=       30 runs=       19 filter=  3.386ms semisort=  0.010ms
[pe-async] round= 24 R=26 dirty=       23 runs=        9 filter=  3.335ms semisort=  0.008ms
[pe-async] round= 25 R=27 dirty=       12 runs=        6 filter=  3.282ms semisort=  0.007ms
[pe-async] round= 26 R=28 dirty=       22 runs=        8 filter=  3.379ms semisort=  0.008ms
[pe-async] round= 27 R=29 dirty=       14 runs=       10 filter=  3.469ms semisort=  0.007ms
[pe-async] round= 28 R=30 dirty=        6 runs=        3 filter=  3.373ms semisort=  0.006ms
[pe-async] round= 29 R=31 dirty=        2 runs=        2 filter=  3.382ms semisort=  0.006ms
[pe-async] round= 30 R=32 dirty=        0 filter=  3.281ms (clean break)
[pe-async] round=  0 R=2 dirty=  2924790 runs=  1811005 filter=  3.750ms semisort= 18.939ms
[pe-async] round=  1 R=3 dirty=    34208 runs=    12876 filter=  3.917ms semisort=  1.281ms
[pe-async] round=  2 R=4 dirty=    25466 runs=    16674 filter=  3.844ms semisort=  0.917ms
[pe-async] round=  3 R=5 dirty=    12528 runs=     6135 filter=  3.741ms semisort=  0.539ms
[pe-async] round=  4 R=6 dirty=    13701 runs=     6539 filter=  3.622ms semisort=  0.526ms
[pe-async] round=  5 R=7 dirty=     8146 runs=     5772 filter=  3.473ms semisort=  0.331ms
[pe-async] round=  6 R=8 dirty=     5069 runs=     2381 filter=  3.548ms semisort=  0.301ms
[pe-async] round=  7 R=9 dirty=     2448 runs=     1510 filter=  3.395ms semisort=  0.123ms
[pe-async] round=  8 R=10 dirty=     1076 runs=      756 filter=  3.311ms semisort=  0.104ms
[pe-async] round=  9 R=11 dirty=     1070 runs=      503 filter=  3.233ms semisort=  0.105ms
[pe-async] round= 10 R=12 dirty=      446 runs=      335 filter=  3.348ms semisort=  0.068ms
[pe-async] round= 11 R=13 dirty=      332 runs=       97 filter=  3.658ms semisort=  0.052ms
[pe-async] round= 12 R=14 dirty=      116 runs=       87 filter=  3.321ms semisort=  0.024ms
[pe-async] round= 13 R=15 dirty=       62 runs=       22 filter=  3.315ms semisort=  0.015ms
[pe-async] round= 14 R=16 dirty=       74 runs=       33 filter=  3.232ms semisort=  0.019ms
[pe-async] round= 15 R=17 dirty=       60 runs=       27 filter=  3.357ms semisort=  0.014ms
[pe-async] round= 16 R=18 dirty=       42 runs=       17 filter=  3.325ms semisort=  0.012ms
[pe-async] round= 17 R=19 dirty=       53 runs=       21 filter=  3.386ms semisort=  0.013ms
[pe-async] round= 18 R=20 dirty=       59 runs=       26 filter=  3.384ms semisort=  0.014ms
[pe-async] round= 19 R=21 dirty=       48 runs=       20 filter=  3.364ms semisort=  0.013ms
[pe-async] round= 20 R=22 dirty=       42 runs=       18 filter=  3.411ms semisort=  0.011ms
[pe-async] round= 21 R=23 dirty=       34 runs=       14 filter=  3.562ms semisort=  0.010ms
[pe-async] round= 22 R=24 dirty=       52 runs=       21 filter=  3.120ms semisort=  0.011ms
[pe-async] round= 23 R=25 dirty=       30 runs=       19 filter=  3.378ms semisort=  0.010ms
[pe-async] round= 24 R=26 dirty=       23 runs=        9 filter=  3.286ms semisort=  0.009ms
[pe-async] round= 25 R=27 dirty=       12 runs=        6 filter=  3.441ms semisort=  0.007ms
[pe-async] round= 26 R=28 dirty=       22 runs=        8 filter=  3.373ms semisort=  0.007ms
[pe-async] round= 27 R=29 dirty=       14 runs=       10 filter=  3.158ms semisort=  0.006ms
[pe-async] round= 28 R=30 dirty=        6 runs=        3 filter=  3.359ms semisort=  0.005ms
[pe-async] round= 29 R=31 dirty=        2 runs=        2 filter=  3.281ms semisort=  0.005ms
[pe-async] round= 30 R=32 dirty=        0 filter=  3.150ms (clean break)
[pe-async] round=  0 R=2 dirty=  2924790 runs=  1811005 filter=  3.585ms semisort= 19.619ms
[pe-async] round=  1 R=3 dirty=    34208 runs=    12876 filter=  3.922ms semisort=  1.280ms
[pe-async] round=  2 R=4 dirty=    25466 runs=    16674 filter=  3.662ms semisort=  1.003ms
[pe-async] round=  3 R=5 dirty=    12528 runs=     6135 filter=  3.690ms semisort=  0.515ms
[pe-async] round=  4 R=6 dirty=    13701 runs=     6539 filter=  3.501ms semisort=  0.531ms
[pe-async] round=  5 R=7 dirty=     8146 runs=     5772 filter=  3.353ms semisort=  0.320ms
[pe-async] round=  6 R=8 dirty=     5069 runs=     2381 filter=  3.206ms semisort=  0.248ms
[pe-async] round=  7 R=9 dirty=     2448 runs=     1510 filter=  3.476ms semisort=  0.122ms
[pe-async] round=  8 R=10 dirty=     1076 runs=      756 filter=  3.358ms semisort=  0.097ms
[pe-async] round=  9 R=11 dirty=     1070 runs=      503 filter=  3.228ms semisort=  0.096ms
[pe-async] round= 10 R=12 dirty=      446 runs=      335 filter=  3.388ms semisort=  0.063ms
[pe-async] round= 11 R=13 dirty=      332 runs=       97 filter=  3.180ms semisort=  0.054ms
[pe-async] round= 12 R=14 dirty=      116 runs=       87 filter=  3.309ms semisort=  0.019ms
[pe-async] round= 13 R=15 dirty=       62 runs=       22 filter=  3.428ms semisort=  0.015ms
[pe-async] round= 14 R=16 dirty=       74 runs=       33 filter=  3.384ms semisort=  0.018ms
[pe-async] round= 15 R=17 dirty=       60 runs=       27 filter=  3.212ms semisort=  0.015ms
[pe-async] round= 16 R=18 dirty=       42 runs=       17 filter=  3.182ms semisort=  0.012ms
[pe-async] round= 17 R=19 dirty=       53 runs=       21 filter=  3.367ms semisort=  0.012ms
[pe-async] round= 18 R=20 dirty=       59 runs=       26 filter=  3.249ms semisort=  0.014ms
[pe-async] round= 19 R=21 dirty=       48 runs=       20 filter=  3.373ms semisort=  0.011ms
[pe-async] round= 20 R=22 dirty=       42 runs=       18 filter=  3.420ms semisort=  0.011ms
[pe-async] round= 21 R=23 dirty=       34 runs=       14 filter=  3.417ms semisort=  0.011ms
[pe-async] round= 22 R=24 dirty=       52 runs=       21 filter=  3.293ms semisort=  0.012ms
[pe-async] round= 23 R=25 dirty=       30 runs=       19 filter=  3.354ms semisort=  0.010ms
[pe-async] round= 24 R=26 dirty=       23 runs=        9 filter=  3.285ms semisort=  0.008ms
[pe-async] round= 25 R=27 dirty=       12 runs=        6 filter=  3.400ms semisort=  0.007ms
[pe-async] round= 26 R=28 dirty=       22 runs=        8 filter=  3.382ms semisort=  0.007ms
[pe-async] round= 27 R=29 dirty=       14 runs=       10 filter=  3.317ms semisort=  0.006ms
[pe-async] round= 28 R=30 dirty=        6 runs=        3 filter=  3.272ms semisort=  0.005ms
[pe-async] round= 29 R=31 dirty=        2 runs=        2 filter=  3.380ms semisort=  0.004ms
[pe-async] round= 30 R=32 dirty=        0 filter=  3.147ms (clean break)
[pe-async] round=  0 R=2 dirty=  2924790 runs=  1811005 filter=  3.788ms semisort= 19.027ms
[pe-async] round=  1 R=3 dirty=    34208 runs=    12876 filter=  4.138ms semisort=  1.275ms
[pe-async] round=  2 R=4 dirty=    25466 runs=    16674 filter=  3.899ms semisort=  0.909ms
[pe-async] round=  3 R=5 dirty=    12528 runs=     6135 filter=  3.640ms semisort=  0.527ms
[pe-async] round=  4 R=6 dirty=    13701 runs=     6539 filter=  3.615ms semisort=  0.587ms
[pe-async] round=  5 R=7 dirty=     8146 runs=     5772 filter=  3.493ms semisort=  0.324ms
[pe-async] round=  6 R=8 dirty=     5069 runs=     2381 filter=  3.469ms semisort=  0.228ms
[pe-async] round=  7 R=9 dirty=     2448 runs=     1510 filter=  3.317ms semisort=  0.129ms
[pe-async] round=  8 R=10 dirty=     1076 runs=      756 filter=  3.372ms semisort=  0.101ms
[pe-async] round=  9 R=11 dirty=     1070 runs=      503 filter=  3.621ms semisort=  0.105ms
[pe-async] round= 10 R=12 dirty=      446 runs=      335 filter=  3.316ms semisort=  0.061ms
[pe-async] round= 11 R=13 dirty=      332 runs=       97 filter=  3.436ms semisort=  0.057ms
[pe-async] round= 12 R=14 dirty=      116 runs=       87 filter=  3.493ms semisort=  0.022ms
[pe-async] round= 13 R=15 dirty=       62 runs=       22 filter=  3.352ms semisort=  0.016ms
[pe-async] round= 14 R=16 dirty=       74 runs=       33 filter=  3.533ms semisort=  0.019ms
[pe-async] round= 15 R=17 dirty=       60 runs=       27 filter=  3.419ms semisort=  0.015ms
[pe-async] round= 16 R=18 dirty=       42 runs=       17 filter=  3.206ms semisort=  0.012ms
[pe-async] round= 17 R=19 dirty=       53 runs=       21 filter=  3.454ms semisort=  0.013ms
[pe-async] round= 18 R=20 dirty=       59 runs=       26 filter=  3.486ms semisort=  0.014ms
[pe-async] round= 19 R=21 dirty=       48 runs=       20 filter=  3.468ms semisort=  0.012ms
[pe-async] round= 20 R=22 dirty=       42 runs=       18 filter=  3.294ms semisort=  0.011ms
[pe-async] round= 21 R=23 dirty=       34 runs=       14 filter=  3.152ms semisort=  0.010ms
[pe-async] round= 22 R=24 dirty=       52 runs=       21 filter=  3.283ms semisort=  0.012ms
[pe-async] round= 23 R=25 dirty=       30 runs=       19 filter=  3.240ms semisort=  0.010ms
[pe-async] round= 24 R=26 dirty=       23 runs=        9 filter=  3.264ms semisort=  0.009ms
[pe-async] round= 25 R=27 dirty=       12 runs=        6 filter=  3.355ms semisort=  0.007ms
[pe-async] round= 26 R=28 dirty=       22 runs=        8 filter=  3.577ms semisort=  0.008ms
[pe-async] round= 27 R=29 dirty=       14 runs=       10 filter=  3.421ms semisort=  0.006ms
[pe-async] round= 28 R=30 dirty=        6 runs=        3 filter=  3.141ms semisort=  0.005ms
[pe-async] round= 29 R=31 dirty=        2 runs=        2 filter=  3.280ms semisort=  0.005ms
[pe-async] round= 30 R=32 dirty=        0 filter=  3.185ms (clean break)
[pe-async] round=  0 R=2 dirty=  2924790 runs=  1811005 filter=  3.676ms semisort= 18.847ms
[pe-async] round=  1 R=3 dirty=    34208 runs=    12876 filter=  3.954ms semisort=  1.435ms
[pe-async] round=  2 R=4 dirty=    25466 runs=    16674 filter=  3.754ms semisort=  0.910ms
[pe-async] round=  3 R=5 dirty=    12528 runs=     6135 filter=  3.641ms semisort=  0.530ms
[pe-async] round=  4 R=6 dirty=    13701 runs=     6539 filter=  3.449ms semisort=  0.537ms
[pe-async] round=  5 R=7 dirty=     8146 runs=     5772 filter=  3.559ms semisort=  0.345ms
[pe-async] round=  6 R=8 dirty=     5069 runs=     2381 filter=  3.470ms semisort=  0.306ms
[pe-async] round=  7 R=9 dirty=     2448 runs=     1510 filter=  3.284ms semisort=  0.127ms
[pe-async] round=  8 R=10 dirty=     1076 runs=      756 filter=  3.400ms semisort=  0.098ms
[pe-async] round=  9 R=11 dirty=     1070 runs=      503 filter=  3.187ms semisort=  0.103ms
[pe-async] round= 10 R=12 dirty=      446 runs=      335 filter=  3.472ms semisort=  0.065ms
[pe-async] round= 11 R=13 dirty=      332 runs=       97 filter=  3.342ms semisort=  0.052ms
[pe-async] round= 12 R=14 dirty=      116 runs=       87 filter=  3.330ms semisort=  0.020ms
[pe-async] round= 13 R=15 dirty=       62 runs=       22 filter=  3.305ms semisort=  0.014ms
[pe-async] round= 14 R=16 dirty=       74 runs=       33 filter=  3.266ms semisort=  0.018ms
[pe-async] round= 15 R=17 dirty=       60 runs=       27 filter=  3.115ms semisort=  0.014ms
[pe-async] round= 16 R=18 dirty=       42 runs=       17 filter=  3.313ms semisort=  0.011ms
[pe-async] round= 17 R=19 dirty=       53 runs=       21 filter=  3.523ms semisort=  0.013ms
[pe-async] round= 18 R=20 dirty=       59 runs=       26 filter=  3.249ms semisort=  0.018ms
[pe-async] round= 19 R=21 dirty=       48 runs=       20 filter=  3.336ms semisort=  0.013ms
[pe-async] round= 20 R=22 dirty=       42 runs=       18 filter=  3.080ms semisort=  0.012ms
[pe-async] round= 21 R=23 dirty=       34 runs=       14 filter=  3.256ms semisort=  0.011ms
[pe-async] round= 22 R=24 dirty=       52 runs=       21 filter=  3.193ms semisort=  0.012ms
[pe-async] round= 23 R=25 dirty=       30 runs=       19 filter=  3.315ms semisort=  0.010ms
[pe-async] round= 24 R=26 dirty=       23 runs=        9 filter=  3.443ms semisort=  0.008ms
[pe-async] round= 25 R=27 dirty=       12 runs=        6 filter=  3.354ms semisort=  0.007ms
[pe-async] round= 26 R=28 dirty=       22 runs=        8 filter=  3.138ms semisort=  0.007ms
[pe-async] round= 27 R=29 dirty=       14 runs=       10 filter=  3.282ms semisort=  0.006ms
[pe-async] round= 28 R=30 dirty=        6 runs=        3 filter=  3.304ms semisort=  0.006ms
[pe-async] round= 29 R=31 dirty=        2 runs=        2 filter=  3.405ms semisort=  0.004ms
[pe-async] round= 30 R=32 dirty=        0 filter=  3.338ms (clean break)
