[gates_bench] ./miter-cc-benchmarks/iwls22_with_not/h5m-n04-xits.gates ...
  literals=707582  NOT=308278  gates=1268358  total_classes=2284218  read=0.015s parse=0.018s build=0.042s
[pe] round=  0 work=  2215146 frontier=  1377845 next=      197 consolidate= 54.107ms frontier= 12.593ms semisort= 16.458ms (keyed= 3.114ms group_by=  0.524ms per_group= 4.936ms)
[pe] round=  1 work=      197 frontier=     3246 next=        0 consolidate=  0.082ms frontier=  0.015ms semisort=  0.592ms (keyed= 0.009ms group_by=  0.356ms per_group= 0.049ms)
[pe] round=  0 work=  2215146 frontier=  1377845 next=      197 consolidate= 53.070ms frontier= 12.385ms semisort= 15.526ms (keyed= 3.085ms group_by=  0.554ms per_group= 4.740ms)
[pe] round=  1 work=      197 frontier=     3246 next=        0 consolidate=  0.096ms frontier=  0.020ms semisort=  0.508ms (keyed= 0.009ms group_by=  0.366ms per_group= 0.048ms)
[pe] round=  0 work=  2215146 frontier=  1377845 next=      197 consolidate= 53.783ms frontier= 12.011ms semisort= 15.475ms (keyed= 2.904ms group_by=  0.542ms per_group= 4.913ms)
[pe] round=  1 work=      197 frontier=     3246 next=        0 consolidate=  0.090ms frontier=  0.018ms semisort=  0.511ms (keyed= 0.009ms group_by=  0.365ms per_group= 0.046ms)
[pe] round=  0 work=  2215146 frontier=  1377845 next=      197 consolidate= 53.940ms frontier= 12.514ms semisort= 16.283ms (keyed= 3.251ms group_by=  0.563ms per_group= 4.974ms)
[pe] round=  1 work=      197 frontier=     3246 next=        0 consolidate=  0.089ms frontier=  0.018ms semisort=  0.488ms (keyed= 0.007ms group_by=  0.334ms per_group= 0.050ms)
[pe] round=  0 work=  2215146 frontier=  1377845 next=      197 consolidate= 57.694ms frontier= 12.689ms semisort= 16.290ms (keyed= 3.079ms group_by=  0.517ms per_group= 5.074ms)
[pe] round=  1 work=      197 frontier=     3246 next=        0 consolidate=  0.087ms frontier=  0.016ms semisort=  0.487ms (keyed= 0.007ms group_by=  0.319ms per_group= 0.048ms)
[pe] round=  0 work=  2215146 frontier=  1377845 next=      197 consolidate= 54.761ms frontier= 12.404ms semisort= 15.891ms (keyed= 3.016ms group_by=  0.527ms per_group= 5.038ms)
[pe] round=  1 work=      197 frontier=     3246 next=        0 consolidate=  0.096ms frontier=  0.020ms semisort=  0.543ms (keyed= 0.009ms group_by=  0.383ms per_group= 0.051ms)
[pe-async] round=  0 R=2 dirty=  1377845 runs=   825075 filter=  2.144ms semisort=  8.066ms
[pe-async] round=  1 R=3 dirty=     3096 runs=     2477 filter=  1.743ms semisort=  0.136ms
[pe-async] round=  2 R=4 dirty=        0 filter=  1.797ms (clean break)
[pe-async] round=  0 R=2 dirty=  1377845 runs=   825075 filter=  1.655ms semisort=  8.239ms
[pe-async] round=  1 R=3 dirty=     3096 runs=     2477 filter=  1.661ms semisort=  0.135ms
[pe-async] round=  2 R=4 dirty=        0 filter=  1.730ms (clean break)
[pe-async] round=  0 R=2 dirty=  1377845 runs=   825075 filter=  1.664ms semisort=  8.053ms
[pe-async] round=  1 R=3 dirty=     3096 runs=     2477 filter=  1.739ms semisort=  0.142ms
[pe-async] round=  2 R=4 dirty=        0 filter=  1.539ms (clean break)
[pe-async] round=  0 R=2 dirty=  1377845 runs=   825075 filter=  1.669ms semisort=  7.956ms
[pe-async] round=  1 R=3 dirty=     3096 runs=     2477 filter=  1.720ms semisort=  0.146ms
[pe-async] round=  2 R=4 dirty=        0 filter=  1.728ms (clean break)
[pe-async] round=  0 R=2 dirty=  1377845 runs=   825075 filter=  1.701ms semisort=  8.114ms
[pe-async] round=  1 R=3 dirty=     3096 runs=     2477 filter=  1.671ms semisort=  0.140ms
[pe-async] round=  2 R=4 dirty=        0 filter=  1.730ms (clean break)
[pe-async] round=  0 R=2 dirty=  1377845 runs=   825075 filter=  1.544ms semisort=  8.167ms
[pe-async] round=  1 R=3 dirty=     3096 runs=     2477 filter=  1.721ms semisort=  0.128ms
[pe-async] round=  2 R=4 dirty=        0 filter=  1.519ms (clean break)
