[gates_bench] ./miter-cc-benchmarks/iwls22_with_not/h5m-n01-ands.gates ...
  literals=1083431  NOT=499915  gates=1660156  total_classes=3243502  read=0.021s parse=0.021s build=0.060s
[pe] round=  0 work=  3236167 frontier=  2134283 next=       15 consolidate= 46.052ms frontier= 10.937ms semisort= 16.225ms (keyed= 4.691ms group_by=  0.780ms per_group= 4.517ms)
[pe] round=  1 work=       15 frontier=     2755 next=       12 consolidate=  0.028ms frontier=  0.007ms semisort=  0.421ms (keyed= 0.008ms group_by=  0.315ms per_group= 0.056ms)
[pe] round=  2 work=       12 frontier=     1277 next=        0 consolidate=  0.020ms frontier=  0.002ms semisort=  0.204ms (keyed= 0.004ms group_by=  0.130ms per_group= 0.032ms)
[pe] round=  0 work=  3236167 frontier=  2134283 next=       15 consolidate= 42.129ms frontier=  9.202ms semisort= 13.169ms (keyed= 2.690ms group_by=  0.508ms per_group= 4.329ms)
[pe] round=  1 work=       15 frontier=     2755 next=       12 consolidate=  0.030ms frontier=  0.005ms semisort=  0.386ms (keyed= 0.008ms group_by=  0.280ms per_group= 0.041ms)
[pe] round=  2 work=       12 frontier=     1277 next=        0 consolidate=  0.018ms frontier=  0.003ms semisort=  0.225ms (keyed= 0.003ms group_by=  0.124ms per_group= 0.035ms)
[pe] round=  0 work=  3236167 frontier=  2134283 next=       15 consolidate= 43.537ms frontier=  7.506ms semisort= 13.602ms (keyed= 2.945ms group_by=  0.471ms per_group= 4.385ms)
[pe] round=  1 work=       15 frontier=     2755 next=       12 consolidate=  0.030ms frontier=  0.004ms semisort=  0.363ms (keyed= 0.008ms group_by=  0.252ms per_group= 0.039ms)
[pe] round=  2 work=       12 frontier=     1277 next=        0 consolidate=  0.016ms frontier=  0.003ms semisort=  0.163ms (keyed= 0.003ms group_by=  0.095ms per_group= 0.027ms)
[pe] round=  0 work=  3236167 frontier=  2134283 next=       15 consolidate= 44.861ms frontier=  8.169ms semisort= 13.503ms (keyed= 3.088ms group_by=  0.483ms per_group= 4.417ms)
[pe] round=  1 work=       15 frontier=     2755 next=       12 consolidate=  0.027ms frontier=  0.004ms semisort=  0.385ms (keyed= 0.008ms group_by=  0.270ms per_group= 0.045ms)
[pe] round=  2 work=       12 frontier=     1277 next=        0 consolidate=  0.019ms frontier=  0.003ms semisort=  0.204ms (keyed= 0.004ms group_by=  0.119ms per_group= 0.039ms)
[pe] round=  0 work=  3236167 frontier=  2134283 next=       15 consolidate= 44.424ms frontier=  9.369ms semisort= 14.176ms (keyed= 3.323ms group_by=  0.515ms per_group= 4.404ms)
[pe] round=  1 work=       15 frontier=     2755 next=       12 consolidate=  0.023ms frontier=  0.010ms semisort=  0.388ms (keyed= 0.008ms group_by=  0.273ms per_group= 0.042ms)
[pe] round=  2 work=       12 frontier=     1277 next=        0 consolidate=  0.018ms frontier=  0.004ms semisort=  0.189ms (keyed= 0.004ms group_by=  0.115ms per_group= 0.030ms)
[pe] round=  0 work=  3236167 frontier=  2134283 next=       15 consolidate= 45.485ms frontier=  7.837ms semisort= 14.006ms (keyed= 3.397ms group_by=  0.477ms per_group= 4.414ms)
[pe] round=  1 work=       15 frontier=     2755 next=       12 consolidate=  0.025ms frontier=  0.009ms semisort=  0.396ms (keyed= 0.009ms group_by=  0.279ms per_group= 0.039ms)
[pe] round=  2 work=       12 frontier=     1277 next=        0 consolidate=  0.018ms frontier=  0.002ms semisort=  0.187ms (keyed= 0.003ms group_by=  0.093ms per_group= 0.028ms)
[pe-async] round=  0 R=2 dirty=  2134283 runs=  1173776 filter=  1.627ms semisort=  7.916ms
[pe-async] round=  1 R=3 dirty=     2755 runs=     1357 filter=  1.340ms semisort=  0.142ms
[pe-async] round=  2 R=4 dirty=     1262 runs=     1232 filter=  1.220ms semisort=  0.070ms
[pe-async] round=  3 R=5 dirty=        0 filter=  1.168ms (clean break)
[pe-async] round=  0 R=2 dirty=  2134283 runs=  1173776 filter=  1.184ms semisort=  8.022ms
[pe-async] round=  1 R=3 dirty=     2755 runs=     1357 filter=  1.149ms semisort=  0.159ms
[pe-async] round=  2 R=4 dirty=     1262 runs=     1232 filter=  1.120ms semisort=  0.071ms
[pe-async] round=  3 R=5 dirty=        0 filter=  1.108ms (clean break)
[pe-async] round=  0 R=2 dirty=  2134283 runs=  1173776 filter=  1.191ms semisort=  7.412ms
[pe-async] round=  1 R=3 dirty=     2755 runs=     1357 filter=  1.189ms semisort=  0.152ms
[pe-async] round=  2 R=4 dirty=     1262 runs=     1232 filter=  1.124ms semisort=  0.070ms
[pe-async] round=  3 R=5 dirty=        0 filter=  1.120ms (clean break)
[pe-async] round=  0 R=2 dirty=  2134283 runs=  1173776 filter=  1.194ms semisort=  7.516ms
[pe-async] round=  1 R=3 dirty=     2755 runs=     1357 filter=  1.175ms semisort=  0.158ms
[pe-async] round=  2 R=4 dirty=     1262 runs=     1232 filter=  1.098ms semisort=  0.066ms
[pe-async] round=  3 R=5 dirty=        0 filter=  1.111ms (clean break)
[pe-async] round=  0 R=2 dirty=  2134283 runs=  1173776 filter=  1.177ms semisort=  7.421ms
[pe-async] round=  1 R=3 dirty=     2755 runs=     1357 filter=  1.141ms semisort=  0.197ms
[pe-async] round=  2 R=4 dirty=     1262 runs=     1232 filter=  1.121ms semisort=  0.070ms
[pe-async] round=  3 R=5 dirty=        0 filter=  1.090ms (clean break)
[pe-async] round=  0 R=2 dirty=  2134283 runs=  1173776 filter=  1.165ms semisort=  7.339ms
[pe-async] round=  1 R=3 dirty=     2755 runs=     1357 filter=  1.117ms semisort=  0.172ms
[pe-async] round=  2 R=4 dirty=     1262 runs=     1232 filter=  1.077ms semisort=  0.067ms
[pe-async] round=  3 R=5 dirty=        0 filter=  1.132ms (clean break)
