[gates_bench] ./miter-cc-benchmarks/iwls22_with_not/h5m-n06-xits.gates ...
  literals=1735829  NOT=729369  gates=3117439  total_classes=5582637  read=0.040s parse=0.039s build=0.103s
[pe] round=  0 work=  5498535 frontier=  3602433 next=     1108 consolidate= 70.591ms frontier= 11.891ms semisort= 26.924ms (keyed= 4.730ms group_by=  0.700ms per_group= 8.610ms)
[pe] round=  1 work=     1108 frontier=    11871 next=       16 consolidate=  0.274ms frontier=  0.060ms semisort=  0.547ms (keyed= 0.026ms group_by=  0.336ms per_group= 0.065ms)
[pe] round=  2 work=       16 frontier=      112 next=        0 consolidate=  0.018ms frontier=  0.004ms semisort=  0.026ms (keyed= 0.001ms group_by=  0.011ms per_group= 0.003ms)
[pe] round=  0 work=  5498535 frontier=  3602433 next=     1108 consolidate= 66.785ms frontier= 11.351ms semisort= 24.668ms (keyed= 4.107ms group_by=  0.655ms per_group= 7.725ms)
[pe] round=  1 work=     1108 frontier=    11871 next=       16 consolidate=  0.301ms frontier=  0.083ms semisort=  0.480ms (keyed= 0.027ms group_by=  0.282ms per_group= 0.063ms)
[pe] round=  2 work=       16 frontier=      112 next=        0 consolidate=  0.017ms frontier=  0.004ms semisort=  0.023ms (keyed= 0.001ms group_by=  0.010ms per_group= 0.003ms)
[pe] round=  0 work=  5498535 frontier=  3602433 next=     1108 consolidate= 67.869ms frontier= 11.375ms semisort= 25.230ms (keyed= 4.543ms group_by=  0.676ms per_group= 7.755ms)
[pe] round=  1 work=     1108 frontier=    11871 next=       16 consolidate=  0.286ms frontier=  0.067ms semisort=  0.473ms (keyed= 0.026ms group_by=  0.265ms per_group= 0.067ms)
[pe] round=  2 work=       16 frontier=      112 next=        0 consolidate=  0.016ms frontier=  0.003ms semisort=  0.026ms (keyed= 0.001ms group_by=  0.012ms per_group= 0.003ms)
[pe] round=  0 work=  5498535 frontier=  3602433 next=     1108 consolidate= 68.941ms frontier= 10.870ms semisort= 25.162ms (keyed= 4.512ms group_by=  0.656ms per_group= 7.684ms)
[pe] round=  1 work=     1108 frontier=    11871 next=       16 consolidate=  0.357ms frontier=  0.083ms semisort=  0.467ms (keyed= 0.031ms group_by=  0.275ms per_group= 0.068ms)
[pe] round=  2 work=       16 frontier=      112 next=        0 consolidate=  0.025ms frontier=  0.003ms semisort=  0.025ms (keyed= 0.001ms group_by=  0.011ms per_group= 0.003ms)
[pe] round=  0 work=  5498535 frontier=  3602433 next=     1108 consolidate= 69.377ms frontier= 10.632ms semisort= 24.909ms (keyed= 4.525ms group_by=  0.691ms per_group= 7.667ms)
[pe] round=  1 work=     1108 frontier=    11871 next=       16 consolidate=  0.357ms frontier=  0.049ms semisort=  0.512ms (keyed= 0.027ms group_by=  0.308ms per_group= 0.064ms)
[pe] round=  2 work=       16 frontier=      112 next=        0 consolidate=  0.015ms frontier=  0.004ms semisort=  0.025ms (keyed= 0.001ms group_by=  0.011ms per_group= 0.003ms)
[pe] round=  0 work=  5498535 frontier=  3602433 next=     1108 consolidate= 70.093ms frontier= 11.545ms semisort= 25.336ms (keyed= 4.550ms group_by=  0.701ms per_group= 7.697ms)
[pe] round=  1 work=     1108 frontier=    11871 next=       16 consolidate=  0.365ms frontier=  0.075ms semisort=  0.515ms (keyed= 0.033ms group_by=  0.299ms per_group= 0.072ms)
[pe] round=  2 work=       16 frontier=      112 next=        0 consolidate=  0.017ms frontier=  0.004ms semisort=  0.024ms (keyed= 0.001ms group_by=  0.010ms per_group= 0.003ms)
[pe-async] round=  0 R=2 dirty=  3602433 runs=  2075036 filter=  2.999ms semisort= 12.345ms
[pe-async] round=  1 R=3 dirty=    11831 runs=     8649 filter=  2.948ms semisort=  0.381ms
[pe-async] round=  2 R=4 dirty=      112 runs=       96 filter=  2.565ms semisort=  0.019ms
[pe-async] round=  3 R=5 dirty=        0 filter=  2.327ms (clean break)
[pe-async] round=  0 R=2 dirty=  3602433 runs=  2075036 filter=  2.254ms semisort= 11.822ms
[pe-async] round=  1 R=3 dirty=    11831 runs=     8649 filter=  2.593ms semisort=  0.388ms
[pe-async] round=  2 R=4 dirty=      112 runs=       96 filter=  2.384ms semisort=  0.020ms
[pe-async] round=  3 R=5 dirty=        0 filter=  2.367ms (clean break)
[pe-async] round=  0 R=2 dirty=  3602433 runs=  2075036 filter=  2.295ms semisort= 12.329ms
[pe-async] round=  1 R=3 dirty=    11831 runs=     8649 filter=  2.621ms semisort=  0.402ms
[pe-async] round=  2 R=4 dirty=      112 runs=       96 filter=  2.407ms semisort=  0.019ms
[pe-async] round=  3 R=5 dirty=        0 filter=  2.238ms (clean break)
[pe-async] round=  0 R=2 dirty=  3602433 runs=  2075036 filter=  2.284ms semisort= 11.854ms
[pe-async] round=  1 R=3 dirty=    11831 runs=     8649 filter=  2.606ms semisort=  0.409ms
[pe-async] round=  2 R=4 dirty=      112 runs=       96 filter=  2.393ms semisort=  0.019ms
[pe-async] round=  3 R=5 dirty=        0 filter=  2.263ms (clean break)
[pe-async] round=  0 R=2 dirty=  3602433 runs=  2075036 filter=  2.282ms semisort= 12.075ms
[pe-async] round=  1 R=3 dirty=    11831 runs=     8649 filter=  2.715ms semisort=  0.395ms
[pe-async] round=  2 R=4 dirty=      112 runs=       96 filter=  2.388ms semisort=  0.018ms
[pe-async] round=  3 R=5 dirty=        0 filter=  2.223ms (clean break)
[pe-async] round=  0 R=2 dirty=  3602433 runs=  2075036 filter=  2.266ms semisort= 12.453ms
[pe-async] round=  1 R=3 dirty=    11831 runs=     8649 filter=  2.584ms semisort=  0.400ms
[pe-async] round=  2 R=4 dirty=      112 runs=       96 filter=  2.353ms semisort=  0.019ms
[pe-async] round=  3 R=5 dirty=        0 filter=  2.186ms (clean break)
