[gates_bench] ./miter-cc-benchmarks/iwls22_with_not/h5m-n04-ands.gates ...
  literals=1246980  NOT=573992  gates=1782230  total_classes=3603202  read=0.021s parse=0.028s build=0.079s
[pe] round=  0 work=  3581512 frontier=  2276926 next=        0 consolidate= 28.561ms frontier= 10.180ms semisort= 10.748ms (keyed= 5.605ms group_by=  0.317ms per_group= 1.890ms)
[pe] round=  0 work=  3581512 frontier=  2276926 next=        0 consolidate= 18.593ms frontier=  7.703ms semisort=  7.878ms (keyed= 3.064ms group_by=  0.259ms per_group= 1.863ms)
[pe] round=  0 work=  3581512 frontier=  2276926 next=        0 consolidate= 18.611ms frontier=  7.607ms semisort=  8.230ms (keyed= 3.367ms group_by=  0.251ms per_group= 1.910ms)
[pe] round=  0 work=  3581512 frontier=  2276926 next=        0 consolidate= 20.897ms frontier=  6.639ms semisort=  8.053ms (keyed= 3.216ms group_by=  0.252ms per_group= 1.860ms)
[pe] round=  0 work=  3581512 frontier=  2276926 next=        0 consolidate= 21.287ms frontier=  7.241ms semisort=  7.474ms (keyed= 2.559ms group_by=  0.250ms per_group= 1.925ms)
[pe] round=  0 work=  3581512 frontier=  2276926 next=        0 consolidate= 18.251ms frontier=  6.872ms semisort=  7.557ms (keyed= 2.657ms group_by=  0.253ms per_group= 1.885ms)
[pe-async] round=  0 R=2 dirty=  2276926 runs=  1308494 filter=  0.693ms semisort=  4.060ms
[pe-async] round=  1 R=3 dirty=        0 filter=  0.654ms (clean break)
[pe-async] round=  0 R=2 dirty=  2276926 runs=  1308494 filter=  0.662ms semisort=  4.824ms
[pe-async] round=  1 R=3 dirty=        0 filter=  0.668ms (clean break)
[pe-async] round=  0 R=2 dirty=  2276926 runs=  1308494 filter=  0.657ms semisort=  4.780ms
[pe-async] round=  1 R=3 dirty=        0 filter=  0.658ms (clean break)
[pe-async] round=  0 R=2 dirty=  2276926 runs=  1308494 filter=  0.672ms semisort=  3.848ms
[pe-async] round=  1 R=3 dirty=        0 filter=  0.688ms (clean break)
[pe-async] round=  0 R=2 dirty=  2276926 runs=  1308494 filter=  0.668ms semisort=  4.077ms
[pe-async] round=  1 R=3 dirty=        0 filter=  0.694ms (clean break)
[pe-async] round=  0 R=2 dirty=  2276926 runs=  1308494 filter=  0.680ms semisort=  4.245ms
[pe-async] round=  1 R=3 dirty=        0 filter=  0.670ms (clean break)
