[gates_bench] ./miter-cc-benchmarks/iwls22_with_not/h5m-n04-ands.gates ...
  literals=1246980  NOT=573992  gates=1782230  total_classes=3603202  read=0.022s parse=0.062s build=0.187s
[pe] round=  0 work=  3581512 frontier=  2276926 next=        0 consolidate= 37.781ms frontier= 11.698ms semisort= 10.199ms (keyed= 6.065ms group_by=  0.479ms per_group= 1.510ms)
[pe] round=  0 work=  3581512 frontier=  2276926 next=        0 consolidate= 17.964ms frontier=  6.724ms semisort=  6.692ms (keyed= 3.094ms group_by=  0.265ms per_group= 1.405ms)
[pe] round=  0 work=  3581512 frontier=  2276926 next=        0 consolidate= 16.028ms frontier=  7.398ms semisort=  6.775ms (keyed= 3.203ms group_by=  0.212ms per_group= 1.419ms)
[pe] round=  0 work=  3581512 frontier=  2276926 next=        0 consolidate= 15.791ms frontier=  6.551ms semisort=  6.995ms (keyed= 3.324ms group_by=  0.360ms per_group= 1.377ms)
[pe] round=  0 work=  3581512 frontier=  2276926 next=        0 consolidate= 15.780ms frontier=  6.719ms semisort=  6.488ms (keyed= 2.875ms group_by=  0.268ms per_group= 1.387ms)
[pe] round=  0 work=  3581512 frontier=  2276926 next=        0 consolidate= 15.672ms frontier=  6.398ms semisort=  6.669ms (keyed= 3.054ms group_by=  0.252ms per_group= 1.401ms)
[pe-async] round=  0 R=2 dirty=  2276926 runs=  1308494 filter=  0.666ms semisort=  4.153ms
[pe-async] round=  1 R=3 dirty=        0 filter=  0.612ms (clean break)
[pe-async] round=  0 R=2 dirty=  2276926 runs=  1308494 filter=  0.680ms semisort=  3.835ms
[pe-async] round=  1 R=3 dirty=        0 filter=  0.610ms (clean break)
[pe-async] round=  0 R=2 dirty=  2276926 runs=  1308494 filter=  0.733ms semisort=  3.834ms
[pe-async] round=  1 R=3 dirty=        0 filter=  0.633ms (clean break)
[pe-async] round=  0 R=2 dirty=  2276926 runs=  1308494 filter=  0.738ms semisort=  4.036ms
[pe-async] round=  1 R=3 dirty=        0 filter=  0.607ms (clean break)
[pe-async] round=  0 R=2 dirty=  2276926 runs=  1308494 filter=  0.711ms semisort=  4.324ms
[pe-async] round=  1 R=3 dirty=        0 filter=  0.588ms (clean break)
[pe-async] round=  0 R=2 dirty=  2276926 runs=  1308494 filter=  0.750ms semisort=  4.202ms
[pe-async] round=  1 R=3 dirty=        0 filter=  0.614ms (clean break)
