[gates_bench] ./miter-cc-benchmarks/iwls22_with_not/h5m-n01-ands.gates ...
  literals=1083431  NOT=499915  gates=1660156  total_classes=3243502  read=0.020s parse=0.052s build=0.096s
[pe] round=  0 work=  3236167 frontier=  2134283 next=       15 consolidate= 33.795ms frontier= 13.456ms semisort= 14.351ms (keyed= 6.991ms group_by=  1.839ms per_group= 1.998ms)
[pe] round=  1 work=       15 frontier=     2755 next=       12 consolidate=  0.035ms frontier=  0.007ms semisort=  0.748ms (keyed= 0.009ms group_by=  0.626ms per_group= 0.063ms)
[pe] round=  2 work=       12 frontier=     1277 next=        0 consolidate=  0.029ms frontier=  0.005ms semisort=  0.292ms (keyed= 0.005ms group_by=  0.176ms per_group= 0.051ms)
[pe] round=  0 work=  3236167 frontier=  2134283 next=       15 consolidate= 23.172ms frontier=  8.090ms semisort= 11.252ms (keyed= 4.111ms group_by=  0.886ms per_group= 3.317ms)
[pe] round=  1 work=       15 frontier=     2755 next=       12 consolidate=  0.034ms frontier=  0.008ms semisort=  0.348ms (keyed= 0.009ms group_by=  0.256ms per_group= 0.043ms)
[pe] round=  2 work=       12 frontier=     1277 next=        0 consolidate=  0.021ms frontier=  0.004ms semisort=  0.250ms (keyed= 0.004ms group_by=  0.146ms per_group= 0.050ms)
[pe] round=  0 work=  3236167 frontier=  2134283 next=       15 consolidate= 17.712ms frontier=  6.499ms semisort=  6.707ms (keyed= 3.389ms group_by=  0.232ms per_group= 1.300ms)
[pe] round=  1 work=       15 frontier=     2755 next=       12 consolidate=  0.032ms frontier=  0.011ms semisort=  0.379ms (keyed= 0.009ms group_by=  0.249ms per_group= 0.050ms)
[pe] round=  2 work=       12 frontier=     1277 next=        0 consolidate=  0.024ms frontier=  0.004ms semisort=  0.248ms (keyed= 0.004ms group_by=  0.144ms per_group= 0.050ms)
[pe] round=  0 work=  3236167 frontier=  2134283 next=       15 consolidate= 17.191ms frontier=  6.352ms semisort=  6.436ms (keyed= 3.179ms group_by=  0.223ms per_group= 1.275ms)
[pe] round=  1 work=       15 frontier=     2755 next=       12 consolidate=  0.038ms frontier=  0.010ms semisort=  0.449ms (keyed= 0.008ms group_by=  0.339ms per_group= 0.046ms)
[pe] round=  2 work=       12 frontier=     1277 next=        0 consolidate=  0.018ms frontier=  0.004ms semisort=  0.283ms (keyed= 0.003ms group_by=  0.178ms per_group= 0.054ms)
[pe] round=  0 work=  3236167 frontier=  2134283 next=       15 consolidate= 14.557ms frontier=  6.670ms semisort=  5.826ms (keyed= 2.551ms group_by=  0.244ms per_group= 1.271ms)
[pe] round=  1 work=       15 frontier=     2755 next=       12 consolidate=  0.026ms frontier=  0.010ms semisort=  0.456ms (keyed= 0.009ms group_by=  0.324ms per_group= 0.052ms)
[pe] round=  2 work=       12 frontier=     1277 next=        0 consolidate=  0.024ms frontier=  0.004ms semisort=  0.252ms (keyed= 0.004ms group_by=  0.145ms per_group= 0.053ms)
[pe] round=  0 work=  3236167 frontier=  2134283 next=       15 consolidate= 18.178ms frontier=  7.348ms semisort=  5.654ms (keyed= 2.433ms group_by=  0.211ms per_group= 1.244ms)
[pe] round=  1 work=       15 frontier=     2755 next=       12 consolidate=  0.034ms frontier=  0.011ms semisort=  0.438ms (keyed= 0.007ms group_by=  0.307ms per_group= 0.056ms)
[pe] round=  2 work=       12 frontier=     1277 next=        0 consolidate=  0.025ms frontier=  0.003ms semisort=  0.237ms (keyed= 0.003ms group_by=  0.132ms per_group= 0.056ms)
[pe-async] round=  0 R=2 dirty=  2134283 runs=  1173776 filter=  0.579ms semisort=  5.121ms
[pe-async] round=  1 R=3 dirty=     2755 runs=     1357 filter=  0.565ms semisort=  0.218ms
[pe-async] round=  2 R=4 dirty=     1262 runs=     1232 filter=  0.589ms semisort=  0.109ms
[pe-async] round=  3 R=5 dirty=        0 filter=  0.644ms (clean break)
[pe-async] round=  0 R=2 dirty=  2134283 runs=  1173776 filter=  0.715ms semisort=  3.705ms
[pe-async] round=  1 R=3 dirty=     2755 runs=     1357 filter=  0.577ms semisort=  0.270ms
[pe-async] round=  2 R=4 dirty=     1262 runs=     1232 filter=  0.632ms semisort=  0.106ms
[pe-async] round=  3 R=5 dirty=        0 filter=  0.648ms (clean break)
[pe-async] round=  0 R=2 dirty=  2134283 runs=  1173776 filter=  0.634ms semisort=  3.692ms
[pe-async] round=  1 R=3 dirty=     2755 runs=     1357 filter=  0.614ms semisort=  0.244ms
[pe-async] round=  2 R=4 dirty=     1262 runs=     1232 filter=  0.638ms semisort=  0.093ms
[pe-async] round=  3 R=5 dirty=        0 filter=  0.653ms (clean break)
[pe-async] round=  0 R=2 dirty=  2134283 runs=  1173776 filter=  0.654ms semisort=  3.928ms
[pe-async] round=  1 R=3 dirty=     2755 runs=     1357 filter=  0.574ms semisort=  0.199ms
[pe-async] round=  2 R=4 dirty=     1262 runs=     1232 filter=  0.637ms semisort=  0.104ms
[pe-async] round=  3 R=5 dirty=        0 filter=  0.656ms (clean break)
[pe-async] round=  0 R=2 dirty=  2134283 runs=  1173776 filter=  0.676ms semisort=  3.811ms
[pe-async] round=  1 R=3 dirty=     2755 runs=     1357 filter=  0.590ms semisort=  0.204ms
[pe-async] round=  2 R=4 dirty=     1262 runs=     1232 filter=  0.637ms semisort=  0.092ms
[pe-async] round=  3 R=5 dirty=        0 filter=  0.680ms (clean break)
[pe-async] round=  0 R=2 dirty=  2134283 runs=  1173776 filter=  0.659ms semisort=  3.818ms
[pe-async] round=  1 R=3 dirty=     2755 runs=     1357 filter=  0.577ms semisort=  0.248ms
[pe-async] round=  2 R=4 dirty=     1262 runs=     1232 filter=  0.631ms semisort=  0.084ms
[pe-async] round=  3 R=5 dirty=        0 filter=  0.667ms (clean break)
