[synthetic_bench] grid n=175 d=2 classes=122848 merges=175 ...
[pe] round=  0 work=      350 frontier=   122500 next=    61250 consolidate=  0.376ms frontier=  0.204ms semisort= 12.046ms (keyed= 0.000ms group_by=  5.438ms per_group= 3.617ms)
[pe] round=  1 work=    61250 frontier=    61250 next=    28482 consolidate= 11.178ms frontier=  1.689ms semisort=  7.270ms (keyed= 0.000ms group_by=  3.081ms per_group= 1.836ms)
[pe] round=  2 work=    28482 frontier=    28482 next=    16384 consolidate=  5.657ms frontier=  1.122ms semisort=  3.344ms (keyed= 0.000ms group_by=  1.300ms per_group= 0.934ms)
[pe] round=  3 work=    16384 frontier=    16384 next=     8192 consolidate=  3.226ms frontier=  0.826ms semisort=  1.671ms (keyed= 0.000ms group_by=  0.643ms per_group= 0.489ms)
[pe] round=  4 work=     8192 frontier=     8192 next=     4096 consolidate=  1.633ms frontier=  0.377ms semisort=  1.005ms (keyed= 0.000ms group_by=  0.354ms per_group= 0.335ms)
[pe] round=  5 work=     4096 frontier=     4096 next=     2048 consolidate=  0.934ms frontier=  0.269ms semisort=  0.570ms (keyed= 0.000ms group_by=  0.181ms per_group= 0.213ms)
[pe] round=  6 work=     2048 frontier=     2048 next=     1024 consolidate=  0.492ms frontier=  0.123ms semisort=  0.263ms (keyed= 0.000ms group_by=  0.093ms per_group= 0.079ms)
[pe] round=  7 work=     1024 frontier=     1024 next=      512 consolidate=  0.209ms frontier=  0.059ms semisort=  0.196ms (keyed= 0.000ms group_by=  0.107ms per_group= 0.046ms)
[pe] round=  8 work=      512 frontier=      512 next=      256 consolidate=  0.172ms frontier=  0.028ms semisort=  0.067ms (keyed= 0.000ms group_by=  0.027ms per_group= 0.020ms)
[pe] round=  9 work=      256 frontier=      256 next=      128 consolidate=  0.113ms frontier=  0.013ms semisort=  0.035ms (keyed= 0.000ms group_by=  0.014ms per_group= 0.010ms)
[pe] round= 10 work=      128 frontier=      128 next=       64 consolidate=  0.091ms frontier=  0.008ms semisort=  0.022ms (keyed= 0.000ms group_by=  0.010ms per_group= 0.006ms)
[pe] round= 11 work=       64 frontier=       64 next=       32 consolidate=  0.020ms frontier=  0.004ms semisort=  0.011ms (keyed= 0.000ms group_by=  0.005ms per_group= 0.003ms)
[pe] round= 12 work=       32 frontier=       32 next=       16 consolidate=  0.009ms frontier=  0.002ms semisort=  0.007ms (keyed= 0.000ms group_by=  0.003ms per_group= 0.002ms)
[pe] round= 13 work=       16 frontier=       16 next=        8 consolidate=  0.005ms frontier=  0.002ms semisort=  0.005ms (keyed= 0.000ms group_by=  0.002ms per_group= 0.001ms)
[pe] round= 14 work=        8 frontier=        8 next=        4 consolidate=  0.003ms frontier=  0.001ms semisort=  0.004ms (keyed= 0.000ms group_by=  0.002ms per_group= 0.001ms)
[pe] round= 15 work=        4 frontier=        4 next=        2 consolidate=  0.002ms frontier=  0.001ms semisort=  0.003ms (keyed= 0.000ms group_by=  0.002ms per_group= 0.000ms)
[pe] round= 16 work=        2 frontier=        0 next=        0 consolidate=  0.001ms frontier=  0.001ms semisort=  0.000ms (break)
[pe] round=  0 work=      350 frontier=   122500 next=    61250 consolidate=  0.112ms frontier=  0.112ms semisort= 11.136ms (keyed= 0.000ms group_by=  5.212ms per_group= 3.375ms)
[pe] round=  1 work=    61250 frontier=    61250 next=    28482 consolidate= 11.191ms frontier=  2.345ms semisort=  6.371ms (keyed= 0.000ms group_by=  2.618ms per_group= 1.629ms)
[pe] round=  2 work=    28482 frontier=    28482 next=    16384 consolidate=  5.135ms frontier=  1.088ms semisort=  3.192ms (keyed= 0.000ms group_by=  1.255ms per_group= 0.919ms)
[pe] round=  3 work=    16384 frontier=    16384 next=     8192 consolidate=  3.340ms frontier=  0.793ms semisort=  1.862ms (keyed= 0.000ms group_by=  0.655ms per_group= 0.616ms)
[pe] round=  4 work=     8192 frontier=     8192 next=     4096 consolidate=  1.812ms frontier=  0.480ms semisort=  0.934ms (keyed= 0.000ms group_by=  0.357ms per_group= 0.269ms)
[pe] round=  5 work=     4096 frontier=     4096 next=     2048 consolidate=  0.837ms frontier=  0.277ms semisort=  0.629ms (keyed= 0.000ms group_by=  0.306ms per_group= 0.149ms)
[pe] round=  6 work=     2048 frontier=     2048 next=     1024 consolidate=  0.411ms frontier=  0.218ms semisort=  0.454ms (keyed= 0.000ms group_by=  0.215ms per_group= 0.086ms)
[pe] round=  7 work=     1024 frontier=     1024 next=      512 consolidate=  0.220ms frontier=  0.118ms semisort=  0.128ms (keyed= 0.000ms group_by=  0.055ms per_group= 0.036ms)
[pe] round=  8 work=      512 frontier=      512 next=      256 consolidate=  0.128ms frontier=  0.031ms semisort=  0.070ms (keyed= 0.000ms group_by=  0.027ms per_group= 0.020ms)
[pe] round=  9 work=      256 frontier=      256 next=      128 consolidate=  0.051ms frontier=  0.014ms semisort=  0.035ms (keyed= 0.000ms group_by=  0.015ms per_group= 0.010ms)
[pe] round= 10 work=      128 frontier=      128 next=       64 consolidate=  0.029ms frontier=  0.008ms semisort=  0.018ms (keyed= 0.000ms group_by=  0.008ms per_group= 0.006ms)
[pe] round= 11 work=       64 frontier=       64 next=       32 consolidate=  0.020ms frontier=  0.004ms semisort=  0.011ms (keyed= 0.000ms group_by=  0.005ms per_group= 0.003ms)
[pe] round= 12 work=       32 frontier=       32 next=       16 consolidate=  0.010ms frontier=  0.002ms semisort=  0.007ms (keyed= 0.000ms group_by=  0.003ms per_group= 0.002ms)
[pe] round= 13 work=       16 frontier=       16 next=        8 consolidate=  0.005ms frontier=  0.002ms semisort=  0.005ms (keyed= 0.000ms group_by=  0.002ms per_group= 0.001ms)
[pe] round= 14 work=        8 frontier=        8 next=        4 consolidate=  0.003ms frontier=  0.001ms semisort=  0.003ms (keyed= 0.000ms group_by=  0.002ms per_group= 0.001ms)
[pe] round= 15 work=        4 frontier=        4 next=        2 consolidate=  0.002ms frontier=  0.001ms semisort=  0.003ms (keyed= 0.000ms group_by=  0.002ms per_group= 0.000ms)
[pe] round= 16 work=        2 frontier=        0 next=        0 consolidate=  0.001ms frontier=  0.001ms semisort=  0.000ms (break)
[pe] round=  0 work=      350 frontier=   122500 next=    61250 consolidate=  0.108ms frontier=  0.103ms semisort= 11.526ms (keyed= 0.000ms group_by=  5.289ms per_group= 3.465ms)
[pe] round=  1 work=    61250 frontier=    61250 next=    28482 consolidate= 11.211ms frontier=  2.446ms semisort=  6.581ms (keyed= 0.000ms group_by=  2.704ms per_group= 1.735ms)
[pe] round=  2 work=    28482 frontier=    28482 next=    16384 consolidate=  5.378ms frontier=  1.135ms semisort=  3.558ms (keyed= 0.000ms group_by=  1.366ms per_group= 1.046ms)
[pe] round=  3 work=    16384 frontier=    16384 next=     8192 consolidate=  3.340ms frontier=  0.828ms semisort=  1.822ms (keyed= 0.000ms group_by=  0.624ms per_group= 0.529ms)
[pe] round=  4 work=     8192 frontier=     8192 next=     4096 consolidate=  1.720ms frontier=  0.350ms semisort=  0.931ms (keyed= 0.000ms group_by=  0.354ms per_group= 0.272ms)
[pe] round=  5 work=     4096 frontier=     4096 next=     2048 consolidate=  0.821ms frontier=  0.332ms semisort=  0.632ms (keyed= 0.000ms group_by=  0.182ms per_group= 0.214ms)
[pe] round=  6 work=     2048 frontier=     2048 next=     1024 consolidate=  0.416ms frontier=  0.249ms semisort=  0.326ms (keyed= 0.000ms group_by=  0.092ms per_group= 0.142ms)
[pe] round=  7 work=     1024 frontier=     1024 next=      512 consolidate=  0.285ms frontier=  0.120ms semisort=  0.142ms (keyed= 0.000ms group_by=  0.045ms per_group= 0.052ms)
[pe] round=  8 work=      512 frontier=      512 next=      256 consolidate=  0.107ms frontier=  0.029ms semisort=  0.124ms (keyed= 0.000ms group_by=  0.085ms per_group= 0.021ms)
[pe] round=  9 work=      256 frontier=      256 next=      128 consolidate=  0.056ms frontier=  0.013ms semisort=  0.034ms (keyed= 0.000ms group_by=  0.014ms per_group= 0.010ms)
[pe] round= 10 work=      128 frontier=      128 next=       64 consolidate=  0.028ms frontier=  0.008ms semisort=  0.019ms (keyed= 0.000ms group_by=  0.008ms per_group= 0.006ms)
[pe] round= 11 work=       64 frontier=       64 next=       32 consolidate=  0.020ms frontier=  0.004ms semisort=  0.011ms (keyed= 0.000ms group_by=  0.005ms per_group= 0.003ms)
[pe] round= 12 work=       32 frontier=       32 next=       16 consolidate=  0.010ms frontier=  0.002ms semisort=  0.008ms (keyed= 0.000ms group_by=  0.004ms per_group= 0.002ms)
[pe] round= 13 work=       16 frontier=       16 next=        8 consolidate=  0.005ms frontier=  0.002ms semisort=  0.005ms (keyed= 0.000ms group_by=  0.002ms per_group= 0.001ms)
[pe] round= 14 work=        8 frontier=        8 next=        4 consolidate=  0.003ms frontier=  0.001ms semisort=  0.003ms (keyed= 0.000ms group_by=  0.002ms per_group= 0.001ms)
[pe] round= 15 work=        4 frontier=        4 next=        2 consolidate=  0.002ms frontier=  0.001ms semisort=  0.003ms (keyed= 0.000ms group_by=  0.002ms per_group= 0.000ms)
[pe] round= 16 work=        2 frontier=        0 next=        0 consolidate=  0.001ms frontier=  0.001ms semisort=  0.000ms (break)
[pe] round=  0 work=      350 frontier=   122500 next=    61250 consolidate=  0.102ms frontier=  0.104ms semisort= 11.570ms (keyed= 0.000ms group_by=  5.095ms per_group= 3.564ms)
[pe] round=  1 work=    61250 frontier=    61250 next=    28482 consolidate= 11.390ms frontier=  2.191ms semisort=  6.600ms (keyed= 0.000ms group_by=  2.719ms per_group= 1.660ms)
[pe] round=  2 work=    28482 frontier=    28482 next=    16384 consolidate=  5.320ms frontier=  1.262ms semisort=  3.281ms (keyed= 0.000ms group_by=  1.272ms per_group= 0.922ms)
[pe] round=  3 work=    16384 frontier=    16384 next=     8192 consolidate=  3.465ms frontier=  0.706ms semisort=  1.783ms (keyed= 0.000ms group_by=  0.655ms per_group= 0.478ms)
[pe] round=  4 work=     8192 frontier=     8192 next=     4096 consolidate=  1.738ms frontier=  0.473ms semisort=  1.050ms (keyed= 0.000ms group_by=  0.466ms per_group= 0.271ms)
[pe] round=  5 work=     4096 frontier=     4096 next=     2048 consolidate=  0.893ms frontier=  0.262ms semisort=  0.505ms (keyed= 0.000ms group_by=  0.180ms per_group= 0.159ms)
[pe] round=  6 work=     2048 frontier=     2048 next=     1024 consolidate=  0.470ms frontier=  0.186ms semisort=  0.321ms (keyed= 0.000ms group_by=  0.144ms per_group= 0.084ms)
[pe] round=  7 work=     1024 frontier=     1024 next=      512 consolidate=  0.281ms frontier=  0.121ms semisort=  0.203ms (keyed= 0.000ms group_by=  0.105ms per_group= 0.053ms)
[pe] round=  8 work=      512 frontier=      512 next=      256 consolidate=  0.109ms frontier=  0.029ms semisort=  0.194ms (keyed= 0.000ms group_by=  0.086ms per_group= 0.088ms)
[pe] round=  9 work=      256 frontier=      256 next=      128 consolidate=  0.128ms frontier=  0.013ms semisort=  0.034ms (keyed= 0.000ms group_by=  0.014ms per_group= 0.011ms)
[pe] round= 10 work=      128 frontier=      128 next=       64 consolidate=  0.028ms frontier=  0.008ms semisort=  0.019ms (keyed= 0.000ms group_by=  0.008ms per_group= 0.006ms)
[pe] round= 11 work=       64 frontier=       64 next=       32 consolidate=  0.020ms frontier=  0.004ms semisort=  0.011ms (keyed= 0.000ms group_by=  0.005ms per_group= 0.003ms)
[pe] round= 12 work=       32 frontier=       32 next=       16 consolidate=  0.010ms frontier=  0.002ms semisort=  0.007ms (keyed= 0.000ms group_by=  0.003ms per_group= 0.002ms)
[pe] round= 13 work=       16 frontier=       16 next=        8 consolidate=  0.005ms frontier=  0.002ms semisort=  0.005ms (keyed= 0.000ms group_by=  0.002ms per_group= 0.001ms)
[pe] round= 14 work=        8 frontier=        8 next=        4 consolidate=  0.003ms frontier=  0.001ms semisort=  0.003ms (keyed= 0.000ms group_by=  0.002ms per_group= 0.001ms)
[pe] round= 15 work=        4 frontier=        4 next=        2 consolidate=  0.002ms frontier=  0.001ms semisort=  0.003ms (keyed= 0.000ms group_by=  0.002ms per_group= 0.000ms)
[pe] round= 16 work=        2 frontier=        0 next=        0 consolidate=  0.001ms frontier=  0.001ms semisort=  0.000ms (break)
[pe] round=  0 work=      350 frontier=   122500 next=    61250 consolidate=  0.102ms frontier=  0.164ms semisort= 11.278ms (keyed= 0.000ms group_by=  5.186ms per_group= 3.461ms)
[pe] round=  1 work=    61250 frontier=    61250 next=    28482 consolidate= 11.378ms frontier=  2.353ms semisort=  6.380ms (keyed= 0.000ms group_by=  2.692ms per_group= 1.679ms)
[pe] round=  2 work=    28482 frontier=    28482 next=    16384 consolidate=  5.408ms frontier=  1.260ms semisort=  3.339ms (keyed= 0.000ms group_by=  1.247ms per_group= 0.924ms)
[pe] round=  3 work=    16384 frontier=    16384 next=     8192 consolidate=  3.323ms frontier=  0.748ms semisort=  1.781ms (keyed= 0.000ms group_by=  0.734ms per_group= 0.497ms)
[pe] round=  4 work=     8192 frontier=     8192 next=     4096 consolidate=  1.641ms frontier=  0.543ms semisort=  1.106ms (keyed= 0.000ms group_by=  0.426ms per_group= 0.378ms)
[pe] round=  5 work=     4096 frontier=     4096 next=     2048 consolidate=  0.976ms frontier=  0.261ms semisort=  0.504ms (keyed= 0.000ms group_by=  0.174ms per_group= 0.153ms)
[pe] round=  6 work=     2048 frontier=     2048 next=     1024 consolidate=  0.516ms frontier=  0.188ms semisort=  0.383ms (keyed= 0.000ms group_by=  0.092ms per_group= 0.139ms)
[pe] round=  7 work=     1024 frontier=     1024 next=      512 consolidate=  0.218ms frontier=  0.121ms semisort=  0.137ms (keyed= 0.000ms group_by=  0.060ms per_group= 0.036ms)
[pe] round=  8 work=      512 frontier=      512 next=      256 consolidate=  0.105ms frontier=  0.030ms semisort=  0.069ms (keyed= 0.000ms group_by=  0.031ms per_group= 0.019ms)
[pe] round=  9 work=      256 frontier=      256 next=      128 consolidate=  0.051ms frontier=  0.014ms semisort=  0.033ms (keyed= 0.000ms group_by=  0.013ms per_group= 0.010ms)
[pe] round= 10 work=      128 frontier=      128 next=       64 consolidate=  0.028ms frontier=  0.008ms semisort=  0.018ms (keyed= 0.000ms group_by=  0.008ms per_group= 0.005ms)
[pe] round= 11 work=       64 frontier=       64 next=       32 consolidate=  0.020ms frontier=  0.004ms semisort=  0.011ms (keyed= 0.000ms group_by=  0.005ms per_group= 0.003ms)
[pe] round= 12 work=       32 frontier=       32 next=       16 consolidate=  0.010ms frontier=  0.002ms semisort=  0.007ms (keyed= 0.000ms group_by=  0.003ms per_group= 0.002ms)
[pe] round= 13 work=       16 frontier=       16 next=        8 consolidate=  0.005ms frontier=  0.002ms semisort=  0.005ms (keyed= 0.000ms group_by=  0.002ms per_group= 0.001ms)
[pe] round= 14 work=        8 frontier=        8 next=        4 consolidate=  0.003ms frontier=  0.001ms semisort=  0.003ms (keyed= 0.000ms group_by=  0.002ms per_group= 0.001ms)
[pe] round= 15 work=        4 frontier=        4 next=        2 consolidate=  0.002ms frontier=  0.001ms semisort=  0.003ms (keyed= 0.000ms group_by=  0.002ms per_group= 0.000ms)
[pe] round= 16 work=        2 frontier=        0 next=        0 consolidate=  0.001ms frontier=  0.001ms semisort=  0.000ms (break)
[pe] round=  0 work=      350 frontier=   122500 next=    61250 consolidate=  0.102ms frontier=  0.080ms semisort= 11.367ms (keyed= 0.000ms group_by=  5.238ms per_group= 3.469ms)
[pe] round=  1 work=    61250 frontier=    61250 next=    28482 consolidate= 11.302ms frontier=  2.318ms semisort=  6.603ms (keyed= 0.000ms group_by=  2.696ms per_group= 1.735ms)
[pe] round=  2 work=    28482 frontier=    28482 next=    16384 consolidate=  5.301ms frontier=  1.182ms semisort=  3.395ms (keyed= 0.000ms group_by=  1.254ms per_group= 1.053ms)
[pe] round=  3 work=    16384 frontier=    16384 next=     8192 consolidate=  3.425ms frontier=  0.708ms semisort=  1.905ms (keyed= 0.000ms group_by=  0.722ms per_group= 0.531ms)
[pe] round=  4 work=     8192 frontier=     8192 next=     4096 consolidate=  1.667ms frontier=  0.355ms semisort=  0.933ms (keyed= 0.000ms group_by=  0.340ms per_group= 0.274ms)
[pe] round=  5 work=     4096 frontier=     4096 next=     2048 consolidate=  0.931ms frontier=  0.300ms semisort=  0.507ms (keyed= 0.000ms group_by=  0.177ms per_group= 0.154ms)
[pe] round=  6 work=     2048 frontier=     2048 next=     1024 consolidate=  0.406ms frontier=  0.103ms semisort=  0.335ms (keyed= 0.000ms group_by=  0.089ms per_group= 0.093ms)
[pe] round=  7 work=     1024 frontier=     1024 next=      512 consolidate=  0.400ms frontier=  0.121ms semisort=  0.129ms (keyed= 0.000ms group_by=  0.057ms per_group= 0.035ms)
[pe] round=  8 work=      512 frontier=      512 next=      256 consolidate=  0.165ms frontier=  0.030ms semisort=  0.069ms (keyed= 0.000ms group_by=  0.027ms per_group= 0.020ms)
[pe] round=  9 work=      256 frontier=      256 next=      128 consolidate=  0.050ms frontier=  0.014ms semisort=  0.034ms (keyed= 0.000ms group_by=  0.014ms per_group= 0.010ms)
[pe] round= 10 work=      128 frontier=      128 next=       64 consolidate=  0.028ms frontier=  0.008ms semisort=  0.019ms (keyed= 0.000ms group_by=  0.008ms per_group= 0.005ms)
[pe] round= 11 work=       64 frontier=       64 next=       32 consolidate=  0.019ms frontier=  0.004ms semisort=  0.011ms (keyed= 0.000ms group_by=  0.005ms per_group= 0.003ms)
[pe] round= 12 work=       32 frontier=       32 next=       16 consolidate=  0.010ms frontier=  0.002ms semisort=  0.007ms (keyed= 0.000ms group_by=  0.003ms per_group= 0.002ms)
[pe] round= 13 work=       16 frontier=       16 next=        8 consolidate=  0.005ms frontier=  0.002ms semisort=  0.005ms (keyed= 0.000ms group_by=  0.002ms per_group= 0.001ms)
[pe] round= 14 work=        8 frontier=        8 next=        4 consolidate=  0.003ms frontier=  0.001ms semisort=  0.003ms (keyed= 0.000ms group_by=  0.002ms per_group= 0.001ms)
[pe] round= 15 work=        4 frontier=        4 next=        2 consolidate=  0.002ms frontier=  0.001ms semisort=  0.003ms (keyed= 0.000ms group_by=  0.002ms per_group= 0.000ms)
[pe] round= 16 work=        2 frontier=        0 next=        0 consolidate=  0.001ms frontier=  0.001ms semisort=  0.000ms (break)
