[synthetic_bench] grid n=170 d=2 classes=115938 merges=170 ...
[pe] round=  0 work=      340 frontier=   115600 next=    57800 consolidate=  0.682ms frontier=  0.109ms semisort=  5.897ms (keyed= 0.000ms group_by=  3.772ms per_group= 0.390ms)
[pe] round=  1 work=    57800 frontier=    57800 next=    25032 consolidate=  0.816ms frontier=  0.453ms semisort=  2.694ms (keyed= 0.000ms group_by=  2.109ms per_group= 0.252ms)
[pe] round=  2 work=    25032 frontier=    25032 next=    16384 consolidate=  0.579ms frontier=  0.177ms semisort=  1.081ms (keyed= 0.000ms group_by=  0.767ms per_group= 0.161ms)
[pe] round=  3 work=    16384 frontier=    16384 next=     8192 consolidate=  0.668ms frontier=  0.155ms semisort=  0.801ms (keyed= 0.000ms group_by=  0.601ms per_group= 0.081ms)
[pe] round=  4 work=     8192 frontier=     8192 next=     4096 consolidate=  0.456ms frontier=  0.234ms semisort=  0.609ms (keyed= 0.000ms group_by=  0.356ms per_group= 0.110ms)
[pe] round=  5 work=     4096 frontier=     4096 next=     2048 consolidate=  0.349ms frontier=  0.112ms semisort=  0.388ms (keyed= 0.000ms group_by=  0.238ms per_group= 0.059ms)
[pe] round=  6 work=     2048 frontier=     2048 next=     1024 consolidate=  0.127ms frontier=  0.065ms semisort=  0.266ms (keyed= 0.000ms group_by=  0.165ms per_group= 0.038ms)
[pe] round=  7 work=     1024 frontier=     1024 next=      512 consolidate=  0.102ms frontier=  0.048ms semisort=  0.108ms (keyed= 0.000ms group_by=  0.048ms per_group= 0.025ms)
[pe] round=  8 work=      512 frontier=      512 next=      256 consolidate=  0.049ms frontier=  0.034ms semisort=  0.072ms (keyed= 0.000ms group_by=  0.029ms per_group= 0.017ms)
[pe] round=  9 work=      256 frontier=      256 next=      128 consolidate=  0.032ms frontier=  0.021ms semisort=  0.052ms (keyed= 0.000ms group_by=  0.022ms per_group= 0.013ms)
[pe] round= 10 work=      128 frontier=      128 next=       64 consolidate=  0.022ms frontier=  0.010ms semisort=  0.022ms (keyed= 0.000ms group_by=  0.009ms per_group= 0.007ms)
[pe] round= 11 work=       64 frontier=       64 next=       32 consolidate=  0.014ms frontier=  0.007ms semisort=  0.016ms (keyed= 0.000ms group_by=  0.007ms per_group= 0.005ms)
[pe] round= 12 work=       32 frontier=       32 next=       16 consolidate=  0.012ms frontier=  0.004ms semisort=  0.010ms (keyed= 0.000ms group_by=  0.005ms per_group= 0.002ms)
[pe] round= 13 work=       16 frontier=       16 next=        8 consolidate=  0.008ms frontier=  0.003ms semisort=  0.006ms (keyed= 0.000ms group_by=  0.003ms per_group= 0.001ms)
[pe] round= 14 work=        8 frontier=        8 next=        4 consolidate=  0.004ms frontier=  0.001ms semisort=  0.004ms (keyed= 0.000ms group_by=  0.002ms per_group= 0.001ms)
[pe] round= 15 work=        4 frontier=        4 next=        2 consolidate=  0.002ms frontier=  0.001ms semisort=  0.003ms (keyed= 0.000ms group_by=  0.002ms per_group= 0.000ms)
[pe] round= 16 work=        2 frontier=        0 next=        0 consolidate=  0.001ms frontier=  0.001ms semisort=  0.000ms (break)
[pe] round=  0 work=      340 frontier=   115600 next=    57800 consolidate=  0.043ms frontier=  0.042ms semisort=  4.299ms (keyed= 0.000ms group_by=  3.576ms per_group= 0.265ms)
[pe] round=  1 work=    57800 frontier=    57800 next=    25032 consolidate=  0.715ms frontier=  0.279ms semisort=  2.113ms (keyed= 0.000ms group_by=  1.697ms per_group= 0.167ms)
[pe] round=  2 work=    25032 frontier=    25032 next=    16384 consolidate=  0.408ms frontier=  0.181ms semisort=  1.050ms (keyed= 0.000ms group_by=  0.777ms per_group= 0.112ms)
[pe] round=  3 work=    16384 frontier=    16384 next=     8192 consolidate=  0.671ms frontier=  0.160ms semisort=  0.805ms (keyed= 0.000ms group_by=  0.616ms per_group= 0.073ms)
[pe] round=  4 work=     8192 frontier=     8192 next=     4096 consolidate=  0.551ms frontier=  0.200ms semisort=  0.612ms (keyed= 0.000ms group_by=  0.419ms per_group= 0.050ms)
[pe] round=  5 work=     4096 frontier=     4096 next=     2048 consolidate=  0.358ms frontier=  0.115ms semisort=  0.356ms (keyed= 0.000ms group_by=  0.215ms per_group= 0.044ms)
[pe] round=  6 work=     2048 frontier=     2048 next=     1024 consolidate=  0.118ms frontier=  0.070ms semisort=  0.285ms (keyed= 0.000ms group_by=  0.191ms per_group= 0.033ms)
[pe] round=  7 work=     1024 frontier=     1024 next=      512 consolidate=  0.110ms frontier=  0.047ms semisort=  0.101ms (keyed= 0.000ms group_by=  0.048ms per_group= 0.019ms)
[pe] round=  8 work=      512 frontier=      512 next=      256 consolidate=  0.047ms frontier=  0.033ms semisort=  0.074ms (keyed= 0.000ms group_by=  0.032ms per_group= 0.016ms)
[pe] round=  9 work=      256 frontier=      256 next=      128 consolidate=  0.032ms frontier=  0.023ms semisort=  0.049ms (keyed= 0.000ms group_by=  0.019ms per_group= 0.012ms)
[pe] round= 10 work=      128 frontier=      128 next=       64 consolidate=  0.022ms frontier=  0.013ms semisort=  0.031ms (keyed= 0.000ms group_by=  0.012ms per_group= 0.009ms)
[pe] round= 11 work=       64 frontier=       64 next=       32 consolidate=  0.015ms frontier=  0.007ms semisort=  0.016ms (keyed= 0.000ms group_by=  0.007ms per_group= 0.005ms)
[pe] round= 12 work=       32 frontier=       32 next=       16 consolidate=  0.011ms frontier=  0.005ms semisort=  0.010ms (keyed= 0.000ms group_by=  0.005ms per_group= 0.003ms)
[pe] round= 13 work=       16 frontier=       16 next=        8 consolidate=  0.008ms frontier=  0.003ms semisort=  0.007ms (keyed= 0.000ms group_by=  0.003ms per_group= 0.002ms)
[pe] round= 14 work=        8 frontier=        8 next=        4 consolidate=  0.004ms frontier=  0.001ms semisort=  0.004ms (keyed= 0.000ms group_by=  0.002ms per_group= 0.001ms)
[pe] round= 15 work=        4 frontier=        4 next=        2 consolidate=  0.002ms frontier=  0.001ms semisort=  0.003ms (keyed= 0.000ms group_by=  0.002ms per_group= 0.000ms)
[pe] round= 16 work=        2 frontier=        0 next=        0 consolidate=  0.001ms frontier=  0.001ms semisort=  0.000ms (break)
[pe] round=  0 work=      340 frontier=   115600 next=    57800 consolidate=  0.041ms frontier=  0.037ms semisort=  4.142ms (keyed= 0.000ms group_by=  3.570ms per_group= 0.261ms)
[pe] round=  1 work=    57800 frontier=    57800 next=    25032 consolidate=  0.745ms frontier=  0.277ms semisort=  2.063ms (keyed= 0.000ms group_by=  1.679ms per_group= 0.152ms)
[pe] round=  2 work=    25032 frontier=    25032 next=    16384 consolidate=  0.430ms frontier=  0.189ms semisort=  1.038ms (keyed= 0.000ms group_by=  0.772ms per_group= 0.115ms)
[pe] round=  3 work=    16384 frontier=    16384 next=     8192 consolidate=  0.667ms frontier=  0.165ms semisort=  0.856ms (keyed= 0.000ms group_by=  0.656ms per_group= 0.085ms)
[pe] round=  4 work=     8192 frontier=     8192 next=     4096 consolidate=  0.454ms frontier=  0.200ms semisort=  0.626ms (keyed= 0.000ms group_by=  0.415ms per_group= 0.073ms)
[pe] round=  5 work=     4096 frontier=     4096 next=     2048 consolidate=  0.224ms frontier=  0.104ms semisort=  0.283ms (keyed= 0.000ms group_by=  0.157ms per_group= 0.036ms)
[pe] round=  6 work=     2048 frontier=     2048 next=     1024 consolidate=  0.107ms frontier=  0.064ms semisort=  0.272ms (keyed= 0.000ms group_by=  0.189ms per_group= 0.025ms)
[pe] round=  7 work=     1024 frontier=     1024 next=      512 consolidate=  0.103ms frontier=  0.047ms semisort=  0.107ms (keyed= 0.000ms group_by=  0.046ms per_group= 0.023ms)
[pe] round=  8 work=      512 frontier=      512 next=      256 consolidate=  0.048ms frontier=  0.032ms semisort=  0.070ms (keyed= 0.000ms group_by=  0.030ms per_group= 0.014ms)
[pe] round=  9 work=      256 frontier=      256 next=      128 consolidate=  0.033ms frontier=  0.022ms semisort=  0.054ms (keyed= 0.000ms group_by=  0.021ms per_group= 0.015ms)
[pe] round= 10 work=      128 frontier=      128 next=       64 consolidate=  0.022ms frontier=  0.013ms semisort=  0.030ms (keyed= 0.000ms group_by=  0.011ms per_group= 0.009ms)
[pe] round= 11 work=       64 frontier=       64 next=       32 consolidate=  0.015ms frontier=  0.008ms semisort=  0.015ms (keyed= 0.000ms group_by=  0.007ms per_group= 0.004ms)
[pe] round= 12 work=       32 frontier=       32 next=       16 consolidate=  0.012ms frontier=  0.005ms semisort=  0.010ms (keyed= 0.000ms group_by=  0.005ms per_group= 0.003ms)
[pe] round= 13 work=       16 frontier=       16 next=        8 consolidate=  0.008ms frontier=  0.003ms semisort=  0.006ms (keyed= 0.000ms group_by=  0.003ms per_group= 0.002ms)
[pe] round= 14 work=        8 frontier=        8 next=        4 consolidate=  0.004ms frontier=  0.001ms semisort=  0.004ms (keyed= 0.000ms group_by=  0.002ms per_group= 0.001ms)
[pe] round= 15 work=        4 frontier=        4 next=        2 consolidate=  0.002ms frontier=  0.001ms semisort=  0.003ms (keyed= 0.000ms group_by=  0.002ms per_group= 0.000ms)
[pe] round= 16 work=        2 frontier=        0 next=        0 consolidate=  0.001ms frontier=  0.001ms semisort=  0.000ms (break)
[pe] round=  0 work=      340 frontier=   115600 next=    57800 consolidate=  0.040ms frontier=  0.039ms semisort=  4.074ms (keyed= 0.000ms group_by=  3.534ms per_group= 0.246ms)
[pe] round=  1 work=    57800 frontier=    57800 next=    25032 consolidate=  0.816ms frontier=  0.236ms semisort=  1.972ms (keyed= 0.000ms group_by=  1.569ms per_group= 0.156ms)
[pe] round=  2 work=    25032 frontier=    25032 next=    16384 consolidate=  0.410ms frontier=  0.172ms semisort=  0.929ms (keyed= 0.000ms group_by=  0.666ms per_group= 0.117ms)
[pe] round=  3 work=    16384 frontier=    16384 next=     8192 consolidate=  0.622ms frontier=  0.147ms semisort=  0.849ms (keyed= 0.000ms group_by=  0.650ms per_group= 0.081ms)
[pe] round=  4 work=     8192 frontier=     8192 next=     4096 consolidate=  0.403ms frontier=  0.194ms semisort=  0.538ms (keyed= 0.000ms group_by=  0.364ms per_group= 0.049ms)
[pe] round=  5 work=     4096 frontier=     4096 next=     2048 consolidate=  0.228ms frontier=  0.093ms semisort=  0.270ms (keyed= 0.000ms group_by=  0.155ms per_group= 0.032ms)
[pe] round=  6 work=     2048 frontier=     2048 next=     1024 consolidate=  0.100ms frontier=  0.062ms semisort=  0.284ms (keyed= 0.000ms group_by=  0.189ms per_group= 0.036ms)
[pe] round=  7 work=     1024 frontier=     1024 next=      512 consolidate=  0.092ms frontier=  0.051ms semisort=  0.104ms (keyed= 0.000ms group_by=  0.050ms per_group= 0.019ms)
[pe] round=  8 work=      512 frontier=      512 next=      256 consolidate=  0.043ms frontier=  0.034ms semisort=  0.075ms (keyed= 0.000ms group_by=  0.030ms per_group= 0.016ms)
[pe] round=  9 work=      256 frontier=      256 next=      128 consolidate=  0.028ms frontier=  0.022ms semisort=  0.055ms (keyed= 0.000ms group_by=  0.025ms per_group= 0.012ms)
[pe] round= 10 work=      128 frontier=      128 next=       64 consolidate=  0.024ms frontier=  0.013ms semisort=  0.027ms (keyed= 0.000ms group_by=  0.011ms per_group= 0.009ms)
[pe] round= 11 work=       64 frontier=       64 next=       32 consolidate=  0.015ms frontier=  0.007ms semisort=  0.015ms (keyed= 0.000ms group_by=  0.007ms per_group= 0.004ms)
[pe] round= 12 work=       32 frontier=       32 next=       16 consolidate=  0.012ms frontier=  0.004ms semisort=  0.009ms (keyed= 0.000ms group_by=  0.004ms per_group= 0.003ms)
[pe] round= 13 work=       16 frontier=       16 next=        8 consolidate=  0.008ms frontier=  0.003ms semisort=  0.007ms (keyed= 0.000ms group_by=  0.003ms per_group= 0.002ms)
[pe] round= 14 work=        8 frontier=        8 next=        4 consolidate=  0.005ms frontier=  0.001ms semisort=  0.005ms (keyed= 0.000ms group_by=  0.003ms per_group= 0.001ms)
[pe] round= 15 work=        4 frontier=        4 next=        2 consolidate=  0.003ms frontier=  0.001ms semisort=  0.004ms (keyed= 0.000ms group_by=  0.002ms per_group= 0.000ms)
[pe] round= 16 work=        2 frontier=        0 next=        0 consolidate=  0.002ms frontier=  0.001ms semisort=  0.000ms (break)
[pe] round=  0 work=      340 frontier=   115600 next=    57800 consolidate=  0.046ms frontier=  0.033ms semisort=  4.169ms (keyed= 0.000ms group_by=  3.623ms per_group= 0.256ms)
[pe] round=  1 work=    57800 frontier=    57800 next=    25032 consolidate=  0.770ms frontier=  0.251ms semisort=  2.099ms (keyed= 0.000ms group_by=  1.709ms per_group= 0.154ms)
[pe] round=  2 work=    25032 frontier=    25032 next=    16384 consolidate=  0.437ms frontier=  0.174ms semisort=  1.049ms (keyed= 0.000ms group_by=  0.776ms per_group= 0.115ms)
[pe] round=  3 work=    16384 frontier=    16384 next=     8192 consolidate=  0.693ms frontier=  0.158ms semisort=  0.810ms (keyed= 0.000ms group_by=  0.610ms per_group= 0.083ms)
[pe] round=  4 work=     8192 frontier=     8192 next=     4096 consolidate=  0.443ms frontier=  0.200ms semisort=  0.604ms (keyed= 0.000ms group_by=  0.405ms per_group= 0.057ms)
[pe] round=  5 work=     4096 frontier=     4096 next=     2048 consolidate=  0.351ms frontier=  0.106ms semisort=  0.333ms (keyed= 0.000ms group_by=  0.199ms per_group= 0.044ms)
[pe] round=  6 work=     2048 frontier=     2048 next=     1024 consolidate=  0.122ms frontier=  0.067ms semisort=  0.302ms (keyed= 0.000ms group_by=  0.212ms per_group= 0.030ms)
[pe] round=  7 work=     1024 frontier=     1024 next=      512 consolidate=  0.089ms frontier=  0.046ms semisort=  0.107ms (keyed= 0.000ms group_by=  0.046ms per_group= 0.021ms)
[pe] round=  8 work=      512 frontier=      512 next=      256 consolidate=  0.050ms frontier=  0.034ms semisort=  0.073ms (keyed= 0.000ms group_by=  0.030ms per_group= 0.017ms)
[pe] round=  9 work=      256 frontier=      256 next=      128 consolidate=  0.031ms frontier=  0.022ms semisort=  0.050ms (keyed= 0.000ms group_by=  0.019ms per_group= 0.013ms)
[pe] round= 10 work=      128 frontier=      128 next=       64 consolidate=  0.022ms frontier=  0.014ms semisort=  0.030ms (keyed= 0.000ms group_by=  0.011ms per_group= 0.009ms)
[pe] round= 11 work=       64 frontier=       64 next=       32 consolidate=  0.015ms frontier=  0.008ms semisort=  0.013ms (keyed= 0.000ms group_by=  0.006ms per_group= 0.003ms)
[pe] round= 12 work=       32 frontier=       32 next=       16 consolidate=  0.010ms frontier=  0.004ms semisort=  0.008ms (keyed= 0.000ms group_by=  0.004ms per_group= 0.002ms)
[pe] round= 13 work=       16 frontier=       16 next=        8 consolidate=  0.007ms frontier=  0.002ms semisort=  0.005ms (keyed= 0.000ms group_by=  0.002ms per_group= 0.001ms)
[pe] round= 14 work=        8 frontier=        8 next=        4 consolidate=  0.005ms frontier=  0.001ms semisort=  0.005ms (keyed= 0.000ms group_by=  0.003ms per_group= 0.001ms)
[pe] round= 15 work=        4 frontier=        4 next=        2 consolidate=  0.003ms frontier=  0.001ms semisort=  0.004ms (keyed= 0.000ms group_by=  0.002ms per_group= 0.001ms)
[pe] round= 16 work=        2 frontier=        0 next=        0 consolidate=  0.001ms frontier=  0.001ms semisort=  0.000ms (break)
[pe] round=  0 work=      340 frontier=   115600 next=    57800 consolidate=  0.043ms frontier=  0.033ms semisort=  4.227ms (keyed= 0.000ms group_by=  3.649ms per_group= 0.261ms)
[pe] round=  1 work=    57800 frontier=    57800 next=    25032 consolidate=  0.761ms frontier=  0.254ms semisort=  2.121ms (keyed= 0.000ms group_by=  1.718ms per_group= 0.163ms)
[pe] round=  2 work=    25032 frontier=    25032 next=    16384 consolidate=  0.413ms frontier=  0.184ms semisort=  1.050ms (keyed= 0.000ms group_by=  0.773ms per_group= 0.120ms)
[pe] round=  3 work=    16384 frontier=    16384 next=     8192 consolidate=  0.754ms frontier=  0.156ms semisort=  0.710ms (keyed= 0.000ms group_by=  0.515ms per_group= 0.082ms)
[pe] round=  4 work=     8192 frontier=     8192 next=     4096 consolidate=  0.461ms frontier=  0.192ms semisort=  0.625ms (keyed= 0.000ms group_by=  0.407ms per_group= 0.073ms)
[pe] round=  5 work=     4096 frontier=     4096 next=     2048 consolidate=  0.351ms frontier=  0.107ms semisort=  0.434ms (keyed= 0.000ms group_by=  0.295ms per_group= 0.045ms)
[pe] round=  6 work=     2048 frontier=     2048 next=     1024 consolidate=  0.109ms frontier=  0.063ms semisort=  0.283ms (keyed= 0.000ms group_by=  0.189ms per_group= 0.035ms)
[pe] round=  7 work=     1024 frontier=     1024 next=      512 consolidate=  0.103ms frontier=  0.047ms semisort=  0.108ms (keyed= 0.000ms group_by=  0.049ms per_group= 0.022ms)
[pe] round=  8 work=      512 frontier=      512 next=      256 consolidate=  0.050ms frontier=  0.034ms semisort=  0.076ms (keyed= 0.000ms group_by=  0.029ms per_group= 0.017ms)
[pe] round=  9 work=      256 frontier=      256 next=      128 consolidate=  0.037ms frontier=  0.022ms semisort=  0.054ms (keyed= 0.000ms group_by=  0.020ms per_group= 0.013ms)
[pe] round= 10 work=      128 frontier=      128 next=       64 consolidate=  0.022ms frontier=  0.013ms semisort=  0.031ms (keyed= 0.000ms group_by=  0.011ms per_group= 0.009ms)
[pe] round= 11 work=       64 frontier=       64 next=       32 consolidate=  0.014ms frontier=  0.006ms semisort=  0.012ms (keyed= 0.000ms group_by=  0.005ms per_group= 0.003ms)
[pe] round= 12 work=       32 frontier=       32 next=       16 consolidate=  0.011ms frontier=  0.003ms semisort=  0.009ms (keyed= 0.000ms group_by=  0.004ms per_group= 0.002ms)
[pe] round= 13 work=       16 frontier=       16 next=        8 consolidate=  0.008ms frontier=  0.003ms semisort=  0.007ms (keyed= 0.000ms group_by=  0.003ms per_group= 0.002ms)
[pe] round= 14 work=        8 frontier=        8 next=        4 consolidate=  0.005ms frontier=  0.001ms semisort=  0.005ms (keyed= 0.000ms group_by=  0.003ms per_group= 0.001ms)
[pe] round= 15 work=        4 frontier=        4 next=        2 consolidate=  0.003ms frontier=  0.001ms semisort=  0.004ms (keyed= 0.000ms group_by=  0.002ms per_group= 0.000ms)
[pe] round= 16 work=        2 frontier=        0 next=        0 consolidate=  0.002ms frontier=  0.001ms semisort=  0.000ms (break)
