[synthetic_bench] grid n=165 d=2 classes=109228 merges=165 ...
[pe] round=  0 work=      330 frontier=   108900 next=    54450 consolidate=  0.227ms frontier=  0.323ms semisort=  8.179ms (keyed= 0.000ms group_by=  4.083ms per_group= 2.177ms)
[pe] round=  1 work=    54450 frontier=    54450 next=    21682 consolidate=  6.573ms frontier=  1.400ms semisort=  5.031ms (keyed= 0.000ms group_by=  2.443ms per_group= 1.147ms)
[pe] round=  2 work=    21682 frontier=    21682 next=    16384 consolidate=  3.125ms frontier=  0.689ms semisort=  2.158ms (keyed= 0.000ms group_by=  0.805ms per_group= 0.606ms)
[pe] round=  3 work=    16384 frontier=    16384 next=     8192 consolidate=  2.591ms frontier=  0.697ms semisort=  1.498ms (keyed= 0.000ms group_by=  0.577ms per_group= 0.348ms)
[pe] round=  4 work=     8192 frontier=     8192 next=     4096 consolidate=  1.445ms frontier=  0.464ms semisort=  0.779ms (keyed= 0.000ms group_by=  0.318ms per_group= 0.195ms)
[pe] round=  5 work=     4096 frontier=     4096 next=     2048 consolidate=  0.780ms frontier=  0.325ms semisort=  0.573ms (keyed= 0.000ms group_by=  0.227ms per_group= 0.128ms)
[pe] round=  6 work=     2048 frontier=     2048 next=     1024 consolidate=  0.356ms frontier=  0.250ms semisort=  0.259ms (keyed= 0.000ms group_by=  0.089ms per_group= 0.089ms)
[pe] round=  7 work=     1024 frontier=     1024 next=      512 consolidate=  0.163ms frontier=  0.083ms semisort=  0.128ms (keyed= 0.000ms group_by=  0.056ms per_group= 0.029ms)
[pe] round=  8 work=      512 frontier=      512 next=      256 consolidate=  0.093ms frontier=  0.040ms semisort=  0.068ms (keyed= 0.000ms group_by=  0.027ms per_group= 0.021ms)
[pe] round=  9 work=      256 frontier=      256 next=      128 consolidate=  0.078ms frontier=  0.013ms semisort=  0.035ms (keyed= 0.000ms group_by=  0.014ms per_group= 0.011ms)
[pe] round= 10 work=      128 frontier=      128 next=       64 consolidate=  0.025ms frontier=  0.009ms semisort=  0.020ms (keyed= 0.000ms group_by=  0.008ms per_group= 0.006ms)
[pe] round= 11 work=       64 frontier=       64 next=       32 consolidate=  0.022ms frontier=  0.004ms semisort=  0.012ms (keyed= 0.000ms group_by=  0.005ms per_group= 0.003ms)
[pe] round= 12 work=       32 frontier=       32 next=       16 consolidate=  0.009ms frontier=  0.002ms semisort=  0.007ms (keyed= 0.000ms group_by=  0.003ms per_group= 0.002ms)
[pe] round= 13 work=       16 frontier=       16 next=        8 consolidate=  0.005ms frontier=  0.002ms semisort=  0.005ms (keyed= 0.000ms group_by=  0.003ms per_group= 0.001ms)
[pe] round= 14 work=        8 frontier=        8 next=        4 consolidate=  0.003ms frontier=  0.001ms semisort=  0.004ms (keyed= 0.000ms group_by=  0.002ms per_group= 0.001ms)
[pe] round= 15 work=        4 frontier=        4 next=        2 consolidate=  0.002ms frontier=  0.001ms semisort=  0.003ms (keyed= 0.000ms group_by=  0.002ms per_group= 0.001ms)
[pe] round= 16 work=        2 frontier=        0 next=        0 consolidate=  0.002ms frontier=  0.001ms semisort=  0.000ms (break)
[pe] round=  0 work=      330 frontier=   108900 next=    54450 consolidate=  0.109ms frontier=  0.129ms semisort=  7.707ms (keyed= 0.000ms group_by=  3.978ms per_group= 2.050ms)
[pe] round=  1 work=    54450 frontier=    54450 next=    21682 consolidate=  6.314ms frontier=  1.299ms semisort=  4.476ms (keyed= 0.000ms group_by=  2.104ms per_group= 1.148ms)
[pe] round=  2 work=    21682 frontier=    21682 next=    16384 consolidate=  2.669ms frontier=  0.856ms semisort=  2.240ms (keyed= 0.000ms group_by=  0.841ms per_group= 0.581ms)
[pe] round=  3 work=    16384 frontier=    16384 next=     8192 consolidate=  2.383ms frontier=  0.600ms semisort=  1.383ms (keyed= 0.000ms group_by=  0.632ms per_group= 0.331ms)
[pe] round=  4 work=     8192 frontier=     8192 next=     4096 consolidate=  1.316ms frontier=  0.403ms semisort=  0.780ms (keyed= 0.000ms group_by=  0.321ms per_group= 0.191ms)
[pe] round=  5 work=     4096 frontier=     4096 next=     2048 consolidate=  0.670ms frontier=  0.269ms semisort=  0.625ms (keyed= 0.000ms group_by=  0.262ms per_group= 0.193ms)
[pe] round=  6 work=     2048 frontier=     2048 next=     1024 consolidate=  0.355ms frontier=  0.189ms semisort=  0.268ms (keyed= 0.000ms group_by=  0.146ms per_group= 0.057ms)
[pe] round=  7 work=     1024 frontier=     1024 next=      512 consolidate=  0.187ms frontier=  0.084ms semisort=  0.143ms (keyed= 0.000ms group_by=  0.055ms per_group= 0.031ms)
[pe] round=  8 work=      512 frontier=      512 next=      256 consolidate=  0.095ms frontier=  0.039ms semisort=  0.072ms (keyed= 0.000ms group_by=  0.028ms per_group= 0.020ms)
[pe] round=  9 work=      256 frontier=      256 next=      128 consolidate=  0.062ms frontier=  0.048ms semisort=  0.035ms (keyed= 0.000ms group_by=  0.014ms per_group= 0.011ms)
[pe] round= 10 work=      128 frontier=      128 next=       64 consolidate=  0.028ms frontier=  0.009ms semisort=  0.019ms (keyed= 0.000ms group_by=  0.008ms per_group= 0.006ms)
[pe] round= 11 work=       64 frontier=       64 next=       32 consolidate=  0.025ms frontier=  0.004ms semisort=  0.011ms (keyed= 0.000ms group_by=  0.005ms per_group= 0.003ms)
[pe] round= 12 work=       32 frontier=       32 next=       16 consolidate=  0.011ms frontier=  0.002ms semisort=  0.007ms (keyed= 0.000ms group_by=  0.003ms per_group= 0.002ms)
[pe] round= 13 work=       16 frontier=       16 next=        8 consolidate=  0.006ms frontier=  0.002ms semisort=  0.005ms (keyed= 0.000ms group_by=  0.002ms per_group= 0.001ms)
[pe] round= 14 work=        8 frontier=        8 next=        4 consolidate=  0.003ms frontier=  0.001ms semisort=  0.004ms (keyed= 0.000ms group_by=  0.002ms per_group= 0.001ms)
[pe] round= 15 work=        4 frontier=        4 next=        2 consolidate=  0.002ms frontier=  0.001ms semisort=  0.003ms (keyed= 0.000ms group_by=  0.002ms per_group= 0.001ms)
[pe] round= 16 work=        2 frontier=        0 next=        0 consolidate=  0.001ms frontier=  0.001ms semisort=  0.000ms (break)
[pe] round=  0 work=      330 frontier=   108900 next=    54450 consolidate=  0.090ms frontier=  0.194ms semisort=  7.441ms (keyed= 0.000ms group_by=  3.871ms per_group= 2.070ms)
[pe] round=  1 work=    54450 frontier=    54450 next=    21682 consolidate=  6.473ms frontier=  1.568ms semisort=  4.502ms (keyed= 0.000ms group_by=  2.081ms per_group= 1.052ms)
[pe] round=  2 work=    21682 frontier=    21682 next=    16384 consolidate=  2.690ms frontier=  0.743ms semisort=  2.238ms (keyed= 0.000ms group_by=  0.859ms per_group= 0.664ms)
[pe] round=  3 work=    16384 frontier=    16384 next=     8192 consolidate=  2.575ms frontier=  0.586ms semisort=  1.443ms (keyed= 0.000ms group_by=  0.543ms per_group= 0.350ms)
[pe] round=  4 work=     8192 frontier=     8192 next=     4096 consolidate=  1.345ms frontier=  0.379ms semisort=  0.789ms (keyed= 0.000ms group_by=  0.318ms per_group= 0.204ms)
[pe] round=  5 work=     4096 frontier=     4096 next=     2048 consolidate=  0.684ms frontier=  0.310ms semisort=  0.449ms (keyed= 0.000ms group_by=  0.161ms per_group= 0.127ms)
[pe] round=  6 work=     2048 frontier=     2048 next=     1024 consolidate=  0.376ms frontier=  0.127ms semisort=  0.307ms (keyed= 0.000ms group_by=  0.082ms per_group= 0.127ms)
[pe] round=  7 work=     1024 frontier=     1024 next=      512 consolidate=  0.189ms frontier=  0.202ms semisort=  0.139ms (keyed= 0.000ms group_by=  0.056ms per_group= 0.034ms)
[pe] round=  8 work=      512 frontier=      512 next=      256 consolidate=  0.091ms frontier=  0.039ms semisort=  0.068ms (keyed= 0.000ms group_by=  0.030ms per_group= 0.020ms)
[pe] round=  9 work=      256 frontier=      256 next=      128 consolidate=  0.115ms frontier=  0.021ms semisort=  0.035ms (keyed= 0.000ms group_by=  0.015ms per_group= 0.010ms)
[pe] round= 10 work=      128 frontier=      128 next=       64 consolidate=  0.044ms frontier=  0.006ms semisort=  0.020ms (keyed= 0.000ms group_by=  0.008ms per_group= 0.006ms)
[pe] round= 11 work=       64 frontier=       64 next=       32 consolidate=  0.023ms frontier=  0.004ms semisort=  0.011ms (keyed= 0.000ms group_by=  0.005ms per_group= 0.003ms)
[pe] round= 12 work=       32 frontier=       32 next=       16 consolidate=  0.011ms frontier=  0.002ms semisort=  0.007ms (keyed= 0.000ms group_by=  0.003ms per_group= 0.002ms)
[pe] round= 13 work=       16 frontier=       16 next=        8 consolidate=  0.006ms frontier=  0.002ms semisort=  0.005ms (keyed= 0.000ms group_by=  0.002ms per_group= 0.001ms)
[pe] round= 14 work=        8 frontier=        8 next=        4 consolidate=  0.004ms frontier=  0.001ms semisort=  0.004ms (keyed= 0.000ms group_by=  0.002ms per_group= 0.001ms)
[pe] round= 15 work=        4 frontier=        4 next=        2 consolidate=  0.002ms frontier=  0.001ms semisort=  0.003ms (keyed= 0.000ms group_by=  0.002ms per_group= 0.000ms)
[pe] round= 16 work=        2 frontier=        0 next=        0 consolidate=  0.001ms frontier=  0.001ms semisort=  0.000ms (break)
[pe] round=  0 work=      330 frontier=   108900 next=    54450 consolidate=  0.087ms frontier=  0.194ms semisort=  7.388ms (keyed= 0.000ms group_by=  3.960ms per_group= 1.928ms)
[pe] round=  1 work=    54450 frontier=    54450 next=    21682 consolidate=  6.429ms frontier=  1.239ms semisort=  4.383ms (keyed= 0.000ms group_by=  2.037ms per_group= 1.080ms)
[pe] round=  2 work=    21682 frontier=    21682 next=    16384 consolidate=  2.874ms frontier=  0.742ms semisort=  2.253ms (keyed= 0.000ms group_by=  0.873ms per_group= 0.733ms)
[pe] round=  3 work=    16384 frontier=    16384 next=     8192 consolidate=  2.407ms frontier=  0.657ms semisort=  1.463ms (keyed= 0.000ms group_by=  0.578ms per_group= 0.369ms)
[pe] round=  4 work=     8192 frontier=     8192 next=     4096 consolidate=  1.318ms frontier=  0.432ms semisort=  0.788ms (keyed= 0.000ms group_by=  0.314ms per_group= 0.217ms)
[pe] round=  5 work=     4096 frontier=     4096 next=     2048 consolidate=  0.674ms frontier=  0.245ms semisort=  0.451ms (keyed= 0.000ms group_by=  0.159ms per_group= 0.129ms)
[pe] round=  6 work=     2048 frontier=     2048 next=     1024 consolidate=  0.336ms frontier=  0.184ms semisort=  0.381ms (keyed= 0.000ms group_by=  0.085ms per_group= 0.149ms)
[pe] round=  7 work=     1024 frontier=     1024 next=      512 consolidate=  0.194ms frontier=  0.083ms semisort=  0.206ms (keyed= 0.000ms group_by=  0.054ms per_group= 0.095ms)
[pe] round=  8 work=      512 frontier=      512 next=      256 consolidate=  0.125ms frontier=  0.036ms semisort=  0.078ms (keyed= 0.000ms group_by=  0.028ms per_group= 0.025ms)
[pe] round=  9 work=      256 frontier=      256 next=      128 consolidate=  0.075ms frontier=  0.014ms semisort=  0.035ms (keyed= 0.000ms group_by=  0.014ms per_group= 0.011ms)
[pe] round= 10 work=      128 frontier=      128 next=       64 consolidate=  0.023ms frontier=  0.009ms semisort=  0.019ms (keyed= 0.000ms group_by=  0.008ms per_group= 0.006ms)
[pe] round= 11 work=       64 frontier=       64 next=       32 consolidate=  0.024ms frontier=  0.004ms semisort=  0.011ms (keyed= 0.000ms group_by=  0.005ms per_group= 0.003ms)
[pe] round= 12 work=       32 frontier=       32 next=       16 consolidate=  0.012ms frontier=  0.002ms semisort=  0.008ms (keyed= 0.000ms group_by=  0.003ms per_group= 0.002ms)
[pe] round= 13 work=       16 frontier=       16 next=        8 consolidate=  0.006ms frontier=  0.002ms semisort=  0.005ms (keyed= 0.000ms group_by=  0.002ms per_group= 0.001ms)
[pe] round= 14 work=        8 frontier=        8 next=        4 consolidate=  0.004ms frontier=  0.001ms semisort=  0.003ms (keyed= 0.000ms group_by=  0.002ms per_group= 0.001ms)
[pe] round= 15 work=        4 frontier=        4 next=        2 consolidate=  0.002ms frontier=  0.001ms semisort=  0.003ms (keyed= 0.000ms group_by=  0.002ms per_group= 0.000ms)
[pe] round= 16 work=        2 frontier=        0 next=        0 consolidate=  0.001ms frontier=  0.001ms semisort=  0.000ms (break)
[pe] round=  0 work=      330 frontier=   108900 next=    54450 consolidate=  0.080ms frontier=  0.216ms semisort=  7.405ms (keyed= 0.000ms group_by=  3.867ms per_group= 2.020ms)
[pe] round=  1 work=    54450 frontier=    54450 next=    21682 consolidate=  6.313ms frontier=  1.348ms semisort=  4.547ms (keyed= 0.000ms group_by=  2.171ms per_group= 1.041ms)
[pe] round=  2 work=    21682 frontier=    21682 next=    16384 consolidate=  2.690ms frontier=  0.721ms semisort=  2.148ms (keyed= 0.000ms group_by=  0.790ms per_group= 0.604ms)
[pe] round=  3 work=    16384 frontier=    16384 next=     8192 consolidate=  2.418ms frontier=  0.652ms semisort=  1.373ms (keyed= 0.000ms group_by=  0.578ms per_group= 0.355ms)
[pe] round=  4 work=     8192 frontier=     8192 next=     4096 consolidate=  1.553ms frontier=  0.339ms semisort=  0.791ms (keyed= 0.000ms group_by=  0.314ms per_group= 0.210ms)
[pe] round=  5 work=     4096 frontier=     4096 next=     2048 consolidate=  0.713ms frontier=  0.266ms semisort=  0.503ms (keyed= 0.000ms group_by=  0.225ms per_group= 0.121ms)
[pe] round=  6 work=     2048 frontier=     2048 next=     1024 consolidate=  0.333ms frontier=  0.255ms semisort=  0.252ms (keyed= 0.000ms group_by=  0.087ms per_group= 0.090ms)
[pe] round=  7 work=     1024 frontier=     1024 next=      512 consolidate=  0.255ms frontier=  0.084ms semisort=  0.203ms (keyed= 0.000ms group_by=  0.055ms per_group= 0.092ms)
[pe] round=  8 work=      512 frontier=      512 next=      256 consolidate=  0.094ms frontier=  0.039ms semisort=  0.080ms (keyed= 0.000ms group_by=  0.031ms per_group= 0.024ms)
[pe] round=  9 work=      256 frontier=      256 next=      128 consolidate=  0.073ms frontier=  0.014ms semisort=  0.035ms (keyed= 0.000ms group_by=  0.014ms per_group= 0.011ms)
[pe] round= 10 work=      128 frontier=      128 next=       64 consolidate=  0.026ms frontier=  0.009ms semisort=  0.019ms (keyed= 0.000ms group_by=  0.009ms per_group= 0.006ms)
[pe] round= 11 work=       64 frontier=       64 next=       32 consolidate=  0.023ms frontier=  0.004ms semisort=  0.011ms (keyed= 0.000ms group_by=  0.005ms per_group= 0.003ms)
[pe] round= 12 work=       32 frontier=       32 next=       16 consolidate=  0.011ms frontier=  0.002ms semisort=  0.007ms (keyed= 0.000ms group_by=  0.003ms per_group= 0.002ms)
[pe] round= 13 work=       16 frontier=       16 next=        8 consolidate=  0.006ms frontier=  0.002ms semisort=  0.005ms (keyed= 0.000ms group_by=  0.002ms per_group= 0.001ms)
[pe] round= 14 work=        8 frontier=        8 next=        4 consolidate=  0.003ms frontier=  0.001ms semisort=  0.004ms (keyed= 0.000ms group_by=  0.002ms per_group= 0.001ms)
[pe] round= 15 work=        4 frontier=        4 next=        2 consolidate=  0.002ms frontier=  0.001ms semisort=  0.003ms (keyed= 0.000ms group_by=  0.002ms per_group= 0.000ms)
[pe] round= 16 work=        2 frontier=        0 next=        0 consolidate=  0.001ms frontier=  0.001ms semisort=  0.000ms (break)
[pe] round=  0 work=      330 frontier=   108900 next=    54450 consolidate=  0.075ms frontier=  0.133ms semisort=  7.569ms (keyed= 0.000ms group_by=  4.015ms per_group= 1.985ms)
[pe] round=  1 work=    54450 frontier=    54450 next=    21682 consolidate=  6.234ms frontier=  1.460ms semisort=  4.352ms (keyed= 0.000ms group_by=  1.997ms per_group= 0.991ms)
[pe] round=  2 work=    21682 frontier=    21682 next=    16384 consolidate=  2.758ms frontier=  0.779ms semisort=  2.098ms (keyed= 0.000ms group_by=  0.860ms per_group= 0.663ms)
[pe] round=  3 work=    16384 frontier=    16384 next=     8192 consolidate=  2.493ms frontier=  0.673ms semisort=  1.398ms (keyed= 0.000ms group_by=  0.521ms per_group= 0.332ms)
[pe] round=  4 work=     8192 frontier=     8192 next=     4096 consolidate=  1.265ms frontier=  0.384ms semisort=  0.923ms (keyed= 0.000ms group_by=  0.440ms per_group= 0.215ms)
[pe] round=  5 work=     4096 frontier=     4096 next=     2048 consolidate=  0.768ms frontier=  0.274ms semisort=  0.458ms (keyed= 0.000ms group_by=  0.163ms per_group= 0.131ms)
[pe] round=  6 work=     2048 frontier=     2048 next=     1024 consolidate=  0.369ms frontier=  0.188ms semisort=  0.369ms (keyed= 0.000ms group_by=  0.144ms per_group= 0.060ms)
[pe] round=  7 work=     1024 frontier=     1024 next=      512 consolidate=  0.190ms frontier=  0.136ms semisort=  0.152ms (keyed= 0.000ms group_by=  0.061ms per_group= 0.033ms)
[pe] round=  8 work=      512 frontier=      512 next=      256 consolidate=  0.093ms frontier=  0.039ms semisort=  0.069ms (keyed= 0.000ms group_by=  0.028ms per_group= 0.020ms)
[pe] round=  9 work=      256 frontier=      256 next=      128 consolidate=  0.079ms frontier=  0.013ms semisort=  0.035ms (keyed= 0.000ms group_by=  0.015ms per_group= 0.010ms)
[pe] round= 10 work=      128 frontier=      128 next=       64 consolidate=  0.024ms frontier=  0.009ms semisort=  0.019ms (keyed= 0.000ms group_by=  0.008ms per_group= 0.006ms)
[pe] round= 11 work=       64 frontier=       64 next=       32 consolidate=  0.025ms frontier=  0.004ms semisort=  0.012ms (keyed= 0.000ms group_by=  0.005ms per_group= 0.003ms)
[pe] round= 12 work=       32 frontier=       32 next=       16 consolidate=  0.011ms frontier=  0.002ms semisort=  0.007ms (keyed= 0.000ms group_by=  0.003ms per_group= 0.002ms)
[pe] round= 13 work=       16 frontier=       16 next=        8 consolidate=  0.006ms frontier=  0.002ms semisort=  0.005ms (keyed= 0.000ms group_by=  0.002ms per_group= 0.001ms)
[pe] round= 14 work=        8 frontier=        8 next=        4 consolidate=  0.003ms frontier=  0.001ms semisort=  0.003ms (keyed= 0.000ms group_by=  0.002ms per_group= 0.001ms)
[pe] round= 15 work=        4 frontier=        4 next=        2 consolidate=  0.002ms frontier=  0.001ms semisort=  0.003ms (keyed= 0.000ms group_by=  0.002ms per_group= 0.000ms)
[pe] round= 16 work=        2 frontier=        0 next=        0 consolidate=  0.001ms frontier=  0.001ms semisort=  0.000ms (break)
